04/05/2022 16:10:39 PM - INFO - average delay [0]
04/05/2022 16:10:39 PM - INFO - average delay [0]
04/05/2022 16:10:39 PM - INFO - average delay [0.0]
04/05/2022 16:10:39 PM - INFO - average delay [17.0]
04/05/2022 16:10:39 PM - INFO - nowTs is [273], lastTs is [0]
04/05/2022 16:10:39 PM - INFO - [in this interval] loss-ratio is [0.0]
04/05/2022 16:10:39 PM - INFO - [in this interval] group num is [1]
04/05/2022 16:10:39 PM - INFO - [in this interval] delay-rate is [3.0] mbps
04/05/2022 16:10:39 PM - INFO - average delay [86.0]
04/05/2022 16:10:39 PM - INFO - average delay [151.25]
04/05/2022 16:10:39 PM - INFO - average delay [203.39999999999998]
04/05/2022 16:10:39 PM - INFO - average delay [251.0]
04/05/2022 16:10:39 PM - INFO - nowTs is [505], lastTs is [273]
04/05/2022 16:10:39 PM - INFO - [in this interval] loss-ratio is [0.0]
04/05/2022 16:10:39 PM - INFO - [in this interval] group num is [1]
04/05/2022 16:10:39 PM - INFO - [in this interval] delayDelta from group is [[207]]
04/05/2022 16:10:39 PM - INFO - [in this interval] delay-rate is [3.0] mbps
04/05/2022 16:10:39 PM - INFO - average delay [285.6]
04/05/2022 16:10:39 PM - INFO - average delay [351.0]
04/05/2022 16:10:39 PM - INFO - average delay [412.5]
04/05/2022 16:10:39 PM - INFO - average delay [468.5]
04/05/2022 16:10:39 PM - INFO - nowTs is [758], lastTs is [505]
04/05/2022 16:10:39 PM - INFO - [in this interval] loss-ratio is [0.0]
04/05/2022 16:10:39 PM - INFO - [in this interval] group num is [1]
04/05/2022 16:10:39 PM - INFO - [in this interval] delay-rate is [3.0] mbps
04/05/2022 16:10:39 PM - INFO - average delay [530.6666666666666]
04/05/2022 16:10:39 PM - INFO - average delay [591.75]
04/05/2022 16:10:39 PM - INFO - average delay [643.75]
04/05/2022 16:10:39 PM - INFO - average delay [691.0]
04/05/2022 16:10:39 PM - INFO - nowTs is [1012], lastTs is [758]
04/05/2022 16:10:39 PM - INFO - [in this interval] loss-ratio is [0.0]
04/05/2022 16:10:39 PM - INFO - [in this interval] group num is [1]
04/05/2022 16:10:39 PM - INFO - [in this interval] delayDelta from group is [[234]]
04/05/2022 16:10:39 PM - INFO - [in this interval] delay-rate is [3.0] mbps
04/05/2022 16:10:39 PM - INFO - average delay [760.0]
04/05/2022 16:10:39 PM - INFO - average delay [820.5]
04/05/2022 16:10:39 PM - INFO - average delay [875.6666666666667]
04/05/2022 16:10:39 PM - INFO - average delay [916.6666666666667]
04/05/2022 16:10:39 PM - INFO - nowTs is [1238], lastTs is [1012]
04/05/2022 16:10:39 PM - INFO - [in this interval] loss-ratio is [0.0]
04/05/2022 16:10:39 PM - INFO - [in this interval] group num is [1]
04/05/2022 16:10:39 PM - INFO - [in this interval] delay-rate is [3.0] mbps
04/05/2022 16:10:39 PM - INFO - average delay [977.0]
04/05/2022 16:10:39 PM - INFO - average delay [1035.0]
04/05/2022 16:10:39 PM - INFO - average delay [1072.75]
04/05/2022 16:10:39 PM - INFO - average delay [1111.5]
04/05/2022 16:10:39 PM - INFO - nowTs is [1484], lastTs is [1238]
04/05/2022 16:10:39 PM - INFO - [in this interval] loss-ratio is [0.0]
04/05/2022 16:10:39 PM - INFO - [in this interval] group num is [4]
04/05/2022 16:10:39 PM - INFO - [in this interval] delayDelta from group is [[58, 53, 48, -13]]
04/05/2022 16:10:39 PM - INFO - [in this interval] delay-rate is [3.0] mbps
04/05/2022 16:10:39 PM - INFO - average delay [1144.0]
04/05/2022 16:10:39 PM - INFO - average delay [1182.3333333333333]
04/05/2022 16:10:39 PM - INFO - average delay [1226.3333333333333]
04/05/2022 16:10:39 PM - INFO - average delay [1261.6666666666667]
04/05/2022 16:10:39 PM - INFO - nowTs is [1719], lastTs is [1484]
04/05/2022 16:10:39 PM - INFO - [in this interval] loss-ratio is [0.0]
04/05/2022 16:10:39 PM - INFO - [in this interval] group num is [3]
04/05/2022 16:10:39 PM - INFO - [in this interval] delayDelta from group is [[79, 14]]
04/05/2022 16:10:39 PM - INFO - [in this interval] delay-rate is [3.0] mbps
04/05/2022 16:10:39 PM - INFO - average delay [1302.0]
04/05/2022 16:10:39 PM - INFO - average delay [1361.0]
04/05/2022 16:10:39 PM - INFO - average delay [1386.6666666666667]
04/05/2022 16:10:39 PM - INFO - average delay [1426.0]
04/05/2022 16:10:39 PM - INFO - nowTs is [1949], lastTs is [1719]
04/05/2022 16:10:39 PM - INFO - [in this interval] loss-ratio is [0.0]
04/05/2022 16:10:39 PM - INFO - [in this interval] group num is [3]
04/05/2022 16:10:39 PM - INFO - [in this interval] delayDelta from group is [[88, 9]]
04/05/2022 16:10:39 PM - INFO - [in this interval] delay-rate is [3.0] mbps
04/05/2022 16:10:39 PM - INFO - average delay [1466.6666666666667]
04/05/2022 16:10:39 PM - INFO - average delay [1530.0]
04/05/2022 16:10:39 PM - INFO - average delay [1594.5]
04/05/2022 16:10:39 PM - INFO - average delay [1626.0]
04/05/2022 16:10:39 PM - INFO - nowTs is [2194], lastTs is [1949]
04/05/2022 16:10:39 PM - INFO - [in this interval] loss-ratio is [0.0]
04/05/2022 16:10:39 PM - INFO - [in this interval] group num is [1]
04/05/2022 16:10:39 PM - INFO - [in this interval] delay-rate is [3.0] mbps
04/05/2022 16:10:39 PM - INFO - average delay [1697.5]
04/05/2022 16:10:39 PM - INFO - average delay [1758.0]
04/05/2022 16:10:39 PM - INFO - average delay [1795.3333333333333]
04/05/2022 16:10:39 PM - INFO - average delay [1843.75]
04/05/2022 16:10:39 PM - INFO - nowTs is [2449], lastTs is [2194]
04/05/2022 16:10:39 PM - INFO - [in this interval] loss-ratio is [0.5416666666666666]
04/05/2022 16:10:39 PM - INFO - [in this interval] group num is [4]
04/05/2022 16:10:39 PM - INFO - [in this interval] delayDelta from group is [[38, 129, 10, -17]]
04/05/2022 16:10:39 PM - INFO - [in this interval] delay-rate is [3.0] mbps
04/05/2022 16:10:39 PM - INFO - average delay [1879.75]
04/05/2022 16:10:39 PM - INFO - average delay [1846.6666666666667]
04/05/2022 16:10:39 PM - INFO - average delay [1825.3333333333333]
04/05/2022 16:10:39 PM - INFO - average delay [1822.6666666666667]
04/05/2022 16:10:39 PM - INFO - nowTs is [2690], lastTs is [2449]
04/05/2022 16:10:39 PM - INFO - [in this interval] loss-ratio is [0.8529411764705882]
04/05/2022 16:10:39 PM - INFO - [in this interval] group num is [9]
04/05/2022 16:10:39 PM - INFO - [in this interval] delayDelta from group is [[-17, -12, -7, -9, 19, -4, 17, 1]]
04/05/2022 16:10:39 PM - INFO - sample List of accDelay : [[106.35699999999997, 150.92129999999997, 195.82916999999998, 234.94625299999998, 278.0516277, 318.24646493, 363.221818437, 404.59963659330003, 445.63967293397, 495.475705640573, 541.3281350765157, 580.895321568864, 614.8057894119776, 644.1252104707797, 669.8126894237018, 692.0314204813316, 713.9282784331984, 733.2354505898785, 752.3119055308906, 769.5807149778016]]
04/05/2022 16:10:39 PM - INFO - sample List of time: [[965, 1028, 1111, 1194, 1293, 1402, 1519, 1642, 1921, 1959, 2123, 2158, 2194, 2212, 2230, 2258, 2284, 2338, 2364, 2391]]
04/05/2022 16:10:39 PM - INFO - update trend: [0.4245665878357741]
04/05/2022 16:10:39 PM - INFO - estimateQueueDelayDuration [37.36185972954812] = queueDelayDelta [1.6982663513430964] * numCount[22]
04/05/2022 16:10:39 PM - INFO - [in this interval] signal is [Signal.NORMAL]
04/05/2022 16:10:39 PM - INFO - [in this interval] adaptiveThresholdGamma is [12.5]
04/05/2022 16:10:39 PM - INFO - [in this interval] state is [State.INCREASE]
04/05/2022 16:10:39 PM - INFO - [in this interval] now real rate is [0.5015806451612903]mbps
04/05/2022 16:10:39 PM - INFO - [in this interval] now real rtt is [4100]
04/05/2022 16:10:39 PM - INFO - [in this interval] aimd control rate is [3.001] mbps
04/05/2022 16:10:39 PM - INFO - [in this interval] delay-rate is [3.001] mbps
04/05/2022 16:10:39 PM - INFO - average delay [1843.6666666666667]
04/05/2022 16:10:39 PM - INFO - average delay [1853.6666666666665]
04/05/2022 16:10:39 PM - INFO - average delay [1857.75]
04/05/2022 16:10:39 PM - INFO - average delay [1849.0]
04/05/2022 16:10:39 PM - INFO - nowTs is [2908], lastTs is [2690]
04/05/2022 16:10:39 PM - INFO - [in this interval] loss-ratio is [0.835820895522388]
04/05/2022 16:10:39 PM - INFO - [in this interval] group num is [9]
04/05/2022 16:10:39 PM - INFO - [in this interval] delayDelta from group is [[-1, -10, 9, -6, -11, -16, 9, -6]]
04/05/2022 16:10:39 PM - INFO - sample List of accDelay : [[445.63967293397, 495.475705640573, 541.3281350765157, 580.895321568864, 614.8057894119776, 644.1252104707797, 669.8126894237018, 692.0314204813316, 713.9282784331984, 733.2354505898785, 752.3119055308906, 769.5807149778016, 785.0226434800214, 797.9203791320193, 810.4283412188173, 821.0855070969355, 829.576956387242, 835.6192607485178, 841.9573346736661, 847.0616012062994]]
04/05/2022 16:10:39 PM - INFO - sample List of time: [[1921, 1959, 2123, 2158, 2194, 2212, 2230, 2258, 2284, 2338, 2364, 2391, 2462, 2501, 2521, 2540, 2559, 2578, 2597, 2616]]
04/05/2022 16:10:39 PM - INFO - update trend: [0.5777136555379537]
04/05/2022 16:10:39 PM - INFO - estimateQueueDelayDuration [69.32563866455445] = queueDelayDelta [2.310854622151815] * numCount[30]
04/05/2022 16:10:39 PM - INFO - [in this interval] signal is [Signal.OVER_USE]
04/05/2022 16:10:39 PM - INFO - [in this interval] adaptiveThresholdGamma is [12.5]
04/05/2022 16:10:39 PM - INFO - [in this interval] state is [State.DECREASE]
04/05/2022 16:10:39 PM - INFO - [in this interval] now real rate is [0.5482343434343435]mbps
04/05/2022 16:10:39 PM - INFO - [in this interval] now real rtt is [4066]
04/05/2022 16:10:39 PM - INFO - [in this interval] aimd control rate is [0.4659991919191919] mbps
04/05/2022 16:10:39 PM - INFO - [in this interval] delay-rate is [0.4659991919191919] mbps
04/05/2022 16:10:39 PM - INFO - average delay [1837.0]
04/05/2022 16:10:39 PM - INFO - average delay [1830.5]
04/05/2022 16:10:39 PM - INFO - average delay [1853.0]
04/05/2022 16:10:39 PM - INFO - average delay [1865.5]
04/05/2022 16:10:39 PM - INFO - nowTs is [3149], lastTs is [2908]
04/05/2022 16:10:39 PM - INFO - [in this interval] loss-ratio is [0.8518518518518519]
04/05/2022 16:10:39 PM - INFO - [in this interval] group num is [6]
04/05/2022 16:10:39 PM - INFO - [in this interval] delayDelta from group is [[-5, 20, 10, 20, -4]]
04/05/2022 16:10:39 PM - INFO - sample List of accDelay : [[644.1252104707797, 669.8126894237018, 692.0314204813316, 713.9282784331984, 733.2354505898785, 752.3119055308906, 769.5807149778016, 785.0226434800214, 797.9203791320193, 810.4283412188173, 821.0855070969355, 829.576956387242, 835.6192607485178, 841.9573346736661, 847.0616012062994, 851.1554410856695, 856.8398969771025, 862.9559072793922, 870.460316551453, 876.8142848963078]]
04/05/2022 16:10:39 PM - INFO - sample List of time: [[2212, 2230, 2258, 2284, 2338, 2364, 2391, 2462, 2501, 2521, 2540, 2559, 2578, 2597, 2616, 2665, 2695, 2725, 2755, 2815]]
04/05/2022 16:10:39 PM - INFO - update trend: [0.3753316424579699]
04/05/2022 16:10:39 PM - INFO - estimateQueueDelayDuration [52.546429944115786] = queueDelayDelta [1.5013265698318796] * numCount[35]
04/05/2022 16:10:39 PM - INFO - [in this interval] signal is [Signal.NORMAL]
04/05/2022 16:10:39 PM - INFO - [in this interval] adaptiveThresholdGamma is [12.5]
04/05/2022 16:10:39 PM - INFO - [in this interval] state is [State.INCREASE]
04/05/2022 16:10:39 PM - INFO - [in this interval] now real rate is [0.4896164948453608]mbps
04/05/2022 16:10:39 PM - INFO - [in this interval] now real rtt is [4148]
04/05/2022 16:10:39 PM - INFO - [in this interval] aimd control rate is [0.46865755203003034] mbps
04/05/2022 16:10:39 PM - INFO - [in this interval] delay-rate is [0.46865755203003034] mbps
04/05/2022 16:10:39 PM - INFO - average delay [1861.0]
04/05/2022 16:10:39 PM - INFO - average delay [1886.5]
04/05/2022 16:10:39 PM - INFO - average delay [1904.0]
04/05/2022 16:10:39 PM - INFO - average delay [1920.5]
04/05/2022 16:10:39 PM - INFO - nowTs is [3410], lastTs is [3149]
04/05/2022 16:10:39 PM - INFO - [in this interval] loss-ratio is [0.8088235294117647]
04/05/2022 16:10:39 PM - INFO - [in this interval] group num is [9]
04/05/2022 16:10:39 PM - INFO - [in this interval] delayDelta from group is [[21, 6, 33, -9, -22, -4, -9, -22]]
04/05/2022 16:10:39 PM - INFO - sample List of accDelay : [[797.9203791320193, 810.4283412188173, 821.0855070969355, 829.576956387242, 835.6192607485178, 841.9573346736661, 847.0616012062994, 851.1554410856695, 856.8398969771025, 862.9559072793922, 870.460316551453, 876.8142848963078, 884.632856406677, 892.2695707660093, 902.4426136894084, 910.6983523204676, 915.9285170884208, 920.2356653795787, 923.2120988416208, 923.6908889574587]]
04/05/2022 16:10:39 PM - INFO - sample List of time: [[2501, 2521, 2540, 2559, 2578, 2597, 2616, 2665, 2695, 2725, 2755, 2815, 2908, 2939, 2970, 3033, 3059, 3072, 3098, 3124]]
04/05/2022 16:10:39 PM - INFO - update trend: [0.17863836772841604]
04/05/2022 16:10:39 PM - INFO - estimateQueueDelayDuration [30.725799249287558] = queueDelayDelta [0.7145534709136642] * numCount[43]
04/05/2022 16:10:39 PM - INFO - [in this interval] signal is [Signal.NORMAL]
04/05/2022 16:10:39 PM - INFO - [in this interval] adaptiveThresholdGamma is [12.5]
04/05/2022 16:10:39 PM - INFO - [in this interval] state is [State.INCREASE]
04/05/2022 16:10:39 PM - INFO - [in this interval] now real rate is [0.5030677966101694]mbps
04/05/2022 16:10:39 PM - INFO - [in this interval] now real rtt is [4140]
04/05/2022 16:10:39 PM - INFO - [in this interval] aimd control rate is [0.4715581075161596] mbps
04/05/2022 16:10:39 PM - INFO - [in this interval] delay-rate is [0.4715581075161596] mbps
04/05/2022 16:10:39 PM - INFO - average delay [1886.0]
04/05/2022 16:10:39 PM - INFO - average delay [1853.75]
04/05/2022 16:10:39 PM - INFO - average delay [1815.75]
04/05/2022 16:10:39 PM - INFO - average delay [1823.5]
04/05/2022 16:10:39 PM - INFO - nowTs is [3635], lastTs is [3410]
04/05/2022 16:10:39 PM - INFO - [in this interval] loss-ratio is [0.8428571428571429]
04/05/2022 16:10:39 PM - INFO - [in this interval] group num is [10]
04/05/2022 16:10:39 PM - INFO - [in this interval] delayDelta from group is [[-17, -22, -14, -12, -22, 23, 9, 3, 24]]
04/05/2022 16:10:39 PM - INFO - sample List of accDelay : [[862.9559072793922, 870.460316551453, 876.8142848963078, 884.632856406677, 892.2695707660093, 902.4426136894084, 910.6983523204676, 915.9285170884208, 920.2356653795787, 923.2120988416208, 923.6908889574587, 922.4218000617128, 919.0796200555416, 914.6716580499874, 909.5044922449887, 902.6540430204899, 898.7886387184409, 896.2097748465968, 894.1887973619372, 894.7699176257435]]
04/05/2022 16:10:39 PM - INFO - sample List of time: [[2725, 2755, 2815, 2908, 2939, 2970, 3033, 3059, 3072, 3098, 3124, 3150, 3163, 3176, 3202, 3215, 3228, 3261, 3295, 3328]]
04/05/2022 16:10:39 PM - INFO - update trend: [0.06096463499964096]
04/05/2022 16:10:39 PM - INFO - estimateQueueDelayDuration [12.680644079925319] = queueDelayDelta [0.24385853999856383] * numCount[52]
04/05/2022 16:10:39 PM - INFO - [in this interval] signal is [Signal.NORMAL]
04/05/2022 16:10:39 PM - INFO - [in this interval] adaptiveThresholdGamma is [12.680644079925319]
04/05/2022 16:10:39 PM - INFO - [in this interval] state is [State.INCREASE]
04/05/2022 16:10:39 PM - INFO - [in this interval] now real rate is [0.5816460905349794]mbps
04/05/2022 16:10:39 PM - INFO - [in this interval] now real rtt is [4110]
04/05/2022 16:10:39 PM - INFO - [in this interval] aimd control rate is [0.47474103140101725] mbps
04/05/2022 16:10:39 PM - INFO - [in this interval] delay-rate is [0.47474103140101725] mbps
04/05/2022 16:10:39 PM - INFO - average delay [1843.0]
04/05/2022 16:10:39 PM - INFO - average delay [1847.0]
04/05/2022 16:10:39 PM - INFO - average delay [1819.25]
04/05/2022 16:10:39 PM - INFO - average delay [1772.25]
04/05/2022 16:10:39 PM - INFO - nowTs is [3887], lastTs is [3635]
04/05/2022 16:10:39 PM - INFO - [in this interval] loss-ratio is [0.8818181818181818]
04/05/2022 16:10:39 PM - INFO - [in this interval] group num is [13]
04/05/2022 16:10:39 PM - INFO - [in this interval] delayDelta from group is [[-32, 7, -8, -19, -13, -18, -18, -13, -17, -19, -13, -18]]
04/05/2022 16:10:39 PM - INFO - sample List of accDelay : [[919.0796200555416, 914.6716580499874, 909.5044922449887, 902.6540430204899, 898.7886387184409, 896.2097748465968, 894.1887973619372, 894.7699176257435, 892.0929258631691, 890.3836332768522, 888.0452699491669, 884.0407429542502, 879.1366686588252, 872.9230017929426, 865.5307016136484, 857.5776314522835, 848.7198683070552, 838.8478814763497, 828.6630933287147, 817.6967839958432]]
04/05/2022 16:10:39 PM - INFO - sample List of time: [[3163, 3176, 3202, 3215, 3228, 3261, 3295, 3328, 3395, 3428, 3445, 3462, 3478, 3495, 3512, 3529, 3546, 3564, 3580, 3597]]
04/05/2022 16:10:39 PM - INFO - update trend: [-0.17448679541411122]
04/05/2022 16:10:39 PM - INFO - estimateQueueDelayDuration [-41.87683089938669] = queueDelayDelta [-0.6979471816564449] * numCount[64]
04/05/2022 16:10:39 PM - INFO - [in this interval] signal is [Signal.UNDER_USE]
04/05/2022 16:10:39 PM - INFO - [in this interval] adaptiveThresholdGamma is [12.680644079925319]
04/05/2022 16:10:39 PM - INFO - [in this interval] state is [State.HOLD]
04/05/2022 16:10:39 PM - INFO - [in this interval] now real rate is [0.5999020408163266]mbps
04/05/2022 16:10:39 PM - INFO - [in this interval] now real rtt is [3764]
04/05/2022 16:10:39 PM - INFO - [in this interval] aimd control rate is [0.47474103140101725] mbps
04/05/2022 16:10:39 PM - INFO - [in this interval] delay-rate is [0.47474103140101725] mbps
04/05/2022 16:10:39 PM - INFO - average delay [1706.75]
04/05/2022 16:10:39 PM - INFO - average delay [1638.0]
04/05/2022 16:10:39 PM - INFO - average delay [1602.25]
04/05/2022 16:10:39 PM - INFO - average delay [1599.0]
04/05/2022 16:10:39 PM - INFO - nowTs is [4124], lastTs is [3887]
04/05/2022 16:10:39 PM - INFO - [in this interval] loss-ratio is [0.8444444444444444]
04/05/2022 16:10:39 PM - INFO - [in this interval] group num is [13]
04/05/2022 16:10:39 PM - INFO - [in this interval] delayDelta from group is [[-13, -19, -23, -9, 6, -8, 6, -8, 6, -4, -2, -11]]
04/05/2022 16:10:39 PM - INFO - sample List of accDelay : [[879.1366686588252, 872.9230017929426, 865.5307016136484, 857.5776314522835, 848.7198683070552, 838.8478814763497, 828.6630933287147, 817.6967839958432, 806.5271055962589, 794.574395036633, 781.5169555329696, 768.8652599796727, 758.0787339817055, 747.5708605835349, 738.7137745251814, 729.9423970726633, 722.6481573653971, 715.6833416288573, 709.2150074659717, 702.2935067193745]]
04/05/2022 16:10:39 PM - INFO - sample List of time: [[3478, 3495, 3512, 3529, 3546, 3564, 3580, 3597, 3630, 3647, 3663, 3680, 3696, 3712, 3729, 3745, 3762, 3778, 3794, 3827]]
04/05/2022 16:10:39 PM - INFO - update trend: [-0.55546952145777]
04/05/2022 16:10:39 PM - INFO - estimateQueueDelayDuration [-133.3126851498648] = queueDelayDelta [-2.22187808583108] * numCount[76]
04/05/2022 16:10:39 PM - INFO - [in this interval] signal is [Signal.UNDER_USE]
04/05/2022 16:10:39 PM - INFO - [in this interval] adaptiveThresholdGamma is [12.680644079925319]
04/05/2022 16:10:39 PM - INFO - [in this interval] state is [State.HOLD]
04/05/2022 16:10:39 PM - INFO - [in this interval] now real rate is [0.6473783231083845]mbps
04/05/2022 16:10:39 PM - INFO - [in this interval] now real rtt is [3568]
04/05/2022 16:10:39 PM - INFO - [in this interval] aimd control rate is [0.47474103140101725] mbps
04/05/2022 16:10:39 PM - INFO - [in this interval] delay-rate is [0.47474103140101725] mbps
04/05/2022 16:10:39 PM - INFO - average delay [1588.75]
04/05/2022 16:10:39 PM - INFO - average delay [1598.3333333333333]
04/05/2022 16:10:39 PM - INFO - average delay [1585.6666666666667]
04/05/2022 16:10:39 PM - INFO - average delay [1586.0]
04/05/2022 16:10:39 PM - INFO - nowTs is [4360], lastTs is [4124]
04/05/2022 16:10:39 PM - INFO - [in this interval] loss-ratio is [0.8936170212765957]
04/05/2022 16:10:39 PM - INFO - [in this interval] group num is [10]
04/05/2022 16:10:39 PM - INFO - [in this interval] delayDelta from group is [[-7, -12, -10, 13, -2, -1, -7, 0, 4]]
04/05/2022 16:10:39 PM - INFO - sample List of accDelay : [[794.574395036633, 781.5169555329696, 768.8652599796727, 758.0787339817055, 747.5708605835349, 738.7137745251814, 729.9423970726633, 722.6481573653971, 715.6833416288573, 709.2150074659717, 702.2935067193745, 695.364156047437, 687.9277404426933, 680.234966398424, 674.6114697585816, 669.3503227827234, 664.5152905044512, 659.4637614540061, 654.9173853086055, 651.2256467777449]]
04/05/2022 16:10:39 PM - INFO - sample List of time: [[3647, 3663, 3680, 3696, 3712, 3729, 3745, 3762, 3778, 3794, 3827, 3874, 3897, 3920, 3945, 3968, 3991, 4015, 4038, 4063]]
04/05/2022 16:10:39 PM - INFO - update trend: [-0.3162097841006356]
04/05/2022 16:10:39 PM - INFO - estimateQueueDelayDuration [-75.89034818415254] = queueDelayDelta [-1.2648391364025424] * numCount[85]
04/05/2022 16:10:39 PM - INFO - [in this interval] signal is [Signal.UNDER_USE]
04/05/2022 16:10:39 PM - INFO - [in this interval] adaptiveThresholdGamma is [12.680644079925319]
04/05/2022 16:10:39 PM - INFO - [in this interval] state is [State.HOLD]
04/05/2022 16:10:39 PM - INFO - [in this interval] now real rate is [0.6001306122448979]mbps
04/05/2022 16:10:39 PM - INFO - [in this interval] now real rtt is [3570]
04/05/2022 16:10:39 PM - INFO - [in this interval] aimd control rate is [0.47474103140101725] mbps
04/05/2022 16:10:39 PM - INFO - [in this interval] delay-rate is [0.47474103140101725] mbps
04/05/2022 16:10:39 PM - INFO - average delay [1582.3333333333333]
04/05/2022 16:10:39 PM - INFO - average delay [1599.6666666666667]
04/05/2022 16:10:39 PM - INFO - average delay [1609.0]
04/05/2022 16:10:39 PM - INFO - average delay [1621.6666666666667]
04/05/2022 16:10:39 PM - INFO - nowTs is [4600], lastTs is [4360]
04/05/2022 16:10:39 PM - INFO - [in this interval] loss-ratio is [0.9065420560747663]
04/05/2022 16:10:39 PM - INFO - [in this interval] group num is [9]
04/05/2022 16:10:39 PM - INFO - [in this interval] delayDelta from group is [[5, 4, 5, 5, 13, 2, 3, -7]]
04/05/2022 16:10:39 PM - INFO - sample List of accDelay : [[715.6833416288573, 709.2150074659717, 702.2935067193745, 695.364156047437, 687.9277404426933, 680.234966398424, 674.6114697585816, 669.3503227827234, 664.5152905044512, 659.4637614540061, 654.9173853086055, 651.2256467777449, 648.4030820999704, 646.2627738899735, 644.8364965009762, 644.0528468508785, 644.6475621657906, 645.3828059492116, 646.3445253542905, 646.5100728188614]]
04/05/2022 16:10:39 PM - INFO - sample List of time: [[3778, 3794, 3827, 3874, 3897, 3920, 3945, 3968, 3991, 4015, 4038, 4063, 4112, 4137, 4161, 4186, 4211, 4259, 4281, 4304]]
04/05/2022 16:10:39 PM - INFO - update trend: [-0.1356664960633457]
04/05/2022 16:10:39 PM - INFO - estimateQueueDelayDuration [-32.55995905520297] = queueDelayDelta [-0.5426659842533827] * numCount[93]
04/05/2022 16:10:39 PM - INFO - [in this interval] signal is [Signal.UNDER_USE]
04/05/2022 16:10:39 PM - INFO - [in this interval] adaptiveThresholdGamma is [12.680644079925319]
04/05/2022 16:10:39 PM - INFO - [in this interval] state is [State.HOLD]
04/05/2022 16:10:39 PM - INFO - [in this interval] now real rate is [0.497936]mbps
04/05/2022 16:10:39 PM - INFO - [in this interval] now real rtt is [3650]
04/05/2022 16:10:39 PM - INFO - [in this interval] aimd control rate is [0.47474103140101725] mbps
04/05/2022 16:10:39 PM - INFO - [in this interval] delay-rate is [0.47474103140101725] mbps
04/05/2022 16:10:39 PM - INFO - average delay [1628.6666666666667]
04/05/2022 16:10:39 PM - INFO - average delay [1609.6666666666667]
04/05/2022 16:10:39 PM - INFO - average delay [1595.0]
04/05/2022 16:10:39 PM - INFO - average delay [1587.5]
04/05/2022 16:10:39 PM - INFO - nowTs is [4845], lastTs is [4600]
04/05/2022 16:10:39 PM - INFO - [in this interval] loss-ratio is [0.9285714285714286]
04/05/2022 16:10:39 PM - INFO - [in this interval] group num is [9]
04/05/2022 16:10:39 PM - INFO - [in this interval] delayDelta from group is [[-7, -11, -2, -11, 7, -13, 12, 2]]
04/05/2022 16:10:39 PM - INFO - sample List of accDelay : [[664.5152905044512, 659.4637614540061, 654.9173853086055, 651.2256467777449, 648.4030820999704, 646.2627738899735, 644.8364965009762, 644.0528468508785, 644.6475621657906, 645.3828059492116, 646.3445253542905, 646.5100728188614, 645.9590655369753, 644.3631589832778, 642.72684308495, 640.154158776455, 638.5387428988095, 635.7848686089286, 634.5063817480357, 633.5557435732321]]
04/05/2022 16:10:39 PM - INFO - sample List of time: [[3991, 4015, 4038, 4063, 4112, 4137, 4161, 4186, 4211, 4259, 4281, 4304, 4350, 4373, 4397, 4420, 4444, 4476, 4508, 4540]]
04/05/2022 16:10:39 PM - INFO - update trend: [-0.040463525807387254]
04/05/2022 16:10:39 PM - INFO - estimateQueueDelayDuration [-9.711246193772942] = queueDelayDelta [-0.16185410322954902] * numCount[101]
04/05/2022 16:10:39 PM - INFO - [in this interval] signal is [Signal.NORMAL]
04/05/2022 16:10:39 PM - INFO - [in this interval] adaptiveThresholdGamma is [12.627194917974576]
04/05/2022 16:10:39 PM - INFO - [in this interval] state is [State.INCREASE]
04/05/2022 16:10:39 PM - INFO - [in this interval] now real rate is [0.4668701030927835]mbps
04/05/2022 16:10:39 PM - INFO - [in this interval] now real rtt is [3590]
04/05/2022 16:10:39 PM - INFO - [in this interval] aimd control rate is [0.47863823928074334] mbps
04/05/2022 16:10:39 PM - INFO - [in this interval] delay-rate is [0.47863823928074334] mbps
04/05/2022 16:10:39 PM - INFO - average delay [1594.0]
04/05/2022 16:10:39 PM - INFO - average delay [1598.5]
04/05/2022 16:10:39 PM - INFO - average delay [1596.3333333333333]
04/05/2022 16:10:39 PM - INFO - average delay [1614.6666666666667]
04/05/2022 16:10:39 PM - INFO - nowTs is [5087], lastTs is [4845]
04/05/2022 16:10:39 PM - INFO - [in this interval] loss-ratio is [0.891566265060241]
04/05/2022 16:10:39 PM - INFO - [in this interval] group num is [9]
04/05/2022 16:10:39 PM - INFO - [in this interval] delayDelta from group is [[3, -11, 11, 14, 16, 7, 14, 16]]
04/05/2022 16:10:39 PM - INFO - sample List of accDelay : [[644.6475621657906, 645.3828059492116, 646.3445253542905, 646.5100728188614, 645.9590655369753, 644.3631589832778, 642.72684308495, 640.154158776455, 638.5387428988095, 635.7848686089286, 634.5063817480357, 633.5557435732321, 633.0001692159088, 631.4001522943179, 631.060137064886, 632.1541233583973, 634.7387110225576, 637.7648399203018, 641.8883559282716, 647.1995203354445]]
04/05/2022 16:10:39 PM - INFO - sample List of time: [[4211, 4259, 4281, 4304, 4350, 4373, 4397, 4420, 4444, 4476, 4508, 4540, 4604, 4637, 4661, 4687, 4711, 4737, 4764, 4788]]
04/05/2022 16:10:39 PM - INFO - update trend: [-0.017339917853813218]
04/05/2022 16:10:39 PM - INFO - estimateQueueDelayDuration [-4.161580284915172] = queueDelayDelta [-0.06935967141525287] * numCount[109]
04/05/2022 16:10:39 PM - INFO - [in this interval] signal is [Signal.NORMAL]
04/05/2022 16:10:39 PM - INFO - [in this interval] adaptiveThresholdGamma is [12.474813854579507]
04/05/2022 16:10:39 PM - INFO - [in this interval] state is [State.INCREASE]
04/05/2022 16:10:39 PM - INFO - [in this interval] now real rate is [0.4364188911704312]mbps
04/05/2022 16:10:39 PM - INFO - [in this interval] now real rtt is [3734]
04/05/2022 16:10:39 PM - INFO - [in this interval] aimd control rate is [0.48262689127474956] mbps
04/05/2022 16:10:39 PM - INFO - [in this interval] delay-rate is [0.48262689127474956] mbps
04/05/2022 16:10:39 PM - INFO - average delay [1651.6666666666667]
04/05/2022 16:10:39 PM - INFO - average delay [1681.0]
04/05/2022 16:10:39 PM - INFO - average delay [1704.6666666666667]
04/05/2022 16:10:39 PM - INFO - average delay [1734.6666666666667]
04/05/2022 16:10:39 PM - INFO - nowTs is [5308], lastTs is [5087]
04/05/2022 16:10:39 PM - INFO - [in this interval] loss-ratio is [0.8222222222222222]
04/05/2022 16:10:39 PM - INFO - [in this interval] group num is [8]
04/05/2022 16:10:39 PM - INFO - [in this interval] delayDelta from group is [[16, 18, 11, 18, 14, 13, 5]]
04/05/2022 16:10:39 PM - INFO - sample List of accDelay : [[640.154158776455, 638.5387428988095, 635.7848686089286, 634.5063817480357, 633.5557435732321, 633.0001692159088, 631.4001522943179, 631.060137064886, 632.1541233583973, 634.7387110225576, 637.7648399203018, 641.8883559282716, 647.1995203354445, 653.5795683019, 661.12161147171, 669.009450324539, 677.908505292085, 687.3176547628766, 697.085889286589, 706.3773003579302]]
04/05/2022 16:10:39 PM - INFO - sample List of time: [[4420, 4444, 4476, 4508, 4540, 4604, 4637, 4661, 4687, 4711, 4737, 4764, 4788, 4840, 4866, 4894, 4920, 4948, 4977, 5005]]
04/05/2022 16:10:39 PM - INFO - update trend: [0.106264399840725]
04/05/2022 16:10:39 PM - INFO - estimateQueueDelayDuration [25.503455961774] = queueDelayDelta [0.4250575993629] * numCount[116]
04/05/2022 16:10:39 PM - INFO - [in this interval] signal is [Signal.NORMAL]
04/05/2022 16:10:39 PM - INFO - [in this interval] adaptiveThresholdGamma is [25.503455961774]
04/05/2022 16:10:39 PM - INFO - [in this interval] state is [State.INCREASE]
04/05/2022 16:10:39 PM - INFO - [in this interval] now real rate is [0.4249858585858586]mbps
04/05/2022 16:10:39 PM - INFO - [in this interval] now real rtt is [3936]
04/05/2022 16:10:39 PM - INFO - [in this interval] aimd control rate is [0.48664878203537243] mbps
04/05/2022 16:10:39 PM - INFO - [in this interval] delay-rate is [0.48664878203537243] mbps
04/05/2022 16:10:39 PM - INFO - average delay [1760.3333333333333]
04/05/2022 16:10:39 PM - INFO - average delay [1817.0]
04/05/2022 16:10:39 PM - INFO - average delay [1842.0]
04/05/2022 16:10:39 PM - INFO - average delay [1866.5]
04/05/2022 16:10:39 PM - INFO - nowTs is [5559], lastTs is [5308]
04/05/2022 16:10:39 PM - INFO - [in this interval] loss-ratio is [0.8846153846153846]
04/05/2022 16:10:39 PM - INFO - [in this interval] group num is [5]
04/05/2022 16:10:39 PM - INFO - [in this interval] delayDelta from group is [[50, 9, 10, 8]]
04/05/2022 16:10:39 PM - INFO - sample List of accDelay : [[633.5557435732321, 633.0001692159088, 631.4001522943179, 631.060137064886, 632.1541233583973, 634.7387110225576, 637.7648399203018, 641.8883559282716, 647.1995203354445, 653.5795683019, 661.12161147171, 669.009450324539, 677.908505292085, 687.3176547628766, 697.085889286589, 706.3773003579302, 719.7395703221372, 732.6656132899235, 745.2990519609311, 757.469146764838]]
04/05/2022 16:10:39 PM - INFO - sample List of time: [[4540, 4604, 4637, 4661, 4687, 4711, 4737, 4764, 4788, 4840, 4866, 4894, 4920, 4948, 4977, 5005, 5079, 5159, 5203, 5248]]
04/05/2022 16:10:39 PM - INFO - update trend: [0.19898198238580772]
04/05/2022 16:10:39 PM - INFO - estimateQueueDelayDuration [47.755675772593854] = queueDelayDelta [0.7959279295432309] * numCount[120]
04/05/2022 16:10:39 PM - INFO - [in this interval] signal is [Signal.OVER_USE]
04/05/2022 16:10:39 PM - INFO - [in this interval] adaptiveThresholdGamma is [25.503455961774]
04/05/2022 16:10:39 PM - INFO - [in this interval] state is [State.DECREASE]
04/05/2022 16:10:39 PM - INFO - [in this interval] now real rate is [0.3507309236947791]mbps
04/05/2022 16:10:39 PM - INFO - [in this interval] now real rtt is [4178]
04/05/2022 16:10:39 PM - INFO - [in this interval] aimd control rate is [0.29812128514056224] mbps
04/05/2022 16:10:39 PM - INFO - [in this interval] delay-rate is [0.29812128514056224] mbps
04/05/2022 16:10:39 PM - INFO - average delay [1885.0]
04/05/2022 16:10:39 PM - INFO - average delay [1896.0]
04/05/2022 16:10:39 PM - INFO - average delay [1914.5]
04/05/2022 16:10:39 PM - INFO - average delay [1944.0]
04/05/2022 16:10:39 PM - INFO - nowTs is [5802], lastTs is [5559]
04/05/2022 16:10:39 PM - INFO - [in this interval] loss-ratio is [0.8767123287671232]
04/05/2022 16:10:39 PM - INFO - [in this interval] group num is [7]
04/05/2022 16:10:39 PM - INFO - [in this interval] delayDelta from group is [[7, 23, 23, -2, -2, -3]]
04/05/2022 16:10:39 PM - INFO - sample List of accDelay : [[637.7648399203018, 641.8883559282716, 647.1995203354445, 653.5795683019, 661.12161147171, 669.009450324539, 677.908505292085, 687.3176547628766, 697.085889286589, 706.3773003579302, 719.7395703221372, 732.6656132899235, 745.2990519609311, 757.469146764838, 769.1222320883542, 781.9100088795187, 795.7190079915669, 807.9471071924102, 818.7523964731691, 828.1771568258522]]
04/05/2022 16:10:39 PM - INFO - sample List of time: [[4737, 4764, 4788, 4840, 4866, 4894, 4920, 4948, 4977, 5005, 5079, 5159, 5203, 5248, 5328, 5370, 5408, 5446, 5479, 5512]]
04/05/2022 16:10:39 PM - INFO - update trend: [0.2427194535457624]
04/05/2022 16:10:39 PM - INFO - estimateQueueDelayDuration [58.25266885098298] = queueDelayDelta [0.9708778141830496] * numCount[126]
04/05/2022 16:10:39 PM - INFO - [in this interval] signal is [Signal.OVER_USE]
04/05/2022 16:10:39 PM - INFO - [in this interval] adaptiveThresholdGamma is [25.503455961774]
04/05/2022 16:10:39 PM - INFO - [in this interval] state is [State.DECREASE]
04/05/2022 16:10:39 PM - INFO - [in this interval] now real rate is [0.3560647773279353]mbps
04/05/2022 16:10:39 PM - INFO - [in this interval] now real rtt is [4284]
04/05/2022 16:10:39 PM - INFO - [in this interval] aimd control rate is [0.30265506072874493] mbps
04/05/2022 16:10:39 PM - INFO - [in this interval] delay-rate is [0.30265506072874493] mbps
04/05/2022 16:10:39 PM - INFO - average delay [1940.75]
04/05/2022 16:10:39 PM - INFO - average delay [1940.5]
04/05/2022 16:10:39 PM - INFO - average delay [1916.25]
04/05/2022 16:10:39 PM - INFO - average delay [1885.3333333333335]
04/05/2022 16:10:39 PM - INFO - nowTs is [6048], lastTs is [5802]
04/05/2022 16:10:39 PM - INFO - [in this interval] loss-ratio is [0.7592592592592593]
04/05/2022 16:10:39 PM - INFO - [in this interval] group num is [12]
04/05/2022 16:10:39 PM - INFO - [in this interval] delayDelta from group is [[3, -8, 4, -17, -21, -10, -7, -12, -12, -8, -12]]
04/05/2022 16:10:39 PM - INFO - sample List of accDelay : [[732.6656132899235, 745.2990519609311, 757.469146764838, 769.1222320883542, 781.9100088795187, 795.7190079915669, 807.9471071924102, 818.7523964731691, 828.1771568258522, 836.959441143267, 844.0634970289402, 850.8571473260462, 855.2714325934415, 857.1442893340974, 857.8298604006876, 857.7468743606188, 856.4721869245569, 854.1249682321012, 851.2124714088911, 847.391224268002]]
04/05/2022 16:10:39 PM - INFO - sample List of time: [[5159, 5203, 5248, 5328, 5370, 5408, 5446, 5479, 5512, 5545, 5578, 5595, 5609, 5622, 5636, 5661, 5684, 5707, 5730, 5752]]
04/05/2022 16:10:39 PM - INFO - update trend: [0.2273856486204204]
04/05/2022 16:10:39 PM - INFO - estimateQueueDelayDuration [54.5725556689009] = queueDelayDelta [0.9095425944816816] * numCount[137]
04/05/2022 16:10:39 PM - INFO - [in this interval] signal is [Signal.NORMAL]
04/05/2022 16:10:39 PM - INFO - [in this interval] adaptiveThresholdGamma is [25.503455961774]
04/05/2022 16:10:39 PM - INFO - [in this interval] state is [State.INCREASE]
04/05/2022 16:10:39 PM - INFO - [in this interval] now real rate is [0.47716973415132924]mbps
04/05/2022 16:10:39 PM - INFO - [in this interval] now real rtt is [4086]
04/05/2022 16:10:39 PM - INFO - [in this interval] aimd control rate is [0.3051771862348178] mbps
04/05/2022 16:10:39 PM - INFO - [in this interval] delay-rate is [0.3051771862348178] mbps
04/05/2022 16:10:39 PM - INFO - average delay [1853.6666666666665]
04/05/2022 16:10:39 PM - INFO - average delay [1828.5]
04/05/2022 16:10:39 PM - INFO - average delay [1810.0]
04/05/2022 16:10:39 PM - INFO - average delay [1832.5]
04/05/2022 16:10:39 PM - INFO - nowTs is [6295], lastTs is [6048]
04/05/2022 16:10:39 PM - INFO - [in this interval] loss-ratio is [0.0]
04/05/2022 16:10:39 PM - INFO - [in this interval] group num is [8]
04/05/2022 16:10:39 PM - INFO - [in this interval] delayDelta from group is [[-7, -10, -4, 18, 20, 20, 21]]
04/05/2022 16:10:39 PM - INFO - sample List of accDelay : [[818.7523964731691, 828.1771568258522, 836.959441143267, 844.0634970289402, 850.8571473260462, 855.2714325934415, 857.1442893340974, 857.8298604006876, 857.7468743606188, 856.4721869245569, 854.1249682321012, 851.2124714088911, 847.391224268002, 843.2521018412018, 838.5268916570817, 833.8742024913736, 831.4867822422362, 831.3381040180126, 833.2042936162113, 836.9838642545902]]
04/05/2022 16:10:39 PM - INFO - sample List of time: [[5479, 5512, 5545, 5578, 5595, 5609, 5622, 5636, 5661, 5684, 5707, 5730, 5752, 5799, 5822, 5847, 5883, 5916, 5951, 5986]]
04/05/2022 16:10:39 PM - INFO - update trend: [-0.014189859355537442]
04/05/2022 16:10:39 PM - INFO - estimateQueueDelayDuration [-3.4055662453289863] = queueDelayDelta [-0.05675943742214977] * numCount[144]
04/05/2022 16:10:39 PM - INFO - [in this interval] signal is [Signal.NORMAL]
04/05/2022 16:10:39 PM - INFO - [in this interval] adaptiveThresholdGamma is [25.10569394687799]
04/05/2022 16:10:39 PM - INFO - [in this interval] state is [State.INCREASE]
04/05/2022 16:10:39 PM - INFO - [in this interval] now real rate is [0.5534279918864097]mbps
04/05/2022 16:10:39 PM - INFO - [in this interval] now real rtt is [4180]
04/05/2022 16:10:39 PM - INFO - [in this interval] aimd control rate is [0.3077203294534413] mbps
04/05/2022 16:10:39 PM - INFO - [in this interval] delay-rate is [0.3077203294534413] mbps
04/05/2022 16:10:39 PM - INFO - average delay [1873.25]
04/05/2022 16:10:39 PM - INFO - average delay [1906.3333333333335]
04/05/2022 16:10:39 PM - INFO - average delay [1936.75]
04/05/2022 16:10:39 PM - INFO - average delay [1930.25]
04/05/2022 16:10:39 PM - INFO - nowTs is [6521], lastTs is [6295]
04/05/2022 16:10:39 PM - INFO - [in this interval] loss-ratio is [0.4166666666666667]
04/05/2022 16:10:39 PM - INFO - [in this interval] group num is [12]
04/05/2022 16:10:39 PM - INFO - [in this interval] delayDelta from group is [[20, 19, 7, 1, -8, -13, -5, -11, 5, -10, -21]]
04/05/2022 16:10:39 PM - INFO - sample List of accDelay : [[851.2124714088911, 847.391224268002, 843.2521018412018, 838.5268916570817, 833.8742024913736, 831.4867822422362, 831.3381040180126, 833.2042936162113, 836.9838642545902, 842.3854778291312, 849.1469300462181, 855.9322370415963, 862.1390133374366, 866.925112003693, 869.9326008033237, 872.1393407229913, 873.0254066506922, 874.322865985623, 874.4905793870607, 872.5415214483547]]
04/05/2022 16:10:39 PM - INFO - sample List of time: [[5730, 5752, 5799, 5822, 5847, 5883, 5916, 5951, 5986, 6039, 6074, 6108, 6125, 6141, 6158, 6175, 6190, 6204, 6219, 6234]]
04/05/2022 16:10:39 PM - INFO - update trend: [0.07640343327151312]
04/05/2022 16:10:39 PM - INFO - estimateQueueDelayDuration [18.33682398516315] = queueDelayDelta [0.3056137330860525] * numCount[155]
04/05/2022 16:10:39 PM - INFO - [in this interval] signal is [Signal.NORMAL]
04/05/2022 16:10:39 PM - INFO - [in this interval] adaptiveThresholdGamma is [24.983854287567123]
04/05/2022 16:10:39 PM - INFO - [in this interval] state is [State.INCREASE]
04/05/2022 16:10:39 PM - INFO - [in this interval] now real rate is [0.6170645161290323]mbps
04/05/2022 16:10:39 PM - INFO - [in this interval] now real rtt is [4162]
04/05/2022 16:10:39 PM - INFO - [in this interval] aimd control rate is [0.31028466553222] mbps
04/05/2022 16:10:39 PM - INFO - [in this interval] delay-rate is [0.31028466553222] mbps
04/05/2022 16:10:39 PM - INFO - average delay [1904.0]
04/05/2022 16:10:39 PM - INFO - average delay [1850.0]
04/05/2022 16:10:39 PM - INFO - average delay [1805.0]
04/05/2022 16:10:39 PM - INFO - average delay [1802.75]
04/05/2022 16:10:39 PM - INFO - average delay [1793.3333333333333]
04/05/2022 16:10:39 PM - INFO - nowTs is [6811], lastTs is [6521]
04/05/2022 16:10:39 PM - INFO - [in this interval] loss-ratio is [0.5454545454545454]
04/05/2022 16:10:39 PM - INFO - [in this interval] group num is [13]
04/05/2022 16:10:39 PM - INFO - [in this interval] delayDelta from group is [[-20, 1, -6, -14, -21, 2, 7, -14, -14, 5, 14, -15]]
04/05/2022 16:10:39 PM - INFO - sample List of accDelay : [[862.1390133374366, 866.925112003693, 869.9326008033237, 872.1393407229913, 873.0254066506922, 874.322865985623, 874.4905793870607, 872.5415214483547, 868.7873693035193, 865.5086323731674, 861.9577691358506, 857.3619922222656, 851.125793000039, 845.7132137000351, 841.5418923300316, 836.3877030970284, 830.3489327873256, 825.4140395085931, 822.3726355577338, 818.1353720019605]]
04/05/2022 16:10:39 PM - INFO - sample List of time: [[6125, 6141, 6158, 6175, 6190, 6204, 6219, 6234, 6263, 6278, 6294, 6308, 6324, 6338, 6385, 6402, 6418, 6434, 6469, 6503]]
04/05/2022 16:10:39 PM - INFO - update trend: [-0.15503400992282954]
04/05/2022 16:10:39 PM - INFO - estimateQueueDelayDuration [-37.20816238147909] = queueDelayDelta [-0.6201360396913181] * numCount[167]
04/05/2022 16:10:39 PM - INFO - [in this interval] signal is [Signal.UNDER_USE]
04/05/2022 16:10:39 PM - INFO - [in this interval] adaptiveThresholdGamma is [37.20816238147909]
04/05/2022 16:10:39 PM - INFO - [in this interval] state is [State.HOLD]
04/05/2022 16:10:39 PM - INFO - [in this interval] now real rate is [0.6277354709418839]mbps
04/05/2022 16:10:39 PM - INFO - [in this interval] now real rtt is [3982]
04/05/2022 16:10:39 PM - INFO - [in this interval] aimd control rate is [0.31028466553222] mbps
04/05/2022 16:10:39 PM - INFO - [in this interval] delay-rate is [0.31028466553222] mbps
04/05/2022 16:10:39 PM - INFO - average delay [1798.5]
04/05/2022 16:10:39 PM - INFO - average delay [1805.5]
04/05/2022 16:10:39 PM - INFO - average delay [1788.0]
04/05/2022 16:10:39 PM - INFO - average delay [1758.0]
04/05/2022 16:10:39 PM - INFO - nowTs is [7069], lastTs is [6811]
04/05/2022 16:10:39 PM - INFO - [in this interval] loss-ratio is [0.4166666666666667]
04/05/2022 16:10:39 PM - INFO - [in this interval] group num is [11]
04/05/2022 16:10:39 PM - INFO - [in this interval] delayDelta from group is [[-19, -9, -11, -21, 0, -5, -16, -21, -9, -34]]
04/05/2022 16:10:39 PM - INFO - sample List of accDelay : [[861.9577691358506, 857.3619922222656, 851.125793000039, 845.7132137000351, 841.5418923300316, 836.3877030970284, 830.3489327873256, 825.4140395085931, 822.3726355577338, 818.1353720019605, 812.4218348017645, 806.379651321588, 799.8416861894292, 791.8575175704863, 784.6717658134377, 777.7045892320939, 769.8341303088845, 760.650717277996, 751.4856455501964, 739.8370809951767]]
04/05/2022 16:10:39 PM - INFO - sample List of time: [[6294, 6308, 6324, 6338, 6385, 6402, 6418, 6434, 6469, 6503, 6601, 6632, 6663, 6677, 6691, 6706, 6721, 6735, 6749, 6780]]
04/05/2022 16:10:39 PM - INFO - update trend: [-0.20653332551680142]
04/05/2022 16:10:39 PM - INFO - estimateQueueDelayDuration [-49.56799812403234] = queueDelayDelta [-0.8261333020672057] * numCount[177]
04/05/2022 16:10:39 PM - INFO - [in this interval] signal is [Signal.UNDER_USE]
04/05/2022 16:10:39 PM - INFO - [in this interval] adaptiveThresholdGamma is [49.56799812403234]
04/05/2022 16:10:39 PM - INFO - [in this interval] state is [State.HOLD]
04/05/2022 16:10:39 PM - INFO - [in this interval] now real rate is [0.5762131147540983]mbps
04/05/2022 16:10:39 PM - INFO - [in this interval] now real rtt is [3748]
04/05/2022 16:10:39 PM - INFO - [in this interval] aimd control rate is [0.31028466553222] mbps
04/05/2022 16:10:39 PM - INFO - [in this interval] delay-rate is [0.31028466553222] mbps
04/05/2022 16:10:39 PM - INFO - average delay [1699.25]
04/05/2022 16:10:39 PM - INFO - average delay [1624.6666666666667]
04/05/2022 16:10:39 PM - INFO - average delay [1559.6666666666667]
04/05/2022 16:10:39 PM - INFO - average delay [1499.3333333333333]
04/05/2022 16:10:39 PM - INFO - nowTs is [7299], lastTs is [7069]
04/05/2022 16:10:39 PM - INFO - [in this interval] loss-ratio is [0.6944444444444444]
04/05/2022 16:10:39 PM - INFO - [in this interval] group num is [11]
04/05/2022 16:10:39 PM - INFO - [in this interval] delayDelta from group is [[-19, -35, -17, -22, -11, -42, 8, -27, -12, -13]]
04/05/2022 16:10:39 PM - INFO - sample List of accDelay : [[812.4218348017645, 806.379651321588, 799.8416861894292, 791.8575175704863, 784.6717658134377, 777.7045892320939, 769.8341303088845, 760.650717277996, 751.4856455501964, 739.8370809951767, 727.4533728956591, 712.8080356060932, 697.9272320454838, 682.3345088409355, 667.2010579568421, 649.3809521611579, 634.142856945042, 617.7285712505378, 601.755714125484, 586.0801427129356]]
04/05/2022 16:10:39 PM - INFO - sample List of time: [[6601, 6632, 6663, 6677, 6691, 6706, 6721, 6735, 6749, 6780, 6811, 6827, 6842, 6865, 6888, 6912, 6935, 6958, 6981, 7004]]
04/05/2022 16:10:39 PM - INFO - update trend: [-0.5926442616480042]
04/05/2022 16:10:39 PM - INFO - estimateQueueDelayDuration [-142.234622795521] = queueDelayDelta [-2.370577046592017] * numCount[187]
04/05/2022 16:10:39 PM - INFO - [in this interval] signal is [Signal.UNDER_USE]
04/05/2022 16:10:39 PM - INFO - [in this interval] adaptiveThresholdGamma is [49.56799812403234]
04/05/2022 16:10:39 PM - INFO - [in this interval] state is [State.HOLD]
04/05/2022 16:10:39 PM - INFO - [in this interval] now real rate is [0.5782950819672132]mbps
04/05/2022 16:10:39 PM - INFO - [in this interval] now real rtt is [3318]
04/05/2022 16:10:39 PM - INFO - [in this interval] aimd control rate is [0.31028466553222] mbps
04/05/2022 16:10:39 PM - INFO - [in this interval] delay-rate is [0.31028466553222] mbps
04/05/2022 16:10:39 PM - INFO - average delay [1471.6666666666667]
04/05/2022 16:10:39 PM - INFO - average delay [1488.5]
04/05/2022 16:10:39 PM - INFO - average delay [1526.0]
04/05/2022 16:10:39 PM - INFO - average delay [1564.0]
04/05/2022 16:10:39 PM - INFO - nowTs is [7549], lastTs is [7299]
04/05/2022 16:10:39 PM - INFO - [in this interval] loss-ratio is [0.375]
04/05/2022 16:10:39 PM - INFO - [in this interval] group num is [7]
04/05/2022 16:10:39 PM - INFO - [in this interval] delayDelta from group is [[8, 59, 12, 12, 4, -1]]
04/05/2022 16:10:39 PM - INFO - sample List of accDelay : [[769.8341303088845, 760.650717277996, 751.4856455501964, 739.8370809951767, 727.4533728956591, 712.8080356060932, 697.9272320454838, 682.3345088409355, 667.2010579568421, 649.3809521611579, 634.142856945042, 617.7285712505378, 601.755714125484, 586.0801427129356, 572.772128441642, 566.6949155974778, 562.4254240377301, 559.7828816339571, 557.8045934705614, 555.9241341235053]]
04/05/2022 16:10:39 PM - INFO - sample List of time: [[6721, 6735, 6749, 6780, 6811, 6827, 6842, 6865, 6888, 6912, 6935, 6958, 6981, 7004, 7077, 7105, 7184, 7211, 7238, 7257]]
04/05/2022 16:10:39 PM - INFO - update trend: [-0.423048119466839]
04/05/2022 16:10:39 PM - INFO - estimateQueueDelayDuration [-101.53154867204137] = queueDelayDelta [-1.692192477867356] * numCount[193]
04/05/2022 16:10:39 PM - INFO - [in this interval] signal is [Signal.UNDER_USE]
04/05/2022 16:10:39 PM - INFO - [in this interval] adaptiveThresholdGamma is [49.56799812403234]
04/05/2022 16:10:39 PM - INFO - [in this interval] state is [State.HOLD]
04/05/2022 16:10:39 PM - INFO - [in this interval] now real rate is [0.5009677419354838]mbps
04/05/2022 16:10:39 PM - INFO - [in this interval] now real rtt is [3588]
04/05/2022 16:10:39 PM - INFO - [in this interval] aimd control rate is [0.31028466553222] mbps
04/05/2022 16:10:39 PM - INFO - [in this interval] delay-rate is [0.31028466553222] mbps
04/05/2022 16:10:39 PM - INFO - average delay [1593.3333333333333]
04/05/2022 16:10:39 PM - INFO - average delay [1576.0]
04/05/2022 16:10:39 PM - INFO - average delay [1548.0]
04/05/2022 16:10:39 PM - INFO - average delay [1529.6666666666667]
04/05/2022 16:10:39 PM - INFO - nowTs is [7780], lastTs is [7549]
04/05/2022 16:10:39 PM - INFO - [in this interval] loss-ratio is [0.5714285714285714]
04/05/2022 16:10:39 PM - INFO - [in this interval] group num is [10]
04/05/2022 16:10:39 PM - INFO - [in this interval] delayDelta from group is [[-26, -2, -6, -16, -6, -5, -15, -3, -5]]
04/05/2022 16:10:39 PM - INFO - sample List of accDelay : [[649.3809521611579, 634.142856945042, 617.7285712505378, 601.755714125484, 586.0801427129356, 572.772128441642, 566.6949155974778, 562.4254240377301, 559.7828816339571, 557.8045934705614, 555.9241341235053, 551.6317207111547, 547.5685486400392, 543.3116937760353, 537.8805243984318, 532.3924719585887, 526.9532247627297, 520.5579022864567, 514.502112057811, 508.5519008520299]]
04/05/2022 16:10:39 PM - INFO - sample List of time: [[6912, 6935, 6958, 6981, 7004, 7077, 7105, 7184, 7211, 7238, 7257, 7296, 7315, 7333, 7352, 7371, 7410, 7430, 7450, 7487]]
04/05/2022 16:10:39 PM - INFO - update trend: [-0.2003042989764753]
04/05/2022 16:10:39 PM - INFO - estimateQueueDelayDuration [-48.073031754354076] = queueDelayDelta [-0.8012171959059012] * numCount[202]
04/05/2022 16:10:39 PM - INFO - [in this interval] signal is [Signal.NORMAL]
04/05/2022 16:10:39 PM - INFO - [in this interval] adaptiveThresholdGamma is [49.54108872937813]
04/05/2022 16:10:39 PM - INFO - [in this interval] state is [State.INCREASE]
04/05/2022 16:10:39 PM - INFO - [in this interval] now real rate is [0.5124490644490644]mbps
04/05/2022 16:10:39 PM - INFO - [in this interval] now real rtt is [3420]
04/05/2022 16:10:39 PM - INFO - [in this interval] aimd control rate is [0.31287037107832183] mbps
04/05/2022 16:10:39 PM - INFO - [in this interval] delay-rate is [0.31287037107832183] mbps
04/05/2022 16:10:39 PM - INFO - average delay [1510.75]
04/05/2022 16:10:39 PM - INFO - average delay [1487.6666666666667]
04/05/2022 16:10:39 PM - INFO - average delay [1502.75]
04/05/2022 16:10:39 PM - INFO - average delay [1511.3333333333333]
04/05/2022 16:10:39 PM - INFO - nowTs is [8012], lastTs is [7780]
04/05/2022 16:10:39 PM - INFO - [in this interval] loss-ratio is [0.0]
04/05/2022 16:10:39 PM - INFO - [in this interval] group num is [4]
04/05/2022 16:10:39 PM - INFO - [in this interval] delayDelta from group is [[12, 0, 86]]
04/05/2022 16:10:39 PM - INFO - sample List of accDelay : [[601.755714125484, 586.0801427129356, 572.772128441642, 566.6949155974778, 562.4254240377301, 559.7828816339571, 557.8045934705614, 555.9241341235053, 551.6317207111547, 547.5685486400392, 543.3116937760353, 537.8805243984318, 532.3924719585887, 526.9532247627297, 520.5579022864567, 514.502112057811, 508.5519008520299, 504.3967107668269, 500.65703969014425, 505.89133572112985]]
04/05/2022 16:10:39 PM - INFO - sample List of time: [[6981, 7004, 7077, 7105, 7184, 7211, 7238, 7257, 7296, 7315, 7333, 7352, 7371, 7410, 7430, 7450, 7487, 7526, 7583, 7603]]
04/05/2022 16:10:39 PM - INFO - update trend: [-0.15516847809616827]
04/05/2022 16:10:39 PM - INFO - estimateQueueDelayDuration [-37.240434743080385] = queueDelayDelta [-0.6206739123846731] * numCount[205]
04/05/2022 16:10:39 PM - INFO - [in this interval] signal is [Signal.NORMAL]
04/05/2022 16:10:39 PM - INFO - [in this interval] adaptiveThresholdGamma is [49.31967695762477]
04/05/2022 16:10:39 PM - INFO - [in this interval] state is [State.INCREASE]
04/05/2022 16:10:39 PM - INFO - [in this interval] now real rate is [0.5347551867219916]mbps
04/05/2022 16:10:39 PM - INFO - [in this interval] now real rtt is [3584]
04/05/2022 16:10:39 PM - INFO - [in this interval] aimd control rate is [0.3154776241706412] mbps
04/05/2022 16:10:39 PM - INFO - [in this interval] delay-rate is [0.3154776241706412] mbps
04/05/2022 16:10:39 PM - INFO - average delay [1578.0]
04/05/2022 16:10:39 PM - INFO - average delay [1633.0]
04/05/2022 16:10:39 PM - INFO - average delay [1667.5]
04/05/2022 16:10:39 PM - INFO - average delay [1693.6666666666667]
04/05/2022 16:10:39 PM - INFO - nowTs is [8255], lastTs is [8012]
04/05/2022 16:10:39 PM - INFO - [in this interval] loss-ratio is [0.5555555555555556]
04/05/2022 16:10:39 PM - INFO - [in this interval] group num is [7]
04/05/2022 16:10:39 PM - INFO - [in this interval] delayDelta from group is [[24, 18, 32, 19, -2, 13]]
04/05/2022 16:10:39 PM - INFO - sample List of accDelay : [[557.8045934705614, 555.9241341235053, 551.6317207111547, 547.5685486400392, 543.3116937760353, 537.8805243984318, 532.3924719585887, 526.9532247627297, 520.5579022864567, 514.502112057811, 508.5519008520299, 504.3967107668269, 500.65703969014425, 505.89133572112985, 513.0022021490169, 521.2019819341151, 531.7817837407035, 543.2036053666332, 553.2832448299698, 563.6549203469729]]
04/05/2022 16:10:39 PM - INFO - sample List of time: [[7238, 7257, 7296, 7315, 7333, 7352, 7371, 7410, 7430, 7450, 7487, 7526, 7583, 7603, 7773, 7807, 7840, 7897, 7926, 7954]]
04/05/2022 16:10:39 PM - INFO - update trend: [-0.005726694430818979]
04/05/2022 16:10:39 PM - INFO - estimateQueueDelayDuration [-1.3744066633965548] = queueDelayDelta [-0.022906777723275915] * numCount[211]
04/05/2022 16:10:39 PM - INFO - [in this interval] signal is [Signal.NORMAL]
04/05/2022 16:10:39 PM - INFO - [in this interval] adaptiveThresholdGamma is [48.45666209232866]
04/05/2022 16:10:39 PM - INFO - [in this interval] state is [State.INCREASE]
04/05/2022 16:10:39 PM - INFO - [in this interval] now real rate is [0.4255353535353535]mbps
04/05/2022 16:10:39 PM - INFO - [in this interval] now real rtt is [3850]
04/05/2022 16:10:39 PM - INFO - [in this interval] aimd control rate is [0.3181066043720632] mbps
04/05/2022 16:10:39 PM - INFO - [in this interval] delay-rate is [0.3181066043720632] mbps
04/05/2022 16:10:39 PM - INFO - average delay [1717.0]
04/05/2022 16:10:39 PM - INFO - average delay [1745.0]
04/05/2022 16:10:39 PM - INFO - average delay [1781.5]
04/05/2022 16:10:39 PM - INFO - average delay [1803.5]
04/05/2022 16:10:39 PM - INFO - nowTs is [8502], lastTs is [8255]
04/05/2022 16:10:39 PM - INFO - [in this interval] loss-ratio is [0.47058823529411764]
04/05/2022 16:10:39 PM - INFO - [in this interval] group num is [7]
04/05/2022 16:10:39 PM - INFO - [in this interval] delayDelta from group is [[12, 22, 17, 17, 28, -3]]
04/05/2022 16:10:39 PM - INFO - sample List of accDelay : [[532.3924719585887, 526.9532247627297, 520.5579022864567, 514.502112057811, 508.5519008520299, 504.3967107668269, 500.65703969014425, 505.89133572112985, 513.0022021490169, 521.2019819341151, 531.7817837407035, 543.2036053666332, 553.2832448299698, 563.6549203469729, 574.1894283122756, 585.870485481048, 598.0834369329432, 610.7750932396489, 624.997583915684, 637.4978255241156]]
04/05/2022 16:10:39 PM - INFO - sample List of time: [[7371, 7410, 7430, 7450, 7487, 7526, 7583, 7603, 7773, 7807, 7840, 7897, 7926, 7954, 8011, 8043, 8075, 8107, 8139, 8212]]
04/05/2022 16:10:39 PM - INFO - update trend: [0.1326239967017189]
04/05/2022 16:10:39 PM - INFO - estimateQueueDelayDuration [31.829759208412536] = queueDelayDelta [0.5304959868068756] * numCount[217]
04/05/2022 16:10:39 PM - INFO - [in this interval] signal is [Signal.NORMAL]
04/05/2022 16:10:39 PM - INFO - [in this interval] adaptiveThresholdGamma is [48.15737784041817]
04/05/2022 16:10:39 PM - INFO - [in this interval] state is [State.INCREASE]
04/05/2022 16:10:39 PM - INFO - [in this interval] now real rate is [0.3701387755102041]mbps
04/05/2022 16:10:39 PM - INFO - [in this interval] now real rtt is [4064]
04/05/2022 16:10:39 PM - INFO - [in this interval] aimd control rate is [0.32075749274183035] mbps
04/05/2022 16:10:39 PM - INFO - [in this interval] delay-rate is [0.32075749274183035] mbps
04/05/2022 16:10:39 PM - INFO - average delay [1830.3333333333333]
04/05/2022 16:10:39 PM - INFO - average delay [1850.3333333333335]
04/05/2022 16:10:39 PM - INFO - average delay [1870.3333333333335]
04/05/2022 16:10:39 PM - INFO - average delay [1906.0]
04/05/2022 16:10:39 PM - INFO - nowTs is [8750], lastTs is [8502]
04/05/2022 16:10:39 PM - INFO - [in this interval] loss-ratio is [0.0]
04/05/2022 16:10:39 PM - INFO - [in this interval] group num is [7]
04/05/2022 16:10:39 PM - INFO - [in this interval] delayDelta from group is [[26, 33, 12, -8, -21, 8]]
04/05/2022 16:10:39 PM - INFO - sample List of accDelay : [[500.65703969014425, 505.89133572112985, 513.0022021490169, 521.2019819341151, 531.7817837407035, 543.2036053666332, 553.2832448299698, 563.6549203469729, 574.1894283122756, 585.870485481048, 598.0834369329432, 610.7750932396489, 624.997583915684, 637.4978255241156, 651.3480429717041, 667.1132386745337, 682.5019148070804, 695.5517233263723, 705.1965509937352, 714.6768958943617]]
04/05/2022 16:10:39 PM - INFO - sample List of time: [[7583, 7603, 7773, 7807, 7840, 7897, 7926, 7954, 8011, 8043, 8075, 8107, 8139, 8212, 8247, 8313, 8381, 8418, 8445, 8459]]
04/05/2022 16:10:39 PM - INFO - update trend: [0.25968418589619674]
04/05/2022 16:10:39 PM - INFO - estimateQueueDelayDuration [62.32420461508722] = queueDelayDelta [1.038736743584787] * numCount[223]
04/05/2022 16:10:39 PM - INFO - [in this interval] signal is [Signal.NORMAL]
04/05/2022 16:10:39 PM - INFO - [in this interval] adaptiveThresholdGamma is [62.32420461508722]
04/05/2022 16:10:39 PM - INFO - [in this interval] state is [State.INCREASE]
04/05/2022 16:10:39 PM - INFO - [in this interval] now real rate is [0.39541010101010104]mbps
04/05/2022 16:10:39 PM - INFO - [in this interval] now real rtt is [4200]
04/05/2022 16:10:39 PM - INFO - [in this interval] aimd control rate is [0.3234304718480123] mbps
04/05/2022 16:10:39 PM - INFO - [in this interval] delay-rate is [0.3234304718480123] mbps
04/05/2022 16:10:39 PM - INFO - average delay [1903.6666666666665]
04/05/2022 16:10:39 PM - INFO - average delay [1849.75]
04/05/2022 16:10:39 PM - INFO - average delay [1857.0]
04/05/2022 16:10:39 PM - INFO - average delay [1857.25]
04/05/2022 16:10:39 PM - INFO - nowTs is [8983], lastTs is [8750]
04/05/2022 16:10:39 PM - INFO - [in this interval] loss-ratio is [0.575]
04/05/2022 16:10:39 PM - INFO - [in this interval] group num is [14]
04/05/2022 16:10:39 PM - INFO - [in this interval] delayDelta from group is [[-2, -1, 4, 0, 4, -1, 0, -1, -1, 1, 2, 5, 14]]
04/05/2022 16:10:39 PM - INFO - sample List of accDelay : [[637.4978255241156, 651.3480429717041, 667.1132386745337, 682.5019148070804, 695.5517233263723, 705.1965509937352, 714.6768958943617, 723.0092063049254, 730.4082856744328, 737.4674571069896, 743.8207113962907, 749.9386402566616, 755.3447762309954, 760.2102986078959, 764.4892687471063, 768.2403418723957, 771.716307685156, 775.0446769166405, 778.5402092249765, 783.0861883024788]]
04/05/2022 16:10:39 PM - INFO - sample List of time: [[8212, 8247, 8313, 8381, 8418, 8445, 8459, 8486, 8499, 8528, 8542, 8557, 8571, 8585, 8600, 8614, 8628, 8649, 8661, 8686]]
04/05/2022 16:10:39 PM - INFO - update trend: [0.32435659091392455]
04/05/2022 16:10:39 PM - INFO - estimateQueueDelayDuration [77.84558181934189] = queueDelayDelta [1.2974263636556982] * numCount[236]
04/05/2022 16:10:39 PM - INFO - [in this interval] signal is [Signal.OVER_USE]
04/05/2022 16:10:39 PM - INFO - [in this interval] adaptiveThresholdGamma is [62.32420461508722]
04/05/2022 16:10:39 PM - INFO - [in this interval] state is [State.DECREASE]
04/05/2022 16:10:39 PM - INFO - [in this interval] now real rate is [0.517558232931727]mbps
04/05/2022 16:10:39 PM - INFO - [in this interval] now real rtt is [4156]
04/05/2022 16:10:39 PM - INFO - [in this interval] aimd control rate is [0.43992449799196787] mbps
04/05/2022 16:10:39 PM - INFO - [in this interval] delay-rate is [0.43992449799196787] mbps
04/05/2022 16:10:39 PM - INFO - average delay [1864.6]
04/05/2022 16:10:39 PM - INFO - average delay [1873.5]
04/05/2022 16:10:39 PM - INFO - average delay [1875.75]
04/05/2022 16:10:39 PM - INFO - average delay [1810.4]
04/05/2022 16:10:39 PM - INFO - nowTs is [9231], lastTs is [8983]
04/05/2022 16:10:39 PM - INFO - [in this interval] loss-ratio is [0.2916666666666667]
04/05/2022 16:10:39 PM - INFO - [in this interval] group num is [12]
04/05/2022 16:10:39 PM - INFO - [in this interval] delayDelta from group is [[25, -5, -18, -17, -22, -22, -18, -23, -22, 17, -2]]
04/05/2022 16:10:39 PM - INFO - sample List of accDelay : [[749.9386402566616, 755.3447762309954, 760.2102986078959, 764.4892687471063, 768.2403418723957, 771.716307685156, 775.0446769166405, 778.5402092249765, 783.0861883024788, 789.677569472231, 795.1098125250079, 798.1988312725072, 799.2789481452564, 798.0510533307308, 794.7459479976578, 789.9713531978921, 783.3742178781029, 775.2367960902925, 769.6131164812632, 764.3518048331368]]
04/05/2022 16:10:39 PM - INFO - sample List of time: [[8557, 8571, 8585, 8600, 8614, 8628, 8649, 8661, 8686, 8735, 8775, 8820, 8837, 8850, 8863, 8876, 8888, 8900, 8913, 8945]]
04/05/2022 16:10:39 PM - INFO - update trend: [0.06519462834013544]
04/05/2022 16:10:39 PM - INFO - estimateQueueDelayDuration [15.646710801632505] = queueDelayDelta [0.26077851336054175] * numCount[247]
04/05/2022 16:10:39 PM - INFO - [in this interval] signal is [Signal.NORMAL]
04/05/2022 16:10:39 PM - INFO - [in this interval] adaptiveThresholdGamma is [61.48400972644503]
04/05/2022 16:10:39 PM - INFO - [in this interval] state is [State.INCREASE]
04/05/2022 16:10:39 PM - INFO - [in this interval] now real rate is [0.632176352705411]mbps
04/05/2022 16:10:39 PM - INFO - [in this interval] now real rtt is [3922]
04/05/2022 16:10:39 PM - INFO - [in this interval] aimd control rate is [0.44359053547523425] mbps
04/05/2022 16:10:39 PM - INFO - [in this interval] delay-rate is [0.44359053547523425] mbps
04/05/2022 16:10:39 PM - INFO - average delay [1758.0]
04/05/2022 16:10:39 PM - INFO - average delay [1779.25]
04/05/2022 16:10:39 PM - INFO - average delay [1782.5]
04/05/2022 16:10:39 PM - INFO - average delay [1753.0]
04/05/2022 16:10:39 PM - INFO - nowTs is [9463], lastTs is [9231]
04/05/2022 16:10:39 PM - INFO - [in this interval] loss-ratio is [0.125]
04/05/2022 16:10:39 PM - INFO - [in this interval] group num is [13]
04/05/2022 16:10:39 PM - INFO - [in this interval] delayDelta from group is [[5, 6, 1, -16, 3, -17, -16, -13, -20, -19, -15, -19]]
04/05/2022 16:10:39 PM - INFO - sample List of accDelay : [[799.2789481452564, 798.0510533307308, 794.7459479976578, 789.9713531978921, 783.3742178781029, 775.2367960902925, 769.6131164812632, 764.3518048331368, 760.1166243498233, 756.9049619148409, 754.1144657233568, 750.0030191510211, 746.602717235919, 741.8424455123271, 735.9582009610943, 729.362380864985, 721.4261427784865, 712.3835285006378, 702.7451756505741, 692.1706580855166]]
04/05/2022 16:10:39 PM - INFO - sample List of time: [[8837, 8850, 8863, 8876, 8888, 8900, 8913, 8945, 8990, 9005, 9021, 9037, 9056, 9074, 9092, 9111, 9128, 9143, 9159, 9174]]
04/05/2022 16:10:39 PM - INFO - update trend: [-0.27636829231529786]
04/05/2022 16:10:39 PM - INFO - estimateQueueDelayDuration [-66.32839015567149] = queueDelayDelta [-1.1054731692611914] * numCount[259]
04/05/2022 16:10:39 PM - INFO - [in this interval] signal is [Signal.UNDER_USE]
04/05/2022 16:10:39 PM - INFO - [in this interval] adaptiveThresholdGamma is [66.32839015567149]
04/05/2022 16:10:39 PM - INFO - [in this interval] state is [State.HOLD]
04/05/2022 16:10:39 PM - INFO - [in this interval] now real rate is [0.5661626016260162]mbps
04/05/2022 16:10:39 PM - INFO - [in this interval] now real rtt is [3716]
04/05/2022 16:10:39 PM - INFO - [in this interval] aimd control rate is [0.44359053547523425] mbps
04/05/2022 16:10:39 PM - INFO - [in this interval] delay-rate is [0.44359053547523425] mbps
04/05/2022 16:10:39 PM - INFO - average delay [1684.5]
04/05/2022 16:10:39 PM - INFO - average delay [1638.0]
04/05/2022 16:10:39 PM - INFO - average delay [1659.25]
04/05/2022 16:10:39 PM - INFO - average delay [1677.25]
04/05/2022 16:10:39 PM - INFO - nowTs is [9710], lastTs is [9463]
04/05/2022 16:10:39 PM - INFO - [in this interval] loss-ratio is [0.16666666666666666]
04/05/2022 16:10:39 PM - INFO - [in this interval] group num is [14]
04/05/2022 16:10:39 PM - INFO - [in this interval] delayDelta from group is [[-5, 10, 10, 11, 0, 10, 10, 3, -2, -21, -22, -17, -20]]
04/05/2022 16:10:39 PM - INFO - sample List of accDelay : [[741.8424455123271, 735.9582009610943, 729.362380864985, 721.4261427784865, 712.3835285006378, 702.7451756505741, 692.1706580855166, 682.1535922769649, 674.1382330492684, 667.9244097443416, 663.4319687699074, 659.3887718929166, 656.7498947036249, 655.3749052332624, 654.4374147099362, 653.3936732389426, 650.3543059150483, 645.4188753235435, 639.2769877911892, 631.7492890120702]]
04/05/2022 16:10:39 PM - INFO - sample List of time: [[9074, 9092, 9111, 9128, 9143, 9159, 9174, 9205, 9230, 9250, 9270, 9296, 9316, 9336, 9356, 9369, 9382, 9396, 9409, 9422]]
04/05/2022 16:10:39 PM - INFO - update trend: [-0.2890300515582986]
04/05/2022 16:10:39 PM - INFO - estimateQueueDelayDuration [-69.36721237399166] = queueDelayDelta [-1.1561202062331943] * numCount[272]
04/05/2022 16:10:39 PM - INFO - [in this interval] signal is [Signal.UNDER_USE]
04/05/2022 16:10:39 PM - INFO - [in this interval] adaptiveThresholdGamma is [69.36721237399166]
04/05/2022 16:10:39 PM - INFO - [in this interval] state is [State.HOLD]
04/05/2022 16:10:39 PM - INFO - [in this interval] now real rate is [0.5545365853658536]mbps
04/05/2022 16:10:39 PM - INFO - [in this interval] now real rtt is [3610]
04/05/2022 16:10:39 PM - INFO - [in this interval] aimd control rate is [0.44359053547523425] mbps
04/05/2022 16:10:39 PM - INFO - [in this interval] delay-rate is [0.44359053547523425] mbps
04/05/2022 16:10:39 PM - INFO - average delay [1644.2]
04/05/2022 16:10:39 PM - INFO - average delay [1557.5]
04/05/2022 16:10:39 PM - INFO - average delay [1487.25]
04/05/2022 16:10:39 PM - INFO - average delay [1445.5]
04/05/2022 16:10:39 PM - INFO - nowTs is [9951], lastTs is [9710]
04/05/2022 16:10:39 PM - INFO - [in this interval] loss-ratio is [0.0]
04/05/2022 16:10:39 PM - INFO - [in this interval] group num is [15]
04/05/2022 16:10:39 PM - INFO - [in this interval] delayDelta from group is [[-15, -20, -21, -14, -19, -18, -14, -19, 1, 10, 7, -2, -22, -27]]
04/05/2022 16:10:39 PM - INFO - sample List of accDelay : [[654.4374147099362, 653.3936732389426, 650.3543059150483, 645.4188753235435, 639.2769877911892, 631.7492890120702, 623.4743601108632, 614.0269240997769, 603.4242316897992, 592.4818085208193, 580.7336276687374, 568.3602649018637, 555.8242384116774, 542.6418145705096, 530.8776331134586, 521.2898698021128, 513.3608828219014, 506.0247945397113, 497.2223150857402, 486.6000835771662]]
04/05/2022 16:10:39 PM - INFO - sample List of time: [[9356, 9369, 9382, 9396, 9409, 9422, 9451, 9466, 9481, 9495, 9511, 9527, 9544, 9560, 9576, 9617, 9637, 9654, 9662, 9670]]
04/05/2022 16:10:39 PM - INFO - update trend: [-0.5563965790493055]
04/05/2022 16:10:39 PM - INFO - estimateQueueDelayDuration [-133.53517897183332] = queueDelayDelta [-2.225586316197222] * numCount[286]
04/05/2022 16:10:39 PM - INFO - [in this interval] signal is [Signal.UNDER_USE]
04/05/2022 16:10:39 PM - INFO - [in this interval] adaptiveThresholdGamma is [69.36721237399166]
04/05/2022 16:10:39 PM - INFO - [in this interval] state is [State.HOLD]
04/05/2022 16:10:39 PM - INFO - [in this interval] now real rate is [0.5387704918032786]mbps
04/05/2022 16:10:39 PM - INFO - [in this interval] now real rtt is [3222]
04/05/2022 16:10:39 PM - INFO - [in this interval] aimd control rate is [0.44359053547523425] mbps
04/05/2022 16:10:39 PM - INFO - [in this interval] delay-rate is [0.44359053547523425] mbps
04/05/2022 16:10:39 PM - INFO - average delay [1445.2]
04/05/2022 16:10:39 PM - INFO - average delay [1390.0]
04/05/2022 16:10:39 PM - INFO - average delay [1386.25]
04/05/2022 16:10:39 PM - INFO - average delay [1367.5]
04/05/2022 16:10:39 PM - INFO - nowTs is [10189], lastTs is [9951]
04/05/2022 16:10:39 PM - INFO - [in this interval] loss-ratio is [0.0]
04/05/2022 16:10:39 PM - INFO - [in this interval] group num is [11]
04/05/2022 16:10:39 PM - INFO - [in this interval] delayDelta from group is [[-1, -5, 5, -10, 5, 1, -17, -11, 17, 8]]
04/05/2022 16:10:39 PM - INFO - sample List of accDelay : [[580.7336276687374, 568.3602649018637, 555.8242384116774, 542.6418145705096, 530.8776331134586, 521.2898698021128, 513.3608828219014, 506.0247945397113, 497.2223150857402, 486.6000835771662, 476.94007521944957, 467.7460676975046, 459.97146092775415, 451.97431483497877, 445.2768833514809, 439.3491950163328, 432.31427551469955, 424.8828479632296, 419.89456316690666, 416.205106850216]]
04/05/2022 16:10:39 PM - INFO - sample List of time: [[9511, 9527, 9544, 9560, 9576, 9617, 9637, 9654, 9662, 9670, 9689, 9708, 9718, 9738, 9748, 9768, 9784, 9802, 9831, 9873]]
04/05/2022 16:10:39 PM - INFO - update trend: [-0.4876348353114211]
04/05/2022 16:10:39 PM - INFO - estimateQueueDelayDuration [-117.03236047474107] = queueDelayDelta [-1.9505393412456844] * numCount[296]
04/05/2022 16:10:39 PM - INFO - [in this interval] signal is [Signal.UNDER_USE]
04/05/2022 16:10:39 PM - INFO - [in this interval] adaptiveThresholdGamma is [69.36721237399166]
04/05/2022 16:10:39 PM - INFO - [in this interval] state is [State.HOLD]
04/05/2022 16:10:39 PM - INFO - [in this interval] now real rate is [0.5086963562753036]mbps
04/05/2022 16:10:39 PM - INFO - [in this interval] now real rtt is [3168]
04/05/2022 16:10:39 PM - INFO - [in this interval] aimd control rate is [0.44359053547523425] mbps
04/05/2022 16:10:39 PM - INFO - [in this interval] delay-rate is [0.44359053547523425] mbps
04/05/2022 16:10:39 PM - INFO - average delay [1380.0]
04/05/2022 16:10:39 PM - INFO - average delay [1391.0]
04/05/2022 16:10:39 PM - INFO - average delay [1400.0]
04/05/2022 16:10:39 PM - INFO - average delay [1382.6666666666667]
04/05/2022 16:10:39 PM - INFO - nowTs is [10426], lastTs is [10189]
04/05/2022 16:10:39 PM - INFO - [in this interval] loss-ratio is [0.0]
04/05/2022 16:10:39 PM - INFO - [in this interval] group num is [7]
04/05/2022 16:10:39 PM - INFO - [in this interval] delayDelta from group is [[13, -3, -13, -6, 5, -6]]
04/05/2022 16:10:39 PM - INFO - sample List of accDelay : [[513.3608828219014, 506.0247945397113, 497.2223150857402, 486.6000835771662, 476.94007521944957, 467.7460676975046, 459.97146092775415, 451.97431483497877, 445.2768833514809, 439.3491950163328, 432.31427551469955, 424.8828479632296, 419.89456316690666, 416.205106850216, 414.1845961651944, 412.066136548675, 408.8595228938075, 405.37357060442673, 402.73621354398404, 399.76259218958563]]
04/05/2022 16:10:39 PM - INFO - sample List of time: [[9637, 9654, 9662, 9670, 9689, 9708, 9718, 9738, 9748, 9768, 9784, 9802, 9831, 9873, 9958, 10001, 10038, 10060, 10084, 10129]]
04/05/2022 16:10:39 PM - INFO - update trend: [-0.2031051912580484]
04/05/2022 16:10:39 PM - INFO - estimateQueueDelayDuration [-48.74524590193162] = queueDelayDelta [-0.8124207650321936] * numCount[302]
04/05/2022 16:10:39 PM - INFO - [in this interval] signal is [Signal.NORMAL]
04/05/2022 16:10:39 PM - INFO - [in this interval] adaptiveThresholdGamma is [68.99601697749458]
04/05/2022 16:10:39 PM - INFO - [in this interval] state is [State.INCREASE]
04/05/2022 16:10:39 PM - INFO - [in this interval] now real rate is [0.47567134268537076]mbps
04/05/2022 16:10:39 PM - INFO - [in this interval] now real rtt is [3162]
04/05/2022 16:10:39 PM - INFO - [in this interval] aimd control rate is [0.44728712327086123] mbps
04/05/2022 16:10:39 PM - INFO - [in this interval] delay-rate is [0.44728712327086123] mbps
04/05/2022 16:10:39 PM - INFO - average delay [1377.1666666666667]
04/05/2022 16:10:39 PM - INFO - average delay [1362.0]
04/05/2022 16:10:39 PM - INFO - average delay [1355.0]
04/05/2022 16:10:39 PM - INFO - average delay [1396.3333333333333]
04/05/2022 16:10:39 PM - INFO - nowTs is [10673], lastTs is [10426]
04/05/2022 16:10:39 PM - INFO - [in this interval] loss-ratio is [0.0]
04/05/2022 16:10:39 PM - INFO - [in this interval] group num is [6]
04/05/2022 16:10:39 PM - INFO - [in this interval] delayDelta from group is [[-11, -11, 19, 29, 52]]
04/05/2022 16:10:39 PM - INFO - sample List of accDelay : [[467.7460676975046, 459.97146092775415, 451.97431483497877, 445.2768833514809, 439.3491950163328, 432.31427551469955, 424.8828479632296, 419.89456316690666, 416.205106850216, 414.1845961651944, 412.066136548675, 408.8595228938075, 405.37357060442673, 402.73621354398404, 399.76259218958563, 395.9863329706271, 391.4876996735644, 389.338929706208, 390.3050367355872, 396.37453306202843]]
04/05/2022 16:10:39 PM - INFO - sample List of time: [[9708, 9718, 9738, 9748, 9768, 9784, 9802, 9831, 9873, 9958, 10001, 10038, 10060, 10084, 10129, 10177, 10201, 10225, 10279, 10318]]
04/05/2022 16:10:39 PM - INFO - update trend: [-0.10832645633464895]
04/05/2022 16:10:39 PM - INFO - estimateQueueDelayDuration [-25.99834952031575] = queueDelayDelta [-0.4333058253385958] * numCount[307]
04/05/2022 16:10:39 PM - INFO - [in this interval] signal is [Signal.NORMAL]
04/05/2022 16:10:39 PM - INFO - [in this interval] adaptiveThresholdGamma is [68.22205896326535]
04/05/2022 16:10:39 PM - INFO - [in this interval] state is [State.INCREASE]
04/05/2022 16:10:39 PM - INFO - [in this interval] now real rate is [0.4408760330578512]mbps
04/05/2022 16:10:39 PM - INFO - [in this interval] now real rtt is [3306]
04/05/2022 16:10:39 PM - INFO - [in this interval] aimd control rate is [0.4510145159647851] mbps
04/05/2022 16:10:39 PM - INFO - [in this interval] delay-rate is [0.4510145159647851] mbps
04/05/2022 16:10:39 PM - INFO - average delay [1438.3333333333333]
04/05/2022 16:10:39 PM - INFO - average delay [1467.6666666666667]
04/05/2022 16:10:39 PM - INFO - average delay [1492.8]
04/05/2022 16:10:39 PM - INFO - average delay [1496.0]
04/05/2022 16:10:39 PM - INFO - nowTs is [10910], lastTs is [10673]
04/05/2022 16:10:39 PM - INFO - [in this interval] loss-ratio is [0.0]
04/05/2022 16:10:39 PM - INFO - [in this interval] group num is [8]
04/05/2022 16:10:39 PM - INFO - [in this interval] delayDelta from group is [[4, 11, -9, 11, 6, -2, -9]]
04/05/2022 16:10:39 PM - INFO - sample List of accDelay : [[419.89456316690666, 416.205106850216, 414.1845961651944, 412.066136548675, 408.8595228938075, 405.37357060442673, 402.73621354398404, 399.76259218958563, 395.9863329706271, 391.4876996735644, 389.338929706208, 390.3050367355872, 396.37453306202843, 402.2370797558256, 408.613371780243, 413.4520346022187, 418.90683114199686, 424.41614802779714, 429.1745332250174, 432.5570799025157]]
04/05/2022 16:10:39 PM - INFO - sample List of time: [[9831, 9873, 9958, 10001, 10038, 10060, 10084, 10129, 10177, 10201, 10225, 10279, 10318, 10465, 10479, 10505, 10531, 10557, 10583, 10611]]
04/05/2022 16:10:39 PM - INFO - update trend: [0.013995306655795825]
04/05/2022 16:10:39 PM - INFO - estimateQueueDelayDuration [3.358873597390998] = queueDelayDelta [0.0559812266231833] * numCount[314]
04/05/2022 16:10:39 PM - INFO - [in this interval] signal is [Signal.NORMAL]
04/05/2022 16:10:39 PM - INFO - [in this interval] adaptiveThresholdGamma is [67.05452162667962]
04/05/2022 16:10:39 PM - INFO - [in this interval] state is [State.INCREASE]
04/05/2022 16:10:39 PM - INFO - [in this interval] now real rate is [0.4526290322580645]mbps
04/05/2022 16:10:39 PM - INFO - [in this interval] now real rtt is [3400]
04/05/2022 16:10:39 PM - INFO - [in this interval] aimd control rate is [0.45477297026449165] mbps
04/05/2022 16:10:39 PM - INFO - [in this interval] delay-rate is [0.45477297026449165] mbps
04/05/2022 16:10:39 PM - INFO - average delay [1502.4]
04/05/2022 16:10:39 PM - INFO - average delay [1500.6666666666667]
04/05/2022 16:10:39 PM - INFO - average delay [1512.3333333333333]
04/05/2022 16:10:39 PM - INFO - average delay [1526.3333333333333]
04/05/2022 16:10:39 PM - INFO - nowTs is [11152], lastTs is [10910]
04/05/2022 16:10:39 PM - INFO - [in this interval] loss-ratio is [0.0]
04/05/2022 16:10:39 PM - INFO - [in this interval] group num is [7]
04/05/2022 16:10:39 PM - INFO - [in this interval] delayDelta from group is [[16, 3, 7, 7, 5, 1]]
04/05/2022 16:10:39 PM - INFO - sample List of accDelay : [[402.73621354398404, 399.76259218958563, 395.9863329706271, 391.4876996735644, 389.338929706208, 390.3050367355872, 396.37453306202843, 402.2370797558256, 408.613371780243, 413.4520346022187, 418.90683114199686, 424.41614802779714, 429.1745332250174, 432.5570799025157, 437.2013719122641, 441.6812347210377, 446.4131112489339, 451.3718001240405, 456.3346201116364, 460.90115810047274]]
04/05/2022 16:10:39 PM - INFO - sample List of time: [[10084, 10129, 10177, 10201, 10225, 10279, 10318, 10465, 10479, 10505, 10531, 10557, 10583, 10611, 10680, 10721, 10764, 10806, 10843, 10863]]
04/05/2022 16:10:39 PM - INFO - update trend: [0.08913919189681778]
04/05/2022 16:10:39 PM - INFO - estimateQueueDelayDuration [21.393406055236266] = queueDelayDelta [0.3565567675872711] * numCount[320]
04/05/2022 16:10:39 PM - INFO - [in this interval] signal is [Signal.NORMAL]
04/05/2022 16:10:39 PM - INFO - [in this interval] adaptiveThresholdGamma is [66.23262154639363]
04/05/2022 16:10:39 PM - INFO - [in this interval] state is [State.INCREASE]
04/05/2022 16:10:39 PM - INFO - [in this interval] now real rate is [0.40694188376753504]mbps
04/05/2022 16:10:39 PM - INFO - [in this interval] now real rtt is [3494]
04/05/2022 16:10:39 PM - INFO - [in this interval] aimd control rate is [0.4585627450166957] mbps
04/05/2022 16:10:39 PM - INFO - [in this interval] delay-rate is [0.4585627450166957] mbps
04/05/2022 16:10:39 PM - INFO - average delay [1541.25]
04/05/2022 16:10:39 PM - INFO - average delay [1553.0]
04/05/2022 16:10:39 PM - INFO - average delay [1553.5]
04/05/2022 16:10:39 PM - INFO - average delay [1554.0]
04/05/2022 16:10:39 PM - INFO - nowTs is [11392], lastTs is [11152]
04/05/2022 16:10:39 PM - INFO - [in this interval] loss-ratio is [0.0]
04/05/2022 16:10:39 PM - INFO - [in this interval] group num is [8]
04/05/2022 16:10:39 PM - INFO - [in this interval] delayDelta from group is [[-2, 4, -1, 0, 5, 1, -13]]
04/05/2022 16:10:39 PM - INFO - sample List of accDelay : [[402.2370797558256, 408.613371780243, 413.4520346022187, 418.90683114199686, 424.41614802779714, 429.1745332250174, 432.5570799025157, 437.2013719122641, 441.6812347210377, 446.4131112489339, 451.3718001240405, 456.3346201116364, 460.90115810047274, 464.81104229042546, 468.7299380613829, 472.15694425524464, 475.2412498297202, 478.5171248467482, 481.56541236207335, 483.008871125866]]
04/05/2022 16:10:39 PM - INFO - sample List of time: [[10465, 10479, 10505, 10531, 10557, 10583, 10611, 10680, 10721, 10764, 10806, 10843, 10863, 10895, 10928, 10962, 10996, 11031, 11066, 11102]]
04/05/2022 16:10:39 PM - INFO - update trend: [0.12206832293301964]
04/05/2022 16:10:39 PM - INFO - estimateQueueDelayDuration [29.296397503924712] = queueDelayDelta [0.48827329173207856] * numCount[327]
04/05/2022 16:10:39 PM - INFO - [in this interval] signal is [Signal.NORMAL]
04/05/2022 16:10:39 PM - INFO - [in this interval] adaptiveThresholdGamma is [65.56776951362919]
04/05/2022 16:10:39 PM - INFO - [in this interval] state is [State.INCREASE]
04/05/2022 16:10:39 PM - INFO - [in this interval] now real rate is [0.3936323232323232]mbps
04/05/2022 16:10:39 PM - INFO - [in this interval] now real rtt is [3504]
04/05/2022 16:10:39 PM - INFO - [in this interval] aimd control rate is [0.46238410122516815] mbps
04/05/2022 16:10:39 PM - INFO - [in this interval] delay-rate is [0.46238410122516815] mbps
04/05/2022 16:10:39 PM - INFO - average delay [1558.25]
04/05/2022 16:10:39 PM - INFO - average delay [1564.3333333333333]
04/05/2022 16:10:39 PM - INFO - average delay [1564.5]
04/05/2022 16:10:39 PM - INFO - average delay [1560.8]
04/05/2022 16:10:39 PM - INFO - nowTs is [11632], lastTs is [11392]
04/05/2022 16:10:39 PM - INFO - [in this interval] loss-ratio is [0.0]
04/05/2022 16:10:39 PM - INFO - [in this interval] group num is [9]
04/05/2022 16:10:39 PM - INFO - [in this interval] delayDelta from group is [[5, 1, 1, -4, -13, -13, -8, -12]]
04/05/2022 16:10:39 PM - INFO - sample List of accDelay : [[441.6812347210377, 446.4131112489339, 451.3718001240405, 456.3346201116364, 460.90115810047274, 464.81104229042546, 468.7299380613829, 472.15694425524464, 475.2412498297202, 478.5171248467482, 481.56541236207335, 483.008871125866, 484.8079840132794, 486.52718561195144, 488.17446705075633, 489.2570203456807, 488.9313183111126, 487.33818648000135, 485.10436783200123, 481.8939310488011]]
04/05/2022 16:10:39 PM - INFO - sample List of time: [[10721, 10764, 10806, 10843, 10863, 10895, 10928, 10962, 10996, 11031, 11066, 11102, 11137, 11172, 11208, 11244, 11270, 11292, 11314, 11336]]
04/05/2022 16:10:39 PM - INFO - update trend: [0.07208889016386423]
04/05/2022 16:10:39 PM - INFO - estimateQueueDelayDuration [17.301333639327414] = queueDelayDelta [0.2883555606554569] * numCount[335]
04/05/2022 16:10:39 PM - INFO - [in this interval] signal is [Signal.NORMAL]
04/05/2022 16:10:39 PM - INFO - [in this interval] adaptiveThresholdGamma is [64.69897366789175]
04/05/2022 16:10:39 PM - INFO - [in this interval] state is [State.INCREASE]
04/05/2022 16:10:39 PM - INFO - [in this interval] now real rate is [0.47812903225806447]mbps
04/05/2022 16:10:39 PM - INFO - [in this interval] now real rtt is [3444]
04/05/2022 16:10:39 PM - INFO - [in this interval] aimd control rate is [0.4662373020687112] mbps
04/05/2022 16:10:39 PM - INFO - [in this interval] delay-rate is [0.4662373020687112] mbps
04/05/2022 16:10:39 PM - INFO - average delay [1529.5]
04/05/2022 16:10:39 PM - INFO - average delay [1500.0]
04/05/2022 16:10:39 PM - INFO - average delay [1485.2]
04/05/2022 16:10:39 PM - INFO - average delay [1482.5]
04/05/2022 16:10:39 PM - INFO - nowTs is [11865], lastTs is [11632]
04/05/2022 16:10:39 PM - INFO - [in this interval] loss-ratio is [0.0]
04/05/2022 16:10:39 PM - INFO - [in this interval] group num is [8]
04/05/2022 16:10:39 PM - INFO - [in this interval] delayDelta from group is [[-6, -11, -4, 1, -2, -2, 4]]
04/05/2022 16:10:39 PM - INFO - sample List of accDelay : [[472.15694425524464, 475.2412498297202, 478.5171248467482, 481.56541236207335, 483.008871125866, 484.8079840132794, 486.52718561195144, 488.17446705075633, 489.2570203456807, 488.9313183111126, 487.33818648000135, 485.10436783200123, 481.8939310488011, 478.404537943921, 474.1640841495289, 469.947675734576, 466.25290816111846, 462.7276173450066, 459.3548556105059, 456.71937004945534]]
04/05/2022 16:10:39 PM - INFO - sample List of time: [[10962, 10996, 11031, 11066, 11102, 11137, 11172, 11208, 11244, 11270, 11292, 11314, 11336, 11382, 11406, 11430, 11461, 11492, 11525, 11558]]
04/05/2022 16:10:39 PM - INFO - update trend: [-0.030864574904166702]
04/05/2022 16:10:39 PM - INFO - estimateQueueDelayDuration [-7.407497977000008] = queueDelayDelta [-0.12345829961666681] * numCount[342]
04/05/2022 16:10:39 PM - INFO - [in this interval] signal is [Signal.NORMAL]
04/05/2022 16:10:39 PM - INFO - [in this interval] adaptiveThresholdGamma is [63.6677271054557]
04/05/2022 16:10:39 PM - INFO - [in this interval] state is [State.INCREASE]
04/05/2022 16:10:39 PM - INFO - [in this interval] now real rate is [0.5173224489795918]mbps
04/05/2022 16:10:39 PM - INFO - [in this interval] now real rtt is [3380]
04/05/2022 16:10:39 PM - INFO - [in this interval] aimd control rate is [0.4701226129192838] mbps
04/05/2022 16:10:39 PM - INFO - [in this interval] delay-rate is [0.4701226129192838] mbps
04/05/2022 16:10:39 PM - INFO - average delay [1482.25]
04/05/2022 16:10:39 PM - INFO - average delay [1480.75]
04/05/2022 16:10:39 PM - INFO - average delay [1447.3333333333333]
04/05/2022 16:10:39 PM - INFO - average delay [1414.5]
04/05/2022 16:10:39 PM - INFO - nowTs is [12109], lastTs is [11865]
04/05/2022 16:10:39 PM - INFO - [in this interval] loss-ratio is [0.0]
04/05/2022 16:10:39 PM - INFO - [in this interval] group num is [11]
04/05/2022 16:10:39 PM - INFO - [in this interval] delayDelta from group is [[-8, -10, -15, -14, -10, -15, -15, -9, -15, -14]]
04/05/2022 16:10:39 PM - INFO - sample List of accDelay : [[487.33818648000135, 485.10436783200123, 481.8939310488011, 478.404537943921, 474.1640841495289, 469.947675734576, 466.25290816111846, 462.7276173450066, 459.3548556105059, 456.71937004945534, 453.54743304450983, 449.6926897400589, 444.723420766053, 438.8510786894477, 432.5659708205029, 425.4093737384526, 417.4684363646073, 409.4215927281466, 400.67943345533195, 391.41149010979876]]
04/05/2022 16:10:39 PM - INFO - sample List of time: [[11292, 11314, 11336, 11382, 11406, 11430, 11461, 11492, 11525, 11558, 11626, 11653, 11673, 11693, 11714, 11734, 11754, 11774, 11795, 11815]]
04/05/2022 16:10:39 PM - INFO - update trend: [-0.15846648828783566]
04/05/2022 16:10:39 PM - INFO - estimateQueueDelayDuration [-38.03195718908056] = queueDelayDelta [-0.6338659531513426] * numCount[352]
04/05/2022 16:10:39 PM - INFO - [in this interval] signal is [Signal.NORMAL]
04/05/2022 16:10:39 PM - INFO - [in this interval] adaptiveThresholdGamma is [63.20628324696094]
04/05/2022 16:10:39 PM - INFO - [in this interval] state is [State.INCREASE]
04/05/2022 16:10:39 PM - INFO - [in this interval] now real rate is [0.636192]mbps
04/05/2022 16:10:39 PM - INFO - [in this interval] now real rtt is [3128]
04/05/2022 16:10:39 PM - INFO - [in this interval] aimd control rate is [0.4740403013602778] mbps
04/05/2022 16:10:39 PM - INFO - [in this interval] delay-rate is [0.4740403013602778] mbps
04/05/2022 16:10:39 PM - INFO - average delay [1375.6666666666667]
04/05/2022 16:10:39 PM - INFO - average delay [1372.0]
04/05/2022 16:10:39 PM - INFO - average delay [1402.5]
04/05/2022 16:10:39 PM - INFO - average delay [1433.5]
04/05/2022 16:10:39 PM - INFO - nowTs is [12351], lastTs is [12109]
04/05/2022 16:10:39 PM - INFO - [in this interval] loss-ratio is [0.0]
04/05/2022 16:10:39 PM - INFO - [in this interval] group num is [4]
04/05/2022 16:10:39 PM - INFO - [in this interval] delayDelta from group is [[31, 31, 13]]
04/05/2022 16:10:39 PM - INFO - sample List of accDelay : [[478.404537943921, 474.1640841495289, 469.947675734576, 466.25290816111846, 462.7276173450066, 459.3548556105059, 456.71937004945534, 453.54743304450983, 449.6926897400589, 444.723420766053, 438.8510786894477, 432.5659708205029, 425.4093737384526, 417.4684363646073, 409.4215927281466, 400.67943345533195, 391.41149010979876, 386.1703410988189, 384.553306988937, 384.3979762900433]]
04/05/2022 16:10:39 PM - INFO - sample List of time: [[11382, 11406, 11430, 11461, 11492, 11525, 11558, 11626, 11653, 11673, 11693, 11714, 11734, 11754, 11774, 11795, 11815, 11903, 11969, 12035]]
04/05/2022 16:10:39 PM - INFO - update trend: [-0.16682809808949164]
04/05/2022 16:10:39 PM - INFO - estimateQueueDelayDuration [-40.03874354147799] = queueDelayDelta [-0.6673123923579666] * numCount[355]
04/05/2022 16:10:39 PM - INFO - [in this interval] signal is [Signal.NORMAL]
04/05/2022 16:10:39 PM - INFO - [in this interval] adaptiveThresholdGamma is [62.78926753226225]
04/05/2022 16:10:39 PM - INFO - [in this interval] state is [State.INCREASE]
04/05/2022 16:10:39 PM - INFO - [in this interval] now real rate is [0.5290041152263375]mbps
04/05/2022 16:10:39 PM - INFO - [in this interval] now real rtt is [3352]
04/05/2022 16:10:39 PM - INFO - [in this interval] aimd control rate is [0.4779906372049468] mbps
04/05/2022 16:10:39 PM - INFO - [in this interval] delay-rate is [0.4779906372049468] mbps
04/05/2022 16:10:39 PM - INFO - average delay [1466.3333333333333]
04/05/2022 16:10:39 PM - INFO - average delay [1475.3333333333333]
04/05/2022 16:10:39 PM - INFO - average delay [1485.6666666666667]
04/05/2022 16:10:39 PM - INFO - average delay [1499.25]
04/05/2022 16:10:39 PM - INFO - nowTs is [12587], lastTs is [12351]
04/05/2022 16:10:39 PM - INFO - [in this interval] loss-ratio is [0.0]
04/05/2022 16:10:39 PM - INFO - [in this interval] group num is [7]
04/05/2022 16:10:39 PM - INFO - [in this interval] delayDelta from group is [[9, 13, 1, -7, -1, -16]]
04/05/2022 16:10:39 PM - INFO - sample List of accDelay : [[456.71937004945534, 453.54743304450983, 449.6926897400589, 444.723420766053, 438.8510786894477, 432.5659708205029, 425.4093737384526, 417.4684363646073, 409.4215927281466, 400.67943345533195, 391.41149010979876, 386.1703410988189, 384.553306988937, 384.3979762900433, 385.15817866103896, 387.1423607949351, 389.02812471544155, 390.02531224389736, 390.82278101950766, 389.9405029175569]]
04/05/2022 16:10:39 PM - INFO - sample List of time: [[11558, 11626, 11653, 11673, 11693, 11714, 11734, 11754, 11774, 11795, 11815, 11903, 11969, 12035, 12120, 12164, 12207, 12243, 12271, 12300]]
04/05/2022 16:10:39 PM - INFO - update trend: [-0.09142140751460504]
04/05/2022 16:10:39 PM - INFO - estimateQueueDelayDuration [-21.941137803505207] = queueDelayDelta [-0.36568563005842014] * numCount[361]
04/05/2022 16:10:39 PM - INFO - [in this interval] signal is [Signal.NORMAL]
04/05/2022 16:10:39 PM - INFO - [in this interval] adaptiveThresholdGamma is [62.05400119714462]
04/05/2022 16:10:39 PM - INFO - [in this interval] state is [State.INCREASE]
04/05/2022 16:10:39 PM - INFO - [in this interval] now real rate is [0.4139478957915832]mbps
04/05/2022 16:10:39 PM - INFO - [in this interval] now real rtt is [3364]
04/05/2022 16:10:39 PM - INFO - [in this interval] aimd control rate is [0.481973892514988] mbps
04/05/2022 16:10:39 PM - INFO - [in this interval] delay-rate is [0.481973892514988] mbps
04/05/2022 16:10:39 PM - INFO - average delay [1491.6]
04/05/2022 16:10:39 PM - INFO - average delay [1482.25]
04/05/2022 16:10:39 PM - INFO - average delay [1474.6]
04/05/2022 16:10:39 PM - INFO - average delay [1479.6666666666667]
04/05/2022 16:10:39 PM - INFO - nowTs is [12814], lastTs is [12587]
04/05/2022 16:10:39 PM - INFO - [in this interval] loss-ratio is [0.0]
04/05/2022 16:10:39 PM - INFO - [in this interval] group num is [7]
04/05/2022 16:10:39 PM - INFO - [in this interval] delayDelta from group is [[-6, -1, -6, 7, 25, -2]]
04/05/2022 16:10:39 PM - INFO - sample List of accDelay : [[425.4093737384526, 417.4684363646073, 409.4215927281466, 400.67943345533195, 391.41149010979876, 386.1703410988189, 384.553306988937, 384.3979762900433, 385.15817866103896, 387.1423607949351, 389.02812471544155, 390.02531224389736, 390.82278101950766, 389.9405029175569, 388.5464526258012, 387.1918073632211, 385.372626626899, 384.43536396420905, 386.0918275677882, 387.38264481100936]]
04/05/2022 16:10:39 PM - INFO - sample List of time: [[11734, 11754, 11774, 11795, 11815, 11903, 11969, 12035, 12120, 12164, 12207, 12243, 12271, 12300, 12329, 12358, 12387, 12416, 12458, 12513]]
04/05/2022 16:10:39 PM - INFO - update trend: [-0.030252135054147717]
04/05/2022 16:10:39 PM - INFO - estimateQueueDelayDuration [-7.260512412995452] = queueDelayDelta [-0.12100854021659087] * numCount[367]
04/05/2022 16:10:39 PM - INFO - [in this interval] signal is [Signal.NORMAL]
04/05/2022 16:10:39 PM - INFO - [in this interval] adaptiveThresholdGamma is [61.067718399029935]
04/05/2022 16:10:39 PM - INFO - [in this interval] state is [State.INCREASE]
04/05/2022 16:10:39 PM - INFO - [in this interval] now real rate is [0.4889421487603306]mbps
04/05/2022 16:10:39 PM - INFO - [in this interval] now real rtt is [3418]
04/05/2022 16:10:39 PM - INFO - [in this interval] aimd control rate is [0.48599034161927956] mbps
04/05/2022 16:10:39 PM - INFO - [in this interval] delay-rate is [0.48599034161927956] mbps
04/05/2022 16:10:39 PM - INFO - average delay [1503.0]
04/05/2022 16:10:39 PM - INFO - average delay [1531.0]
04/05/2022 16:10:39 PM - INFO - average delay [1562.3333333333333]
04/05/2022 16:10:39 PM - INFO - average delay [1583.3333333333333]
04/05/2022 16:10:39 PM - INFO - nowTs is [13061], lastTs is [12814]
04/05/2022 16:10:39 PM - INFO - [in this interval] loss-ratio is [0.0]
04/05/2022 16:10:39 PM - INFO - [in this interval] group num is [5]
04/05/2022 16:10:39 PM - INFO - [in this interval] delayDelta from group is [[22, 25, 19, 19]]
04/05/2022 16:10:39 PM - INFO - sample List of accDelay : [[391.41149010979876, 386.1703410988189, 384.553306988937, 384.3979762900433, 385.15817866103896, 387.1423607949351, 389.02812471544155, 390.02531224389736, 390.82278101950766, 389.9405029175569, 388.5464526258012, 387.1918073632211, 385.372626626899, 384.43536396420905, 386.0918275677882, 387.38264481100936, 390.7443803299084, 396.2699422969175, 403.1429480672258, 411.2286532605032]]
04/05/2022 16:10:39 PM - INFO - sample List of time: [[11815, 11903, 11969, 12035, 12120, 12164, 12207, 12243, 12271, 12300, 12329, 12358, 12387, 12416, 12458, 12513, 12568, 12625, 12680, 12734]]
04/05/2022 16:10:39 PM - INFO - update trend: [0.01568141846773071]
04/05/2022 16:10:39 PM - INFO - estimateQueueDelayDuration [3.7635404322553705] = queueDelayDelta [0.06272567387092284] * numCount[371]
04/05/2022 16:10:39 PM - INFO - [in this interval] signal is [Signal.NORMAL]
04/05/2022 16:10:39 PM - INFO - [in this interval] adaptiveThresholdGamma is [60.036243195627996]
04/05/2022 16:10:39 PM - INFO - [in this interval] state is [State.INCREASE]
04/05/2022 16:10:39 PM - INFO - [in this interval] now real rate is [0.4235245901639344]mbps
04/05/2022 16:10:39 PM - INFO - [in this interval] now real rtt is [3632]
04/05/2022 16:10:39 PM - INFO - [in this interval] aimd control rate is [0.4900402611327736] mbps
04/05/2022 16:10:39 PM - INFO - [in this interval] delay-rate is [0.4900402611327736] mbps
04/05/2022 16:10:39 PM - INFO - average delay [1602.3333333333333]
04/05/2022 16:10:39 PM - INFO - average delay [1627.0]
04/05/2022 16:10:39 PM - INFO - average delay [1621.4]
04/05/2022 16:10:39 PM - INFO - average delay [1608.4]
04/05/2022 16:10:39 PM - INFO - nowTs is [13307], lastTs is [13061]
04/05/2022 16:10:39 PM - INFO - [in this interval] loss-ratio is [0.0]
04/05/2022 16:10:39 PM - INFO - [in this interval] group num is [8]
04/05/2022 16:10:39 PM - INFO - [in this interval] delayDelta from group is [[-8, -8, -3, -8, -7, -2, -7]]
04/05/2022 16:10:39 PM - INFO - sample List of accDelay : [[390.02531224389736, 390.82278101950766, 389.9405029175569, 388.5464526258012, 387.1918073632211, 385.372626626899, 384.43536396420905, 386.0918275677882, 387.38264481100936, 390.7443803299084, 396.2699422969175, 403.1429480672258, 411.2286532605032, 417.70578793445287, 422.7352091410076, 426.96168822690686, 429.9655194042162, 431.96896746379457, 433.57207071741516, 434.3148636456736]]
04/05/2022 16:10:39 PM - INFO - sample List of time: [[12243, 12271, 12300, 12329, 12358, 12387, 12416, 12458, 12513, 12568, 12625, 12680, 12734, 12842, 12869, 12896, 12923, 12950, 12978, 13006]]
04/05/2022 16:10:39 PM - INFO - update trend: [0.06813951315612159]
04/05/2022 16:10:39 PM - INFO - estimateQueueDelayDuration [16.35348315746918] = queueDelayDelta [0.27255805262448635] * numCount[378]
04/05/2022 16:10:39 PM - INFO - [in this interval] signal is [Signal.NORMAL]
04/05/2022 16:10:39 PM - INFO - [in this interval] adaptiveThresholdGamma is [59.24995351494114]
04/05/2022 16:10:39 PM - INFO - [in this interval] state is [State.INCREASE]
04/05/2022 16:10:39 PM - INFO - [in this interval] now real rate is [0.48970385395537525]mbps
04/05/2022 16:10:39 PM - INFO - [in this interval] now real rtt is [3594]
04/05/2022 16:10:39 PM - INFO - [in this interval] aimd control rate is [0.4941239299755467] mbps
04/05/2022 16:10:39 PM - INFO - [in this interval] delay-rate is [0.4941239299755467] mbps
04/05/2022 16:10:39 PM - INFO - average delay [1598.0]
04/05/2022 16:10:39 PM - INFO - average delay [1574.3333333333333]
04/05/2022 16:10:39 PM - INFO - average delay [1554.0]
04/05/2022 16:10:39 PM - INFO - average delay [1528.8]
04/05/2022 16:10:39 PM - INFO - nowTs is [13548], lastTs is [13307]
04/05/2022 16:10:39 PM - INFO - [in this interval] loss-ratio is [0.0]
04/05/2022 16:10:39 PM - INFO - [in this interval] group num is [10]
04/05/2022 16:10:39 PM - INFO - [in this interval] delayDelta from group is [[-7, -11, -11, -6, -10, -11, -6, -4, -12]]
04/05/2022 16:10:39 PM - INFO - sample List of accDelay : [[390.7443803299084, 396.2699422969175, 403.1429480672258, 411.2286532605032, 417.70578793445287, 422.7352091410076, 426.96168822690686, 429.9655194042162, 431.96896746379457, 433.57207071741516, 434.3148636456736, 434.2833772811062, 433.1550395529956, 431.03953559769604, 428.5355820379265, 425.28202383413384, 421.25382145072047, 417.0284393056484, 412.8255953750836, 407.84303583757526]]
04/05/2022 16:10:39 PM - INFO - sample List of time: [[12568, 12625, 12680, 12734, 12842, 12869, 12896, 12923, 12950, 12978, 13006, 13058, 13081, 13105, 13129, 13153, 13178, 13202, 13226, 13257]]
04/05/2022 16:10:39 PM - INFO - update trend: [0.03391085084865044]
04/05/2022 16:10:39 PM - INFO - estimateQueueDelayDuration [8.138604203676106] = queueDelayDelta [0.13564340339460176] * numCount[387]
04/05/2022 16:10:39 PM - INFO - [in this interval] signal is [Signal.NORMAL]
04/05/2022 16:10:39 PM - INFO - [in this interval] adaptiveThresholdGamma is [58.32994922733837]
04/05/2022 16:10:39 PM - INFO - [in this interval] state is [State.INCREASE]
04/05/2022 16:10:39 PM - INFO - [in this interval] now real rate is [0.7082546201232033]mbps
04/05/2022 16:10:39 PM - INFO - [in this interval] now real rtt is [3416]
04/05/2022 16:10:39 PM - INFO - [in this interval] aimd control rate is [0.4982416293920096] mbps
04/05/2022 16:10:39 PM - INFO - [in this interval] delay-rate is [0.4982416293920096] mbps
04/05/2022 16:10:39 PM - INFO - average delay [1514.75]
04/05/2022 16:10:39 PM - INFO - average delay [1520.6666666666667]
04/05/2022 16:10:39 PM - INFO - average delay [1522.0]
04/05/2022 16:10:39 PM - INFO - average delay [1525.5]
04/05/2022 16:10:39 PM - INFO - nowTs is [13771], lastTs is [13548]
04/05/2022 16:10:39 PM - INFO - [in this interval] loss-ratio is [0.0]
04/05/2022 16:10:39 PM - INFO - [in this interval] group num is [6]
04/05/2022 16:10:39 PM - INFO - [in this interval] delayDelta from group is [[6, 1, 1, 6, 26]]
04/05/2022 16:10:39 PM - INFO - sample List of accDelay : [[422.7352091410076, 426.96168822690686, 429.9655194042162, 431.96896746379457, 433.57207071741516, 434.3148636456736, 434.2833772811062, 433.1550395529956, 431.03953559769604, 428.5355820379265, 425.28202383413384, 421.25382145072047, 417.0284393056484, 412.8255953750836, 407.84303583757526, 403.95873225381774, 400.562859028436, 397.6065731255924, 395.54591581303316, 396.29132423172985]]
04/05/2022 16:10:39 PM - INFO - sample List of time: [[12869, 12896, 12923, 12950, 12978, 13006, 13058, 13081, 13105, 13129, 13153, 13178, 13202, 13226, 13257, 13293, 13329, 13365, 13401, 13437]]
04/05/2022 16:10:39 PM - INFO - update trend: [-0.07102350666505837]
04/05/2022 16:10:39 PM - INFO - estimateQueueDelayDuration [-17.045641599614008] = queueDelayDelta [-0.2840940266602335] * numCount[392]
04/05/2022 16:10:39 PM - INFO - [in this interval] signal is [Signal.NORMAL]
04/05/2022 16:10:39 PM - INFO - [in this interval] adaptiveThresholdGamma is [57.58683169003933]
04/05/2022 16:10:39 PM - INFO - [in this interval] state is [State.INCREASE]
04/05/2022 16:10:39 PM - INFO - [in this interval] now real rate is [0.658910569105691]mbps
04/05/2022 16:10:39 PM - INFO - [in this interval] now real rtt is [3522]
04/05/2022 16:10:39 PM - INFO - [in this interval] aimd control rate is [0.5023936429702763] mbps
04/05/2022 16:10:39 PM - INFO - [in this interval] delay-rate is [0.5023936429702763] mbps
04/05/2022 16:10:39 PM - INFO - average delay [1548.5]
04/05/2022 16:10:39 PM - INFO - average delay [1574.5]
04/05/2022 16:10:39 PM - INFO - average delay [1605.5]
04/05/2022 16:10:39 PM - INFO - nowTs is [13974], lastTs is [13771]
04/05/2022 16:10:39 PM - INFO - [in this interval] loss-ratio is [0.0]
04/05/2022 16:10:39 PM - INFO - [in this interval] group num is [4]
04/05/2022 16:10:39 PM - INFO - [in this interval] delayDelta from group is [[31, 20, -4]]
04/05/2022 16:10:39 PM - INFO - sample List of accDelay : [[431.96896746379457, 433.57207071741516, 434.3148636456736, 434.2833772811062, 433.1550395529956, 431.03953559769604, 428.5355820379265, 425.28202383413384, 421.25382145072047, 417.0284393056484, 412.8255953750836, 407.84303583757526, 403.95873225381774, 400.562859028436, 397.6065731255924, 395.54591581303316, 396.29132423172985, 400.06219180855686, 405.45597262770116, 409.91037536493104]]
04/05/2022 16:10:39 PM - INFO - sample List of time: [[12950, 12978, 13006, 13058, 13081, 13105, 13129, 13153, 13178, 13202, 13226, 13257, 13293, 13329, 13365, 13401, 13437, 13559, 13620, 13675]]
04/05/2022 16:10:39 PM - INFO - update trend: [-0.05693440150642697]
04/05/2022 16:10:39 PM - INFO - estimateQueueDelayDuration [-13.664256361542474] = queueDelayDelta [-0.2277376060257079] * numCount[395]
04/05/2022 16:10:39 PM - INFO - [in this interval] signal is [Signal.NORMAL]
04/05/2022 16:10:39 PM - INFO - [in this interval] adaptiveThresholdGamma is [56.79622533412639]
04/05/2022 16:10:39 PM - INFO - [in this interval] state is [State.INCREASE]
04/05/2022 16:10:39 PM - INFO - [in this interval] now real rate is [0.4820521042084168]mbps
04/05/2022 16:10:39 PM - INFO - [in this interval] now real rtt is [3668]
04/05/2022 16:10:39 PM - INFO - [in this interval] aimd control rate is [0.5065802566616953] mbps
04/05/2022 16:10:39 PM - INFO - [in this interval] delay-rate is [0.5065802566616953] mbps
04/05/2022 16:10:39 PM - INFO - average delay [1630.3333333333333]
04/05/2022 16:10:39 PM - INFO - average delay [1652.5]
04/05/2022 16:10:39 PM - INFO - average delay [1673.3333333333333]
04/05/2022 16:10:39 PM - INFO - average delay [1689.6666666666667]
04/05/2022 16:10:39 PM - INFO - average delay [1710.0]
04/05/2022 16:10:39 PM - INFO - nowTs is [14249], lastTs is [13974]
04/05/2022 16:10:39 PM - INFO - [in this interval] loss-ratio is [0.0]
04/05/2022 16:10:39 PM - INFO - [in this interval] group num is [6]
04/05/2022 16:10:39 PM - INFO - [in this interval] delayDelta from group is [[18, 13, 22, 35, 3]]
04/05/2022 16:10:39 PM - INFO - sample List of accDelay : [[431.03953559769604, 428.5355820379265, 425.28202383413384, 421.25382145072047, 417.0284393056484, 412.8255953750836, 407.84303583757526, 403.95873225381774, 400.562859028436, 397.6065731255924, 395.54591581303316, 396.29132423172985, 400.06219180855686, 405.45597262770116, 409.91037536493104, 415.719337828438, 422.2474040455941, 430.32266364103475, 441.0903972769313, 451.08135754923813]]
04/05/2022 16:10:39 PM - INFO - sample List of time: [[13105, 13129, 13153, 13178, 13202, 13226, 13257, 13293, 13329, 13365, 13401, 13437, 13559, 13620, 13675, 13725, 13773, 13821, 13878, 13943]]
04/05/2022 16:10:39 PM - INFO - update trend: [0.018078749797210705]
04/05/2022 16:10:39 PM - INFO - estimateQueueDelayDuration [4.3388999513305695] = queueDelayDelta [0.07231499918884282] * numCount[400]
04/05/2022 16:10:39 PM - INFO - [in this interval] signal is [Signal.NORMAL]
04/05/2022 16:10:39 PM - INFO - [in this interval] adaptiveThresholdGamma is [55.851993477236064]
04/05/2022 16:10:39 PM - INFO - [in this interval] state is [State.INCREASE]
04/05/2022 16:10:39 PM - INFO - [in this interval] now real rate is [0.38363179916317985]mbps
04/05/2022 16:10:39 PM - INFO - [in this interval] now real rtt is [3888]
04/05/2022 16:10:39 PM - INFO - [in this interval] aimd control rate is [0.5108017588005428] mbps
04/05/2022 16:10:39 PM - INFO - [in this interval] delay-rate is [0.5108017588005428] mbps
04/05/2022 16:10:39 PM - INFO - average delay [1742.5]
04/05/2022 16:10:39 PM - INFO - average delay [1758.6666666666667]
04/05/2022 16:10:39 PM - INFO - average delay [1756.25]
04/05/2022 16:10:39 PM - INFO - nowTs is [14449], lastTs is [14249]
04/05/2022 16:10:39 PM - INFO - [in this interval] loss-ratio is [0.18181818181818182]
04/05/2022 16:10:39 PM - INFO - [in this interval] group num is [5]
04/05/2022 16:10:39 PM - INFO - [in this interval] delayDelta from group is [[-6, -2, 3, 9]]
04/05/2022 16:10:39 PM - INFO - sample List of accDelay : [[417.0284393056484, 412.8255953750836, 407.84303583757526, 403.95873225381774, 400.562859028436, 397.6065731255924, 395.54591581303316, 396.29132423172985, 400.06219180855686, 405.45597262770116, 409.91037536493104, 415.719337828438, 422.2474040455941, 430.32266364103475, 441.0903972769313, 451.08135754923813, 459.4732217943143, 466.8258996148829, 473.7433096533946, 480.86897868805517]]
04/05/2022 16:10:39 PM - INFO - sample List of time: [[13202, 13226, 13257, 13293, 13329, 13365, 13401, 13437, 13559, 13620, 13675, 13725, 13773, 13821, 13878, 13943, 14042, 14061, 14099, 14137]]
04/05/2022 16:10:39 PM - INFO - update trend: [0.07608645355290915]
04/05/2022 16:10:39 PM - INFO - estimateQueueDelayDuration [18.260748852698196] = queueDelayDelta [0.3043458142116366] * numCount[404]
04/05/2022 16:10:39 PM - INFO - [in this interval] signal is [Signal.NORMAL]
04/05/2022 16:10:39 PM - INFO - [in this interval] adaptiveThresholdGamma is [55.175351073994385]
04/05/2022 16:10:39 PM - INFO - [in this interval] state is [State.INCREASE]
04/05/2022 16:10:39 PM - INFO - [in this interval] now real rate is [0.4338526315789474]mbps
04/05/2022 16:10:39 PM - INFO - [in this interval] now real rtt is [3948]
04/05/2022 16:10:39 PM - INFO - [in this interval] aimd control rate is [0.5150584401238806] mbps
04/05/2022 16:10:39 PM - INFO - [in this interval] delay-rate is [0.5150584401238806] mbps
04/05/2022 16:10:39 PM - INFO - average delay [1762.5]
04/05/2022 16:10:39 PM - INFO - average delay [1768.6666666666667]
04/05/2022 16:10:39 PM - INFO - average delay [1778.0]
04/05/2022 16:10:39 PM - INFO - average delay [1758.6666666666667]
04/05/2022 16:10:39 PM - INFO - nowTs is [14689], lastTs is [14449]
04/05/2022 16:10:39 PM - INFO - [in this interval] loss-ratio is [0.26666666666666666]
04/05/2022 16:10:39 PM - INFO - [in this interval] group num is [8]
04/05/2022 16:10:39 PM - INFO - [in this interval] delayDelta from group is [[7, -3, -12, -12, -7, 6, -7]]
04/05/2022 16:10:39 PM - INFO - sample List of accDelay : [[396.29132423172985, 400.06219180855686, 405.45597262770116, 409.91037536493104, 415.719337828438, 422.2474040455941, 430.32266364103475, 441.0903972769313, 451.08135754923813, 459.4732217943143, 466.8258996148829, 473.7433096533946, 480.86897868805517, 487.98208081924963, 494.08387273732467, 498.3754854635922, 501.037936917233, 502.73414322550974, 504.8607289029587, 506.07465601266284]]
04/05/2022 16:10:39 PM - INFO - sample List of time: [[13437, 13559, 13620, 13675, 13725, 13773, 13821, 13878, 13943, 14042, 14061, 14099, 14137, 14214, 14256, 14278, 14301, 14324, 14347, 14393]]
04/05/2022 16:10:39 PM - INFO - update trend: [0.13348648756392406]
04/05/2022 16:10:39 PM - INFO - estimateQueueDelayDuration [32.03675701534178] = queueDelayDelta [0.5339459502556962] * numCount[411]
04/05/2022 16:10:39 PM - INFO - [in this interval] signal is [Signal.NORMAL]
04/05/2022 16:10:39 PM - INFO - [in this interval] adaptiveThresholdGamma is [54.75885638093864]
04/05/2022 16:10:39 PM - INFO - [in this interval] state is [State.INCREASE]
04/05/2022 16:10:39 PM - INFO - [in this interval] now real rate is [0.4879492600422833]mbps
04/05/2022 16:10:39 PM - INFO - [in this interval] now real rtt is [3898]
04/05/2022 16:10:39 PM - INFO - [in this interval] aimd control rate is [0.5193505937915797] mbps
04/05/2022 16:10:39 PM - INFO - [in this interval] delay-rate is [0.5193505937915797] mbps
04/05/2022 16:10:39 PM - INFO - average delay [1747.6666666666667]
04/05/2022 16:10:39 PM - INFO - average delay [1699.6666666666667]
04/05/2022 16:10:39 PM - INFO - average delay [1683.0]
04/05/2022 16:10:39 PM - INFO - average delay [1636.75]
04/05/2022 16:10:39 PM - INFO - nowTs is [14934], lastTs is [14689]
04/05/2022 16:10:39 PM - INFO - [in this interval] loss-ratio is [0.36363636363636365]
04/05/2022 16:10:39 PM - INFO - [in this interval] group num is [10]
04/05/2022 16:10:39 PM - INFO - [in this interval] delayDelta from group is [[-5, -8, -17, -18, -12, -5, -1, 3, -15]]
04/05/2022 16:10:39 PM - INFO - sample List of accDelay : [[459.4732217943143, 466.8258996148829, 473.7433096533946, 480.86897868805517, 487.98208081924963, 494.08387273732467, 498.3754854635922, 501.037936917233, 502.73414322550974, 504.8607289029587, 506.07465601266284, 506.6671904113966, 506.4004713702569, 504.4604242332312, 500.9143818099081, 496.5229436289173, 492.07064926602555, 487.963584339423, 484.56722590548065, 480.0105033149326]]
04/05/2022 16:10:39 PM - INFO - sample List of time: [[14042, 14061, 14099, 14137, 14214, 14256, 14278, 14301, 14324, 14347, 14393, 14439, 14474, 14491, 14509, 14526, 14544, 14579, 14613, 14646]]
04/05/2022 16:10:39 PM - INFO - update trend: [0.037028422257659635]
04/05/2022 16:10:39 PM - INFO - estimateQueueDelayDuration [8.886821341838312] = queueDelayDelta [0.14811368903063854] * numCount[420]
04/05/2022 16:10:39 PM - INFO - [in this interval] signal is [Signal.NORMAL]
04/05/2022 16:10:39 PM - INFO - [in this interval] adaptiveThresholdGamma is [53.933159750234836]
04/05/2022 16:10:39 PM - INFO - [in this interval] state is [State.INCREASE]
04/05/2022 16:10:39 PM - INFO - [in this interval] now real rate is [0.57619793814433]mbps
04/05/2022 16:10:39 PM - INFO - [in this interval] now real rtt is [3658]
04/05/2022 16:10:39 PM - INFO - [in this interval] aimd control rate is [0.5236785154065096] mbps
04/05/2022 16:10:39 PM - INFO - [in this interval] delay-rate is [0.5236785154065096] mbps
04/05/2022 16:10:39 PM - INFO - average delay [1637.25]
04/05/2022 16:10:39 PM - INFO - average delay [1630.0]
04/05/2022 16:10:39 PM - INFO - average delay [1623.0]
04/05/2022 16:10:39 PM - INFO - average delay [1616.75]
04/05/2022 16:10:39 PM - INFO - nowTs is [15167], lastTs is [14934]
04/05/2022 16:10:39 PM - INFO - [in this interval] loss-ratio is [0.0]
04/05/2022 16:10:39 PM - INFO - [in this interval] group num is [8]
04/05/2022 16:10:39 PM - INFO - [in this interval] delayDelta from group is [[-5, -1, -5, -5, 0, -2, 1]]
04/05/2022 16:10:39 PM - INFO - sample List of accDelay : [[501.037936917233, 502.73414322550974, 504.8607289029587, 506.07465601266284, 506.6671904113966, 506.4004713702569, 504.4604242332312, 500.9143818099081, 496.5229436289173, 492.07064926602555, 487.963584339423, 484.56722590548065, 480.0105033149326, 475.4094529834393, 471.1685076850954, 466.85165691658585, 462.46649122492727, 458.51984210243455, 454.76785789219105, 451.49107210297194]]
04/05/2022 16:10:39 PM - INFO - sample List of time: [[14301, 14324, 14347, 14393, 14439, 14474, 14491, 14509, 14526, 14544, 14579, 14613, 14646, 14676, 14706, 14735, 14765, 14795, 14825, 14858]]
04/05/2022 16:10:39 PM - INFO - update trend: [-0.10669302131650979]
04/05/2022 16:10:39 PM - INFO - estimateQueueDelayDuration [-25.60632511596235] = queueDelayDelta [-0.42677208526603916] * numCount[427]
04/05/2022 16:10:39 PM - INFO - [in this interval] signal is [Signal.NORMAL]
04/05/2022 16:10:39 PM - INFO - [in this interval] adaptiveThresholdGamma is [53.42327672681793]
04/05/2022 16:10:39 PM - INFO - [in this interval] state is [State.INCREASE]
04/05/2022 16:10:39 PM - INFO - [in this interval] now real rate is [0.6893556485355649]mbps
04/05/2022 16:10:39 PM - INFO - [in this interval] now real rtt is [3644]
04/05/2022 16:10:39 PM - INFO - [in this interval] aimd control rate is [0.5280425030348972] mbps
04/05/2022 16:10:39 PM - INFO - [in this interval] delay-rate is [0.5280425030348972] mbps
04/05/2022 16:10:39 PM - INFO - average delay [1615.0]
04/05/2022 16:10:39 PM - INFO - average delay [1619.0]
04/05/2022 16:10:39 PM - INFO - average delay [1623.25]
04/05/2022 16:10:39 PM - INFO - average delay [1628.0]
04/05/2022 16:10:39 PM - INFO - nowTs is [15407], lastTs is [15167]
04/05/2022 16:10:39 PM - INFO - [in this interval] loss-ratio is [0.0]
04/05/2022 16:10:39 PM - INFO - [in this interval] group num is [6]
04/05/2022 16:10:39 PM - INFO - [in this interval] delayDelta from group is [[1, 0, 6, 14, 14]]
04/05/2022 16:10:39 PM - INFO - sample List of accDelay : [[506.4004713702569, 504.4604242332312, 500.9143818099081, 496.5229436289173, 492.07064926602555, 487.963584339423, 484.56722590548065, 480.0105033149326, 475.4094529834393, 471.1685076850954, 466.85165691658585, 462.46649122492727, 458.51984210243455, 454.76785789219105, 451.49107210297194, 448.64196489267476, 446.07776840340733, 444.3699915630666, 444.23299240676, 445.509693166084]]
04/05/2022 16:10:39 PM - INFO - sample List of time: [[14474, 14491, 14509, 14526, 14544, 14579, 14613, 14646, 14676, 14706, 14735, 14765, 14795, 14825, 14858, 14929, 14965, 15000, 15036, 15085]]
04/05/2022 16:10:39 PM - INFO - update trend: [-0.10939937327127612]
04/05/2022 16:10:39 PM - INFO - estimateQueueDelayDuration [-26.25584958510627] = queueDelayDelta [-0.4375974930851045] * numCount[432]
04/05/2022 16:10:39 PM - INFO - [in this interval] signal is [Signal.NORMAL]
04/05/2022 16:10:39 PM - INFO - [in this interval] adaptiveThresholdGamma is [52.93426303826712]
04/05/2022 16:10:39 PM - INFO - [in this interval] state is [State.INCREASE]
04/05/2022 16:10:39 PM - INFO - [in this interval] now real rate is [0.6639344262295082]mbps
04/05/2022 16:10:39 PM - INFO - [in this interval] now real rtt is [3724]
04/05/2022 16:10:39 PM - INFO - [in this interval] aimd control rate is [0.5324428572268547] mbps
04/05/2022 16:10:39 PM - INFO - [in this interval] delay-rate is [0.5324428572268547] mbps
04/05/2022 16:10:39 PM - INFO - average delay [1650.6666666666667]
04/05/2022 16:10:39 PM - INFO - average delay [1671.0]
04/05/2022 16:10:39 PM - INFO - average delay [1685.0]
04/05/2022 16:10:39 PM - INFO - average delay [1656.0]
04/05/2022 16:10:39 PM - INFO - nowTs is [15637], lastTs is [15407]
04/05/2022 16:10:39 PM - INFO - [in this interval] loss-ratio is [0.35294117647058826]
04/05/2022 16:10:39 PM - INFO - [in this interval] group num is [8]
04/05/2022 16:10:39 PM - INFO - [in this interval] delayDelta from group is [[14, -11, -11, -16, -47, -2, -11]]
04/05/2022 16:10:39 PM - INFO - sample List of accDelay : [[480.0105033149326, 475.4094529834393, 471.1685076850954, 466.85165691658585, 462.46649122492727, 458.51984210243455, 454.76785789219105, 451.49107210297194, 448.64196489267476, 446.07776840340733, 444.3699915630666, 444.23299240676, 445.509693166084, 448.05872384947554, 449.252851464528, 449.2275663180752, 447.60480968626774, 441.44432871764093, 435.6998958458768, 429.42990626128915]]
04/05/2022 16:10:39 PM - INFO - sample List of time: [[14646, 14676, 14706, 14735, 14765, 14795, 14825, 14858, 14929, 14965, 15000, 15036, 15085, 15183, 15232, 15251, 15270, 15289, 15307, 15345]]
04/05/2022 16:10:39 PM - INFO - update trend: [-0.0474117672444037]
04/05/2022 16:10:39 PM - INFO - estimateQueueDelayDuration [-11.378824138656888] = queueDelayDelta [-0.1896470689776148] * numCount[439]
04/05/2022 16:10:39 PM - INFO - [in this interval] signal is [Signal.NORMAL]
04/05/2022 16:10:39 PM - INFO - [in this interval] adaptiveThresholdGamma is [52.186265138074134]
04/05/2022 16:10:39 PM - INFO - [in this interval] state is [State.INCREASE]
04/05/2022 16:10:39 PM - INFO - [in this interval] now real rate is [0.5834754098360655]mbps
04/05/2022 16:10:39 PM - INFO - [in this interval] now real rtt is [3594]
04/05/2022 16:10:39 PM - INFO - [in this interval] aimd control rate is [0.5368798810370784] mbps
04/05/2022 16:10:39 PM - INFO - [in this interval] delay-rate is [0.5368798810370784] mbps
04/05/2022 16:10:39 PM - INFO - average delay [1602.25]
04/05/2022 16:10:39 PM - INFO - average delay [1570.5]
04/05/2022 16:10:39 PM - INFO - average delay [1498.5]
04/05/2022 16:10:39 PM - INFO - average delay [1452.0]
04/05/2022 16:10:39 PM - INFO - nowTs is [15884], lastTs is [15637]
04/05/2022 16:10:39 PM - INFO - [in this interval] loss-ratio is [0.46875]
04/05/2022 16:10:39 PM - INFO - [in this interval] group num is [12]
04/05/2022 16:10:39 PM - INFO - [in this interval] delayDelta from group is [[-1, -41, -17, -17, -18, -11, -23, -4, -4, -17, -18]]
04/05/2022 16:10:39 PM - INFO - sample List of accDelay : [[444.23299240676, 445.509693166084, 448.05872384947554, 449.252851464528, 449.2275663180752, 447.60480968626774, 441.44432871764093, 435.6998958458768, 429.42990626128915, 423.68691563516023, 414.4182240716442, 404.3764016644798, 393.6387614980318, 382.1748853482286, 370.75739681340576, 358.1816571320652, 346.46349141885867, 335.5171422769728, 323.9654280492755, 311.7688852443479]]
04/05/2022 16:10:39 PM - INFO - sample List of time: [[15036, 15085, 15183, 15232, 15251, 15270, 15289, 15307, 15345, 15382, 15421, 15440, 15458, 15476, 15488, 15512, 15524, 15550, 15586, 15599]]
04/05/2022 16:10:39 PM - INFO - update trend: [-0.2561851882091064]
04/05/2022 16:10:39 PM - INFO - estimateQueueDelayDuration [-61.48444517018554] = queueDelayDelta [-1.0247407528364256] * numCount[450]
04/05/2022 16:10:39 PM - INFO - [in this interval] signal is [Signal.UNDER_USE]
04/05/2022 16:10:39 PM - INFO - [in this interval] adaptiveThresholdGamma is [61.48444517018554]
04/05/2022 16:10:39 PM - INFO - [in this interval] state is [State.HOLD]
04/05/2022 16:10:39 PM - INFO - [in this interval] now real rate is [0.6167044025157232]mbps
04/05/2022 16:10:39 PM - INFO - [in this interval] now real rtt is [3228]
04/05/2022 16:10:39 PM - INFO - [in this interval] aimd control rate is [0.5368798810370784] mbps
04/05/2022 16:10:39 PM - INFO - [in this interval] delay-rate is [0.5368798810370784] mbps
04/05/2022 16:10:39 PM - INFO - average delay [1433.4]
04/05/2022 16:10:39 PM - INFO - average delay [1430.5]
04/05/2022 16:10:39 PM - INFO - average delay [1453.25]
04/05/2022 16:10:39 PM - INFO - average delay [1453.25]
04/05/2022 16:10:39 PM - INFO - nowTs is [16132], lastTs is [15884]
04/05/2022 16:10:39 PM - INFO - [in this interval] loss-ratio is [0.4090909090909091]
04/05/2022 16:10:39 PM - INFO - [in this interval] group num is [9]
04/05/2022 16:10:39 PM - INFO - [in this interval] delayDelta from group is [[19, 8, -2, -8, -1, 3, 18, -44]]
04/05/2022 16:10:39 PM - INFO - sample List of accDelay : [[429.42990626128915, 423.68691563516023, 414.4182240716442, 404.3764016644798, 393.6387614980318, 382.1748853482286, 370.75739681340576, 358.1816571320652, 346.46349141885867, 335.5171422769728, 323.9654280492755, 311.7688852443479, 302.69199671991316, 295.3227970479218, 288.4905173431296, 281.5414656088166, 275.187319047935, 269.7685871431415, 266.69172842882733, 259.5225555859446]]
04/05/2022 16:10:39 PM - INFO - sample List of time: [[15345, 15382, 15421, 15440, 15458, 15476, 15488, 15512, 15524, 15550, 15586, 15599, 15636, 15690, 15713, 15731, 15748, 15772, 15790, 15843]]
04/05/2022 16:10:39 PM - INFO - update trend: [-0.3786765314288855]
04/05/2022 16:10:39 PM - INFO - estimateQueueDelayDuration [-90.88236754293253] = queueDelayDelta [-1.514706125715542] * numCount[458]
04/05/2022 16:10:39 PM - INFO - [in this interval] signal is [Signal.UNDER_USE]
04/05/2022 16:10:39 PM - INFO - [in this interval] adaptiveThresholdGamma is [61.48444517018554]
04/05/2022 16:10:39 PM - INFO - [in this interval] state is [State.HOLD]
04/05/2022 16:10:39 PM - INFO - [in this interval] now real rate is [0.5718303030303031]mbps
04/05/2022 16:10:39 PM - INFO - [in this interval] now real rtt is [3254]
04/05/2022 16:10:39 PM - INFO - [in this interval] aimd control rate is [0.5368798810370784] mbps
04/05/2022 16:10:39 PM - INFO - [in this interval] delay-rate is [0.5368798810370784] mbps
04/05/2022 16:10:39 PM - INFO - average delay [1449.3333333333333]
04/05/2022 16:10:39 PM - INFO - average delay [1446.3333333333333]
04/05/2022 16:10:39 PM - INFO - average delay [1441.25]
04/05/2022 16:10:39 PM - INFO - average delay [1463.5]
04/05/2022 16:10:39 PM - INFO - nowTs is [16364], lastTs is [16132]
04/05/2022 16:10:39 PM - INFO - [in this interval] loss-ratio is [0.3]
04/05/2022 16:10:39 PM - INFO - [in this interval] group num is [7]
04/05/2022 16:10:39 PM - INFO - [in this interval] delayDelta from group is [[-14, 13, 15, -1, 9, -18]]
04/05/2022 16:10:39 PM - INFO - sample List of accDelay : [[370.75739681340576, 358.1816571320652, 346.46349141885867, 335.5171422769728, 323.9654280492755, 311.7688852443479, 302.69199671991316, 295.3227970479218, 288.4905173431296, 281.5414656088166, 275.187319047935, 269.7685871431415, 266.69172842882733, 259.5225555859446, 251.67030002735012, 245.90327002461513, 242.2129430221536, 238.79164871993822, 236.6124838479444, 232.85123546314995]]
04/05/2022 16:10:39 PM - INFO - sample List of time: [[15488, 15512, 15524, 15550, 15586, 15599, 15636, 15690, 15713, 15731, 15748, 15772, 15790, 15843, 15892, 15908, 15956, 16006, 16040, 16074]]
04/05/2022 16:10:39 PM - INFO - update trend: [-0.22445853770834084]
04/05/2022 16:10:39 PM - INFO - estimateQueueDelayDuration [-53.8700490500018] = queueDelayDelta [-0.8978341508333634] * numCount[464]
04/05/2022 16:10:39 PM - INFO - [in this interval] signal is [Signal.NORMAL]
04/05/2022 16:10:39 PM - INFO - [in this interval] adaptiveThresholdGamma is [61.34738604002223]
04/05/2022 16:10:39 PM - INFO - [in this interval] state is [State.INCREASE]
04/05/2022 16:10:39 PM - INFO - [in this interval] now real rate is [0.5170569105691056]mbps
04/05/2022 16:10:39 PM - INFO - [in this interval] now real rtt is [3318]
04/05/2022 16:10:39 PM - INFO - [in this interval] aimd control rate is [0.5413538800457207] mbps
04/05/2022 16:10:39 PM - INFO - [in this interval] delay-rate is [0.5413538800457207] mbps
04/05/2022 16:10:39 PM - INFO - average delay [1467.0]
04/05/2022 16:10:39 PM - INFO - average delay [1470.25]
04/05/2022 16:10:39 PM - INFO - average delay [1473.5]
04/05/2022 16:10:39 PM - INFO - average delay [1486.6666666666667]
04/05/2022 16:10:39 PM - INFO - nowTs is [16612], lastTs is [16364]
04/05/2022 16:10:39 PM - INFO - [in this interval] loss-ratio is [0.38095238095238093]
04/05/2022 16:10:39 PM - INFO - [in this interval] group num is [10]
04/05/2022 16:10:39 PM - INFO - [in this interval] delayDelta from group is [[0, 6, 2, -6, 2, 25, 7, 8, -9]]
04/05/2022 16:10:39 PM - INFO - sample List of accDelay : [[281.5414656088166, 275.187319047935, 269.7685871431415, 266.69172842882733, 259.5225555859446, 251.67030002735012, 245.90327002461513, 242.2129430221536, 238.79164871993822, 236.6124838479444, 232.85123546314995, 229.46611191683496, 227.01950072515146, 225.01755065263632, 222.61579558737267, 220.6542160286354, 221.38879442577186, 222.74991498319469, 224.77492348487522, 225.6974311363877]]
04/05/2022 16:10:39 PM - INFO - sample List of time: [[15731, 15748, 15772, 15790, 15843, 15892, 15908, 15956, 16006, 16040, 16074, 16109, 16144, 16160, 16177, 16211, 16228, 16273, 16295, 16318]]
04/05/2022 16:10:39 PM - INFO - update trend: [-0.09739404122444172]
04/05/2022 16:10:39 PM - INFO - estimateQueueDelayDuration [-23.374569893866013] = queueDelayDelta [-0.38957616489776686] * numCount[473]
04/05/2022 16:10:39 PM - INFO - [in this interval] signal is [Signal.NORMAL]
04/05/2022 16:10:39 PM - INFO - [in this interval] adaptiveThresholdGamma is [60.66387534939142]
04/05/2022 16:10:39 PM - INFO - [in this interval] state is [State.INCREASE]
04/05/2022 16:10:39 PM - INFO - [in this interval] now real rate is [0.5748387096774193]mbps
04/05/2022 16:10:39 PM - INFO - [in this interval] now real rtt is [3414]
04/05/2022 16:10:39 PM - INFO - [in this interval] aimd control rate is [0.545865162379435] mbps
04/05/2022 16:10:39 PM - INFO - [in this interval] delay-rate is [0.545865162379435] mbps
04/05/2022 16:10:39 PM - INFO - average delay [1510.3333333333333]
04/05/2022 16:10:39 PM - INFO - average delay [1519.5]
04/05/2022 16:10:39 PM - INFO - average delay [1535.0]
04/05/2022 16:10:39 PM - INFO - average delay [1535.0]
04/05/2022 16:10:39 PM - INFO - nowTs is [16849], lastTs is [16612]
04/05/2022 16:10:39 PM - INFO - [in this interval] loss-ratio is [0.0]
04/05/2022 16:10:39 PM - INFO - [in this interval] group num is [7]
04/05/2022 16:10:39 PM - INFO - [in this interval] delayDelta from group is [[9, 13, -3, -3, 2, -2]]
04/05/2022 16:10:39 PM - INFO - sample List of accDelay : [[245.90327002461513, 242.2129430221536, 238.79164871993822, 236.6124838479444, 232.85123546314995, 229.46611191683496, 227.01950072515146, 225.01755065263632, 222.61579558737267, 220.6542160286354, 221.38879442577186, 222.74991498319469, 224.77492348487522, 225.6974311363877, 227.42768802274892, 230.28491922047402, 232.5564272984266, 234.30078456858394, 236.07070611172554, 237.46363550055298]]
04/05/2022 16:10:39 PM - INFO - sample List of time: [[15908, 15956, 16006, 16040, 16074, 16109, 16144, 16160, 16177, 16211, 16228, 16273, 16295, 16318, 16360, 16404, 16447, 16479, 16511, 16543]]
04/05/2022 16:10:39 PM - INFO - update trend: [-0.009842144943649447]
04/05/2022 16:10:39 PM - INFO - estimateQueueDelayDuration [-2.3621147864758676] = queueDelayDelta [-0.03936857977459779] * numCount[479]
04/05/2022 16:10:39 PM - INFO - [in this interval] signal is [Signal.NORMAL]
04/05/2022 16:10:39 PM - INFO - [in this interval] adaptiveThresholdGamma is [59.61444365925894]
04/05/2022 16:10:39 PM - INFO - [in this interval] state is [State.INCREASE]
04/05/2022 16:10:39 PM - INFO - [in this interval] now real rate is [0.5959422680412371]mbps
04/05/2022 16:10:39 PM - INFO - [in this interval] now real rtt is [3478]
04/05/2022 16:10:39 PM - INFO - [in this interval] aimd control rate is [0.550414038732597] mbps
04/05/2022 16:10:39 PM - INFO - [in this interval] delay-rate is [0.550414038732597] mbps
04/05/2022 16:10:39 PM - INFO - average delay [1534.25]
04/05/2022 16:10:39 PM - INFO - average delay [1532.5]
04/05/2022 16:10:39 PM - INFO - average delay [1536.0]
04/05/2022 16:10:39 PM - INFO - average delay [1570.0]
04/05/2022 16:10:39 PM - INFO - nowTs is [17075], lastTs is [16849]
04/05/2022 16:10:39 PM - INFO - [in this interval] loss-ratio is [0.0]
04/05/2022 16:10:39 PM - INFO - [in this interval] group num is [5]
04/05/2022 16:10:39 PM - INFO - [in this interval] delayDelta from group is [[2, 30, 29, 7]]
04/05/2022 16:10:39 PM - INFO - sample List of accDelay : [[232.85123546314995, 229.46611191683496, 227.01950072515146, 225.01755065263632, 222.61579558737267, 220.6542160286354, 221.38879442577186, 222.74991498319469, 224.77492348487522, 225.6974311363877, 227.42768802274892, 230.28491922047402, 232.5564272984266, 234.30078456858394, 236.07070611172554, 237.46363550055298, 238.91727195049768, 243.2255447554479, 250.00299027990312, 256.8026912519128]]
04/05/2022 16:10:39 PM - INFO - sample List of time: [[16074, 16109, 16144, 16160, 16177, 16211, 16228, 16273, 16295, 16318, 16360, 16404, 16447, 16479, 16511, 16543, 16609, 16641, 16706, 16770]]
04/05/2022 16:10:39 PM - INFO - update trend: [0.039292820662860536]
04/05/2022 16:10:39 PM - INFO - estimateQueueDelayDuration [9.430276959086529] = queueDelayDelta [0.15717128265144215] * numCount[483]
04/05/2022 16:10:39 PM - INFO - [in this interval] signal is [Signal.NORMAL]
04/05/2022 16:10:39 PM - INFO - [in this interval] adaptiveThresholdGamma is [58.71112865865584]
04/05/2022 16:10:39 PM - INFO - [in this interval] state is [State.INCREASE]
04/05/2022 16:10:39 PM - INFO - [in this interval] now real rate is [0.5195537190082645]mbps
04/05/2022 16:10:39 PM - INFO - [in this interval] now real rtt is [3610]
04/05/2022 16:10:39 PM - INFO - [in this interval] aimd control rate is [0.555000822388702] mbps
04/05/2022 16:10:39 PM - INFO - [in this interval] delay-rate is [0.555000822388702] mbps
04/05/2022 16:10:39 PM - INFO - average delay [1601.5]
04/05/2022 16:10:39 PM - INFO - average delay [1585.0]
04/05/2022 16:10:39 PM - INFO - average delay [1582.25]
04/05/2022 16:10:39 PM - INFO - average delay [1579.5]
04/05/2022 16:10:39 PM - INFO - nowTs is [17333], lastTs is [17075]
04/05/2022 16:10:39 PM - INFO - [in this interval] loss-ratio is [0.1111111111111111]
04/05/2022 16:10:39 PM - INFO - [in this interval] group num is [9]
04/05/2022 16:10:39 PM - INFO - [in this interval] delayDelta from group is [[-7, 3, -3, -4, 2, -3, -7, -13]]
04/05/2022 16:10:39 PM - INFO - sample List of accDelay : [[224.77492348487522, 225.6974311363877, 227.42768802274892, 230.28491922047402, 232.5564272984266, 234.30078456858394, 236.07070611172554, 237.46363550055298, 238.91727195049768, 243.2255447554479, 250.00299027990312, 256.8026912519128, 262.22242212672154, 267.4001799140494, 271.76016192264444, 275.28414573038003, 278.655731157342, 281.39015804160783, 283.15114223744706, 283.43602801370236]]
04/05/2022 16:10:39 PM - INFO - sample List of time: [[16295, 16318, 16360, 16404, 16447, 16479, 16511, 16543, 16609, 16641, 16706, 16770, 16827, 16860, 16893, 16925, 16956, 16988, 17020, 17048]]
04/05/2022 16:10:39 PM - INFO - update trend: [0.08443411052519516]
04/05/2022 16:10:39 PM - INFO - estimateQueueDelayDuration [20.26418652604684] = queueDelayDelta [0.33773644210078063] * numCount[491]
04/05/2022 16:10:39 PM - INFO - [in this interval] signal is [Signal.NORMAL]
04/05/2022 16:10:39 PM - INFO - [in this interval] adaptiveThresholdGamma is [58.01908370026887]
04/05/2022 16:10:39 PM - INFO - [in this interval] state is [State.INCREASE]
04/05/2022 16:10:39 PM - INFO - [in this interval] now real rate is [0.48224793388429754]mbps
04/05/2022 16:10:39 PM - INFO - [in this interval] now real rtt is [3526]
04/05/2022 16:10:39 PM - INFO - [in this interval] aimd control rate is [0.5596258292419412] mbps
04/05/2022 16:10:39 PM - INFO - [in this interval] delay-rate is [0.5596258292419412] mbps
04/05/2022 16:10:39 PM - INFO - average delay [1572.6]
04/05/2022 16:10:39 PM - INFO - average delay [1574.5]
04/05/2022 16:10:39 PM - INFO - average delay [1598.75]
04/05/2022 16:10:39 PM - INFO - average delay [1610.0]
04/05/2022 16:10:39 PM - INFO - nowTs is [17564], lastTs is [17333]
04/05/2022 16:10:39 PM - INFO - [in this interval] loss-ratio is [0.15789473684210525]
04/05/2022 16:10:39 PM - INFO - [in this interval] group num is [11]
04/05/2022 16:10:39 PM - INFO - [in this interval] delayDelta from group is [[7, 10, 19, 6, 3, 1, -13, 4, 11, 2]]
04/05/2022 16:10:39 PM - INFO - sample List of accDelay : [[250.00299027990312, 256.8026912519128, 262.22242212672154, 267.4001799140494, 271.76016192264444, 275.28414573038003, 278.655731157342, 281.39015804160783, 283.15114223744706, 283.43602801370236, 284.3924252123321, 286.2531826910989, 289.82786442198903, 293.64507797979013, 297.3805701818111, 300.84251316363, 302.65826184726694, 304.6924356625403, 307.62319209628623, 310.4608728866576]]
04/05/2022 16:10:39 PM - INFO - sample List of time: [[16706, 16770, 16827, 16860, 16893, 16925, 16956, 16988, 17020, 17048, 17071, 17088, 17128, 17162, 17178, 17201, 17212, 17229, 17243, 17264]]
04/05/2022 16:10:39 PM - INFO - update trend: [0.10087574109060346]
04/05/2022 16:10:39 PM - INFO - estimateQueueDelayDuration [24.21017786174483] = queueDelayDelta [0.40350296436241384] * numCount[501]
04/05/2022 16:10:39 PM - INFO - [in this interval] signal is [Signal.NORMAL]
04/05/2022 16:10:39 PM - INFO - [in this interval] adaptiveThresholdGamma is [57.41052339517544]
04/05/2022 16:10:39 PM - INFO - [in this interval] state is [State.INCREASE]
04/05/2022 16:10:39 PM - INFO - [in this interval] now real rate is [0.5929652351738242]mbps
04/05/2022 16:10:39 PM - INFO - [in this interval] now real rtt is [3638]
04/05/2022 16:10:39 PM - INFO - [in this interval] aimd control rate is [0.5642893778189573] mbps
04/05/2022 16:10:39 PM - INFO - [in this interval] delay-rate is [0.5642893778189573] mbps
04/05/2022 16:10:39 PM - INFO - average delay [1613.25]
04/05/2022 16:10:39 PM - INFO - average delay [1614.5]
04/05/2022 16:10:39 PM - INFO - average delay [1594.6]
04/05/2022 16:10:39 PM - INFO - average delay [1568.8]
04/05/2022 16:10:39 PM - INFO - nowTs is [17806], lastTs is [17564]
04/05/2022 16:10:39 PM - INFO - [in this interval] loss-ratio is [0.46875]
04/05/2022 16:10:39 PM - INFO - [in this interval] group num is [11]
04/05/2022 16:10:39 PM - INFO - [in this interval] delayDelta from group is [[4, -4, -6, 0, -6, -21, 5, -15, -11, 0]]
04/05/2022 16:10:39 PM - INFO - sample List of accDelay : [[284.3924252123321, 286.2531826910989, 289.82786442198903, 293.64507797979013, 297.3805701818111, 300.84251316363, 302.65826184726694, 304.6924356625403, 307.62319209628623, 310.4608728866576, 313.41478559799185, 315.67330703819266, 317.1059763343734, 318.3953787009361, 318.9558408308425, 317.3602567477582, 316.4242310729824, 314.0818079656842, 310.8736271691158, 307.98626445220424]]
04/05/2022 16:10:39 PM - INFO - sample List of time: [[17071, 17088, 17128, 17162, 17178, 17201, 17212, 17229, 17243, 17264, 17312, 17326, 17347, 17361, 17376, 17390, 17414, 17444, 17469, 17493]]
04/05/2022 16:10:39 PM - INFO - update trend: [0.07442200315984611]
04/05/2022 16:10:39 PM - INFO - estimateQueueDelayDuration [17.861280758363066] = queueDelayDelta [0.29768801263938444] * numCount[511]
04/05/2022 16:10:39 PM - INFO - [in this interval] signal is [Signal.NORMAL]
04/05/2022 16:10:39 PM - INFO - [in this interval] adaptiveThresholdGamma is [56.69863702771281]
04/05/2022 16:10:39 PM - INFO - [in this interval] state is [State.INCREASE]
04/05/2022 16:10:39 PM - INFO - [in this interval] now real rate is [0.6121046277665997]mbps
04/05/2022 16:10:39 PM - INFO - [in this interval] now real rtt is [3522]
04/05/2022 16:10:39 PM - INFO - [in this interval] aimd control rate is [0.5689917893007819] mbps
04/05/2022 16:10:39 PM - INFO - [in this interval] delay-rate is [0.5689917893007819] mbps
04/05/2022 16:10:39 PM - INFO - average delay [1551.8]
04/05/2022 16:10:39 PM - INFO - average delay [1564.75]
04/05/2022 16:10:39 PM - INFO - average delay [1568.25]
04/05/2022 16:10:39 PM - INFO - average delay [1578.0]
04/05/2022 16:10:39 PM - INFO - nowTs is [18040], lastTs is [17806]
04/05/2022 16:10:39 PM - INFO - [in this interval] loss-ratio is [0.125]
04/05/2022 16:10:39 PM - INFO - [in this interval] group num is [7]
04/05/2022 16:10:39 PM - INFO - [in this interval] delayDelta from group is [[9, 1, -4, 28, 1, -6]]
04/05/2022 16:10:39 PM - INFO - sample List of accDelay : [[302.65826184726694, 304.6924356625403, 307.62319209628623, 310.4608728866576, 313.41478559799185, 315.67330703819266, 317.1059763343734, 318.3953787009361, 318.9558408308425, 317.3602567477582, 316.4242310729824, 314.0818079656842, 310.8736271691158, 307.98626445220424, 306.2876380069838, 304.8588742062854, 303.17298678565686, 304.4556881070912, 305.71011929638206, 306.23910736674384]]
04/05/2022 16:10:39 PM - INFO - sample List of time: [[17212, 17229, 17243, 17264, 17312, 17326, 17347, 17361, 17376, 17390, 17414, 17444, 17469, 17493, 17548, 17572, 17618, 17639, 17712, 17733]]
04/05/2022 16:10:39 PM - INFO - update trend: [-0.012542317340142993]
04/05/2022 16:10:39 PM - INFO - estimateQueueDelayDuration [-3.010156161634318] = queueDelayDelta [-0.05016926936057197] * numCount[517]
04/05/2022 16:10:39 PM - INFO - [in this interval] signal is [Signal.NORMAL]
04/05/2022 16:10:39 PM - INFO - [in this interval] adaptiveThresholdGamma is [55.7322443721234]
04/05/2022 16:10:39 PM - INFO - [in this interval] state is [State.INCREASE]
04/05/2022 16:10:39 PM - INFO - [in this interval] now real rate is [0.5302903885480573]mbps
04/05/2022 16:10:39 PM - INFO - [in this interval] now real rtt is [3590]
04/05/2022 16:10:39 PM - INFO - [in this interval] aimd control rate is [0.5737333875449552] mbps
04/05/2022 16:10:39 PM - INFO - [in this interval] delay-rate is [0.5737333875449552] mbps
04/05/2022 16:10:39 PM - INFO - average delay [1594.75]
04/05/2022 16:10:39 PM - INFO - average delay [1607.0]
04/05/2022 16:10:39 PM - INFO - average delay [1598.5]
04/05/2022 16:10:39 PM - INFO - average delay [1611.0]
04/05/2022 16:10:39 PM - INFO - nowTs is [18292], lastTs is [18040]
04/05/2022 16:10:39 PM - INFO - [in this interval] loss-ratio is [0.0]
04/05/2022 16:10:39 PM - INFO - [in this interval] group num is [7]
04/05/2022 16:10:39 PM - INFO - [in this interval] delayDelta from group is [[1, -14, -1, 3, 27, 55]]
04/05/2022 16:10:39 PM - INFO - sample List of accDelay : [[317.1059763343734, 318.3953787009361, 318.9558408308425, 317.3602567477582, 316.4242310729824, 314.0818079656842, 310.8736271691158, 307.98626445220424, 306.2876380069838, 304.8588742062854, 303.17298678565686, 304.4556881070912, 305.71011929638206, 306.23910736674384, 306.81519663006947, 305.9336769670625, 305.04030927035626, 304.53627834332065, 306.7826505089886, 314.3043854580897]]
04/05/2022 16:10:39 PM - INFO - sample List of time: [[17347, 17361, 17376, 17390, 17414, 17444, 17469, 17493, 17548, 17572, 17618, 17639, 17712, 17733, 17788, 17809, 17830, 17864, 17897, 17949]]
04/05/2022 16:10:39 PM - INFO - update trend: [-0.018067445041713967]
04/05/2022 16:10:39 PM - INFO - estimateQueueDelayDuration [-4.336186810011352] = queueDelayDelta [-0.07226978016685587] * numCount[523]
04/05/2022 16:10:39 PM - INFO - [in this interval] signal is [Signal.NORMAL]
04/05/2022 16:10:39 PM - INFO - [in this interval] adaptiveThresholdGamma is [54.80711533600538]
04/05/2022 16:10:39 PM - INFO - [in this interval] state is [State.INCREASE]
04/05/2022 16:10:39 PM - INFO - [in this interval] now real rate is [0.4332181069958848]mbps
04/05/2022 16:10:39 PM - INFO - [in this interval] now real rtt is [3764]
04/05/2022 16:10:39 PM - INFO - [in this interval] aimd control rate is [0.5785144991078298] mbps
04/05/2022 16:10:39 PM - INFO - [in this interval] delay-rate is [0.5785144991078298] mbps
04/05/2022 16:10:39 PM - INFO - average delay [1668.5]
04/05/2022 16:10:39 PM - INFO - average delay [1678.0]
04/05/2022 16:10:39 PM - INFO - average delay [1671.3333333333333]
04/05/2022 16:10:39 PM - INFO - average delay [1658.25]
04/05/2022 16:10:39 PM - INFO - nowTs is [18516], lastTs is [18292]
04/05/2022 16:10:39 PM - INFO - [in this interval] loss-ratio is [0.0]
04/05/2022 16:10:39 PM - INFO - [in this interval] group num is [9]
04/05/2022 16:10:39 PM - INFO - [in this interval] delayDelta from group is [[-12, 2, 8, -2, -12, -17, -17, 22]]
04/05/2022 16:10:39 PM - INFO - sample List of accDelay : [[306.2876380069838, 304.8588742062854, 303.17298678565686, 304.4556881070912, 305.71011929638206, 306.23910736674384, 306.81519663006947, 305.9336769670625, 305.04030927035626, 304.53627834332065, 306.7826505089886, 314.3043854580897, 319.87394691228076, 325.08655222105267, 330.57789699894744, 335.3201072990527, 338.3880965691475, 339.4492869122327, 338.70435822100944, 340.2339223989085]]
04/05/2022 16:10:39 PM - INFO - sample List of time: [[17548, 17572, 17618, 17639, 17712, 17733, 17788, 17809, 17830, 17864, 17897, 17949, 18051, 18069, 18111, 18129, 18147, 18165, 18183, 18201]]
04/05/2022 16:10:39 PM - INFO - update trend: [0.06009024489171274]
04/05/2022 16:10:39 PM - INFO - estimateQueueDelayDuration [14.421658774011057] = queueDelayDelta [0.24036097956685096] * numCount[531]
04/05/2022 16:10:39 PM - INFO - [in this interval] signal is [Signal.NORMAL]
04/05/2022 16:10:39 PM - INFO - [in this interval] adaptiveThresholdGamma is [54.080177117889484]
04/05/2022 16:10:39 PM - INFO - [in this interval] state is [State.INCREASE]
04/05/2022 16:10:39 PM - INFO - [in this interval] now real rate is [0.43079918864097366]mbps
04/05/2022 16:10:39 PM - INFO - [in this interval] now real rtt is [3712]
04/05/2022 16:10:39 PM - INFO - [in this interval] aimd control rate is [0.5817284685473176] mbps
04/05/2022 16:10:39 PM - INFO - [in this interval] delay-rate is [0.5817284685473176] mbps
04/05/2022 16:10:39 PM - INFO - average delay [1643.3333333333333]
04/05/2022 16:10:39 PM - INFO - average delay [1664.0]
04/05/2022 16:10:39 PM - INFO - average delay [1626.0]
04/05/2022 16:10:39 PM - INFO - average delay [1581.0]
04/05/2022 16:10:39 PM - INFO - nowTs is [18763], lastTs is [18516]
04/05/2022 16:10:39 PM - INFO - [in this interval] loss-ratio is [0.0]
04/05/2022 16:10:39 PM - INFO - [in this interval] group num is [12]
04/05/2022 16:10:39 PM - INFO - [in this interval] delayDelta from group is [[-13, -18, -12, -16, -16, -8, -14, -14, -8, -12, -24]]
04/05/2022 16:10:39 PM - INFO - sample List of accDelay : [[314.3043854580897, 319.87394691228076, 325.08655222105267, 330.57789699894744, 335.3201072990527, 338.3880965691475, 339.4492869122327, 338.70435822100944, 340.2339223989085, 340.3105301590176, 338.57947714311587, 335.8215294288043, 331.73937648592386, 326.4654388373315, 320.9188949535983, 314.5270054582385, 307.37430491241463, 300.13687442117316, 292.42318697905586, 283.08086828115023]]
04/05/2022 16:10:39 PM - INFO - sample List of time: [[17949, 18051, 18069, 18111, 18129, 18147, 18165, 18183, 18201, 18280, 18297, 18314, 18332, 18351, 18370, 18392, 18413, 18434, 18456, 18479]]
04/05/2022 16:10:39 PM - INFO - update trend: [-0.05783599436949709]
04/05/2022 16:10:39 PM - INFO - estimateQueueDelayDuration [-13.880638648679302] = queueDelayDelta [-0.23134397747798835] * numCount[542]
04/05/2022 16:10:39 PM - INFO - [in this interval] signal is [Signal.NORMAL]
04/05/2022 16:10:39 PM - INFO - [in this interval] adaptiveThresholdGamma is [53.3565854254437]
04/05/2022 16:10:39 PM - INFO - [in this interval] state is [State.INCREASE]
04/05/2022 16:10:39 PM - INFO - [in this interval] now real rate is [0.5350488322717621]mbps
04/05/2022 16:10:39 PM - INFO - [in this interval] now real rtt is [3446]
04/05/2022 16:10:39 PM - INFO - [in this interval] aimd control rate is [0.5849602933725806] mbps
04/05/2022 16:10:39 PM - INFO - [in this interval] delay-rate is [0.5849602933725806] mbps
04/05/2022 16:10:39 PM - INFO - average delay [1546.2]
04/05/2022 16:10:39 PM - INFO - average delay [1521.0]
04/05/2022 16:10:39 PM - INFO - average delay [1512.0]
04/05/2022 16:10:39 PM - INFO - average delay [1519.0]
04/05/2022 16:10:39 PM - INFO - nowTs is [19007], lastTs is [18763]
04/05/2022 16:10:39 PM - INFO - [in this interval] loss-ratio is [0.0]
04/05/2022 16:10:39 PM - INFO - [in this interval] group num is [11]
04/05/2022 16:10:39 PM - INFO - [in this interval] delayDelta from group is [[-6, -11, 5, 0, 15, -13, -14, -8, -17, -19]]
04/05/2022 16:10:39 PM - INFO - sample List of accDelay : [[338.57947714311587, 335.8215294288043, 331.73937648592386, 326.4654388373315, 320.9188949535983, 314.5270054582385, 307.37430491241463, 300.13687442117316, 292.42318697905586, 283.08086828115023, 274.0727814530352, 264.8655033077317, 257.07895297695853, 250.07105767926268, 245.2639519113364, 239.63755672020275, 233.17380104818247, 226.5564209433642, 218.90077884902777, 210.110700964125]]
04/05/2022 16:10:39 PM - INFO - sample List of time: [[18297, 18314, 18332, 18351, 18370, 18392, 18413, 18434, 18456, 18479, 18502, 18526, 18550, 18595, 18610, 18635, 18657, 18678, 18700, 18723]]
04/05/2022 16:10:39 PM - INFO - update trend: [-0.3063486371428422]
04/05/2022 16:10:39 PM - INFO - estimateQueueDelayDuration [-73.52367291428213] = queueDelayDelta [-1.2253945485713689] * numCount[552]
04/05/2022 16:10:39 PM - INFO - [in this interval] signal is [Signal.UNDER_USE]
04/05/2022 16:10:39 PM - INFO - [in this interval] adaptiveThresholdGamma is [53.3565854254437]
04/05/2022 16:10:39 PM - INFO - [in this interval] state is [State.HOLD]
04/05/2022 16:10:39 PM - INFO - [in this interval] now real rate is [0.5768798370672098]mbps
04/05/2022 16:10:39 PM - INFO - [in this interval] now real rtt is [3334]
04/05/2022 16:10:39 PM - INFO - [in this interval] aimd control rate is [0.5849602933725806] mbps
04/05/2022 16:10:39 PM - INFO - [in this interval] delay-rate is [0.5849602933725806] mbps
04/05/2022 16:10:39 PM - INFO - average delay [1489.6666666666667]
04/05/2022 16:10:39 PM - INFO - average delay [1460.2]
04/05/2022 16:10:39 PM - INFO - average delay [1435.4]
04/05/2022 16:10:39 PM - INFO - average delay [1424.8]
04/05/2022 16:10:39 PM - INFO - nowTs is [19254], lastTs is [19007]
04/05/2022 16:10:39 PM - INFO - [in this interval] loss-ratio is [0.0]
04/05/2022 16:10:39 PM - INFO - [in this interval] group num is [9]
04/05/2022 16:10:39 PM - INFO - [in this interval] delayDelta from group is [[-7, -12, -10, -4, -7, -7, 25, -7]]
04/05/2022 16:10:39 PM - INFO - sample List of accDelay : [[292.42318697905586, 283.08086828115023, 274.0727814530352, 264.8655033077317, 257.07895297695853, 250.07105767926268, 245.2639519113364, 239.63755672020275, 233.17380104818247, 226.5564209433642, 218.90077884902777, 210.110700964125, 201.4996308677125, 192.54966778094126, 183.49470100284714, 174.9452309025624, 166.55070781230617, 158.29563703107556, 153.36607332796802, 148.2294659951712]]
04/05/2022 16:10:39 PM - INFO - sample List of time: [[18456, 18479, 18502, 18526, 18550, 18595, 18610, 18635, 18657, 18678, 18700, 18723, 18745, 18768, 18791, 18816, 18842, 18870, 18898, 18953]]
04/05/2022 16:10:39 PM - INFO - update trend: [-0.3067742281139227]
04/05/2022 16:10:39 PM - INFO - estimateQueueDelayDuration [-73.62581474734145] = queueDelayDelta [-1.2270969124556907] * numCount[560]
04/05/2022 16:10:39 PM - INFO - [in this interval] signal is [Signal.UNDER_USE]
04/05/2022 16:10:39 PM - INFO - [in this interval] adaptiveThresholdGamma is [53.3565854254437]
04/05/2022 16:10:39 PM - INFO - [in this interval] state is [State.HOLD]
04/05/2022 16:10:39 PM - INFO - [in this interval] now real rate is [0.6098411405295315]mbps
04/05/2022 16:10:39 PM - INFO - [in this interval] now real rtt is [3288]
04/05/2022 16:10:39 PM - INFO - [in this interval] aimd control rate is [0.5849602933725806] mbps
04/05/2022 16:10:39 PM - INFO - [in this interval] delay-rate is [0.5849602933725806] mbps
04/05/2022 16:10:39 PM - INFO - average delay [1440.6]
04/05/2022 16:10:39 PM - INFO - average delay [1437.75]
04/05/2022 16:10:39 PM - INFO - average delay [1454.25]
04/05/2022 16:10:39 PM - INFO - average delay [1489.3333333333333]
04/05/2022 16:10:39 PM - INFO - nowTs is [19481], lastTs is [19254]
04/05/2022 16:10:39 PM - INFO - [in this interval] loss-ratio is [0.0]
04/05/2022 16:10:39 PM - INFO - [in this interval] group num is [4]
04/05/2022 16:10:39 PM - INFO - [in this interval] delayDelta from group is [[29, 17, 59]]
04/05/2022 16:10:39 PM - INFO - sample List of accDelay : [[264.8655033077317, 257.07895297695853, 250.07105767926268, 245.2639519113364, 239.63755672020275, 233.17380104818247, 226.5564209433642, 218.90077884902777, 210.110700964125, 201.4996308677125, 192.54966778094126, 183.49470100284714, 174.9452309025624, 166.55070781230617, 158.29563703107556, 153.36607332796802, 148.2294659951712, 146.5065193956541, 146.65586745608869, 152.6902807104798]]
04/05/2022 16:10:39 PM - INFO - sample List of time: [[18526, 18550, 18595, 18610, 18635, 18657, 18678, 18700, 18723, 18745, 18768, 18791, 18816, 18842, 18870, 18898, 18953, 19023, 19082, 19129]]
04/05/2022 16:10:39 PM - INFO - update trend: [-0.2258679451173977]
04/05/2022 16:10:39 PM - INFO - estimateQueueDelayDuration [-54.208306828175445] = queueDelayDelta [-0.9034717804695908] * numCount[563]
04/05/2022 16:10:39 PM - INFO - [in this interval] signal is [Signal.UNDER_USE]
04/05/2022 16:10:39 PM - INFO - [in this interval] adaptiveThresholdGamma is [54.208306828175445]
04/05/2022 16:10:39 PM - INFO - [in this interval] state is [State.HOLD]
04/05/2022 16:10:39 PM - INFO - [in this interval] now real rate is [0.5454969818913481]mbps
04/05/2022 16:10:39 PM - INFO - [in this interval] now real rtt is [3502]
04/05/2022 16:10:39 PM - INFO - [in this interval] aimd control rate is [0.5849602933725806] mbps
04/05/2022 16:10:39 PM - INFO - [in this interval] delay-rate is [0.5849602933725806] mbps
04/05/2022 16:10:39 PM - INFO - average delay [1526.25]
04/05/2022 16:10:39 PM - INFO - average delay [1574.5]
04/05/2022 16:10:39 PM - INFO - average delay [1597.5]
04/05/2022 16:10:39 PM - INFO - average delay [1608.75]
04/05/2022 16:10:39 PM - INFO - nowTs is [19727], lastTs is [19481]
04/05/2022 16:10:39 PM - INFO - [in this interval] loss-ratio is [0.0]
04/05/2022 16:10:39 PM - INFO - [in this interval] group num is [6]
04/05/2022 16:10:39 PM - INFO - [in this interval] delayDelta from group is [[29, 6, 0, 6, -4]]
04/05/2022 16:10:39 PM - INFO - sample List of accDelay : [[233.17380104818247, 226.5564209433642, 218.90077884902777, 210.110700964125, 201.4996308677125, 192.54966778094126, 183.49470100284714, 174.9452309025624, 166.55070781230617, 158.29563703107556, 153.36607332796802, 148.2294659951712, 146.5065193956541, 146.65586745608869, 152.6902807104798, 161.02125263943182, 169.11912737548863, 176.40721463793977, 183.5664931741458, 189.60984385673123]]
04/05/2022 16:10:39 PM - INFO - sample List of time: [[18657, 18678, 18700, 18723, 18745, 18768, 18791, 18816, 18842, 18870, 18898, 18953, 19023, 19082, 19129, 19252, 19316, 19352, 19387, 19423]]
04/05/2022 16:10:39 PM - INFO - update trend: [-0.050391189185536395]
04/05/2022 16:10:39 PM - INFO - estimateQueueDelayDuration [-12.093885404528734] = queueDelayDelta [-0.20156475674214558] * numCount[568]
04/05/2022 16:10:39 PM - INFO - [in this interval] signal is [Signal.NORMAL]
04/05/2022 16:10:39 PM - INFO - [in this interval] adaptiveThresholdGamma is [53.45024724254981]
04/05/2022 16:10:39 PM - INFO - [in this interval] state is [State.INCREASE]
04/05/2022 16:10:39 PM - INFO - [in this interval] now real rate is [0.4698151950718686]mbps
04/05/2022 16:10:39 PM - INFO - [in this interval] now real rtt is [3634]
04/05/2022 16:10:39 PM - INFO - [in this interval] aimd control rate is [0.588210072780206] mbps
04/05/2022 16:10:39 PM - INFO - [in this interval] delay-rate is [0.588210072780206] mbps
04/05/2022 16:10:39 PM - INFO - average delay [1613.75]
04/05/2022 16:10:39 PM - INFO - average delay [1610.25]
04/05/2022 16:10:39 PM - INFO - average delay [1610.0]
04/05/2022 16:10:39 PM - INFO - average delay [1597.6]
04/05/2022 16:10:39 PM - INFO - nowTs is [19963], lastTs is [19727]
04/05/2022 16:10:39 PM - INFO - [in this interval] loss-ratio is [0.0]
04/05/2022 16:10:39 PM - INFO - [in this interval] group num is [9]
04/05/2022 16:10:39 PM - INFO - [in this interval] delayDelta from group is [[7, 7, -8, -8, -3, -9, 4, -6]]
04/05/2022 16:10:39 PM - INFO - sample List of accDelay : [[166.55070781230617, 158.29563703107556, 153.36607332796802, 148.2294659951712, 146.5065193956541, 146.65586745608869, 152.6902807104798, 161.02125263943182, 169.11912737548863, 176.40721463793977, 183.5664931741458, 189.60984385673123, 195.7488594710581, 201.97397352395228, 206.77657617155705, 210.29891855440135, 213.16902669896123, 214.85212402906512, 216.76691162615862, 217.89022046354273]]
04/05/2022 16:10:39 PM - INFO - sample List of time: [[18842, 18870, 18898, 18953, 19023, 19082, 19129, 19252, 19316, 19352, 19387, 19423, 19481, 19498, 19525, 19552, 19579, 19606, 19632, 19671]]
04/05/2022 16:10:39 PM - INFO - update trend: [0.08707780923366244]
04/05/2022 16:10:39 PM - INFO - estimateQueueDelayDuration [20.898674216078987] = queueDelayDelta [0.34831123693464977] * numCount[576]
04/05/2022 16:10:39 PM - INFO - [in this interval] signal is [Signal.NORMAL]
04/05/2022 16:10:39 PM - INFO - [in this interval] adaptiveThresholdGamma is [52.86431892807333]
04/05/2022 16:10:39 PM - INFO - [in this interval] state is [State.INCREASE]
04/05/2022 16:10:39 PM - INFO - [in this interval] now real rate is [0.5458755186721992]mbps
04/05/2022 16:10:39 PM - INFO - [in this interval] now real rtt is [3586]
04/05/2022 16:10:39 PM - INFO - [in this interval] aimd control rate is [0.5914779065178738] mbps
04/05/2022 16:10:39 PM - INFO - [in this interval] delay-rate is [0.5914779065178738] mbps
04/05/2022 16:10:39 PM - INFO - average delay [1593.0]
04/05/2022 16:10:39 PM - INFO - average delay [1584.0]
04/05/2022 16:10:39 PM - INFO - average delay [1593.5]
04/05/2022 16:10:39 PM - INFO - average delay [1598.5]
04/05/2022 16:10:39 PM - INFO - nowTs is [20207], lastTs is [19963]
04/05/2022 16:10:39 PM - INFO - [in this interval] loss-ratio is [0.0625]
04/05/2022 16:10:39 PM - INFO - [in this interval] group num is [8]
04/05/2022 16:10:39 PM - INFO - [in this interval] delayDelta from group is [[4, 9, 4, -10, -4, -10, -18]]
04/05/2022 16:10:39 PM - INFO - sample List of accDelay : [[161.02125263943182, 169.11912737548863, 176.40721463793977, 183.5664931741458, 189.60984385673123, 195.7488594710581, 201.97397352395228, 206.77657617155705, 210.29891855440135, 213.16902669896123, 214.85212402906512, 216.76691162615862, 217.89022046354273, 219.30119841718846, 221.47107857546962, 223.82397071792266, 224.9415736461304, 225.54741628151734, 225.0926746533656, 222.88340718802903]]
04/05/2022 16:10:39 PM - INFO - sample List of time: [[19252, 19316, 19352, 19387, 19423, 19481, 19498, 19525, 19552, 19579, 19606, 19632, 19671, 19729, 19768, 19807, 19846, 19871, 19897, 19922]]
04/05/2022 16:10:39 PM - INFO - update trend: [0.09176454149285972]
04/05/2022 16:10:39 PM - INFO - estimateQueueDelayDuration [22.023489958286333] = queueDelayDelta [0.36705816597143887] * numCount[583]
04/05/2022 16:10:39 PM - INFO - [in this interval] signal is [Signal.NORMAL]
04/05/2022 16:10:39 PM - INFO - [in this interval] adaptiveThresholdGamma is [52.309184006617166]
04/05/2022 16:10:39 PM - INFO - [in this interval] state is [State.INCREASE]
04/05/2022 16:10:39 PM - INFO - [in this interval] now real rate is [0.5874239350912779]mbps
04/05/2022 16:10:39 PM - INFO - [in this interval] now real rtt is [3534]
04/05/2022 16:10:39 PM - INFO - [in this interval] aimd control rate is [0.5947638948874174] mbps
04/05/2022 16:10:39 PM - INFO - [in this interval] delay-rate is [0.5947638948874174] mbps
04/05/2022 16:10:39 PM - INFO - average delay [1582.2]
04/05/2022 16:10:39 PM - INFO - average delay [1564.4]
04/05/2022 16:10:39 PM - INFO - average delay [1543.2]
04/05/2022 16:10:39 PM - INFO - average delay [1530.0]
04/05/2022 16:10:39 PM - INFO - nowTs is [20440], lastTs is [20207]
04/05/2022 16:10:39 PM - INFO - [in this interval] loss-ratio is [0.0625]
04/05/2022 16:10:39 PM - INFO - [in this interval] group num is [9]
04/05/2022 16:10:39 PM - INFO - [in this interval] delayDelta from group is [[-5, -9, -10, -12, -4, 3, 8, -11]]
04/05/2022 16:10:39 PM - INFO - sample List of accDelay : [[210.29891855440135, 213.16902669896123, 214.85212402906512, 216.76691162615862, 217.89022046354273, 219.30119841718846, 221.47107857546962, 223.82397071792266, 224.9415736461304, 225.54741628151734, 225.0926746533656, 222.88340718802903, 220.39506646922615, 217.25555982230355, 213.4300038400732, 208.78700345606586, 204.20830311045927, 200.38747279941333, 197.748725519472, 194.27385296752482]]
04/05/2022 16:10:39 PM - INFO - sample List of time: [[19552, 19579, 19606, 19632, 19671, 19729, 19768, 19807, 19846, 19871, 19897, 19922, 19947, 19972, 19998, 20023, 20036, 20072, 20110, 20148]]
04/05/2022 16:10:39 PM - INFO - update trend: [-0.023997115092880546]
04/05/2022 16:10:39 PM - INFO - estimateQueueDelayDuration [-5.759307622291331] = queueDelayDelta [-0.09598846037152219] * numCount[591]
04/05/2022 16:10:39 PM - INFO - [in this interval] signal is [Signal.NORMAL]
04/05/2022 16:10:39 PM - INFO - [in this interval] adaptiveThresholdGamma is [51.4712862316993]
04/05/2022 16:10:39 PM - INFO - [in this interval] state is [State.INCREASE]
04/05/2022 16:10:39 PM - INFO - [in this interval] now real rate is [0.5842096774193549]mbps
04/05/2022 16:10:39 PM - INFO - [in this interval] now real rtt is [3470]
04/05/2022 16:10:39 PM - INFO - [in this interval] aimd control rate is [0.5980681387479031] mbps
04/05/2022 16:10:39 PM - INFO - [in this interval] delay-rate is [0.5980681387479031] mbps
04/05/2022 16:10:39 PM - INFO - average delay [1537.75]
04/05/2022 16:10:39 PM - INFO - average delay [1548.0]
04/05/2022 16:10:39 PM - INFO - average delay [1547.0]
04/05/2022 16:10:39 PM - INFO - average delay [1555.6666666666667]
04/05/2022 16:10:39 PM - INFO - nowTs is [20673], lastTs is [20440]
04/05/2022 16:10:39 PM - INFO - [in this interval] loss-ratio is [0.08333333333333333]
04/05/2022 16:10:39 PM - INFO - [in this interval] group num is [7]
04/05/2022 16:10:39 PM - INFO - [in this interval] delayDelta from group is [[6, -5, 4, 8, 14, -8]]
04/05/2022 16:10:39 PM - INFO - sample List of accDelay : [[221.47107857546962, 223.82397071792266, 224.9415736461304, 225.54741628151734, 225.0926746533656, 222.88340718802903, 220.39506646922615, 217.25555982230355, 213.4300038400732, 208.78700345606586, 204.20830311045927, 200.38747279941333, 197.748725519472, 194.27385296752482, 191.74646767077235, 188.97182090369512, 186.8746388133256, 185.78717493199304, 186.20845743879374, 185.78761169491437]]
04/05/2022 16:10:39 PM - INFO - sample List of time: [[19768, 19807, 19846, 19871, 19897, 19922, 19947, 19972, 19998, 20023, 20036, 20072, 20110, 20148, 20186, 20227, 20247, 20291, 20334, 20378]]
04/05/2022 16:10:39 PM - INFO - update trend: [-0.08308574650836136]
04/05/2022 16:10:39 PM - INFO - estimateQueueDelayDuration [-19.940579162006724] = queueDelayDelta [-0.3323429860334454] * numCount[597]
04/05/2022 16:10:39 PM - INFO - [in this interval] signal is [Signal.NORMAL]
04/05/2022 16:10:39 PM - INFO - [in this interval] adaptiveThresholdGamma is [50.90373350444484]
04/05/2022 16:10:39 PM - INFO - [in this interval] state is [State.INCREASE]
04/05/2022 16:10:39 PM - INFO - [in this interval] now real rate is [0.5757556008146639]mbps
04/05/2022 16:10:39 PM - INFO - [in this interval] now real rtt is [3536]
04/05/2022 16:10:39 PM - INFO - [in this interval] aimd control rate is [0.6013907395187247] mbps
04/05/2022 16:10:39 PM - INFO - [in this interval] delay-rate is [0.6013907395187247] mbps
04/05/2022 16:10:39 PM - INFO - average delay [1567.6666666666667]
04/05/2022 16:10:39 PM - INFO - average delay [1583.0]
04/05/2022 16:10:39 PM - INFO - average delay [1585.0]
04/05/2022 16:10:39 PM - INFO - average delay [1574.8]
04/05/2022 16:10:39 PM - INFO - nowTs is [20922], lastTs is [20673]
04/05/2022 16:10:39 PM - INFO - [in this interval] loss-ratio is [0.0]
04/05/2022 16:10:39 PM - INFO - [in this interval] group num is [8]
04/05/2022 16:10:39 PM - INFO - [in this interval] delayDelta from group is [[4, 4, -1, -9, -4, -2, 20]]
04/05/2022 16:10:39 PM - INFO - sample List of accDelay : [[217.25555982230355, 213.4300038400732, 208.78700345606586, 204.20830311045927, 200.38747279941333, 197.748725519472, 194.27385296752482, 191.74646767077235, 188.97182090369512, 186.8746388133256, 185.78717493199304, 186.20845743879374, 185.78761169491437, 185.80885052542294, 186.22796547288064, 186.50516892559259, 185.85465203303332, 184.86918682972998, 183.782268146757, 184.8040413320813]]
04/05/2022 16:10:39 PM - INFO - sample List of time: [[19972, 19998, 20023, 20036, 20072, 20110, 20148, 20186, 20227, 20247, 20291, 20334, 20378, 20422, 20461, 20495, 20529, 20555, 20581, 20614]]
04/05/2022 16:10:39 PM - INFO - update trend: [-0.04255516337053316]
04/05/2022 16:10:39 PM - INFO - estimateQueueDelayDuration [-10.21323920892796] = queueDelayDelta [-0.17022065348213264] * numCount[604]
04/05/2022 16:10:39 PM - INFO - [in this interval] signal is [Signal.NORMAL]
04/05/2022 16:10:39 PM - INFO - [in this interval] adaptiveThresholdGamma is [50.171304607125535]
04/05/2022 16:10:39 PM - INFO - [in this interval] state is [State.INCREASE]
04/05/2022 16:10:39 PM - INFO - [in this interval] now real rate is [0.5794024896265559]mbps
04/05/2022 16:10:39 PM - INFO - [in this interval] now real rtt is [3594]
04/05/2022 16:10:39 PM - INFO - [in this interval] aimd control rate is [0.6047317991827177] mbps
04/05/2022 16:10:39 PM - INFO - [in this interval] delay-rate is [0.6047317991827177] mbps
04/05/2022 16:10:39 PM - INFO - average delay [1581.0]
04/05/2022 16:10:39 PM - INFO - average delay [1575.75]
04/05/2022 16:10:39 PM - INFO - average delay [1504.5]
04/05/2022 16:10:39 PM - INFO - average delay [1464.0]
04/05/2022 16:10:39 PM - INFO - nowTs is [21159], lastTs is [20922]
04/05/2022 16:10:39 PM - INFO - [in this interval] loss-ratio is [0.2222222222222222]
04/05/2022 16:10:39 PM - INFO - [in this interval] group num is [11]
04/05/2022 16:10:39 PM - INFO - [in this interval] delayDelta from group is [[-21, -19, -20, -14, -20, -19, -12, -10, -4, 17]]
04/05/2022 16:10:39 PM - INFO - sample List of accDelay : [[185.78717493199304, 186.20845743879374, 185.78761169491437, 185.80885052542294, 186.22796547288064, 186.50516892559259, 185.85465203303332, 184.86918682972998, 183.782268146757, 184.8040413320813, 183.62363719887315, 180.66127347898586, 175.9951461310873, 170.39563151797856, 163.3560683661807, 155.12046152956262, 146.50841537660637, 137.75757383894575, 129.48181645505116, 123.73363480954605]]
04/05/2022 16:10:39 PM - INFO - sample List of time: [[20291, 20334, 20378, 20422, 20461, 20495, 20529, 20555, 20581, 20614, 20668, 20682, 20698, 20713, 20729, 20744, 20760, 20778, 20808, 20839]]
04/05/2022 16:10:39 PM - INFO - update trend: [-0.09926370370708572]
04/05/2022 16:10:39 PM - INFO - estimateQueueDelayDuration [-23.82328888970057] = queueDelayDelta [-0.3970548148283429] * numCount[614]
04/05/2022 16:10:39 PM - INFO - [in this interval] signal is [Signal.NORMAL]
04/05/2022 16:10:39 PM - INFO - [in this interval] adaptiveThresholdGamma is [49.69704032421188]
04/05/2022 16:10:39 PM - INFO - [in this interval] state is [State.INCREASE]
04/05/2022 16:10:39 PM - INFO - [in this interval] now real rate is [0.6037695473251028]mbps
04/05/2022 16:10:39 PM - INFO - [in this interval] now real rtt is [3368]
04/05/2022 16:10:39 PM - INFO - [in this interval] aimd control rate is [0.6080914202892884] mbps
04/05/2022 16:10:39 PM - INFO - [in this interval] delay-rate is [0.6080914202892884] mbps
04/05/2022 16:10:39 PM - INFO - average delay [1472.3333333333333]
04/05/2022 16:10:39 PM - INFO - average delay [1487.0]
04/05/2022 16:10:39 PM - INFO - average delay [1501.0]
04/05/2022 16:10:39 PM - INFO - average delay [1518.6666666666667]
04/05/2022 16:10:39 PM - INFO - nowTs is [21410], lastTs is [21159]
04/05/2022 16:10:39 PM - INFO - [in this interval] loss-ratio is [0.0]
04/05/2022 16:10:39 PM - INFO - [in this interval] group num is [5]
04/05/2022 16:10:39 PM - INFO - [in this interval] delayDelta from group is [[12, 19, 19, 20]]
04/05/2022 16:10:39 PM - INFO - sample List of accDelay : [[186.22796547288064, 186.50516892559259, 185.85465203303332, 184.86918682972998, 183.782268146757, 184.8040413320813, 183.62363719887315, 180.66127347898586, 175.9951461310873, 170.39563151797856, 163.3560683661807, 155.12046152956262, 146.50841537660637, 137.75757383894575, 129.48181645505116, 123.73363480954605, 119.76027132859144, 118.0842441957323, 118.47581977615907, 120.82823779854317]]
04/05/2022 16:10:39 PM - INFO - sample List of time: [[20461, 20495, 20529, 20555, 20581, 20614, 20668, 20682, 20698, 20713, 20729, 20744, 20760, 20778, 20808, 20839, 20932, 20979, 21028, 21082]]
04/05/2022 16:10:39 PM - INFO - update trend: [-0.14669657430230296]
04/05/2022 16:10:39 PM - INFO - estimateQueueDelayDuration [-35.20717783255271] = queueDelayDelta [-0.5867862972092118] * numCount[618]
04/05/2022 16:10:39 PM - INFO - [in this interval] signal is [Signal.NORMAL]
04/05/2022 16:10:39 PM - INFO - [in this interval] adaptiveThresholdGamma is [49.43622279936202]
04/05/2022 16:10:39 PM - INFO - [in this interval] state is [State.INCREASE]
04/05/2022 16:10:39 PM - INFO - [in this interval] now real rate is [0.47360655737704915]mbps
04/05/2022 16:10:39 PM - INFO - [in this interval] now real rtt is [3530]
04/05/2022 16:10:39 PM - INFO - [in this interval] aimd control rate is [0.6114697059575622] mbps
04/05/2022 16:10:39 PM - INFO - [in this interval] delay-rate is [0.6114697059575622] mbps
04/05/2022 16:10:39 PM - INFO - average delay [1551.0]
04/05/2022 16:10:39 PM - INFO - average delay [1579.0]
04/05/2022 16:10:39 PM - INFO - average delay [1596.0]
04/05/2022 16:10:39 PM - INFO - average delay [1612.3333333333333]
04/05/2022 16:10:39 PM - INFO - nowTs is [21652], lastTs is [21410]
04/05/2022 16:10:39 PM - INFO - [in this interval] loss-ratio is [0.0]
04/05/2022 16:10:39 PM - INFO - [in this interval] group num is [5]
04/05/2022 16:10:39 PM - INFO - [in this interval] delayDelta from group is [[20, 9, 14, 9]]
04/05/2022 16:10:39 PM - INFO - sample List of accDelay : [[183.782268146757, 184.8040413320813, 183.62363719887315, 180.66127347898586, 175.9951461310873, 170.39563151797856, 163.3560683661807, 155.12046152956262, 146.50841537660637, 137.75757383894575, 129.48181645505116, 123.73363480954605, 119.76027132859144, 118.0842441957323, 118.47581977615907, 120.82823779854317, 124.94541401868887, 129.55087261682, 135.095785355138, 140.9862068196242]]
04/05/2022 16:10:39 PM - INFO - sample List of time: [[20581, 20614, 20668, 20682, 20698, 20713, 20729, 20744, 20760, 20778, 20808, 20839, 20932, 20979, 21028, 21082, 21192, 21247, 21291, 21335]]
04/05/2022 16:10:39 PM - INFO - update trend: [-0.07515740967781302]
04/05/2022 16:10:39 PM - INFO - estimateQueueDelayDuration [-18.037778322675127] = queueDelayDelta [-0.3006296387112521] * numCount[622]
04/05/2022 16:10:39 PM - INFO - [in this interval] signal is [Signal.NORMAL]
04/05/2022 16:10:39 PM - INFO - [in this interval] adaptiveThresholdGamma is [48.87105079878166]
04/05/2022 16:10:39 PM - INFO - [in this interval] state is [State.INCREASE]
04/05/2022 16:10:39 PM - INFO - [in this interval] now real rate is [0.39370385395537527]mbps
04/05/2022 16:10:39 PM - INFO - [in this interval] now real rtt is [3684]
04/05/2022 16:10:39 PM - INFO - [in this interval] aimd control rate is [0.6148667598795486] mbps
04/05/2022 16:10:39 PM - INFO - [in this interval] delay-rate is [0.6148667598795486] mbps
04/05/2022 16:10:39 PM - INFO - average delay [1633.3333333333333]
04/05/2022 16:10:39 PM - INFO - average delay [1642.5]
04/05/2022 16:10:39 PM - INFO - average delay [1661.0]
04/05/2022 16:10:39 PM - INFO - average delay [1677.3333333333333]
04/05/2022 16:10:39 PM - INFO - nowTs is [21872], lastTs is [21652]
04/05/2022 16:10:39 PM - INFO - [in this interval] loss-ratio is [0.0]
04/05/2022 16:10:39 PM - INFO - [in this interval] group num is [5]
04/05/2022 16:10:39 PM - INFO - [in this interval] delayDelta from group is [[18, 17, 15, 1]]
04/05/2022 16:10:39 PM - INFO - sample List of accDelay : [[175.9951461310873, 170.39563151797856, 163.3560683661807, 155.12046152956262, 146.50841537660637, 137.75757383894575, 129.48181645505116, 123.73363480954605, 119.76027132859144, 118.0842441957323, 118.47581977615907, 120.82823779854317, 124.94541401868887, 129.55087261682, 135.095785355138, 140.9862068196242, 148.08758613766176, 156.1788275238956, 164.96094477150604, 172.96485029435544]]
04/05/2022 16:10:39 PM - INFO - sample List of time: [[20698, 20713, 20729, 20744, 20760, 20778, 20808, 20839, 20932, 20979, 21028, 21082, 21192, 21247, 21291, 21335, 21423, 21471, 21523, 21573]]
04/05/2022 16:10:39 PM - INFO - update trend: [0.0039763458479005025]
04/05/2022 16:10:39 PM - INFO - estimateQueueDelayDuration [0.9543230034961205] = queueDelayDelta [0.01590538339160201] * numCount[626]
04/05/2022 16:10:39 PM - INFO - [in this interval] signal is [Signal.NORMAL]
04/05/2022 16:10:39 PM - INFO - [in this interval] adaptiveThresholdGamma is [48.00854969846652]
04/05/2022 16:10:39 PM - INFO - [in this interval] state is [State.INCREASE]
04/05/2022 16:10:39 PM - INFO - [in this interval] now real rate is [0.4053333333333333]mbps
04/05/2022 16:10:39 PM - INFO - [in this interval] now real rtt is [3804]
04/05/2022 16:10:39 PM - INFO - [in this interval] aimd control rate is [0.618282686323324] mbps
04/05/2022 16:10:39 PM - INFO - [in this interval] delay-rate is [0.618282686323324] mbps
04/05/2022 16:10:39 PM - INFO - average delay [1694.6666666666667]
04/05/2022 16:10:39 PM - INFO - average delay [1719.5]
04/05/2022 16:10:39 PM - INFO - average delay [1756.5]
04/05/2022 16:10:39 PM - INFO - average delay [1800.0]
04/05/2022 16:10:39 PM - INFO - nowTs is [22131], lastTs is [21872]
04/05/2022 16:10:39 PM - INFO - [in this interval] loss-ratio is [0.0]
04/05/2022 16:10:39 PM - INFO - [in this interval] group num is [5]
04/05/2022 16:10:39 PM - INFO - [in this interval] delayDelta from group is [[26, 17, 50, 41]]
04/05/2022 16:10:39 PM - INFO - sample List of accDelay : [[146.50841537660637, 137.75757383894575, 129.48181645505116, 123.73363480954605, 119.76027132859144, 118.0842441957323, 118.47581977615907, 120.82823779854317, 124.94541401868887, 129.55087261682, 135.095785355138, 140.9862068196242, 148.08758613766176, 156.1788275238956, 164.96094477150604, 172.96485029435544, 182.7683652649199, 193.2915287384279, 207.7623758645851, 224.88613827812657]]
04/05/2022 16:10:39 PM - INFO - sample List of time: [[20760, 20778, 20808, 20839, 20932, 20979, 21028, 21082, 21192, 21247, 21291, 21335, 21423, 21471, 21523, 21573, 21624, 21685, 21717, 21787]]
04/05/2022 16:10:39 PM - INFO - update trend: [0.07712882121345363]
04/05/2022 16:10:39 PM - INFO - estimateQueueDelayDuration [18.510917091228873] = queueDelayDelta [0.3085152848538145] * numCount[630]
04/05/2022 16:10:39 PM - INFO - [in this interval] signal is [Signal.NORMAL]
04/05/2022 16:10:39 PM - INFO - [in this interval] adaptiveThresholdGamma is [47.47759231153624]
04/05/2022 16:10:39 PM - INFO - [in this interval] state is [State.INCREASE]
04/05/2022 16:10:39 PM - INFO - [in this interval] now real rate is [0.35918162839248435]mbps
04/05/2022 16:10:39 PM - INFO - [in this interval] now real rtt is [4112]
04/05/2022 16:10:39 PM - INFO - [in this interval] aimd control rate is [0.6217175901362314] mbps
04/05/2022 16:10:39 PM - INFO - [in this interval] delay-rate is [0.6217175901362314] mbps
04/05/2022 16:10:39 PM - INFO - average delay [1841.0]
04/05/2022 16:10:39 PM - INFO - average delay [1852.6666666666665]
04/05/2022 16:10:39 PM - INFO - average delay [1867.6666666666665]
04/05/2022 16:10:39 PM - INFO - average delay [1874.0]
04/05/2022 16:10:39 PM - INFO - nowTs is [22368], lastTs is [22131]
04/05/2022 16:10:39 PM - INFO - [in this interval] loss-ratio is [0.0]
04/05/2022 16:10:39 PM - INFO - [in this interval] group num is [6]
04/05/2022 16:10:39 PM - INFO - [in this interval] delayDelta from group is [[5, 10, 7, 3, 7]]
04/05/2022 16:10:39 PM - INFO - sample List of accDelay : [[118.0842441957323, 118.47581977615907, 120.82823779854317, 124.94541401868887, 129.55087261682, 135.095785355138, 140.9862068196242, 148.08758613766176, 156.1788275238956, 164.96094477150604, 172.96485029435544, 182.7683652649199, 193.2915287384279, 207.7623758645851, 224.88613827812657, 240.79752445031392, 256.1177720052825, 270.60599480475423, 283.9453953242788, 296.650855791851]]
04/05/2022 16:10:39 PM - INFO - sample List of time: [[20979, 21028, 21082, 21192, 21247, 21291, 21335, 21423, 21471, 21523, 21573, 21624, 21685, 21717, 21787, 21898, 21938, 21978, 22020, 22058]]
04/05/2022 16:10:39 PM - INFO - update trend: [0.16789625381777903]
04/05/2022 16:10:39 PM - INFO - estimateQueueDelayDuration [40.29510091626697] = queueDelayDelta [0.6715850152711161] * numCount[635]
04/05/2022 16:10:39 PM - INFO - [in this interval] signal is [Signal.NORMAL]
04/05/2022 16:10:39 PM - INFO - [in this interval] adaptiveThresholdGamma is [47.348307466421396]
04/05/2022 16:10:39 PM - INFO - [in this interval] state is [State.INCREASE]
04/05/2022 16:10:39 PM - INFO - [in this interval] now real rate is [0.40920967741935477]mbps
04/05/2022 16:10:39 PM - INFO - [in this interval] now real rtt is [4186]
04/05/2022 16:10:39 PM - INFO - [in this interval] aimd control rate is [0.6251715767480993] mbps
04/05/2022 16:10:39 PM - INFO - [in this interval] delay-rate is [0.6251715767480993] mbps
04/05/2022 16:10:39 PM - INFO - average delay [1883.0]
04/05/2022 16:10:39 PM - INFO - average delay [1887.0]
04/05/2022 16:10:39 PM - INFO - average delay [1893.25]
04/05/2022 16:10:39 PM - INFO - average delay [1910.0]
04/05/2022 16:10:39 PM - INFO - nowTs is [22600], lastTs is [22368]
04/05/2022 16:10:39 PM - INFO - [in this interval] loss-ratio is [0.08333333333333333]
04/05/2022 16:10:39 PM - INFO - [in this interval] group num is [6]
04/05/2022 16:10:39 PM - INFO - [in this interval] delayDelta from group is [[2, 20, -7, 16, 4]]
04/05/2022 16:10:39 PM - INFO - sample List of accDelay : [[135.095785355138, 140.9862068196242, 148.08758613766176, 156.1788275238956, 164.96094477150604, 172.96485029435544, 182.7683652649199, 193.2915287384279, 207.7623758645851, 224.88613827812657, 240.79752445031392, 256.1177720052825, 270.60599480475423, 283.9453953242788, 296.650855791851, 308.2857702126659, 320.7571931913993, 331.28147387225937, 342.35332648503345, 352.71799383653007]]
04/05/2022 16:10:39 PM - INFO - sample List of time: [[21291, 21335, 21423, 21471, 21523, 21573, 21624, 21685, 21717, 21787, 21898, 21938, 21978, 22020, 22058, 22132, 22169, 22224, 22242, 22298]]
04/05/2022 16:10:39 PM - INFO - update trend: [0.227486487700178]
04/05/2022 16:10:39 PM - INFO - estimateQueueDelayDuration [54.59675704804272] = queueDelayDelta [0.909945950800712] * numCount[640]
04/05/2022 16:10:39 PM - INFO - [in this interval] signal is [Signal.NORMAL]
04/05/2022 16:10:39 PM - INFO - [in this interval] adaptiveThresholdGamma is [54.59675704804272]
04/05/2022 16:10:39 PM - INFO - [in this interval] state is [State.INCREASE]
04/05/2022 16:10:39 PM - INFO - [in this interval] now real rate is [0.49987206823027724]mbps
04/05/2022 16:10:39 PM - INFO - [in this interval] now real rtt is [4260]
04/05/2022 16:10:39 PM - INFO - [in this interval] aimd control rate is [0.6286447521744777] mbps
04/05/2022 16:10:39 PM - INFO - [in this interval] delay-rate is [0.6286447521744777] mbps
04/05/2022 16:10:39 PM - INFO - average delay [1919.6666666666665]
04/05/2022 16:10:39 PM - INFO - average delay [1934.5]
04/05/2022 16:10:39 PM - INFO - average delay [1956.6666666666665]
04/05/2022 16:10:39 PM - INFO - average delay [1960.0]
04/05/2022 16:10:39 PM - INFO - nowTs is [22852], lastTs is [22600]
04/05/2022 16:10:39 PM - INFO - [in this interval] loss-ratio is [0.07142857142857142]
04/05/2022 16:10:39 PM - INFO - [in this interval] group num is [7]
04/05/2022 16:10:39 PM - INFO - [in this interval] delayDelta from group is [[21, 2, -4, -4, 1, -15]]
04/05/2022 16:10:39 PM - INFO - sample List of accDelay : [[182.7683652649199, 193.2915287384279, 207.7623758645851, 224.88613827812657, 240.79752445031392, 256.1177720052825, 270.60599480475423, 283.9453953242788, 296.650855791851, 308.2857702126659, 320.7571931913993, 331.28147387225937, 342.35332648503345, 352.71799383653007, 364.14619445287707, 374.63157500758933, 383.6684175068304, 391.40157575614734, 398.4614181805326, 403.3152763624793]]
04/05/2022 16:10:39 PM - INFO - sample List of time: [[21624, 21685, 21717, 21787, 21898, 21938, 21978, 22020, 22058, 22132, 22169, 22224, 22242, 22298, 22383, 22439, 22471, 22502, 22533, 22564]]
04/05/2022 16:10:39 PM - INFO - update trend: [0.2383417762920782]
04/05/2022 16:10:39 PM - INFO - estimateQueueDelayDuration [57.202026310098766] = queueDelayDelta [0.9533671051683128] * numCount[646]
04/05/2022 16:10:39 PM - INFO - [in this interval] signal is [Signal.OVER_USE]
04/05/2022 16:10:39 PM - INFO - [in this interval] adaptiveThresholdGamma is [57.202026310098766]
04/05/2022 16:10:39 PM - INFO - [in this interval] state is [State.DECREASE]
04/05/2022 16:10:39 PM - INFO - [in this interval] now real rate is [0.5098677685950413]mbps
04/05/2022 16:10:39 PM - INFO - [in this interval] now real rtt is [4294]
04/05/2022 16:10:39 PM - INFO - [in this interval] aimd control rate is [0.43338760330578513] mbps
04/05/2022 16:10:39 PM - INFO - [in this interval] delay-rate is [0.43338760330578513] mbps
04/05/2022 16:10:39 PM - INFO - average delay [1955.25]
04/05/2022 16:10:39 PM - INFO - average delay [1949.5]
04/05/2022 16:10:39 PM - INFO - average delay [1949.75]
04/05/2022 16:10:39 PM - INFO - average delay [1951.0]
04/05/2022 16:10:39 PM - INFO - nowTs is [23089], lastTs is [22852]
04/05/2022 16:10:39 PM - INFO - [in this interval] loss-ratio is [0.0]
04/05/2022 16:10:39 PM - INFO - [in this interval] group num is [8]
04/05/2022 16:10:39 PM - INFO - [in this interval] delayDelta from group is [[-5, 3, 0, 0, 5, 0, -12]]
04/05/2022 16:10:39 PM - INFO - sample List of accDelay : [[283.9453953242788, 296.650855791851, 308.2857702126659, 320.7571931913993, 331.28147387225937, 342.35332648503345, 352.71799383653007, 364.14619445287707, 374.63157500758933, 383.6684175068304, 391.40157575614734, 398.4614181805326, 403.3152763624793, 407.1837487262314, 410.96537385360824, 414.3688364682474, 417.43195282142267, 420.6887575392804, 423.6198817853524, 425.0578936068172]]
04/05/2022 16:10:39 PM - INFO - sample List of time: [[22020, 22058, 22132, 22169, 22224, 22242, 22298, 22383, 22439, 22471, 22502, 22533, 22564, 22595, 22625, 22658, 22693, 22728, 22763, 22798]]
04/05/2022 16:10:39 PM - INFO - update trend: [0.18677131193427707]
04/05/2022 16:10:39 PM - INFO - estimateQueueDelayDuration [44.8251148642265] = queueDelayDelta [0.7470852477371083] * numCount[653]
04/05/2022 16:10:39 PM - INFO - [in this interval] signal is [Signal.NORMAL]
04/05/2022 16:10:39 PM - INFO - [in this interval] adaptiveThresholdGamma is [56.97924190407306]
04/05/2022 16:10:39 PM - INFO - [in this interval] state is [State.INCREASE]
04/05/2022 16:10:39 PM - INFO - [in this interval] now real rate is [0.5706666666666667]mbps
04/05/2022 16:10:39 PM - INFO - [in this interval] now real rtt is [4298]
04/05/2022 16:10:39 PM - INFO - [in this interval] aimd control rate is [0.4369991666666666] mbps
04/05/2022 16:10:39 PM - INFO - [in this interval] delay-rate is [0.4369991666666666] mbps
04/05/2022 16:10:39 PM - INFO - average delay [1955.0]
04/05/2022 16:10:39 PM - INFO - average delay [1963.0]
04/05/2022 16:10:39 PM - INFO - average delay [1992.0]
04/05/2022 16:10:39 PM - INFO - average delay [1984.6666666666665]
04/05/2022 16:10:39 PM - INFO - nowTs is [23325], lastTs is [23089]
04/05/2022 16:10:39 PM - INFO - [in this interval] loss-ratio is [0.4]
04/05/2022 16:10:39 PM - INFO - [in this interval] group num is [7]
04/05/2022 16:10:39 PM - INFO - [in this interval] delayDelta from group is [[28, 6, -17, 3, -8, 7]]
04/05/2022 16:10:39 PM - INFO - sample List of accDelay : [[352.71799383653007, 364.14619445287707, 374.63157500758933, 383.6684175068304, 391.40157575614734, 398.4614181805326, 403.3152763624793, 407.1837487262314, 410.96537385360824, 414.3688364682474, 417.43195282142267, 420.6887575392804, 423.6198817853524, 425.0578936068172, 429.1521042461354, 433.4368938215219, 435.5932044393697, 437.83388399543276, 439.0504955958895, 440.8454460363006]]
04/05/2022 16:10:39 PM - INFO - sample List of time: [[22298, 22383, 22439, 22471, 22502, 22533, 22564, 22595, 22625, 22658, 22693, 22728, 22763, 22798, 22833, 22891, 22922, 22950, 22978, 23005]]
04/05/2022 16:10:39 PM - INFO - update trend: [0.11942687596087898]
04/05/2022 16:10:39 PM - INFO - estimateQueueDelayDuration [28.662450230610954] = queueDelayDelta [0.4777075038435159] * numCount[659]
04/05/2022 16:10:39 PM - INFO - [in this interval] signal is [Signal.NORMAL]
04/05/2022 16:10:39 PM - INFO - [in this interval] adaptiveThresholdGamma is [56.46953965395075]
04/05/2022 16:10:39 PM - INFO - [in this interval] state is [State.INCREASE]
04/05/2022 16:10:39 PM - INFO - [in this interval] now real rate is [0.5129672131147541]mbps
04/05/2022 16:10:39 PM - INFO - [in this interval] now real rtt is [4360]
04/05/2022 16:10:39 PM - INFO - [in this interval] aimd control rate is [0.44064082638888885] mbps
04/05/2022 16:10:39 PM - INFO - [in this interval] delay-rate is [0.44064082638888885] mbps
04/05/2022 16:10:39 PM - INFO - average delay [1973.0]
04/05/2022 16:10:39 PM - INFO - average delay [1958.0]
04/05/2022 16:10:39 PM - INFO - average delay [1938.75]
04/05/2022 16:10:39 PM - INFO - average delay [1914.5]
04/05/2022 16:10:39 PM - INFO - nowTs is [23551], lastTs is [23325]
04/05/2022 16:10:39 PM - INFO - [in this interval] loss-ratio is [0.3888888888888889]
04/05/2022 16:10:39 PM - INFO - [in this interval] group num is [9]
04/05/2022 16:10:39 PM - INFO - [in this interval] delayDelta from group is [[-16, -16, 4, -11, -15, -11, 0, -2]]
04/05/2022 16:10:39 PM - INFO - sample List of accDelay : [[410.96537385360824, 414.3688364682474, 417.43195282142267, 420.6887575392804, 423.6198817853524, 425.0578936068172, 429.1521042461354, 433.4368938215219, 435.5932044393697, 437.83388399543276, 439.0504955958895, 440.8454460363006, 440.8609014326705, 439.2748112894035, 438.24733016046315, 436.22259714441685, 432.9003374299752, 428.81030368697765, 425.1292733182799, 421.6163459864519]]
04/05/2022 16:10:39 PM - INFO - sample List of time: [[22625, 22658, 22693, 22728, 22763, 22798, 22833, 22891, 22922, 22950, 22978, 23005, 23071, 23090, 23109, 23148, 23167, 23187, 23206, 23245]]
04/05/2022 16:10:39 PM - INFO - update trend: [0.02754647153542234]
04/05/2022 16:10:39 PM - INFO - estimateQueueDelayDuration [6.611153168501362] = queueDelayDelta [0.11018588614168937] * numCount[667]
04/05/2022 16:10:39 PM - INFO - [in this interval] signal is [Signal.NORMAL]
04/05/2022 16:10:39 PM - INFO - [in this interval] adaptiveThresholdGamma is [55.572088697212656]
04/05/2022 16:10:39 PM - INFO - [in this interval] state is [State.INCREASE]
04/05/2022 16:10:39 PM - INFO - [in this interval] now real rate is [0.4619718309859155]mbps
04/05/2022 16:10:39 PM - INFO - [in this interval] now real rtt is [4214]
04/05/2022 16:10:39 PM - INFO - [in this interval] aimd control rate is [0.44431283327546295] mbps
04/05/2022 16:10:39 PM - INFO - [in this interval] delay-rate is [0.44431283327546295] mbps
04/05/2022 16:10:39 PM - INFO - average delay [1903.3333333333335]
04/05/2022 16:10:39 PM - INFO - average delay [1912.5]
04/05/2022 16:10:39 PM - INFO - average delay [1939.5]
04/05/2022 16:10:39 PM - INFO - average delay [1939.0]
04/05/2022 16:10:39 PM - INFO - nowTs is [23811], lastTs is [23551]
04/05/2022 16:10:39 PM - INFO - [in this interval] loss-ratio is [0.3076923076923077]
04/05/2022 16:10:39 PM - INFO - [in this interval] group num is [7]
04/05/2022 16:10:39 PM - INFO - [in this interval] delayDelta from group is [[24, 3, 2, 10, -6, -5]]
04/05/2022 16:10:39 PM - INFO - sample List of accDelay : [[429.1521042461354, 433.4368938215219, 435.5932044393697, 437.83388399543276, 439.0504955958895, 440.8454460363006, 440.8609014326705, 439.2748112894035, 438.24733016046315, 436.22259714441685, 432.9003374299752, 428.81030368697765, 425.1292733182799, 421.6163459864519, 420.8547113878067, 420.46924024902603, 420.3223162241234, 421.1900846017111, 421.37107614154, 421.03396852738604]]
04/05/2022 16:10:39 PM - INFO - sample List of time: [[22833, 22891, 22922, 22950, 22978, 23005, 23071, 23090, 23109, 23148, 23167, 23187, 23206, 23245, 23310, 23374, 23407, 23439, 23489, 23513]]
04/05/2022 16:10:39 PM - INFO - update trend: [-0.030304666884536254]
04/05/2022 16:10:39 PM - INFO - estimateQueueDelayDuration [-7.273120052288701] = queueDelayDelta [-0.12121866753814502] * numCount[673]
04/05/2022 16:10:39 PM - INFO - [in this interval] signal is [Signal.NORMAL]
04/05/2022 16:10:39 PM - INFO - [in this interval] adaptiveThresholdGamma is [54.702707261604026]
04/05/2022 16:10:39 PM - INFO - [in this interval] state is [State.INCREASE]
04/05/2022 16:10:39 PM - INFO - [in this interval] now real rate is [0.43288888888888893]mbps
04/05/2022 16:10:39 PM - INFO - [in this interval] now real rtt is [4284]
04/05/2022 16:10:39 PM - INFO - [in this interval] aimd control rate is [0.44801544021942513] mbps
04/05/2022 16:10:39 PM - INFO - [in this interval] delay-rate is [0.44801544021942513] mbps
04/05/2022 16:10:39 PM - INFO - average delay [1947.3333333333335]
04/05/2022 16:10:39 PM - INFO - average delay [1942.0]
04/05/2022 16:10:39 PM - INFO - average delay [1938.0]
04/05/2022 16:10:39 PM - INFO - average delay [1869.0]
04/05/2022 16:10:39 PM - INFO - nowTs is [24037], lastTs is [23811]
04/05/2022 16:10:39 PM - INFO - [in this interval] loss-ratio is [0.5]
04/05/2022 16:10:39 PM - INFO - [in this interval] group num is [9]
04/05/2022 16:10:39 PM - INFO - [in this interval] delayDelta from group is [[-6, -5, -14, -44, -14, -14, -9, -13]]
04/05/2022 16:10:39 PM - INFO - sample List of accDelay : [[438.24733016046315, 436.22259714441685, 432.9003374299752, 428.81030368697765, 425.1292733182799, 421.6163459864519, 420.8547113878067, 420.46924024902603, 420.3223162241234, 421.1900846017111, 421.37107614154, 421.03396852738604, 420.13057167464746, 418.8175145071827, 416.23576305646446, 409.512186750818, 402.0609680757362, 393.9548712681626, 385.75938414134635, 377.0834457272117]]
04/05/2022 16:10:39 PM - INFO - sample List of time: [[23109, 23148, 23167, 23187, 23206, 23245, 23310, 23374, 23407, 23439, 23489, 23513, 23588, 23612, 23637, 23658, 23679, 23700, 23721, 23742]]
04/05/2022 16:10:39 PM - INFO - update trend: [-0.06132481476530354]
04/05/2022 16:10:39 PM - INFO - estimateQueueDelayDuration [-14.71795554367285] = queueDelayDelta [-0.24529925906121416] * numCount[681]
04/05/2022 16:10:39 PM - INFO - [in this interval] signal is [Signal.NORMAL]
04/05/2022 16:10:39 PM - INFO - [in this interval] adaptiveThresholdGamma is [53.98298173068127]
04/05/2022 16:10:39 PM - INFO - [in this interval] state is [State.INCREASE]
04/05/2022 16:10:39 PM - INFO - [in this interval] now real rate is [0.4262222222222222]mbps
04/05/2022 16:10:39 PM - INFO - [in this interval] now real rtt is [4066]
04/05/2022 16:10:39 PM - INFO - [in this interval] aimd control rate is [0.4517489022212537] mbps
04/05/2022 16:10:39 PM - INFO - [in this interval] delay-rate is [0.4517489022212537] mbps
04/05/2022 16:10:39 PM - INFO - average delay [1844.6666666666667]
04/05/2022 16:10:39 PM - INFO - average delay [1840.0]
04/05/2022 16:10:39 PM - INFO - average delay [1826.0]
04/05/2022 16:10:39 PM - INFO - average delay [1804.75]
04/05/2022 16:10:39 PM - INFO - nowTs is [24293], lastTs is [24037]
04/05/2022 16:10:39 PM - INFO - [in this interval] loss-ratio is [0.391304347826087]
04/05/2022 16:10:39 PM - INFO - [in this interval] group num is [13]
04/05/2022 16:10:39 PM - INFO - [in this interval] delayDelta from group is [[-9, 3, -18, -8, 2, -2, -17, -17, -11, -16, -17, -15]]
04/05/2022 16:10:39 PM - INFO - sample List of accDelay : [[420.13057167464746, 418.8175145071827, 416.23576305646446, 409.512186750818, 402.0609680757362, 393.9548712681626, 385.75938414134635, 377.0834457272117, 368.37510115449055, 360.8375910390415, 352.2538319351374, 343.72844874162365, 336.2556038674613, 329.3300434807151, 321.3970391326436, 312.5573352193793, 303.50160169744134, 293.75144152769724, 283.2762973749275, 272.34866763743474]]
04/05/2022 16:10:39 PM - INFO - sample List of time: [[23588, 23612, 23637, 23658, 23679, 23700, 23721, 23742, 23785, 23806, 23844, 23861, 23878, 23895, 23913, 23931, 23949, 23968, 23987, 24005]]
04/05/2022 16:10:39 PM - INFO - update trend: [-0.35282400598937874]
04/05/2022 16:10:39 PM - INFO - estimateQueueDelayDuration [-84.6777614374509] = queueDelayDelta [-1.411296023957515] * numCount[693]
04/05/2022 16:10:39 PM - INFO - [in this interval] signal is [Signal.UNDER_USE]
04/05/2022 16:10:39 PM - INFO - [in this interval] adaptiveThresholdGamma is [53.98298173068127]
04/05/2022 16:10:39 PM - INFO - [in this interval] state is [State.HOLD]
04/05/2022 16:10:39 PM - INFO - [in this interval] now real rate is [0.558356846473029]mbps
04/05/2022 16:10:39 PM - INFO - [in this interval] now real rtt is [3848]
04/05/2022 16:10:39 PM - INFO - [in this interval] aimd control rate is [0.4517489022212537] mbps
04/05/2022 16:10:39 PM - INFO - [in this interval] delay-rate is [0.4517489022212537] mbps
04/05/2022 16:10:39 PM - INFO - average delay [1747.75]
04/05/2022 16:10:39 PM - INFO - average delay [1732.5]
04/05/2022 16:10:39 PM - INFO - average delay [1774.5]
04/05/2022 16:10:39 PM - INFO - average delay [1796.3333333333333]
04/05/2022 16:10:39 PM - INFO - nowTs is [24514], lastTs is [24293]
04/05/2022 16:10:39 PM - INFO - [in this interval] loss-ratio is [0.0]
04/05/2022 16:10:39 PM - INFO - [in this interval] group num is [4]
04/05/2022 16:10:39 PM - INFO - [in this interval] delayDelta from group is [[54, 53, 5]]
04/05/2022 16:10:39 PM - INFO - sample List of accDelay : [[409.512186750818, 402.0609680757362, 393.9548712681626, 385.75938414134635, 377.0834457272117, 368.37510115449055, 360.8375910390415, 352.2538319351374, 343.72844874162365, 336.2556038674613, 329.3300434807151, 321.3970391326436, 312.5573352193793, 303.50160169744134, 293.75144152769724, 283.2762973749275, 272.34866763743474, 267.9138008736913, 269.2224207863221, 270.9001787076899]]
04/05/2022 16:10:39 PM - INFO - sample List of time: [[23658, 23679, 23700, 23721, 23742, 23785, 23806, 23844, 23861, 23878, 23895, 23913, 23931, 23949, 23968, 23987, 24005, 24034, 24123, 24211]]
04/05/2022 16:10:39 PM - INFO - update trend: [-0.3075602763535256]
04/05/2022 16:10:39 PM - INFO - estimateQueueDelayDuration [-73.81446632484615] = queueDelayDelta [-1.2302411054141025] * numCount[696]
04/05/2022 16:10:39 PM - INFO - [in this interval] signal is [Signal.UNDER_USE]
04/05/2022 16:10:39 PM - INFO - [in this interval] adaptiveThresholdGamma is [53.98298173068127]
04/05/2022 16:10:39 PM - INFO - [in this interval] state is [State.HOLD]
04/05/2022 16:10:39 PM - INFO - [in this interval] now real rate is [0.47874949899799596]mbps
04/05/2022 16:10:39 PM - INFO - [in this interval] now real rtt is [4090]
04/05/2022 16:10:39 PM - INFO - [in this interval] aimd control rate is [0.4517489022212537] mbps
04/05/2022 16:10:39 PM - INFO - [in this interval] delay-rate is [0.4517489022212537] mbps
04/05/2022 16:10:39 PM - INFO - average delay [1833.6666666666667]
04/05/2022 16:10:39 PM - INFO - average delay [1868.0]
04/05/2022 16:10:39 PM - INFO - average delay [1864.3333333333335]
04/05/2022 16:10:39 PM - INFO - average delay [1916.5]
04/05/2022 16:10:39 PM - INFO - nowTs is [24763], lastTs is [24514]
04/05/2022 16:10:39 PM - INFO - [in this interval] loss-ratio is [0.47619047619047616]
04/05/2022 16:10:39 PM - INFO - [in this interval] group num is [7]
04/05/2022 16:10:39 PM - INFO - [in this interval] delayDelta from group is [[-8, -8, 49, 23, -7, -2]]
04/05/2022 16:10:39 PM - INFO - sample List of accDelay : [[360.8375910390415, 352.2538319351374, 343.72844874162365, 336.2556038674613, 329.3300434807151, 321.3970391326436, 312.5573352193793, 303.50160169744134, 293.75144152769724, 283.2762973749275, 272.34866763743474, 267.9138008736913, 269.2224207863221, 270.9001787076899, 271.61016083692095, 271.44914475322884, 276.20423027790594, 282.78380725011533, 288.0054265251038, 292.50488387259344]]
04/05/2022 16:10:39 PM - INFO - sample List of time: [[23806, 23844, 23861, 23878, 23895, 23913, 23931, 23949, 23968, 23987, 24005, 24034, 24123, 24211, 24268, 24295, 24322, 24406, 24439, 24452]]
04/05/2022 16:10:39 PM - INFO - update trend: [-0.09800606211264928]
04/05/2022 16:10:39 PM - INFO - estimateQueueDelayDuration [-23.521454907035828] = queueDelayDelta [-0.39202424845059713] * numCount[702]
04/05/2022 16:10:39 PM - INFO - [in this interval] signal is [Signal.NORMAL]
04/05/2022 16:10:39 PM - INFO - [in this interval] adaptiveThresholdGamma is [53.43467424785565]
04/05/2022 16:10:39 PM - INFO - [in this interval] state is [State.INCREASE]
04/05/2022 16:10:39 PM - INFO - [in this interval] now real rate is [0.3602969072164948]mbps
04/05/2022 16:10:39 PM - INFO - [in this interval] now real rtt is [4238]
04/05/2022 16:10:39 PM - INFO - [in this interval] aimd control rate is [0.45551347640643075] mbps
04/05/2022 16:10:39 PM - INFO - [in this interval] delay-rate is [0.45551347640643075] mbps
04/05/2022 16:10:39 PM - INFO - average delay [1915.4]
04/05/2022 16:10:39 PM - INFO - average delay [1918.25]
04/05/2022 16:10:39 PM - INFO - average delay [1916.25]
04/05/2022 16:10:39 PM - INFO - average delay [1911.1999999999998]
04/05/2022 16:10:39 PM - INFO - nowTs is [25013], lastTs is [24763]
04/05/2022 16:10:39 PM - INFO - [in this interval] loss-ratio is [0.19047619047619047]
04/05/2022 16:10:39 PM - INFO - [in this interval] group num is [8]
04/05/2022 16:10:39 PM - INFO - [in this interval] delayDelta from group is [[2, -12, 2, -3, 6, 0, -15]]
04/05/2022 16:10:39 PM - INFO - sample List of accDelay : [[303.50160169744134, 293.75144152769724, 283.2762973749275, 272.34866763743474, 267.9138008736913, 269.2224207863221, 270.9001787076899, 271.61016083692095, 271.44914475322884, 276.20423027790594, 282.78380725011533, 288.0054265251038, 292.50488387259344, 296.7543954853341, 299.3789559368007, 301.9410603431206, 303.9469543088086, 306.35225887792774, 308.51703299013496, 308.9653296911215]]
04/05/2022 16:10:39 PM - INFO - sample List of time: [[23949, 23968, 23987, 24005, 24034, 24123, 24211, 24268, 24295, 24322, 24406, 24439, 24452, 24530, 24567, 24585, 24622, 24649, 24695, 24725]]
04/05/2022 16:10:39 PM - INFO - update trend: [0.03539920683951447]
04/05/2022 16:10:39 PM - INFO - estimateQueueDelayDuration [8.495809641483472] = queueDelayDelta [0.14159682735805787] * numCount[709]
04/05/2022 16:10:39 PM - INFO - [in this interval] signal is [Signal.NORMAL]
04/05/2022 16:10:39 PM - INFO - [in this interval] adaptiveThresholdGamma is [52.62577468494095]
04/05/2022 16:10:39 PM - INFO - [in this interval] state is [State.INCREASE]
04/05/2022 16:10:39 PM - INFO - [in this interval] now real rate is [0.49248897795591184]mbps
04/05/2022 16:10:39 PM - INFO - [in this interval] now real rtt is [4218]
04/05/2022 16:10:39 PM - INFO - [in this interval] aimd control rate is [0.45930942204315106] mbps
04/05/2022 16:10:39 PM - INFO - [in this interval] delay-rate is [0.45930942204315106] mbps
04/05/2022 16:10:39 PM - INFO - average delay [1917.75]
04/05/2022 16:10:39 PM - INFO - average delay [1926.5]
04/05/2022 16:10:39 PM - INFO - average delay [1925.5]
04/05/2022 16:10:39 PM - INFO - average delay [1917.6666666666665]
04/05/2022 16:10:39 PM - INFO - nowTs is [25233], lastTs is [25013]
04/05/2022 16:10:39 PM - INFO - [in this interval] loss-ratio is [0.3888888888888889]
04/05/2022 16:10:39 PM - INFO - [in this interval] group num is [7]
04/05/2022 16:10:39 PM - INFO - [in this interval] delayDelta from group is [[-5, 0, -4, -9, 22, -9]]
04/05/2022 16:10:39 PM - INFO - sample List of accDelay : [[270.9001787076899, 271.61016083692095, 271.44914475322884, 276.20423027790594, 282.78380725011533, 288.0054265251038, 292.50488387259344, 296.7543954853341, 299.3789559368007, 301.9410603431206, 303.9469543088086, 306.35225887792774, 308.51703299013496, 308.9653296911215, 308.8687967220094, 308.7819170498085, 308.3037253448276, 306.97335281034486, 307.97601752931035, 307.97841577637934]]
04/05/2022 16:10:39 PM - INFO - sample List of time: [[24211, 24268, 24295, 24322, 24406, 24439, 24452, 24530, 24567, 24585, 24622, 24649, 24695, 24725, 24770, 24800, 24830, 24856, 24882, 24934]]
04/05/2022 16:10:39 PM - INFO - update trend: [0.060642930617873125]
04/05/2022 16:10:39 PM - INFO - estimateQueueDelayDuration [14.554303348289551] = queueDelayDelta [0.2425717224714925] * numCount[715]
04/05/2022 16:10:39 PM - INFO - [in this interval] signal is [Signal.NORMAL]
04/05/2022 16:10:39 PM - INFO - [in this interval] adaptiveThresholdGamma is [51.94048820088123]
04/05/2022 16:10:39 PM - INFO - [in this interval] state is [State.INCREASE]
04/05/2022 16:10:39 PM - INFO - [in this interval] now real rate is [0.5249516129032258]mbps
04/05/2022 16:10:39 PM - INFO - [in this interval] now real rtt is [4258]
04/05/2022 16:10:39 PM - INFO - [in this interval] aimd control rate is [0.4631370005601773] mbps
04/05/2022 16:10:39 PM - INFO - [in this interval] delay-rate is [0.4631370005601773] mbps
04/05/2022 16:10:39 PM - INFO - average delay [1926.3333333333335]
04/05/2022 16:10:39 PM - INFO - average delay [1934.6666666666665]
04/05/2022 16:10:39 PM - INFO - average delay [1929.8333333333335]
04/05/2022 16:10:39 PM - INFO - average delay [1912.4]
04/05/2022 16:10:39 PM - INFO - nowTs is [25481], lastTs is [25233]
04/05/2022 16:10:39 PM - INFO - [in this interval] loss-ratio is [0.45161290322580644]
04/05/2022 16:10:39 PM - INFO - [in this interval] group num is [12]
04/05/2022 16:10:39 PM - INFO - [in this interval] delayDelta from group is [[2, -6, -7, -11, -3, -3, -1, -9, -19, -21, -6]]
04/05/2022 16:10:39 PM - INFO - sample List of accDelay : [[306.35225887792774, 308.51703299013496, 308.9653296911215, 308.8687967220094, 308.7819170498085, 308.3037253448276, 306.97335281034486, 307.97601752931035, 307.97841577637934, 308.1805741987414, 307.7625167788672, 306.6862651009805, 304.6176385908825, 302.45587473179427, 300.21028725861487, 298.0892585327534, 295.280332679478, 290.8522994115302, 284.76706947037724, 278.6903625233395]]
04/05/2022 16:10:39 PM - INFO - sample List of time: [[24649, 24695, 24725, 24770, 24800, 24830, 24856, 24882, 24934, 25012, 25039, 25073, 25096, 25110, 25122, 25144, 25158, 25169, 25180, 25194]]
04/05/2022 16:10:39 PM - INFO - update trend: [-0.03423245734306255]
04/05/2022 16:10:39 PM - INFO - estimateQueueDelayDuration [-8.215789762335012] = queueDelayDelta [-0.1369298293722502] * numCount[726]
04/05/2022 16:10:39 PM - INFO - [in this interval] signal is [Signal.NORMAL]
04/05/2022 16:10:39 PM - INFO - [in this interval] adaptiveThresholdGamma is [51.1534436289874]
04/05/2022 16:10:39 PM - INFO - [in this interval] state is [State.INCREASE]
04/05/2022 16:10:39 PM - INFO - [in this interval] now real rate is [0.5160963855421687]mbps
04/05/2022 16:10:39 PM - INFO - [in this interval] now real rtt is [4114]
04/05/2022 16:10:39 PM - INFO - [in this interval] aimd control rate is [0.46699647556484547] mbps
04/05/2022 16:10:39 PM - INFO - [in this interval] delay-rate is [0.46699647556484547] mbps
04/05/2022 16:10:39 PM - INFO - average delay [1883.8000000000002]
04/05/2022 16:10:39 PM - INFO - average delay [1812.75]
04/05/2022 16:10:39 PM - INFO - average delay [1785.3333333333333]
04/05/2022 16:10:39 PM - INFO - average delay [1772.0]
04/05/2022 16:10:39 PM - INFO - nowTs is [25733], lastTs is [25481]
04/05/2022 16:10:39 PM - INFO - [in this interval] loss-ratio is [0.6176470588235294]
04/05/2022 16:10:39 PM - INFO - [in this interval] group num is [13]
04/05/2022 16:10:39 PM - INFO - [in this interval] delayDelta from group is [[-16, -2, -9, -5, -9, -14, -2, 6, -9, -15, 4, 7]]
04/05/2022 16:10:39 PM - INFO - sample List of accDelay : [[304.6176385908825, 302.45587473179427, 300.21028725861487, 298.0892585327534, 295.280332679478, 290.8522994115302, 284.76706947037724, 278.6903625233395, 271.62132627100556, 265.059193643905, 258.2532742795145, 251.62794685156308, 244.76515216640678, 237.1886369497661, 230.16977325478948, 224.45279592931053, 218.40751633637947, 211.46676470274153, 205.62008823246737, 201.05807940922062]]
04/05/2022 16:10:39 PM - INFO - sample List of time: [[25096, 25110, 25122, 25144, 25158, 25169, 25180, 25194, 25224, 25238, 25256, 25277, 25297, 25318, 25339, 25357, 25378, 25399, 25419, 25438]]
04/05/2022 16:10:39 PM - INFO - update trend: [-0.3243338824540421]
04/05/2022 16:10:39 PM - INFO - estimateQueueDelayDuration [-77.8401317889701] = queueDelayDelta [-1.2973355298161684] * numCount[738]
04/05/2022 16:10:39 PM - INFO - [in this interval] signal is [Signal.UNDER_USE]
04/05/2022 16:10:39 PM - INFO - [in this interval] adaptiveThresholdGamma is [51.1534436289874]
04/05/2022 16:10:39 PM - INFO - [in this interval] state is [State.HOLD]
04/05/2022 16:10:39 PM - INFO - [in this interval] now real rate is [0.585888]mbps
04/05/2022 16:10:39 PM - INFO - [in this interval] now real rtt is [3928]
04/05/2022 16:10:39 PM - INFO - [in this interval] aimd control rate is [0.46699647556484547] mbps
04/05/2022 16:10:39 PM - INFO - [in this interval] delay-rate is [0.46699647556484547] mbps
04/05/2022 16:10:39 PM - INFO - average delay [1758.0]
04/05/2022 16:10:39 PM - INFO - average delay [1760.5]
04/05/2022 16:10:39 PM - INFO - average delay [1766.6666666666667]
04/05/2022 16:10:39 PM - INFO - average delay [1758.6666666666667]
04/05/2022 16:10:39 PM - INFO - nowTs is [25954], lastTs is [25733]
04/05/2022 16:10:39 PM - INFO - [in this interval] loss-ratio is [0.375]
04/05/2022 16:10:39 PM - INFO - [in this interval] group num is [8]
04/05/2022 16:10:39 PM - INFO - [in this interval] delayDelta from group is [[-7, 6, 2, -8, 3, 13, 7]]
04/05/2022 16:10:39 PM - INFO - sample List of accDelay : [[278.6903625233395, 271.62132627100556, 265.059193643905, 258.2532742795145, 251.62794685156308, 244.76515216640678, 237.1886369497661, 230.16977325478948, 224.45279592931053, 218.40751633637947, 211.46676470274153, 205.62008823246737, 201.05807940922062, 196.25227146829855, 192.5270443214687, 189.37433988932185, 185.73690590038967, 182.76321531035072, 181.38689377931564, 180.84820440138407]]
04/05/2022 16:10:39 PM - INFO - sample List of time: [[25194, 25224, 25238, 25256, 25277, 25297, 25318, 25339, 25357, 25378, 25399, 25419, 25438, 25505, 25528, 25549, 25571, 25593, 25636, 25659]]
04/05/2022 16:10:39 PM - INFO - update trend: [-0.21738192727871275]
04/05/2022 16:10:39 PM - INFO - estimateQueueDelayDuration [-52.171662546891056] = queueDelayDelta [-0.869527709114851] * numCount[745]
04/05/2022 16:10:39 PM - INFO - [in this interval] signal is [Signal.UNDER_USE]
04/05/2022 16:10:39 PM - INFO - [in this interval] adaptiveThresholdGamma is [52.171662546891056]
04/05/2022 16:10:39 PM - INFO - [in this interval] state is [State.HOLD]
04/05/2022 16:10:39 PM - INFO - [in this interval] now real rate is [0.5493716632443532]mbps
04/05/2022 16:10:39 PM - INFO - [in this interval] now real rtt is [3970]
04/05/2022 16:10:39 PM - INFO - [in this interval] aimd control rate is [0.46699647556484547] mbps
04/05/2022 16:10:39 PM - INFO - [in this interval] delay-rate is [0.46699647556484547] mbps
04/05/2022 16:10:39 PM - INFO - average delay [1776.0]
04/05/2022 16:10:39 PM - INFO - average delay [1787.6666666666667]
04/05/2022 16:10:39 PM - INFO - average delay [1802.0]
04/05/2022 16:10:39 PM - INFO - average delay [1802.0]
04/05/2022 16:10:39 PM - INFO - nowTs is [26191], lastTs is [25954]
04/05/2022 16:10:39 PM - INFO - [in this interval] loss-ratio is [0.5]
04/05/2022 16:10:39 PM - INFO - [in this interval] group num is [7]
04/05/2022 16:10:39 PM - INFO - [in this interval] delayDelta from group is [[12, 10, -9, 12, -4, 44]]
04/05/2022 16:10:39 PM - INFO - sample List of accDelay : [[237.1886369497661, 230.16977325478948, 224.45279592931053, 218.40751633637947, 211.46676470274153, 205.62008823246737, 201.05807940922062, 196.25227146829855, 192.5270443214687, 189.37433988932185, 185.73690590038967, 182.76321531035072, 181.38689377931564, 180.84820440138407, 181.56338396124568, 183.20704556512112, 183.786341008609, 185.50770690774812, 186.6569362169733, 192.09124259527596]]
04/05/2022 16:10:39 PM - INFO - sample List of time: [[25318, 25339, 25357, 25378, 25399, 25419, 25438, 25505, 25528, 25549, 25571, 25593, 25636, 25659, 25703, 25725, 25770, 25791, 25813, 25834]]
04/05/2022 16:10:39 PM - INFO - update trend: [-0.08707380526354011]
04/05/2022 16:10:39 PM - INFO - estimateQueueDelayDuration [-20.897713263249628] = queueDelayDelta [-0.34829522105416044] * numCount[751]
04/05/2022 16:10:39 PM - INFO - [in this interval] signal is [Signal.NORMAL]
04/05/2022 16:10:39 PM - INFO - [in this interval] adaptiveThresholdGamma is [51.60873145978551]
04/05/2022 16:10:39 PM - INFO - [in this interval] state is [State.INCREASE]
04/05/2022 16:10:39 PM - INFO - [in this interval] now real rate is [0.48702204408817634]mbps
04/05/2022 16:10:39 PM - INFO - [in this interval] now real rtt is [4094]
04/05/2022 16:10:39 PM - INFO - [in this interval] aimd control rate is [0.47088811286121923] mbps
04/05/2022 16:10:39 PM - INFO - [in this interval] delay-rate is [0.47088811286121923] mbps
04/05/2022 16:10:39 PM - INFO - average delay [1822.0]
04/05/2022 16:10:39 PM - INFO - average delay [1847.0]
04/05/2022 16:10:39 PM - INFO - average delay [1799.0]
04/05/2022 16:10:39 PM - INFO - average delay [1763.3333333333333]
04/05/2022 16:10:39 PM - INFO - nowTs is [26432], lastTs is [26191]
04/05/2022 16:10:39 PM - INFO - [in this interval] loss-ratio is [0.5263157894736842]
04/05/2022 16:10:39 PM - INFO - [in this interval] group num is [9]
04/05/2022 16:10:39 PM - INFO - [in this interval] delayDelta from group is [[0, -41, -6, -9, -37, -9, -5, -12]]
04/05/2022 16:10:39 PM - INFO - sample List of accDelay : [[192.5270443214687, 189.37433988932185, 185.73690590038967, 182.76321531035072, 181.38689377931564, 180.84820440138407, 181.56338396124568, 183.20704556512112, 183.786341008609, 185.50770690774812, 186.6569362169733, 192.09124259527596, 196.98211833574837, 197.28390650217352, 196.9555158519562, 195.7599642667606, 190.98396784008452, 185.78557105607607, 180.60701395046846, 174.7463125554216]]
04/05/2022 16:10:39 PM - INFO - sample List of time: [[25528, 25549, 25571, 25593, 25636, 25659, 25703, 25725, 25770, 25791, 25813, 25834, 25948, 25978, 26002, 26031, 26057, 26085, 26111, 26136]]
04/05/2022 16:10:39 PM - INFO - update trend: [0.004751111917465948]
04/05/2022 16:10:39 PM - INFO - estimateQueueDelayDuration [1.1402668601918275] = queueDelayDelta [0.019004447669863794] * numCount[759]
04/05/2022 16:10:39 PM - INFO - [in this interval] signal is [Signal.NORMAL]
04/05/2022 16:10:39 PM - INFO - [in this interval] adaptiveThresholdGamma is [50.70029909699282]
04/05/2022 16:10:39 PM - INFO - [in this interval] state is [State.INCREASE]
04/05/2022 16:10:39 PM - INFO - [in this interval] now real rate is [0.431856]mbps
04/05/2022 16:10:39 PM - INFO - [in this interval] now real rtt is [3856]
04/05/2022 16:10:39 PM - INFO - [in this interval] aimd control rate is [0.4748121804683961] mbps
04/05/2022 16:10:39 PM - INFO - [in this interval] delay-rate is [0.4748121804683961] mbps
04/05/2022 16:10:39 PM - INFO - average delay [1737.6666666666667]
04/05/2022 16:10:39 PM - INFO - average delay [1708.6666666666667]
04/05/2022 16:10:39 PM - INFO - average delay [1701.8]
04/05/2022 16:10:39 PM - INFO - average delay [1709.6]
04/05/2022 16:10:39 PM - INFO - nowTs is [26685], lastTs is [26432]
04/05/2022 16:10:39 PM - INFO - [in this interval] loss-ratio is [0.2]
04/05/2022 16:10:39 PM - INFO - [in this interval] group num is [11]
04/05/2022 16:10:39 PM - INFO - [in this interval] delayDelta from group is [[-6, -2, -9, 5, 21, -14, -21, -15, 11, -5]]
04/05/2022 16:10:39 PM - INFO - sample List of accDelay : [[186.6569362169733, 192.09124259527596, 196.98211833574837, 197.28390650217352, 196.9555158519562, 195.7599642667606, 190.98396784008452, 185.78557105607607, 180.60701395046846, 174.7463125554216, 168.87168129987944, 163.3845131698915, 157.54606185290237, 152.79145566761213, 150.61231010085092, 147.2510790907658, 142.12597118168924, 136.01337406352033, 131.6120366571683, 127.15083299145147]]
04/05/2022 16:10:39 PM - INFO - sample List of time: [[25813, 25834, 25948, 25978, 26002, 26031, 26057, 26085, 26111, 26136, 26182, 26206, 26244, 26270, 26285, 26326, 26342, 26356, 26371, 26397]]
04/05/2022 16:10:39 PM - INFO - update trend: [-0.12490568616159278]
04/05/2022 16:10:39 PM - INFO - estimateQueueDelayDuration [-29.97736467878227] = queueDelayDelta [-0.49962274464637113] * numCount[769]
04/05/2022 16:10:39 PM - INFO - [in this interval] signal is [Signal.NORMAL]
04/05/2022 16:10:39 PM - INFO - [in this interval] adaptiveThresholdGamma is [50.327286277465035]
04/05/2022 16:10:39 PM - INFO - [in this interval] state is [State.INCREASE]
04/05/2022 16:10:39 PM - INFO - [in this interval] now real rate is [0.4916599190283401]mbps
04/05/2022 16:10:39 PM - INFO - [in this interval] now real rtt is [3762]
04/05/2022 16:10:39 PM - INFO - [in this interval] aimd control rate is [0.478768948638966] mbps
04/05/2022 16:10:39 PM - INFO - [in this interval] delay-rate is [0.478768948638966] mbps
04/05/2022 16:10:39 PM - INFO - average delay [1682.0]
04/05/2022 16:10:39 PM - INFO - average delay [1651.75]
04/05/2022 16:10:39 PM - INFO - average delay [1626.6]
04/05/2022 16:10:39 PM - INFO - average delay [1591.0]
04/05/2022 16:10:39 PM - INFO - nowTs is [26919], lastTs is [26685]
04/05/2022 16:10:39 PM - INFO - [in this interval] loss-ratio is [0.0]
04/05/2022 16:10:39 PM - INFO - [in this interval] group num is [12]
04/05/2022 16:10:39 PM - INFO - [in this interval] delayDelta from group is [[-4, -20, 8, -11, -16, 3, -11, -13, -9, -10, 16]]
04/05/2022 16:10:39 PM - INFO - sample List of accDelay : [[163.3845131698915, 157.54606185290237, 152.79145566761213, 150.61231010085092, 147.2510790907658, 142.12597118168924, 136.01337406352033, 131.6120366571683, 127.15083299145147, 122.73574969230631, 116.76217472307569, 112.18595725076811, 106.9673615256913, 100.67062537312216, 95.30356283580996, 89.37320655222895, 82.73588589700606, 75.86229730730545, 68.67606757657492, 63.80846081891743]]
04/05/2022 16:10:39 PM - INFO - sample List of time: [[26206, 26244, 26270, 26285, 26326, 26342, 26356, 26371, 26397, 26428, 26454, 26469, 26487, 26501, 26515, 26528, 26542, 26569, 26585, 26615]]
04/05/2022 16:10:39 PM - INFO - update trend: [-0.2524018586273859]
04/05/2022 16:10:39 PM - INFO - estimateQueueDelayDuration [-60.576446070572615] = queueDelayDelta [-1.0096074345095436] * numCount[780]
04/05/2022 16:10:39 PM - INFO - [in this interval] signal is [Signal.UNDER_USE]
04/05/2022 16:10:39 PM - INFO - [in this interval] adaptiveThresholdGamma is [60.576446070572615]
04/05/2022 16:10:39 PM - INFO - [in this interval] state is [State.HOLD]
04/05/2022 16:10:39 PM - INFO - [in this interval] now real rate is [0.6057659137577003]mbps
04/05/2022 16:10:39 PM - INFO - [in this interval] now real rtt is [3590]
04/05/2022 16:10:39 PM - INFO - [in this interval] aimd control rate is [0.478768948638966] mbps
04/05/2022 16:10:39 PM - INFO - [in this interval] delay-rate is [0.478768948638966] mbps
04/05/2022 16:10:39 PM - INFO - average delay [1581.25]
04/05/2022 16:10:39 PM - INFO - average delay [1612.8]
04/05/2022 16:10:39 PM - INFO - average delay [1617.4]
04/05/2022 16:10:39 PM - INFO - average delay [1616.2]
04/05/2022 16:10:39 PM - INFO - nowTs is [27164], lastTs is [26919]
04/05/2022 16:10:39 PM - INFO - [in this interval] loss-ratio is [0.0]
04/05/2022 16:10:39 PM - INFO - [in this interval] group num is [10]
04/05/2022 16:10:39 PM - INFO - [in this interval] delayDelta from group is [[17, -1, 0, 3, 5, -1, -10, 18, 2]]
04/05/2022 16:10:39 PM - INFO - sample List of accDelay : [[122.73574969230631, 116.76217472307569, 112.18595725076811, 106.9673615256913, 100.67062537312216, 95.30356283580996, 89.37320655222895, 82.73588589700606, 75.86229730730545, 68.67606757657492, 63.80846081891743, 61.127614737025695, 58.61485326332313, 56.353367936990814, 54.61803114329173, 53.55622802896256, 52.5006052260663, 50.550544703459664, 50.5954902331137, 50.83594120980233]]
04/05/2022 16:10:39 PM - INFO - sample List of time: [[26428, 26454, 26469, 26487, 26501, 26515, 26528, 26542, 26569, 26585, 26615, 26663, 26695, 26704, 26714, 26752, 26782, 26791, 26816, 26869]]
04/05/2022 16:10:39 PM - INFO - update trend: [-0.17311160009495583]
04/05/2022 16:10:39 PM - INFO - estimateQueueDelayDuration [-41.546784022789396] = queueDelayDelta [-0.6924464003798233] * numCount[789]
04/05/2022 16:10:39 PM - INFO - [in this interval] signal is [Signal.NORMAL]
04/05/2022 16:10:39 PM - INFO - [in this interval] adaptiveThresholdGamma is [60.23391215371252]
04/05/2022 16:10:39 PM - INFO - [in this interval] state is [State.INCREASE]
04/05/2022 16:10:39 PM - INFO - [in this interval] now real rate is [0.579417004048583]mbps
04/05/2022 16:10:39 PM - INFO - [in this interval] now real rtt is [3670]
04/05/2022 16:10:39 PM - INFO - [in this interval] aimd control rate is [0.48275868987762405] mbps
04/05/2022 16:10:39 PM - INFO - [in this interval] delay-rate is [0.48275868987762405] mbps
04/05/2022 16:10:39 PM - INFO - average delay [1630.0]
04/05/2022 16:10:39 PM - INFO - average delay [1643.6666666666667]
04/05/2022 16:10:39 PM - INFO - average delay [1664.6666666666667]
04/05/2022 16:10:39 PM - INFO - average delay [1677.5]
04/05/2022 16:10:39 PM - INFO - nowTs is [27406], lastTs is [27164]
04/05/2022 16:10:39 PM - INFO - [in this interval] loss-ratio is [0.0]
04/05/2022 16:10:39 PM - INFO - [in this interval] group num is [8]
04/05/2022 16:10:39 PM - INFO - [in this interval] delayDelta from group is [[30, -3, 14, 9, -1, -3, 17]]
04/05/2022 16:10:39 PM - INFO - sample List of accDelay : [[82.73588589700606, 75.86229730730545, 68.67606757657492, 63.80846081891743, 61.127614737025695, 58.61485326332313, 56.353367936990814, 54.61803114329173, 53.55622802896256, 52.5006052260663, 50.550544703459664, 50.5954902331137, 50.83594120980233, 54.052347088822096, 56.647112379939884, 60.3824011419459, 64.64416102775131, 68.37974492497618, 71.44177043247856, 75.8975933892307]]
04/05/2022 16:10:39 PM - INFO - sample List of time: [[26542, 26569, 26585, 26615, 26663, 26695, 26704, 26714, 26752, 26782, 26791, 26816, 26869, 26905, 26970, 26997, 27046, 27070, 27084, 27096]]
04/05/2022 16:10:39 PM - INFO - update trend: [-0.0027288208061302895]
04/05/2022 16:10:39 PM - INFO - estimateQueueDelayDuration [-0.6549169934712695] = queueDelayDelta [-0.010915283224521158] * numCount[796]
04/05/2022 16:10:39 PM - INFO - [in this interval] signal is [Signal.NORMAL]
04/05/2022 16:10:39 PM - INFO - [in this interval] adaptiveThresholdGamma is [59.16149024082817]
04/05/2022 16:10:39 PM - INFO - [in this interval] state is [State.INCREASE]
04/05/2022 16:10:39 PM - INFO - [in this interval] now real rate is [0.5068583162217659]mbps
04/05/2022 16:10:39 PM - INFO - [in this interval] now real rtt is [3804]
04/05/2022 16:10:39 PM - INFO - [in this interval] aimd control rate is [0.48678167895993757] mbps
04/05/2022 16:10:39 PM - INFO - [in this interval] delay-rate is [0.48678167895993757] mbps
04/05/2022 16:10:39 PM - INFO - average delay [1691.2]
04/05/2022 16:10:39 PM - INFO - average delay [1691.2]
04/05/2022 16:10:39 PM - INFO - average delay [1697.5]
04/05/2022 16:10:39 PM - INFO - average delay [1708.3333333333333]
04/05/2022 16:10:39 PM - INFO - nowTs is [27645], lastTs is [27406]
04/05/2022 16:10:39 PM - INFO - [in this interval] loss-ratio is [0.3157894736842105]
04/05/2022 16:10:39 PM - INFO - [in this interval] group num is [9]
04/05/2022 16:10:39 PM - INFO - [in this interval] delayDelta from group is [[8, -13, 1, -1, 17, 9, 7, 14]]
04/05/2022 16:10:39 PM - INFO - sample List of accDelay : [[53.55622802896256, 52.5006052260663, 50.550544703459664, 50.5954902331137, 50.83594120980233, 54.052347088822096, 56.647112379939884, 60.3824011419459, 64.64416102775131, 68.37974492497618, 71.44177043247856, 75.8975933892307, 80.70783405030762, 83.73705064527685, 86.56334558074917, 89.00701102267425, 92.90630992040683, 97.31567892836615, 101.98411103552954, 107.58569993197658]]
04/05/2022 16:10:39 PM - INFO - sample List of time: [[26752, 26782, 26791, 26816, 26869, 26905, 26970, 26997, 27046, 27070, 27084, 27096, 27180, 27203, 27220, 27236, 27260, 27292, 27316, 27348]]
04/05/2022 16:10:39 PM - INFO - update trend: [0.09437154753902507]
04/05/2022 16:10:39 PM - INFO - estimateQueueDelayDuration [22.64917140936602] = queueDelayDelta [0.3774861901561003] * numCount[804]
04/05/2022 16:10:39 PM - INFO - [in this interval] signal is [Signal.NORMAL]
04/05/2022 16:10:39 PM - INFO - [in this interval] adaptiveThresholdGamma is [58.50426850186185]
04/05/2022 16:10:39 PM - INFO - [in this interval] state is [State.INCREASE]
04/05/2022 16:10:39 PM - INFO - [in this interval] now real rate is [0.49518503118503115]mbps
04/05/2022 16:10:39 PM - INFO - [in this interval] now real rtt is [3882]
04/05/2022 16:10:39 PM - INFO - [in this interval] aimd control rate is [0.4908381929512704] mbps
04/05/2022 16:10:39 PM - INFO - [in this interval] delay-rate is [0.4908381929512704] mbps
04/05/2022 16:10:39 PM - INFO - average delay [1729.3333333333333]
04/05/2022 16:10:39 PM - INFO - average delay [1739.0]
04/05/2022 16:10:39 PM - INFO - average delay [1761.5]
04/05/2022 16:10:39 PM - INFO - average delay [1766.3333333333333]
04/05/2022 16:10:39 PM - INFO - nowTs is [27888], lastTs is [27645]
04/05/2022 16:10:39 PM - INFO - [in this interval] loss-ratio is [0.18181818181818182]
04/05/2022 16:10:39 PM - INFO - [in this interval] group num is [7]
04/05/2022 16:10:39 PM - INFO - [in this interval] delayDelta from group is [[15, 5, 7, -3, -8, 39]]
04/05/2022 16:10:39 PM - INFO - sample List of accDelay : [[56.647112379939884, 60.3824011419459, 64.64416102775131, 68.37974492497618, 71.44177043247856, 75.8975933892307, 80.70783405030762, 83.73705064527685, 86.56334558074917, 89.00701102267425, 92.90630992040683, 97.31567892836615, 101.98411103552954, 107.58569993197658, 114.12712993877892, 120.51441694490103, 126.96297525041093, 132.46667772536983, 136.62000995283285, 144.25800895754955]]
04/05/2022 16:10:39 PM - INFO - sample List of time: [[26970, 26997, 27046, 27070, 27084, 27096, 27180, 27203, 27220, 27236, 27260, 27292, 27316, 27348, 27405, 27460, 27490, 27512, 27534, 27556]]
04/05/2022 16:10:39 PM - INFO - update trend: [0.1424101428171386]
04/05/2022 16:10:39 PM - INFO - estimateQueueDelayDuration [34.178434276113265] = queueDelayDelta [0.5696405712685544] * numCount[810]
04/05/2022 16:10:39 PM - INFO - [in this interval] signal is [Signal.NORMAL]
04/05/2022 16:10:39 PM - INFO - [in this interval] adaptiveThresholdGamma is [58.066403485798375]
04/05/2022 16:10:39 PM - INFO - [in this interval] state is [State.INCREASE]
04/05/2022 16:10:39 PM - INFO - [in this interval] now real rate is [0.4473858585858586]mbps
04/05/2022 16:10:39 PM - INFO - [in this interval] now real rtt is [3998]
04/05/2022 16:10:39 PM - INFO - [in this interval] aimd control rate is [0.4949285112258643] mbps
04/05/2022 16:10:39 PM - INFO - [in this interval] delay-rate is [0.4949285112258643] mbps
04/05/2022 16:10:39 PM - INFO - average delay [1777.6666666666667]
04/05/2022 16:10:39 PM - INFO - average delay [1793.6666666666667]
04/05/2022 16:10:39 PM - INFO - average delay [1761.0]
04/05/2022 16:10:39 PM - INFO - average delay [1737.25]
04/05/2022 16:10:39 PM - INFO - nowTs is [28127], lastTs is [27888]
04/05/2022 16:10:39 PM - INFO - [in this interval] loss-ratio is [0.3]
04/05/2022 16:10:39 PM - INFO - [in this interval] group num is [13]
04/05/2022 16:10:39 PM - INFO - [in this interval] delayDelta from group is [[-6, -25, 3, -20, -14, -1, -7, -10, -15, -20, -20, -13]]
04/05/2022 16:10:39 PM - INFO - sample List of accDelay : [[101.98411103552954, 107.58569993197658, 114.12712993877892, 120.51441694490103, 126.96297525041093, 132.46667772536983, 136.62000995283285, 144.25800895754955, 150.5322080617946, 153.6789872556151, 156.8110885300536, 157.62997967704825, 156.96698170934343, 156.2702835384091, 154.94325518456822, 152.7489296661114, 149.27403669950024, 144.14663302955023, 137.53196972659524, 130.2787727539357]]
04/05/2022 16:10:39 PM - INFO - sample List of time: [[27316, 27348, 27405, 27460, 27490, 27512, 27534, 27556, 27637, 27656, 27671, 27709, 27724, 27740, 27759, 27777, 27792, 27807, 27822, 27837]]
04/05/2022 16:10:39 PM - INFO - update trend: [0.08289484815474218]
04/05/2022 16:10:39 PM - INFO - estimateQueueDelayDuration [19.894763557138123] = queueDelayDelta [0.33157939261896874] * numCount[822]
04/05/2022 16:10:39 PM - INFO - [in this interval] signal is [Signal.NORMAL]
04/05/2022 16:10:39 PM - INFO - [in this interval] adaptiveThresholdGamma is [57.37931396708249]
04/05/2022 16:10:39 PM - INFO - [in this interval] state is [State.INCREASE]
04/05/2022 16:10:39 PM - INFO - [in this interval] now real rate is [0.4722489626556017]mbps
04/05/2022 16:10:39 PM - INFO - [in this interval] now real rtt is [3716]
04/05/2022 16:10:39 PM - INFO - [in this interval] aimd control rate is [0.49905291548607983] mbps
04/05/2022 16:10:39 PM - INFO - [in this interval] delay-rate is [0.49905291548607983] mbps
04/05/2022 16:10:39 PM - INFO - average delay [1682.75]
04/05/2022 16:10:39 PM - INFO - average delay [1646.6666666666667]
04/05/2022 16:10:39 PM - INFO - average delay [1666.25]
04/05/2022 16:10:39 PM - INFO - average delay [1651.75]
04/05/2022 16:10:39 PM - INFO - nowTs is [28373], lastTs is [28127]
04/05/2022 16:10:39 PM - INFO - [in this interval] loss-ratio is [0.3157894736842105]
04/05/2022 16:10:39 PM - INFO - [in this interval] group num is [10]
04/05/2022 16:10:39 PM - INFO - [in this interval] delayDelta from group is [[17, 22, -13, 1, -18, -13, -12, -12, -8]]
04/05/2022 16:10:39 PM - INFO - sample List of accDelay : [[153.6789872556151, 156.8110885300536, 157.62997967704825, 156.96698170934343, 156.2702835384091, 154.94325518456822, 152.7489296661114, 149.27403669950024, 144.14663302955023, 137.53196972659524, 130.2787727539357, 125.45089547854214, 123.30580593068791, 120.07522533761912, 117.2677028038572, 112.94093252347147, 107.74683927112433, 101.8721553440119, 95.38493980961071, 88.74644582864966]]
04/05/2022 16:10:39 PM - INFO - sample List of time: [[27656, 27671, 27709, 27724, 27740, 27759, 27777, 27792, 27807, 27822, 27837, 27871, 27908, 27945, 27962, 27998, 28015, 28032, 28055, 28078]]
04/05/2022 16:10:39 PM - INFO - update trend: [-0.16718540948997615]
04/05/2022 16:10:39 PM - INFO - estimateQueueDelayDuration [-40.12449827759428] = queueDelayDelta [-0.6687416379599046] * numCount[831]
04/05/2022 16:10:39 PM - INFO - [in this interval] signal is [Signal.NORMAL]
04/05/2022 16:10:39 PM - INFO - [in this interval] adaptiveThresholdGamma is [57.0687272846717]
04/05/2022 16:10:39 PM - INFO - [in this interval] state is [State.INCREASE]
04/05/2022 16:10:39 PM - INFO - [in this interval] now real rate is [0.5413608247422681]mbps
04/05/2022 16:10:39 PM - INFO - [in this interval] now real rtt is [3608]
04/05/2022 16:10:39 PM - INFO - [in this interval] aimd control rate is [0.5032116897817971] mbps
04/05/2022 16:10:39 PM - INFO - [in this interval] delay-rate is [0.5032116897817971] mbps
04/05/2022 16:10:39 PM - INFO - average delay [1613.3333333333333]
04/05/2022 16:10:39 PM - INFO - average delay [1587.0]
04/05/2022 16:10:39 PM - INFO - average delay [1563.6666666666667]
04/05/2022 16:10:39 PM - INFO - average delay [1544.0]
04/05/2022 16:10:39 PM - INFO - nowTs is [28606], lastTs is [28373]
04/05/2022 16:10:39 PM - INFO - [in this interval] loss-ratio is [0.0]
04/05/2022 16:10:39 PM - INFO - [in this interval] group num is [10]
04/05/2022 16:10:39 PM - INFO - [in this interval] delayDelta from group is [[-10, -7, -11, -12, -5, -14, -12, -7, -12]]
04/05/2022 16:10:39 PM - INFO - sample List of accDelay : [[137.53196972659524, 130.2787727539357, 125.45089547854214, 123.30580593068791, 120.07522533761912, 117.2677028038572, 112.94093252347147, 107.74683927112433, 101.8721553440119, 95.38493980961071, 88.74644582864966, 81.7718012457847, 74.79462112120623, 67.41515900908561, 59.57364310817705, 52.01627879735935, 43.81465091762342, 35.23318582586107, 26.809867243274965, 18.02888051894747]]
04/05/2022 16:10:39 PM - INFO - sample List of time: [[27822, 27837, 27871, 27908, 27945, 27962, 27998, 28015, 28032, 28055, 28078, 28123, 28148, 28171, 28195, 28218, 28243, 28264, 28287, 28310]]
04/05/2022 16:10:39 PM - INFO - update trend: [-0.2371376361860643]
04/05/2022 16:10:39 PM - INFO - estimateQueueDelayDuration [-56.91303268465543] = queueDelayDelta [-0.9485505447442572] * numCount[840]
04/05/2022 16:10:39 PM - INFO - [in this interval] signal is [Signal.NORMAL]
04/05/2022 16:10:39 PM - INFO - [in this interval] adaptiveThresholdGamma is [57.06592478187141]
04/05/2022 16:10:39 PM - INFO - [in this interval] state is [State.INCREASE]
04/05/2022 16:10:39 PM - INFO - [in this interval] now real rate is [0.4744516129032258]mbps
04/05/2022 16:10:39 PM - INFO - [in this interval] now real rtt is [3404]
04/05/2022 16:10:39 PM - INFO - [in this interval] aimd control rate is [0.5074051205299788] mbps
04/05/2022 16:10:39 PM - INFO - [in this interval] delay-rate is [0.5074051205299788] mbps
04/05/2022 16:10:39 PM - INFO - average delay [1512.3333333333333]
04/05/2022 16:10:39 PM - INFO - average delay [1480.3333333333333]
04/05/2022 16:10:39 PM - INFO - average delay [1465.4]
04/05/2022 16:10:39 PM - INFO - average delay [1452.2]
04/05/2022 16:10:39 PM - INFO - nowTs is [28854], lastTs is [28606]
04/05/2022 16:10:39 PM - INFO - [in this interval] loss-ratio is [0.0]
04/05/2022 16:10:39 PM - INFO - [in this interval] group num is [9]
04/05/2022 16:10:39 PM - INFO - [in this interval] delayDelta from group is [[-4, -7, -8, -4, -9, -5, 0, -8]]
04/05/2022 16:10:39 PM - INFO - sample List of accDelay : [[101.8721553440119, 95.38493980961071, 88.74644582864966, 81.7718012457847, 74.79462112120623, 67.41515900908561, 59.57364310817705, 52.01627879735935, 43.81465091762342, 35.23318582586107, 26.809867243274965, 18.02888051894747, 9.725992467052725, 1.5533932203474548, -6.601946101687289, -14.341751491518558, -22.2075763423667, -29.786818708130028, -36.60813683731702, -43.54732315358531]]
04/05/2022 16:10:39 PM - INFO - sample List of time: [[28032, 28055, 28078, 28123, 28148, 28171, 28195, 28218, 28243, 28264, 28287, 28310, 28356, 28382, 28410, 28437, 28463, 28489, 28519, 28549]]
04/05/2022 16:10:39 PM - INFO - update trend: [-0.2919274396443481]
04/05/2022 16:10:39 PM - INFO - estimateQueueDelayDuration [-70.06258551464354] = queueDelayDelta [-1.1677097585773923] * numCount[848]
04/05/2022 16:10:39 PM - INFO - [in this interval] signal is [Signal.UNDER_USE]
04/05/2022 16:10:39 PM - INFO - [in this interval] adaptiveThresholdGamma is [70.06258551464354]
04/05/2022 16:10:39 PM - INFO - [in this interval] state is [State.HOLD]
04/05/2022 16:10:39 PM - INFO - [in this interval] now real rate is [0.46664449064449065]mbps
04/05/2022 16:10:39 PM - INFO - [in this interval] now real rtt is [3290]
04/05/2022 16:10:39 PM - INFO - [in this interval] aimd control rate is [0.5074051205299788] mbps
04/05/2022 16:10:39 PM - INFO - [in this interval] delay-rate is [0.5074051205299788] mbps
04/05/2022 16:10:39 PM - INFO - average delay [1442.5]
04/05/2022 16:10:39 PM - INFO - average delay [1435.0]
04/05/2022 16:10:39 PM - INFO - average delay [1446.0]
04/05/2022 16:10:39 PM - INFO - average delay [1464.6666666666667]
04/05/2022 16:10:39 PM - INFO - nowTs is [29068], lastTs is [28854]
04/05/2022 16:10:39 PM - INFO - [in this interval] loss-ratio is [0.0]
04/05/2022 16:10:39 PM - INFO - [in this interval] group num is [5]
04/05/2022 16:10:39 PM - INFO - [in this interval] delayDelta from group is [[13, 19, 19, 7]]
04/05/2022 16:10:39 PM - INFO - sample List of accDelay : [[74.79462112120623, 67.41515900908561, 59.57364310817705, 52.01627879735935, 43.81465091762342, 35.23318582586107, 26.809867243274965, 18.02888051894747, 9.725992467052725, 1.5533932203474548, -6.601946101687289, -14.341751491518558, -22.2075763423667, -29.786818708130028, -36.60813683731702, -43.54732315358531, -48.492590838226775, -51.0433317544041, -51.43899857896369, -51.09509872106732]]
04/05/2022 16:10:39 PM - INFO - sample List of time: [[28148, 28171, 28195, 28218, 28243, 28264, 28287, 28310, 28356, 28382, 28410, 28437, 28463, 28489, 28519, 28549, 28612, 28655, 28709, 28763]]
04/05/2022 16:10:39 PM - INFO - update trend: [-0.22760509764516565]
04/05/2022 16:10:39 PM - INFO - estimateQueueDelayDuration [-54.625223434839754] = queueDelayDelta [-0.9104203905806626] * numCount[852]
04/05/2022 16:10:39 PM - INFO - [in this interval] signal is [Signal.NORMAL]
04/05/2022 16:10:39 PM - INFO - [in this interval] adaptiveThresholdGamma is [69.78471299720708]
04/05/2022 16:10:39 PM - INFO - [in this interval] state is [State.INCREASE]
04/05/2022 16:10:39 PM - INFO - [in this interval] now real rate is [0.43917525773195876]mbps
04/05/2022 16:10:39 PM - INFO - [in this interval] now real rtt is [3398]
04/05/2022 16:10:39 PM - INFO - [in this interval] aimd control rate is [0.5116334965343953] mbps
04/05/2022 16:10:39 PM - INFO - [in this interval] delay-rate is [0.5116334965343953] mbps
04/05/2022 16:10:39 PM - INFO - average delay [1487.0]
04/05/2022 16:10:39 PM - INFO - average delay [1530.0]
04/05/2022 16:10:39 PM - INFO - average delay [1544.3333333333333]
04/05/2022 16:10:39 PM - INFO - average delay [1562.6666666666667]
04/05/2022 16:10:39 PM - INFO - nowTs is [29320], lastTs is [29068]
04/05/2022 16:10:39 PM - INFO - [in this interval] loss-ratio is [0.0]
04/05/2022 16:10:39 PM - INFO - [in this interval] group num is [6]
04/05/2022 16:10:39 PM - INFO - [in this interval] delayDelta from group is [[14, 15, 20, 15, -10]]
04/05/2022 16:10:39 PM - INFO - sample List of accDelay : [[35.23318582586107, 26.809867243274965, 18.02888051894747, 9.725992467052725, 1.5533932203474548, -6.601946101687289, -14.341751491518558, -22.2075763423667, -29.786818708130028, -36.60813683731702, -43.54732315358531, -48.492590838226775, -51.0433317544041, -51.43899857896369, -51.09509872106732, -49.38558884896059, -46.347029964064525, -41.61232696765807, -35.85109427089226, -31.665984843803038]]
04/05/2022 16:10:39 PM - INFO - sample List of time: [[28264, 28287, 28310, 28356, 28382, 28410, 28437, 28463, 28489, 28519, 28549, 28612, 28655, 28709, 28763, 28828, 28877, 28927, 28977, 29027]]
04/05/2022 16:10:39 PM - INFO - update trend: [-0.08941198286056358]
04/05/2022 16:10:39 PM - INFO - estimateQueueDelayDuration [-21.45887588653526] = queueDelayDelta [-0.3576479314422543] * numCount[857]
04/05/2022 16:10:39 PM - INFO - [in this interval] signal is [Signal.NORMAL]
04/05/2022 16:10:39 PM - INFO - [in this interval] adaptiveThresholdGamma is [68.91484792921499]
04/05/2022 16:10:39 PM - INFO - [in this interval] state is [State.INCREASE]
04/05/2022 16:10:39 PM - INFO - [in this interval] now real rate is [0.3948755020080321]mbps
04/05/2022 16:10:39 PM - INFO - [in this interval] now real rtt is [3562]
04/05/2022 16:10:39 PM - INFO - [in this interval] aimd control rate is [0.5158971090055152] mbps
04/05/2022 16:10:39 PM - INFO - [in this interval] delay-rate is [0.5158971090055152] mbps
04/05/2022 16:10:39 PM - INFO - average delay [1581.0]
04/05/2022 16:10:39 PM - INFO - average delay [1600.0]
04/05/2022 16:10:39 PM - INFO - average delay [1629.5]
04/05/2022 16:10:39 PM - INFO - average delay [1651.75]
04/05/2022 16:10:39 PM - INFO - nowTs is [29564], lastTs is [29320]
04/05/2022 16:10:39 PM - INFO - [in this interval] loss-ratio is [0.0]
04/05/2022 16:10:39 PM - INFO - [in this interval] group num is [6]
04/05/2022 16:10:39 PM - INFO - [in this interval] delayDelta from group is [[43, 20, 2, 10, -10]]
04/05/2022 16:10:39 PM - INFO - sample List of accDelay : [[-6.601946101687289, -14.341751491518558, -22.2075763423667, -29.786818708130028, -36.60813683731702, -43.54732315358531, -48.492590838226775, -51.0433317544041, -51.43899857896369, -51.09509872106732, -49.38558884896059, -46.347029964064525, -41.61232696765807, -35.85109427089226, -31.665984843803038, -23.599386359422738, -14.339447723480465, -5.8055029511324205, 2.8750473439808193, 9.687542609582737]]
04/05/2022 16:10:39 PM - INFO - sample List of time: [[28410, 28437, 28463, 28489, 28519, 28549, 28612, 28655, 28709, 28763, 28828, 28877, 28927, 28977, 29027, 29066, 29154, 29194, 29231, 29271]]
04/05/2022 16:10:39 PM - INFO - update trend: [0.02676236583500139]
04/05/2022 16:10:39 PM - INFO - estimateQueueDelayDuration [6.422967800400333] = queueDelayDelta [0.10704946334000556] * numCount[862]
04/05/2022 16:10:39 PM - INFO - [in this interval] signal is [Signal.NORMAL]
04/05/2022 16:10:39 PM - INFO - [in this interval] adaptiveThresholdGamma is [67.78999408689633]
04/05/2022 16:10:39 PM - INFO - [in this interval] state is [State.INCREASE]
04/05/2022 16:10:39 PM - INFO - [in this interval] now real rate is [0.4719677419354838]mbps
04/05/2022 16:10:39 PM - INFO - [in this interval] now real rtt is [3720]
04/05/2022 16:10:39 PM - INFO - [in this interval] aimd control rate is [0.5201962515805612] mbps
04/05/2022 16:10:39 PM - INFO - [in this interval] delay-rate is [0.5201962515805612] mbps
04/05/2022 16:10:39 PM - INFO - average delay [1661.6666666666667]
04/05/2022 16:10:39 PM - INFO - average delay [1672.3333333333333]
04/05/2022 16:10:39 PM - INFO - average delay [1697.0]
04/05/2022 16:10:39 PM - INFO - average delay [1700.0]
04/05/2022 16:10:39 PM - INFO - nowTs is [29810], lastTs is [29564]
04/05/2022 16:10:39 PM - INFO - [in this interval] loss-ratio is [0.0]
04/05/2022 16:10:39 PM - INFO - [in this interval] group num is [7]
04/05/2022 16:10:39 PM - INFO - [in this interval] delayDelta from group is [[17, 15, 0, -4, 1, -3]]
04/05/2022 16:10:39 PM - INFO - sample List of accDelay : [[-48.492590838226775, -51.0433317544041, -51.43899857896369, -51.09509872106732, -49.38558884896059, -46.347029964064525, -41.61232696765807, -35.85109427089226, -31.665984843803038, -23.599386359422738, -14.339447723480465, -5.8055029511324205, 2.8750473439808193, 9.687542609582737, 17.51878834862446, 26.066909513762013, 33.76021856238581, 40.28419670614723, 46.2557770355325, 51.33019933197925]]
04/05/2022 16:10:39 PM - INFO - sample List of time: [[28612, 28655, 28709, 28763, 28828, 28877, 28927, 28977, 29027, 29066, 29154, 29194, 29231, 29271, 29311, 29368, 29408, 29443, 29474, 29505]]
04/05/2022 16:10:39 PM - INFO - update trend: [0.1236107472371005]
04/05/2022 16:10:39 PM - INFO - estimateQueueDelayDuration [29.66657933690412] = queueDelayDelta [0.494442988948402] * numCount[868]
04/05/2022 16:10:39 PM - INFO - [in this interval] signal is [Signal.NORMAL]
04/05/2022 16:10:39 PM - INFO - [in this interval] adaptiveThresholdGamma is [67.10377262139647]
04/05/2022 16:10:39 PM - INFO - [in this interval] state is [State.INCREASE]
04/05/2022 16:10:39 PM - INFO - [in this interval] now real rate is [0.5504326530612245]mbps
04/05/2022 16:10:39 PM - INFO - [in this interval] now real rtt is [3802]
04/05/2022 16:10:39 PM - INFO - [in this interval] aimd control rate is [0.5245312203437326] mbps
04/05/2022 16:10:39 PM - INFO - [in this interval] delay-rate is [0.5245312203437326] mbps
04/05/2022 16:10:39 PM - INFO - average delay [1697.5]
04/05/2022 16:10:39 PM - INFO - average delay [1692.75]
04/05/2022 16:10:39 PM - INFO - average delay [1703.5]
04/05/2022 16:10:39 PM - INFO - average delay [1719.6666666666667]
04/05/2022 16:10:39 PM - INFO - nowTs is [30047], lastTs is [29810]
04/05/2022 16:10:39 PM - INFO - [in this interval] loss-ratio is [0.0]
04/05/2022 16:10:39 PM - INFO - [in this interval] group num is [7]
04/05/2022 16:10:39 PM - INFO - [in this interval] delayDelta from group is [[2, 3, 13, 21, 18, -11]]
04/05/2022 16:10:39 PM - INFO - sample List of accDelay : [[-41.61232696765807, -35.85109427089226, -31.665984843803038, -23.599386359422738, -14.339447723480465, -5.8055029511324205, 2.8750473439808193, 9.687542609582737, 17.51878834862446, 26.066909513762013, 33.76021856238581, 40.28419670614723, 46.2557770355325, 51.33019933197925, 56.09717939878133, 60.68746145890319, 66.11871531301287, 73.10684378171159, 81.19615940354042, 87.37654346318638]]
04/05/2022 16:10:39 PM - INFO - sample List of time: [[28927, 28977, 29027, 29066, 29154, 29194, 29231, 29271, 29311, 29368, 29408, 29443, 29474, 29505, 29568, 29600, 29613, 29651, 29712, 29755]]
04/05/2022 16:10:39 PM - INFO - update trend: [0.16227512502654892]
04/05/2022 16:10:39 PM - INFO - estimateQueueDelayDuration [38.94603000637174] = queueDelayDelta [0.6491005001061957] * numCount[874]
04/05/2022 16:10:39 PM - INFO - [in this interval] signal is [Signal.NORMAL]
04/05/2022 16:10:39 PM - INFO - [in this interval] adaptiveThresholdGamma is [66.59693325432603]
04/05/2022 16:10:39 PM - INFO - [in this interval] state is [State.INCREASE]
04/05/2022 16:10:39 PM - INFO - [in this interval] now real rate is [0.5563064182194617]mbps
04/05/2022 16:10:39 PM - INFO - [in this interval] now real rtt is [3886]
04/05/2022 16:10:39 PM - INFO - [in this interval] aimd control rate is [0.528902313846597] mbps
04/05/2022 16:10:39 PM - INFO - [in this interval] delay-rate is [0.528902313846597] mbps
04/05/2022 16:10:39 PM - INFO - average delay [1745.0]
04/05/2022 16:10:39 PM - INFO - average delay [1769.3333333333333]
04/05/2022 16:10:39 PM - INFO - average delay [1785.3333333333333]
04/05/2022 16:10:39 PM - INFO - average delay [1803.6666666666667]
04/05/2022 16:10:39 PM - INFO - nowTs is [30288], lastTs is [30047]
04/05/2022 16:10:39 PM - INFO - [in this interval] loss-ratio is [0.0]
04/05/2022 16:10:39 PM - INFO - [in this interval] group num is [5]
04/05/2022 16:10:39 PM - INFO - [in this interval] delayDelta from group is [[16, 20, 15, 17]]
04/05/2022 16:10:39 PM - INFO - sample List of accDelay : [[-14.339447723480465, -5.8055029511324205, 2.8750473439808193, 9.687542609582737, 17.51878834862446, 26.066909513762013, 33.76021856238581, 40.28419670614723, 46.2557770355325, 51.33019933197925, 56.09717939878133, 60.68746145890319, 66.11871531301287, 73.10684378171159, 81.19615940354042, 87.37654346318638, 94.53888911686774, 102.98500020518095, 112.08650018466285, 121.97785016619656]]
04/05/2022 16:10:39 PM - INFO - sample List of time: [[29154, 29194, 29231, 29271, 29311, 29368, 29408, 29443, 29474, 29505, 29568, 29600, 29613, 29651, 29712, 29755, 29817, 29863, 29913, 29963]]
04/05/2022 16:10:39 PM - INFO - update trend: [0.1614694338028878]
04/05/2022 16:10:39 PM - INFO - estimateQueueDelayDuration [38.752664112693076] = queueDelayDelta [0.6458777352115512] * numCount[878]
04/05/2022 16:10:39 PM - INFO - [in this interval] signal is [Signal.NORMAL]
04/05/2022 16:10:39 PM - INFO - [in this interval] adaptiveThresholdGamma is [66.09573640977663]
04/05/2022 16:10:39 PM - INFO - [in this interval] state is [State.INCREASE]
04/05/2022 16:10:39 PM - INFO - [in this interval] now real rate is [0.4886653144016227]mbps
04/05/2022 16:10:39 PM - INFO - [in this interval] now real rtt is [4088]
04/05/2022 16:10:39 PM - INFO - [in this interval] aimd control rate is [0.533309833128652] mbps
04/05/2022 16:10:39 PM - INFO - [in this interval] delay-rate is [0.533309833128652] mbps
04/05/2022 16:10:39 PM - INFO - average delay [1831.6666666666667]
04/05/2022 16:10:39 PM - INFO - average delay [1853.0]
04/05/2022 16:10:39 PM - INFO - average delay [1872.0]
04/05/2022 16:10:39 PM - INFO - average delay [1887.0]
04/05/2022 16:10:39 PM - INFO - nowTs is [30516], lastTs is [30288]
04/05/2022 16:10:39 PM - INFO - [in this interval] loss-ratio is [0.16666666666666666]
04/05/2022 16:10:39 PM - INFO - [in this interval] group num is [6]
04/05/2022 16:10:39 PM - INFO - [in this interval] delayDelta from group is [[26, -2, 10, -7, -12]]
04/05/2022 16:10:39 PM - INFO - sample List of accDelay : [[26.066909513762013, 33.76021856238581, 40.28419670614723, 46.2557770355325, 51.33019933197925, 56.09717939878133, 60.68746145890319, 66.11871531301287, 73.10684378171159, 81.19615940354042, 87.37654346318638, 94.53888911686774, 102.98500020518095, 112.08650018466285, 121.97785016619656, 133.48006514957692, 143.63205863461923, 153.7688527711573, 162.19196749404156, 168.5727707446374]]
04/05/2022 16:10:39 PM - INFO - sample List of time: [[29368, 29408, 29443, 29474, 29505, 29568, 29600, 29613, 29651, 29712, 29755, 29817, 29863, 29913, 29963, 30063, 30129, 30152, 30197, 30220]]
04/05/2022 16:10:39 PM - INFO - update trend: [0.1597054387959543]
04/05/2022 16:10:39 PM - INFO - estimateQueueDelayDuration [38.32930531102903] = queueDelayDelta [0.6388217551838172] * numCount[883]
04/05/2022 16:10:39 PM - INFO - [in this interval] signal is [Signal.NORMAL]
04/05/2022 16:10:39 PM - INFO - [in this interval] adaptiveThresholdGamma is [65.59594064999918]
04/05/2022 16:10:39 PM - INFO - [in this interval] state is [State.INCREASE]
04/05/2022 16:10:39 PM - INFO - [in this interval] now real rate is [0.4361311475409836]mbps
04/05/2022 16:10:39 PM - INFO - [in this interval] now real rtt is [4154]
04/05/2022 16:10:39 PM - INFO - [in this interval] aimd control rate is [0.5377540817380574] mbps
04/05/2022 16:10:39 PM - INFO - [in this interval] delay-rate is [0.5377540817380574] mbps
04/05/2022 16:10:39 PM - INFO - average delay [1887.3333333333335]
04/05/2022 16:10:39 PM - INFO - average delay [1879.5]
04/05/2022 16:10:39 PM - INFO - average delay [1865.6]
04/05/2022 16:10:39 PM - INFO - average delay [1851.4]
04/05/2022 16:10:39 PM - INFO - nowTs is [30761], lastTs is [30516]
04/05/2022 16:10:39 PM - INFO - [in this interval] loss-ratio is [0.058823529411764705]
04/05/2022 16:10:39 PM - INFO - [in this interval] group num is [9]
04/05/2022 16:10:39 PM - INFO - [in this interval] delayDelta from group is [[-10, -9, -6, -2, -6, -6, 1, -4]]
04/05/2022 16:10:39 PM - INFO - sample List of accDelay : [[73.10684378171159, 81.19615940354042, 87.37654346318638, 94.53888911686774, 102.98500020518095, 112.08650018466285, 121.97785016619656, 133.48006514957692, 143.63205863461923, 153.7688527711573, 162.19196749404156, 168.5727707446374, 173.31549367017368, 176.6839443031563, 179.11554987284066, 181.1039948855566, 182.29359539700096, 182.76423585730086, 183.28781227157077, 183.3590310444137]]
04/05/2022 16:10:39 PM - INFO - sample List of time: [[29651, 29712, 29755, 29817, 29863, 29913, 29963, 30063, 30129, 30152, 30197, 30220, 30265, 30280, 30311, 30340, 30368, 30397, 30426, 30457]]
04/05/2022 16:10:39 PM - INFO - update trend: [0.1528392785025368]
04/05/2022 16:10:39 PM - INFO - estimateQueueDelayDuration [36.681426840608836] = queueDelayDelta [0.6113571140101473] * numCount[891]
04/05/2022 16:10:39 PM - INFO - [in this interval] signal is [Signal.NORMAL]
04/05/2022 16:10:39 PM - INFO - [in this interval] adaptiveThresholdGamma is [65.07547940143016]
04/05/2022 16:10:39 PM - INFO - [in this interval] state is [State.INCREASE]
04/05/2022 16:10:39 PM - INFO - [in this interval] now real rate is [0.4462329317269076]mbps
04/05/2022 16:10:39 PM - INFO - [in this interval] now real rtt is [4104]
04/05/2022 16:10:39 PM - INFO - [in this interval] aimd control rate is [0.5422353657525413] mbps
04/05/2022 16:10:39 PM - INFO - [in this interval] delay-rate is [0.5422353657525413] mbps
04/05/2022 16:10:39 PM - INFO - average delay [1848.5]
04/05/2022 16:10:39 PM - INFO - average delay [1843.5]
04/05/2022 16:10:39 PM - INFO - average delay [1838.25]
04/05/2022 16:10:39 PM - INFO - average delay [1825.4]
04/05/2022 16:10:39 PM - INFO - nowTs is [31006], lastTs is [30761]
04/05/2022 16:10:39 PM - INFO - [in this interval] loss-ratio is [0.0]
04/05/2022 16:10:39 PM - INFO - [in this interval] group num is [9]
04/05/2022 16:10:39 PM - INFO - [in this interval] delayDelta from group is [[-1, -2, -5, -2, -12, -12, -6, -12]]
04/05/2022 16:10:39 PM - INFO - sample List of accDelay : [[143.63205863461923, 153.7688527711573, 162.19196749404156, 168.5727707446374, 173.31549367017368, 176.6839443031563, 179.11554987284066, 181.1039948855566, 182.29359539700096, 182.76423585730086, 183.28781227157077, 183.3590310444137, 183.32312793997232, 183.09081514597509, 182.38173363137759, 181.54356026823984, 179.58920424141584, 176.63028381727426, 173.36725543554684, 169.23052989199215]]
04/05/2022 16:10:39 PM - INFO - sample List of time: [[30129, 30152, 30197, 30220, 30265, 30280, 30311, 30340, 30368, 30397, 30426, 30457, 30520, 30549, 30582, 30612, 30640, 30663, 30686, 30710]]
04/05/2022 16:10:39 PM - INFO - update trend: [0.032334818699939545]
04/05/2022 16:10:39 PM - INFO - estimateQueueDelayDuration [7.760356487985491] = queueDelayDelta [0.12933927479975818] * numCount[899]
04/05/2022 16:10:39 PM - INFO - [in this interval] signal is [Signal.NORMAL]
04/05/2022 16:10:39 PM - INFO - [in this interval] adaptiveThresholdGamma is [64.04380718898815]
04/05/2022 16:10:39 PM - INFO - [in this interval] state is [State.INCREASE]
04/05/2022 16:10:39 PM - INFO - [in this interval] now real rate is [0.47392653061224493]mbps
04/05/2022 16:10:39 PM - INFO - [in this interval] now real rtt is [3994]
04/05/2022 16:10:39 PM - INFO - [in this interval] aimd control rate is [0.5467539938004791] mbps
04/05/2022 16:10:39 PM - INFO - [in this interval] delay-rate is [0.5467539938004791] mbps
04/05/2022 16:10:39 PM - INFO - average delay [1803.8333333333333]
04/05/2022 16:10:39 PM - INFO - average delay [1776.4]
04/05/2022 16:10:39 PM - INFO - average delay [1757.4]
04/05/2022 16:10:39 PM - INFO - average delay [1733.8333333333333]
04/05/2022 16:10:39 PM - INFO - nowTs is [31244], lastTs is [31006]
04/05/2022 16:10:39 PM - INFO - [in this interval] loss-ratio is [0.0]
04/05/2022 16:10:39 PM - INFO - [in this interval] group num is [10]
04/05/2022 16:10:39 PM - INFO - [in this interval] delayDelta from group is [[-5, -10, -10, -7, -12, -12, -7, -11, -12]]
04/05/2022 16:10:39 PM - INFO - sample List of accDelay : [[182.76423585730086, 183.28781227157077, 183.3590310444137, 183.32312793997232, 183.09081514597509, 182.38173363137759, 181.54356026823984, 179.58920424141584, 176.63028381727426, 173.36725543554684, 169.23052989199215, 165.00747690279292, 160.2067292125136, 154.88605629126224, 149.397450662136, 143.2577055959224, 136.53193503633017, 129.77874153269715, 122.60086737942744, 114.9407806414847]]
04/05/2022 16:10:39 PM - INFO - sample List of time: [[30397, 30426, 30457, 30520, 30549, 30582, 30612, 30640, 30663, 30686, 30710, 30757, 30782, 30807, 30832, 30855, 30878, 30901, 30924, 30948]]
04/05/2022 16:10:39 PM - INFO - update trend: [-0.12066635191844527]
04/05/2022 16:10:39 PM - INFO - estimateQueueDelayDuration [-28.959924460426866] = queueDelayDelta [-0.4826654076737811] * numCount[908]
04/05/2022 16:10:39 PM - INFO - [in this interval] signal is [Signal.NORMAL]
04/05/2022 16:10:39 PM - INFO - [in this interval] adaptiveThresholdGamma is [63.41229729987405]
04/05/2022 16:10:39 PM - INFO - [in this interval] state is [State.INCREASE]
04/05/2022 16:10:39 PM - INFO - [in this interval] now real rate is [0.5400721442885772]mbps
04/05/2022 16:10:39 PM - INFO - [in this interval] now real rtt is [3800]
04/05/2022 16:10:39 PM - INFO - [in this interval] aimd control rate is [0.5513102770821497] mbps
04/05/2022 16:10:39 PM - INFO - [in this interval] delay-rate is [0.5513102770821497] mbps
04/05/2022 16:10:39 PM - INFO - average delay [1708.3333333333333]
04/05/2022 16:10:39 PM - INFO - average delay [1681.0]
04/05/2022 16:10:39 PM - INFO - average delay [1666.2]
04/05/2022 16:10:39 PM - INFO - average delay [1655.0]
04/05/2022 16:10:39 PM - INFO - nowTs is [31487], lastTs is [31244]
04/05/2022 16:10:39 PM - INFO - [in this interval] loss-ratio is [0.0]
04/05/2022 16:10:39 PM - INFO - [in this interval] group num is [9]
04/05/2022 16:10:39 PM - INFO - [in this interval] delayDelta from group is [[-11, -9, -2, -7, -7, -2, -6, -7]]
04/05/2022 16:10:39 PM - INFO - sample List of accDelay : [[176.63028381727426, 173.36725543554684, 169.23052989199215, 165.00747690279292, 160.2067292125136, 154.88605629126224, 149.397450662136, 143.2577055959224, 136.53193503633017, 129.77874153269715, 122.60086737942744, 114.9407806414847, 106.94670257733623, 98.8520323196026, 91.36682908764234, 83.93014617887812, 76.5371315609903, 69.68341840489127, 62.91507656440215, 56.12356890796193]]
04/05/2022 16:10:39 PM - INFO - sample List of time: [[30663, 30686, 30710, 30757, 30782, 30807, 30832, 30855, 30878, 30901, 30924, 30948, 30995, 31019, 31045, 31073, 31101, 31129, 31157, 31186]]
04/05/2022 16:10:39 PM - INFO - update trend: [-0.24298046345366717]
04/05/2022 16:10:39 PM - INFO - estimateQueueDelayDuration [-58.31531122888012] = queueDelayDelta [-0.9719218538146687] * numCount[916]
04/05/2022 16:10:39 PM - INFO - [in this interval] signal is [Signal.NORMAL]
04/05/2022 16:10:39 PM - INFO - [in this interval] adaptiveThresholdGamma is [63.32055155059616]
04/05/2022 16:10:39 PM - INFO - [in this interval] state is [State.INCREASE]
04/05/2022 16:10:39 PM - INFO - [in this interval] now real rate is [0.5833983739837397]mbps
04/05/2022 16:10:39 PM - INFO - [in this interval] now real rtt is [3686]
04/05/2022 16:10:39 PM - INFO - [in this interval] aimd control rate is [0.5559045293911676] mbps
04/05/2022 16:10:39 PM - INFO - [in this interval] delay-rate is [0.5559045293911676] mbps
04/05/2022 16:10:39 PM - INFO - average delay [1644.6]
04/05/2022 16:10:39 PM - INFO - average delay [1643.0]
04/05/2022 16:10:39 PM - INFO - average delay [1656.6666666666667]
04/05/2022 16:10:39 PM - INFO - average delay [1685.3333333333333]
04/05/2022 16:10:39 PM - INFO - nowTs is [31722], lastTs is [31487]
04/05/2022 16:10:39 PM - INFO - [in this interval] loss-ratio is [0.0]
04/05/2022 16:10:39 PM - INFO - [in this interval] group num is [5]
04/05/2022 16:10:39 PM - INFO - [in this interval] delayDelta from group is [[14, 14, 19, 15]]
04/05/2022 16:10:39 PM - INFO - sample List of accDelay : [[160.2067292125136, 154.88605629126224, 149.397450662136, 143.2577055959224, 136.53193503633017, 129.77874153269715, 122.60086737942744, 114.9407806414847, 106.94670257733623, 98.8520323196026, 91.36682908764234, 83.93014617887812, 76.5371315609903, 69.68341840489127, 62.91507656440215, 56.12356890796193, 51.41121201716574, 48.57009081544916, 47.91308173390425, 48.82177356051382]]
04/05/2022 16:10:39 PM - INFO - sample List of time: [[30782, 30807, 30832, 30855, 30878, 30901, 30924, 30948, 30995, 31019, 31045, 31073, 31101, 31129, 31157, 31186, 31252, 31301, 31350, 31399]]
04/05/2022 16:10:39 PM - INFO - update trend: [-0.20564739336219898]
04/05/2022 16:10:39 PM - INFO - estimateQueueDelayDuration [-49.35537440692775] = queueDelayDelta [-0.8225895734487959] * numCount[920]
04/05/2022 16:10:39 PM - INFO - [in this interval] signal is [Signal.NORMAL]
04/05/2022 16:10:39 PM - INFO - [in this interval] adaptiveThresholdGamma is [63.06917836201013]
04/05/2022 16:10:39 PM - INFO - [in this interval] state is [State.INCREASE]
04/05/2022 16:10:39 PM - INFO - [in this interval] now real rate is [0.4585469387755102]mbps
04/05/2022 16:10:39 PM - INFO - [in this interval] now real rtt is [3826]
04/05/2022 16:10:39 PM - INFO - [in this interval] aimd control rate is [0.5605370671360941] mbps
04/05/2022 16:10:39 PM - INFO - [in this interval] delay-rate is [0.5605370671360941] mbps
04/05/2022 16:10:39 PM - INFO - average delay [1701.3333333333333]
04/05/2022 16:10:39 PM - INFO - average delay [1704.5]
04/05/2022 16:10:39 PM - INFO - average delay [1700.5]
04/05/2022 16:10:39 PM - INFO - average delay [1700.0]
04/05/2022 16:10:39 PM - INFO - nowTs is [31974], lastTs is [31722]
04/05/2022 16:10:39 PM - INFO - [in this interval] loss-ratio is [0.0]
04/05/2022 16:10:39 PM - INFO - [in this interval] group num is [9]
04/05/2022 16:10:39 PM - INFO - [in this interval] delayDelta from group is [[2, -4, -2, 2, -3, -15, -10, -14]]
04/05/2022 16:10:39 PM - INFO - sample List of accDelay : [[106.94670257733623, 98.8520323196026, 91.36682908764234, 83.93014617887812, 76.5371315609903, 69.68341840489127, 62.91507656440215, 56.12356890796193, 51.41121201716574, 48.57009081544916, 47.91308173390425, 48.82177356051382, 49.83959620446244, 50.355636584016196, 50.62007292561457, 51.05806563305312, 51.152259069747814, 49.73703316277303, 47.463329846495725, 44.01699686184615]]
04/05/2022 16:10:39 PM - INFO - sample List of time: [[30995, 31019, 31045, 31073, 31101, 31129, 31157, 31186, 31252, 31301, 31350, 31399, 31480, 31512, 31543, 31576, 31608, 31640, 31660, 31680]]
04/05/2022 16:10:39 PM - INFO - update trend: [-0.06648258168363527]
04/05/2022 16:10:39 PM - INFO - estimateQueueDelayDuration [-15.955819604072465] = queueDelayDelta [-0.2659303267345411] * numCount[928]
04/05/2022 16:10:39 PM - INFO - [in this interval] signal is [Signal.NORMAL]
04/05/2022 16:10:39 PM - INFO - [in this interval] adaptiveThresholdGamma is [62.22113790436725]
04/05/2022 16:10:39 PM - INFO - [in this interval] state is [State.INCREASE]
04/05/2022 16:10:39 PM - INFO - [in this interval] now real rate is [0.4643449691991786]mbps
04/05/2022 16:10:39 PM - INFO - [in this interval] now real rtt is [3730]
04/05/2022 16:10:39 PM - INFO - [in this interval] aimd control rate is [0.5652082093622282] mbps
04/05/2022 16:10:39 PM - INFO - [in this interval] delay-rate is [0.5652082093622282] mbps
04/05/2022 16:10:39 PM - INFO - average delay [1675.1666666666667]
04/05/2022 16:10:39 PM - INFO - average delay [1636.8333333333333]
04/05/2022 16:10:39 PM - INFO - average delay [1605.5]
04/05/2022 16:10:39 PM - INFO - average delay [1587.8]
04/05/2022 16:10:39 PM - INFO - nowTs is [32213], lastTs is [31974]
04/05/2022 16:10:39 PM - INFO - [in this interval] loss-ratio is [0.0]
04/05/2022 16:10:39 PM - INFO - [in this interval] group num is [9]
04/05/2022 16:10:39 PM - INFO - [in this interval] delayDelta from group is [[-9, -14, -14, -9, -14, 1, 23, -5]]
04/05/2022 16:10:39 PM - INFO - sample List of accDelay : [[51.41121201716574, 48.57009081544916, 47.91308173390425, 48.82177356051382, 49.83959620446244, 50.355636584016196, 50.62007292561457, 51.05806563305312, 51.152259069747814, 49.73703316277303, 47.463329846495725, 44.01699686184615, 40.01529717566154, 35.01376745809539, 29.11239071228585, 22.901151641057265, 15.91103647695154, 9.71993282925639, 6.447939546330753, 3.003145591697679]]
04/05/2022 16:10:39 PM - INFO - sample List of time: [[31252, 31301, 31350, 31399, 31480, 31512, 31543, 31576, 31608, 31640, 31660, 31680, 31721, 31742, 31763, 31784, 31805, 31826, 31862, 31915]]
04/05/2022 16:10:39 PM - INFO - update trend: [-0.06996852463007082]
04/05/2022 16:10:39 PM - INFO - estimateQueueDelayDuration [-16.792445911216998] = queueDelayDelta [-0.2798740985202833] * numCount[936]
04/05/2022 16:10:39 PM - INFO - [in this interval] signal is [Signal.NORMAL]
04/05/2022 16:10:39 PM - INFO - [in this interval] adaptiveThresholdGamma is [61.40342144849054]
04/05/2022 16:10:39 PM - INFO - [in this interval] state is [State.INCREASE]
04/05/2022 16:10:39 PM - INFO - [in this interval] now real rate is [0.5862973523421589]mbps
04/05/2022 16:10:39 PM - INFO - [in this interval] now real rtt is [3618]
04/05/2022 16:10:39 PM - INFO - [in this interval] aimd control rate is [0.5699182777735801] mbps
04/05/2022 16:10:39 PM - INFO - [in this interval] delay-rate is [0.5699182777735801] mbps
04/05/2022 16:10:39 PM - INFO - average delay [1605.3333333333333]
04/05/2022 16:10:39 PM - INFO - average delay [1628.0]
04/05/2022 16:10:39 PM - INFO - average delay [1639.6666666666667]
04/05/2022 16:10:39 PM - INFO - average delay [1682.0]
04/05/2022 16:10:39 PM - INFO - nowTs is [32441], lastTs is [32213]
04/05/2022 16:10:39 PM - INFO - [in this interval] loss-ratio is [0.0]
04/05/2022 16:10:39 PM - INFO - [in this interval] group num is [5]
04/05/2022 16:10:39 PM - INFO - [in this interval] delayDelta from group is [[16, 26, 20, 40]]
04/05/2022 16:10:39 PM - INFO - sample List of accDelay : [[49.83959620446244, 50.355636584016196, 50.62007292561457, 51.05806563305312, 51.152259069747814, 49.73703316277303, 47.463329846495725, 44.01699686184615, 40.01529717566154, 35.01376745809539, 29.11239071228585, 22.901151641057265, 15.91103647695154, 9.71993282925639, 6.447939546330753, 3.003145591697679, 1.502831032527911, 2.75254792927512, 5.877293136347607, 12.689563822712845]]
04/05/2022 16:10:39 PM - INFO - sample List of time: [[31480, 31512, 31543, 31576, 31608, 31640, 31660, 31680, 31721, 31742, 31763, 31784, 31805, 31826, 31862, 31915, 31966, 32017, 32073, 32108]]
04/05/2022 16:10:39 PM - INFO - update trend: [-0.09760992670756137]
04/05/2022 16:10:39 PM - INFO - estimateQueueDelayDuration [-23.426382409814728] = queueDelayDelta [-0.3904397068302455] * numCount[940]
04/05/2022 16:10:39 PM - INFO - [in this interval] signal is [Signal.NORMAL]
04/05/2022 16:10:39 PM - INFO - [in this interval] adaptiveThresholdGamma is [60.71983474579437]
04/05/2022 16:10:39 PM - INFO - [in this interval] state is [State.INCREASE]
04/05/2022 16:10:39 PM - INFO - [in this interval] now real rate is [0.4774457831325301]mbps
04/05/2022 16:10:39 PM - INFO - [in this interval] now real rtt is [3864]
04/05/2022 16:10:39 PM - INFO - [in this interval] aimd control rate is [0.5746675967550267] mbps
04/05/2022 16:10:39 PM - INFO - [in this interval] delay-rate is [0.5746675967550267] mbps
04/05/2022 16:10:39 PM - INFO - average delay [1719.5]
04/05/2022 16:10:39 PM - INFO - average delay [1744.5]
04/05/2022 16:10:39 PM - INFO - average delay [1772.3333333333333]
04/05/2022 16:10:39 PM - INFO - average delay [1810.0]
04/05/2022 16:10:39 PM - INFO - nowTs is [32683], lastTs is [32441]
04/05/2022 16:10:39 PM - INFO - [in this interval] loss-ratio is [0.0]
04/05/2022 16:10:39 PM - INFO - [in this interval] group num is [6]
04/05/2022 16:10:39 PM - INFO - [in this interval] delayDelta from group is [[15, 36, -5, 16, 20]]
04/05/2022 16:10:39 PM - INFO - sample List of accDelay : [[49.73703316277303, 47.463329846495725, 44.01699686184615, 40.01529717566154, 35.01376745809539, 29.11239071228585, 22.901151641057265, 15.91103647695154, 9.71993282925639, 6.447939546330753, 3.003145591697679, 1.502831032527911, 2.75254792927512, 5.877293136347607, 12.689563822712845, 20.32060744044156, 30.7885466963974, 39.70969202675766, 49.338722824081884, 60.00485054167369]]
04/05/2022 16:10:39 PM - INFO - sample List of time: [[31640, 31660, 31680, 31721, 31742, 31763, 31784, 31805, 31826, 31862, 31915, 31966, 32017, 32073, 32108, 32228, 32258, 32309, 32334, 32360]]
04/05/2022 16:10:39 PM - INFO - update trend: [0.0032072826151160663]
04/05/2022 16:10:39 PM - INFO - estimateQueueDelayDuration [0.7697478276278559] = queueDelayDelta [0.012829130460464265] * numCount[945]
04/05/2022 16:10:39 PM - INFO - [in this interval] signal is [Signal.NORMAL]
04/05/2022 16:10:39 PM - INFO - [in this interval] adaptiveThresholdGamma is [59.64073318126737]
04/05/2022 16:10:39 PM - INFO - [in this interval] state is [State.INCREASE]
04/05/2022 16:10:39 PM - INFO - [in this interval] now real rate is [0.3219393939393939]mbps
04/05/2022 16:10:39 PM - INFO - [in this interval] now real rtt is [4078]
04/05/2022 16:10:39 PM - INFO - [in this interval] aimd control rate is [0.5794564933946518] mbps
04/05/2022 16:10:39 PM - INFO - [in this interval] delay-rate is [0.5794564933946518] mbps
04/05/2022 16:10:39 PM - INFO - average delay [1825.6666666666667]
04/05/2022 16:10:39 PM - INFO - average delay [1836.3333333333333]
04/05/2022 16:10:39 PM - INFO - average delay [1837.3333333333333]
04/05/2022 16:10:39 PM - INFO - average delay [1850.3333333333335]
04/05/2022 16:10:39 PM - INFO - nowTs is [32931], lastTs is [32683]
04/05/2022 16:10:39 PM - INFO - [in this interval] loss-ratio is [0.15384615384615385]
04/05/2022 16:10:39 PM - INFO - [in this interval] group num is [7]
04/05/2022 16:10:39 PM - INFO - [in this interval] delayDelta from group is [[5, -7, 12, 11, 11, -9]]
04/05/2022 16:10:39 PM - INFO - sample List of accDelay : [[22.901151641057265, 15.91103647695154, 9.71993282925639, 6.447939546330753, 3.003145591697679, 1.502831032527911, 2.75254792927512, 5.877293136347607, 12.689563822712845, 20.32060744044156, 30.7885466963974, 39.70969202675766, 49.338722824081884, 60.00485054167369, 70.10436548750631, 78.49392893875567, 87.2445360448801, 96.2200824403921, 105.3980741963529, 112.7582667767176]]
04/05/2022 16:10:39 PM - INFO - sample List of time: [[31784, 31805, 31826, 31862, 31915, 31966, 32017, 32073, 32108, 32228, 32258, 32309, 32334, 32360, 32435, 32480, 32503, 32550, 32596, 32642]]
04/05/2022 16:10:39 PM - INFO - update trend: [0.12081073564400352]
04/05/2022 16:10:39 PM - INFO - estimateQueueDelayDuration [28.994576554560844] = queueDelayDelta [0.4832429425760141] * numCount[951]
04/05/2022 16:10:39 PM - INFO - [in this interval] signal is [Signal.NORMAL]
04/05/2022 16:10:39 PM - INFO - [in this interval] adaptiveThresholdGamma is [59.089102361986654]
04/05/2022 16:10:39 PM - INFO - [in this interval] state is [State.INCREASE]
04/05/2022 16:10:39 PM - INFO - [in this interval] now real rate is [0.35459591836734694]mbps
04/05/2022 16:10:39 PM - INFO - [in this interval] now real rtt is [4124]
04/05/2022 16:10:39 PM - INFO - [in this interval] aimd control rate is [0.5826756961357331] mbps
04/05/2022 16:10:39 PM - INFO - [in this interval] delay-rate is [0.5826756961357331] mbps
04/05/2022 16:10:39 PM - INFO - average delay [1862.0]
04/05/2022 16:10:39 PM - INFO - average delay [1868.6666666666665]
04/05/2022 16:10:39 PM - INFO - average delay [1865.75]
04/05/2022 16:10:39 PM - INFO - average delay [1865.25]
04/05/2022 16:10:39 PM - INFO - nowTs is [33161], lastTs is [32931]
04/05/2022 16:10:39 PM - INFO - [in this interval] loss-ratio is [0.0]
04/05/2022 16:10:39 PM - INFO - [in this interval] group num is [8]
04/05/2022 16:10:39 PM - INFO - [in this interval] delayDelta from group is [[-2, -2, 3, -1, -2, 1, -14]]
04/05/2022 16:10:39 PM - INFO - sample List of accDelay : [[5.877293136347607, 12.689563822712845, 20.32060744044156, 30.7885466963974, 39.70969202675766, 49.338722824081884, 60.00485054167369, 70.10436548750631, 78.49392893875567, 87.2445360448801, 96.2200824403921, 105.3980741963529, 112.7582667767176, 119.18244009904583, 124.76419608914125, 130.08777648022712, 134.7789988322044, 138.80109894898396, 142.52098905408556, 144.468890148677]]
04/05/2022 16:10:39 PM - INFO - sample List of time: [[32073, 32108, 32228, 32258, 32309, 32334, 32360, 32435, 32480, 32503, 32550, 32596, 32642, 32675, 32708, 32741, 32774, 32808, 32841, 32872]]
04/05/2022 16:10:39 PM - INFO - update trend: [0.1888767477969667]
04/05/2022 16:10:39 PM - INFO - estimateQueueDelayDuration [45.33041947127201] = queueDelayDelta [0.7555069911878668] * numCount[958]
04/05/2022 16:10:39 PM - INFO - [in this interval] signal is [Signal.NORMAL]
04/05/2022 16:10:39 PM - INFO - [in this interval] adaptiveThresholdGamma is [58.84144606995379]
04/05/2022 16:10:39 PM - INFO - [in this interval] state is [State.INCREASE]
04/05/2022 16:10:39 PM - INFO - [in this interval] now real rate is [0.45231799163179914]mbps
04/05/2022 16:10:39 PM - INFO - [in this interval] now real rtt is [4114]
04/05/2022 16:10:39 PM - INFO - [in this interval] aimd control rate is [0.5859127833364872] mbps
04/05/2022 16:10:39 PM - INFO - [in this interval] delay-rate is [0.5859127833364872] mbps
04/05/2022 16:10:39 PM - INFO - average delay [1864.75]
04/05/2022 16:10:39 PM - INFO - average delay [1859.0]
04/05/2022 16:10:39 PM - INFO - average delay [1854.75]
04/05/2022 16:10:39 PM - INFO - average delay [1853.5]
04/05/2022 16:10:39 PM - INFO - nowTs is [33405], lastTs is [33161]
04/05/2022 16:10:39 PM - INFO - [in this interval] loss-ratio is [0.0]
04/05/2022 16:10:39 PM - INFO - [in this interval] group num is [8]
04/05/2022 16:10:39 PM - INFO - [in this interval] delayDelta from group is [[-4, 1, -4, -4, 5, 0, 0]]
04/05/2022 16:10:39 PM - INFO - sample List of accDelay : [[70.10436548750631, 78.49392893875567, 87.2445360448801, 96.2200824403921, 105.3980741963529, 112.7582667767176, 119.18244009904583, 124.76419608914125, 130.08777648022712, 134.7789988322044, 138.80109894898396, 142.52098905408556, 144.468890148677, 145.8220011338093, 147.13980102042837, 147.92582091838554, 148.233238826547, 149.00991494389228, 149.70892344950306, 150.33803110455275]]
04/05/2022 16:10:39 PM - INFO - sample List of time: [[32435, 32480, 32503, 32550, 32596, 32642, 32675, 32708, 32741, 32774, 32808, 32841, 32872, 32903, 32934, 32965, 32996, 33027, 33062, 33097]]
04/05/2022 16:10:39 PM - INFO - update trend: [0.12136412561249024]
04/05/2022 16:10:39 PM - INFO - estimateQueueDelayDuration [29.12739014699766] = queueDelayDelta [0.48545650244996097] * numCount[965]
04/05/2022 16:10:39 PM - INFO - [in this interval] signal is [Signal.NORMAL]
04/05/2022 16:10:39 PM - INFO - [in this interval] adaptiveThresholdGamma is [58.30659306334058]
04/05/2022 16:10:39 PM - INFO - [in this interval] state is [State.INCREASE]
04/05/2022 16:10:39 PM - INFO - [in this interval] now real rate is [0.5416816326530611]mbps
04/05/2022 16:10:39 PM - INFO - [in this interval] now real rtt is [4122]
04/05/2022 16:10:39 PM - INFO - [in this interval] aimd control rate is [0.5891678543550233] mbps
04/05/2022 16:10:39 PM - INFO - [in this interval] delay-rate is [0.5891678543550233] mbps
04/05/2022 16:10:39 PM - INFO - average delay [1854.5]
04/05/2022 16:10:39 PM - INFO - average delay [1857.6666666666665]
04/05/2022 16:10:39 PM - INFO - average delay [1859.8000000000002]
04/05/2022 16:10:39 PM - INFO - average delay [1836.3333333333333]
04/05/2022 16:10:39 PM - INFO - nowTs is [33651], lastTs is [33405]
04/05/2022 16:10:39 PM - INFO - [in this interval] loss-ratio is [0.0]
04/05/2022 16:10:39 PM - INFO - [in this interval] group num is [10]
04/05/2022 16:10:39 PM - INFO - [in this interval] delayDelta from group is [[0, 1, -8, -14, -14, -8, -14, -13, -14]]
04/05/2022 16:10:39 PM - INFO - sample List of accDelay : [[134.7789988322044, 138.80109894898396, 142.52098905408556, 144.468890148677, 145.8220011338093, 147.13980102042837, 147.92582091838554, 148.233238826547, 149.00991494389228, 149.70892344950306, 150.33803110455275, 150.90422799409748, 151.51380519468773, 151.26242467521897, 149.63618220769706, 146.77256398692737, 143.39530758823463, 138.95577682941118, 133.66019914647006, 127.49417923182307]]
04/05/2022 16:10:39 PM - INFO - sample List of time: [[32774, 32808, 32841, 32872, 32903, 32934, 32965, 32996, 33027, 33062, 33097, 33167, 33202, 33238, 33260, 33281, 33302, 33324, 33345, 33367]]
04/05/2022 16:10:39 PM - INFO - update trend: [-0.0028487687829462033]
04/05/2022 16:10:39 PM - INFO - estimateQueueDelayDuration [-0.6837045079070888] = queueDelayDelta [-0.011395075131784813] * numCount[974]
04/05/2022 16:10:39 PM - INFO - [in this interval] signal is [Signal.NORMAL]
04/05/2022 16:10:39 PM - INFO - [in this interval] adaptiveThresholdGamma is [57.26938106934278]
04/05/2022 16:10:39 PM - INFO - [in this interval] state is [State.INCREASE]
04/05/2022 16:10:39 PM - INFO - [in this interval] now real rate is [0.6073959183673469]mbps
04/05/2022 16:10:39 PM - INFO - [in this interval] now real rtt is [3964]
04/05/2022 16:10:39 PM - INFO - [in this interval] aimd control rate is [0.59244100910144] mbps
04/05/2022 16:10:39 PM - INFO - [in this interval] delay-rate is [0.59244100910144] mbps
04/05/2022 16:10:39 PM - INFO - average delay [1800.6666666666667]
04/05/2022 16:10:39 PM - INFO - average delay [1770.0]
04/05/2022 16:10:39 PM - INFO - average delay [1746.6]
04/05/2022 16:10:39 PM - INFO - average delay [1732.4]
04/05/2022 16:10:39 PM - INFO - nowTs is [33891], lastTs is [33651]
04/05/2022 16:10:39 PM - INFO - [in this interval] loss-ratio is [0.0]
04/05/2022 16:10:39 PM - INFO - [in this interval] group num is [10]
04/05/2022 16:10:39 PM - INFO - [in this interval] delayDelta from group is [[-13, -13, -4, -8, -9, -3, -9, -8, -4]]
04/05/2022 16:10:39 PM - INFO - sample List of accDelay : [[149.70892344950306, 150.33803110455275, 150.90422799409748, 151.51380519468773, 151.26242467521897, 149.63618220769706, 146.77256398692737, 143.39530758823463, 138.95577682941118, 133.66019914647006, 127.49417923182307, 120.64476130864077, 113.18028517777668, 106.06225665999902, 98.85603099399913, 91.47042789459921, 84.5233851051393, 77.37104659462537, 70.13394193516284, 63.220547741646556]]
04/05/2022 16:10:39 PM - INFO - sample List of time: [[33062, 33097, 33167, 33202, 33238, 33260, 33281, 33302, 33324, 33345, 33367, 33389, 33411, 33433, 33459, 33486, 33512, 33539, 33565, 33592]]
04/05/2022 16:10:39 PM - INFO - update trend: [-0.18659885949051647]
04/05/2022 16:10:39 PM - INFO - estimateQueueDelayDuration [-44.78372627772395] = queueDelayDelta [-0.7463954379620659] * numCount[983]
04/05/2022 16:10:39 PM - INFO - [in this interval] signal is [Signal.NORMAL]
04/05/2022 16:10:39 PM - INFO - [in this interval] adaptiveThresholdGamma is [57.04463928309364]
04/05/2022 16:10:39 PM - INFO - [in this interval] state is [State.INCREASE]
04/05/2022 16:10:39 PM - INFO - [in this interval] now real rate is [0.6698765432098766]mbps
04/05/2022 16:10:39 PM - INFO - [in this interval] now real rtt is [3834]
04/05/2022 16:10:39 PM - INFO - [in this interval] aimd control rate is [0.5957323480408925] mbps
04/05/2022 16:10:39 PM - INFO - [in this interval] delay-rate is [0.5957323480408925] mbps
04/05/2022 16:10:39 PM - INFO - average delay [1717.6]
04/05/2022 16:10:39 PM - INFO - average delay [1705.0]
04/05/2022 16:10:39 PM - INFO - average delay [1711.75]
04/05/2022 16:10:39 PM - INFO - average delay [1714.0]
04/05/2022 16:10:39 PM - INFO - nowTs is [34122], lastTs is [33891]
04/05/2022 16:10:39 PM - INFO - [in this interval] loss-ratio is [0.0]
04/05/2022 16:10:39 PM - INFO - [in this interval] group num is [7]
04/05/2022 16:10:39 PM - INFO - [in this interval] delayDelta from group is [[1, 5, 1, 1, 7, -10]]
04/05/2022 16:10:39 PM - INFO - sample List of accDelay : [[146.77256398692737, 143.39530758823463, 138.95577682941118, 133.66019914647006, 127.49417923182307, 120.64476130864077, 113.18028517777668, 106.06225665999902, 98.85603099399913, 91.47042789459921, 84.5233851051393, 77.37104659462537, 70.13394193516284, 63.220547741646556, 57.0984929674819, 52.08864367073372, 47.67977930366035, 43.81180137329431, 41.03062123596488, 37.527559112368394]]
04/05/2022 16:10:39 PM - INFO - sample List of time: [[33281, 33302, 33324, 33345, 33367, 33389, 33411, 33433, 33459, 33486, 33512, 33539, 33565, 33592, 33649, 33685, 33720, 33756, 33792, 33829]]
04/05/2022 16:10:39 PM - INFO - update trend: [-0.21455597130269477]
04/05/2022 16:10:39 PM - INFO - estimateQueueDelayDuration [-51.49343311264674] = queueDelayDelta [-0.8582238852107791] * numCount[989]
04/05/2022 16:10:39 PM - INFO - [in this interval] signal is [Signal.NORMAL]
04/05/2022 16:10:39 PM - INFO - [in this interval] adaptiveThresholdGamma is [56.944717572025596]
04/05/2022 16:10:39 PM - INFO - [in this interval] state is [State.INCREASE]
04/05/2022 16:10:39 PM - INFO - [in this interval] now real rate is [0.5995943204868154]mbps
04/05/2022 16:10:39 PM - INFO - [in this interval] now real rtt is [3836]
04/05/2022 16:10:39 PM - INFO - [in this interval] aimd control rate is [0.5990419721966752] mbps
04/05/2022 16:10:39 PM - INFO - [in this interval] delay-rate is [0.5990419721966752] mbps
04/05/2022 16:10:39 PM - INFO - average delay [1720.5]
04/05/2022 16:10:39 PM - INFO - average delay [1712.3333333333333]
04/05/2022 16:10:39 PM - INFO - average delay [1686.0]
04/05/2022 16:10:39 PM - INFO - average delay [1658.0]
04/05/2022 16:10:39 PM - INFO - nowTs is [34372], lastTs is [34122]
04/05/2022 16:10:39 PM - INFO - [in this interval] loss-ratio is [0.38095238095238093]
04/05/2022 16:10:39 PM - INFO - [in this interval] group num is [10]
04/05/2022 16:10:39 PM - INFO - [in this interval] delayDelta from group is [[-9, -29, -9, -9, -15, 2, -9, -19, -8]]
04/05/2022 16:10:39 PM - INFO - sample List of accDelay : [[91.47042789459921, 84.5233851051393, 77.37104659462537, 70.13394193516284, 63.220547741646556, 57.0984929674819, 52.08864367073372, 47.67977930366035, 43.81180137329431, 41.03062123596488, 37.527559112368394, 33.47480320113156, 26.9273228810184, 20.134590592916563, 13.121131533624908, 5.309018380262419, -1.5218834577638214, -8.569695111987437, -16.812725600788692, -25.03145304070982]]
04/05/2022 16:10:39 PM - INFO - sample List of time: [[33486, 33512, 33539, 33565, 33592, 33649, 33685, 33720, 33756, 33792, 33829, 33869, 33890, 33931, 33952, 33973, 33993, 34035, 34051, 34067]]
04/05/2022 16:10:39 PM - INFO - update trend: [-0.17271474807019038]
04/05/2022 16:10:39 PM - INFO - estimateQueueDelayDuration [-41.451539536845694] = queueDelayDelta [-0.6908589922807615] * numCount[998]
04/05/2022 16:10:39 PM - INFO - [in this interval] signal is [Signal.NORMAL]
04/05/2022 16:10:39 PM - INFO - [in this interval] adaptiveThresholdGamma is [56.665840367392356]
04/05/2022 16:10:39 PM - INFO - [in this interval] state is [State.INCREASE]
04/05/2022 16:10:39 PM - INFO - [in this interval] now real rate is [0.49753846153846154]mbps
04/05/2022 16:10:39 PM - INFO - [in this interval] now real rtt is [3656]
04/05/2022 16:10:39 PM - INFO - [in this interval] aimd control rate is [0.6023699831533235] mbps
04/05/2022 16:10:39 PM - INFO - [in this interval] delay-rate is [0.6023699831533235] mbps
04/05/2022 16:10:39 PM - INFO - average delay [1634.0]
04/05/2022 16:10:39 PM - INFO - average delay [1586.6666666666667]
04/05/2022 16:10:39 PM - INFO - average delay [1555.75]
04/05/2022 16:10:39 PM - INFO - average delay [1539.75]
04/05/2022 16:10:39 PM - INFO - nowTs is [34598], lastTs is [34372]
04/05/2022 16:10:39 PM - INFO - [in this interval] loss-ratio is [0.35]
04/05/2022 16:10:39 PM - INFO - [in this interval] group num is [9]
04/05/2022 16:10:39 PM - INFO - [in this interval] delayDelta from group is [[-43, -8, -8, -14, -1, 5, -10, 9]]
04/05/2022 16:10:39 PM - INFO - sample List of accDelay : [[43.81180137329431, 41.03062123596488, 37.527559112368394, 33.47480320113156, 26.9273228810184, 20.134590592916563, 13.121131533624908, 5.309018380262419, -1.5218834577638214, -8.569695111987437, -16.812725600788692, -25.03145304070982, -36.72830773663884, -48.05547696297495, -59.04992926667745, -70.3449363400097, -80.61044270600873, -89.34939843540785, -98.21445859186706, -105.29301273268034]]
04/05/2022 16:10:39 PM - INFO - sample List of time: [[33756, 33792, 33829, 33869, 33890, 33931, 33952, 33973, 33993, 34035, 34051, 34067, 34115, 34147, 34164, 34196, 34212, 34246, 34286, 34306]]
04/05/2022 16:10:39 PM - INFO - update trend: [-0.29518046693919725]
04/05/2022 16:10:39 PM - INFO - estimateQueueDelayDuration [-70.84331206540735] = queueDelayDelta [-1.180721867756789] * numCount[1000]
04/05/2022 16:10:39 PM - INFO - [in this interval] signal is [Signal.UNDER_USE]
04/05/2022 16:10:39 PM - INFO - [in this interval] adaptiveThresholdGamma is [70.84331206540735]
04/05/2022 16:10:39 PM - INFO - [in this interval] state is [State.HOLD]
04/05/2022 16:10:39 PM - INFO - [in this interval] now real rate is [0.508483870967742]mbps
04/05/2022 16:10:39 PM - INFO - [in this interval] now real rtt is [3498]
04/05/2022 16:10:39 PM - INFO - [in this interval] aimd control rate is [0.6023699831533235] mbps
04/05/2022 16:10:39 PM - INFO - [in this interval] delay-rate is [0.6023699831533235] mbps
04/05/2022 16:10:39 PM - INFO - average delay [1543.5]
04/05/2022 16:10:39 PM - INFO - average delay [1543.3333333333333]
04/05/2022 16:10:39 PM - INFO - average delay [1546.0]
04/05/2022 16:10:39 PM - INFO - average delay [1560.3333333333333]
04/05/2022 16:10:39 PM - INFO - nowTs is [34838], lastTs is [34598]
04/05/2022 16:10:39 PM - INFO - [in this interval] loss-ratio is [0.07692307692307693]
04/05/2022 16:10:39 PM - INFO - [in this interval] group num is [7]
04/05/2022 16:10:39 PM - INFO - [in this interval] delayDelta from group is [[-1, 4, 10, 5, 6, -4]]
04/05/2022 16:10:39 PM - INFO - sample List of accDelay : [[13.121131533624908, 5.309018380262419, -1.5218834577638214, -8.569695111987437, -16.812725600788692, -25.03145304070982, -36.72830773663884, -48.05547696297495, -59.04992926667745, -70.3449363400097, -80.61044270600873, -89.34939843540785, -98.21445859186706, -105.29301273268034, -111.7637114594123, -117.18734031347107, -121.06860628212395, -124.06174565391156, -126.1555710885204, -128.44001397966835]]
04/05/2022 16:10:39 PM - INFO - sample List of time: [[33952, 33973, 33993, 34035, 34051, 34067, 34115, 34147, 34164, 34196, 34212, 34246, 34286, 34306, 34345, 34384, 34423, 34463, 34503, 34544]]
04/05/2022 16:10:39 PM - INFO - update trend: [-0.26305085763240377]
04/05/2022 16:10:39 PM - INFO - estimateQueueDelayDuration [-63.1322058317769] = queueDelayDelta [-1.052203430529615] * numCount[1000]
04/05/2022 16:10:39 PM - INFO - [in this interval] signal is [Signal.NORMAL]
04/05/2022 16:10:39 PM - INFO - [in this interval] adaptiveThresholdGamma is [70.704512153202]
04/05/2022 16:10:39 PM - INFO - [in this interval] state is [State.INCREASE]
04/05/2022 16:10:39 PM - INFO - [in this interval] now real rate is [0.5145863453815261]mbps
04/05/2022 16:10:39 PM - INFO - [in this interval] now real rtt is [3538]
04/05/2022 16:10:39 PM - INFO - [in this interval] aimd control rate is [0.6057164830597307] mbps
04/05/2022 16:10:39 PM - INFO - [in this interval] delay-rate is [0.6057164830597307] mbps
04/05/2022 16:10:39 PM - INFO - average delay [1566.6666666666667]
04/05/2022 16:10:39 PM - INFO - average delay [1583.3333333333333]
04/05/2022 16:10:39 PM - INFO - average delay [1590.3333333333333]
04/05/2022 16:10:39 PM - INFO - average delay [1609.0]
04/05/2022 16:10:39 PM - INFO - nowTs is [35089], lastTs is [34838]
04/05/2022 16:10:39 PM - INFO - [in this interval] loss-ratio is [0.0]
04/05/2022 16:10:39 PM - INFO - [in this interval] group num is [7]
04/05/2022 16:10:39 PM - INFO - [in this interval] delayDelta from group is [[7, 6, 12, 8, 7, -4]]
04/05/2022 16:10:39 PM - INFO - sample List of accDelay : [[-36.72830773663884, -48.05547696297495, -59.04992926667745, -70.3449363400097, -80.61044270600873, -89.34939843540785, -98.21445859186706, -105.29301273268034, -111.7637114594123, -117.18734031347107, -121.06860628212395, -124.06174565391156, -126.1555710885204, -128.44001397966835, -129.79601258170152, -130.41641132353138, -129.77477019117825, -128.39729317206042, -126.45756385485437, -125.11180746936893]]
04/05/2022 16:10:39 PM - INFO - sample List of time: [[34115, 34147, 34164, 34196, 34212, 34246, 34286, 34306, 34345, 34384, 34423, 34463, 34503, 34544, 34585, 34627, 34668, 34710, 34753, 34795]]
04/05/2022 16:10:39 PM - INFO - update trend: [-0.11986621129037105]
04/05/2022 16:10:39 PM - INFO - estimateQueueDelayDuration [-28.767890709689052] = queueDelayDelta [-0.4794648451614842] * numCount[1000]
04/05/2022 16:10:39 PM - INFO - [in this interval] signal is [Signal.NORMAL]
04/05/2022 16:10:39 PM - INFO - [in this interval] adaptiveThresholdGamma is [69.94965296721877]
04/05/2022 16:10:39 PM - INFO - [in this interval] state is [State.INCREASE]
04/05/2022 16:10:39 PM - INFO - [in this interval] now real rate is [0.4763665987780041]mbps
04/05/2022 16:10:39 PM - INFO - [in this interval] now real rtt is [3640]
04/05/2022 16:10:39 PM - INFO - [in this interval] aimd control rate is [0.6090815746322849] mbps
04/05/2022 16:10:39 PM - INFO - [in this interval] delay-rate is [0.6090815746322849] mbps
04/05/2022 16:10:39 PM - INFO - average delay [1617.3333333333333]
04/05/2022 16:10:39 PM - INFO - average delay [1617.0]
04/05/2022 16:10:39 PM - INFO - average delay [1612.6666666666667]
04/05/2022 16:10:39 PM - INFO - average delay [1648.3333333333333]
04/05/2022 16:10:39 PM - INFO - nowTs is [35325], lastTs is [35089]
04/05/2022 16:10:39 PM - INFO - [in this interval] loss-ratio is [0.18181818181818182]
04/05/2022 16:10:39 PM - INFO - [in this interval] group num is [5]
04/05/2022 16:10:39 PM - INFO - [in this interval] delayDelta from group is [[-17, 24, 19, 19]]
04/05/2022 16:10:39 PM - INFO - sample List of accDelay : [[-80.61044270600873, -89.34939843540785, -98.21445859186706, -105.29301273268034, -111.7637114594123, -117.18734031347107, -121.06860628212395, -124.06174565391156, -126.1555710885204, -128.44001397966835, -129.79601258170152, -130.41641132353138, -129.77477019117825, -128.39729317206042, -126.45756385485437, -125.11180746936893, -125.60062672243204, -123.64056405018883, -119.97650764516995, -114.77885688065295]]
04/05/2022 16:10:39 PM - INFO - sample List of time: [[34212, 34246, 34286, 34306, 34345, 34384, 34423, 34463, 34503, 34544, 34585, 34627, 34668, 34710, 34753, 34795, 34837, 34890, 34944, 34998]]
04/05/2022 16:10:39 PM - INFO - update trend: [-0.03673884939236245]
04/05/2022 16:10:39 PM - INFO - estimateQueueDelayDuration [-8.817323854166988] = queueDelayDelta [-0.1469553975694498] * numCount[1000]
04/05/2022 16:10:39 PM - INFO - [in this interval] signal is [Signal.NORMAL]
04/05/2022 16:10:39 PM - INFO - [in this interval] adaptiveThresholdGamma is [68.84927104318383]
04/05/2022 16:10:39 PM - INFO - [in this interval] state is [State.INCREASE]
04/05/2022 16:10:39 PM - INFO - [in this interval] now real rate is [0.4322464065708419]mbps
04/05/2022 16:10:39 PM - INFO - [in this interval] now real rtt is [3762]
04/05/2022 16:10:39 PM - INFO - [in this interval] aimd control rate is [0.6124653611580197] mbps
04/05/2022 16:10:39 PM - INFO - [in this interval] delay-rate is [0.6124653611580197] mbps
04/05/2022 16:10:39 PM - INFO - average delay [1667.3333333333333]
04/05/2022 16:10:39 PM - INFO - average delay [1692.5]
04/05/2022 16:10:39 PM - INFO - average delay [1707.6666666666667]
04/05/2022 16:10:39 PM - INFO - average delay [1733.0]
04/05/2022 16:10:39 PM - INFO - nowTs is [35554], lastTs is [35325]
04/05/2022 16:10:39 PM - INFO - [in this interval] loss-ratio is [0.0]
04/05/2022 16:10:39 PM - INFO - [in this interval] group num is [5]
04/05/2022 16:10:39 PM - INFO - [in this interval] delayDelta from group is [[18, 19, 18, -8]]
04/05/2022 16:10:39 PM - INFO - sample List of accDelay : [[-111.7637114594123, -117.18734031347107, -121.06860628212395, -124.06174565391156, -126.1555710885204, -128.44001397966835, -129.79601258170152, -130.41641132353138, -129.77477019117825, -128.39729317206042, -126.45756385485437, -125.11180746936893, -125.60062672243204, -123.64056405018883, -119.97650764516995, -114.77885688065295, -108.30097119258765, -100.57087407332888, -91.81378666599599, -84.73240799939639]]
04/05/2022 16:10:39 PM - INFO - sample List of time: [[34345, 34384, 34423, 34463, 34503, 34544, 34585, 34627, 34668, 34710, 34753, 34795, 34837, 34890, 34944, 34998, 35104, 35157, 35211, 35259]]
04/05/2022 16:10:39 PM - INFO - update trend: [0.030824926214300465]
04/05/2022 16:10:39 PM - INFO - estimateQueueDelayDuration [7.397982291432112] = queueDelayDelta [0.12329970485720186] * numCount[1000]
04/05/2022 16:10:39 PM - INFO - [in this interval] signal is [Signal.NORMAL]
04/05/2022 16:10:39 PM - INFO - [in this interval] adaptiveThresholdGamma is [67.7431478456523]
04/05/2022 16:10:39 PM - INFO - [in this interval] state is [State.INCREASE]
04/05/2022 16:10:39 PM - INFO - [in this interval] now real rate is [0.4007407407407408]mbps
04/05/2022 16:10:39 PM - INFO - [in this interval] now real rtt is [3900]
04/05/2022 16:10:39 PM - INFO - [in this interval] aimd control rate is [0.6158679464977865] mbps
04/05/2022 16:10:39 PM - INFO - [in this interval] delay-rate is [0.6158679464977865] mbps
04/05/2022 16:10:39 PM - INFO - average delay [1749.6666666666667]
04/05/2022 16:10:39 PM - INFO - average delay [1767.3333333333333]
04/05/2022 16:10:39 PM - INFO - average delay [1781.6666666666667]
04/05/2022 16:10:39 PM - INFO - average delay [1792.3333333333333]
04/05/2022 16:10:39 PM - INFO - nowTs is [35811], lastTs is [35554]
04/05/2022 16:10:39 PM - INFO - [in this interval] loss-ratio is [0.0]
04/05/2022 16:10:39 PM - INFO - [in this interval] group num is [6]
04/05/2022 16:10:39 PM - INFO - [in this interval] delayDelta from group is [[9, 14, 10, 16, 21]]
04/05/2022 16:10:39 PM - INFO - sample List of accDelay : [[-128.44001397966835, -129.79601258170152, -130.41641132353138, -129.77477019117825, -128.39729317206042, -126.45756385485437, -125.11180746936893, -125.60062672243204, -123.64056405018883, -119.97650764516995, -114.77885688065295, -108.30097119258765, -100.57087407332888, -91.81378666599599, -84.73240799939639, -77.45916719945676, -69.51325047951109, -61.361925431559975, -52.42573288840398, -42.28315959956358]]
04/05/2022 16:10:39 PM - INFO - sample List of time: [[34544, 34585, 34627, 34668, 34710, 34753, 34795, 34837, 34890, 34944, 34998, 35104, 35157, 35211, 35259, 35303, 35347, 35391, 35436, 35487]]
04/05/2022 16:10:39 PM - INFO - update trend: [0.08936714816162494]
04/05/2022 16:10:39 PM - INFO - estimateQueueDelayDuration [21.448115558789986] = queueDelayDelta [0.35746859264649977] * numCount[1001]
04/05/2022 16:10:39 PM - INFO - [in this interval] signal is [Signal.NORMAL]
04/05/2022 16:10:39 PM - INFO - [in this interval] adaptiveThresholdGamma is [66.90983726448879]
04/05/2022 16:10:39 PM - INFO - [in this interval] state is [State.INCREASE]
04/05/2022 16:10:39 PM - INFO - [in this interval] now real rate is [0.4277366255144033]mbps
04/05/2022 16:10:39 PM - INFO - [in this interval] now real rtt is [4074]
04/05/2022 16:10:39 PM - INFO - [in this interval] aimd control rate is [0.6192894350894409] mbps
04/05/2022 16:10:39 PM - INFO - [in this interval] delay-rate is [0.6192894350894409] mbps
04/05/2022 16:10:39 PM - INFO - average delay [1823.0]
04/05/2022 16:10:39 PM - INFO - average delay [1843.5]
04/05/2022 16:10:39 PM - INFO - average delay [1859.0]
04/05/2022 16:10:39 PM - INFO - average delay [1875.0]
04/05/2022 16:10:39 PM - INFO - nowTs is [36037], lastTs is [35811]
04/05/2022 16:10:39 PM - INFO - [in this interval] loss-ratio is [0.0]
04/05/2022 16:10:39 PM - INFO - [in this interval] group num is [5]
04/05/2022 16:10:39 PM - INFO - [in this interval] delayDelta from group is [[18, 11, 6, 4]]
04/05/2022 16:10:39 PM - INFO - sample List of accDelay : [[-128.39729317206042, -126.45756385485437, -125.11180746936893, -125.60062672243204, -123.64056405018883, -119.97650764516995, -114.77885688065295, -108.30097119258765, -100.57087407332888, -91.81378666599599, -84.73240799939639, -77.45916719945676, -69.51325047951109, -61.361925431559975, -52.42573288840398, -42.28315959956358, -31.35484363960723, -20.41935927564651, -9.97742334808186, -0.1796810132736777]]
04/05/2022 16:10:39 PM - INFO - sample List of time: [[34710, 34753, 34795, 34837, 34890, 34944, 34998, 35104, 35157, 35211, 35259, 35303, 35347, 35391, 35436, 35487, 35590, 35643, 35684, 35725]]
04/05/2022 16:10:39 PM - INFO - update trend: [0.1277513502511768]
04/05/2022 16:10:39 PM - INFO - estimateQueueDelayDuration [30.660324060282427] = queueDelayDelta [0.5110054010047071] * numCount[1001]
04/05/2022 16:10:39 PM - INFO - [in this interval] signal is [Signal.NORMAL]
04/05/2022 16:10:39 PM - INFO - [in this interval] adaptiveThresholdGamma is [66.25734602681307]
04/05/2022 16:10:39 PM - INFO - [in this interval] state is [State.INCREASE]
04/05/2022 16:10:39 PM - INFO - [in this interval] now real rate is [0.4574575569358178]mbps
04/05/2022 16:10:39 PM - INFO - [in this interval] now real rtt is [4186]
04/05/2022 16:10:39 PM - INFO - [in this interval] aimd control rate is [0.6227299319510489] mbps
04/05/2022 16:10:39 PM - INFO - [in this interval] delay-rate is [0.6227299319510489] mbps
04/05/2022 16:10:39 PM - INFO - average delay [1883.75]
04/05/2022 16:10:39 PM - INFO - average delay [1896.25]
04/05/2022 16:10:39 PM - INFO - average delay [1906.0]
04/05/2022 16:10:39 PM - INFO - average delay [1922.0]
04/05/2022 16:10:39 PM - INFO - nowTs is [36274], lastTs is [36037]
04/05/2022 16:10:39 PM - INFO - [in this interval] loss-ratio is [0.0]
04/05/2022 16:10:39 PM - INFO - [in this interval] group num is [6]
04/05/2022 16:10:39 PM - INFO - [in this interval] delayDelta from group is [[3, 10, 15, 11, -6]]
04/05/2022 16:10:39 PM - INFO - sample List of accDelay : [[-119.97650764516995, -114.77885688065295, -108.30097119258765, -100.57087407332888, -91.81378666599599, -84.73240799939639, -77.45916719945676, -69.51325047951109, -61.361925431559975, -52.42573288840398, -42.28315959956358, -31.35484363960723, -20.41935927564651, -9.97742334808186, -0.1796810132736777, 8.938287088053688, 18.144458379248317, 27.93001254132348, 37.83701128719113, 46.153310158472024]]
04/05/2022 16:10:39 PM - INFO - sample List of time: [[34944, 34998, 35104, 35157, 35211, 35259, 35303, 35347, 35391, 35436, 35487, 35590, 35643, 35684, 35725, 35803, 35841, 35886, 35931, 35977]]
04/05/2022 16:10:39 PM - INFO - update trend: [0.16721698363614157]
04/05/2022 16:10:39 PM - INFO - estimateQueueDelayDuration [40.132076072673975] = queueDelayDelta [0.6688679345445663] * numCount[1000]
04/05/2022 16:10:39 PM - INFO - [in this interval] signal is [Signal.NORMAL]
04/05/2022 16:10:39 PM - INFO - [in this interval] adaptiveThresholdGamma is [65.78709116763856]
04/05/2022 16:10:39 PM - INFO - [in this interval] state is [State.INCREASE]
04/05/2022 16:10:39 PM - INFO - [in this interval] now real rate is [0.4584376278118609]mbps
04/05/2022 16:10:39 PM - INFO - [in this interval] now real rtt is [4270]
04/05/2022 16:10:39 PM - INFO - [in this interval] aimd control rate is [0.6261895426841102] mbps
04/05/2022 16:10:39 PM - INFO - [in this interval] delay-rate is [0.6261895426841102] mbps
04/05/2022 16:10:39 PM - INFO - average delay [1933.0]
04/05/2022 16:10:39 PM - INFO - average delay [1951.25]
04/05/2022 16:10:39 PM - INFO - average delay [1941.1999999999998]
04/05/2022 16:10:39 PM - INFO - average delay [1921.1999999999998]
04/05/2022 16:10:39 PM - INFO - nowTs is [36525], lastTs is [36274]
04/05/2022 16:10:39 PM - INFO - [in this interval] loss-ratio is [0.35714285714285715]
04/05/2022 16:10:39 PM - INFO - [in this interval] group num is [13]
04/05/2022 16:10:39 PM - INFO - [in this interval] delayDelta from group is [[6, -9, -3, -2, -9, -3, -2, -13, 3, -11, -12, -17]]
04/05/2022 16:10:39 PM - INFO - sample List of accDelay : [[-20.41935927564651, -9.97742334808186, -0.1796810132736777, 8.938287088053688, 18.144458379248317, 27.93001254132348, 37.83701128719113, 46.153310158472024, 54.237979142624816, 60.614181228362334, 66.0527631055261, 70.74748679497348, 74.07273811547614, 76.76546430392852, 78.98891787353568, 79.69002608618212, 80.62102347756391, 80.35892112980751, 78.92302901682676, 75.9307261151441]]
04/05/2022 16:10:39 PM - INFO - sample List of time: [[35643, 35684, 35725, 35803, 35841, 35886, 35931, 35977, 36024, 36060, 36086, 36098, 36111, 36137, 36149, 36162, 36174, 36187, 36211, 36224]]
04/05/2022 16:10:39 PM - INFO - update trend: [0.18147422254514392]
04/05/2022 16:10:39 PM - INFO - estimateQueueDelayDuration [43.55381341083454] = queueDelayDelta [0.7258968901805757] * numCount[1000]
04/05/2022 16:10:39 PM - INFO - [in this interval] signal is [Signal.NORMAL]
04/05/2022 16:10:39 PM - INFO - [in this interval] adaptiveThresholdGamma is [65.38689216801609]
04/05/2022 16:10:39 PM - INFO - [in this interval] state is [State.INCREASE]
04/05/2022 16:10:39 PM - INFO - [in this interval] now real rate is [0.5643442622950819]mbps
04/05/2022 16:10:39 PM - INFO - [in this interval] now real rtt is [4162]
04/05/2022 16:10:39 PM - INFO - [in this interval] aimd control rate is [0.6296683734767997] mbps
04/05/2022 16:10:39 PM - INFO - [in this interval] delay-rate is [0.6296683734767997] mbps
04/05/2022 16:10:39 PM - INFO - average delay [1892.4]
04/05/2022 16:10:39 PM - INFO - average delay [1873.75]
04/05/2022 16:10:39 PM - INFO - average delay [1851.0]
04/05/2022 16:10:39 PM - INFO - average delay [1841.6]
04/05/2022 16:10:39 PM - INFO - nowTs is [36772], lastTs is [36525]
04/05/2022 16:10:39 PM - INFO - [in this interval] loss-ratio is [0.30434782608695654]
04/05/2022 16:10:39 PM - INFO - [in this interval] group num is [10]
04/05/2022 16:10:39 PM - INFO - [in this interval] delayDelta from group is [[-5, -4, -19, -1, -7, -6, 1, -13, -5]]
04/05/2022 16:10:39 PM - INFO - sample List of accDelay : [[60.614181228362334, 66.0527631055261, 70.74748679497348, 74.07273811547614, 76.76546430392852, 78.98891787353568, 79.69002608618212, 80.62102347756391, 80.35892112980751, 78.92302901682676, 75.9307261151441, 72.7376535036297, 69.46388815326674, 64.61749933794006, 60.15574940414606, 55.44017446373145, 50.59615701735831, 46.336541315622476, 41.20288718406023, 36.08259846565421]]
04/05/2022 16:10:39 PM - INFO - sample List of time: [[36060, 36086, 36098, 36111, 36137, 36149, 36162, 36174, 36187, 36211, 36224, 36268, 36283, 36299, 36330, 36359, 36387, 36416, 36447, 36464]]
04/05/2022 16:10:39 PM - INFO - update trend: [-0.08485530457486933]
04/05/2022 16:10:39 PM - INFO - estimateQueueDelayDuration [-20.36527309796864] = queueDelayDelta [-0.3394212182994773] * numCount[1001]
04/05/2022 16:10:39 PM - INFO - [in this interval] signal is [Signal.NORMAL]
04/05/2022 16:10:39 PM - INFO - [in this interval] adaptiveThresholdGamma is [64.57650302475524]
04/05/2022 16:10:39 PM - INFO - [in this interval] state is [State.INCREASE]
04/05/2022 16:10:39 PM - INFO - [in this interval] now real rate is [0.614120481927711]mbps
04/05/2022 16:10:39 PM - INFO - [in this interval] now real rtt is [4056]
04/05/2022 16:10:39 PM - INFO - [in this interval] aimd control rate is [0.6331665311072264] mbps
04/05/2022 16:10:39 PM - INFO - [in this interval] delay-rate is [0.6331665311072264] mbps
04/05/2022 16:10:39 PM - INFO - average delay [1830.75]
04/05/2022 16:10:39 PM - INFO - average delay [1815.5]
04/05/2022 16:10:39 PM - INFO - average delay [1797.0]
04/05/2022 16:10:39 PM - INFO - average delay [1778.3333333333333]
04/05/2022 16:10:39 PM - INFO - nowTs is [37012], lastTs is [36772]
04/05/2022 16:10:39 PM - INFO - [in this interval] loss-ratio is [0.0]
04/05/2022 16:10:39 PM - INFO - [in this interval] group num is [10]
04/05/2022 16:10:39 PM - INFO - [in this interval] delayDelta from group is [[-9, -9, -4, -9, -13, -8, -13, -13, -8]]
04/05/2022 16:10:39 PM - INFO - sample List of accDelay : [[78.92302901682676, 75.9307261151441, 72.7376535036297, 69.46388815326674, 64.61749933794006, 60.15574940414606, 55.44017446373145, 50.59615701735831, 46.336541315622476, 41.20288718406023, 36.08259846565421, 30.574338619088792, 24.71690475717991, 19.04521428146192, 13.04069285331573, 6.336623567984159, -0.49703878881425556, -7.947334909932828, -15.952601418939544, -23.957341277045586]]
04/05/2022 16:10:39 PM - INFO - sample List of time: [[36211, 36224, 36268, 36283, 36299, 36330, 36359, 36387, 36416, 36447, 36464, 36525, 36551, 36577, 36603, 36629, 36651, 36673, 36695, 36717]]
04/05/2022 16:10:39 PM - INFO - update trend: [-0.19055603873053661]
04/05/2022 16:10:39 PM - INFO - estimateQueueDelayDuration [-45.73344929532879] = queueDelayDelta [-0.7622241549221465] * numCount[1000]
04/05/2022 16:10:39 PM - INFO - [in this interval] signal is [Signal.NORMAL]
04/05/2022 16:10:39 PM - INFO - [in this interval] adaptiveThresholdGamma is [64.23732805762556]
04/05/2022 16:10:39 PM - INFO - [in this interval] state is [State.INCREASE]
04/05/2022 16:10:39 PM - INFO - [in this interval] now real rate is [0.5452977412731006]mbps
04/05/2022 16:10:39 PM - INFO - [in this interval] now real rtt is [3876]
04/05/2022 16:10:39 PM - INFO - [in this interval] aimd control rate is [0.6366841229467111] mbps
04/05/2022 16:10:39 PM - INFO - [in this interval] delay-rate is [0.6366841229467111] mbps
04/05/2022 16:10:39 PM - INFO - average delay [1744.6666666666667]
04/05/2022 16:10:39 PM - INFO - average delay [1712.0]
04/05/2022 16:10:39 PM - INFO - average delay [1718.25]
04/05/2022 16:10:39 PM - INFO - average delay [1716.75]
04/05/2022 16:10:39 PM - INFO - nowTs is [37249], lastTs is [37012]
04/05/2022 16:10:39 PM - INFO - [in this interval] loss-ratio is [0.15789473684210525]
04/05/2022 16:10:39 PM - INFO - [in this interval] group num is [8]
04/05/2022 16:10:39 PM - INFO - [in this interval] delayDelta from group is [[-13, 16, -3, -1, 4, 0, -18]]
04/05/2022 16:10:39 PM - INFO - sample List of accDelay : [[50.59615701735831, 46.336541315622476, 41.20288718406023, 36.08259846565421, 30.574338619088792, 24.71690475717991, 19.04521428146192, 13.04069285331573, 6.336623567984159, -0.49703878881425556, -7.947334909932828, -15.952601418939544, -23.957341277045586, -32.46160714934103, -38.515446434406925, -44.26390179096623, -49.537511611869604, -53.883760450682644, -57.79538440561438, -63.11584596505294]]
04/05/2022 16:10:39 PM - INFO - sample List of time: [[36387, 36416, 36447, 36464, 36525, 36551, 36577, 36603, 36629, 36651, 36673, 36695, 36717, 36761, 36783, 36839, 36856, 36890, 36924, 36959]]
04/05/2022 16:10:39 PM - INFO - update trend: [-0.2166967888427165]
04/05/2022 16:10:39 PM - INFO - estimateQueueDelayDuration [-52.00722932225196] = queueDelayDelta [-0.866787155370866] * numCount[1001]
04/05/2022 16:10:39 PM - INFO - [in this interval] signal is [Signal.NORMAL]
04/05/2022 16:10:39 PM - INFO - [in this interval] adaptiveThresholdGamma is [64.01718628038884]
04/05/2022 16:10:39 PM - INFO - [in this interval] state is [State.INCREASE]
04/05/2022 16:10:39 PM - INFO - [in this interval] now real rate is [0.4938785425101215]mbps
04/05/2022 16:10:39 PM - INFO - [in this interval] now real rtt is [3820]
04/05/2022 16:10:39 PM - INFO - [in this interval] aimd control rate is [0.6402212569630816] mbps
04/05/2022 16:10:39 PM - INFO - [in this interval] delay-rate is [0.6402212569630816] mbps
04/05/2022 16:10:39 PM - INFO - average delay [1719.25]
04/05/2022 16:10:39 PM - INFO - average delay [1720.25]
04/05/2022 16:10:39 PM - INFO - average delay [1708.4]
04/05/2022 16:10:39 PM - INFO - average delay [1698.5]
04/05/2022 16:10:39 PM - INFO - nowTs is [37491], lastTs is [37249]
04/05/2022 16:10:39 PM - INFO - [in this interval] loss-ratio is [0.0]
04/05/2022 16:10:39 PM - INFO - [in this interval] group num is [9]
04/05/2022 16:10:39 PM - INFO - [in this interval] delayDelta from group is [[4, -9, -9, -5, -4, -4, 1, -14]]
04/05/2022 16:10:39 PM - INFO - sample List of accDelay : [[6.336623567984159, -0.49703878881425556, -7.947334909932828, -15.952601418939544, -23.957341277045586, -32.46160714934103, -38.515446434406925, -44.26390179096623, -49.537511611869604, -53.883760450682644, -57.79538440561438, -63.11584596505294, -67.50426136854765, -72.35383523169288, -77.6184517085236, -82.85660653767124, -87.97094588390411, -92.9738512955137, -97.37646616596233, -102.73881954936608]]
04/05/2022 16:10:39 PM - INFO - sample List of time: [[36629, 36651, 36673, 36695, 36717, 36761, 36783, 36839, 36856, 36890, 36924, 36959, 36993, 37027, 37053, 37079, 37109, 37140, 37171, 37202]]
04/05/2022 16:10:39 PM - INFO - update trend: [-0.17694725783925677]
04/05/2022 16:10:39 PM - INFO - estimateQueueDelayDuration [-42.467341881421625] = queueDelayDelta [-0.7077890313570271] * numCount[1001]
04/05/2022 16:10:39 PM - INFO - [in this interval] signal is [Signal.NORMAL]
04/05/2022 16:10:39 PM - INFO - [in this interval] adaptiveThresholdGamma is [63.62928908120743]
04/05/2022 16:10:39 PM - INFO - [in this interval] state is [State.INCREASE]
04/05/2022 16:10:39 PM - INFO - [in this interval] now real rate is [0.46031020408163265]mbps
04/05/2022 16:10:39 PM - INFO - [in this interval] now real rtt is [3774]
04/05/2022 16:10:39 PM - INFO - [in this interval] aimd control rate is [0.6437780417239877] mbps
04/05/2022 16:10:39 PM - INFO - [in this interval] delay-rate is [0.6437780417239877] mbps
04/05/2022 16:10:39 PM - INFO - average delay [1694.5]
04/05/2022 16:10:39 PM - INFO - average delay [1698.5]
04/05/2022 16:10:39 PM - INFO - average delay [1719.3333333333333]
04/05/2022 16:10:39 PM - INFO - average delay [1737.6666666666667]
04/05/2022 16:10:39 PM - INFO - nowTs is [37733], lastTs is [37491]
04/05/2022 16:10:39 PM - INFO - [in this interval] loss-ratio is [0.26666666666666666]
04/05/2022 16:10:39 PM - INFO - [in this interval] group num is [10]
04/05/2022 16:10:39 PM - INFO - [in this interval] delayDelta from group is [[22, 18, 8, -4, -20, -9, -14, -20, -16]]
04/05/2022 16:10:39 PM - INFO - sample List of accDelay : [[-53.883760450682644, -57.79538440561438, -63.11584596505294, -67.50426136854765, -72.35383523169288, -77.6184517085236, -82.85660653767124, -87.97094588390411, -92.9738512955137, -97.37646616596233, -102.73881954936608, -105.36493759442946, -105.92844383498651, -105.63559945148786, -105.77203950633908, -107.89483555570519, -110.70535200013467, -114.6348168001212, -120.17133512010908, -126.75420160809817]]
04/05/2022 16:10:39 PM - INFO - sample List of time: [[36890, 36924, 36959, 36993, 37027, 37053, 37079, 37109, 37140, 37171, 37202, 37235, 37292, 37320, 37348, 37369, 37389, 37410, 37431, 37446]]
04/05/2022 16:10:39 PM - INFO - update trend: [-0.11606601422096637]
04/05/2022 16:10:39 PM - INFO - estimateQueueDelayDuration [-27.855843413031927] = queueDelayDelta [-0.46426405688386546] * numCount[1000]
04/05/2022 16:10:39 PM - INFO - [in this interval] signal is [Signal.NORMAL]
04/05/2022 16:10:39 PM - INFO - [in this interval] adaptiveThresholdGamma is [62.98536705918027]
04/05/2022 16:10:39 PM - INFO - [in this interval] state is [State.INCREASE]
04/05/2022 16:10:39 PM - INFO - [in this interval] now real rate is [0.44262809917355367]mbps
04/05/2022 16:10:39 PM - INFO - [in this interval] now real rtt is [3728]
04/05/2022 16:10:39 PM - INFO - [in this interval] aimd control rate is [0.647354586400232] mbps
04/05/2022 16:10:39 PM - INFO - [in this interval] delay-rate is [0.647354586400232] mbps
04/05/2022 16:10:39 PM - INFO - average delay [1689.5]
04/05/2022 16:10:39 PM - INFO - average delay [1638.0]
04/05/2022 16:10:39 PM - INFO - average delay [1625.8]
04/05/2022 16:10:39 PM - INFO - average delay [1618.75]
04/05/2022 16:10:39 PM - INFO - nowTs is [37958], lastTs is [37733]
04/05/2022 16:10:39 PM - INFO - [in this interval] loss-ratio is [0.0]
04/05/2022 16:10:39 PM - INFO - [in this interval] group num is [8]
04/05/2022 16:10:39 PM - INFO - [in this interval] delayDelta from group is [[-12, -1, -6, -5, 0, 2, -8]]
04/05/2022 16:10:39 PM - INFO - sample List of accDelay : [[-87.97094588390411, -92.9738512955137, -97.37646616596233, -102.73881954936608, -105.36493759442946, -105.92844383498651, -105.63559945148786, -105.77203950633908, -107.89483555570519, -110.70535200013467, -114.6348168001212, -120.17133512010908, -126.75420160809817, -133.87878144728836, -140.39090330255954, -146.85181297230358, -153.16663167507323, -158.8499685075659, -163.76497165680934, -168.98847449112841]]
04/05/2022 16:10:39 PM - INFO - sample List of time: [[37109, 37140, 37171, 37202, 37235, 37292, 37320, 37348, 37369, 37389, 37410, 37431, 37446, 37480, 37508, 37537, 37566, 37596, 37626, 37663]]
04/05/2022 16:10:39 PM - INFO - update trend: [-0.1444229779125101]
04/05/2022 16:10:39 PM - INFO - estimateQueueDelayDuration [-34.661514699002424] = queueDelayDelta [-0.5776919116500404] * numCount[1001]
04/05/2022 16:10:39 PM - INFO - [in this interval] signal is [Signal.NORMAL]
04/05/2022 16:10:39 PM - INFO - [in this interval] adaptiveThresholdGamma is [62.47553771669707]
04/05/2022 16:10:39 PM - INFO - [in this interval] state is [State.INCREASE]
04/05/2022 16:10:39 PM - INFO - [in this interval] now real rate is [0.48211623246492985]mbps
04/05/2022 16:10:39 PM - INFO - [in this interval] now real rtt is [3638]
04/05/2022 16:10:39 PM - INFO - [in this interval] aimd control rate is [0.6509510007691223] mbps
04/05/2022 16:10:39 PM - INFO - [in this interval] delay-rate is [0.6509510007691223] mbps
04/05/2022 16:10:39 PM - INFO - average delay [1620.25]
04/05/2022 16:10:39 PM - INFO - average delay [1640.3333333333333]
04/05/2022 16:10:39 PM - INFO - average delay [1654.3333333333333]
04/05/2022 16:10:39 PM - INFO - average delay [1666.0]
04/05/2022 16:10:39 PM - INFO - nowTs is [38215], lastTs is [37958]
04/05/2022 16:10:39 PM - INFO - [in this interval] loss-ratio is [0.0]
04/05/2022 16:10:39 PM - INFO - [in this interval] group num is [7]
04/05/2022 16:10:39 PM - INFO - [in this interval] delayDelta from group is [[15, 12, 11, 9, 3, -10]]
04/05/2022 16:10:39 PM - INFO - sample List of accDelay : [[-105.63559945148786, -105.77203950633908, -107.89483555570519, -110.70535200013467, -114.6348168001212, -120.17133512010908, -126.75420160809817, -133.87878144728836, -140.39090330255954, -146.85181297230358, -153.16663167507323, -158.8499685075659, -163.76497165680934, -168.98847449112841, -172.18962704201556, -173.87066433781402, -174.2835979040326, -173.75523811362936, -172.97971430226642, -173.28174287203979]]
04/05/2022 16:10:39 PM - INFO - sample List of time: [[37320, 37348, 37369, 37389, 37410, 37431, 37446, 37480, 37508, 37537, 37566, 37596, 37626, 37663, 37707, 37752, 37799, 37845, 37884, 37922]]
04/05/2022 16:10:39 PM - INFO - update trend: [-0.13404431751589177]
04/05/2022 16:10:39 PM - INFO - estimateQueueDelayDuration [-32.17063620381403] = queueDelayDelta [-0.5361772700635671] * numCount[1001]
04/05/2022 16:10:39 PM - INFO - [in this interval] signal is [Signal.NORMAL]
04/05/2022 16:10:39 PM - INFO - [in this interval] adaptiveThresholdGamma is [61.930049489465176]
04/05/2022 16:10:39 PM - INFO - [in this interval] state is [State.INCREASE]
04/05/2022 16:10:39 PM - INFO - [in this interval] now real rate is [0.4812096774193548]mbps
04/05/2022 16:10:39 PM - INFO - [in this interval] now real rtt is [3752]
04/05/2022 16:10:39 PM - INFO - [in this interval] aimd control rate is [0.6545673952178396] mbps
04/05/2022 16:10:39 PM - INFO - [in this interval] delay-rate is [0.6545673952178396] mbps
04/05/2022 16:10:39 PM - INFO - average delay [1679.25]
04/05/2022 16:10:39 PM - INFO - average delay [1691.6666666666667]
04/05/2022 16:10:39 PM - INFO - average delay [1694.5]
04/05/2022 16:10:39 PM - INFO - average delay [1719.0]
04/05/2022 16:10:39 PM - INFO - nowTs is [38440], lastTs is [38215]
04/05/2022 16:10:39 PM - INFO - [in this interval] loss-ratio is [0.0]
04/05/2022 16:10:39 PM - INFO - [in this interval] group num is [5]
04/05/2022 16:10:39 PM - INFO - [in this interval] delayDelta from group is [[10, 4, 54, 13]]
04/05/2022 16:10:39 PM - INFO - sample List of accDelay : [[-114.6348168001212, -120.17133512010908, -126.75420160809817, -133.87878144728836, -140.39090330255954, -146.85181297230358, -153.16663167507323, -158.8499685075659, -163.76497165680934, -168.98847449112841, -172.18962704201556, -173.87066433781402, -174.2835979040326, -173.75523811362936, -172.97971430226642, -173.28174287203979, -172.5535685848358, -171.49821172635222, -165.14839055371698, -158.1335514983453]]
04/05/2022 16:10:39 PM - INFO - sample List of time: [[37410, 37431, 37446, 37480, 37508, 37537, 37566, 37596, 37626, 37663, 37707, 37752, 37799, 37845, 37884, 37922, 37961, 38001, 38040, 38134]]
04/05/2022 16:10:39 PM - INFO - update trend: [-0.06640122118859114]
04/05/2022 16:10:39 PM - INFO - estimateQueueDelayDuration [-15.936293085261873] = queueDelayDelta [-0.26560488475436456] * numCount[1001]
04/05/2022 16:10:39 PM - INFO - [in this interval] signal is [Signal.NORMAL]
04/05/2022 16:10:39 PM - INFO - [in this interval] adaptiveThresholdGamma is [61.10216187418952]
04/05/2022 16:10:39 PM - INFO - [in this interval] state is [State.INCREASE]
04/05/2022 16:10:39 PM - INFO - [in this interval] now real rate is [0.4025394190871369]mbps
04/05/2022 16:10:39 PM - INFO - [in this interval] now real rtt is [3942]
04/05/2022 16:10:39 PM - INFO - [in this interval] aimd control rate is [0.6582038807468276] mbps
04/05/2022 16:10:39 PM - INFO - [in this interval] delay-rate is [0.6582038807468276] mbps
04/05/2022 16:10:39 PM - INFO - average delay [1764.5]
04/05/2022 16:10:39 PM - INFO - average delay [1803.3333333333333]
04/05/2022 16:10:39 PM - INFO - average delay [1816.3333333333333]
04/05/2022 16:10:39 PM - INFO - average delay [1825.6666666666667]
04/05/2022 16:10:39 PM - INFO - nowTs is [38693], lastTs is [38440]
04/05/2022 16:10:39 PM - INFO - [in this interval] loss-ratio is [0.17391304347826086]
04/05/2022 16:10:39 PM - INFO - [in this interval] group num is [9]
04/05/2022 16:10:39 PM - INFO - [in this interval] delayDelta from group is [[26, 6, 3, 5, -9, -14, 0, -25]]
04/05/2022 16:10:39 PM - INFO - sample List of accDelay : [[-163.76497165680934, -168.98847449112841, -172.18962704201556, -173.87066433781402, -174.2835979040326, -173.75523811362936, -172.97971430226642, -173.28174287203979, -172.5535685848358, -171.49821172635222, -165.14839055371698, -158.1335514983453, -149.22019634851077, -140.5981767136597, -132.53835904229373, -124.78452313806436, -118.70607082425792, -114.63546374183213, -110.97191736764891, -110.17472563088403]]
04/05/2022 16:10:39 PM - INFO - sample List of time: [[37626, 37663, 37707, 37752, 37799, 37845, 37884, 37922, 37961, 38001, 38040, 38134, 38198, 38264, 38310, 38333, 38378, 38389, 38400, 38410]]
04/05/2022 16:10:39 PM - INFO - update trend: [0.08064000908248498]
04/05/2022 16:10:39 PM - INFO - estimateQueueDelayDuration [19.353602179796393] = queueDelayDelta [0.3225600363299399] * numCount[1001]
04/05/2022 16:10:39 PM - INFO - [in this interval] signal is [Signal.NORMAL]
04/05/2022 16:10:39 PM - INFO - [in this interval] adaptiveThresholdGamma is [60.35068779969044]
04/05/2022 16:10:39 PM - INFO - [in this interval] state is [State.INCREASE]
04/05/2022 16:10:39 PM - INFO - [in this interval] now real rate is [0.5287389558232932]mbps
04/05/2022 16:10:39 PM - INFO - [in this interval] now real rtt is [3978]
04/05/2022 16:10:39 PM - INFO - [in this interval] aimd control rate is [0.6618605689731989] mbps
04/05/2022 16:10:39 PM - INFO - [in this interval] delay-rate is [0.6618605689731989] mbps
04/05/2022 16:10:39 PM - INFO - average delay [1818.8333333333333]
04/05/2022 16:10:39 PM - INFO - average delay [1778.0]
04/05/2022 16:10:39 PM - INFO - average delay [1755.1666666666667]
04/05/2022 16:10:39 PM - INFO - average delay [1720.5]
04/05/2022 16:10:39 PM - INFO - nowTs is [38926], lastTs is [38693]
04/05/2022 16:10:39 PM - INFO - [in this interval] loss-ratio is [0.0]
04/05/2022 16:10:39 PM - INFO - [in this interval] group num is [11]
04/05/2022 16:10:39 PM - INFO - [in this interval] delayDelta from group is [[-14, -9, -4, -14, -10, -14, -15, -9, -15, -4]]
04/05/2022 16:10:39 PM - INFO - sample List of accDelay : [[-165.14839055371698, -158.1335514983453, -149.22019634851077, -140.5981767136597, -132.53835904229373, -124.78452313806436, -118.70607082425792, -114.63546374183213, -110.97191736764891, -110.17472563088403, -110.85725306779563, -112.37152776101605, -114.13437498491444, -117.12093748642299, -120.80884373778068, -125.52795936400261, -131.27516342760237, -137.34764708484212, -144.31288237635792, -150.98159413872213]]
04/05/2022 16:10:39 PM - INFO - sample List of time: [[38040, 38134, 38198, 38264, 38310, 38333, 38378, 38389, 38400, 38410, 38431, 38452, 38473, 38504, 38525, 38545, 38566, 38586, 38607, 38627]]
04/05/2022 16:10:39 PM - INFO - update trend: [0.04444670490854227]
04/05/2022 16:10:39 PM - INFO - estimateQueueDelayDuration [10.667209178050145] = queueDelayDelta [0.1777868196341691] * numCount[1001]
04/05/2022 16:10:39 PM - INFO - [in this interval] signal is [Signal.NORMAL]
04/05/2022 16:10:39 PM - INFO - [in this interval] adaptiveThresholdGamma is [59.45638518450092]
04/05/2022 16:10:39 PM - INFO - [in this interval] state is [State.INCREASE]
04/05/2022 16:10:39 PM - INFO - [in this interval] now real rate is [0.6903374485596707]mbps
04/05/2022 16:10:39 PM - INFO - [in this interval] now real rtt is [3774]
04/05/2022 16:10:39 PM - INFO - [in this interval] aimd control rate is [0.6655375721341611] mbps
04/05/2022 16:10:39 PM - INFO - [in this interval] delay-rate is [0.6655375721341611] mbps
04/05/2022 16:10:39 PM - INFO - average delay [1694.0]
04/05/2022 16:10:39 PM - INFO - average delay [1708.5]
04/05/2022 16:10:39 PM - INFO - average delay [1722.0]
04/05/2022 16:10:39 PM - INFO - average delay [1745.6666666666667]
04/05/2022 16:10:39 PM - INFO - nowTs is [39165], lastTs is [38926]
04/05/2022 16:10:39 PM - INFO - [in this interval] loss-ratio is [0.07692307692307693]
04/05/2022 16:10:39 PM - INFO - [in this interval] group num is [8]
04/05/2022 16:10:39 PM - INFO - [in this interval] delayDelta from group is [[22, 18, -2, 3, -6, 2, -19]]
04/05/2022 16:10:39 PM - INFO - sample List of accDelay : [[-114.63546374183213, -110.97191736764891, -110.17472563088403, -110.85725306779563, -112.37152776101605, -114.13437498491444, -117.12093748642299, -120.80884373778068, -125.52795936400261, -131.27516342760237, -137.34764708484212, -144.31288237635792, -150.98159413872213, -154.78343472484994, -156.40509125236494, -158.06458212712846, -159.25812391441562, -160.93231152297406, -162.23908037067667, -165.31517233360898]]
04/05/2022 16:10:39 PM - INFO - sample List of time: [[38389, 38400, 38410, 38431, 38452, 38473, 38504, 38525, 38545, 38566, 38586, 38607, 38627, 38679, 38731, 38784, 38812, 38850, 38859, 38881]]
04/05/2022 16:10:39 PM - INFO - update trend: [-0.12275021876269476]
04/05/2022 16:10:39 PM - INFO - estimateQueueDelayDuration [-29.460052503046743] = queueDelayDelta [-0.49100087505077905] * numCount[1000]
04/05/2022 16:10:39 PM - INFO - [in this interval] signal is [Signal.NORMAL]
04/05/2022 16:10:39 PM - INFO - [in this interval] adaptiveThresholdGamma is [58.91645119623474]
04/05/2022 16:10:39 PM - INFO - [in this interval] state is [State.INCREASE]
04/05/2022 16:10:39 PM - INFO - [in this interval] now real rate is [0.5664065040650406]mbps
04/05/2022 16:10:39 PM - INFO - [in this interval] now real rtt is [3852]
04/05/2022 16:10:39 PM - INFO - [in this interval] aimd control rate is [0.669235003090462] mbps
04/05/2022 16:10:39 PM - INFO - [in this interval] delay-rate is [0.669235003090462] mbps
04/05/2022 16:10:39 PM - INFO - average delay [1740.8333333333333]
04/05/2022 16:10:39 PM - INFO - average delay [1702.5]
04/05/2022 16:10:39 PM - INFO - average delay [1670.5]
04/05/2022 16:10:39 PM - INFO - average delay [1634.3333333333333]
04/05/2022 16:10:39 PM - INFO - nowTs is [39410], lastTs is [39165]
04/05/2022 16:10:39 PM - INFO - [in this interval] loss-ratio is [0.08695652173913043]
04/05/2022 16:10:39 PM - INFO - [in this interval] group num is [12]
04/05/2022 16:10:39 PM - INFO - [in this interval] delayDelta from group is [[-14, -17, -13, -7, -13, -11, -14, -16, -11, -5, -10]]
04/05/2022 16:10:39 PM - INFO - sample List of accDelay : [[-144.31288237635792, -150.98159413872213, -154.78343472484994, -156.40509125236494, -158.06458212712846, -159.25812391441562, -160.93231152297406, -162.23908037067667, -165.31517233360898, -169.4836551002481, -174.93528959022328, -181.14176063120095, -187.42758456808087, -194.3848261112728, -201.74634350014549, -209.77170915013093, -218.59453823511782, -227.63508441160604, -236.27157597044544, -245.0444183734009]]
04/05/2022 16:10:39 PM - INFO - sample List of time: [[38607, 38627, 38679, 38731, 38784, 38812, 38850, 38859, 38881, 38903, 38914, 38937, 38959, 38982, 39004, 39028, 39039, 39063, 39087, 39112]]
04/05/2022 16:10:39 PM - INFO - update trend: [-0.186656286745561]
04/05/2022 16:10:39 PM - INFO - estimateQueueDelayDuration [-44.797508818934645] = queueDelayDelta [-0.746625146982244] * numCount[1001]
04/05/2022 16:10:39 PM - INFO - [in this interval] signal is [Signal.NORMAL]
04/05/2022 16:10:39 PM - INFO - [in this interval] adaptiveThresholdGamma is [58.662310233443336]
04/05/2022 16:10:39 PM - INFO - [in this interval] state is [State.INCREASE]
04/05/2022 16:10:39 PM - INFO - [in this interval] now real rate is [0.5639173553719008]mbps
04/05/2022 16:10:39 PM - INFO - [in this interval] now real rtt is [3602]
04/05/2022 16:10:39 PM - INFO - [in this interval] aimd control rate is [0.6729529753298534] mbps
04/05/2022 16:10:39 PM - INFO - [in this interval] delay-rate is [0.6729529753298534] mbps
04/05/2022 16:10:39 PM - INFO - average delay [1605.2]
04/05/2022 16:10:39 PM - INFO - average delay [1583.5]
04/05/2022 16:10:39 PM - INFO - average delay [1568.5]
04/05/2022 16:10:39 PM - INFO - average delay [1573.3333333333333]
04/05/2022 16:10:39 PM - INFO - nowTs is [39652], lastTs is [39410]
04/05/2022 16:10:39 PM - INFO - [in this interval] loss-ratio is [0.2777777777777778]
04/05/2022 16:10:39 PM - INFO - [in this interval] group num is [8]
04/05/2022 16:10:39 PM - INFO - [in this interval] delayDelta from group is [[8, 0, -28, 17, -5, 8, -1]]
04/05/2022 16:10:39 PM - INFO - sample List of accDelay : [[-162.23908037067667, -165.31517233360898, -169.4836551002481, -174.93528959022328, -181.14176063120095, -187.42758456808087, -194.3848261112728, -201.74634350014549, -209.77170915013093, -218.59453823511782, -227.63508441160604, -236.27157597044544, -245.0444183734009, -252.1399765360608, -258.52597888245475, -267.0733809942093, -273.0660428947884, -278.9594386053096, -283.4634947447786, -287.61714527030074]]
04/05/2022 16:10:39 PM - INFO - sample List of time: [[38859, 38881, 38903, 38914, 38937, 38959, 38982, 39004, 39028, 39039, 39063, 39087, 39112, 39150, 39193, 39208, 39235, 39282, 39307, 39355]]
04/05/2022 16:10:39 PM - INFO - update trend: [-0.2819803201446845]
04/05/2022 16:10:39 PM - INFO - estimateQueueDelayDuration [-67.67527683472427] = queueDelayDelta [-1.127921280578738] * numCount[1000]
04/05/2022 16:10:39 PM - INFO - [in this interval] signal is [Signal.UNDER_USE]
04/05/2022 16:10:39 PM - INFO - [in this interval] adaptiveThresholdGamma is [67.67527683472427]
04/05/2022 16:10:39 PM - INFO - [in this interval] state is [State.HOLD]
04/05/2022 16:10:39 PM - INFO - [in this interval] now real rate is [0.6275662650602409]mbps
04/05/2022 16:10:39 PM - INFO - [in this interval] now real rtt is [3566]
04/05/2022 16:10:39 PM - INFO - [in this interval] aimd control rate is [0.6729529753298534] mbps
04/05/2022 16:10:39 PM - INFO - [in this interval] delay-rate is [0.6729529753298534] mbps
04/05/2022 16:10:39 PM - INFO - average delay [1577.3333333333333]
04/05/2022 16:10:39 PM - INFO - average delay [1582.5]
04/05/2022 16:10:39 PM - INFO - average delay [1578.6666666666667]
04/05/2022 16:10:39 PM - INFO - average delay [1569.0]
04/05/2022 16:10:39 PM - INFO - nowTs is [39871], lastTs is [39652]
04/05/2022 16:10:39 PM - INFO - [in this interval] loss-ratio is [0.3076923076923077]
04/05/2022 16:10:39 PM - INFO - [in this interval] group num is [6]
04/05/2022 16:10:39 PM - INFO - [in this interval] delayDelta from group is [[-6, -6, -10, 8, 19]]
04/05/2022 16:10:39 PM - INFO - sample List of accDelay : [[-187.42758456808087, -194.3848261112728, -201.74634350014549, -209.77170915013093, -218.59453823511782, -227.63508441160604, -236.27157597044544, -245.0444183734009, -252.1399765360608, -258.52597888245475, -267.0733809942093, -273.0660428947884, -278.9594386053096, -283.4634947447786, -287.61714527030074, -291.95543074327065, -296.45988766894357, -301.5138989020492, -305.26250901184426, -306.73625811065983]]
04/05/2022 16:10:39 PM - INFO - sample List of time: [[38959, 38982, 39004, 39028, 39039, 39063, 39087, 39112, 39150, 39193, 39208, 39235, 39282, 39307, 39355, 39428, 39452, 39476, 39501, 39549]]
04/05/2022 16:10:39 PM - INFO - update trend: [-0.1993278256190409]
04/05/2022 16:10:39 PM - INFO - estimateQueueDelayDuration [-47.83867814856981] = queueDelayDelta [-0.7973113024761636] * numCount[1001]
04/05/2022 16:10:39 PM - INFO - [in this interval] signal is [Signal.NORMAL]
04/05/2022 16:10:39 PM - INFO - [in this interval] adaptiveThresholdGamma is [67.31821805837349]
04/05/2022 16:10:39 PM - INFO - [in this interval] state is [State.INCREASE]
04/05/2022 16:10:39 PM - INFO - [in this interval] now real rate is [0.4894939759036145]mbps
04/05/2022 16:10:39 PM - INFO - [in this interval] now real rtt is [3594]
04/05/2022 16:10:39 PM - INFO - [in this interval] aimd control rate is [0.6766916029705748] mbps
04/05/2022 16:10:39 PM - INFO - [in this interval] delay-rate is [0.6766916029705748] mbps
04/05/2022 16:10:39 PM - INFO - average delay [1584.3333333333333]
04/05/2022 16:10:39 PM - INFO - average delay [1602.0]
04/05/2022 16:10:39 PM - INFO - average delay [1626.5]
04/05/2022 16:10:39 PM - INFO - average delay [1633.5]
04/05/2022 16:10:39 PM - INFO - nowTs is [40122], lastTs is [39871]
04/05/2022 16:10:39 PM - INFO - [in this interval] loss-ratio is [0.3]
04/05/2022 16:10:39 PM - INFO - [in this interval] group num is [5]
04/05/2022 16:10:39 PM - INFO - [in this interval] delayDelta from group is [[10, 9, 5, 42]]
04/05/2022 16:10:39 PM - INFO - sample List of accDelay : [[-218.59453823511782, -227.63508441160604, -236.27157597044544, -245.0444183734009, -252.1399765360608, -258.52597888245475, -267.0733809942093, -273.0660428947884, -278.9594386053096, -283.4634947447786, -287.61714527030074, -291.95543074327065, -296.45988766894357, -301.5138989020492, -305.26250901184426, -306.73625811065983, -307.0626322995939, -306.45636906963443, -305.410732162671, -300.2696589464039]]
04/05/2022 16:10:39 PM - INFO - sample List of time: [[39039, 39063, 39087, 39112, 39150, 39193, 39208, 39235, 39282, 39307, 39355, 39428, 39452, 39476, 39501, 39549, 39648, 39688, 39727, 39767]]
04/05/2022 16:10:39 PM - INFO - update trend: [-0.11341756626204887]
04/05/2022 16:10:39 PM - INFO - estimateQueueDelayDuration [-27.220215902891727] = queueDelayDelta [-0.45367026504819546] * numCount[1001]
04/05/2022 16:10:39 PM - INFO - [in this interval] signal is [Signal.NORMAL]
04/05/2022 16:10:39 PM - INFO - [in this interval] adaptiveThresholdGamma is [66.59645401957482]
04/05/2022 16:10:39 PM - INFO - [in this interval] state is [State.INCREASE]
04/05/2022 16:10:39 PM - INFO - [in this interval] now real rate is [0.3443562753036437]mbps
04/05/2022 16:10:39 PM - INFO - [in this interval] now real rtt is [3756]
04/05/2022 16:10:39 PM - INFO - [in this interval] aimd control rate is [0.6804510007648559] mbps
04/05/2022 16:10:39 PM - INFO - [in this interval] delay-rate is [0.6804510007648559] mbps
04/05/2022 16:10:39 PM - INFO - average delay [1660.0]
04/05/2022 16:10:39 PM - INFO - average delay [1637.25]
04/05/2022 16:10:39 PM - INFO - average delay [1616.25]
04/05/2022 16:10:39 PM - INFO - average delay [1612.75]
04/05/2022 16:10:39 PM - INFO - nowTs is [40364], lastTs is [40122]
04/05/2022 16:10:39 PM - INFO - [in this interval] loss-ratio is [0.16666666666666666]
04/05/2022 16:10:39 PM - INFO - [in this interval] group num is [9]
04/05/2022 16:10:39 PM - INFO - [in this interval] delayDelta from group is [[-20, -14, -4, -3, -4, 1, -1, 2]]
04/05/2022 16:10:39 PM - INFO - sample List of accDelay : [[-278.9594386053096, -283.4634947447786, -287.61714527030074, -291.95543074327065, -296.45988766894357, -301.5138989020492, -305.26250901184426, -306.73625811065983, -307.0626322995939, -306.45636906963443, -305.410732162671, -300.2696589464039, -297.6426930517635, -296.67842374658716, -296.2105813719284, -296.08952323473557, -296.380570911262, -296.5425138201358, -296.7882624381222, -296.80943619430997]]
04/05/2022 16:10:39 PM - INFO - sample List of time: [[39282, 39307, 39355, 39428, 39452, 39476, 39501, 39549, 39648, 39688, 39727, 39767, 39864, 39879, 39895, 39926, 39958, 39989, 40020, 40054]]
04/05/2022 16:10:39 PM - INFO - update trend: [-0.010265033982074913]
04/05/2022 16:10:39 PM - INFO - estimateQueueDelayDuration [-2.463608155697979] = queueDelayDelta [-0.04106013592829965] * numCount[1001]
04/05/2022 16:10:39 PM - INFO - [in this interval] signal is [Signal.NORMAL]
04/05/2022 16:10:39 PM - INFO - [in this interval] adaptiveThresholdGamma is [65.44206279402503]
04/05/2022 16:10:39 PM - INFO - [in this interval] state is [State.INCREASE]
04/05/2022 16:10:39 PM - INFO - [in this interval] now real rate is [0.45475050709939147]mbps
04/05/2022 16:10:39 PM - INFO - [in this interval] now real rtt is [3640]
04/05/2022 16:10:39 PM - INFO - [in this interval] aimd control rate is [0.6842312841024384] mbps
04/05/2022 16:10:39 PM - INFO - [in this interval] delay-rate is [0.6842312841024384] mbps
04/05/2022 16:10:39 PM - INFO - average delay [1612.5]
04/05/2022 16:10:39 PM - INFO - average delay [1618.6666666666667]
04/05/2022 16:10:39 PM - INFO - average delay [1628.6666666666667]
04/05/2022 16:10:39 PM - INFO - average delay [1665.0]
04/05/2022 16:10:39 PM - INFO - nowTs is [40609], lastTs is [40364]
04/05/2022 16:10:39 PM - INFO - [in this interval] loss-ratio is [0.0]
04/05/2022 16:10:39 PM - INFO - [in this interval] group num is [5]
04/05/2022 16:10:39 PM - INFO - [in this interval] delayDelta from group is [[2, 23, 44, 29]]
04/05/2022 16:10:39 PM - INFO - sample List of accDelay : [[-296.45988766894357, -301.5138989020492, -305.26250901184426, -306.73625811065983, -307.0626322995939, -306.45636906963443, -305.410732162671, -300.2696589464039, -297.6426930517635, -296.67842374658716, -296.2105813719284, -296.08952323473557, -296.380570911262, -296.5425138201358, -296.7882624381222, -296.80943619430997, -296.628492574879, -294.1656433173911, -287.549078985652, -278.6941710870868]]
04/05/2022 16:10:39 PM - INFO - sample List of time: [[39452, 39476, 39501, 39549, 39648, 39688, 39727, 39767, 39864, 39879, 39895, 39926, 39958, 39989, 40020, 40054, 40128, 40165, 40228, 40292]]
04/05/2022 16:10:39 PM - INFO - update trend: [0.02071394483242744]
04/05/2022 16:10:39 PM - INFO - estimateQueueDelayDuration [4.971346759782586] = queueDelayDelta [0.08285577932970976] * numCount[1001]
04/05/2022 16:10:39 PM - INFO - [in this interval] signal is [Signal.NORMAL]
04/05/2022 16:10:39 PM - INFO - [in this interval] adaptiveThresholdGamma is [64.35358990540867]
04/05/2022 16:10:39 PM - INFO - [in this interval] state is [State.INCREASE]
04/05/2022 16:10:39 PM - INFO - [in this interval] now real rate is [0.5873675564681725]mbps
04/05/2022 16:10:39 PM - INFO - [in this interval] now real rtt is [3850]
04/05/2022 16:10:39 PM - INFO - [in this interval] aimd control rate is [0.6880325690141187] mbps
04/05/2022 16:10:39 PM - INFO - [in this interval] delay-rate is [0.6880325690141187] mbps
04/05/2022 16:10:39 PM - INFO - average delay [1709.6666666666667]
04/05/2022 16:10:39 PM - INFO - average delay [1751.3333333333333]
04/05/2022 16:10:39 PM - INFO - average delay [1765.6666666666667]
04/05/2022 16:10:39 PM - INFO - average delay [1734.3333333333333]
04/05/2022 16:10:39 PM - INFO - nowTs is [40850], lastTs is [40609]
04/05/2022 16:10:39 PM - INFO - [in this interval] loss-ratio is [0.15384615384615385]
04/05/2022 16:10:39 PM - INFO - [in this interval] group num is [8]
04/05/2022 16:10:39 PM - INFO - [in this interval] delayDelta from group is [[-4, 6, -4, -44, -4, 2, -8]]
04/05/2022 16:10:39 PM - INFO - sample List of accDelay : [[-300.2696589464039, -297.6426930517635, -296.67842374658716, -296.2105813719284, -296.08952323473557, -296.380570911262, -296.5425138201358, -296.7882624381222, -296.80943619430997, -296.628492574879, -294.1656433173911, -287.549078985652, -278.6941710870868, -271.1247539783781, -263.7122785805403, -257.4410507224863, -256.19694565023764, -255.47725108521388, -254.6295259766925, -254.66657337902325]]
04/05/2022 16:10:39 PM - INFO - sample List of time: [[39767, 39864, 39879, 39895, 39926, 39958, 39989, 40020, 40054, 40128, 40165, 40228, 40292, 40398, 40414, 40435, 40461, 40487, 40513, 40550]]
04/05/2022 16:10:39 PM - INFO - update trend: [0.0672458645059361]
04/05/2022 16:10:39 PM - INFO - estimateQueueDelayDuration [16.139007481424663] = queueDelayDelta [0.2689834580237444] * numCount[1000]
04/05/2022 16:10:39 PM - INFO - [in this interval] signal is [Signal.NORMAL]
04/05/2022 16:10:39 PM - INFO - [in this interval] adaptiveThresholdGamma is [63.48572742177696]
04/05/2022 16:10:39 PM - INFO - [in this interval] state is [State.INCREASE]
04/05/2022 16:10:39 PM - INFO - [in this interval] now real rate is [0.5077695473251029]mbps
04/05/2022 16:10:39 PM - INFO - [in this interval] now real rtt is [3822]
04/05/2022 16:10:39 PM - INFO - [in this interval] aimd control rate is [0.6918549721753081] mbps
04/05/2022 16:10:39 PM - INFO - [in this interval] delay-rate is [0.6918549721753081] mbps
04/05/2022 16:10:39 PM - INFO - average delay [1710.0]
04/05/2022 16:10:39 PM - INFO - average delay [1718.5]
04/05/2022 16:10:39 PM - INFO - average delay [1732.0]
04/05/2022 16:10:39 PM - INFO - average delay [1750.6666666666667]
04/05/2022 16:10:39 PM - INFO - nowTs is [41075], lastTs is [40850]
04/05/2022 16:10:39 PM - INFO - [in this interval] loss-ratio is [0.1]
04/05/2022 16:10:39 PM - INFO - [in this interval] group num is [5]
04/05/2022 16:10:39 PM - INFO - [in this interval] delayDelta from group is [[14, 14, 20, -6]]
04/05/2022 16:10:39 PM - INFO - sample List of accDelay : [[-296.08952323473557, -296.380570911262, -296.5425138201358, -296.7882624381222, -296.80943619430997, -296.628492574879, -294.1656433173911, -287.549078985652, -278.6941710870868, -271.1247539783781, -263.7122785805403, -257.4410507224863, -256.19694565023764, -255.47725108521388, -254.6295259766925, -254.66657337902325, -253.29991604112092, -250.66992443700883, -246.30293199330794, -242.97263879397713]]
04/05/2022 16:10:39 PM - INFO - sample List of time: [[39926, 39958, 39989, 40020, 40054, 40128, 40165, 40228, 40292, 40398, 40414, 40435, 40461, 40487, 40513, 40550, 40630, 40679, 40728, 40778]]
04/05/2022 16:10:39 PM - INFO - update trend: [0.07400767225922075]
04/05/2022 16:10:39 PM - INFO - estimateQueueDelayDuration [17.761841342212982] = queueDelayDelta [0.296030689036883] * numCount[1000]
04/05/2022 16:10:39 PM - INFO - [in this interval] signal is [Signal.NORMAL]
04/05/2022 16:10:39 PM - INFO - [in this interval] adaptiveThresholdGamma is [62.6626974723448]
04/05/2022 16:10:39 PM - INFO - [in this interval] state is [State.INCREASE]
04/05/2022 16:10:39 PM - INFO - [in this interval] now real rate is [0.4641803278688525]mbps
04/05/2022 16:10:39 PM - INFO - [in this interval] now real rtt is [3942]
04/05/2022 16:10:39 PM - INFO - [in this interval] aimd control rate is [0.6956986109096154] mbps
04/05/2022 16:10:39 PM - INFO - [in this interval] delay-rate is [0.6956986109096154] mbps
04/05/2022 16:10:39 PM - INFO - average delay [1768.3333333333333]
04/05/2022 16:10:39 PM - INFO - average delay [1789.6666666666667]
04/05/2022 16:10:39 PM - INFO - average delay [1815.6666666666667]
04/05/2022 16:10:39 PM - INFO - average delay [1825.3333333333333]
04/05/2022 16:10:39 PM - INFO - nowTs is [41331], lastTs is [41075]
04/05/2022 16:10:39 PM - INFO - [in this interval] loss-ratio is [0.14285714285714285]
04/05/2022 16:10:39 PM - INFO - [in this interval] group num is [7]
04/05/2022 16:10:39 PM - INFO - [in this interval] delayDelta from group is [[6, 10, 21, 5, 22, 7]]
04/05/2022 16:10:39 PM - INFO - sample List of accDelay : [[-294.1656433173911, -287.549078985652, -278.6941710870868, -271.1247539783781, -263.7122785805403, -257.4410507224863, -256.19694565023764, -255.47725108521388, -254.6295259766925, -254.66657337902325, -253.29991604112092, -250.66992443700883, -246.30293199330794, -242.97263879397713, -239.3753749145794, -235.13783742312145, -229.2240536808093, -223.40164831272838, -215.96148348145556, -208.56533513331]]
04/05/2022 16:10:39 PM - INFO - sample List of time: [[40165, 40228, 40292, 40398, 40414, 40435, 40461, 40487, 40513, 40550, 40630, 40679, 40728, 40778, 40827, 40868, 40888, 40929, 40969, 41031]]
04/05/2022 16:10:39 PM - INFO - update trend: [0.08408520214689028]
04/05/2022 16:10:39 PM - INFO - estimateQueueDelayDuration [20.180448515253666] = queueDelayDelta [0.3363408085875611] * numCount[1000]
04/05/2022 16:10:39 PM - INFO - [in this interval] signal is [Signal.NORMAL]
04/05/2022 16:10:39 PM - INFO - [in this interval] adaptiveThresholdGamma is [61.89801699111716]
04/05/2022 16:10:39 PM - INFO - [in this interval] state is [State.INCREASE]
04/05/2022 16:10:39 PM - INFO - [in this interval] now real rate is [0.42453222453222456]mbps
04/05/2022 16:10:39 PM - INFO - [in this interval] now real rtt is [4124]
04/05/2022 16:10:39 PM - INFO - [in this interval] aimd control rate is [0.6995636031924466] mbps
04/05/2022 16:10:39 PM - INFO - [in this interval] delay-rate is [0.6995636031924466] mbps
04/05/2022 16:10:39 PM - INFO - average delay [1852.3333333333335]
04/05/2022 16:10:39 PM - INFO - average delay [1881.0]
04/05/2022 16:10:39 PM - INFO - average delay [1891.6666666666665]
04/05/2022 16:10:39 PM - INFO - average delay [1927.6666666666665]
04/05/2022 16:10:39 PM - INFO - nowTs is [41568], lastTs is [41331]
04/05/2022 16:10:39 PM - INFO - [in this interval] loss-ratio is [0.0]
04/05/2022 16:10:39 PM - INFO - [in this interval] group num is [5]
04/05/2022 16:10:39 PM - INFO - [in this interval] delayDelta from group is [[17, 16, 41, 2]]
04/05/2022 16:10:39 PM - INFO - sample List of accDelay : [[-263.7122785805403, -257.4410507224863, -256.19694565023764, -255.47725108521388, -254.6295259766925, -254.66657337902325, -253.29991604112092, -250.66992443700883, -246.30293199330794, -242.97263879397713, -239.3753749145794, -235.13783742312145, -229.2240536808093, -223.40164831272838, -215.96148348145556, -208.56533513331, -200.208801619979, -191.0879214579811, -178.77912931218302, -167.5012163809647]]
04/05/2022 16:10:39 PM - INFO - sample List of time: [[40414, 40435, 40461, 40487, 40513, 40550, 40630, 40679, 40728, 40778, 40827, 40868, 40888, 40929, 40969, 41031, 41084, 41136, 41187, 41258]]
04/05/2022 16:10:39 PM - INFO - update trend: [0.10236361544605288]
04/05/2022 16:10:39 PM - INFO - estimateQueueDelayDuration [24.567267707052693] = queueDelayDelta [0.4094544617842115] * numCount[1000]
04/05/2022 16:10:39 PM - INFO - [in this interval] signal is [Signal.NORMAL]
04/05/2022 16:10:39 PM - INFO - [in this interval] adaptiveThresholdGamma is [61.226063504004]
04/05/2022 16:10:39 PM - INFO - [in this interval] state is [State.INCREASE]
04/05/2022 16:10:39 PM - INFO - [in this interval] now real rate is [0.3760162271805274]mbps
04/05/2022 16:10:39 PM - INFO - [in this interval] now real rtt is [4318]
04/05/2022 16:10:39 PM - INFO - [in this interval] aimd control rate is [0.7034500676546269] mbps
04/05/2022 16:10:39 PM - INFO - [in this interval] delay-rate is [0.7034500676546269] mbps
04/05/2022 16:10:39 PM - INFO - average delay [1951.5]
04/05/2022 16:10:39 PM - INFO - average delay [1955.6666666666665]
04/05/2022 16:10:39 PM - INFO - average delay [1976.0]
04/05/2022 16:10:39 PM - INFO - average delay [2002.3333333333335]
04/05/2022 16:10:39 PM - INFO - nowTs is [41803], lastTs is [41568]
04/05/2022 16:10:39 PM - INFO - [in this interval] loss-ratio is [0.14285714285714285]
04/05/2022 16:10:39 PM - INFO - [in this interval] group num is [7]
04/05/2022 16:10:39 PM - INFO - [in this interval] delayDelta from group is [[9, 2, 28, 23, -8, -17]]
04/05/2022 16:10:39 PM - INFO - sample List of accDelay : [[-253.29991604112092, -250.66992443700883, -246.30293199330794, -242.97263879397713, -239.3753749145794, -235.13783742312145, -229.2240536808093, -223.40164831272838, -215.96148348145556, -208.56533513331, -200.208801619979, -191.0879214579811, -178.77912931218302, -167.5012163809647, -156.45109474286824, -146.30598526858142, -134.37538674172328, -121.33784806755095, -110.40406326079587, -102.26365693471628]]
04/05/2022 16:10:39 PM - INFO - sample List of time: [[40630, 40679, 40728, 40778, 40827, 40868, 40888, 40929, 40969, 41031, 41084, 41136, 41187, 41258, 41333, 41372, 41394, 41437, 41495, 41512]]
04/05/2022 16:10:39 PM - INFO - update trend: [0.17259912667475114]
04/05/2022 16:10:39 PM - INFO - estimateQueueDelayDuration [41.42379040194027] = queueDelayDelta [0.6903965066990045] * numCount[1000]
04/05/2022 16:10:39 PM - INFO - [in this interval] signal is [Signal.NORMAL]
04/05/2022 16:10:39 PM - INFO - [in this interval] adaptiveThresholdGamma is [60.869622588166855]
04/05/2022 16:10:39 PM - INFO - [in this interval] state is [State.INCREASE]
04/05/2022 16:10:39 PM - INFO - [in this interval] now real rate is [0.39353907815631256]mbps
04/05/2022 16:10:39 PM - INFO - [in this interval] now real rtt is [4398]
04/05/2022 16:10:39 PM - INFO - [in this interval] aimd control rate is [0.7073581235860416] mbps
04/05/2022 16:10:39 PM - INFO - [in this interval] delay-rate is [0.7073581235860416] mbps
04/05/2022 16:10:39 PM - INFO - average delay [2012.25]
04/05/2022 16:10:39 PM - INFO - average delay [2008.6666666666665]
04/05/2022 16:10:39 PM - INFO - average delay [2003.0]
04/05/2022 16:10:39 PM - INFO - average delay [2003.0]
04/05/2022 16:10:39 PM - INFO - nowTs is [42040], lastTs is [41803]
04/05/2022 16:10:39 PM - INFO - [in this interval] loss-ratio is [0.4117647058823529]
04/05/2022 16:10:39 PM - INFO - [in this interval] group num is [8]
04/05/2022 16:10:39 PM - INFO - [in this interval] delayDelta from group is [[2, -7, -5, 1, 0, -3, 1]]
04/05/2022 16:10:39 PM - INFO - sample List of accDelay : [[-223.40164831272838, -215.96148348145556, -208.56533513331, -200.208801619979, -191.0879214579811, -178.77912931218302, -167.5012163809647, -156.45109474286824, -146.30598526858142, -134.37538674172328, -121.33784806755095, -110.40406326079587, -102.26365693471628, -94.73729124124466, -88.66356211712021, -83.6972059054082, -79.12748531486737, -75.01473678338063, -71.61326310504256, -68.45193679453831]]
04/05/2022 16:10:39 PM - INFO - sample List of time: [[40929, 40969, 41031, 41084, 41136, 41187, 41258, 41333, 41372, 41394, 41437, 41495, 41512, 41548, 41585, 41603, 41638, 41669, 41699, 41731]]
04/05/2022 16:10:39 PM - INFO - update trend: [0.20925824458983597]
04/05/2022 16:10:39 PM - INFO - estimateQueueDelayDuration [50.22197870156063] = queueDelayDelta [0.8370329783593439] * numCount[1001]
04/05/2022 16:10:39 PM - INFO - [in this interval] signal is [Signal.NORMAL]
04/05/2022 16:10:39 PM - INFO - [in this interval] adaptiveThresholdGamma is [60.67796499820794]
04/05/2022 16:10:39 PM - INFO - [in this interval] state is [State.INCREASE]
04/05/2022 16:10:39 PM - INFO - [in this interval] now real rate is [0.4148571428571428]mbps
04/05/2022 16:10:39 PM - INFO - [in this interval] now real rtt is [4402]
04/05/2022 16:10:39 PM - INFO - [in this interval] aimd control rate is [0.7112878909392972] mbps
04/05/2022 16:10:39 PM - INFO - [in this interval] delay-rate is [0.7112878909392972] mbps
04/05/2022 16:10:39 PM - INFO - average delay [2000.5]
04/05/2022 16:10:39 PM - INFO - average delay [1979.0]
04/05/2022 16:10:39 PM - INFO - average delay [1969.5]
04/05/2022 16:10:39 PM - INFO - average delay [1970.75]
04/05/2022 16:10:39 PM - INFO - nowTs is [42282], lastTs is [42040]
04/05/2022 16:10:39 PM - INFO - [in this interval] loss-ratio is [0.3157894736842105]
04/05/2022 16:10:39 PM - INFO - [in this interval] group num is [7]
04/05/2022 16:10:39 PM - INFO - [in this interval] delayDelta from group is [[-14, -3, -3, 10, 7, 9]]
04/05/2022 16:10:39 PM - INFO - sample List of accDelay : [[-167.5012163809647, -156.45109474286824, -146.30598526858142, -134.37538674172328, -121.33784806755095, -110.40406326079587, -102.26365693471628, -94.73729124124466, -88.66356211712021, -83.6972059054082, -79.12748531486737, -75.01473678338063, -71.61326310504256, -68.45193679453831, -67.00674311508448, -66.00606880357603, -65.40546192321843, -63.864915730896584, -61.778424157806924, -59.000581742026235]]
04/05/2022 16:10:39 PM - INFO - sample List of time: [[41258, 41333, 41372, 41394, 41437, 41495, 41512, 41548, 41585, 41603, 41638, 41669, 41699, 41731, 41828, 41844, 41876, 41908, 41958, 41990]]
04/05/2022 16:10:39 PM - INFO - update trend: [0.14584096433579333]
04/05/2022 16:10:39 PM - INFO - estimateQueueDelayDuration [35.0018314405904] = queueDelayDelta [0.5833638573431733] * numCount[1001]
04/05/2022 16:10:39 PM - INFO - [in this interval] signal is [Signal.NORMAL]
04/05/2022 16:10:39 PM - INFO - [in this interval] adaptiveThresholdGamma is [60.21579459417082]
04/05/2022 16:10:39 PM - INFO - [in this interval] state is [State.INCREASE]
04/05/2022 16:10:39 PM - INFO - [in this interval] now real rate is [0.4213118712273642]mbps
04/05/2022 16:10:39 PM - INFO - [in this interval] now real rtt is [4396]
04/05/2022 16:10:39 PM - INFO - [in this interval] aimd control rate is [0.7152394903334045] mbps
04/05/2022 16:10:39 PM - INFO - [in this interval] delay-rate is [0.7152394903334045] mbps
04/05/2022 16:10:39 PM - INFO - average delay [1986.75]
04/05/2022 16:10:39 PM - INFO - average delay [2006.25]
04/05/2022 16:10:39 PM - INFO - average delay [2017.5]
04/05/2022 16:10:39 PM - INFO - average delay [2024.25]
04/05/2022 16:10:39 PM - INFO - nowTs is [42526], lastTs is [42282]
04/05/2022 16:10:39 PM - INFO - [in this interval] loss-ratio is [0.17647058823529413]
04/05/2022 16:10:39 PM - INFO - [in this interval] group num is [10]
04/05/2022 16:10:39 PM - INFO - [in this interval] delayDelta from group is [[7, 14, -9, -4, 17, 5, 1, -2, -12]]
04/05/2022 16:10:39 PM - INFO - sample List of accDelay : [[-83.6972059054082, -79.12748531486737, -75.01473678338063, -71.61326310504256, -68.45193679453831, -67.00674311508448, -66.00606880357603, -65.40546192321843, -63.864915730896584, -61.778424157806924, -59.000581742026235, -55.80052356782362, -51.520471211041254, -48.568424089937125, -46.31158168094341, -42.58042351284907, -38.722381161564165, -35.150143045407745, -32.13512874086697, -30.62161586678027]]
04/05/2022 16:10:39 PM - INFO - sample List of time: [[41603, 41638, 41669, 41699, 41731, 41828, 41844, 41876, 41908, 41958, 41990, 42041, 42063, 42097, 42113, 42134, 42166, 42186, 42202, 42235]]
04/05/2022 16:10:39 PM - INFO - update trend: [0.07520058110373352]
04/05/2022 16:10:39 PM - INFO - estimateQueueDelayDuration [18.048139464896046] = queueDelayDelta [0.3008023244149341] * numCount[1000]
04/05/2022 16:10:39 PM - INFO - [in this interval] signal is [Signal.NORMAL]
04/05/2022 16:10:39 PM - INFO - [in this interval] adaptiveThresholdGamma is [59.45677680184388]
04/05/2022 16:10:39 PM - INFO - [in this interval] state is [State.INCREASE]
04/05/2022 16:10:39 PM - INFO - [in this interval] now real rate is [0.47911111111111104]mbps
04/05/2022 16:10:39 PM - INFO - [in this interval] now real rtt is [4444]
04/05/2022 16:10:39 PM - INFO - [in this interval] aimd control rate is [0.719213043057479] mbps
04/05/2022 16:10:39 PM - INFO - [in this interval] delay-rate is [0.719213043057479] mbps
04/05/2022 16:10:39 PM - INFO - average delay [2028.75]
04/05/2022 16:10:39 PM - INFO - average delay [2031.3333333333335]
04/05/2022 16:10:39 PM - INFO - average delay [2036.25]
04/05/2022 16:10:39 PM - INFO - average delay [2041.0]
04/05/2022 16:10:39 PM - INFO - nowTs is [42767], lastTs is [42526]
04/05/2022 16:10:39 PM - INFO - [in this interval] loss-ratio is [0.0]
04/05/2022 16:10:39 PM - INFO - [in this interval] group num is [9]
04/05/2022 16:10:39 PM - INFO - [in this interval] delayDelta from group is [[1, 6, 2, 3, -2, -16, -16, -15]]
04/05/2022 16:10:39 PM - INFO - sample List of accDelay : [[-63.864915730896584, -61.778424157806924, -59.000581742026235, -55.80052356782362, -51.520471211041254, -48.568424089937125, -46.31158168094341, -42.58042351284907, -38.722381161564165, -35.150143045407745, -32.13512874086697, -30.62161586678027, -29.159454280102246, -27.24350885209202, -25.31915796688282, -23.28724217019454, -21.658517953175085, -21.792666157857578, -23.51339954207182, -26.56205958786464]]
04/05/2022 16:10:39 PM - INFO - sample List of time: [[41908, 41958, 41990, 42041, 42063, 42097, 42113, 42134, 42166, 42186, 42202, 42235, 42271, 42307, 42343, 42380, 42418, 42446, 42465, 42484]]
04/05/2022 16:10:39 PM - INFO - update trend: [0.07834701867729728]
04/05/2022 16:10:39 PM - INFO - estimateQueueDelayDuration [18.803284482551348] = queueDelayDelta [0.3133880747091891] * numCount[1000]
04/05/2022 16:10:39 PM - INFO - [in this interval] signal is [Signal.NORMAL]
04/05/2022 16:10:39 PM - INFO - [in this interval] adaptiveThresholdGamma is [58.725013940096616]
04/05/2022 16:10:39 PM - INFO - [in this interval] state is [State.INCREASE]
04/05/2022 16:10:39 PM - INFO - [in this interval] now real rate is [0.5178886597938144]mbps
04/05/2022 16:10:39 PM - INFO - [in this interval] now real rtt is [4396]
04/05/2022 16:10:39 PM - INFO - [in this interval] aimd control rate is [0.723208671074465] mbps
04/05/2022 16:10:39 PM - INFO - [in this interval] delay-rate is [0.723208671074465] mbps
04/05/2022 16:10:39 PM - INFO - average delay [2022.5714285714284]
04/05/2022 16:10:39 PM - INFO - average delay [1978.8333333333335]
04/05/2022 16:10:39 PM - INFO - average delay [1928.8333333333335]
04/05/2022 16:10:39 PM - INFO - average delay [1899.0]
04/05/2022 16:10:39 PM - INFO - nowTs is [43001], lastTs is [42767]
04/05/2022 16:10:39 PM - INFO - [in this interval] loss-ratio is [0.18181818181818182]
04/05/2022 16:10:39 PM - INFO - [in this interval] group num is [11]
04/05/2022 16:10:39 PM - INFO - [in this interval] delayDelta from group is [[-15, -15, -10, -20, -19, -9, -13, -5, -5, 0]]
04/05/2022 16:10:39 PM - INFO - sample List of accDelay : [[-32.13512874086697, -30.62161586678027, -29.159454280102246, -27.24350885209202, -25.31915796688282, -23.28724217019454, -21.658517953175085, -21.792666157857578, -23.51339954207182, -26.56205958786464, -30.805853629078175, -36.12526826617035, -41.912741439553315, -49.12146729559798, -57.509320566038184, -65.95838850943437, -74.86254965849093, -83.37629469264185, -91.53866522337766, -98.8847987010399]]
04/05/2022 16:10:39 PM - INFO - sample List of time: [[42202, 42235, 42271, 42307, 42343, 42380, 42418, 42446, 42465, 42484, 42504, 42524, 42544, 42564, 42574, 42595, 42616, 42628, 42668, 42688]]
04/05/2022 16:10:39 PM - INFO - update trend: [-0.13414572548838893]
04/05/2022 16:10:39 PM - INFO - estimateQueueDelayDuration [-32.19497411721334] = queueDelayDelta [-0.5365829019535557] * numCount[1000]
04/05/2022 16:10:39 PM - INFO - [in this interval] signal is [Signal.NORMAL]
04/05/2022 16:10:39 PM - INFO - [in this interval] adaptiveThresholdGamma is [58.247473223284715]
04/05/2022 16:10:39 PM - INFO - [in this interval] state is [State.INCREASE]
04/05/2022 16:10:39 PM - INFO - [in this interval] now real rate is [0.6031318458417849]mbps
04/05/2022 16:10:39 PM - INFO - [in this interval] now real rtt is [4184]
04/05/2022 16:10:39 PM - INFO - [in this interval] aimd control rate is [0.7272264970248786] mbps
04/05/2022 16:10:39 PM - INFO - [in this interval] delay-rate is [0.7272264970248786] mbps
04/05/2022 16:10:39 PM - INFO - average delay [1887.0]
04/05/2022 16:10:39 PM - INFO - average delay [1891.3333333333335]
04/05/2022 16:10:39 PM - INFO - average delay [1871.25]
04/05/2022 16:10:39 PM - INFO - average delay [1839.6]
04/05/2022 16:10:39 PM - INFO - nowTs is [43251], lastTs is [43001]
04/05/2022 16:10:39 PM - INFO - [in this interval] loss-ratio is [0.38461538461538464]
04/05/2022 16:10:39 PM - INFO - [in this interval] group num is [13]
04/05/2022 16:10:39 PM - INFO - [in this interval] delayDelta from group is [[0, -29, -1, -13, -14, -18, -17, -22, -21, -17, -21, -21]]
04/05/2022 16:10:39 PM - INFO - sample List of accDelay : [[-41.912741439553315, -49.12146729559798, -57.509320566038184, -65.95838850943437, -74.86254965849093, -83.37629469264185, -91.53866522337766, -98.8847987010399, -105.4963188309359, -114.34668694784231, -122.41201825305808, -130.97081642775225, -140.07373478497703, -150.06636130647934, -160.7597251758314, -172.58375265824827, -185.32537739242346, -198.4928396531811, -212.44355568786298, -227.09920011907667]]
04/05/2022 16:10:39 PM - INFO - sample List of time: [[42544, 42564, 42574, 42595, 42616, 42628, 42668, 42688, 42752, 42772, 42813, 42847, 42859, 42885, 42897, 42910, 42923, 42937, 42950, 42964]]
04/05/2022 16:10:39 PM - INFO - update trend: [-0.36670371758236303]
04/05/2022 16:10:39 PM - INFO - estimateQueueDelayDuration [-88.00889221976713] = queueDelayDelta [-1.4668148703294521] * numCount[1000]
04/05/2022 16:10:39 PM - INFO - [in this interval] signal is [Signal.UNDER_USE]
04/05/2022 16:10:39 PM - INFO - [in this interval] adaptiveThresholdGamma is [58.247473223284715]
04/05/2022 16:10:39 PM - INFO - [in this interval] state is [State.HOLD]
04/05/2022 16:10:39 PM - INFO - [in this interval] now real rate is [0.6555627530364372]mbps
04/05/2022 16:10:39 PM - INFO - [in this interval] now real rtt is [3824]
04/05/2022 16:10:39 PM - INFO - [in this interval] aimd control rate is [0.7272264970248786] mbps
04/05/2022 16:10:39 PM - INFO - [in this interval] delay-rate is [0.7272264970248786] mbps
04/05/2022 16:10:39 PM - INFO - average delay [1752.4]
04/05/2022 16:10:39 PM - INFO - average delay [1680.75]
04/05/2022 16:10:39 PM - INFO - average delay [1653.0]
04/05/2022 16:10:39 PM - INFO - average delay [1647.3333333333333]
04/05/2022 16:10:39 PM - INFO - nowTs is [43490], lastTs is [43251]
04/05/2022 16:10:39 PM - INFO - [in this interval] loss-ratio is [0.3157894736842105]
04/05/2022 16:10:39 PM - INFO - [in this interval] group num is [9]
04/05/2022 16:10:39 PM - INFO - [in this interval] delayDelta from group is [[-12, -16, -10, 0, -9, 5, -9, 1]]
04/05/2022 16:10:39 PM - INFO - sample List of accDelay : [[-105.4963188309359, -114.34668694784231, -122.41201825305808, -130.97081642775225, -140.07373478497703, -150.06636130647934, -160.7597251758314, -172.58375265824827, -185.32537739242346, -198.4928396531811, -212.44355568786298, -227.09920011907667, -241.489280107169, -256.0403520964521, -270.13631688680687, -282.8226851981262, -295.14041667831356, -305.72637501048223, -316.153737509434, -325.4383637584906]]
04/05/2022 16:10:39 PM - INFO - sample List of time: [[42752, 42772, 42813, 42847, 42859, 42885, 42897, 42910, 42923, 42937, 42950, 42964, 42992, 43020, 43034, 43054, 43094, 43115, 43155, 43176]]
04/05/2022 16:10:39 PM - INFO - update trend: [-0.5879737600428906]
04/05/2022 16:10:39 PM - INFO - estimateQueueDelayDuration [-141.11370241029374] = queueDelayDelta [-2.3518950401715624] * numCount[1000]
04/05/2022 16:10:39 PM - INFO - [in this interval] signal is [Signal.UNDER_USE]
04/05/2022 16:10:39 PM - INFO - [in this interval] adaptiveThresholdGamma is [58.247473223284715]
04/05/2022 16:10:39 PM - INFO - [in this interval] state is [State.HOLD]
04/05/2022 16:10:39 PM - INFO - [in this interval] now real rate is [0.6056441717791411]mbps
04/05/2022 16:10:39 PM - INFO - [in this interval] now real rtt is [3692]
04/05/2022 16:10:39 PM - INFO - [in this interval] aimd control rate is [0.7272264970248786] mbps
04/05/2022 16:10:39 PM - INFO - [in this interval] delay-rate is [0.7272264970248786] mbps
04/05/2022 16:10:39 PM - INFO - average delay [1640.3333333333333]
04/05/2022 16:10:39 PM - INFO - average delay [1652.5]
04/05/2022 16:10:39 PM - INFO - average delay [1644.0]
04/05/2022 16:10:39 PM - INFO - average delay [1637.0]
04/05/2022 16:10:39 PM - INFO - nowTs is [43723], lastTs is [43490]
04/05/2022 16:10:39 PM - INFO - [in this interval] loss-ratio is [0.4375]
04/05/2022 16:10:39 PM - INFO - [in this interval] group num is [7]
04/05/2022 16:10:39 PM - INFO - [in this interval] delayDelta from group is [[-18, 2, -14, -2, -8, -9]]
04/05/2022 16:10:39 PM - INFO - sample List of accDelay : [[-160.7597251758314, -172.58375265824827, -185.32537739242346, -198.4928396531811, -212.44355568786298, -227.09920011907667, -241.489280107169, -256.0403520964521, -270.13631688680687, -282.8226851981262, -295.14041667831356, -305.72637501048223, -316.153737509434, -325.4383637584906, -335.59452738264156, -344.5350746443774, -353.98156717993965, -362.68341046194564, -371.31506941575105, -379.983562474176]]
04/05/2022 16:10:39 PM - INFO - sample List of time: [[42897, 42910, 42923, 42937, 42950, 42964, 42992, 43020, 43034, 43054, 43094, 43115, 43155, 43176, 43264, 43316, 43343, 43369, 43397, 43424]]
04/05/2022 16:10:39 PM - INFO - update trend: [-0.3770923081525266]
04/05/2022 16:10:39 PM - INFO - estimateQueueDelayDuration [-90.50215395660638] = queueDelayDelta [-1.5083692326101064] * numCount[1000]
04/05/2022 16:10:39 PM - INFO - [in this interval] signal is [Signal.UNDER_USE]
04/05/2022 16:10:39 PM - INFO - [in this interval] adaptiveThresholdGamma is [58.247473223284715]
04/05/2022 16:10:39 PM - INFO - [in this interval] state is [State.HOLD]
04/05/2022 16:10:39 PM - INFO - [in this interval] now real rate is [0.525616]mbps
04/05/2022 16:10:39 PM - INFO - [in this interval] now real rtt is [3628]
04/05/2022 16:10:39 PM - INFO - [in this interval] aimd control rate is [0.7272264970248786] mbps
04/05/2022 16:10:39 PM - INFO - [in this interval] delay-rate is [0.7272264970248786] mbps
04/05/2022 16:10:39 PM - INFO - average delay [1622.6666666666667]
04/05/2022 16:10:39 PM - INFO - average delay [1595.0]
04/05/2022 16:10:39 PM - INFO - average delay [1605.0]
04/05/2022 16:10:39 PM - INFO - average delay [1613.6666666666667]
04/05/2022 16:10:39 PM - INFO - nowTs is [43974], lastTs is [43723]
04/05/2022 16:10:39 PM - INFO - [in this interval] loss-ratio is [0.5263157894736842]
04/05/2022 16:10:39 PM - INFO - [in this interval] group num is [6]
04/05/2022 16:10:39 PM - INFO - [in this interval] delayDelta from group is [[0, 11, 28, 1, 8]]
04/05/2022 16:10:39 PM - INFO - sample List of accDelay : [[-227.09920011907667, -241.489280107169, -256.0403520964521, -270.13631688680687, -282.8226851981262, -295.14041667831356, -305.72637501048223, -316.153737509434, -325.4383637584906, -335.59452738264156, -344.5350746443774, -353.98156717993965, -362.68341046194564, -371.31506941575105, -379.983562474176, -387.7852062267584, -393.70668560408257, -396.2360170436743, -398.41241533930685, -399.5711738053762]]
04/05/2022 16:10:39 PM - INFO - sample List of time: [[42964, 42992, 43020, 43034, 43054, 43094, 43115, 43155, 43176, 43264, 43316, 43343, 43369, 43397, 43424, 43508, 43538, 43589, 43647, 43678]]
04/05/2022 16:10:39 PM - INFO - update trend: [-0.23375477702110228]
04/05/2022 16:10:39 PM - INFO - estimateQueueDelayDuration [-56.10114648506455] = queueDelayDelta [-0.9350191080844091] * numCount[1001]
04/05/2022 16:10:39 PM - INFO - [in this interval] signal is [Signal.NORMAL]
04/05/2022 16:10:39 PM - INFO - [in this interval] adaptiveThresholdGamma is [58.20883934199675]
04/05/2022 16:10:39 PM - INFO - [in this interval] state is [State.INCREASE]
04/05/2022 16:10:39 PM - INFO - [in this interval] now real rate is [0.4103471074380165]mbps
04/05/2022 16:10:39 PM - INFO - [in this interval] now real rtt is [3710]
04/05/2022 16:10:39 PM - INFO - [in this interval] aimd control rate is [0.7312666442305724] mbps
04/05/2022 16:10:39 PM - INFO - [in this interval] delay-rate is [0.7312666442305724] mbps
04/05/2022 16:10:39 PM - INFO - average delay [1649.3333333333333]
04/05/2022 16:10:39 PM - INFO - average delay [1657.0]
04/05/2022 16:10:39 PM - INFO - average delay [1668.6666666666667]
04/05/2022 16:10:39 PM - INFO - average delay [1697.3333333333333]
04/05/2022 16:10:39 PM - INFO - nowTs is [44213], lastTs is [43974]
04/05/2022 16:10:39 PM - INFO - [in this interval] loss-ratio is [0.4444444444444444]
04/05/2022 16:10:39 PM - INFO - [in this interval] group num is [7]
04/05/2022 16:10:39 PM - INFO - [in this interval] delayDelta from group is [[18, 17, 7, -9, -9, -13]]
04/05/2022 16:10:39 PM - INFO - sample List of accDelay : [[-305.72637501048223, -316.153737509434, -325.4383637584906, -335.59452738264156, -344.5350746443774, -353.98156717993965, -362.68341046194564, -371.31506941575105, -379.983562474176, -387.7852062267584, -393.70668560408257, -396.2360170436743, -398.41241533930685, -399.5711738053762, -398.81405642483855, -396.4326507823547, -393.58938570411925, -391.93044713370733, -391.3374024203366, -392.10366217830295]]
04/05/2022 16:10:39 PM - INFO - sample List of time: [[43115, 43155, 43176, 43264, 43316, 43343, 43369, 43397, 43424, 43508, 43538, 43589, 43647, 43678, 43724, 43777, 43834, 43876, 43897, 43918]]
04/05/2022 16:10:39 PM - INFO - update trend: [-0.10360164098663667]
04/05/2022 16:10:39 PM - INFO - estimateQueueDelayDuration [-24.8643938367928] = queueDelayDelta [-0.4144065639465467] * numCount[1001]
04/05/2022 16:10:39 PM - INFO - [in this interval] signal is [Signal.NORMAL]
04/05/2022 16:10:39 PM - INFO - [in this interval] adaptiveThresholdGamma is [57.60863932290308]
04/05/2022 16:10:39 PM - INFO - [in this interval] state is [State.INCREASE]
04/05/2022 16:10:39 PM - INFO - [in this interval] now real rate is [0.4049632653061224]mbps
04/05/2022 16:10:39 PM - INFO - [in this interval] now real rtt is [3748]
04/05/2022 16:10:39 PM - INFO - [in this interval] aimd control rate is [0.73532923669852] mbps
04/05/2022 16:10:39 PM - INFO - [in this interval] delay-rate is [0.73532923669852] mbps
04/05/2022 16:10:39 PM - INFO - average delay [1685.6666666666667]
04/05/2022 16:10:39 PM - INFO - average delay [1688.0]
04/05/2022 16:10:39 PM - INFO - average delay [1677.0]
04/05/2022 16:10:39 PM - INFO - average delay [1645.5]
04/05/2022 16:10:39 PM - INFO - nowTs is [44451], lastTs is [44213]
04/05/2022 16:10:39 PM - INFO - [in this interval] loss-ratio is [0.19047619047619047]
04/05/2022 16:10:39 PM - INFO - [in this interval] group num is [11]
04/05/2022 16:10:39 PM - INFO - [in this interval] delayDelta from group is [[-4, 3, -8, -10, -17, -17, 2, -8, -12, -12]]
04/05/2022 16:10:39 PM - INFO - sample List of accDelay : [[-393.70668560408257, -396.2360170436743, -398.41241533930685, -399.5711738053762, -398.81405642483855, -396.4326507823547, -393.58938570411925, -391.93044713370733, -391.3374024203366, -392.10366217830295, -393.19329596047265, -393.87396636442537, -395.28656972798285, -397.5579127551846, -401.30212147966614, -406.3719093316995, -410.73471839852954, -415.4612465586766, -420.91512190280895, -427.02360971252807]]
04/05/2022 16:10:39 PM - INFO - sample List of time: [[43538, 43589, 43647, 43678, 43724, 43777, 43834, 43876, 43897, 43918, 43961, 43982, 44025, 44047, 44067, 44090, 44098, 44110, 44132, 44155]]
04/05/2022 16:10:39 PM - INFO - update trend: [-0.030730952764384506]
04/05/2022 16:10:39 PM - INFO - estimateQueueDelayDuration [-7.375428663452281] = queueDelayDelta [-0.12292381105753802] * numCount[1001]
04/05/2022 16:10:39 PM - INFO - [in this interval] signal is [Signal.NORMAL]
04/05/2022 16:10:39 PM - INFO - [in this interval] adaptiveThresholdGamma is [56.70444153103296]
04/05/2022 16:10:39 PM - INFO - [in this interval] state is [State.INCREASE]
04/05/2022 16:10:39 PM - INFO - [in this interval] now real rate is [0.564336]mbps
04/05/2022 16:10:39 PM - INFO - [in this interval] now real rtt is [3614]
04/05/2022 16:10:39 PM - INFO - [in this interval] aimd control rate is [0.7394143991246229] mbps
04/05/2022 16:10:39 PM - INFO - [in this interval] delay-rate is [0.7394143991246229] mbps
04/05/2022 16:10:39 PM - INFO - average delay [1615.8333333333333]
04/05/2022 16:10:39 PM - INFO - average delay [1586.0]
04/05/2022 16:10:39 PM - INFO - average delay [1582.6666666666667]
04/05/2022 16:10:39 PM - INFO - average delay [1602.3333333333333]
04/05/2022 16:10:39 PM - INFO - nowTs is [44685], lastTs is [44451]
04/05/2022 16:10:39 PM - INFO - [in this interval] loss-ratio is [0.0]
04/05/2022 16:10:39 PM - INFO - [in this interval] group num is [6]
04/05/2022 16:10:39 PM - INFO - [in this interval] delayDelta from group is [[-13, 2, 22, 15, 15]]
04/05/2022 16:10:39 PM - INFO - sample List of accDelay : [[-396.4326507823547, -393.58938570411925, -391.93044713370733, -391.3374024203366, -392.10366217830295, -393.19329596047265, -393.87396636442537, -395.28656972798285, -397.5579127551846, -401.30212147966614, -406.3719093316995, -410.73471839852954, -415.4612465586766, -420.91512190280895, -427.02360971252807, -433.82124874127527, -439.7391238671478, -442.865211480433, -444.1786903323897, -443.8608212991507]]
04/05/2022 16:10:39 PM - INFO - sample List of time: [[43777, 43834, 43876, 43897, 43918, 43961, 43982, 44025, 44047, 44067, 44090, 44098, 44110, 44132, 44155, 44201, 44223, 44260, 44312, 44362]]
04/05/2022 16:10:39 PM - INFO - update trend: [-0.11465417605647696]
04/05/2022 16:10:39 PM - INFO - estimateQueueDelayDuration [-27.51700225355447] = queueDelayDelta [-0.45861670422590783] * numCount[1000]
04/05/2022 16:10:39 PM - INFO - [in this interval] signal is [Signal.NORMAL]
04/05/2022 16:10:39 PM - INFO - [in this interval] adaptiveThresholdGamma is [56.179067624038346]
04/05/2022 16:10:39 PM - INFO - [in this interval] state is [State.INCREASE]
04/05/2022 16:10:39 PM - INFO - [in this interval] now real rate is [0.6272550607287449]mbps
04/05/2022 16:10:39 PM - INFO - [in this interval] now real rtt is [3682]
04/05/2022 16:10:39 PM - INFO - [in this interval] aimd control rate is [0.7435222568975375] mbps
04/05/2022 16:10:39 PM - INFO - [in this interval] delay-rate is [0.7435222568975375] mbps
04/05/2022 16:10:39 PM - INFO - average delay [1629.3333333333333]
04/05/2022 16:10:39 PM - INFO - average delay [1660.5]
04/05/2022 16:10:39 PM - INFO - average delay [1683.5]
04/05/2022 16:10:39 PM - INFO - average delay [1744.5]
04/05/2022 16:10:39 PM - INFO - nowTs is [44932], lastTs is [44685]
04/05/2022 16:10:39 PM - INFO - [in this interval] loss-ratio is [0.0]
04/05/2022 16:10:39 PM - INFO - [in this interval] group num is [4]
04/05/2022 16:10:39 PM - INFO - [in this interval] delayDelta from group is [[84, 12, -7]]
04/05/2022 16:10:39 PM - INFO - sample List of accDelay : [[-391.3374024203366, -392.10366217830295, -393.19329596047265, -393.87396636442537, -395.28656972798285, -397.5579127551846, -401.30212147966614, -406.3719093316995, -410.73471839852954, -415.4612465586766, -420.91512190280895, -427.02360971252807, -433.82124874127527, -439.7391238671478, -442.865211480433, -444.1786903323897, -443.8608212991507, -435.17473916923564, -426.1572652523121, -418.74153872708087]]
04/05/2022 16:10:39 PM - INFO - sample List of time: [[43897, 43918, 43961, 43982, 44025, 44047, 44067, 44090, 44098, 44110, 44132, 44155, 44201, 44223, 44260, 44312, 44362, 44480, 44599, 44641]]
04/05/2022 16:10:39 PM - INFO - update trend: [-0.06396851320887777]
04/05/2022 16:10:39 PM - INFO - estimateQueueDelayDuration [-15.352443170130664] = queueDelayDelta [-0.25587405283551107] * numCount[1001]
04/05/2022 16:10:39 PM - INFO - [in this interval] signal is [Signal.NORMAL]
04/05/2022 16:10:39 PM - INFO - [in this interval] adaptiveThresholdGamma is [55.44418838386801]
04/05/2022 16:10:39 PM - INFO - [in this interval] state is [State.INCREASE]
04/05/2022 16:10:39 PM - INFO - [in this interval] now real rate is [0.4314482758620689]mbps
04/05/2022 16:10:39 PM - INFO - [in this interval] now real rtt is [3936]
04/05/2022 16:10:39 PM - INFO - [in this interval] aimd control rate is [0.7476529361025238] mbps
04/05/2022 16:10:39 PM - INFO - [in this interval] delay-rate is [0.7476529361025238] mbps
04/05/2022 16:10:39 PM - INFO - average delay [1771.5]
04/05/2022 16:10:39 PM - INFO - average delay [1791.0]
04/05/2022 16:10:39 PM - INFO - average delay [1806.3333333333333]
04/05/2022 16:10:39 PM - INFO - average delay [1831.3333333333333]
04/05/2022 16:10:39 PM - INFO - nowTs is [45174], lastTs is [44932]
04/05/2022 16:10:39 PM - INFO - [in this interval] loss-ratio is [0.16666666666666666]
04/05/2022 16:10:39 PM - INFO - [in this interval] group num is [7]
04/05/2022 16:10:39 PM - INFO - [in this interval] delayDelta from group is [[12, 14, 3, 24, 30, 2]]
04/05/2022 16:10:39 PM - INFO - sample List of accDelay : [[-401.30212147966614, -406.3719093316995, -410.73471839852954, -415.4612465586766, -420.91512190280895, -427.02360971252807, -433.82124874127527, -439.7391238671478, -442.865211480433, -444.1786903323897, -443.8608212991507, -435.17473916923564, -426.1572652523121, -418.74153872708087, -410.8673848543728, -402.3806463689356, -394.442581732042, -384.8983235588378, -373.308491202954, -362.67764208265856]]
04/05/2022 16:10:39 PM - INFO - sample List of time: [[44067, 44090, 44098, 44110, 44132, 44155, 44201, 44223, 44260, 44312, 44362, 44480, 44599, 44641, 44681, 44703, 44747, 44765, 44809, 44869]]
04/05/2022 16:10:39 PM - INFO - update trend: [0.047026397765616214]
04/05/2022 16:10:39 PM - INFO - estimateQueueDelayDuration [11.286335463747891] = queueDelayDelta [0.18810559106246486] * numCount[1001]
04/05/2022 16:10:39 PM - INFO - [in this interval] signal is [Signal.NORMAL]
04/05/2022 16:10:39 PM - INFO - [in this interval] adaptiveThresholdGamma is [54.64934703130585]
04/05/2022 16:10:39 PM - INFO - [in this interval] state is [State.INCREASE]
04/05/2022 16:10:39 PM - INFO - [in this interval] now real rate is [0.3754274028629857]mbps
04/05/2022 16:10:39 PM - INFO - [in this interval] now real rtt is [4140]
04/05/2022 16:10:39 PM - INFO - [in this interval] aimd control rate is [0.7518065635253156] mbps
04/05/2022 16:10:39 PM - INFO - [in this interval] delay-rate is [0.7518065635253156] mbps
04/05/2022 16:10:39 PM - INFO - average delay [1869.0]
04/05/2022 16:10:39 PM - INFO - average delay [1902.0]
04/05/2022 16:10:39 PM - INFO - average delay [1937.5]
04/05/2022 16:10:39 PM - INFO - average delay [1982.0]
04/05/2022 16:10:39 PM - INFO - nowTs is [45407], lastTs is [45174]
04/05/2022 16:10:39 PM - INFO - [in this interval] loss-ratio is [0.3]
04/05/2022 16:10:39 PM - INFO - [in this interval] group num is [6]
04/05/2022 16:10:39 PM - INFO - [in this interval] delayDelta from group is [[29, 47, 8, 12, 5]]
04/05/2022 16:10:39 PM - INFO - sample List of accDelay : [[-427.02360971252807, -433.82124874127527, -439.7391238671478, -442.865211480433, -444.1786903323897, -443.8608212991507, -435.17473916923564, -426.1572652523121, -418.74153872708087, -410.8673848543728, -402.3806463689356, -394.442581732042, -384.8983235588378, -373.308491202954, -362.67764208265856, -350.2098778743927, -334.2888900869534, -319.1600010782581, -304.3440009704323, -290.5096008733891]]
04/05/2022 16:10:39 PM - INFO - sample List of time: [[44155, 44201, 44223, 44260, 44312, 44362, 44480, 44599, 44641, 44681, 44703, 44747, 44765, 44809, 44869, 44933, 44972, 45049, 45082, 45109]]
04/05/2022 16:10:39 PM - INFO - update trend: [0.14651372923408953]
04/05/2022 16:10:39 PM - INFO - estimateQueueDelayDuration [35.163295016181486] = queueDelayDelta [0.5860549169363581] * numCount[1000]
04/05/2022 16:10:39 PM - INFO - [in this interval] signal is [Signal.NORMAL]
04/05/2022 16:10:39 PM - INFO - [in this interval] adaptiveThresholdGamma is [54.29859809503361]
04/05/2022 16:10:39 PM - INFO - [in this interval] state is [State.INCREASE]
04/05/2022 16:10:39 PM - INFO - [in this interval] now real rate is [0.39005273833671406]mbps
04/05/2022 16:10:39 PM - INFO - [in this interval] now real rtt is [4406]
04/05/2022 16:10:39 PM - INFO - [in this interval] aimd control rate is [0.7559832666560118] mbps
04/05/2022 16:10:39 PM - INFO - [in this interval] delay-rate is [0.7559832666560118] mbps
04/05/2022 16:10:39 PM - INFO - average delay [1995.6666666666665]
04/05/2022 16:10:39 PM - INFO - average delay [2013.5]
04/05/2022 16:10:39 PM - INFO - average delay [2034.0]
04/05/2022 16:10:39 PM - INFO - average delay [1985.125]
04/05/2022 16:10:39 PM - INFO - nowTs is [45652], lastTs is [45407]
04/05/2022 16:10:39 PM - INFO - [in this interval] loss-ratio is [0.42857142857142855]
04/05/2022 16:10:39 PM - INFO - [in this interval] group num is [13]
04/05/2022 16:10:39 PM - INFO - [in this interval] delayDelta from group is [[5, 29, -14, 2, -28, -12, -18, -25, -17, -18, -17, -20]]
04/05/2022 16:10:39 PM - INFO - sample List of accDelay : [[-384.8983235588378, -373.308491202954, -362.67764208265856, -350.2098778743927, -334.2888900869534, -319.1600010782581, -304.3440009704323, -290.5096008733891, -277.5586407860502, -263.0027767074452, -251.30249903670068, -240.57224913303062, -233.71502421972755, -228.7435217977548, -226.0691696179793, -226.16225265618135, -227.94602739056322, -231.35142465150687, -236.1162821863562, -242.40465396772058]]
04/05/2022 16:10:39 PM - INFO - sample List of time: [[44765, 44809, 44869, 44933, 44972, 45049, 45082, 45109, 45162, 45187, 45241, 45252, 45264, 45271, 45299, 45306, 45321, 45329, 45356, 45364]]
04/05/2022 16:10:39 PM - INFO - update trend: [0.2875848112064269]
04/05/2022 16:10:39 PM - INFO - estimateQueueDelayDuration [69.02035468954246] = queueDelayDelta [1.1503392448257077] * numCount[1000]
04/05/2022 16:10:39 PM - INFO - [in this interval] signal is [Signal.NORMAL]
04/05/2022 16:10:39 PM - INFO - [in this interval] adaptiveThresholdGamma is [69.02035468954246]
04/05/2022 16:10:39 PM - INFO - [in this interval] state is [State.INCREASE]
04/05/2022 16:10:39 PM - INFO - [in this interval] now real rate is [0.4944100418410042]mbps
04/05/2022 16:10:39 PM - INFO - [in this interval] now real rtt is [4156]
04/05/2022 16:10:39 PM - INFO - [in this interval] aimd control rate is [0.7601831736929896] mbps
04/05/2022 16:10:39 PM - INFO - [in this interval] delay-rate is [0.7601831736929896] mbps
04/05/2022 16:10:39 PM - INFO - average delay [1908.25]
04/05/2022 16:10:39 PM - INFO - average delay [1833.1666666666667]
04/05/2022 16:10:39 PM - INFO - average delay [1796.25]
04/05/2022 16:10:39 PM - INFO - average delay [1767.6666666666667]
04/05/2022 16:10:39 PM - INFO - nowTs is [45873], lastTs is [45652]
04/05/2022 16:10:39 PM - INFO - [in this interval] loss-ratio is [0.4827586206896552]
04/05/2022 16:10:39 PM - INFO - [in this interval] group num is [13]
04/05/2022 16:10:39 PM - INFO - [in this interval] delayDelta from group is [[-5, -38, -3, 0, -15, -3, -20, 6, -9, -25, -29, -15]]
04/05/2022 16:10:39 PM - INFO - sample List of accDelay : [[-233.71502421972755, -228.7435217977548, -226.0691696179793, -226.16225265618135, -227.94602739056322, -231.35142465150687, -236.1162821863562, -242.40465396772058, -248.5641885709485, -257.90776971385367, -266.6169927424683, -274.4552934682215, -283.0097641213993, -291.00878770925937, -300.20790893833345, -307.8871180445001, -315.6984062400501, -325.2285656160451, -336.7057090544406, -348.53513814899657]]
04/05/2022 16:10:39 PM - INFO - sample List of time: [[45264, 45271, 45299, 45306, 45321, 45329, 45356, 45364, 45391, 45406, 45413, 45425, 45445, 45465, 45477, 45497, 45518, 45539, 45559, 45580]]
04/05/2022 16:10:39 PM - INFO - update trend: [-0.40774206234705934]
04/05/2022 16:10:39 PM - INFO - estimateQueueDelayDuration [-97.85809496329423] = queueDelayDelta [-1.6309682493882374] * numCount[1000]
04/05/2022 16:10:39 PM - INFO - [in this interval] signal is [Signal.UNDER_USE]
04/05/2022 16:10:39 PM - INFO - [in this interval] adaptiveThresholdGamma is [69.02035468954246]
04/05/2022 16:10:39 PM - INFO - [in this interval] state is [State.HOLD]
04/05/2022 16:10:39 PM - INFO - [in this interval] now real rate is [0.637653767820774]mbps
04/05/2022 16:10:39 PM - INFO - [in this interval] now real rtt is [3808]
04/05/2022 16:10:39 PM - INFO - [in this interval] aimd control rate is [0.7601831736929896] mbps
04/05/2022 16:10:39 PM - INFO - [in this interval] delay-rate is [0.7601831736929896] mbps
04/05/2022 16:10:39 PM - INFO - average delay [1723.6666666666667]
04/05/2022 16:10:39 PM - INFO - average delay [1680.0]
04/05/2022 16:10:39 PM - INFO - average delay [1693.6666666666667]
04/05/2022 16:10:39 PM - INFO - average delay [1726.3333333333333]
04/05/2022 16:10:39 PM - INFO - nowTs is [46125], lastTs is [45873]
04/05/2022 16:10:39 PM - INFO - [in this interval] loss-ratio is [0.0]
04/05/2022 16:10:39 PM - INFO - [in this interval] group num is [9]
04/05/2022 16:10:39 PM - INFO - [in this interval] delayDelta from group is [[-14, -5, 23, 33, 14, 5, -6, -20]]
04/05/2022 16:10:39 PM - INFO - sample List of accDelay : [[-248.5641885709485, -257.90776971385367, -266.6169927424683, -274.4552934682215, -283.0097641213993, -291.00878770925937, -300.20790893833345, -307.8871180445001, -315.6984062400501, -325.2285656160451, -336.7057090544406, -348.53513814899657, -360.5816243340969, -371.9234619006872, -379.83111571061846, -383.64800413955663, -385.68320372560095, -387.01488335304083, -388.81339501773675, -392.4320555159631]]
04/05/2022 16:10:39 PM - INFO - sample List of time: [[45391, 45406, 45413, 45425, 45445, 45465, 45477, 45497, 45518, 45539, 45559, 45580, 45622, 45643, 45668, 45716, 45764, 45788, 45813, 45837]]
04/05/2022 16:10:39 PM - INFO - update trend: [-0.32638873092672593]
04/05/2022 16:10:39 PM - INFO - estimateQueueDelayDuration [-78.33329542241422] = queueDelayDelta [-1.3055549237069037] * numCount[1000]
04/05/2022 16:10:39 PM - INFO - [in this interval] signal is [Signal.UNDER_USE]
04/05/2022 16:10:39 PM - INFO - [in this interval] adaptiveThresholdGamma is [78.33329542241422]
04/05/2022 16:10:39 PM - INFO - [in this interval] state is [State.HOLD]
04/05/2022 16:10:39 PM - INFO - [in this interval] now real rate is [0.5711935483870968]mbps
04/05/2022 16:10:39 PM - INFO - [in this interval] now real rtt is [3842]
04/05/2022 16:10:39 PM - INFO - [in this interval] aimd control rate is [0.7601831736929896] mbps
04/05/2022 16:10:39 PM - INFO - [in this interval] delay-rate is [0.7601831736929896] mbps
04/05/2022 16:10:39 PM - INFO - average delay [1736.3333333333333]
04/05/2022 16:10:39 PM - INFO - average delay [1718.5]
04/05/2022 16:10:39 PM - INFO - average delay [1687.0]
04/05/2022 16:10:39 PM - INFO - average delay [1683.8]
04/05/2022 16:10:39 PM - INFO - nowTs is [46368], lastTs is [46125]
04/05/2022 16:10:39 PM - INFO - [in this interval] loss-ratio is [0.0]
04/05/2022 16:10:39 PM - INFO - [in this interval] group num is [14]
04/05/2022 16:10:39 PM - INFO - [in this interval] delayDelta from group is [[-10, 0, 0, -19, -1, -4, -13, 0, 4, 7, -5, 14, 0]]
04/05/2022 16:10:39 PM - INFO - sample List of accDelay : [[-371.9234619006872, -379.83111571061846, -383.64800413955663, -385.68320372560095, -387.01488335304083, -388.81339501773675, -392.4320555159631, -396.6888499643668, -400.51996496793015, -403.96796847113717, -408.97117162402344, -413.57405446162113, -418.116649015459, -423.5049841139131, -428.3544857025218, -432.3190371322696, -435.18713341904265, -438.2684200771384, -439.64157806942455, -440.8774202624821]]
04/05/2022 16:10:39 PM - INFO - sample List of time: [[45643, 45668, 45716, 45764, 45788, 45813, 45837, 45867, 45882, 45897, 45912, 45928, 45942, 45958, 45975, 45990, 46004, 46021, 46036, 46065]]
04/05/2022 16:10:39 PM - INFO - update trend: [-0.17725562113448637]
04/05/2022 16:10:39 PM - INFO - estimateQueueDelayDuration [-42.54134907227673] = queueDelayDelta [-0.7090224845379455] * numCount[1001]
04/05/2022 16:10:39 PM - INFO - [in this interval] signal is [Signal.NORMAL]
04/05/2022 16:10:39 PM - INFO - [in this interval] adaptiveThresholdGamma is [77.68904038811175]
04/05/2022 16:10:39 PM - INFO - [in this interval] state is [State.INCREASE]
04/05/2022 16:10:39 PM - INFO - [in this interval] now real rate is [0.5712]mbps
04/05/2022 16:10:39 PM - INFO - [in this interval] now real rtt is [3798]
04/05/2022 16:10:39 PM - INFO - [in this interval] aimd control rate is [0.7644064135468396] mbps
04/05/2022 16:10:39 PM - INFO - [in this interval] delay-rate is [0.7644064135468396] mbps
04/05/2022 16:10:39 PM - INFO - average delay [1690.4]
04/05/2022 16:10:39 PM - INFO - average delay [1685.0]
04/05/2022 16:10:39 PM - INFO - average delay [1682.25]
04/05/2022 16:10:39 PM - INFO - average delay [1662.2857142857142]
04/05/2022 16:10:39 PM - INFO - nowTs is [46613], lastTs is [46368]
04/05/2022 16:10:39 PM - INFO - [in this interval] loss-ratio is [0.0]
04/05/2022 16:10:39 PM - INFO - [in this interval] group num is [11]
04/05/2022 16:10:39 PM - INFO - [in this interval] delayDelta from group is [[-3, 1, -4, -12, -12, -17, -18, -12, -17, -26]]
04/05/2022 16:10:39 PM - INFO - sample List of accDelay : [[-408.97117162402344, -413.57405446162113, -418.116649015459, -423.5049841139131, -428.3544857025218, -432.3190371322696, -435.18713341904265, -438.2684200771384, -439.64157806942455, -440.8774202624821, -442.2896782362339, -443.46071041261047, -444.91463937134944, -447.4231754342145, -450.88085789079304, -455.69277210171373, -461.82349489154234, -468.5411454023881, -476.28703086214927, -485.85832777593436]]
04/05/2022 16:10:39 PM - INFO - sample List of time: [[45912, 45928, 45942, 45958, 45975, 45990, 46004, 46021, 46036, 46065, 46125, 46157, 46188, 46219, 46242, 46260, 46278, 46295, 46313, 46331]]
04/05/2022 16:10:39 PM - INFO - update trend: [-0.1309120991489849]
04/05/2022 16:10:39 PM - INFO - estimateQueueDelayDuration [-31.41890379575638] = queueDelayDelta [-0.5236483965959396] * numCount[1001]
04/05/2022 16:10:39 PM - INFO - [in this interval] signal is [Signal.NORMAL]
04/05/2022 16:10:39 PM - INFO - [in this interval] adaptiveThresholdGamma is [76.85617792944936]
04/05/2022 16:10:39 PM - INFO - [in this interval] state is [State.INCREASE]
04/05/2022 16:10:39 PM - INFO - [in this interval] now real rate is [0.6048852459016394]mbps
04/05/2022 16:10:39 PM - INFO - [in this interval] now real rtt is [3548]
04/05/2022 16:10:39 PM - INFO - [in this interval] aimd control rate is [0.768653115844322] mbps
04/05/2022 16:10:39 PM - INFO - [in this interval] delay-rate is [0.768653115844322] mbps
04/05/2022 16:10:39 PM - INFO - average delay [1605.7142857142858]
04/05/2022 16:10:39 PM - INFO - average delay [1557.6666666666667]
04/05/2022 16:10:39 PM - INFO - average delay [1531.2]
04/05/2022 16:10:39 PM - INFO - average delay [1547.0]
04/05/2022 16:10:39 PM - INFO - nowTs is [46847], lastTs is [46613]
04/05/2022 16:10:39 PM - INFO - [in this interval] loss-ratio is [0.058823529411764705]
04/05/2022 16:10:39 PM - INFO - [in this interval] group num is [10]
04/05/2022 16:10:39 PM - INFO - [in this interval] delayDelta from group is [[-12, -19, -15, -8, 6, 24, 4, -5, -15]]
04/05/2022 16:10:39 PM - INFO - sample List of accDelay : [[-440.8774202624821, -442.2896782362339, -443.46071041261047, -444.91463937134944, -447.4231754342145, -450.88085789079304, -455.69277210171373, -461.82349489154234, -468.5411454023881, -476.28703086214927, -485.85832777593436, -495.6724949983409, -506.4052454985068, -517.5647209486561, -528.4082488537905, -537.5674239684114, -543.4106815715703, -548.2696134144132, -553.1426520729719, -559.0283868656747]]
04/05/2022 16:10:39 PM - INFO - sample List of time: [[46065, 46125, 46157, 46188, 46219, 46242, 46260, 46278, 46295, 46313, 46331, 46349, 46367, 46388, 46408, 46430, 46456, 46495, 46534, 46554]]
04/05/2022 16:10:39 PM - INFO - update trend: [-0.30321985203689883]
04/05/2022 16:10:39 PM - INFO - estimateQueueDelayDuration [-72.77276448885571] = queueDelayDelta [-1.2128794081475953] * numCount[1000]
04/05/2022 16:10:39 PM - INFO - [in this interval] signal is [Signal.NORMAL]
04/05/2022 16:10:39 PM - INFO - [in this interval] adaptiveThresholdGamma is [76.78267648751867]
04/05/2022 16:10:39 PM - INFO - [in this interval] state is [State.INCREASE]
04/05/2022 16:10:39 PM - INFO - [in this interval] now real rate is [0.5403724696356276]mbps
04/05/2022 16:10:39 PM - INFO - [in this interval] now real rtt is [3486]
04/05/2022 16:10:39 PM - INFO - [in this interval] aimd control rate is [0.7729234109323461] mbps
04/05/2022 16:10:39 PM - INFO - [in this interval] delay-rate is [0.7729234109323461] mbps
04/05/2022 16:10:39 PM - INFO - average delay [1553.25]
04/05/2022 16:10:39 PM - INFO - average delay [1539.6666666666667]
04/05/2022 16:10:39 PM - INFO - average delay [1524.3333333333333]
04/05/2022 16:10:39 PM - INFO - average delay [1523.0]
04/05/2022 16:10:39 PM - INFO - nowTs is [47086], lastTs is [46847]
04/05/2022 16:10:39 PM - INFO - [in this interval] loss-ratio is [0.3888888888888889]
04/05/2022 16:10:39 PM - INFO - [in this interval] group num is [8]
04/05/2022 16:10:39 PM - INFO - [in this interval] delayDelta from group is [[-3, -14, 1, -4, -13, 5, -6]]
04/05/2022 16:10:39 PM - INFO - sample List of accDelay : [[-461.82349489154234, -468.5411454023881, -476.28703086214927, -485.85832777593436, -495.6724949983409, -506.4052454985068, -517.5647209486561, -528.4082488537905, -537.5674239684114, -543.4106815715703, -548.2696134144132, -553.1426520729719, -559.0283868656747, -564.6255481791072, -571.0629933611965, -576.7566940250769, -582.2810246225692, -588.5529221603124, -593.6976299442812, -598.9278669498531]]
04/05/2022 16:10:39 PM - INFO - sample List of time: [[46278, 46295, 46313, 46331, 46349, 46367, 46388, 46408, 46430, 46456, 46495, 46534, 46554, 46617, 46639, 46660, 46701, 46722, 46744, 46769]]
04/05/2022 16:10:39 PM - INFO - update trend: [-0.25757803773133003]
04/05/2022 16:10:39 PM - INFO - estimateQueueDelayDuration [-61.818729055519206] = queueDelayDelta [-1.0303121509253201] * numCount[1001]
04/05/2022 16:10:39 PM - INFO - [in this interval] signal is [Signal.NORMAL]
04/05/2022 16:10:39 PM - INFO - [in this interval] adaptiveThresholdGamma is [76.51332543374268]
04/05/2022 16:10:39 PM - INFO - [in this interval] state is [State.INCREASE]
04/05/2022 16:10:39 PM - INFO - [in this interval] now real rate is [0.497152]mbps
04/05/2022 16:10:39 PM - INFO - [in this interval] now real rtt is [3424]
04/05/2022 16:10:39 PM - INFO - [in this interval] aimd control rate is [0.7772174298819702] mbps
04/05/2022 16:10:39 PM - INFO - [in this interval] delay-rate is [0.7772174298819702] mbps
04/05/2022 16:10:39 PM - INFO - average delay [1508.3333333333333]
04/05/2022 16:10:39 PM - INFO - average delay [1513.0]
04/05/2022 16:10:39 PM - INFO - average delay [1537.6666666666667]
04/05/2022 16:10:39 PM - INFO - average delay [1569.0]
04/05/2022 16:10:39 PM - INFO - nowTs is [47323], lastTs is [47086]
04/05/2022 16:10:39 PM - INFO - [in this interval] loss-ratio is [0.0]
04/05/2022 16:10:39 PM - INFO - [in this interval] group num is [4]
04/05/2022 16:10:39 PM - INFO - [in this interval] delayDelta from group is [[37, 25, 25]]
04/05/2022 16:10:39 PM - INFO - sample List of accDelay : [[-485.85832777593436, -495.6724949983409, -506.4052454985068, -517.5647209486561, -528.4082488537905, -537.5674239684114, -543.4106815715703, -548.2696134144132, -553.1426520729719, -559.0283868656747, -564.6255481791072, -571.0629933611965, -576.7566940250769, -582.2810246225692, -588.5529221603124, -593.6976299442812, -598.9278669498531, -599.9350802548678, -598.341572229381, -594.4074150064429]]
04/05/2022 16:10:39 PM - INFO - sample List of time: [[46331, 46349, 46367, 46388, 46408, 46430, 46456, 46495, 46534, 46554, 46617, 46639, 46660, 46701, 46722, 46744, 46769, 46858, 46935, 46985]]
04/05/2022 16:10:39 PM - INFO - update trend: [-0.1697243553222064]
04/05/2022 16:10:39 PM - INFO - estimateQueueDelayDuration [-40.733845277329536] = queueDelayDelta [-0.6788974212888256] * numCount[1000]
04/05/2022 16:10:39 PM - INFO - [in this interval] signal is [Signal.NORMAL]
04/05/2022 16:10:39 PM - INFO - [in this interval] adaptiveThresholdGamma is [75.86929479092724]
04/05/2022 16:10:39 PM - INFO - [in this interval] state is [State.INCREASE]
04/05/2022 16:10:39 PM - INFO - [in this interval] now real rate is [0.43016129032258066]mbps
04/05/2022 16:10:39 PM - INFO - [in this interval] now real rtt is [3618]
04/05/2022 16:10:39 PM - INFO - [in this interval] aimd control rate is [0.7815353044924255] mbps
04/05/2022 16:10:39 PM - INFO - [in this interval] delay-rate is [0.7815353044924255] mbps
04/05/2022 16:10:39 PM - INFO - average delay [1592.6666666666667]
04/05/2022 16:10:39 PM - INFO - average delay [1615.6666666666667]
04/05/2022 16:10:39 PM - INFO - average delay [1647.25]
04/05/2022 16:10:39 PM - INFO - average delay [1678.25]
04/05/2022 16:10:39 PM - INFO - nowTs is [47574], lastTs is [47323]
04/05/2022 16:10:39 PM - INFO - [in this interval] loss-ratio is [0.0625]
04/05/2022 16:10:39 PM - INFO - [in this interval] group num is [10]
04/05/2022 16:10:39 PM - INFO - [in this interval] delayDelta from group is [[7, 19, 33, 17, 9, -3, 7, 2, -4]]
04/05/2022 16:10:39 PM - INFO - sample List of accDelay : [[-559.0283868656747, -564.6255481791072, -571.0629933611965, -576.7566940250769, -582.2810246225692, -588.5529221603124, -593.6976299442812, -598.9278669498531, -599.9350802548678, -598.341572229381, -594.4074150064429, -590.1666735057986, -584.4500061552187, -576.0050055396969, -566.7045049857271, -557.4340544871544, -549.390649038439, -541.4515841345951, -534.1064257211356, -527.895783149022]]
04/05/2022 16:10:39 PM - INFO - sample List of time: [[46554, 46617, 46639, 46660, 46701, 46722, 46744, 46769, 46858, 46935, 46985, 47089, 47106, 47145, 47193, 47225, 47244, 47256, 47273, 47285]]
04/05/2022 16:10:39 PM - INFO - update trend: [0.043160077770764756]
04/05/2022 16:10:39 PM - INFO - estimateQueueDelayDuration [10.35841866498354] = queueDelayDelta [0.17264031108305902] * numCount[1001]
04/05/2022 16:10:39 PM - INFO - [in this interval] signal is [Signal.NORMAL]
04/05/2022 16:10:39 PM - INFO - [in this interval] adaptiveThresholdGamma is [74.69009902066026]
04/05/2022 16:10:39 PM - INFO - [in this interval] state is [State.INCREASE]
04/05/2022 16:10:39 PM - INFO - [in this interval] now real rate is [0.48337704918032787]mbps
04/05/2022 16:10:39 PM - INFO - [in this interval] now real rtt is [3810]
04/05/2022 16:10:39 PM - INFO - [in this interval] aimd control rate is [0.7858771672951612] mbps
04/05/2022 16:10:39 PM - INFO - [in this interval] delay-rate is [0.7858771672951612] mbps
04/05/2022 16:10:39 PM - INFO - average delay [1704.8]
04/05/2022 16:10:39 PM - INFO - average delay [1691.6666666666667]
04/05/2022 16:10:39 PM - INFO - average delay [1679.75]
04/05/2022 16:10:39 PM - INFO - average delay [1677.6]
04/05/2022 16:10:39 PM - INFO - nowTs is [47808], lastTs is [47574]
04/05/2022 16:10:39 PM - INFO - [in this interval] loss-ratio is [0.4]
04/05/2022 16:10:39 PM - INFO - [in this interval] group num is [10]
04/05/2022 16:10:39 PM - INFO - [in this interval] delayDelta from group is [[-8, 7, -14, -8, 7, 8, -10, -4, 3]]
04/05/2022 16:10:39 PM - INFO - sample List of accDelay : [[-598.341572229381, -594.4074150064429, -590.1666735057986, -584.4500061552187, -576.0050055396969, -566.7045049857271, -557.4340544871544, -549.390649038439, -541.4515841345951, -534.1064257211356, -527.895783149022, -523.1062048341198, -518.0955843507078, -514.986025915637, -512.9874233240733, -510.48868099166606, -507.43981289249945, -505.69583160324953, -504.52624844292455, -503.17362359863205]]
04/05/2022 16:10:39 PM - INFO - sample List of time: [[46935, 46985, 47089, 47106, 47145, 47193, 47225, 47244, 47256, 47273, 47285, 47334, 47346, 47363, 47379, 47411, 47448, 47466, 47481, 47512]]
04/05/2022 16:10:39 PM - INFO - update trend: [0.20040844393515858]
04/05/2022 16:10:39 PM - INFO - estimateQueueDelayDuration [48.098026544438056] = queueDelayDelta [0.8016337757406343] * numCount[1000]
04/05/2022 16:10:39 PM - INFO - [in this interval] signal is [Signal.NORMAL]
04/05/2022 16:10:39 PM - INFO - [in this interval] adaptiveThresholdGamma is [74.21144171608826]
04/05/2022 16:10:39 PM - INFO - [in this interval] state is [State.INCREASE]
04/05/2022 16:10:39 PM - INFO - [in this interval] now real rate is [0.5376824742268043]mbps
04/05/2022 16:10:39 PM - INFO - [in this interval] now real rtt is [3758]
04/05/2022 16:10:39 PM - INFO - [in this interval] aimd control rate is [0.7902431515579121] mbps
04/05/2022 16:10:39 PM - INFO - [in this interval] delay-rate is [0.7902431515579121] mbps
04/05/2022 16:10:39 PM - INFO - average delay [1675.0]
04/05/2022 16:10:39 PM - INFO - average delay [1656.5]
04/05/2022 16:10:39 PM - INFO - average delay [1651.2]
04/05/2022 16:10:39 PM - INFO - average delay [1633.0]
04/05/2022 16:10:39 PM - INFO - nowTs is [48046], lastTs is [47808]
04/05/2022 16:10:39 PM - INFO - [in this interval] loss-ratio is [0.10526315789473684]
04/05/2022 16:10:39 PM - INFO - [in this interval] group num is [9]
04/05/2022 16:10:39 PM - INFO - [in this interval] delayDelta from group is [[-5, -4, -2, -9, -9, -4, -7, -17]]
04/05/2022 16:10:39 PM - INFO - sample List of accDelay : [[-541.4515841345951, -534.1064257211356, -527.895783149022, -523.1062048341198, -518.0955843507078, -514.986025915637, -512.9874233240733, -510.48868099166606, -507.43981289249945, -505.69583160324953, -504.52624844292455, -503.17362359863205, -502.45626123876883, -502.21063511489194, -502.1895716034027, -503.0706144430624, -504.7635529987562, -506.6871976988806, -509.1184779289925, -513.0066301360932]]
04/05/2022 16:10:39 PM - INFO - sample List of time: [[47256, 47273, 47285, 47334, 47346, 47363, 47379, 47411, 47448, 47466, 47481, 47512, 47565, 47595, 47626, 47654, 47680, 47706, 47732, 47760]]
04/05/2022 16:10:39 PM - INFO - update trend: [0.050201751316492654]
04/05/2022 16:10:39 PM - INFO - estimateQueueDelayDuration [12.048420315958237] = queueDelayDelta [0.20080700526597062] * numCount[1000]
04/05/2022 16:10:39 PM - INFO - [in this interval] signal is [Signal.NORMAL]
04/05/2022 16:10:39 PM - INFO - [in this interval] adaptiveThresholdGamma is [73.09250733088592]
04/05/2022 16:10:39 PM - INFO - [in this interval] state is [State.INCREASE]
04/05/2022 16:10:39 PM - INFO - [in this interval] now real rate is [0.55]mbps
04/05/2022 16:10:39 PM - INFO - [in this interval] now real rtt is [3614]
04/05/2022 16:10:39 PM - INFO - [in this interval] aimd control rate is [0.7946333912887894] mbps
04/05/2022 16:10:39 PM - INFO - [in this interval] delay-rate is [0.7946333912887894] mbps
04/05/2022 16:10:39 PM - INFO - average delay [1620.0]
04/05/2022 16:10:39 PM - INFO - average delay [1605.0]
04/05/2022 16:10:39 PM - INFO - average delay [1581.6666666666667]
04/05/2022 16:10:39 PM - INFO - average delay [1547.5]
04/05/2022 16:10:39 PM - INFO - nowTs is [48288], lastTs is [48046]
04/05/2022 16:10:39 PM - INFO - [in this interval] loss-ratio is [0.0]
04/05/2022 16:10:39 PM - INFO - [in this interval] group num is [11]
04/05/2022 16:10:39 PM - INFO - [in this interval] delayDelta from group is [[-4, -9, -13, -9, -13, -13, -7, -13, -13, -7]]
04/05/2022 16:10:39 PM - INFO - sample List of accDelay : [[-504.52624844292455, -503.17362359863205, -502.45626123876883, -502.21063511489194, -502.1895716034027, -503.0706144430624, -504.7635529987562, -506.6871976988806, -509.1184779289925, -513.0066301360932, -516.9059671224838, -521.3153704102355, -526.5838333692119, -532.2254500322907, -538.6029050290616, -545.6426145261555, -552.6783530735399, -560.310517766186, -568.4794659895674, -576.5315193906107]]
04/05/2022 16:10:39 PM - INFO - sample List of time: [[47481, 47512, 47565, 47595, 47626, 47654, 47680, 47706, 47732, 47760, 47786, 47812, 47838, 47860, 47881, 47903, 47925, 47948, 47970, 47992]]
04/05/2022 16:10:39 PM - INFO - update trend: [-0.14177496887557453]
04/05/2022 16:10:39 PM - INFO - estimateQueueDelayDuration [-34.025992530137884] = queueDelayDelta [-0.5670998755022981] * numCount[1000]
04/05/2022 16:10:39 PM - INFO - [in this interval] signal is [Signal.NORMAL]
04/05/2022 16:10:39 PM - INFO - [in this interval] adaptiveThresholdGamma is [72.38931006447245]
04/05/2022 16:10:39 PM - INFO - [in this interval] state is [State.INCREASE]
04/05/2022 16:10:39 PM - INFO - [in this interval] now real rate is [0.6323333333333334]mbps
04/05/2022 16:10:39 PM - INFO - [in this interval] now real rtt is [3428]
04/05/2022 16:10:39 PM - INFO - [in this interval] aimd control rate is [0.7990480212403939] mbps
04/05/2022 16:10:39 PM - INFO - [in this interval] delay-rate is [0.7990480212403939] mbps
04/05/2022 16:10:39 PM - INFO - average delay [1520.0]
04/05/2022 16:10:39 PM - INFO - average delay [1496.75]
04/05/2022 16:10:39 PM - INFO - average delay [1495.5]
04/05/2022 16:10:39 PM - INFO - average delay [1494.5]
04/05/2022 16:10:39 PM - INFO - nowTs is [48513], lastTs is [48288]
04/05/2022 16:10:39 PM - INFO - [in this interval] loss-ratio is [0.0]
04/05/2022 16:10:39 PM - INFO - [in this interval] group num is [7]
04/05/2022 16:10:39 PM - INFO - [in this interval] delayDelta from group is [[-2, 2, -2, -1, 6, -1]]
04/05/2022 16:10:39 PM - INFO - sample List of accDelay : [[-504.7635529987562, -506.6871976988806, -509.1184779289925, -513.0066301360932, -516.9059671224838, -521.3153704102355, -526.5838333692119, -532.2254500322907, -538.6029050290616, -545.6426145261555, -552.6783530735399, -560.310517766186, -568.4794659895674, -576.5315193906107, -583.9783674515496, -590.4805307063947, -596.5324776357553, -602.0792298721797, -606.4713068849618, -610.5241761964655]]
04/05/2022 16:10:39 PM - INFO - sample List of time: [[47680, 47706, 47732, 47760, 47786, 47812, 47838, 47860, 47881, 47903, 47925, 47948, 47970, 47992, 48038, 48071, 48103, 48136, 48170, 48206]]
04/05/2022 16:10:39 PM - INFO - update trend: [-0.22912612984832487]
04/05/2022 16:10:39 PM - INFO - estimateQueueDelayDuration [-54.99027116359797] = queueDelayDelta [-0.9165045193932995] * numCount[1000]
04/05/2022 16:10:39 PM - INFO - [in this interval] signal is [Signal.NORMAL]
04/05/2022 16:10:39 PM - INFO - [in this interval] adaptiveThresholdGamma is [72.0761273642567]
04/05/2022 16:10:39 PM - INFO - [in this interval] state is [State.INCREASE]
04/05/2022 16:10:39 PM - INFO - [in this interval] now real rate is [0.6318056680161943]mbps
04/05/2022 16:10:39 PM - INFO - [in this interval] now real rtt is [3408]
04/05/2022 16:10:39 PM - INFO - [in this interval] aimd control rate is [0.8034871769139517] mbps
04/05/2022 16:10:39 PM - INFO - [in this interval] delay-rate is [0.8034871769139517] mbps
04/05/2022 16:10:39 PM - INFO - average delay [1498.25]
04/05/2022 16:10:39 PM - INFO - average delay [1512.5]
04/05/2022 16:10:39 PM - INFO - average delay [1546.0]
04/05/2022 16:10:39 PM - INFO - average delay [1574.3333333333333]
04/05/2022 16:10:39 PM - INFO - nowTs is [48764], lastTs is [48513]
04/05/2022 16:10:39 PM - INFO - [in this interval] loss-ratio is [0.0]
04/05/2022 16:10:39 PM - INFO - [in this interval] group num is [5]
04/05/2022 16:10:39 PM - INFO - [in this interval] delayDelta from group is [[27, 8, 55, 6]]
04/05/2022 16:10:39 PM - INFO - sample List of accDelay : [[-516.9059671224838, -521.3153704102355, -526.5838333692119, -532.2254500322907, -538.6029050290616, -545.6426145261555, -552.6783530735399, -560.310517766186, -568.4794659895674, -576.5315193906107, -583.9783674515496, -590.4805307063947, -596.5324776357553, -602.0792298721797, -606.4713068849618, -610.5241761964655, -611.471758576819, -611.524582719137, -606.0721244472234, -600.564912002501]]
04/05/2022 16:10:39 PM - INFO - sample List of time: [[47786, 47812, 47838, 47860, 47881, 47903, 47925, 47948, 47970, 47992, 48038, 48071, 48103, 48136, 48170, 48206, 48295, 48352, 48375, 48455]]
04/05/2022 16:10:39 PM - INFO - update trend: [-0.15117047062801445]
04/05/2022 16:10:39 PM - INFO - estimateQueueDelayDuration [-36.28091295072347] = queueDelayDelta [-0.6046818825120578] * numCount[1000]
04/05/2022 16:10:39 PM - INFO - [in this interval] signal is [Signal.NORMAL]
04/05/2022 16:10:39 PM - INFO - [in this interval] adaptiveThresholdGamma is [71.4318135048131]
04/05/2022 16:10:39 PM - INFO - [in this interval] state is [State.INCREASE]
04/05/2022 16:10:39 PM - INFO - [in this interval] now real rate is [0.4890100200400802]mbps
04/05/2022 16:10:39 PM - INFO - [in this interval] now real rtt is [3640]
04/05/2022 16:10:39 PM - INFO - [in this interval] aimd control rate is [0.8079509945634736] mbps
04/05/2022 16:10:39 PM - INFO - [in this interval] delay-rate is [0.8079509945634736] mbps
04/05/2022 16:10:39 PM - INFO - average delay [1613.6666666666667]
04/05/2022 16:10:39 PM - INFO - average delay [1628.75]
04/05/2022 16:10:39 PM - INFO - average delay [1629.75]
04/05/2022 16:10:39 PM - INFO - average delay [1607.75]
04/05/2022 16:10:39 PM - INFO - nowTs is [49009], lastTs is [48764]
04/05/2022 16:10:39 PM - INFO - [in this interval] loss-ratio is [0.4166666666666667]
04/05/2022 16:10:39 PM - INFO - [in this interval] group num is [12]
04/05/2022 16:10:39 PM - INFO - [in this interval] delayDelta from group is [[0, -5, -12, -2, -19, 6, -8, -12, -18, -17, -13]]
04/05/2022 16:10:39 PM - INFO - sample List of accDelay : [[-590.4805307063947, -596.5324776357553, -602.0792298721797, -606.4713068849618, -610.5241761964655, -611.471758576819, -611.524582719137, -606.0721244472234, -600.564912002501, -595.608420802251, -591.647578722026, -589.2828208498233, -587.354538764841, -587.5190848883569, -587.0671763995213, -587.4604587595692, -589.0144128836122, -592.212971595251, -596.7916744357259, -602.2125069921533]]
04/05/2022 16:10:39 PM - INFO - sample List of time: [[48071, 48103, 48136, 48170, 48206, 48295, 48352, 48375, 48455, 48546, 48561, 48581, 48599, 48617, 48633, 48649, 48666, 48684, 48701, 48719]]
04/05/2022 16:10:39 PM - INFO - update trend: [0.02049937129299378]
04/05/2022 16:10:39 PM - INFO - estimateQueueDelayDuration [4.919849110318507] = queueDelayDelta [0.08199748517197512] * numCount[1001]
04/05/2022 16:10:39 PM - INFO - [in this interval] signal is [Signal.NORMAL]
04/05/2022 16:10:39 PM - INFO - [in this interval] adaptiveThresholdGamma is [70.2345981457122]
04/05/2022 16:10:39 PM - INFO - [in this interval] state is [State.INCREASE]
04/05/2022 16:10:39 PM - INFO - [in this interval] now real rate is [0.49435483870967745]mbps
04/05/2022 16:10:39 PM - INFO - [in this interval] now real rtt is [3480]
04/05/2022 16:10:39 PM - INFO - [in this interval] aimd control rate is [0.8124396111999375] mbps
04/05/2022 16:10:39 PM - INFO - [in this interval] delay-rate is [0.8124396111999375] mbps
04/05/2022 16:10:39 PM - INFO - average delay [1562.75]
04/05/2022 16:10:39 PM - INFO - average delay [1547.6666666666667]
04/05/2022 16:10:39 PM - INFO - average delay [1546.5]
04/05/2022 16:10:39 PM - INFO - average delay [1569.0]
04/05/2022 16:10:39 PM - INFO - nowTs is [49234], lastTs is [49009]
04/05/2022 16:10:39 PM - INFO - [in this interval] loss-ratio is [0.0]
04/05/2022 16:10:39 PM - INFO - [in this interval] group num is [6]
04/05/2022 16:10:39 PM - INFO - [in this interval] delayDelta from group is [[0, 0, 16, 27, 0]]
04/05/2022 16:10:39 PM - INFO - sample List of accDelay : [[-611.471758576819, -611.524582719137, -606.0721244472234, -600.564912002501, -595.608420802251, -591.647578722026, -589.2828208498233, -587.354538764841, -587.5190848883569, -587.0671763995213, -587.4604587595692, -589.0144128836122, -592.212971595251, -596.7916744357259, -602.2125069921533, -607.091256292938, -611.4821306636443, -613.8339175972799, -613.2505258375519, -612.7254732537966]]
04/05/2022 16:10:39 PM - INFO - sample List of time: [[48295, 48352, 48375, 48455, 48546, 48561, 48581, 48599, 48617, 48633, 48649, 48666, 48684, 48701, 48719, 48753, 48788, 48823, 48869, 48931]]
04/05/2022 16:10:39 PM - INFO - update trend: [-0.008394727156143445]
04/05/2022 16:10:39 PM - INFO - estimateQueueDelayDuration [-2.0147345174744267] = queueDelayDelta [-0.03357890862457378] * numCount[1000]
04/05/2022 16:10:39 PM - INFO - [in this interval] signal is [Signal.NORMAL]
04/05/2022 16:10:39 PM - INFO - [in this interval] adaptiveThresholdGamma is [69.00664060040391]
04/05/2022 16:10:39 PM - INFO - [in this interval] state is [State.INCREASE]
04/05/2022 16:10:39 PM - INFO - [in this interval] now real rate is [0.5334590163934426]mbps
04/05/2022 16:10:39 PM - INFO - [in this interval] now real rtt is [3590]
04/05/2022 16:10:39 PM - INFO - [in this interval] aimd control rate is [0.8169531645954926] mbps
04/05/2022 16:10:39 PM - INFO - [in this interval] delay-rate is [0.8169531645954926] mbps
04/05/2022 16:10:39 PM - INFO - average delay [1595.0]
04/05/2022 16:10:39 PM - INFO - average delay [1622.5]
04/05/2022 16:10:39 PM - INFO - average delay [1641.5]
04/05/2022 16:10:39 PM - INFO - average delay [1639.0]
04/05/2022 16:10:39 PM - INFO - nowTs is [49482], lastTs is [49234]
04/05/2022 16:10:39 PM - INFO - [in this interval] loss-ratio is [0.13333333333333333]
04/05/2022 16:10:39 PM - INFO - [in this interval] group num is [8]
04/05/2022 16:10:39 PM - INFO - [in this interval] delayDelta from group is [[30, -3, -3, 1, -3, -10, 6]]
04/05/2022 16:10:39 PM - INFO - sample List of accDelay : [[-587.354538764841, -587.5190848883569, -587.0671763995213, -587.4604587595692, -589.0144128836122, -592.212971595251, -596.7916744357259, -602.2125069921533, -607.091256292938, -611.4821306636443, -613.8339175972799, -613.2505258375519, -612.7254732537966, -609.252925928417, -606.4276333355754, -604.1848700020179, -602.066383001816, -600.4597447016345, -600.0137702314711, -599.0123932083239]]
04/05/2022 16:10:39 PM - INFO - sample List of time: [[48599, 48617, 48633, 48649, 48666, 48684, 48701, 48719, 48753, 48788, 48823, 48869, 48931, 48991, 49051, 49083, 49115, 49146, 49178, 49193]]
04/05/2022 16:10:39 PM - INFO - update trend: [-0.022196283387592733]
04/05/2022 16:10:39 PM - INFO - estimateQueueDelayDuration [-5.327108013022256] = queueDelayDelta [-0.08878513355037093] * numCount[1001]
04/05/2022 16:10:39 PM - INFO - [in this interval] signal is [Signal.NORMAL]
04/05/2022 16:10:39 PM - INFO - [in this interval] adaptiveThresholdGamma is [67.86040901383105]
04/05/2022 16:10:39 PM - INFO - [in this interval] state is [State.INCREASE]
04/05/2022 16:10:39 PM - INFO - [in this interval] now real rate is [0.5006367346938775]mbps
04/05/2022 16:10:39 PM - INFO - [in this interval] now real rtt is [3676]
04/05/2022 16:10:39 PM - INFO - [in this interval] aimd control rate is [0.8214917932876898] mbps
04/05/2022 16:10:39 PM - INFO - [in this interval] delay-rate is [0.8214917932876898] mbps
04/05/2022 16:10:39 PM - INFO - average delay [1635.75]
04/05/2022 16:10:39 PM - INFO - average delay [1620.75]
04/05/2022 16:10:39 PM - INFO - average delay [1614.25]
04/05/2022 16:10:39 PM - INFO - average delay [1629.0]
04/05/2022 16:10:39 PM - INFO - nowTs is [49714], lastTs is [49482]
04/05/2022 16:10:39 PM - INFO - [in this interval] loss-ratio is [0.2777777777777778]
04/05/2022 16:10:39 PM - INFO - [in this interval] group num is [9]
04/05/2022 16:10:39 PM - INFO - [in this interval] delayDelta from group is [[-5, 9, -16, 16, 0, 10, -3, 10]]
04/05/2022 16:10:39 PM - INFO - sample List of accDelay : [[-607.091256292938, -611.4821306636443, -613.8339175972799, -613.2505258375519, -612.7254732537966, -609.252925928417, -606.4276333355754, -604.1848700020179, -602.066383001816, -600.4597447016345, -600.0137702314711, -599.0123932083239, -598.6111538874916, -597.3500384987425, -597.8150346488683, -596.6335311839815, -595.5701780655834, -593.6131602590251, -592.1518442331226, -589.8366598098103]]
04/05/2022 16:10:39 PM - INFO - sample List of time: [[48753, 48788, 48823, 48869, 48931, 48991, 49051, 49083, 49115, 49146, 49178, 49193, 49225, 49240, 49259, 49278, 49334, 49349, 49369, 49406]]
04/05/2022 16:10:39 PM - INFO - update trend: [0.0343512628467246]
04/05/2022 16:10:39 PM - INFO - estimateQueueDelayDuration [8.244303083213904] = queueDelayDelta [0.1374050513868984] * numCount[1001]
04/05/2022 16:10:39 PM - INFO - [in this interval] signal is [Signal.NORMAL]
04/05/2022 16:10:39 PM - INFO - [in this interval] adaptiveThresholdGamma is [66.78731910707994]
04/05/2022 16:10:39 PM - INFO - [in this interval] state is [State.INCREASE]
04/05/2022 16:10:39 PM - INFO - [in this interval] now real rate is [0.531]mbps
04/05/2022 16:10:39 PM - INFO - [in this interval] now real rtt is [3690]
04/05/2022 16:10:39 PM - INFO - [in this interval] aimd control rate is [0.8260556365837326] mbps
04/05/2022 16:10:39 PM - INFO - [in this interval] delay-rate is [0.8260556365837326] mbps
04/05/2022 16:10:39 PM - INFO - average delay [1633.25]
04/05/2022 16:10:39 PM - INFO - average delay [1652.5]
04/05/2022 16:10:39 PM - INFO - average delay [1678.5]
04/05/2022 16:10:39 PM - INFO - average delay [1709.5]
04/05/2022 16:10:39 PM - INFO - nowTs is [49953], lastTs is [49714]
04/05/2022 16:10:39 PM - INFO - [in this interval] loss-ratio is [0.1111111111111111]
04/05/2022 16:10:39 PM - INFO - [in this interval] group num is [4]
04/05/2022 16:10:39 PM - INFO - [in this interval] delayDelta from group is [[26, 31, 22]]
04/05/2022 16:10:39 PM - INFO - sample List of accDelay : [[-613.2505258375519, -612.7254732537966, -609.252925928417, -606.4276333355754, -604.1848700020179, -602.066383001816, -600.4597447016345, -600.0137702314711, -599.0123932083239, -598.6111538874916, -597.3500384987425, -597.8150346488683, -596.6335311839815, -595.5701780655834, -593.6131602590251, -592.1518442331226, -589.8366598098103, -585.1529938288293, -577.8376944459465, -569.0539250013518]]
04/05/2022 16:10:39 PM - INFO - sample List of time: [[48869, 48931, 48991, 49051, 49083, 49115, 49146, 49178, 49193, 49225, 49240, 49259, 49278, 49334, 49349, 49369, 49406, 49501, 49562, 49623]]
04/05/2022 16:10:39 PM - INFO - update trend: [0.05238866334983149]
04/05/2022 16:10:39 PM - INFO - estimateQueueDelayDuration [12.573279203959558] = queueDelayDelta [0.20955465339932597] * numCount[1000]
04/05/2022 16:10:39 PM - INFO - [in this interval] signal is [Signal.NORMAL]
04/05/2022 16:10:39 PM - INFO - [in this interval] adaptiveThresholdGamma is [65.81146638882377]
04/05/2022 16:10:39 PM - INFO - [in this interval] state is [State.INCREASE]
04/05/2022 16:10:39 PM - INFO - [in this interval] now real rate is [0.43625462012320326]mbps
04/05/2022 16:10:39 PM - INFO - [in this interval] now real rtt is [3888]
04/05/2022 16:10:39 PM - INFO - [in this interval] aimd control rate is [0.8306448345647534] mbps
04/05/2022 16:10:39 PM - INFO - [in this interval] delay-rate is [0.8306448345647534] mbps
04/05/2022 16:10:39 PM - INFO - average delay [1729.6666666666667]
04/05/2022 16:10:39 PM - INFO - average delay [1753.3333333333333]
04/05/2022 16:10:39 PM - INFO - average delay [1773.6666666666667]
04/05/2022 16:10:39 PM - INFO - average delay [1798.3333333333333]
04/05/2022 16:10:39 PM - INFO - nowTs is [50214], lastTs is [49953]
04/05/2022 16:10:39 PM - INFO - [in this interval] loss-ratio is [0.0]
04/05/2022 16:10:39 PM - INFO - [in this interval] group num is [6]
04/05/2022 16:10:39 PM - INFO - [in this interval] delayDelta from group is [[22, 17, 7, 12, -8]]
04/05/2022 16:10:39 PM - INFO - sample List of accDelay : [[-602.066383001816, -600.4597447016345, -600.0137702314711, -599.0123932083239, -598.6111538874916, -597.3500384987425, -597.8150346488683, -596.6335311839815, -595.5701780655834, -593.6131602590251, -592.1518442331226, -589.8366598098103, -585.1529938288293, -577.8376944459465, -569.0539250013518, -558.9485325012166, -548.153679251095, -537.7383113259855, -527.1644801933869, -518.4480321740482]]
04/05/2022 16:10:39 PM - INFO - sample List of time: [[49115, 49146, 49178, 49193, 49225, 49240, 49259, 49278, 49334, 49349, 49369, 49406, 49501, 49562, 49623, 49731, 49783, 49835, 49877, 49919]]
04/05/2022 16:10:39 PM - INFO - update trend: [0.09735912706523757]
04/05/2022 16:10:39 PM - INFO - estimateQueueDelayDuration [23.366190495657015] = queueDelayDelta [0.3894365082609503] * numCount[1001]
04/05/2022 16:10:39 PM - INFO - [in this interval] signal is [Signal.NORMAL]
04/05/2022 16:10:39 PM - INFO - [in this interval] adaptiveThresholdGamma is [65.04745142274678]
04/05/2022 16:10:39 PM - INFO - [in this interval] state is [State.INCREASE]
04/05/2022 16:10:39 PM - INFO - [in this interval] now real rate is [0.388384]mbps
04/05/2022 16:10:39 PM - INFO - [in this interval] now real rtt is [4020]
04/05/2022 16:10:39 PM - INFO - [in this interval] aimd control rate is [0.8352595280901131] mbps
04/05/2022 16:10:39 PM - INFO - [in this interval] delay-rate is [0.8352595280901131] mbps
04/05/2022 16:10:39 PM - INFO - average delay [1810.0]
04/05/2022 16:10:39 PM - INFO - average delay [1822.5]
04/05/2022 16:10:39 PM - INFO - average delay [1837.3333333333333]
04/05/2022 16:10:39 PM - INFO - average delay [1843.6666666666667]
04/05/2022 16:10:39 PM - INFO - nowTs is [50442], lastTs is [50214]
04/05/2022 16:10:39 PM - INFO - [in this interval] loss-ratio is [0.0]
04/05/2022 16:10:39 PM - INFO - [in this interval] group num is [6]
04/05/2022 16:10:39 PM - INFO - [in this interval] delayDelta from group is [[7, 13, 5, 6, 10]]
04/05/2022 16:10:39 PM - INFO - sample List of accDelay : [[-597.3500384987425, -597.8150346488683, -596.6335311839815, -595.5701780655834, -593.6131602590251, -592.1518442331226, -589.8366598098103, -585.1529938288293, -577.8376944459465, -569.0539250013518, -558.9485325012166, -548.153679251095, -537.7383113259855, -527.1644801933869, -518.4480321740482, -509.9032289566434, -500.912906060979, -492.3216154548811, -483.989453909393, -475.4905085184537]]
04/05/2022 16:10:39 PM - INFO - sample List of time: [[49240, 49259, 49278, 49334, 49349, 49369, 49406, 49501, 49562, 49623, 49731, 49783, 49835, 49877, 49919, 49963, 50005, 50048, 50088, 50129]]
04/05/2022 16:10:39 PM - INFO - update trend: [0.13688181811320027]
04/05/2022 16:10:39 PM - INFO - estimateQueueDelayDuration [32.85163634716807] = queueDelayDelta [0.5475272724528011] * numCount[1000]
04/05/2022 16:10:39 PM - INFO - [in this interval] signal is [Signal.NORMAL]
04/05/2022 16:10:39 PM - INFO - [in this interval] adaptiveThresholdGamma is [64.46792675138636]
04/05/2022 16:10:39 PM - INFO - [in this interval] state is [State.INCREASE]
04/05/2022 16:10:39 PM - INFO - [in this interval] now real rate is [0.48111247443762784]mbps
04/05/2022 16:10:39 PM - INFO - [in this interval] now real rtt is [4136]
04/05/2022 16:10:39 PM - INFO - [in this interval] aimd control rate is [0.8398998588017249] mbps
04/05/2022 16:10:39 PM - INFO - [in this interval] delay-rate is [0.8398998588017249] mbps
04/05/2022 16:10:39 PM - INFO - average delay [1859.6666666666665]
04/05/2022 16:10:39 PM - INFO - average delay [1865.3333333333335]
04/05/2022 16:10:39 PM - INFO - average delay [1834.0]
04/05/2022 16:10:39 PM - INFO - average delay [1830.3333333333333]
04/05/2022 16:10:39 PM - INFO - nowTs is [50678], lastTs is [50442]
04/05/2022 16:10:39 PM - INFO - [in this interval] loss-ratio is [0.3333333333333333]
04/05/2022 16:10:39 PM - INFO - [in this interval] group num is [7]
04/05/2022 16:10:39 PM - INFO - [in this interval] delayDelta from group is [[-10, -40, 10, -1, 11, -5]]
04/05/2022 16:10:39 PM - INFO - sample List of accDelay : [[-589.8366598098103, -585.1529938288293, -577.8376944459465, -569.0539250013518, -558.9485325012166, -548.153679251095, -537.7383113259855, -527.1644801933869, -518.4480321740482, -509.9032289566434, -500.912906060979, -492.3216154548811, -483.989453909393, -475.4905085184537, -468.8414576666083, -466.85731189994743, -464.0715807099527, -461.66442263895743, -458.39798037506165, -455.95818233755546]]
04/05/2022 16:10:39 PM - INFO - sample List of time: [[49406, 49501, 49562, 49623, 49731, 49783, 49835, 49877, 49919, 49963, 50005, 50048, 50088, 50129, 50210, 50230, 50255, 50305, 50329, 50380]]
04/05/2022 16:10:39 PM - INFO - update trend: [0.1580084825835184]
04/05/2022 16:10:39 PM - INFO - estimateQueueDelayDuration [37.922035820044414] = queueDelayDelta [0.6320339303340736] * numCount[1000]
04/05/2022 16:10:39 PM - INFO - [in this interval] signal is [Signal.NORMAL]
04/05/2022 16:10:39 PM - INFO - [in this interval] adaptiveThresholdGamma is [63.9901007146222]
04/05/2022 16:10:39 PM - INFO - [in this interval] state is [State.INCREASE]
04/05/2022 16:10:39 PM - INFO - [in this interval] now real rate is [0.5022716049382716]mbps
04/05/2022 16:10:39 PM - INFO - [in this interval] now real rtt is [4078]
04/05/2022 16:10:39 PM - INFO - [in this interval] aimd control rate is [0.8445659691284011] mbps
04/05/2022 16:10:39 PM - INFO - [in this interval] delay-rate is [0.8445659691284011] mbps
04/05/2022 16:10:39 PM - INFO - average delay [1835.6666666666667]
04/05/2022 16:10:39 PM - INFO - average delay [1862.5]
04/05/2022 16:10:39 PM - INFO - average delay [1894.0]
04/05/2022 16:10:39 PM - INFO - average delay [1921.5]
04/05/2022 16:10:39 PM - INFO - nowTs is [50932], lastTs is [50678]
04/05/2022 16:10:39 PM - INFO - [in this interval] loss-ratio is [0.1111111111111111]
04/05/2022 16:10:39 PM - INFO - [in this interval] group num is [5]
04/05/2022 16:10:39 PM - INFO - [in this interval] delayDelta from group is [[34, 29, -1, 37]]
04/05/2022 16:10:39 PM - INFO - sample List of accDelay : [[-558.9485325012166, -548.153679251095, -537.7383113259855, -527.1644801933869, -518.4480321740482, -509.9032289566434, -500.912906060979, -492.3216154548811, -483.989453909393, -475.4905085184537, -468.8414576666083, -466.85731189994743, -464.0715807099527, -461.66442263895743, -458.39798037506165, -455.95818233755546, -450.3623641037999, -442.42612769341997, -435.383514924078, -425.3451634316702]]
04/05/2022 16:10:39 PM - INFO - sample List of time: [[49731, 49783, 49835, 49877, 49919, 49963, 50005, 50048, 50088, 50129, 50210, 50230, 50255, 50305, 50329, 50380, 50430, 50494, 50558, 50592]]
04/05/2022 16:10:39 PM - INFO - update trend: [0.14510104963244447]
04/05/2022 16:10:39 PM - INFO - estimateQueueDelayDuration [34.824251911786675] = queueDelayDelta [0.5804041985297779] * numCount[1000]
04/05/2022 16:10:39 PM - INFO - [in this interval] signal is [Signal.NORMAL]
04/05/2022 16:10:39 PM - INFO - [in this interval] adaptiveThresholdGamma is [63.46511543617116]
04/05/2022 16:10:39 PM - INFO - [in this interval] state is [State.INCREASE]
04/05/2022 16:10:39 PM - INFO - [in this interval] now real rate is [0.42204081632653057]mbps
04/05/2022 16:10:39 PM - INFO - [in this interval] now real rtt is [4316]
04/05/2022 16:10:39 PM - INFO - [in this interval] aimd control rate is [0.8492580022902256] mbps
04/05/2022 16:10:39 PM - INFO - [in this interval] delay-rate is [0.8492580022902256] mbps
04/05/2022 16:10:39 PM - INFO - average delay [1944.0]
04/05/2022 16:10:39 PM - INFO - average delay [1970.5]
04/05/2022 16:10:39 PM - INFO - average delay [1992.6666666666665]
04/05/2022 16:10:39 PM - INFO - average delay [2039.5]
04/05/2022 16:10:39 PM - INFO - nowTs is [51160], lastTs is [50932]
04/05/2022 16:10:39 PM - INFO - [in this interval] loss-ratio is [0.2]
04/05/2022 16:10:39 PM - INFO - [in this interval] group num is [4]
04/05/2022 16:10:39 PM - INFO - [in this interval] delayDelta from group is [[54, 5, 19]]
04/05/2022 16:10:39 PM - INFO - sample List of accDelay : [[-527.1644801933869, -518.4480321740482, -509.9032289566434, -500.912906060979, -492.3216154548811, -483.989453909393, -475.4905085184537, -468.8414576666083, -466.85731189994743, -464.0715807099527, -461.66442263895743, -458.39798037506165, -455.95818233755546, -450.3623641037999, -442.42612769341997, -435.383514924078, -425.3451634316702, -410.9106470885032, -397.41958237965287, -383.3776241416876]]
04/05/2022 16:10:39 PM - INFO - sample List of time: [[49877, 49919, 49963, 50005, 50048, 50088, 50129, 50210, 50230, 50255, 50305, 50329, 50380, 50430, 50494, 50558, 50592, 50719, 50808, 50838]]
04/05/2022 16:10:39 PM - INFO - update trend: [0.13161893423911264]
04/05/2022 16:10:39 PM - INFO - estimateQueueDelayDuration [31.58854421738703] = queueDelayDelta [0.5264757369564506] * numCount[1001]
04/05/2022 16:10:39 PM - INFO - [in this interval] signal is [Signal.NORMAL]
04/05/2022 16:10:39 PM - INFO - [in this interval] adaptiveThresholdGamma is [62.89133715423305]
04/05/2022 16:10:39 PM - INFO - [in this interval] state is [State.INCREASE]
04/05/2022 16:10:39 PM - INFO - [in this interval] now real rate is [0.3523983402489626]mbps
04/05/2022 16:10:39 PM - INFO - [in this interval] now real rtt is [4522]
04/05/2022 16:10:39 PM - INFO - [in this interval] aimd control rate is [0.8539761023029491] mbps
04/05/2022 16:10:39 PM - INFO - [in this interval] delay-rate is [0.8539761023029491] mbps
04/05/2022 16:10:39 PM - INFO - average delay [2048.3333333333335]
04/05/2022 16:10:39 PM - INFO - average delay [2069.3333333333335]
04/05/2022 16:10:39 PM - INFO - average delay [2055.3333333333335]
04/05/2022 16:10:39 PM - INFO - average delay [2042.3333333333335]
04/05/2022 16:10:39 PM - INFO - nowTs is [51398], lastTs is [51160]
04/05/2022 16:10:39 PM - INFO - [in this interval] loss-ratio is [0.6428571428571429]
04/05/2022 16:10:39 PM - INFO - [in this interval] group num is [10]
04/05/2022 16:10:39 PM - INFO - [in this interval] delayDelta from group is [[-2, 2, -8, -7, -6, -7, -6, -6, -6]]
04/05/2022 16:10:39 PM - INFO - sample List of accDelay : [[-464.0715807099527, -461.66442263895743, -458.39798037506165, -455.95818233755546, -450.3623641037999, -442.42612769341997, -435.383514924078, -425.3451634316702, -410.9106470885032, -397.41958237965287, -383.3776241416876, -370.9398617275188, -359.5458755547669, -350.0912879992902, -342.2821591993612, -335.8539432794251, -330.7685489514826, -326.79169405633434, -323.8125246507009, -321.7312721856308]]
04/05/2022 16:10:39 PM - INFO - sample List of time: [[50255, 50305, 50329, 50380, 50430, 50494, 50558, 50592, 50719, 50808, 50838, 50911, 50929, 50946, 50968, 50991, 51015, 51038, 51067, 51096]]
04/05/2022 16:10:39 PM - INFO - update trend: [0.18299951986434895]
04/05/2022 16:10:39 PM - INFO - estimateQueueDelayDuration [43.91988476744375] = queueDelayDelta [0.7319980794573958] * numCount[1000]
04/05/2022 16:10:39 PM - INFO - [in this interval] signal is [Signal.NORMAL]
04/05/2022 16:10:39 PM - INFO - [in this interval] adaptiveThresholdGamma is [62.54985101127084]
04/05/2022 16:10:39 PM - INFO - [in this interval] state is [State.INCREASE]
04/05/2022 16:10:39 PM - INFO - [in this interval] now real rate is [0.39493386773547096]mbps
04/05/2022 16:10:39 PM - INFO - [in this interval] now real rtt is [4448]
04/05/2022 16:10:39 PM - INFO - [in this interval] aimd control rate is [0.8587204139824098] mbps
04/05/2022 16:10:39 PM - INFO - [in this interval] delay-rate is [0.8587204139824098] mbps
04/05/2022 16:10:39 PM - INFO - average delay [2030.0]
04/05/2022 16:10:39 PM - INFO - average delay [2035.0]
04/05/2022 16:10:39 PM - INFO - average delay [2060.0]
04/05/2022 16:10:39 PM - INFO - average delay [2066.0]
04/05/2022 16:10:39 PM - INFO - nowTs is [51651], lastTs is [51398]
04/05/2022 16:10:39 PM - INFO - [in this interval] loss-ratio is [0.08333333333333333]
04/05/2022 16:10:39 PM - INFO - [in this interval] group num is [6]
04/05/2022 16:10:39 PM - INFO - [in this interval] delayDelta from group is [[23, 9, -11, 0, 9]]
04/05/2022 16:10:39 PM - INFO - sample List of accDelay : [[-442.42612769341997, -435.383514924078, -425.3451634316702, -410.9106470885032, -397.41958237965287, -383.3776241416876, -370.9398617275188, -359.5458755547669, -350.0912879992902, -342.2821591993612, -335.8539432794251, -330.7685489514826, -326.79169405633434, -323.8125246507009, -321.7312721856308, -317.55814496706773, -312.902330470361, -309.8120974233249, -307.0308876809924, -303.6277989128932]]
04/05/2022 16:10:39 PM - INFO - sample List of time: [[50494, 50558, 50592, 50719, 50808, 50838, 50911, 50929, 50946, 50968, 50991, 51015, 51038, 51067, 51096, 51183, 51241, 51280, 51299, 51339]]
04/05/2022 16:10:39 PM - INFO - update trend: [0.17996311944797647]
04/05/2022 16:10:39 PM - INFO - estimateQueueDelayDuration [43.191148667514355] = queueDelayDelta [0.7198524777919059] * numCount[1001]
04/05/2022 16:10:39 PM - INFO - [in this interval] signal is [Signal.NORMAL]
04/05/2022 16:10:39 PM - INFO - [in this interval] adaptiveThresholdGamma is [62.201394369083225]
04/05/2022 16:10:39 PM - INFO - [in this interval] state is [State.INCREASE]
04/05/2022 16:10:39 PM - INFO - [in this interval] now real rate is [0.4861099796334012]mbps
04/05/2022 16:10:39 PM - INFO - [in this interval] now real rtt is [4554]
04/05/2022 16:10:39 PM - INFO - [in this interval] aimd control rate is [0.8634910829489788] mbps
04/05/2022 16:10:39 PM - INFO - [in this interval] delay-rate is [0.8634910829489788] mbps
04/05/2022 16:10:39 PM - INFO - average delay [2065.0]
04/05/2022 16:10:39 PM - INFO - average delay [2061.3333333333335]
04/05/2022 16:10:39 PM - INFO - average delay [2065.6666666666665]
04/05/2022 16:10:39 PM - INFO - average delay [2068.6666666666665]
04/05/2022 16:10:39 PM - INFO - nowTs is [51890], lastTs is [51651]
04/05/2022 16:10:39 PM - INFO - [in this interval] loss-ratio is [0.2857142857142857]
04/05/2022 16:10:39 PM - INFO - [in this interval] group num is [9]
04/05/2022 16:10:39 PM - INFO - [in this interval] delayDelta from group is [[-1, 3, -7, 6, 8, 18, -21, 3]]
04/05/2022 16:10:39 PM - INFO - sample List of accDelay : [[-350.0912879992902, -342.2821591993612, -335.8539432794251, -330.7685489514826, -326.79169405633434, -323.8125246507009, -321.7312721856308, -317.55814496706773, -312.902330470361, -309.8120974233249, -307.0308876809924, -303.6277989128932, -300.6650190216038, -297.6985171194434, -295.7286654074991, -293.3557988667492, -290.42021898007425, -285.9781970820668, -284.08037737386013, -282.0723396364741]]
04/05/2022 16:10:39 PM - INFO - sample List of time: [[50946, 50968, 50991, 51015, 51038, 51067, 51096, 51183, 51241, 51280, 51299, 51339, 51398, 51437, 51465, 51493, 51519, 51542, 51570, 51594]]
04/05/2022 16:10:39 PM - INFO - update trend: [0.08849546290099952]
04/05/2022 16:10:39 PM - INFO - estimateQueueDelayDuration [21.238911096239885] = queueDelayDelta [0.3539818516039981] * numCount[1001]
04/05/2022 16:10:39 PM - INFO - [in this interval] signal is [Signal.NORMAL]
04/05/2022 16:10:39 PM - INFO - [in this interval] adaptiveThresholdGamma is [61.464069670172044]
04/05/2022 16:10:39 PM - INFO - [in this interval] state is [State.INCREASE]
04/05/2022 16:10:39 PM - INFO - [in this interval] now real rate is [0.491869918699187]mbps
04/05/2022 16:10:39 PM - INFO - [in this interval] now real rtt is [4552]
04/05/2022 16:10:39 PM - INFO - [in this interval] aimd control rate is [0.8682882556320287] mbps
04/05/2022 16:10:39 PM - INFO - [in this interval] delay-rate is [0.8682882556320287] mbps
04/05/2022 16:10:39 PM - INFO - average delay [2081.0]
04/05/2022 16:10:39 PM - INFO - average delay [2069.0]
04/05/2022 16:10:39 PM - INFO - average delay [2012.3333333333335]
04/05/2022 16:10:39 PM - INFO - average delay [1997.3333333333335]
04/05/2022 16:10:39 PM - INFO - nowTs is [52131], lastTs is [51890]
04/05/2022 16:10:39 PM - INFO - [in this interval] loss-ratio is [0.56]
04/05/2022 16:10:39 PM - INFO - [in this interval] group num is [10]
04/05/2022 16:10:39 PM - INFO - [in this interval] delayDelta from group is [[-8, -43, -8, -13, 3, -3, -13, -18, -8]]
04/05/2022 16:10:39 PM - INFO - sample List of accDelay : [[-309.8120974233249, -307.0308876809924, -303.6277989128932, -300.6650190216038, -297.6985171194434, -295.7286654074991, -293.3557988667492, -290.42021898007425, -285.9781970820668, -284.08037737386013, -282.0723396364741, -281.0651056728267, -284.458595105544, -288.31273559498965, -293.08146203549063, -297.0733158319416, -300.9659842487474, -305.76938582387265, -311.8924472414854, -318.2032025173369]]
04/05/2022 16:10:39 PM - INFO - sample List of time: [[51280, 51299, 51339, 51398, 51437, 51465, 51493, 51519, 51542, 51570, 51594, 51644, 51666, 51688, 51710, 51732, 51775, 51797, 51819, 51841]]
04/05/2022 16:10:39 PM - INFO - update trend: [-0.0007156940117525059]
04/05/2022 16:10:39 PM - INFO - estimateQueueDelayDuration [-0.1717665628206014] = queueDelayDelta [-0.0028627760470100235] * numCount[1000]
04/05/2022 16:10:39 PM - INFO - [in this interval] signal is [Signal.NORMAL]
04/05/2022 16:10:39 PM - INFO - [in this interval] adaptiveThresholdGamma is [60.36080821423972]
04/05/2022 16:10:39 PM - INFO - [in this interval] state is [State.INCREASE]
04/05/2022 16:10:39 PM - INFO - [in this interval] now real rate is [0.503776]mbps
04/05/2022 16:10:39 PM - INFO - [in this interval] now real rtt is [4324]
04/05/2022 16:10:39 PM - INFO - [in this interval] aimd control rate is [0.8719061233638288] mbps
04/05/2022 16:10:39 PM - INFO - [in this interval] delay-rate is [0.8719061233638288] mbps
04/05/2022 16:10:39 PM - INFO - average delay [1973.3333333333335]
04/05/2022 16:10:39 PM - INFO - average delay [1938.4]
04/05/2022 16:10:39 PM - INFO - average delay [1895.1428571428573]
04/05/2022 16:10:39 PM - INFO - average delay [1863.8000000000002]
04/05/2022 16:10:39 PM - INFO - nowTs is [52370], lastTs is [52131]
04/05/2022 16:10:39 PM - INFO - [in this interval] loss-ratio is [0.3448275862068966]
04/05/2022 16:10:39 PM - INFO - [in this interval] group num is [11]
04/05/2022 16:10:39 PM - INFO - [in this interval] delayDelta from group is [[-4, -15, -16, -16, -11, -16, -16, 0, 15, -14]]
04/05/2022 16:10:39 PM - INFO - sample List of accDelay : [[-282.0723396364741, -281.0651056728267, -284.458595105544, -288.31273559498965, -293.08146203549063, -297.0733158319416, -300.9659842487474, -305.76938582387265, -311.8924472414854, -318.2032025173369, -324.2828822656032, -331.25459403904284, -339.12913463513854, -347.81622117162465, -356.7345990544622, -366.36113914901597, -376.62502523411433, -385.8625227107029, -392.67627043963256, -400.2086433956693]]
04/05/2022 16:10:39 PM - INFO - sample List of time: [[51594, 51644, 51666, 51688, 51710, 51732, 51775, 51797, 51819, 51841, 51875, 51891, 51901, 51920, 51939, 51958, 51977, 51996, 52031, 52081]]
04/05/2022 16:10:39 PM - INFO - update trend: [-0.27601005090164565]
04/05/2022 16:10:39 PM - INFO - estimateQueueDelayDuration [-66.24241221639495] = queueDelayDelta [-1.1040402036065826] * numCount[1000]
04/05/2022 16:10:39 PM - INFO - [in this interval] signal is [Signal.UNDER_USE]
04/05/2022 16:10:39 PM - INFO - [in this interval] adaptiveThresholdGamma is [66.24241221639495]
04/05/2022 16:10:39 PM - INFO - [in this interval] state is [State.HOLD]
04/05/2022 16:10:39 PM - INFO - [in this interval] now real rate is [0.5824]mbps
04/05/2022 16:10:39 PM - INFO - [in this interval] now real rtt is [4132]
04/05/2022 16:10:39 PM - INFO - [in this interval] aimd control rate is [0.8719061233638288] mbps
04/05/2022 16:10:39 PM - INFO - [in this interval] delay-rate is [0.8719061233638288] mbps
04/05/2022 16:10:39 PM - INFO - average delay [1866.5]
04/05/2022 16:10:39 PM - INFO - average delay [1888.0]
04/05/2022 16:10:39 PM - INFO - average delay [1900.25]
04/05/2022 16:10:39 PM - INFO - average delay [1882.75]
04/05/2022 16:10:39 PM - INFO - nowTs is [52611], lastTs is [52370]
04/05/2022 16:10:39 PM - INFO - [in this interval] loss-ratio is [0.34782608695652173]
04/05/2022 16:10:39 PM - INFO - [in this interval] group num is [8]
04/05/2022 16:10:39 PM - INFO - [in this interval] delayDelta from group is [[19, -13, -18, 12, -14, -20, 11]]
04/05/2022 16:10:39 PM - INFO - sample List of accDelay : [[-305.76938582387265, -311.8924472414854, -318.2032025173369, -324.2828822656032, -331.25459403904284, -339.12913463513854, -347.81622117162465, -356.7345990544622, -366.36113914901597, -376.62502523411433, -385.8625227107029, -392.67627043963256, -400.2086433956693, -405.08777905610236, -410.77900115049215, -417.70110103544295, -422.73099093189865, -428.6578918387088, -435.99210265483794, -441.4928923893541]]
04/05/2022 16:10:39 PM - INFO - sample List of time: [[51797, 51819, 51841, 51875, 51891, 51901, 51920, 51939, 51958, 51977, 51996, 52031, 52081, 52131, 52180, 52197, 52214, 52261, 52277, 52292]]
04/05/2022 16:10:39 PM - INFO - update trend: [-0.26601424544947727]
04/05/2022 16:10:39 PM - INFO - estimateQueueDelayDuration [-63.84341890787454] = queueDelayDelta [-1.064056981797909] * numCount[1001]
04/05/2022 16:10:39 PM - INFO - [in this interval] signal is [Signal.NORMAL]
04/05/2022 16:10:39 PM - INFO - [in this interval] adaptiveThresholdGamma is [66.19923033684158]
04/05/2022 16:10:39 PM - INFO - [in this interval] state is [State.INCREASE]
04/05/2022 16:10:39 PM - INFO - [in this interval] now real rate is [0.5996619718309859]mbps
04/05/2022 16:10:39 PM - INFO - [in this interval] now real rtt is [4144]
04/05/2022 16:10:39 PM - INFO - [in this interval] aimd control rate is [0.8755390655445114] mbps
04/05/2022 16:10:39 PM - INFO - [in this interval] delay-rate is [0.8755390655445114] mbps
04/05/2022 16:10:39 PM - INFO - average delay [1860.25]
04/05/2022 16:10:39 PM - INFO - average delay [1842.6666666666667]
04/05/2022 16:10:39 PM - INFO - average delay [1798.2]
04/05/2022 16:10:39 PM - INFO - average delay [1724.8]
04/05/2022 16:10:39 PM - INFO - nowTs is [52851], lastTs is [52611]
04/05/2022 16:10:39 PM - INFO - [in this interval] loss-ratio is [0.6530612244897959]
04/05/2022 16:10:39 PM - INFO - [in this interval] group num is [14]
04/05/2022 16:10:39 PM - INFO - [in this interval] delayDelta from group is [[-20, -15, -5, -15, -18, -22, -23, -17, -22, -19, -32, -17, -19]]
04/05/2022 16:10:39 PM - INFO - sample List of accDelay : [[-405.08777905610236, -410.77900115049215, -417.70110103544295, -422.73099093189865, -428.6578918387088, -435.99210265483794, -441.4928923893541, -448.44360315041865, -456.19924283537677, -463.67931855183906, -471.91138669665514, -481.1202480269896, -491.6082232242906, -503.34740090186153, -515.6126608116754, -528.8513947305079, -542.6662552574571, -558.2996297317114, -574.0696667585403, -590.1627000826862]]
04/05/2022 16:10:39 PM - INFO - sample List of time: [[52131, 52180, 52197, 52214, 52261, 52277, 52292, 52357, 52372, 52387, 52422, 52437, 52449, 52462, 52474, 52487, 52500, 52516, 52554, 52567]]
04/05/2022 16:10:39 PM - INFO - update trend: [-0.40599469409609157]
04/05/2022 16:10:39 PM - INFO - estimateQueueDelayDuration [-97.43872658306198] = queueDelayDelta [-1.6239787763843663] * numCount[1000]
04/05/2022 16:10:39 PM - INFO - [in this interval] signal is [Signal.UNDER_USE]
04/05/2022 16:10:39 PM - INFO - [in this interval] adaptiveThresholdGamma is [66.19923033684158]
04/05/2022 16:10:39 PM - INFO - [in this interval] state is [State.HOLD]
04/05/2022 16:10:39 PM - INFO - [in this interval] now real rate is [0.6030744466800804]mbps
04/05/2022 16:10:39 PM - INFO - [in this interval] now real rtt is [3634]
04/05/2022 16:10:39 PM - INFO - [in this interval] aimd control rate is [0.8755390655445114] mbps
04/05/2022 16:10:39 PM - INFO - [in this interval] delay-rate is [0.8755390655445114] mbps
04/05/2022 16:10:39 PM - INFO - average delay [1636.6]
04/05/2022 16:10:39 PM - INFO - average delay [1603.25]
04/05/2022 16:10:39 PM - INFO - average delay [1614.3333333333333]
04/05/2022 16:10:39 PM - INFO - average delay [1629.0]
04/05/2022 16:10:39 PM - INFO - nowTs is [53076], lastTs is [52851]
04/05/2022 16:10:39 PM - INFO - [in this interval] loss-ratio is [0.47368421052631576]
04/05/2022 16:10:39 PM - INFO - [in this interval] group num is [6]
04/05/2022 16:10:39 PM - INFO - [in this interval] delayDelta from group is [[-18, 14, 4, 18, 29]]
04/05/2022 16:10:39 PM - INFO - sample List of accDelay : [[-435.99210265483794, -441.4928923893541, -448.44360315041865, -456.19924283537677, -463.67931855183906, -471.91138669665514, -481.1202480269896, -491.6082232242906, -503.34740090186153, -515.6126608116754, -528.8513947305079, -542.6662552574571, -558.2996297317114, -574.0696667585403, -590.1627000826862, -606.4464300744175, -619.7017870669758, -631.2316083602783, -639.8084475242504, -644.6276027718253]]
04/05/2022 16:10:39 PM - INFO - sample List of time: [[52277, 52292, 52357, 52372, 52387, 52422, 52437, 52449, 52462, 52474, 52487, 52500, 52516, 52554, 52567, 52591, 52603, 52657, 52686, 52744]]
04/05/2022 16:10:39 PM - INFO - update trend: [-0.5528124908518869]
04/05/2022 16:10:39 PM - INFO - estimateQueueDelayDuration [-132.67499780445286] = queueDelayDelta [-2.2112499634075475] * numCount[1001]
04/05/2022 16:10:39 PM - INFO - [in this interval] signal is [Signal.UNDER_USE]
04/05/2022 16:10:39 PM - INFO - [in this interval] adaptiveThresholdGamma is [66.19923033684158]
04/05/2022 16:10:39 PM - INFO - [in this interval] state is [State.HOLD]
04/05/2022 16:10:39 PM - INFO - [in this interval] now real rate is [0.5419677419354839]mbps
04/05/2022 16:10:39 PM - INFO - [in this interval] now real rtt is [3744]
04/05/2022 16:10:39 PM - INFO - [in this interval] aimd control rate is [0.8755390655445114] mbps
04/05/2022 16:10:39 PM - INFO - [in this interval] delay-rate is [0.8755390655445114] mbps
04/05/2022 16:10:39 PM - INFO - average delay [1652.6666666666667]
04/05/2022 16:10:39 PM - INFO - average delay [1659.0]
04/05/2022 16:10:39 PM - INFO - average delay [1665.3333333333333]
04/05/2022 16:10:39 PM - INFO - average delay [1675.6666666666667]
04/05/2022 16:10:39 PM - INFO - nowTs is [53328], lastTs is [53076]
04/05/2022 16:10:39 PM - INFO - [in this interval] loss-ratio is [0.6875]
04/05/2022 16:10:39 PM - INFO - [in this interval] group num is [8]
04/05/2022 16:10:39 PM - INFO - [in this interval] delayDelta from group is [[-11, 8, 14, -6, 6, 11, 1]]
04/05/2022 16:10:39 PM - INFO - sample List of accDelay : [[-491.6082232242906, -503.34740090186153, -515.6126608116754, -528.8513947305079, -542.6662552574571, -558.2996297317114, -574.0696667585403, -590.1627000826862, -606.4464300744175, -619.7017870669758, -631.2316083602783, -639.8084475242504, -644.6276027718253, -650.0648424946428, -654.1583582451785, -656.4425224206607, -659.0982701785946, -660.888443160735, -661.3995988446616, -661.7596389601954]]
04/05/2022 16:10:39 PM - INFO - sample List of time: [[52449, 52462, 52474, 52487, 52500, 52516, 52554, 52567, 52591, 52603, 52657, 52686, 52744, 52832, 52856, 52899, 52928, 52957, 52978, 53029]]
04/05/2022 16:10:39 PM - INFO - update trend: [-0.27088525272811104]
04/05/2022 16:10:39 PM - INFO - estimateQueueDelayDuration [-65.01246065474665] = queueDelayDelta [-1.0835410109124441] * numCount[1000]
04/05/2022 16:10:39 PM - INFO - [in this interval] signal is [Signal.NORMAL]
04/05/2022 16:10:39 PM - INFO - [in this interval] adaptiveThresholdGamma is [66.17786848256387]
04/05/2022 16:10:39 PM - INFO - [in this interval] state is [State.INCREASE]
04/05/2022 16:10:39 PM - INFO - [in this interval] now real rate is [0.40172131147540985]mbps
04/05/2022 16:10:39 PM - INFO - [in this interval] now real rtt is [3788]
04/05/2022 16:10:39 PM - INFO - [in this interval] aimd control rate is [0.8791871449842802] mbps
04/05/2022 16:10:39 PM - INFO - [in this interval] delay-rate is [0.8791871449842802] mbps
04/05/2022 16:10:39 PM - INFO - average delay [1685.3333333333333]
04/05/2022 16:10:39 PM - INFO - average delay [1726.5]
04/05/2022 16:10:39 PM - INFO - average delay [1739.0]
04/05/2022 16:10:39 PM - INFO - average delay [1756.5]
04/05/2022 16:10:39 PM - INFO - nowTs is [53571], lastTs is [53328]
04/05/2022 16:10:39 PM - INFO - [in this interval] loss-ratio is [0.2727272727272727]
04/05/2022 16:10:39 PM - INFO - [in this interval] group num is [6]
04/05/2022 16:10:39 PM - INFO - [in this interval] delayDelta from group is [[11, 6, 35, 12, 17]]
04/05/2022 16:10:39 PM - INFO - sample List of accDelay : [[-558.2996297317114, -574.0696667585403, -590.1627000826862, -606.4464300744175, -619.7017870669758, -631.2316083602783, -639.8084475242504, -644.6276027718253, -650.0648424946428, -654.1583582451785, -656.4425224206607, -659.0982701785946, -660.888443160735, -661.3995988446616, -661.7596389601954, -660.9836750641758, -659.6853075577582, -655.0167768019824, -649.6150991217842, -643.0535892096058]]
04/05/2022 16:10:39 PM - INFO - sample List of time: [[52516, 52554, 52567, 52591, 52603, 52657, 52686, 52744, 52832, 52856, 52899, 52928, 52957, 52978, 53029, 53082, 53108, 53134, 53209, 53246]]
04/05/2022 16:10:39 PM - INFO - update trend: [-0.10258525221419229]
04/05/2022 16:10:39 PM - INFO - estimateQueueDelayDuration [-24.62046053140615] = queueDelayDelta [-0.41034100885676916] * numCount[1001]
04/05/2022 16:10:39 PM - INFO - [in this interval] signal is [Signal.NORMAL]
04/05/2022 16:10:39 PM - INFO - [in this interval] adaptiveThresholdGamma is [65.42983513944303]
04/05/2022 16:10:39 PM - INFO - [in this interval] state is [State.INCREASE]
04/05/2022 16:10:39 PM - INFO - [in this interval] now real rate is [0.3541333333333333]mbps
04/05/2022 16:10:39 PM - INFO - [in this interval] now real rtt is [4004]
04/05/2022 16:10:39 PM - INFO - [in this interval] aimd control rate is [0.882850424755048] mbps
04/05/2022 16:10:39 PM - INFO - [in this interval] delay-rate is [0.882850424755048] mbps
04/05/2022 16:10:39 PM - INFO - average delay [1788.0]
04/05/2022 16:10:39 PM - INFO - average delay [1820.5]
04/05/2022 16:10:39 PM - INFO - average delay [1847.0]
04/05/2022 16:10:39 PM - INFO - average delay [1836.6666666666667]
04/05/2022 16:10:39 PM - INFO - nowTs is [53814], lastTs is [53571]
04/05/2022 16:10:39 PM - INFO - [in this interval] loss-ratio is [0.5652173913043478]
04/05/2022 16:10:39 PM - INFO - [in this interval] group num is [7]
04/05/2022 16:10:39 PM - INFO - [in this interval] delayDelta from group is [[21, 6, -9, 3, -2, -2]]
04/05/2022 16:10:39 PM - INFO - sample List of accDelay : [[-639.8084475242504, -644.6276027718253, -650.0648424946428, -654.1583582451785, -656.4425224206607, -659.0982701785946, -660.888443160735, -661.3995988446616, -661.7596389601954, -660.9836750641758, -659.6853075577582, -655.0167768019824, -649.6150991217842, -643.0535892096058, -635.0482302886452, -627.2434072597807, -621.1190665338027, -615.3071598804223, -610.2764438923801, -605.948799503142]]
04/05/2022 16:10:39 PM - INFO - sample List of time: [[52686, 52744, 52832, 52856, 52899, 52928, 52957, 52978, 53029, 53082, 53108, 53134, 53209, 53246, 53324, 53375, 53411, 53437, 53475, 53503]]
04/05/2022 16:10:39 PM - INFO - update trend: [0.0529202401570924]
04/05/2022 16:10:39 PM - INFO - estimateQueueDelayDuration [12.700857637702176] = queueDelayDelta [0.2116809606283696] * numCount[1001]
04/05/2022 16:10:39 PM - INFO - [in this interval] signal is [Signal.NORMAL]
04/05/2022 16:10:39 PM - INFO - [in this interval] adaptiveThresholdGamma is [64.4807135444117]
04/05/2022 16:10:39 PM - INFO - [in this interval] state is [State.INCREASE]
04/05/2022 16:10:39 PM - INFO - [in this interval] now real rate is [0.35074897119341564]mbps
04/05/2022 16:10:39 PM - INFO - [in this interval] now real rtt is [4080]
04/05/2022 16:10:39 PM - INFO - [in this interval] aimd control rate is [0.8865289681915274] mbps
04/05/2022 16:10:39 PM - INFO - [in this interval] delay-rate is [0.8865289681915274] mbps
04/05/2022 16:10:39 PM - INFO - average delay [1836.0]
04/05/2022 16:10:39 PM - INFO - average delay [1844.0]
04/05/2022 16:10:39 PM - INFO - average delay [1853.5]
04/05/2022 16:10:39 PM - INFO - average delay [1850.75]
04/05/2022 16:10:39 PM - INFO - nowTs is [54043], lastTs is [53814]
04/05/2022 16:10:39 PM - INFO - [in this interval] loss-ratio is [0.43478260869565216]
04/05/2022 16:10:39 PM - INFO - [in this interval] group num is [9]
04/05/2022 16:10:39 PM - INFO - [in this interval] delayDelta from group is [[8, 3, 4, -11, -11, -6, 9, 7]]
04/05/2022 16:10:39 PM - INFO - sample List of accDelay : [[-661.7596389601954, -660.9836750641758, -659.6853075577582, -655.0167768019824, -649.6150991217842, -643.0535892096058, -635.0482302886452, -627.2434072597807, -621.1190665338027, -615.3071598804223, -610.2764438923801, -605.948799503142, -601.2539195528278, -596.728527597545, -592.2556748377906, -589.3301073540115, -587.7970966186103, -587.0173869567493, -585.4156482610745, -583.274083434967]]
04/05/2022 16:10:39 PM - INFO - sample List of time: [[53029, 53082, 53108, 53134, 53209, 53246, 53324, 53375, 53411, 53437, 53475, 53503, 53587, 53625, 53658, 53677, 53691, 53705, 53724, 53743]]
04/05/2022 16:10:39 PM - INFO - update trend: [0.11912570159676315]
04/05/2022 16:10:39 PM - INFO - estimateQueueDelayDuration [28.59016838322316] = queueDelayDelta [0.4765028063870526] * numCount[1001]
04/05/2022 16:10:39 PM - INFO - [in this interval] signal is [Signal.NORMAL]
04/05/2022 16:10:39 PM - INFO - [in this interval] adaptiveThresholdGamma is [63.8346837315103]
04/05/2022 16:10:39 PM - INFO - [in this interval] state is [State.INCREASE]
04/05/2022 16:10:39 PM - INFO - [in this interval] now real rate is [0.446728370221328]mbps
04/05/2022 16:10:39 PM - INFO - [in this interval] now real rtt is [4108]
04/05/2022 16:10:39 PM - INFO - [in this interval] aimd control rate is [0.8902228388923255] mbps
04/05/2022 16:10:39 PM - INFO - [in this interval] delay-rate is [0.8902228388923255] mbps
04/05/2022 16:10:39 PM - INFO - average delay [1846.25]
04/05/2022 16:10:39 PM - INFO - average delay [1847.75]
04/05/2022 16:10:39 PM - INFO - average delay [1836.8]
04/05/2022 16:10:39 PM - INFO - average delay [1825.2]
04/05/2022 16:10:39 PM - INFO - nowTs is [54295], lastTs is [54043]
04/05/2022 16:10:39 PM - INFO - [in this interval] loss-ratio is [0.5365853658536586]
04/05/2022 16:10:39 PM - INFO - [in this interval] group num is [12]
04/05/2022 16:10:39 PM - INFO - [in this interval] delayDelta from group is [[3, 3, -3, -10, 4, -24, -7, -18, -18, -11, -6]]
04/05/2022 16:10:39 PM - INFO - sample List of accDelay : [[-605.948799503142, -601.2539195528278, -596.728527597545, -592.2556748377906, -589.3301073540115, -587.7970966186103, -587.0173869567493, -585.4156482610745, -583.274083434967, -581.0466750914703, -578.7420075823233, -576.967806824091, -576.3710261416819, -575.4339235275138, -576.9905311747625, -579.0914780572863, -582.7823302515577, -587.904097226402, -593.6136875037618, -599.3523187533856]]
04/05/2022 16:10:39 PM - INFO - sample List of time: [[53503, 53587, 53625, 53658, 53677, 53691, 53705, 53724, 53743, 53784, 53797, 53815, 53847, 53872, 53911, 53937, 53950, 53962, 53974, 53998]]
04/05/2022 16:10:39 PM - INFO - update trend: [0.030317505933474324]
04/05/2022 16:10:39 PM - INFO - estimateQueueDelayDuration [7.276201424033838] = queueDelayDelta [0.1212700237338973] * numCount[1000]
04/05/2022 16:10:39 PM - INFO - [in this interval] signal is [Signal.NORMAL]
04/05/2022 16:10:39 PM - INFO - [in this interval] adaptiveThresholdGamma is [62.816631049975726]
04/05/2022 16:10:39 PM - INFO - [in this interval] state is [State.INCREASE]
04/05/2022 16:10:39 PM - INFO - [in this interval] now real rate is [0.665712]mbps
04/05/2022 16:10:39 PM - INFO - [in this interval] now real rtt is [3922]
04/05/2022 16:10:39 PM - INFO - [in this interval] aimd control rate is [0.8939321007210435] mbps
04/05/2022 16:10:39 PM - INFO - [in this interval] delay-rate is [0.8939321007210435] mbps
04/05/2022 16:10:39 PM - INFO - average delay [1762.0]
04/05/2022 16:10:39 PM - INFO - average delay [1751.5]
04/05/2022 16:10:39 PM - INFO - average delay [1768.6666666666667]
04/05/2022 16:10:39 PM - INFO - average delay [1786.6666666666667]
04/05/2022 16:10:39 PM - INFO - nowTs is [54534], lastTs is [54295]
04/05/2022 16:10:39 PM - INFO - [in this interval] loss-ratio is [0.29411764705882354]
04/05/2022 16:10:39 PM - INFO - [in this interval] group num is [6]
04/05/2022 16:10:39 PM - INFO - [in this interval] delayDelta from group is [[19, -3, 22, -3, -5]]
04/05/2022 16:10:39 PM - INFO - sample List of accDelay : [[-587.7970966186103, -587.0173869567493, -585.4156482610745, -583.274083434967, -581.0466750914703, -578.7420075823233, -576.967806824091, -576.3710261416819, -575.4339235275138, -576.9905311747625, -579.0914780572863, -582.7823302515577, -587.904097226402, -593.6136875037618, -599.3523187533856, -602.6170868780471, -605.8553781902424, -606.5698403712181, -607.5128563340963, -608.8615707006868]]
04/05/2022 16:10:39 PM - INFO - sample List of time: [[53691, 53705, 53724, 53743, 53784, 53797, 53815, 53847, 53872, 53911, 53937, 53950, 53962, 53974, 53998, 54061, 54115, 54142, 54199, 54231]]
04/05/2022 16:10:39 PM - INFO - update trend: [-0.05599972747160282]
04/05/2022 16:10:39 PM - INFO - estimateQueueDelayDuration [-13.439934593184676] = queueDelayDelta [-0.22399890988641127] * numCount[1001]
04/05/2022 16:10:39 PM - INFO - [in this interval] signal is [Signal.NORMAL]
04/05/2022 16:10:39 PM - INFO - [in this interval] adaptiveThresholdGamma is [61.927850513753484]
04/05/2022 16:10:39 PM - INFO - [in this interval] state is [State.INCREASE]
04/05/2022 16:10:39 PM - INFO - [in this interval] now real rate is [0.6389409368635438]mbps
04/05/2022 16:10:39 PM - INFO - [in this interval] now real rtt is [3990]
04/05/2022 16:10:39 PM - INFO - [in this interval] aimd control rate is [0.897656817807381] mbps
04/05/2022 16:10:39 PM - INFO - [in this interval] delay-rate is [0.897656817807381] mbps
04/05/2022 16:10:39 PM - INFO - average delay [1791.4]
04/05/2022 16:10:39 PM - INFO - average delay [1789.0]
04/05/2022 16:10:39 PM - INFO - average delay [1786.0]
04/05/2022 16:10:39 PM - INFO - average delay [1776.5]
04/05/2022 16:10:39 PM - INFO - nowTs is [54768], lastTs is [54534]
04/05/2022 16:10:39 PM - INFO - [in this interval] loss-ratio is [0.19047619047619047]
04/05/2022 16:10:39 PM - INFO - [in this interval] group num is [11]
04/05/2022 16:10:39 PM - INFO - [in this interval] delayDelta from group is [[-2, 5, -8, 1, -1, -16, 4, 7, 20, -7]]
04/05/2022 16:10:39 PM - INFO - sample List of accDelay : [[-579.0914780572863, -582.7823302515577, -587.904097226402, -593.6136875037618, -599.3523187533856, -602.6170868780471, -605.8553781902424, -606.5698403712181, -607.5128563340963, -608.8615707006868, -610.2754136306181, -611.0478722675563, -612.5430850408006, -613.7887765367205, -615.0098988830485, -617.7089089947438, -619.7380180952694, -620.8642162857425, -619.8777946571682, -619.6900151914514]]
04/05/2022 16:10:39 PM - INFO - sample List of time: [[53937, 53950, 53962, 53974, 53998, 54061, 54115, 54142, 54199, 54231, 54272, 54280, 54295, 54332, 54343, 54357, 54371, 54405, 54427, 54472]]
04/05/2022 16:10:39 PM - INFO - update trend: [-0.06698356984068157]
04/05/2022 16:10:39 PM - INFO - estimateQueueDelayDuration [-16.076056761763578] = queueDelayDelta [-0.2679342793627263] * numCount[1001]
04/05/2022 16:10:39 PM - INFO - [in this interval] signal is [Signal.NORMAL]
04/05/2022 16:10:39 PM - INFO - [in this interval] adaptiveThresholdGamma is [61.10251822621767]
04/05/2022 16:10:39 PM - INFO - [in this interval] state is [State.INCREASE]
04/05/2022 16:10:39 PM - INFO - [in this interval] now real rate is [0.5883621730382294]mbps
04/05/2022 16:10:39 PM - INFO - [in this interval] now real rtt is [3998]
04/05/2022 16:10:39 PM - INFO - [in this interval] aimd control rate is [0.9013970545482451] mbps
04/05/2022 16:10:39 PM - INFO - [in this interval] delay-rate is [0.9013970545482451] mbps
04/05/2022 16:10:39 PM - INFO - average delay [1798.0]
04/05/2022 16:10:39 PM - INFO - average delay [1791.5]
04/05/2022 16:10:39 PM - INFO - average delay [1765.6666666666667]
04/05/2022 16:10:39 PM - INFO - average delay [1751.3333333333333]
04/05/2022 16:10:39 PM - INFO - nowTs is [54994], lastTs is [54768]
04/05/2022 16:10:39 PM - INFO - [in this interval] loss-ratio is [0.6538461538461539]
04/05/2022 16:10:39 PM - INFO - [in this interval] group num is [9]
04/05/2022 16:10:39 PM - INFO - [in this interval] delayDelta from group is [[-11, 0, -27, -7, -6, 10, -15, -6]]
04/05/2022 16:10:39 PM - INFO - sample List of accDelay : [[-607.5128563340963, -608.8615707006868, -610.2754136306181, -611.0478722675563, -612.5430850408006, -613.7887765367205, -615.0098988830485, -617.7089089947438, -619.7380180952694, -620.8642162857425, -619.8777946571682, -619.6900151914514, -620.6210136723063, -621.4589123050756, -624.9130210745681, -628.7217189671112, -632.7495470704001, -635.3745923633601, -639.2371331270241, -643.3134198143217]]
04/05/2022 16:10:39 PM - INFO - sample List of time: [[54199, 54231, 54272, 54280, 54295, 54332, 54343, 54357, 54371, 54405, 54427, 54472, 54518, 54542, 54567, 54590, 54613, 54642, 54672, 54697]]
04/05/2022 16:10:39 PM - INFO - update trend: [-0.06268616805093805]
04/05/2022 16:10:39 PM - INFO - estimateQueueDelayDuration [-15.04468033222513] = queueDelayDelta [-0.2507446722037522] * numCount[1001]
04/05/2022 16:10:39 PM - INFO - [in this interval] signal is [Signal.NORMAL]
04/05/2022 16:10:39 PM - INFO - [in this interval] adaptiveThresholdGamma is [60.273477144125806]
04/05/2022 16:10:39 PM - INFO - [in this interval] state is [State.INCREASE]
04/05/2022 16:10:39 PM - INFO - [in this interval] now real rate is [0.5428408163265306]mbps
04/05/2022 16:10:39 PM - INFO - [in this interval] now real rtt is [3870]
04/05/2022 16:10:39 PM - INFO - [in this interval] aimd control rate is [0.9051528756088628] mbps
04/05/2022 16:10:39 PM - INFO - [in this interval] delay-rate is [0.9051528756088628] mbps
04/05/2022 16:10:39 PM - INFO - average delay [1744.0]
04/05/2022 16:10:39 PM - INFO - average delay [1735.0]
04/05/2022 16:10:39 PM - INFO - average delay [1688.75]
04/05/2022 16:10:39 PM - INFO - average delay [1712.5]
04/05/2022 16:10:39 PM - INFO - nowTs is [55252], lastTs is [54994]
04/05/2022 16:10:39 PM - INFO - [in this interval] loss-ratio is [0.4482758620689655]
04/05/2022 16:10:39 PM - INFO - [in this interval] group num is [13]
04/05/2022 16:10:39 PM - INFO - [in this interval] delayDelta from group is [[-24, -19, -22, -23, 22, 18, 7, -13, 6, -13, -23, -16]]
04/05/2022 16:10:39 PM - INFO - sample List of accDelay : [[-620.6210136723063, -621.4589123050756, -624.9130210745681, -628.7217189671112, -632.7495470704001, -635.3745923633601, -639.2371331270241, -643.3134198143217, -649.3820778328895, -656.7438700496006, -665.5694830446405, -675.8125347401764, -682.8312812661587, -687.3481531395428, -690.7133378255885, -695.0420040430297, -698.3378036387267, -702.6040232748541, -708.7436209473686, -715.8692588526318]]
04/05/2022 16:10:39 PM - INFO - sample List of time: [[54518, 54542, 54567, 54590, 54613, 54642, 54672, 54697, 54759, 54770, 54781, 54794, 54806, 54848, 54881, 54898, 54915, 54931, 54948, 54965]]
04/05/2022 16:10:39 PM - INFO - update trend: [-0.21898459664640826]
04/05/2022 16:10:39 PM - INFO - estimateQueueDelayDuration [-52.556303195137986] = queueDelayDelta [-0.875938386585633] * numCount[1001]
04/05/2022 16:10:39 PM - INFO - [in this interval] signal is [Signal.NORMAL]
04/05/2022 16:10:39 PM - INFO - [in this interval] adaptiveThresholdGamma is [60.134568013044024]
04/05/2022 16:10:39 PM - INFO - [in this interval] state is [State.INCREASE]
04/05/2022 16:10:39 PM - INFO - [in this interval] now real rate is [0.4314876033057851]mbps
04/05/2022 16:10:39 PM - INFO - [in this interval] now real rtt is [3726]
04/05/2022 16:10:39 PM - INFO - [in this interval] aimd control rate is [0.9089243459238998] mbps
04/05/2022 16:10:39 PM - INFO - [in this interval] delay-rate is [0.9089243459238998] mbps
04/05/2022 16:10:39 PM - INFO - average delay [1689.75]
04/05/2022 16:10:39 PM - INFO - average delay [1634.5]
04/05/2022 16:10:39 PM - INFO - average delay [1586.25]
04/05/2022 16:10:39 PM - INFO - average delay [1554.75]
04/05/2022 16:10:39 PM - INFO - nowTs is [55488], lastTs is [55252]
04/05/2022 16:10:39 PM - INFO - [in this interval] loss-ratio is [0.34782608695652173]
04/05/2022 16:10:39 PM - INFO - [in this interval] group num is [13]
04/05/2022 16:10:39 PM - INFO - [in this interval] delayDelta from group is [[-11, -20, -21, -15, -20, 6, 12, -28, -20, -3, -15, 11]]
04/05/2022 16:10:39 PM - INFO - sample List of accDelay : [[-682.8312812661587, -687.3481531395428, -690.7133378255885, -695.0420040430297, -698.3378036387267, -702.6040232748541, -708.7436209473686, -715.8692588526318, -723.3823329673686, -732.1440996706318, -742.1296897035686, -752.6167207332117, -764.0550486598904, -773.7495437939015, -781.2745894145113, -790.8471304730601, -801.4624174257541, -811.3161756831787, -821.6845581148608, -829.9161023033747]]
04/05/2022 16:10:39 PM - INFO - sample List of time: [[54806, 54848, 54881, 54898, 54915, 54931, 54948, 54965, 54994, 55008, 55023, 55037, 55052, 55067, 55083, 55105, 55122, 55137, 55169, 55184]]
04/05/2022 16:10:39 PM - INFO - update trend: [-0.43816407091556575]
04/05/2022 16:10:39 PM - INFO - estimateQueueDelayDuration [-105.15937701973579] = queueDelayDelta [-1.752656283662263] * numCount[1001]
04/05/2022 16:10:39 PM - INFO - [in this interval] signal is [Signal.UNDER_USE]
04/05/2022 16:10:39 PM - INFO - [in this interval] adaptiveThresholdGamma is [60.134568013044024]
04/05/2022 16:10:39 PM - INFO - [in this interval] state is [State.HOLD]
04/05/2022 16:10:39 PM - INFO - [in this interval] now real rate is [0.5015546558704453]mbps
04/05/2022 16:10:39 PM - INFO - [in this interval] now real rtt is [3468]
04/05/2022 16:10:39 PM - INFO - [in this interval] aimd control rate is [0.9089243459238998] mbps
04/05/2022 16:10:39 PM - INFO - [in this interval] delay-rate is [0.9089243459238998] mbps
04/05/2022 16:10:39 PM - INFO - average delay [1529.5]
04/05/2022 16:10:39 PM - INFO - average delay [1553.75]
04/05/2022 16:10:39 PM - INFO - average delay [1564.75]
04/05/2022 16:10:39 PM - INFO - average delay [1562.5]
04/05/2022 16:10:39 PM - INFO - nowTs is [55732], lastTs is [55488]
04/05/2022 16:10:39 PM - INFO - [in this interval] loss-ratio is [0.2608695652173913]
04/05/2022 16:10:39 PM - INFO - [in this interval] group num is [13]
04/05/2022 16:10:39 PM - INFO - [in this interval] delayDelta from group is [[15, 0, 6, -5, 10, 1, 4, -25, 11, 10, -20, -24]]
04/05/2022 16:10:39 PM - INFO - sample List of accDelay : [[-764.0550486598904, -773.7495437939015, -781.2745894145113, -790.8471304730601, -801.4624174257541, -811.3161756831787, -821.6845581148608, -829.9161023033747, -835.8244920730373, -841.1420428657335, -845.3278385791601, -849.5950547212441, -852.4355492491196, -854.8919943242076, -856.7027948917869, -860.8325154026081, -863.4492638623473, -864.8043374761124, -868.0239037285012, -873.3215133556511]]
04/05/2022 16:10:39 PM - INFO - sample List of time: [[55052, 55067, 55083, 55105, 55122, 55137, 55169, 55184, 55231, 55261, 55276, 55292, 55307, 55337, 55353, 55367, 55382, 55413, 55438, 55448]]
04/05/2022 16:10:39 PM - INFO - update trend: [-0.25268055218160157]
04/05/2022 16:10:39 PM - INFO - estimateQueueDelayDuration [-60.64333252358438] = queueDelayDelta [-1.0107222087264063] * numCount[1001]
04/05/2022 16:10:39 PM - INFO - [in this interval] signal is [Signal.UNDER_USE]
04/05/2022 16:10:39 PM - INFO - [in this interval] adaptiveThresholdGamma is [60.64333252358438]
04/05/2022 16:10:39 PM - INFO - [in this interval] state is [State.HOLD]
04/05/2022 16:10:39 PM - INFO - [in this interval] now real rate is [0.5630931174089069]mbps
04/05/2022 16:10:39 PM - INFO - [in this interval] now real rtt is [3456]
04/05/2022 16:10:39 PM - INFO - [in this interval] aimd control rate is [0.9089243459238998] mbps
04/05/2022 16:10:39 PM - INFO - [in this interval] delay-rate is [0.9089243459238998] mbps
04/05/2022 16:10:39 PM - INFO - average delay [1556.2]
04/05/2022 16:10:39 PM - INFO - average delay [1531.3333333333333]
04/05/2022 16:10:39 PM - INFO - average delay [1519.0]
04/05/2022 16:10:39 PM - INFO - average delay [1496.0]
04/05/2022 16:10:39 PM - INFO - nowTs is [55968], lastTs is [55732]
04/05/2022 16:10:39 PM - INFO - [in this interval] loss-ratio is [0.0]
04/05/2022 16:10:39 PM - INFO - [in this interval] group num is [13]
04/05/2022 16:10:39 PM - INFO - [in this interval] delayDelta from group is [[-5, -14, -4, 0, -9, -11, 10, -20, -19, -22, 19, 5]]
04/05/2022 16:10:39 PM - INFO - sample List of accDelay : [[-852.4355492491196, -854.8919943242076, -856.7027948917869, -860.8325154026081, -863.4492638623473, -864.8043374761124, -868.0239037285012, -873.3215133556511, -878.589362020086, -884.7304258180774, -890.6573832362697, -895.9916449126426, -901.6924804213784, -907.9232323792405, -912.5309091413164, -918.6778182271848, -926.1100364044663, -934.9990327640197, -941.0991294876178, -946.089216538856]]
04/05/2022 16:10:39 PM - INFO - sample List of time: [[55307, 55337, 55353, 55367, 55382, 55413, 55438, 55448, 55490, 55500, 55531, 55552, 55562, 55573, 55587, 55612, 55622, 55633, 55646, 55680]]
04/05/2022 16:10:39 PM - INFO - update trend: [-0.258918736320415]
04/05/2022 16:10:39 PM - INFO - estimateQueueDelayDuration [-62.140496716899605] = queueDelayDelta [-1.03567494528166] * numCount[1001]
04/05/2022 16:10:39 PM - INFO - [in this interval] signal is [Signal.UNDER_USE]
04/05/2022 16:10:39 PM - INFO - [in this interval] adaptiveThresholdGamma is [62.140496716899605]
04/05/2022 16:10:39 PM - INFO - [in this interval] state is [State.HOLD]
04/05/2022 16:10:39 PM - INFO - [in this interval] now real rate is [0.6699838709677419]mbps
04/05/2022 16:10:39 PM - INFO - [in this interval] now real rtt is [3348]
04/05/2022 16:10:39 PM - INFO - [in this interval] aimd control rate is [0.9089243459238998] mbps
04/05/2022 16:10:39 PM - INFO - [in this interval] delay-rate is [0.9089243459238998] mbps
04/05/2022 16:10:39 PM - INFO - average delay [1462.5]
04/05/2022 16:10:39 PM - INFO - average delay [1494.5]
04/05/2022 16:10:39 PM - INFO - average delay [1467.0]
04/05/2022 16:10:39 PM - INFO - average delay [1433.75]
04/05/2022 16:10:39 PM - INFO - nowTs is [56202], lastTs is [55968]
04/05/2022 16:10:39 PM - INFO - [in this interval] loss-ratio is [0.0]
04/05/2022 16:10:39 PM - INFO - [in this interval] group num is [13]
04/05/2022 16:10:39 PM - INFO - [in this interval] delayDelta from group is [[6, 14, 3, -21, -22, -17, -21, 2, 2, -8, -12, -13]]
04/05/2022 16:10:39 PM - INFO - sample List of accDelay : [[-901.6924804213784, -907.9232323792405, -912.5309091413164, -918.6778182271848, -926.1100364044663, -934.9990327640197, -941.0991294876178, -946.089216538856, -949.9802948849705, -952.0822653964734, -953.6740388568261, -957.2066349711434, -962.5859714740292, -969.1273743266262, -977.1146368939635, -984.1031732045672, -990.1928558841105, -996.4735702956995, -1003.3262132661296, -1010.7935919395165]]
04/05/2022 16:10:39 PM - INFO - sample List of time: [[55562, 55573, 55587, 55612, 55622, 55633, 55646, 55680, 55711, 55727, 55756, 55769, 55783, 55796, 55809, 55823, 55840, 55862, 55884, 55907]]
04/05/2022 16:10:39 PM - INFO - update trend: [-0.2906089047296178]
04/05/2022 16:10:39 PM - INFO - estimateQueueDelayDuration [-69.74613713510827] = queueDelayDelta [-1.1624356189184712] * numCount[1001]
04/05/2022 16:10:39 PM - INFO - [in this interval] signal is [Signal.UNDER_USE]
04/05/2022 16:10:39 PM - INFO - [in this interval] adaptiveThresholdGamma is [69.74613713510827]
04/05/2022 16:10:39 PM - INFO - [in this interval] state is [State.HOLD]
04/05/2022 16:10:39 PM - INFO - [in this interval] now real rate is [0.6679755600814663]mbps
04/05/2022 16:10:39 PM - INFO - [in this interval] now real rtt is [3196]
04/05/2022 16:10:39 PM - INFO - [in this interval] aimd control rate is [0.9089243459238998] mbps
04/05/2022 16:10:39 PM - INFO - [in this interval] delay-rate is [0.9089243459238998] mbps
04/05/2022 16:10:39 PM - INFO - average delay [1410.6666666666667]
04/05/2022 16:10:39 PM - INFO - average delay [1378.6666666666667]
04/05/2022 16:10:39 PM - INFO - average delay [1357.6666666666667]
04/05/2022 16:10:39 PM - INFO - average delay [1314.6666666666667]
04/05/2022 16:10:39 PM - INFO - nowTs is [56437], lastTs is [56202]
04/05/2022 16:10:39 PM - INFO - [in this interval] loss-ratio is [0.0]
04/05/2022 16:10:39 PM - INFO - [in this interval] group num is [10]
04/05/2022 16:10:39 PM - INFO - [in this interval] delayDelta from group is [[-12, -13, -7, -11, -16, -11, -15, 27, 10]]
04/05/2022 16:10:39 PM - INFO - sample List of accDelay : [[-952.0822653964734, -953.6740388568261, -957.2066349711434, -962.5859714740292, -969.1273743266262, -977.1146368939635, -984.1031732045672, -990.1928558841105, -996.4735702956995, -1003.3262132661296, -1010.7935919395165, -1018.7142327455649, -1027.1428094710084, -1035.4285285239075, -1043.9856756715167, -1053.287108104365, -1062.7583972939285, -1072.7825575645356, -1079.104301808082, -1083.7938716272738]]
04/05/2022 16:10:39 PM - INFO - sample List of time: [[55727, 55756, 55769, 55783, 55796, 55809, 55823, 55840, 55862, 55884, 55907, 55952, 55975, 55997, 56020, 56044, 56063, 56082, 56102, 56144]]
04/05/2022 16:10:39 PM - INFO - update trend: [-0.33707639338435336]
04/05/2022 16:10:39 PM - INFO - estimateQueueDelayDuration [-80.89833441224481] = queueDelayDelta [-1.3483055735374134] * numCount[1000]
04/05/2022 16:10:39 PM - INFO - [in this interval] signal is [Signal.UNDER_USE]
04/05/2022 16:10:39 PM - INFO - [in this interval] adaptiveThresholdGamma is [80.89833441224481]
04/05/2022 16:10:39 PM - INFO - [in this interval] state is [State.HOLD]
04/05/2022 16:10:39 PM - INFO - [in this interval] now real rate is [0.5170413223140495]mbps
04/05/2022 16:10:39 PM - INFO - [in this interval] now real rtt is [3086]
04/05/2022 16:10:39 PM - INFO - [in this interval] aimd control rate is [0.9089243459238998] mbps
04/05/2022 16:10:39 PM - INFO - [in this interval] delay-rate is [0.9089243459238998] mbps
04/05/2022 16:10:39 PM - INFO - average delay [1331.0]
04/05/2022 16:10:39 PM - INFO - average delay [1358.5]
04/05/2022 16:10:39 PM - INFO - average delay [1370.6]
04/05/2022 16:10:39 PM - INFO - average delay [1343.1666666666667]
04/05/2022 16:10:39 PM - INFO - nowTs is [56696], lastTs is [56437]
04/05/2022 16:10:39 PM - INFO - [in this interval] loss-ratio is [0.0]
04/05/2022 16:10:39 PM - INFO - [in this interval] group num is [14]
04/05/2022 16:10:39 PM - INFO - [in this interval] delayDelta from group is [[21, 2, -7, 2, 3, -17, -15, -17, -16, -21, -19, -15, -27]]
04/05/2022 16:10:39 PM - INFO - sample List of accDelay : [[-1035.4285285239075, -1043.9856756715167, -1053.287108104365, -1062.7583972939285, -1072.7825575645356, -1079.104301808082, -1083.7938716272738, -1085.9144844645464, -1087.6230360180919, -1089.8607324162826, -1091.6746591746544, -1093.0071932571889, -1095.90647393147, -1100.015826538323, -1105.4142438844906, -1111.8728194960415, -1119.7855375464374, -1128.8069837917935, -1138.426285412614, -1149.7836568713528]]
04/05/2022 16:10:39 PM - INFO - sample List of time: [[55997, 56020, 56044, 56063, 56082, 56102, 56144, 56184, 56240, 56252, 56265, 56292, 56305, 56318, 56343, 56356, 56370, 56384, 56400, 56415]]
04/05/2022 16:10:39 PM - INFO - update trend: [-0.20381560075293648]
04/05/2022 16:10:39 PM - INFO - estimateQueueDelayDuration [-48.915744180704756] = queueDelayDelta [-0.8152624030117459] * numCount[1001]
04/05/2022 16:10:39 PM - INFO - [in this interval] signal is [Signal.NORMAL]
04/05/2022 16:10:39 PM - INFO - [in this interval] adaptiveThresholdGamma is [80.32264778807709]
04/05/2022 16:10:39 PM - INFO - [in this interval] state is [State.INCREASE]
04/05/2022 16:10:39 PM - INFO - [in this interval] now real rate is [0.5960647773279352]mbps
04/05/2022 16:10:39 PM - INFO - [in this interval] now real rtt is [2854]
04/05/2022 16:10:39 PM - INFO - [in this interval] aimd control rate is [0.9127115306985828] mbps
04/05/2022 16:10:39 PM - INFO - [in this interval] delay-rate is [0.9127115306985828] mbps
04/05/2022 16:10:39 PM - INFO - average delay [1264.857142857143]
04/05/2022 16:10:39 PM - INFO - average delay [1228.1666666666667]
04/05/2022 16:10:39 PM - INFO - average delay [1223.5714285714287]
04/05/2022 16:10:39 PM - INFO - average delay [1188.6]
04/05/2022 16:10:39 PM - INFO - nowTs is [56904], lastTs is [56696]
04/05/2022 16:10:39 PM - INFO - [in this interval] loss-ratio is [0.0]
04/05/2022 16:10:39 PM - INFO - [in this interval] group num is [11]
04/05/2022 16:10:39 PM - INFO - [in this interval] delayDelta from group is [[-10, 18, -2, -16, -16, -9, -11, -20, -15, -19]]
04/05/2022 16:10:39 PM - INFO - sample List of accDelay : [[-1091.6746591746544, -1093.0071932571889, -1095.90647393147, -1100.015826538323, -1105.4142438844906, -1111.8728194960415, -1119.7855375464374, -1128.8069837917935, -1138.426285412614, -1149.7836568713528, -1161.0052911842176, -1169.3047620657958, -1176.9742858592163, -1185.4768572732946, -1194.729171545965, -1203.9562543913687, -1213.3606289522318, -1223.8245660570085, -1234.7421094513077, -1246.4678985061769]]
04/05/2022 16:10:39 PM - INFO - sample List of time: [[56265, 56292, 56305, 56318, 56343, 56356, 56370, 56384, 56400, 56415, 56431, 56446, 56484, 56502, 56521, 56540, 56571, 56585, 56600, 56615]]
04/05/2022 16:10:39 PM - INFO - update trend: [-0.4610784694804496]
04/05/2022 16:10:39 PM - INFO - estimateQueueDelayDuration [-110.6588326753079] = queueDelayDelta [-1.8443138779217985] * numCount[1001]
04/05/2022 16:10:39 PM - INFO - [in this interval] signal is [Signal.UNDER_USE]
04/05/2022 16:10:39 PM - INFO - [in this interval] adaptiveThresholdGamma is [80.32264778807709]
04/05/2022 16:10:39 PM - INFO - [in this interval] state is [State.HOLD]
04/05/2022 16:10:39 PM - INFO - [in this interval] now real rate is [0.7221683778234086]mbps
04/05/2022 16:10:39 PM - INFO - [in this interval] now real rtt is [2670]
04/05/2022 16:10:39 PM - INFO - [in this interval] aimd control rate is [0.9127115306985828] mbps
04/05/2022 16:10:39 PM - INFO - [in this interval] delay-rate is [0.9127115306985828] mbps
04/05/2022 16:10:39 PM - INFO - average delay [1161.75]
04/05/2022 16:10:39 PM - INFO - average delay [1137.5]
04/05/2022 16:10:39 PM - INFO - average delay [1137.5]
04/05/2022 16:10:39 PM - INFO - nowTs is [57105], lastTs is [56904]
04/05/2022 16:10:39 PM - INFO - [in this interval] loss-ratio is [0.0]
04/05/2022 16:10:39 PM - INFO - [in this interval] group num is [5]
04/05/2022 16:10:39 PM - INFO - [in this interval] delayDelta from group is [[5, 0, 25, 6]]
04/05/2022 16:10:39 PM - INFO - sample List of accDelay : [[-1105.4142438844906, -1111.8728194960415, -1119.7855375464374, -1128.8069837917935, -1138.426285412614, -1149.7836568713528, -1161.0052911842176, -1169.3047620657958, -1176.9742858592163, -1185.4768572732946, -1194.729171545965, -1203.9562543913687, -1213.3606289522318, -1223.8245660570085, -1234.7421094513077, -1246.4678985061769, -1256.5211086555594, -1265.5689977900036, -1271.2120980110033, -1275.6908882099028]]
04/05/2022 16:10:39 PM - INFO - sample List of time: [[56343, 56356, 56370, 56384, 56400, 56415, 56431, 56446, 56484, 56502, 56521, 56540, 56571, 56585, 56600, 56615, 56666, 56701, 56736, 56796]]
04/05/2022 16:10:39 PM - INFO - update trend: [-0.40943357525992297]
04/05/2022 16:10:39 PM - INFO - estimateQueueDelayDuration [-98.26405806238151] = queueDelayDelta [-1.6377343010396919] * numCount[1001]
04/05/2022 16:10:39 PM - INFO - [in this interval] signal is [Signal.UNDER_USE]
04/05/2022 16:10:39 PM - INFO - [in this interval] adaptiveThresholdGamma is [80.32264778807709]
04/05/2022 16:10:39 PM - INFO - [in this interval] state is [State.HOLD]
04/05/2022 16:10:39 PM - INFO - [in this interval] now real rate is [0.5895623721881391]mbps
04/05/2022 16:10:39 PM - INFO - [in this interval] now real rtt is [2742]
04/05/2022 16:10:39 PM - INFO - [in this interval] aimd control rate is [0.9127115306985828] mbps
04/05/2022 16:10:39 PM - INFO - [in this interval] delay-rate is [0.9127115306985828] mbps
04/05/2022 16:10:39 PM - INFO - average delay [1168.0]
04/05/2022 16:10:39 PM - INFO - average delay [1109.75]
04/05/2022 16:10:39 PM - INFO - average delay [1063.4285714285713]
04/05/2022 16:10:39 PM - INFO - average delay [1061.6666666666667]
04/05/2022 16:10:39 PM - INFO - nowTs is [57349], lastTs is [57105]
04/05/2022 16:10:39 PM - INFO - [in this interval] loss-ratio is [0.0]
04/05/2022 16:10:39 PM - INFO - [in this interval] group num is [16]
04/05/2022 16:10:39 PM - INFO - [in this interval] delayDelta from group is [[-20, -15, -19, -20, -18, -8, 3, 12, 3, -1, -6, -25, -21, -15, -20]]
04/05/2022 16:10:39 PM - INFO - sample List of accDelay : [[-1246.4678985061769, -1256.5211086555594, -1265.5689977900036, -1271.2120980110033, -1275.6908882099028, -1281.7217993889126, -1288.6496194500212, -1296.7846575050191, -1306.1061917545173, -1316.2955725790655, -1326.2660153211589, -1334.9394137890429, -1341.5454724101385, -1347.1909251691245, -1352.371832652212, -1357.634649386991, -1364.8711844482918, -1373.4840660034627, -1382.7356594031164, -1393.0620934628048]]
04/05/2022 16:10:39 PM - INFO - sample List of time: [[56615, 56666, 56701, 56736, 56796, 56846, 56861, 56876, 56892, 56907, 56924, 56951, 56964, 56991, 57004, 57013, 57022, 57032, 57046, 57061]]
04/05/2022 16:10:39 PM - INFO - update trend: [-0.3235628818856437]
04/05/2022 16:10:39 PM - INFO - estimateQueueDelayDuration [-77.65509165255449] = queueDelayDelta [-1.2942515275425748] * numCount[1000]
04/05/2022 16:10:39 PM - INFO - [in this interval] signal is [Signal.NORMAL]
04/05/2022 16:10:39 PM - INFO - [in this interval] adaptiveThresholdGamma is [80.27463177763768]
04/05/2022 16:10:39 PM - INFO - [in this interval] state is [State.INCREASE]
04/05/2022 16:10:39 PM - INFO - [in this interval] now real rate is [0.5911038696537678]mbps
04/05/2022 16:10:39 PM - INFO - [in this interval] now real rtt is [2360]
04/05/2022 16:10:39 PM - INFO - [in this interval] aimd control rate is [0.9165144954098269] mbps
04/05/2022 16:10:39 PM - INFO - [in this interval] delay-rate is [0.9165144954098269] mbps
04/05/2022 16:10:39 PM - INFO - average delay [1018.4000000000001]
04/05/2022 16:10:39 PM - INFO - average delay [951.0]
04/05/2022 16:10:39 PM - INFO - average delay [942.5]
04/05/2022 16:10:39 PM - INFO - average delay [940.5]
04/05/2022 16:10:39 PM - INFO - nowTs is [57591], lastTs is [57349]
04/05/2022 16:10:39 PM - INFO - [in this interval] loss-ratio is [0.0]
04/05/2022 16:10:39 PM - INFO - [in this interval] group num is [8]
04/05/2022 16:10:39 PM - INFO - [in this interval] delayDelta from group is [[-5, -5, -5, 1, -2, 1, 6]]
04/05/2022 16:10:39 PM - INFO - sample List of accDelay : [[-1296.7846575050191, -1306.1061917545173, -1316.2955725790655, -1326.2660153211589, -1334.9394137890429, -1341.5454724101385, -1347.1909251691245, -1352.371832652212, -1357.634649386991, -1364.8711844482918, -1373.4840660034627, -1382.7356594031164, -1393.0620934628048, -1402.8558841165243, -1412.1702957048717, -1421.0532661343846, -1428.9479395209462, -1436.2531455688516, -1442.7278310119664, -1447.9550479107697]]
04/05/2022 16:10:39 PM - INFO - sample List of time: [[56876, 56892, 56907, 56924, 56951, 56964, 56991, 57004, 57013, 57022, 57032, 57046, 57061, 57092, 57122, 57152, 57182, 57213, 57246, 57282]]
04/05/2022 16:10:39 PM - INFO - update trend: [-0.3900075962472729]
04/05/2022 16:10:39 PM - INFO - estimateQueueDelayDuration [-93.6018230993455] = queueDelayDelta [-1.5600303849890915] * numCount[1001]
04/05/2022 16:10:39 PM - INFO - [in this interval] signal is [Signal.UNDER_USE]
04/05/2022 16:10:39 PM - INFO - [in this interval] adaptiveThresholdGamma is [93.6018230993455]
04/05/2022 16:10:39 PM - INFO - [in this interval] state is [State.HOLD]
04/05/2022 16:10:39 PM - INFO - [in this interval] now real rate is [0.6501069958847737]mbps
04/05/2022 16:10:39 PM - INFO - [in this interval] now real rtt is [2304]
04/05/2022 16:10:39 PM - INFO - [in this interval] aimd control rate is [0.9165144954098269] mbps
04/05/2022 16:10:39 PM - INFO - [in this interval] delay-rate is [0.9165144954098269] mbps
04/05/2022 16:10:39 PM - INFO - average delay [942.5]
04/05/2022 16:10:39 PM - INFO - average delay [944.6666666666667]
04/05/2022 16:10:39 PM - INFO - average delay [951.25]
04/05/2022 16:10:39 PM - INFO - average delay [967.0]
04/05/2022 16:10:39 PM - INFO - nowTs is [57811], lastTs is [57591]
04/05/2022 16:10:39 PM - INFO - [in this interval] loss-ratio is [0.0]
04/05/2022 16:10:39 PM - INFO - [in this interval] group num is [5]
04/05/2022 16:10:39 PM - INFO - [in this interval] delayDelta from group is [[2, 6, 20, 21]]
04/05/2022 16:10:39 PM - INFO - sample List of accDelay : [[-1334.9394137890429, -1341.5454724101385, -1347.1909251691245, -1352.371832652212, -1357.634649386991, -1364.8711844482918, -1373.4840660034627, -1382.7356594031164, -1393.0620934628048, -1402.8558841165243, -1412.1702957048717, -1421.0532661343846, -1428.9479395209462, -1436.2531455688516, -1442.7278310119664, -1447.9550479107697, -1452.4595431196929, -1455.9135888077237, -1457.0222299269515, -1455.9200069342562]]
04/05/2022 16:10:39 PM - INFO - sample List of time: [[56951, 56964, 56991, 57004, 57013, 57022, 57032, 57046, 57061, 57092, 57122, 57152, 57182, 57213, 57246, 57282, 57354, 57391, 57427, 57482]]
04/05/2022 16:10:39 PM - INFO - update trend: [-0.24783493647670127]
04/05/2022 16:10:39 PM - INFO - estimateQueueDelayDuration [-59.480384754408306] = queueDelayDelta [-0.9913397459068051] * numCount[1001]
04/05/2022 16:10:39 PM - INFO - [in this interval] signal is [Signal.NORMAL]
04/05/2022 16:10:39 PM - INFO - [in this interval] adaptiveThresholdGamma is [92.98763720913662]
04/05/2022 16:10:39 PM - INFO - [in this interval] state is [State.INCREASE]
04/05/2022 16:10:39 PM - INFO - [in this interval] now real rate is [0.4753821138211382]mbps
04/05/2022 16:10:39 PM - INFO - [in this interval] now real rtt is [2404]
04/05/2022 16:10:39 PM - INFO - [in this interval] aimd control rate is [0.9203333058073678] mbps
04/05/2022 16:10:39 PM - INFO - [in this interval] delay-rate is [0.9203333058073678] mbps
04/05/2022 16:10:39 PM - INFO - average delay [987.3333333333333]
04/05/2022 16:10:39 PM - INFO - average delay [1019.6666666666667]
04/05/2022 16:10:39 PM - INFO - average delay [1037.0]
04/05/2022 16:10:39 PM - INFO - nowTs is [58011], lastTs is [57811]
04/05/2022 16:10:39 PM - INFO - [in this interval] loss-ratio is [0.0]
04/05/2022 16:10:39 PM - INFO - [in this interval] group num is [5]
04/05/2022 16:10:39 PM - INFO - [in this interval] delayDelta from group is [[21, -1, 6, -12]]
04/05/2022 16:10:39 PM - INFO - sample List of accDelay : [[-1357.634649386991, -1364.8711844482918, -1373.4840660034627, -1382.7356594031164, -1393.0620934628048, -1402.8558841165243, -1412.1702957048717, -1421.0532661343846, -1428.9479395209462, -1436.2531455688516, -1442.7278310119664, -1447.9550479107697, -1452.4595431196929, -1455.9135888077237, -1457.0222299269515, -1455.9200069342562, -1452.8280062408305, -1450.1452056167475, -1447.1306850550727, -1445.6176165495656]]
04/05/2022 16:10:39 PM - INFO - sample List of time: [[57013, 57022, 57032, 57046, 57061, 57092, 57122, 57152, 57182, 57213, 57246, 57282, 57354, 57391, 57427, 57482, 57594, 57650, 57684, 57720]]
04/05/2022 16:10:39 PM - INFO - update trend: [-0.11339584439902613]
04/05/2022 16:10:39 PM - INFO - estimateQueueDelayDuration [-27.21500265576627] = queueDelayDelta [-0.4535833775961045] * numCount[1001]
04/05/2022 16:10:39 PM - INFO - [in this interval] signal is [Signal.NORMAL]
04/05/2022 16:10:39 PM - INFO - [in this interval] adaptiveThresholdGamma is [91.80372978717595]
04/05/2022 16:10:39 PM - INFO - [in this interval] state is [State.INCREASE]
04/05/2022 16:10:39 PM - INFO - [in this interval] now real rate is [0.43146341463414634]mbps
04/05/2022 16:10:39 PM - INFO - [in this interval] now real rtt is [2484]
04/05/2022 16:10:39 PM - INFO - [in this interval] aimd control rate is [0.9241680279148985] mbps
04/05/2022 16:10:39 PM - INFO - [in this interval] delay-rate is [0.9241680279148985] mbps
04/05/2022 16:10:39 PM - INFO - average delay [1046.25]
04/05/2022 16:10:39 PM - INFO - average delay [1051.3333333333333]
04/05/2022 16:10:39 PM - INFO - average delay [1054.75]
04/05/2022 16:10:39 PM - INFO - average delay [1055.75]
04/05/2022 16:10:39 PM - INFO - nowTs is [58242], lastTs is [58011]
04/05/2022 16:10:39 PM - INFO - [in this interval] loss-ratio is [0.0]
04/05/2022 16:10:39 PM - INFO - [in this interval] group num is [7]
04/05/2022 16:10:39 PM - INFO - [in this interval] delayDelta from group is [[1, 5, 0, 0, 5, 2]]
04/05/2022 16:10:39 PM - INFO - sample List of accDelay : [[-1412.1702957048717, -1421.0532661343846, -1428.9479395209462, -1436.2531455688516, -1442.7278310119664, -1447.9550479107697, -1452.4595431196929, -1455.9135888077237, -1457.0222299269515, -1455.9200069342562, -1452.8280062408305, -1450.1452056167475, -1447.1306850550727, -1445.6176165495656, -1444.1558548946089, -1442.3402694051479, -1440.706242464633, -1439.2356182181697, -1437.4120563963527, -1435.5708507567174]]
04/05/2022 16:10:39 PM - INFO - sample List of time: [[57122, 57152, 57182, 57213, 57246, 57282, 57354, 57391, 57427, 57482, 57594, 57650, 57684, 57720, 57756, 57792, 57827, 57862, 57897, 57932]]
04/05/2022 16:10:39 PM - INFO - update trend: [-0.011855827276814702]
04/05/2022 16:10:39 PM - INFO - estimateQueueDelayDuration [-2.8453985464355287] = queueDelayDelta [-0.04742330910725881] * numCount[1001]
04/05/2022 16:10:39 PM - INFO - [in this interval] signal is [Signal.NORMAL]
04/05/2022 16:10:39 PM - INFO - [in this interval] adaptiveThresholdGamma is [90.20247982484263]
04/05/2022 16:10:39 PM - INFO - [in this interval] state is [State.INCREASE]
04/05/2022 16:10:39 PM - INFO - [in this interval] now real rate is [0.4749240246406571]mbps
04/05/2022 16:10:39 PM - INFO - [in this interval] now real rtt is [2536]
04/05/2022 16:10:39 PM - INFO - [in this interval] aimd control rate is [0.9280187280312105] mbps
04/05/2022 16:10:39 PM - INFO - [in this interval] delay-rate is [0.9280187280312105] mbps
04/05/2022 16:10:39 PM - INFO - average delay [1060.25]
04/05/2022 16:10:39 PM - INFO - average delay [1065.25]
04/05/2022 16:10:39 PM - INFO - average delay [1053.8333333333333]
04/05/2022 16:10:39 PM - INFO - average delay [1028.3333333333333]
04/05/2022 16:10:39 PM - INFO - nowTs is [58499], lastTs is [58242]
04/05/2022 16:10:39 PM - INFO - [in this interval] loss-ratio is [0.0]
04/05/2022 16:10:39 PM - INFO - [in this interval] group num is [10]
04/05/2022 16:10:39 PM - INFO - [in this interval] delayDelta from group is [[5, -12, -12, -7, -11, -12, -7, -12, -11]]
04/05/2022 16:10:39 PM - INFO - sample List of accDelay : [[-1455.9200069342562, -1452.8280062408305, -1450.1452056167475, -1447.1306850550727, -1445.6176165495656, -1444.1558548946089, -1442.3402694051479, -1440.706242464633, -1439.2356182181697, -1437.4120563963527, -1435.5708507567174, -1433.4137656810458, -1432.6723891129411, -1433.205150201647, -1434.3846351814823, -1436.546171663334, -1439.6915544970007, -1443.2223990473005, -1447.6001591425706, -1452.6401432283135]]
04/05/2022 16:10:39 PM - INFO - sample List of time: [[57482, 57594, 57650, 57684, 57720, 57756, 57792, 57827, 57862, 57897, 57932, 58005, 58040, 58063, 58086, 58109, 58133, 58156, 58179, 58202]]
04/05/2022 16:10:39 PM - INFO - update trend: [0.017125621154331677]
04/05/2022 16:10:39 PM - INFO - estimateQueueDelayDuration [4.110149077039602] = queueDelayDelta [0.0685024846173267] * numCount[1000]
04/05/2022 16:10:39 PM - INFO - [in this interval] signal is [Signal.NORMAL]
04/05/2022 16:10:39 PM - INFO - [in this interval] adaptiveThresholdGamma is [88.65281787138217]
04/05/2022 16:10:39 PM - INFO - [in this interval] state is [State.INCREASE]
04/05/2022 16:10:39 PM - INFO - [in this interval] now real rate is [0.6685901639344262]mbps
04/05/2022 16:10:39 PM - INFO - [in this interval] now real rtt is [2380]
04/05/2022 16:10:39 PM - INFO - [in this interval] aimd control rate is [0.9318854727313407] mbps
04/05/2022 16:10:39 PM - INFO - [in this interval] delay-rate is [0.9318854727313407] mbps
04/05/2022 16:10:39 PM - INFO - average delay [998.0]
04/05/2022 16:10:39 PM - INFO - average delay [996.0]
04/05/2022 16:10:39 PM - INFO - average delay [1000.6666666666667]
04/05/2022 16:10:39 PM - INFO - average delay [1015.3333333333333]
04/05/2022 16:10:39 PM - INFO - nowTs is [58725], lastTs is [58499]
04/05/2022 16:10:39 PM - INFO - [in this interval] loss-ratio is [0.1]
04/05/2022 16:10:39 PM - INFO - [in this interval] group num is [5]
04/05/2022 16:10:39 PM - INFO - [in this interval] delayDelta from group is [[13, 13, 19, 10]]
04/05/2022 16:10:39 PM - INFO - sample List of accDelay : [[-1445.6176165495656, -1444.1558548946089, -1442.3402694051479, -1440.706242464633, -1439.2356182181697, -1437.4120563963527, -1435.5708507567174, -1433.4137656810458, -1432.6723891129411, -1433.205150201647, -1434.3846351814823, -1436.546171663334, -1439.6915544970007, -1443.2223990473005, -1447.6001591425706, -1452.6401432283135, -1455.8761289054821, -1457.488516014934, -1457.0396644134405, -1455.6356979720965]]
04/05/2022 16:10:39 PM - INFO - sample List of time: [[57720, 57756, 57792, 57827, 57862, 57897, 57932, 58005, 58040, 58063, 58086, 58109, 58133, 58156, 58179, 58202, 58262, 58310, 58358, 58407]]
04/05/2022 16:10:39 PM - INFO - update trend: [-0.023929262027221454]
04/05/2022 16:10:39 PM - INFO - estimateQueueDelayDuration [-5.743022886533149] = queueDelayDelta [-0.09571704810888582] * numCount[1000]
04/05/2022 16:10:39 PM - INFO - [in this interval] signal is [Signal.NORMAL]
04/05/2022 16:10:39 PM - INFO - [in this interval] adaptiveThresholdGamma is [87.16044156165489]
04/05/2022 16:10:39 PM - INFO - [in this interval] state is [State.INCREASE]
04/05/2022 16:10:39 PM - INFO - [in this interval] now real rate is [0.6022028985507246]mbps
04/05/2022 16:10:39 PM - INFO - [in this interval] now real rtt is [2502]
04/05/2022 16:10:39 PM - INFO - [in this interval] aimd control rate is [0.9357683288677212] mbps
04/05/2022 16:10:39 PM - INFO - [in this interval] delay-rate is [0.9357683288677212] mbps
04/05/2022 16:10:39 PM - INFO - average delay [1041.3333333333333]
04/05/2022 16:10:39 PM - INFO - average delay [1056.0]
04/05/2022 16:10:39 PM - INFO - average delay [1076.3333333333333]
04/05/2022 16:10:39 PM - INFO - average delay [1090.6666666666667]
04/05/2022 16:10:39 PM - INFO - nowTs is [58964], lastTs is [58725]
04/05/2022 16:10:39 PM - INFO - [in this interval] loss-ratio is [0.0]
04/05/2022 16:10:39 PM - INFO - [in this interval] group num is [5]
04/05/2022 16:10:39 PM - INFO - [in this interval] delayDelta from group is [[19, 14, 14, 12]]
04/05/2022 16:10:39 PM - INFO - sample List of accDelay : [[-1439.2356182181697, -1437.4120563963527, -1435.5708507567174, -1433.4137656810458, -1432.6723891129411, -1433.205150201647, -1434.3846351814823, -1436.546171663334, -1439.6915544970007, -1443.2223990473005, -1447.6001591425706, -1452.6401432283135, -1455.8761289054821, -1457.488516014934, -1457.0396644134405, -1455.6356979720965, -1452.472128174887, -1448.2249153573985, -1443.0024238216586, -1437.1021814394926]]
04/05/2022 16:10:39 PM - INFO - sample List of time: [[57862, 57897, 57932, 58005, 58040, 58063, 58086, 58109, 58133, 58156, 58179, 58202, 58262, 58310, 58358, 58407, 58502, 58551, 58600, 58649]]
04/05/2022 16:10:39 PM - INFO - update trend: [-0.019748196738370243]
04/05/2022 16:10:39 PM - INFO - estimateQueueDelayDuration [-4.739567217208858] = queueDelayDelta [-0.07899278695348097] * numCount[1000]
04/05/2022 16:10:39 PM - INFO - [in this interval] signal is [Signal.NORMAL]
04/05/2022 16:10:39 PM - INFO - [in this interval] adaptiveThresholdGamma is [85.67686582345486]
04/05/2022 16:10:39 PM - INFO - [in this interval] state is [State.INCREASE]
04/05/2022 16:10:39 PM - INFO - [in this interval] now real rate is [0.43352]mbps
04/05/2022 16:10:39 PM - INFO - [in this interval] now real rtt is [2650]
04/05/2022 16:10:39 PM - INFO - [in this interval] aimd control rate is [0.9396673635713367] mbps
04/05/2022 16:10:39 PM - INFO - [in this interval] delay-rate is [0.9396673635713367] mbps
04/05/2022 16:10:39 PM - INFO - average delay [1115.6666666666667]
04/05/2022 16:10:39 PM - INFO - average delay [1123.6666666666667]
04/05/2022 16:10:39 PM - INFO - average delay [1141.3333333333333]
04/05/2022 16:10:39 PM - INFO - average delay [1142.0]
04/05/2022 16:10:39 PM - INFO - nowTs is [59209], lastTs is [58964]
04/05/2022 16:10:39 PM - INFO - [in this interval] loss-ratio is [0.0]
04/05/2022 16:10:39 PM - INFO - [in this interval] group num is [7]
04/05/2022 16:10:39 PM - INFO - [in this interval] delayDelta from group is [[7, 11, 0, -7, -1, -7]]
04/05/2022 16:10:39 PM - INFO - sample List of accDelay : [[-1434.3846351814823, -1436.546171663334, -1439.6915544970007, -1443.2223990473005, -1447.6001591425706, -1452.6401432283135, -1455.8761289054821, -1457.488516014934, -1457.0396644134405, -1455.6356979720965, -1452.472128174887, -1448.2249153573985, -1443.0024238216586, -1437.1021814394926, -1431.0919632955433, -1424.5827669659889, -1418.72449026939, -1414.1520412424509, -1410.1368371182057, -1407.223153406385]]
04/05/2022 16:10:39 PM - INFO - sample List of time: [[58086, 58109, 58133, 58156, 58179, 58202, 58262, 58310, 58358, 58407, 58502, 58551, 58600, 58649, 58733, 58775, 58816, 58851, 58879, 58908]]
04/05/2022 16:10:39 PM - INFO - update trend: [0.03930326776650283]
04/05/2022 16:10:39 PM - INFO - estimateQueueDelayDuration [9.432784263960679] = queueDelayDelta [0.15721307106601132] * numCount[1000]
04/05/2022 16:10:39 PM - INFO - [in this interval] signal is [Signal.NORMAL]
04/05/2022 16:10:39 PM - INFO - [in this interval] adaptiveThresholdGamma is [84.30447235538396]
04/05/2022 16:10:39 PM - INFO - [in this interval] state is [State.INCREASE]
04/05/2022 16:10:39 PM - INFO - [in this interval] now real rate is [0.47203305785123967]mbps
04/05/2022 16:10:39 PM - INFO - [in this interval] now real rtt is [2670]
04/05/2022 16:10:39 PM - INFO - [in this interval] aimd control rate is [0.943582644252884] mbps
04/05/2022 16:10:39 PM - INFO - [in this interval] delay-rate is [0.943582644252884] mbps
04/05/2022 16:10:39 PM - INFO - average delay [1135.8]
04/05/2022 16:10:39 PM - INFO - average delay [1122.75]
04/05/2022 16:10:39 PM - INFO - average delay [1115.2]
04/05/2022 16:10:39 PM - INFO - average delay [1102.2]
04/05/2022 16:10:39 PM - INFO - nowTs is [59455], lastTs is [59209]
04/05/2022 16:10:39 PM - INFO - [in this interval] loss-ratio is [0.0]
04/05/2022 16:10:39 PM - INFO - [in this interval] group num is [9]
04/05/2022 16:10:39 PM - INFO - [in this interval] delayDelta from group is [[-1, -7, -6, -1, -6, -6, -1, -14]]
04/05/2022 16:10:39 PM - INFO - sample List of accDelay : [[-1457.0396644134405, -1455.6356979720965, -1452.472128174887, -1448.2249153573985, -1443.0024238216586, -1437.1021814394926, -1431.0919632955433, -1424.5827669659889, -1418.72449026939, -1414.1520412424509, -1410.1368371182057, -1407.223153406385, -1404.7008380657467, -1403.1307542591721, -1402.317678833255, -1401.6859109499294, -1401.7173198549365, -1402.3455878694429, -1403.0110290824987, -1405.009926174249]]
04/05/2022 16:10:39 PM - INFO - sample List of time: [[58358, 58407, 58502, 58551, 58600, 58649, 58733, 58775, 58816, 58851, 58879, 58908, 58964, 58993, 59021, 59050, 59079, 59108, 59137, 59166]]
04/05/2022 16:10:39 PM - INFO - update trend: [0.08054192304220004]
04/05/2022 16:10:39 PM - INFO - estimateQueueDelayDuration [19.33006153012801] = queueDelayDelta [0.32216769216880015] * numCount[1000]
04/05/2022 16:10:39 PM - INFO - [in this interval] signal is [Signal.NORMAL]
04/05/2022 16:10:39 PM - INFO - [in this interval] adaptiveThresholdGamma is [83.13493296052935]
04/05/2022 16:10:39 PM - INFO - [in this interval] state is [State.INCREASE]
04/05/2022 16:10:39 PM - INFO - [in this interval] now real rate is [0.6094989816700611]mbps
04/05/2022 16:10:39 PM - INFO - [in this interval] now real rtt is [2572]
04/05/2022 16:10:39 PM - INFO - [in this interval] aimd control rate is [0.9475142386039377] mbps
04/05/2022 16:10:39 PM - INFO - [in this interval] delay-rate is [0.9475142386039377] mbps
04/05/2022 16:10:39 PM - INFO - average delay [1094.5]
04/05/2022 16:10:39 PM - INFO - average delay [1086.5]
04/05/2022 16:10:39 PM - INFO - average delay [1087.75]
04/05/2022 16:10:39 PM - INFO - average delay [1101.3333333333333]
04/05/2022 16:10:39 PM - INFO - nowTs is [59679], lastTs is [59455]
04/05/2022 16:10:39 PM - INFO - [in this interval] loss-ratio is [0.0]
04/05/2022 16:10:39 PM - INFO - [in this interval] group num is [7]
04/05/2022 16:10:39 PM - INFO - [in this interval] delayDelta from group is [[-6, 5, 7, 6, 11, -9]]
04/05/2022 16:10:39 PM - INFO - sample List of accDelay : [[-1431.0919632955433, -1424.5827669659889, -1418.72449026939, -1414.1520412424509, -1410.1368371182057, -1407.223153406385, -1404.7008380657467, -1403.1307542591721, -1402.317678833255, -1401.6859109499294, -1401.7173198549365, -1402.3455878694429, -1403.0110290824987, -1405.009926174249, -1407.4089335568242, -1409.0680402011417, -1409.8612361810276, -1409.9751125629248, -1408.9776013066323, -1408.9798411759689]]
04/05/2022 16:10:39 PM - INFO - sample List of time: [[58733, 58775, 58816, 58851, 58879, 58908, 58964, 58993, 59021, 59050, 59079, 59108, 59137, 59166, 59197, 59226, 59261, 59303, 59344, 59385]]
04/05/2022 16:10:39 PM - INFO - update trend: [0.0210810312753577]
04/05/2022 16:10:39 PM - INFO - estimateQueueDelayDuration [5.0594475060858475] = queueDelayDelta [0.0843241251014308] * numCount[1000]
04/05/2022 16:10:39 PM - INFO - [in this interval] signal is [Signal.NORMAL]
04/05/2022 16:10:39 PM - INFO - [in this interval] adaptiveThresholdGamma is [81.72957422234937]
04/05/2022 16:10:39 PM - INFO - [in this interval] state is [State.INCREASE]
04/05/2022 16:10:39 PM - INFO - [in this interval] now real rate is [0.6146827309236947]mbps
04/05/2022 16:10:39 PM - INFO - [in this interval] now real rtt is [2620]
04/05/2022 16:10:39 PM - INFO - [in this interval] aimd control rate is [0.9514622145981207] mbps
04/05/2022 16:10:39 PM - INFO - [in this interval] delay-rate is [0.9514622145981207] mbps
04/05/2022 16:10:39 PM - INFO - average delay [1111.0]
04/05/2022 16:10:39 PM - INFO - average delay [1125.3333333333333]
04/05/2022 16:10:39 PM - INFO - average delay [1137.0]
04/05/2022 16:10:39 PM - INFO - average delay [1153.3333333333333]
04/05/2022 16:10:39 PM - INFO - nowTs is [59932], lastTs is [59679]
04/05/2022 16:10:39 PM - INFO - [in this interval] loss-ratio is [0.0]
04/05/2022 16:10:39 PM - INFO - [in this interval] group num is [7]
04/05/2022 16:10:39 PM - INFO - [in this interval] delayDelta from group is [[7, 12, 9, 7, 13, -11]]
04/05/2022 16:10:39 PM - INFO - sample List of accDelay : [[-1404.7008380657467, -1403.1307542591721, -1402.317678833255, -1401.6859109499294, -1401.7173198549365, -1402.3455878694429, -1403.0110290824987, -1405.009926174249, -1407.4089335568242, -1409.0680402011417, -1409.8612361810276, -1409.9751125629248, -1408.9776013066323, -1408.9798411759689, -1408.281857058372, -1406.453671352535, -1403.9083042172813, -1400.9174737955532, -1396.9257264159978, -1394.433153774398]]
04/05/2022 16:10:39 PM - INFO - sample List of time: [[58964, 58993, 59021, 59050, 59079, 59108, 59137, 59166, 59197, 59226, 59261, 59303, 59344, 59385, 59427, 59469, 59511, 59555, 59597, 59640]]
04/05/2022 16:10:39 PM - INFO - update trend: [0.003910040657788129]
04/05/2022 16:10:39 PM - INFO - estimateQueueDelayDuration [0.9384097578691509] = queueDelayDelta [0.015640162631152515] * numCount[1000]
04/05/2022 16:10:39 PM - INFO - [in this interval] signal is [Signal.NORMAL]
04/05/2022 16:10:39 PM - INFO - [in this interval] adaptiveThresholdGamma is [80.27533326198872]
04/05/2022 16:10:39 PM - INFO - [in this interval] state is [State.INCREASE]
04/05/2022 16:10:39 PM - INFO - [in this interval] now real rate is [0.5198377281947262]mbps
04/05/2022 16:10:39 PM - INFO - [in this interval] now real rtt is [2726]
04/05/2022 16:10:39 PM - INFO - [in this interval] aimd control rate is [0.9554266404922797] mbps
04/05/2022 16:10:39 PM - INFO - [in this interval] delay-rate is [0.9554266404922797] mbps
04/05/2022 16:10:39 PM - INFO - average delay [1165.0]
04/05/2022 16:10:39 PM - INFO - average delay [1183.3333333333333]
04/05/2022 16:10:39 PM - INFO - average delay [1194.5]
04/05/2022 16:10:39 PM - INFO - average delay [1200.5]
04/05/2022 16:10:39 PM - INFO - nowTs is [60159], lastTs is [59932]
04/05/2022 16:10:39 PM - INFO - [in this interval] loss-ratio is [0.0]
04/05/2022 16:10:39 PM - INFO - [in this interval] group num is [6]
04/05/2022 16:10:39 PM - INFO - [in this interval] delayDelta from group is [[8, 7, 2, 13, 5]]
04/05/2022 16:10:39 PM - INFO - sample List of accDelay : [[-1402.3455878694429, -1403.0110290824987, -1405.009926174249, -1407.4089335568242, -1409.0680402011417, -1409.8612361810276, -1409.9751125629248, -1408.9776013066323, -1408.9798411759689, -1408.281857058372, -1406.453671352535, -1403.9083042172813, -1400.9174737955532, -1396.9257264159978, -1394.433153774398, -1391.389838396958, -1387.9508545572623, -1384.6557691015362, -1380.3901921913825, -1376.0511729722443]]
04/05/2022 16:10:39 PM - INFO - sample List of time: [[59108, 59137, 59166, 59197, 59226, 59261, 59303, 59344, 59385, 59427, 59469, 59511, 59555, 59597, 59640, 59696, 59734, 59771, 59808, 59856]]
04/05/2022 16:10:39 PM - INFO - update trend: [0.03697628418398041]
04/05/2022 16:10:39 PM - INFO - estimateQueueDelayDuration [8.874308204155298] = queueDelayDelta [0.14790513673592165] * numCount[1001]
04/05/2022 16:10:39 PM - INFO - [in this interval] signal is [Signal.NORMAL]
04/05/2022 16:10:39 PM - INFO - [in this interval] adaptiveThresholdGamma is [78.99011481094772]
04/05/2022 16:10:39 PM - INFO - [in this interval] state is [State.INCREASE]
04/05/2022 16:10:39 PM - INFO - [in this interval] now real rate is [0.4988666666666667]mbps
04/05/2022 16:10:39 PM - INFO - [in this interval] now real rtt is [2850]
04/05/2022 16:10:39 PM - INFO - [in this interval] aimd control rate is [0.9594075848276642] mbps
04/05/2022 16:10:39 PM - INFO - [in this interval] delay-rate is [0.9594075848276642] mbps
04/05/2022 16:10:39 PM - INFO - average delay [1213.6666666666667]
04/05/2022 16:10:39 PM - INFO - average delay [1248.5]
04/05/2022 16:10:39 PM - INFO - average delay [1272.5]
04/05/2022 16:10:39 PM - INFO - average delay [1304.0]
04/05/2022 16:10:39 PM - INFO - average delay [1327.5]
04/05/2022 16:10:39 PM - INFO - nowTs is [60461], lastTs is [60159]
04/05/2022 16:10:39 PM - INFO - [in this interval] loss-ratio is [0.0]
04/05/2022 16:10:39 PM - INFO - [in this interval] group num is [5]
04/05/2022 16:10:39 PM - INFO - [in this interval] delayDelta from group is [[23, 25, 47, 43]]
04/05/2022 16:10:39 PM - INFO - sample List of accDelay : [[-1409.0680402011417, -1409.8612361810276, -1409.9751125629248, -1408.9776013066323, -1408.9798411759689, -1408.281857058372, -1406.453671352535, -1403.9083042172813, -1400.9174737955532, -1396.9257264159978, -1394.433153774398, -1391.389838396958, -1387.9508545572623, -1384.6557691015362, -1380.3901921913825, -1376.0511729722443, -1369.8460556750201, -1361.7614501075182, -1349.7853050967665, -1334.70677458709]]
04/05/2022 16:10:39 PM - INFO - sample List of time: [[59226, 59261, 59303, 59344, 59385, 59427, 59469, 59511, 59555, 59597, 59640, 59696, 59734, 59771, 59808, 59856, 59915, 59973, 60033, 60110]]
04/05/2022 16:10:39 PM - INFO - update trend: [0.07770651027922931]
04/05/2022 16:10:39 PM - INFO - estimateQueueDelayDuration [18.649562467015034] = queueDelayDelta [0.31082604111691725] * numCount[1001]
04/05/2022 16:10:39 PM - INFO - [in this interval] signal is [Signal.NORMAL]
04/05/2022 16:10:39 PM - INFO - [in this interval] adaptiveThresholdGamma is [77.90398486875692]
04/05/2022 16:10:39 PM - INFO - [in this interval] state is [State.INCREASE]
04/05/2022 16:10:39 PM - INFO - [in this interval] now real rate is [0.38666666666666666]mbps
04/05/2022 16:10:39 PM - INFO - [in this interval] now real rtt is [3174]
04/05/2022 16:10:39 PM - INFO - [in this interval] aimd control rate is [0.9634051164311127] mbps
04/05/2022 16:10:39 PM - INFO - [in this interval] delay-rate is [0.9634051164311127] mbps
04/05/2022 16:10:39 PM - INFO - average delay [1370.0]
04/05/2022 16:10:39 PM - INFO - average delay [1395.0]
04/05/2022 16:10:39 PM - INFO - average delay [1419.6]
04/05/2022 16:10:39 PM - INFO - average delay [1405.6]
04/05/2022 16:10:39 PM - INFO - nowTs is [60712], lastTs is [60461]
04/05/2022 16:10:39 PM - INFO - [in this interval] loss-ratio is [0.0]
04/05/2022 16:10:39 PM - INFO - [in this interval] group num is [8]
04/05/2022 16:10:39 PM - INFO - [in this interval] delayDelta from group is [[-3, -9, -8, -4, -8, -7, -12]]
04/05/2022 16:10:39 PM - INFO - sample List of accDelay : [[-1403.9083042172813, -1400.9174737955532, -1396.9257264159978, -1394.433153774398, -1391.389838396958, -1387.9508545572623, -1384.6557691015362, -1380.3901921913825, -1376.0511729722443, -1369.8460556750201, -1361.7614501075182, -1349.7853050967665, -1334.70677458709, -1321.436097128381, -1310.392487415543, -1301.2532386739886, -1293.4279148065898, -1287.1851233259308, -1282.2666109933377, -1279.039949894004]]
04/05/2022 16:10:39 PM - INFO - sample List of time: [[59511, 59555, 59597, 59640, 59696, 59734, 59771, 59808, 59856, 59915, 59973, 60033, 60110, 60265, 60292, 60318, 60345, 60371, 60398, 60426]]
04/05/2022 16:10:39 PM - INFO - update trend: [0.14033442494559678]
04/05/2022 16:10:39 PM - INFO - estimateQueueDelayDuration [33.68026198694323] = queueDelayDelta [0.5613376997823871] * numCount[1000]
04/05/2022 16:10:39 PM - INFO - [in this interval] signal is [Signal.NORMAL]
04/05/2022 16:10:39 PM - INFO - [in this interval] adaptiveThresholdGamma is [77.10795785688427]
04/05/2022 16:10:39 PM - INFO - [in this interval] state is [State.INCREASE]
04/05/2022 16:10:39 PM - INFO - [in this interval] now real rate is [0.47103030303030297]mbps
04/05/2022 16:10:39 PM - INFO - [in this interval] now real rtt is [3156]
04/05/2022 16:10:39 PM - INFO - [in this interval] aimd control rate is [0.9674193044162424] mbps
04/05/2022 16:10:39 PM - INFO - [in this interval] delay-rate is [0.9674193044162424] mbps
04/05/2022 16:10:39 PM - INFO - average delay [1387.0]
04/05/2022 16:10:39 PM - INFO - average delay [1374.5]
04/05/2022 16:10:39 PM - INFO - average delay [1362.0]
04/05/2022 16:10:39 PM - INFO - average delay [1349.6]
04/05/2022 16:10:39 PM - INFO - nowTs is [60944], lastTs is [60712]
04/05/2022 16:10:39 PM - INFO - [in this interval] loss-ratio is [0.0]
04/05/2022 16:10:39 PM - INFO - [in this interval] group num is [9]
04/05/2022 16:10:39 PM - INFO - [in this interval] delayDelta from group is [[-8, -8, -3, -8, -7, -3, -8, -7]]
04/05/2022 16:10:39 PM - INFO - sample List of accDelay : [[-1376.0511729722443, -1369.8460556750201, -1361.7614501075182, -1349.7853050967665, -1334.70677458709, -1321.436097128381, -1310.392487415543, -1301.2532386739886, -1293.4279148065898, -1287.1851233259308, -1282.2666109933377, -1279.039949894004, -1276.9359549046035, -1275.8423594141432, -1275.1581234727287, -1275.3423111254558, -1276.2080800129102, -1277.2872720116193, -1279.0585448104573, -1281.3526903294116]]
04/05/2022 16:10:39 PM - INFO - sample List of time: [[59856, 59915, 59973, 60033, 60110, 60265, 60292, 60318, 60345, 60371, 60398, 60426, 60453, 60480, 60507, 60534, 60561, 60589, 60616, 60643]]
04/05/2022 16:10:39 PM - INFO - update trend: [0.14145434350888597]
04/05/2022 16:10:39 PM - INFO - estimateQueueDelayDuration [33.94904244213264] = queueDelayDelta [0.5658173740355439] * numCount[1000]
04/05/2022 16:10:39 PM - INFO - [in this interval] signal is [Signal.NORMAL]
04/05/2022 16:10:39 PM - INFO - [in this interval] adaptiveThresholdGamma is [76.33109737941874]
04/05/2022 16:10:39 PM - INFO - [in this interval] state is [State.INCREASE]
04/05/2022 16:10:39 PM - INFO - [in this interval] now real rate is [0.7054244306418219]mbps
04/05/2022 16:10:39 PM - INFO - [in this interval] now real rtt is [3070]
04/05/2022 16:10:39 PM - INFO - [in this interval] aimd control rate is [0.9714502181846434] mbps
04/05/2022 16:10:39 PM - INFO - [in this interval] delay-rate is [0.9714502181846434] mbps
04/05/2022 16:10:39 PM - INFO - average delay [1337.4]
04/05/2022 16:10:39 PM - INFO - average delay [1320.2]
04/05/2022 16:10:39 PM - INFO - average delay [1307.6]
04/05/2022 16:10:39 PM - INFO - average delay [1297.25]
04/05/2022 16:10:39 PM - INFO - nowTs is [61178], lastTs is [60944]
04/05/2022 16:10:39 PM - INFO - [in this interval] loss-ratio is [0.0]
04/05/2022 16:10:39 PM - INFO - [in this interval] group num is [8]
04/05/2022 16:10:39 PM - INFO - [in this interval] delayDelta from group is [[-8, -8, -3, -8, -7, 17, -6]]
04/05/2022 16:10:39 PM - INFO - sample List of accDelay : [[-1301.2532386739886, -1293.4279148065898, -1287.1851233259308, -1282.2666109933377, -1279.039949894004, -1276.9359549046035, -1275.8423594141432, -1275.1581234727287, -1275.3423111254558, -1276.2080800129102, -1277.2872720116193, -1279.0585448104573, -1281.3526903294116, -1284.2174212964705, -1287.5956791668234, -1290.936111250141, -1294.7425001251268, -1298.868250112614, -1300.8814251013528, -1303.2932825912176]]
04/05/2022 16:10:39 PM - INFO - sample List of time: [[60318, 60345, 60371, 60398, 60426, 60453, 60480, 60507, 60534, 60561, 60589, 60616, 60643, 60698, 60725, 60752, 60779, 60806, 60834, 60881]]
04/05/2022 16:10:39 PM - INFO - update trend: [-0.023151427221253903]
04/05/2022 16:10:39 PM - INFO - estimateQueueDelayDuration [-5.556342533100937] = queueDelayDelta [-0.09260570888501561] * numCount[1001]
04/05/2022 16:10:39 PM - INFO - [in this interval] signal is [Signal.NORMAL]
04/05/2022 16:10:39 PM - INFO - [in this interval] adaptiveThresholdGamma is [75.05715179218501]
04/05/2022 16:10:39 PM - INFO - [in this interval] state is [State.INCREASE]
04/05/2022 16:10:39 PM - INFO - [in this interval] now real rate is [0.7506693711967546]mbps
04/05/2022 16:10:39 PM - INFO - [in this interval] now real rtt is [3018]
04/05/2022 16:10:39 PM - INFO - [in this interval] aimd control rate is [0.9754979274270794] mbps
04/05/2022 16:10:39 PM - INFO - [in this interval] delay-rate is [0.9754979274270794] mbps
04/05/2022 16:10:39 PM - INFO - average delay [1307.0]
04/05/2022 16:10:39 PM - INFO - average delay [1330.3333333333333]
04/05/2022 16:10:39 PM - INFO - average delay [1346.3333333333333]
04/05/2022 16:10:39 PM - INFO - average delay [1356.75]
04/05/2022 16:10:39 PM - INFO - nowTs is [61436], lastTs is [61178]
04/05/2022 16:10:39 PM - INFO - [in this interval] loss-ratio is [0.0]
04/05/2022 16:10:39 PM - INFO - [in this interval] group num is [7]
04/05/2022 16:10:39 PM - INFO - [in this interval] delayDelta from group is [[13, 17, 6, -3, 3, -2]]
04/05/2022 16:10:39 PM - INFO - sample List of accDelay : [[-1275.8423594141432, -1275.1581234727287, -1275.3423111254558, -1276.2080800129102, -1277.2872720116193, -1279.0585448104573, -1281.3526903294116, -1284.2174212964705, -1287.5956791668234, -1290.936111250141, -1294.7425001251268, -1298.868250112614, -1300.8814251013528, -1303.2932825912176, -1304.163954332096, -1303.2475588988864, -1301.8228030089977, -1300.840522708098, -1299.6564704372881, -1298.7908233935593]]
04/05/2022 16:10:39 PM - INFO - sample List of time: [[60480, 60507, 60534, 60561, 60589, 60616, 60643, 60698, 60725, 60752, 60779, 60806, 60834, 60881, 60929, 60977, 61024, 61065, 61097, 61130]]
04/05/2022 16:10:39 PM - INFO - update trend: [-0.04960024459922592]
04/05/2022 16:10:39 PM - INFO - estimateQueueDelayDuration [-11.90405870381422] = queueDelayDelta [-0.19840097839690368] * numCount[1001]
04/05/2022 16:10:39 PM - INFO - [in this interval] signal is [Signal.NORMAL]
04/05/2022 16:10:39 PM - INFO - [in this interval] adaptiveThresholdGamma is [73.92039611659433]
04/05/2022 16:10:39 PM - INFO - [in this interval] state is [State.INCREASE]
04/05/2022 16:10:39 PM - INFO - [in this interval] now real rate is [0.6434959349593495]mbps
04/05/2022 16:10:39 PM - INFO - [in this interval] now real rtt is [3124]
04/05/2022 16:10:39 PM - INFO - [in this interval] aimd control rate is [0.9795625021246922] mbps
04/05/2022 16:10:39 PM - INFO - [in this interval] delay-rate is [0.9795625021246922] mbps
04/05/2022 16:10:39 PM - INFO - average delay [1357.25]
04/05/2022 16:10:39 PM - INFO - average delay [1353.0]
04/05/2022 16:10:39 PM - INFO - average delay [1351.4]
04/05/2022 16:10:39 PM - INFO - average delay [1341.0]
04/05/2022 16:10:39 PM - INFO - nowTs is [61670], lastTs is [61436]
04/05/2022 16:10:39 PM - INFO - [in this interval] loss-ratio is [0.0]
04/05/2022 16:10:39 PM - INFO - [in this interval] group num is [8]
04/05/2022 16:10:39 PM - INFO - [in this interval] delayDelta from group is [[3, -7, -7, -2, -7, -7, -2]]
04/05/2022 16:10:39 PM - INFO - sample List of accDelay : [[-1284.2174212964705, -1287.5956791668234, -1290.936111250141, -1294.7425001251268, -1298.868250112614, -1300.8814251013528, -1303.2932825912176, -1304.163954332096, -1303.2475588988864, -1301.8228030089977, -1300.840522708098, -1299.6564704372881, -1298.7908233935593, -1297.7117410542035, -1297.440566948783, -1297.8965102539048, -1298.5068592285143, -1299.7561733056627, -1301.5805559750966, -1303.4225003775869]]
04/05/2022 16:10:39 PM - INFO - sample List of time: [[60698, 60725, 60752, 60779, 60806, 60834, 60881, 60929, 60977, 61024, 61065, 61097, 61130, 61196, 61229, 61257, 61285, 61313, 61341, 61369]]
04/05/2022 16:10:39 PM - INFO - update trend: [-0.01223235514880436]
04/05/2022 16:10:39 PM - INFO - estimateQueueDelayDuration [-2.9357652357130464] = queueDelayDelta [-0.04892942059521744] * numCount[1000]
04/05/2022 16:10:39 PM - INFO - [in this interval] signal is [Signal.NORMAL]
04/05/2022 16:10:39 PM - INFO - [in this interval] adaptiveThresholdGamma is [72.64267276073846]
04/05/2022 16:10:39 PM - INFO - [in this interval] state is [State.INCREASE]
04/05/2022 16:10:39 PM - INFO - [in this interval] now real rate is [0.6856585365853658]mbps
04/05/2022 16:10:39 PM - INFO - [in this interval] now real rtt is [3062]
04/05/2022 16:10:39 PM - INFO - [in this interval] aimd control rate is [0.9836440125502117] mbps
04/05/2022 16:10:39 PM - INFO - [in this interval] delay-rate is [0.9836440125502117] mbps
04/05/2022 16:10:39 PM - INFO - average delay [1330.0]
04/05/2022 16:10:39 PM - INFO - average delay [1316.0]
04/05/2022 16:10:39 PM - INFO - average delay [1296.0]
04/05/2022 16:10:39 PM - INFO - average delay [1246.5]
04/05/2022 16:10:39 PM - INFO - nowTs is [61899], lastTs is [61670]
04/05/2022 16:10:39 PM - INFO - [in this interval] loss-ratio is [0.42857142857142855]
04/05/2022 16:10:39 PM - INFO - [in this interval] group num is [8]
04/05/2022 16:10:39 PM - INFO - [in this interval] delayDelta from group is [[-15, -4, -9, -9, -52, 19, 11]]
04/05/2022 16:10:39 PM - INFO - sample List of accDelay : [[-1304.163954332096, -1303.2475588988864, -1301.8228030089977, -1300.840522708098, -1299.6564704372881, -1298.7908233935593, -1297.7117410542035, -1297.440566948783, -1297.8965102539048, -1298.5068592285143, -1299.7561733056627, -1301.5805559750966, -1303.4225003775869, -1306.5802503398281, -1309.8222253058452, -1313.6400027752607, -1317.9760024977347, -1327.078402247961, -1333.3705620231651, -1337.9335058208485]]
04/05/2022 16:10:39 PM - INFO - sample List of time: [[60929, 60977, 61024, 61065, 61097, 61130, 61196, 61229, 61257, 61285, 61313, 61341, 61369, 61425, 61440, 61466, 61492, 61518, 61536, 61590]]
04/05/2022 16:10:39 PM - INFO - update trend: [-0.04391783744296576]
04/05/2022 16:10:39 PM - INFO - estimateQueueDelayDuration [-10.540280986311783] = queueDelayDelta [-0.17567134977186305] * numCount[1001]
04/05/2022 16:10:39 PM - INFO - [in this interval] signal is [Signal.NORMAL]
04/05/2022 16:10:39 PM - INFO - [in this interval] adaptiveThresholdGamma is [71.52482970879878]
04/05/2022 16:10:39 PM - INFO - [in this interval] state is [State.INCREASE]
04/05/2022 16:10:39 PM - INFO - [in this interval] now real rate is [0.6694193548387096]mbps
04/05/2022 16:10:39 PM - INFO - [in this interval] now real rtt is [2930]
04/05/2022 16:10:39 PM - INFO - [in this interval] aimd control rate is [0.9877425292691709] mbps
04/05/2022 16:10:39 PM - INFO - [in this interval] delay-rate is [0.9877425292691709] mbps
04/05/2022 16:10:39 PM - INFO - average delay [1251.75]
04/05/2022 16:10:39 PM - INFO - average delay [1279.3333333333333]
04/05/2022 16:10:39 PM - INFO - average delay [1308.3333333333333]
04/05/2022 16:10:39 PM - INFO - average delay [1341.6666666666667]
04/05/2022 16:10:39 PM - INFO - nowTs is [62147], lastTs is [61899]
04/05/2022 16:10:39 PM - INFO - [in this interval] loss-ratio is [0.0]
04/05/2022 16:10:39 PM - INFO - [in this interval] group num is [5]
04/05/2022 16:10:39 PM - INFO - [in this interval] delayDelta from group is [[29, 29, 35, 7]]
04/05/2022 16:10:39 PM - INFO - sample List of accDelay : [[-1299.6564704372881, -1298.7908233935593, -1297.7117410542035, -1297.440566948783, -1297.8965102539048, -1298.5068592285143, -1299.7561733056627, -1301.5805559750966, -1303.4225003775869, -1306.5802503398281, -1309.8222253058452, -1313.6400027752607, -1317.9760024977347, -1327.078402247961, -1333.3705620231651, -1337.9335058208485, -1339.1401552387638, -1337.3261397148874, -1332.1935257433986, -1326.8741731690588]]
04/05/2022 16:10:39 PM - INFO - sample List of time: [[61097, 61130, 61196, 61229, 61257, 61285, 61313, 61341, 61369, 61425, 61440, 61466, 61492, 61518, 61536, 61590, 61644, 61708, 61772, 61837]]
04/05/2022 16:10:39 PM - INFO - update trend: [-0.06707801886065891]
04/05/2022 16:10:39 PM - INFO - estimateQueueDelayDuration [-16.098724526558136] = queueDelayDelta [-0.26831207544263563] * numCount[1001]
04/05/2022 16:10:39 PM - INFO - [in this interval] signal is [Signal.NORMAL]
04/05/2022 16:10:39 PM - INFO - [in this interval] adaptiveThresholdGamma is [70.52715981551844]
04/05/2022 16:10:39 PM - INFO - [in this interval] state is [State.INCREASE]
04/05/2022 16:10:39 PM - INFO - [in this interval] now real rate is [0.4766435845213849]mbps
04/05/2022 16:10:39 PM - INFO - [in this interval] now real rtt is [3156]
04/05/2022 16:10:39 PM - INFO - [in this interval] aimd control rate is [0.9918581231411258] mbps
04/05/2022 16:10:39 PM - INFO - [in this interval] delay-rate is [0.9918581231411258] mbps
04/05/2022 16:10:39 PM - INFO - average delay [1365.75]
04/05/2022 16:10:39 PM - INFO - average delay [1389.3333333333333]
04/05/2022 16:10:39 PM - INFO - average delay [1418.5]
04/05/2022 16:10:39 PM - INFO - average delay [1439.75]
04/05/2022 16:10:39 PM - INFO - nowTs is [62386], lastTs is [62147]
04/05/2022 16:10:39 PM - INFO - [in this interval] loss-ratio is [0.0]
04/05/2022 16:10:39 PM - INFO - [in this interval] group num is [5]
04/05/2022 16:10:39 PM - INFO - [in this interval] delayDelta from group is [[20, 25, 20, 21]]
04/05/2022 16:10:39 PM - INFO - sample List of accDelay : [[-1297.8965102539048, -1298.5068592285143, -1299.7561733056627, -1301.5805559750966, -1303.4225003775869, -1306.5802503398281, -1309.8222253058452, -1313.6400027752607, -1317.9760024977347, -1327.078402247961, -1333.3705620231651, -1337.9335058208485, -1339.1401552387638, -1337.3261397148874, -1332.1935257433986, -1326.8741731690588, -1320.0867558521531, -1311.478080266938, -1301.7302722402442, -1290.8572450162198]]
04/05/2022 16:10:39 PM - INFO - sample List of time: [[61257, 61285, 61313, 61341, 61369, 61425, 61440, 61466, 61492, 61518, 61536, 61590, 61644, 61708, 61772, 61837, 61892, 61947, 62002, 62057]]
04/05/2022 16:10:39 PM - INFO - update trend: [-0.012199783775541533]
04/05/2022 16:10:39 PM - INFO - estimateQueueDelayDuration [-2.9279481061299677] = queueDelayDelta [-0.04879913510216613] * numCount[1001]
04/05/2022 16:10:39 PM - INFO - [in this interval] signal is [Signal.NORMAL]
04/05/2022 16:10:39 PM - INFO - [in this interval] adaptiveThresholdGamma is [69.31037400474945]
04/05/2022 16:10:39 PM - INFO - [in this interval] state is [State.INCREASE]
04/05/2022 16:10:39 PM - INFO - [in this interval] now real rate is [0.42270225872689937]mbps
04/05/2022 16:10:39 PM - INFO - [in this interval] now real rtt is [3354]
04/05/2022 16:10:39 PM - INFO - [in this interval] aimd control rate is [0.9959908653208804] mbps
04/05/2022 16:10:39 PM - INFO - [in this interval] delay-rate is [0.9959908653208804] mbps
04/05/2022 16:10:39 PM - INFO - average delay [1460.25]
04/05/2022 16:10:39 PM - INFO - average delay [1487.0]
04/05/2022 16:10:39 PM - INFO - average delay [1506.5]
04/05/2022 16:10:39 PM - INFO - average delay [1526.75]
04/05/2022 16:10:39 PM - INFO - nowTs is [62636], lastTs is [62386]
04/05/2022 16:10:39 PM - INFO - [in this interval] loss-ratio is [0.0]
04/05/2022 16:10:39 PM - INFO - [in this interval] group num is [5]
04/05/2022 16:10:39 PM - INFO - [in this interval] delayDelta from group is [[21, 15, 14, 10]]
04/05/2022 16:10:39 PM - INFO - sample List of accDelay : [[-1303.4225003775869, -1306.5802503398281, -1309.8222253058452, -1313.6400027752607, -1317.9760024977347, -1327.078402247961, -1333.3705620231651, -1337.9335058208485, -1339.1401552387638, -1337.3261397148874, -1332.1935257433986, -1326.8741731690588, -1320.0867558521531, -1311.478080266938, -1301.7302722402442, -1290.8572450162198, -1278.9715205145978, -1266.7743684631382, -1254.3969316168243, -1242.2572384551418]]
04/05/2022 16:10:39 PM - INFO - sample List of time: [[61369, 61425, 61440, 61466, 61492, 61518, 61536, 61590, 61644, 61708, 61772, 61837, 61892, 61947, 62002, 62057, 62168, 62224, 62274, 62318]]
04/05/2022 16:10:39 PM - INFO - update trend: [0.0659925702261265]
04/05/2022 16:10:39 PM - INFO - estimateQueueDelayDuration [15.838216854270362] = queueDelayDelta [0.263970280904506] * numCount[1001]
04/05/2022 16:10:39 PM - INFO - [in this interval] signal is [Signal.NORMAL]
04/05/2022 16:10:39 PM - INFO - [in this interval] adaptiveThresholdGamma is [68.34787517604083]
04/05/2022 16:10:39 PM - INFO - [in this interval] state is [State.INCREASE]
04/05/2022 16:10:39 PM - INFO - [in this interval] now real rate is [0.4751901840490797]mbps
04/05/2022 16:10:39 PM - INFO - [in this interval] now real rtt is [3524]
04/05/2022 16:10:39 PM - INFO - [in this interval] aimd control rate is [1.0001408272597174] mbps
04/05/2022 16:10:39 PM - INFO - [in this interval] delay-rate is [1.0001408272597174] mbps
04/05/2022 16:10:39 PM - INFO - average delay [1550.75]
04/05/2022 16:10:39 PM - INFO - average delay [1560.5]
04/05/2022 16:10:39 PM - INFO - average delay [1577.25]
04/05/2022 16:10:39 PM - INFO - average delay [1607.6666666666667]
04/05/2022 16:10:39 PM - INFO - nowTs is [62869], lastTs is [62636]
04/05/2022 16:10:39 PM - INFO - [in this interval] loss-ratio is [0.0]
04/05/2022 16:10:39 PM - INFO - [in this interval] group num is [5]
04/05/2022 16:10:39 PM - INFO - [in this interval] delayDelta from group is [[19, 25, 24, -5]]
04/05/2022 16:10:39 PM - INFO - sample List of accDelay : [[-1317.9760024977347, -1327.078402247961, -1333.3705620231651, -1337.9335058208485, -1339.1401552387638, -1337.3261397148874, -1332.1935257433986, -1326.8741731690588, -1320.0867558521531, -1311.478080266938, -1301.7302722402442, -1290.8572450162198, -1278.9715205145978, -1266.7743684631382, -1254.3969316168243, -1242.2572384551418, -1229.4315146096278, -1215.3883631486651, -1200.3495268337986, -1187.3145741504188]]
04/05/2022 16:10:39 PM - INFO - sample List of time: [[61492, 61518, 61536, 61590, 61644, 61708, 61772, 61837, 61892, 61947, 62002, 62057, 62168, 62224, 62274, 62318, 62408, 62457, 62517, 62576]]
04/05/2022 16:10:39 PM - INFO - update trend: [0.1325562728567234]
04/05/2022 16:10:39 PM - INFO - estimateQueueDelayDuration [31.813505485613614] = queueDelayDelta [0.5302250914268936] * numCount[1001]
04/05/2022 16:10:39 PM - INFO - [in this interval] signal is [Signal.NORMAL]
04/05/2022 16:10:39 PM - INFO - [in this interval] adaptiveThresholdGamma is [67.69025652161314]
04/05/2022 16:10:39 PM - INFO - [in this interval] state is [State.INCREASE]
04/05/2022 16:10:39 PM - INFO - [in this interval] now real rate is [0.48712215320910973]mbps
04/05/2022 16:10:39 PM - INFO - [in this interval] now real rtt is [3670]
04/05/2022 16:10:39 PM - INFO - [in this interval] aimd control rate is [1.004308080706633] mbps
04/05/2022 16:10:39 PM - INFO - [in this interval] delay-rate is [1.004308080706633] mbps
04/05/2022 16:10:39 PM - INFO - average delay [1626.5]
04/05/2022 16:10:39 PM - INFO - average delay [1660.0]
04/05/2022 16:10:39 PM - INFO - average delay [1655.0]
04/05/2022 16:10:39 PM - INFO - average delay [1644.8]
04/05/2022 16:10:39 PM - INFO - nowTs is [63106], lastTs is [62869]
04/05/2022 16:10:39 PM - INFO - [in this interval] loss-ratio is [0.2]
04/05/2022 16:10:39 PM - INFO - [in this interval] group num is [7]
04/05/2022 16:10:39 PM - INFO - [in this interval] delayDelta from group is [[-2, -12, 3, -11, 7, 12]]
04/05/2022 16:10:39 PM - INFO - sample List of accDelay : [[-1332.1935257433986, -1326.8741731690588, -1320.0867558521531, -1311.478080266938, -1301.7302722402442, -1290.8572450162198, -1278.9715205145978, -1266.7743684631382, -1254.3969316168243, -1242.2572384551418, -1229.4315146096278, -1215.3883631486651, -1200.3495268337986, -1187.3145741504188, -1175.783116735377, -1166.6048050618392, -1158.0443245556553, -1151.4398921000898, -1144.795902890081, -1137.6163126010729]]
04/05/2022 16:10:39 PM - INFO - sample List of time: [[61772, 61837, 61892, 61947, 62002, 62057, 62168, 62224, 62274, 62318, 62408, 62457, 62517, 62576, 62636, 62664, 62692, 62720, 62749, 62791]]
04/05/2022 16:10:39 PM - INFO - update trend: [0.19914687617750984]
04/05/2022 16:10:39 PM - INFO - estimateQueueDelayDuration [47.79525028260236] = queueDelayDelta [0.7965875047100394] * numCount[1001]
04/05/2022 16:10:39 PM - INFO - [in this interval] signal is [Signal.NORMAL]
04/05/2022 16:10:39 PM - INFO - [in this interval] adaptiveThresholdGamma is [67.33214640931094]
04/05/2022 16:10:39 PM - INFO - [in this interval] state is [State.INCREASE]
04/05/2022 16:10:39 PM - INFO - [in this interval] now real rate is [0.527376]mbps
04/05/2022 16:10:39 PM - INFO - [in this interval] now real rtt is [3734]
04/05/2022 16:10:39 PM - INFO - [in this interval] aimd control rate is [1.0084926977095772] mbps
04/05/2022 16:10:39 PM - INFO - [in this interval] delay-rate is [1.0084926977095772] mbps
04/05/2022 16:10:39 PM - INFO - average delay [1654.0]
04/05/2022 16:10:39 PM - INFO - average delay [1655.75]
04/05/2022 16:10:39 PM - INFO - average delay [1666.75]
04/05/2022 16:10:39 PM - INFO - average delay [1676.75]
04/05/2022 16:10:39 PM - INFO - nowTs is [63354], lastTs is [63106]
04/05/2022 16:10:39 PM - INFO - [in this interval] loss-ratio is [0.1111111111111111]
04/05/2022 16:10:39 PM - INFO - [in this interval] group num is [6]
04/05/2022 16:10:39 PM - INFO - [in this interval] delayDelta from group is [[11, 0, 10, 10, 22]]
04/05/2022 16:10:39 PM - INFO - sample List of accDelay : [[-1290.8572450162198, -1278.9715205145978, -1266.7743684631382, -1254.3969316168243, -1242.2572384551418, -1229.4315146096278, -1215.3883631486651, -1200.3495268337986, -1187.3145741504188, -1175.783116735377, -1166.6048050618392, -1158.0443245556553, -1151.4398921000898, -1144.795902890081, -1137.6163126010729, -1130.0546813409655, -1123.249213206869, -1116.1242918861822, -1108.711862697564, -1099.8406764278075]]
04/05/2022 16:10:39 PM - INFO - sample List of time: [[62057, 62168, 62224, 62274, 62318, 62408, 62457, 62517, 62576, 62636, 62664, 62692, 62720, 62749, 62791, 62863, 62909, 62939, 62984, 63029]]
04/05/2022 16:10:39 PM - INFO - update trend: [0.20847127434313087]
04/05/2022 16:10:39 PM - INFO - estimateQueueDelayDuration [50.03310584235141] = queueDelayDelta [0.8338850973725235] * numCount[1000]
04/05/2022 16:10:39 PM - INFO - [in this interval] signal is [Signal.NORMAL]
04/05/2022 16:10:39 PM - INFO - [in this interval] adaptiveThresholdGamma is [67.02076367910567]
04/05/2022 16:10:39 PM - INFO - [in this interval] state is [State.INCREASE]
04/05/2022 16:10:39 PM - INFO - [in this interval] now real rate is [0.5694350515463917]mbps
04/05/2022 16:10:39 PM - INFO - [in this interval] now real rtt is [3830]
04/05/2022 16:10:39 PM - INFO - [in this interval] aimd control rate is [1.0126947506167006] mbps
04/05/2022 16:10:39 PM - INFO - [in this interval] delay-rate is [1.0126947506167006] mbps
04/05/2022 16:10:39 PM - INFO - average delay [1699.25]
04/05/2022 16:10:39 PM - INFO - average delay [1718.6666666666667]
04/05/2022 16:10:39 PM - INFO - average delay [1735.0]
04/05/2022 16:10:39 PM - INFO - average delay [1758.0]
04/05/2022 16:10:39 PM - INFO - nowTs is [63588], lastTs is [63354]
04/05/2022 16:10:39 PM - INFO - [in this interval] loss-ratio is [0.0]
04/05/2022 16:10:39 PM - INFO - [in this interval] group num is [5]
04/05/2022 16:10:39 PM - INFO - [in this interval] delayDelta from group is [[17, 22, 12, 0]]
04/05/2022 16:10:39 PM - INFO - sample List of accDelay : [[-1242.2572384551418, -1229.4315146096278, -1215.3883631486651, -1200.3495268337986, -1187.3145741504188, -1175.783116735377, -1166.6048050618392, -1158.0443245556553, -1151.4398921000898, -1144.795902890081, -1137.6163126010729, -1130.0546813409655, -1123.249213206869, -1116.1242918861822, -1108.711862697564, -1099.8406764278075, -1090.1566087850267, -1079.240947906524, -1068.2168531158718, -1058.2951678042846]]
04/05/2022 16:10:39 PM - INFO - sample List of time: [[62318, 62408, 62457, 62517, 62576, 62636, 62664, 62692, 62720, 62749, 62791, 62863, 62909, 62939, 62984, 63029, 63134, 63186, 63238, 63285]]
04/05/2022 16:10:39 PM - INFO - update trend: [0.1874101666789661]
04/05/2022 16:10:39 PM - INFO - estimateQueueDelayDuration [44.978440002951864] = queueDelayDelta [0.7496406667158644] * numCount[1000]
04/05/2022 16:10:39 PM - INFO - [in this interval] signal is [Signal.NORMAL]
04/05/2022 16:10:39 PM - INFO - [in this interval] adaptiveThresholdGamma is [66.6240018529349]
04/05/2022 16:10:39 PM - INFO - [in this interval] state is [State.INCREASE]
04/05/2022 16:10:39 PM - INFO - [in this interval] now real rate is [0.5479354838709677]mbps
04/05/2022 16:10:39 PM - INFO - [in this interval] now real rtt is [3968]
04/05/2022 16:10:39 PM - INFO - [in this interval] aimd control rate is [1.0169143120776034] mbps
04/05/2022 16:10:39 PM - INFO - [in this interval] delay-rate is [1.0169143120776034] mbps
04/05/2022 16:10:39 PM - INFO - average delay [1777.75]
04/05/2022 16:10:39 PM - INFO - average delay [1757.0]
04/05/2022 16:10:39 PM - INFO - average delay [1751.75]
04/05/2022 16:10:39 PM - INFO - average delay [1742.0]
04/05/2022 16:10:39 PM - INFO - nowTs is [63830], lastTs is [63588]
04/05/2022 16:10:39 PM - INFO - [in this interval] loss-ratio is [0.5714285714285714]
04/05/2022 16:10:39 PM - INFO - [in this interval] group num is [11]
04/05/2022 16:10:39 PM - INFO - [in this interval] delayDelta from group is [[-4, -5, 1, -8, -7, -18, -5, -9, -4, -14]]
04/05/2022 16:10:39 PM - INFO - sample List of accDelay : [[-1137.6163126010729, -1130.0546813409655, -1123.249213206869, -1116.1242918861822, -1108.711862697564, -1099.8406764278075, -1090.1566087850267, -1079.240947906524, -1068.2168531158718, -1058.2951678042846, -1049.7656510238562, -1042.5890859214705, -1036.0301773293236, -1030.9271595963912, -1027.034443636752, -1025.3309992730767, -1024.297899345769, -1024.2681094111922, -1024.641298470073, -1026.3771686230657]]
04/05/2022 16:10:39 PM - INFO - sample List of time: [[62791, 62863, 62909, 62939, 62984, 63029, 63134, 63186, 63238, 63285, 63330, 63361, 63391, 63422, 63454, 63477, 63494, 63509, 63525, 63541]]
04/05/2022 16:10:39 PM - INFO - update trend: [0.164554002371047]
04/05/2022 16:10:39 PM - INFO - estimateQueueDelayDuration [39.49296056905128] = queueDelayDelta [0.658216009484188] * numCount[1000]
04/05/2022 16:10:39 PM - INFO - [in this interval] signal is [Signal.NORMAL]
04/05/2022 16:10:39 PM - INFO - [in this interval] adaptiveThresholdGamma is [66.135643109825]
04/05/2022 16:10:39 PM - INFO - [in this interval] state is [State.INCREASE]
04/05/2022 16:10:39 PM - INFO - [in this interval] now real rate is [0.5432210953346857]mbps
04/05/2022 16:10:39 PM - INFO - [in this interval] now real rtt is [3792]
04/05/2022 16:10:39 PM - INFO - [in this interval] aimd control rate is [1.0211514550445935] mbps
04/05/2022 16:10:39 PM - INFO - [in this interval] delay-rate is [1.0211514550445935] mbps
04/05/2022 16:10:39 PM - INFO - average delay [1710.75]
04/05/2022 16:10:39 PM - INFO - average delay [1682.5]
04/05/2022 16:10:39 PM - INFO - average delay [1676.2]
04/05/2022 16:10:39 PM - INFO - average delay [1644.2]
04/05/2022 16:10:39 PM - INFO - nowTs is [64068], lastTs is [63830]
04/05/2022 16:10:39 PM - INFO - [in this interval] loss-ratio is [0.4]
04/05/2022 16:10:39 PM - INFO - [in this interval] group num is [10]
04/05/2022 16:10:39 PM - INFO - [in this interval] delayDelta from group is [[-3, -7, -11, -11, -13, -10, -11, -10, -17]]
04/05/2022 16:10:39 PM - INFO - sample List of accDelay : [[-1058.2951678042846, -1049.7656510238562, -1042.5890859214705, -1036.0301773293236, -1030.9271595963912, -1027.034443636752, -1025.3309992730767, -1024.297899345769, -1024.2681094111922, -1024.641298470073, -1026.3771686230657, -1028.239451760759, -1030.615506584683, -1033.853955926215, -1037.8685603335935, -1042.7817043002342, -1048.2035338702108, -1054.1831804831897, -1060.5648624348707, -1068.0083761913836]]
04/05/2022 16:10:39 PM - INFO - sample List of time: [[63285, 63330, 63361, 63391, 63422, 63454, 63477, 63494, 63509, 63525, 63541, 63588, 63620, 63648, 63672, 63696, 63708, 63733, 63757, 63782]]
04/05/2022 16:10:39 PM - INFO - update trend: [-0.027708305702922365]
04/05/2022 16:10:39 PM - INFO - estimateQueueDelayDuration [-6.6499933687013675] = queueDelayDelta [-0.11083322281168946] * numCount[1001]
04/05/2022 16:10:39 PM - INFO - [in this interval] signal is [Signal.NORMAL]
04/05/2022 16:10:39 PM - INFO - [in this interval] adaptiveThresholdGamma is [65.06490141448477]
04/05/2022 16:10:39 PM - INFO - [in this interval] state is [State.INCREASE]
04/05/2022 16:10:39 PM - INFO - [in this interval] now real rate is [0.5948606060606061]mbps
04/05/2022 16:10:39 PM - INFO - [in this interval] now real rtt is [3598]
04/05/2022 16:10:39 PM - INFO - [in this interval] aimd control rate is [1.0254062527739458] mbps
04/05/2022 16:10:39 PM - INFO - [in this interval] delay-rate is [1.0254062527739458] mbps
04/05/2022 16:10:39 PM - INFO - average delay [1612.8]
04/05/2022 16:10:39 PM - INFO - average delay [1568.2]
04/05/2022 16:10:39 PM - INFO - average delay [1529.8333333333333]
04/05/2022 16:10:39 PM - INFO - average delay [1517.3333333333333]
04/05/2022 16:10:39 PM - INFO - nowTs is [64304], lastTs is [64068]
04/05/2022 16:10:39 PM - INFO - [in this interval] loss-ratio is [0.36363636363636365]
04/05/2022 16:10:39 PM - INFO - [in this interval] group num is [11]
04/05/2022 16:10:39 PM - INFO - [in this interval] delayDelta from group is [[1, -19, -13, -8, -7, -8, -8, -13, -12, -19]]
04/05/2022 16:10:39 PM - INFO - sample List of accDelay : [[-1026.3771686230657, -1028.239451760759, -1030.615506584683, -1033.853955926215, -1037.8685603335935, -1042.7817043002342, -1048.2035338702108, -1054.1831804831897, -1060.5648624348707, -1068.0083761913836, -1074.6075385722452, -1082.4467847150206, -1090.8021062435184, -1099.1218956191665, -1107.3097060572497, -1115.4787354515247, -1123.6308619063723, -1132.267775715735, -1141.2409981441615, -1151.2168983297454]]
04/05/2022 16:10:39 PM - INFO - sample List of time: [[63541, 63588, 63620, 63648, 63672, 63696, 63708, 63733, 63757, 63782, 63807, 63843, 63854, 63876, 63898, 63931, 63953, 63975, 63997, 64020]]
04/05/2022 16:10:39 PM - INFO - update trend: [-0.2795753080776037]
04/05/2022 16:10:39 PM - INFO - estimateQueueDelayDuration [-67.09807393862489] = queueDelayDelta [-1.118301232310415] * numCount[1001]
04/05/2022 16:10:39 PM - INFO - [in this interval] signal is [Signal.UNDER_USE]
04/05/2022 16:10:39 PM - INFO - [in this interval] adaptiveThresholdGamma is [67.09807393862489]
04/05/2022 16:10:39 PM - INFO - [in this interval] state is [State.HOLD]
04/05/2022 16:10:39 PM - INFO - [in this interval] now real rate is [0.685861224489796]mbps
04/05/2022 16:10:39 PM - INFO - [in this interval] now real rtt is [3340]
04/05/2022 16:10:39 PM - INFO - [in this interval] aimd control rate is [1.0254062527739458] mbps
04/05/2022 16:10:39 PM - INFO - [in this interval] delay-rate is [1.0254062527739458] mbps
04/05/2022 16:10:39 PM - INFO - average delay [1490.1666666666667]
04/05/2022 16:10:39 PM - INFO - average delay [1464.6666666666667]
04/05/2022 16:10:39 PM - INFO - average delay [1473.0]
04/05/2022 16:10:39 PM - INFO - average delay [1488.6666666666667]
04/05/2022 16:10:39 PM - INFO - nowTs is [64550], lastTs is [64304]
04/05/2022 16:10:39 PM - INFO - [in this interval] loss-ratio is [0.3684210526315789]
04/05/2022 16:10:39 PM - INFO - [in this interval] group num is [6]
04/05/2022 16:10:39 PM - INFO - [in this interval] delayDelta from group is [[8, -9, 22, 12, 7]]
04/05/2022 16:10:39 PM - INFO - sample List of accDelay : [[-1042.7817043002342, -1048.2035338702108, -1054.1831804831897, -1060.5648624348707, -1068.0083761913836, -1074.6075385722452, -1082.4467847150206, -1090.8021062435184, -1099.1218956191665, -1107.3097060572497, -1115.4787354515247, -1123.6308619063723, -1132.267775715735, -1141.2409981441615, -1151.2168983297454, -1159.395208496771, -1167.6556876470938, -1172.8901188823845, -1176.401106994146, -1178.8609962947312]]
04/05/2022 16:10:39 PM - INFO - sample List of time: [[63696, 63708, 63733, 63757, 63782, 63807, 63843, 63854, 63876, 63898, 63931, 63953, 63975, 63997, 64020, 64072, 64115, 64136, 64198, 64240]]
04/05/2022 16:10:39 PM - INFO - update trend: [-0.2781480542143658]
04/05/2022 16:10:39 PM - INFO - estimateQueueDelayDuration [-66.75553301144778] = queueDelayDelta [-1.1125922168574631] * numCount[1000]
04/05/2022 16:10:39 PM - INFO - [in this interval] signal is [Signal.NORMAL]
04/05/2022 16:10:39 PM - INFO - [in this interval] adaptiveThresholdGamma is [67.09190820193571]
04/05/2022 16:10:39 PM - INFO - [in this interval] state is [State.INCREASE]
04/05/2022 16:10:39 PM - INFO - [in this interval] now real rate is [0.5877979797979798]mbps
04/05/2022 16:10:39 PM - INFO - [in this interval] now real rtt is [3432]
04/05/2022 16:10:39 PM - INFO - [in this interval] aimd control rate is [1.0296787788271706] mbps
04/05/2022 16:10:39 PM - INFO - [in this interval] delay-rate is [1.0296787788271706] mbps
04/05/2022 16:10:39 PM - INFO - average delay [1502.5]
04/05/2022 16:10:39 PM - INFO - average delay [1517.3333333333333]
04/05/2022 16:10:39 PM - INFO - average delay [1534.0]
04/05/2022 16:10:39 PM - INFO - average delay [1537.0]
04/05/2022 16:10:39 PM - INFO - nowTs is [64796], lastTs is [64550]
04/05/2022 16:10:39 PM - INFO - [in this interval] loss-ratio is [0.4]
04/05/2022 16:10:39 PM - INFO - [in this interval] group num is [9]
04/05/2022 16:10:39 PM - INFO - [in this interval] delayDelta from group is [[11, -9, 15, -9, 2, -4, -4, -3]]
04/05/2022 16:10:39 PM - INFO - sample List of accDelay : [[-1099.1218956191665, -1107.3097060572497, -1115.4787354515247, -1123.6308619063723, -1132.267775715735, -1141.2409981441615, -1151.2168983297454, -1159.395208496771, -1167.6556876470938, -1172.8901188823845, -1176.401106994146, -1178.8609962947312, -1179.974896665258, -1181.877406998732, -1182.089666298859, -1183.180699668973, -1183.9626297020757, -1185.0663667318681, -1186.4597300586815, -1188.0137570528134]]
04/05/2022 16:10:39 PM - INFO - sample List of time: [[63876, 63898, 63931, 63953, 63975, 63997, 64020, 64072, 64115, 64136, 64198, 64240, 64334, 64375, 64396, 64451, 64462, 64474, 64500, 64511]]
04/05/2022 16:10:39 PM - INFO - update trend: [-0.11834083659682919]
04/05/2022 16:10:39 PM - INFO - estimateQueueDelayDuration [-28.401800783239004] = queueDelayDelta [-0.47336334638731675] * numCount[1000]
04/05/2022 16:10:39 PM - INFO - [in this interval] signal is [Signal.NORMAL]
04/05/2022 16:10:39 PM - INFO - [in this interval] adaptiveThresholdGamma is [66.39548626839917]
04/05/2022 16:10:39 PM - INFO - [in this interval] state is [State.INCREASE]
04/05/2022 16:10:39 PM - INFO - [in this interval] now real rate is [0.4983252032520325]mbps
04/05/2022 16:10:39 PM - INFO - [in this interval] now real rtt is [3464]
04/05/2022 16:10:39 PM - INFO - [in this interval] aimd control rate is [1.033969107072284] mbps
04/05/2022 16:10:39 PM - INFO - [in this interval] delay-rate is [1.033969107072284] mbps
04/05/2022 16:10:39 PM - INFO - average delay [1535.0]
04/05/2022 16:10:39 PM - INFO - average delay [1515.75]
04/05/2022 16:10:39 PM - INFO - average delay [1489.4]
04/05/2022 16:10:39 PM - INFO - average delay [1469.6]
04/05/2022 16:10:39 PM - INFO - nowTs is [65029], lastTs is [64796]
04/05/2022 16:10:39 PM - INFO - [in this interval] loss-ratio is [0.46875]
04/05/2022 16:10:39 PM - INFO - [in this interval] group num is [10]
04/05/2022 16:10:39 PM - INFO - [in this interval] delayDelta from group is [[-12, -14, -9, -10, -7, -1, -6, -1, -6]]
04/05/2022 16:10:39 PM - INFO - sample List of accDelay : [[-1172.8901188823845, -1176.401106994146, -1178.8609962947312, -1179.974896665258, -1181.877406998732, -1182.089666298859, -1183.180699668973, -1183.9626297020757, -1185.0663667318681, -1186.4597300586815, -1188.0137570528134, -1190.612381347532, -1194.3511432127787, -1198.616028891501, -1203.4544260023508, -1208.508983402116, -1213.1580850619043, -1217.9422765557138, -1222.3480489001424, -1226.9132440101282]]
04/05/2022 16:10:39 PM - INFO - sample List of time: [[64136, 64198, 64240, 64334, 64375, 64396, 64451, 64462, 64474, 64500, 64511, 64562, 64575, 64601, 64627, 64642, 64655, 64669, 64698, 64727]]
04/05/2022 16:10:39 PM - INFO - update trend: [-0.08523543377733346]
04/05/2022 16:10:39 PM - INFO - estimateQueueDelayDuration [-20.45650410656003] = queueDelayDelta [-0.34094173510933384] * numCount[1001]
04/05/2022 16:10:39 PM - INFO - [in this interval] signal is [Signal.NORMAL]
04/05/2022 16:10:39 PM - INFO - [in this interval] adaptiveThresholdGamma is [65.56858458948606]
04/05/2022 16:10:39 PM - INFO - [in this interval] state is [State.INCREASE]
04/05/2022 16:10:39 PM - INFO - [in this interval] now real rate is [0.6226987951807228]mbps
04/05/2022 16:10:39 PM - INFO - [in this interval] now real rtt is [3320]
04/05/2022 16:10:39 PM - INFO - [in this interval] aimd control rate is [1.0382773116850852] mbps
04/05/2022 16:10:39 PM - INFO - [in this interval] delay-rate is [1.0382773116850852] mbps
04/05/2022 16:10:39 PM - INFO - average delay [1458.0]
04/05/2022 16:10:39 PM - INFO - average delay [1443.5]
04/05/2022 16:10:39 PM - INFO - average delay [1440.75]
04/05/2022 16:10:39 PM - INFO - average delay [1446.75]
04/05/2022 16:10:39 PM - INFO - nowTs is [65264], lastTs is [65029]
04/05/2022 16:10:39 PM - INFO - [in this interval] loss-ratio is [0.3333333333333333]
04/05/2022 16:10:39 PM - INFO - [in this interval] group num is [7]
04/05/2022 16:10:39 PM - INFO - [in this interval] delayDelta from group is [[-1, 2, 1, 6, 1, 2]]
04/05/2022 16:10:39 PM - INFO - sample List of accDelay : [[-1183.180699668973, -1183.9626297020757, -1185.0663667318681, -1186.4597300586815, -1188.0137570528134, -1190.612381347532, -1194.3511432127787, -1198.616028891501, -1203.4544260023508, -1208.508983402116, -1213.1580850619043, -1217.9422765557138, -1222.3480489001424, -1226.9132440101282, -1231.1219196091156, -1234.709727648204, -1237.8387548833837, -1240.0548793950454, -1241.949391455541, -1243.454452309987]]
04/05/2022 16:10:39 PM - INFO - sample List of time: [[64451, 64462, 64474, 64500, 64511, 64562, 64575, 64601, 64627, 64642, 64655, 64669, 64698, 64727, 64785, 64814, 64846, 64882, 64918, 64954]]
04/05/2022 16:10:39 PM - INFO - update trend: [-0.13752578119486644]
04/05/2022 16:10:39 PM - INFO - estimateQueueDelayDuration [-33.00618748676795] = queueDelayDelta [-0.5501031247794658] * numCount[1001]
04/05/2022 16:10:39 PM - INFO - [in this interval] signal is [Signal.NORMAL]
04/05/2022 16:10:39 PM - INFO - [in this interval] adaptiveThresholdGamma is [64.98246144163714]
04/05/2022 16:10:39 PM - INFO - [in this interval] state is [State.INCREASE]
04/05/2022 16:10:39 PM - INFO - [in this interval] now real rate is [0.6397393075356415]mbps
04/05/2022 16:10:39 PM - INFO - [in this interval] now real rtt is [3320]
04/05/2022 16:10:39 PM - INFO - [in this interval] aimd control rate is [1.0426034671504398] mbps
04/05/2022 16:10:39 PM - INFO - [in this interval] delay-rate is [1.0426034671504398] mbps
04/05/2022 16:10:39 PM - INFO - average delay [1450.0]
04/05/2022 16:10:39 PM - INFO - average delay [1445.3333333333333]
04/05/2022 16:10:39 PM - INFO - average delay [1468.0]
04/05/2022 16:10:39 PM - INFO - average delay [1502.5]
04/05/2022 16:10:39 PM - INFO - nowTs is [65509], lastTs is [65264]
04/05/2022 16:10:39 PM - INFO - [in this interval] loss-ratio is [0.5]
04/05/2022 16:10:39 PM - INFO - [in this interval] group num is [9]
04/05/2022 16:10:39 PM - INFO - [in this interval] delayDelta from group is [[-8, 8, 11, 18, 17, 17, 12, 17]]
04/05/2022 16:10:39 PM - INFO - sample List of accDelay : [[-1203.4544260023508, -1208.508983402116, -1213.1580850619043, -1217.9422765557138, -1222.3480489001424, -1226.9132440101282, -1231.1219196091156, -1234.709727648204, -1237.8387548833837, -1240.0548793950454, -1241.949391455541, -1243.454452309987, -1245.6090070789883, -1246.7481063710895, -1246.6732957339805, -1244.8059661605823, -1241.425369544524, -1236.6828325900715, -1231.2145493310645, -1224.593094397958]]
04/05/2022 16:10:39 PM - INFO - sample List of time: [[64627, 64642, 64655, 64669, 64698, 64727, 64785, 64814, 64846, 64882, 64918, 64954, 65009, 65026, 65044, 65075, 65108, 65140, 65172, 65204]]
04/05/2022 16:10:39 PM - INFO - update trend: [-0.047326428718599683]
04/05/2022 16:10:39 PM - INFO - estimateQueueDelayDuration [-11.358342892463924] = queueDelayDelta [-0.18930571487439873] * numCount[1001]
04/05/2022 16:10:39 PM - INFO - [in this interval] signal is [Signal.NORMAL]
04/05/2022 16:10:39 PM - INFO - [in this interval] adaptiveThresholdGamma is [64.01722730775202]
04/05/2022 16:10:39 PM - INFO - [in this interval] state is [State.INCREASE]
04/05/2022 16:10:39 PM - INFO - [in this interval] now real rate is [0.46401616161616166]mbps
04/05/2022 16:10:39 PM - INFO - [in this interval] now real rtt is [3480]
04/05/2022 16:10:39 PM - INFO - [in this interval] aimd control rate is [1.0469476482635665] mbps
04/05/2022 16:10:39 PM - INFO - [in this interval] delay-rate is [1.0469476482635665] mbps
04/05/2022 16:10:39 PM - INFO - average delay [1531.5]
04/05/2022 16:10:39 PM - INFO - average delay [1568.5]
04/05/2022 16:10:39 PM - INFO - average delay [1579.0]
04/05/2022 16:10:39 PM - INFO - average delay [1607.0]
04/05/2022 16:10:39 PM - INFO - nowTs is [65743], lastTs is [65509]
04/05/2022 16:10:39 PM - INFO - [in this interval] loss-ratio is [0.5416666666666666]
04/05/2022 16:10:39 PM - INFO - [in this interval] group num is [10]
04/05/2022 16:10:39 PM - INFO - [in this interval] delayDelta from group is [[13, -3, 7, 7, 11, 12, 6, 11, 13]]
04/05/2022 16:10:39 PM - INFO - sample List of accDelay : [[-1240.0548793950454, -1241.949391455541, -1243.454452309987, -1245.6090070789883, -1246.7481063710895, -1246.6732957339805, -1244.8059661605823, -1241.425369544524, -1236.6828325900715, -1231.2145493310645, -1224.593094397958, -1217.3337849581624, -1211.1004064623462, -1204.7903658161115, -1198.4113292345003, -1191.5701963110503, -1184.2131766799453, -1176.9918590119507, -1169.3926731107556, -1161.25340579968]]
04/05/2022 16:10:39 PM - INFO - sample List of time: [[64882, 64918, 64954, 65009, 65026, 65044, 65075, 65108, 65140, 65172, 65204, 65258, 65281, 65303, 65325, 65347, 65368, 65390, 65411, 65432]]
04/05/2022 16:10:39 PM - INFO - update trend: [0.15124640480034307]
04/05/2022 16:10:39 PM - INFO - estimateQueueDelayDuration [36.29913715208234] = queueDelayDelta [0.6049856192013723] * numCount[1000]
04/05/2022 16:10:39 PM - INFO - [in this interval] signal is [Signal.NORMAL]
04/05/2022 16:10:39 PM - INFO - [in this interval] adaptiveThresholdGamma is [63.51830168494997]
04/05/2022 16:10:39 PM - INFO - [in this interval] state is [State.INCREASE]
04/05/2022 16:10:39 PM - INFO - [in this interval] now real rate is [0.3923058350100604]mbps
04/05/2022 16:10:39 PM - INFO - [in this interval] now real rtt is [3678]
04/05/2022 16:10:39 PM - INFO - [in this interval] aimd control rate is [1.0513099301313313] mbps
04/05/2022 16:10:39 PM - INFO - [in this interval] delay-rate is [1.0513099301313313] mbps
04/05/2022 16:10:39 PM - INFO - average delay [1625.0]
04/05/2022 16:10:39 PM - INFO - average delay [1649.3333333333333]
04/05/2022 16:10:39 PM - INFO - average delay [1672.75]
04/05/2022 16:10:39 PM - INFO - average delay [1693.0]
04/05/2022 16:10:39 PM - INFO - nowTs is [65987], lastTs is [65743]
04/05/2022 16:10:39 PM - INFO - [in this interval] loss-ratio is [0.4444444444444444]
04/05/2022 16:10:39 PM - INFO - [in this interval] group num is [8]
04/05/2022 16:10:39 PM - INFO - [in this interval] delayDelta from group is [[18, 21, 8, 14, 8, -8, 10]]
04/05/2022 16:10:39 PM - INFO - sample List of accDelay : [[-1241.425369544524, -1236.6828325900715, -1231.2145493310645, -1224.593094397958, -1217.3337849581624, -1211.1004064623462, -1204.7903658161115, -1198.4113292345003, -1191.5701963110503, -1184.2131766799453, -1176.9918590119507, -1169.3926731107556, -1161.25340579968, -1152.128065219712, -1141.8152586977408, -1131.7337328279666, -1121.2603595451699, -1111.034323590653, -1102.6308912315876, -1094.0678021084289]]
04/05/2022 16:10:39 PM - INFO - sample List of time: [[65108, 65140, 65172, 65204, 65258, 65281, 65303, 65325, 65347, 65368, 65390, 65411, 65432, 65488, 65526, 65582, 65600, 65639, 65677, 65689]]
04/05/2022 16:10:39 PM - INFO - update trend: [0.2585642642539881]
04/05/2022 16:10:39 PM - INFO - estimateQueueDelayDuration [62.05542342095714] = queueDelayDelta [1.0342570570159524] * numCount[1001]
04/05/2022 16:10:39 PM - INFO - [in this interval] signal is [Signal.NORMAL]
04/05/2022 16:10:39 PM - INFO - [in this interval] adaptiveThresholdGamma is [63.4919698761981]
04/05/2022 16:10:39 PM - INFO - [in this interval] state is [State.INCREASE]
04/05/2022 16:10:39 PM - INFO - [in this interval] now real rate is [0.4738744769874477]mbps
04/05/2022 16:10:39 PM - INFO - [in this interval] now real rtt is [3826]
04/05/2022 16:10:39 PM - INFO - [in this interval] aimd control rate is [1.0556903881735453] mbps
04/05/2022 16:10:39 PM - INFO - [in this interval] delay-rate is [1.0556903881735453] mbps
04/05/2022 16:10:39 PM - INFO - average delay [1707.2]
04/05/2022 16:10:39 PM - INFO - average delay [1716.4]
04/05/2022 16:10:39 PM - INFO - average delay [1709.4]
04/05/2022 16:10:39 PM - INFO - average delay [1698.0]
04/05/2022 16:10:39 PM - INFO - nowTs is [66220], lastTs is [65987]
04/05/2022 16:10:39 PM - INFO - [in this interval] loss-ratio is [0.5]
04/05/2022 16:10:39 PM - INFO - [in this interval] group num is [11]
04/05/2022 16:10:39 PM - INFO - [in this interval] delayDelta from group is [[3, -3, -1, 9, -13, -10, 5, -1, -5, 12]]
04/05/2022 16:10:39 PM - INFO - sample List of accDelay : [[-1176.9918590119507, -1169.3926731107556, -1161.25340579968, -1152.128065219712, -1141.8152586977408, -1131.7337328279666, -1121.2603595451699, -1111.034323590653, -1102.6308912315876, -1094.0678021084289, -1086.061021897586, -1079.1549197078275, -1073.039427737045, -1066.6354849633403, -1062.1719364670064, -1059.1547428203057, -1055.9392685382752, -1053.1453416844477, -1051.130807516003, -1048.1177267644027]]
04/05/2022 16:10:39 PM - INFO - sample List of time: [[65390, 65411, 65432, 65488, 65526, 65582, 65600, 65639, 65677, 65689, 65727, 65740, 65752, 65765, 65790, 65807, 65831, 65856, 65900, 65925]]
04/05/2022 16:10:39 PM - INFO - update trend: [0.26225848467871277]
04/05/2022 16:10:39 PM - INFO - estimateQueueDelayDuration [62.94203632289106] = queueDelayDelta [1.049033938714851] * numCount[1001]
04/05/2022 16:10:39 PM - INFO - [in this interval] signal is [Signal.NORMAL]
04/05/2022 16:10:39 PM - INFO - [in this interval] adaptiveThresholdGamma is [63.48207107223857]
04/05/2022 16:10:39 PM - INFO - [in this interval] state is [State.INCREASE]
04/05/2022 16:10:39 PM - INFO - [in this interval] now real rate is [0.5088225806451613]mbps
04/05/2022 16:10:39 PM - INFO - [in this interval] now real rtt is [3824]
04/05/2022 16:10:39 PM - INFO - [in this interval] aimd control rate is [1.0600890981242685] mbps
04/05/2022 16:10:39 PM - INFO - [in this interval] delay-rate is [1.0600890981242685] mbps
04/05/2022 16:10:39 PM - INFO - average delay [1705.6666666666667]
04/05/2022 16:10:39 PM - INFO - average delay [1728.6666666666667]
04/05/2022 16:10:39 PM - INFO - average delay [1730.8]
04/05/2022 16:10:39 PM - INFO - average delay [1716.0]
04/05/2022 16:10:39 PM - INFO - nowTs is [66467], lastTs is [66220]
04/05/2022 16:10:39 PM - INFO - [in this interval] loss-ratio is [0.3181818181818182]
04/05/2022 16:10:39 PM - INFO - [in this interval] group num is [11]
04/05/2022 16:10:39 PM - INFO - [in this interval] delayDelta from group is [[11, 16, -15, -10, -1, -7, -18, -12, -10, -13]]
04/05/2022 16:10:39 PM - INFO - sample List of accDelay : [[-1086.061021897586, -1079.1549197078275, -1073.039427737045, -1066.6354849633403, -1062.1719364670064, -1059.1547428203057, -1055.9392685382752, -1053.1453416844477, -1051.130807516003, -1048.1177267644027, -1044.3059540879624, -1039.2753586791662, -1036.2478228112495, -1034.5230405301245, -1033.070736477112, -1032.4636628294008, -1033.7172965464608, -1036.0455668918148, -1039.1410102026334, -1043.22690918237]]
04/05/2022 16:10:39 PM - INFO - sample List of time: [[65727, 65740, 65752, 65765, 65790, 65807, 65831, 65856, 65900, 65925, 65973, 65994, 66045, 66065, 66085, 66099, 66112, 66129, 66147, 66177]]
04/05/2022 16:10:39 PM - INFO - update trend: [0.09593443235941006]
04/05/2022 16:10:39 PM - INFO - estimateQueueDelayDuration [23.024263766258414] = queueDelayDelta [0.38373772943764023] * numCount[1001]
04/05/2022 16:10:39 PM - INFO - [in this interval] signal is [Signal.NORMAL]
04/05/2022 16:10:39 PM - INFO - [in this interval] adaptiveThresholdGamma is [62.753830540730924]
04/05/2022 16:10:39 PM - INFO - [in this interval] state is [State.INCREASE]
04/05/2022 16:10:39 PM - INFO - [in this interval] now real rate is [0.5191707317073171]mbps
04/05/2022 16:10:39 PM - INFO - [in this interval] now real rtt is [3728]
04/05/2022 16:10:39 PM - INFO - [in this interval] aimd control rate is [1.0645061360331196] mbps
04/05/2022 16:10:39 PM - INFO - [in this interval] delay-rate is [1.0645061360331196] mbps
04/05/2022 16:10:39 PM - INFO - average delay [1673.25]
04/05/2022 16:10:39 PM - INFO - average delay [1652.25]
04/05/2022 16:10:39 PM - INFO - average delay [1636.5]
04/05/2022 16:10:39 PM - INFO - average delay [1633.25]
04/05/2022 16:10:39 PM - INFO - nowTs is [66710], lastTs is [66467]
04/05/2022 16:10:39 PM - INFO - [in this interval] loss-ratio is [0.0]
04/05/2022 16:10:39 PM - INFO - [in this interval] group num is [10]
04/05/2022 16:10:39 PM - INFO - [in this interval] delayDelta from group is [[-9, -19, -8, 10, -10, 5, 5, 1, 9]]
04/05/2022 16:10:39 PM - INFO - sample List of accDelay : [[-1048.1177267644027, -1044.3059540879624, -1039.2753586791662, -1036.2478228112495, -1034.5230405301245, -1033.070736477112, -1032.4636628294008, -1033.7172965464608, -1036.0455668918148, -1039.1410102026334, -1043.22690918237, -1047.804218264133, -1053.8237964377197, -1060.0414167939477, -1064.637275114553, -1069.7735476030975, -1073.8961928427877, -1077.106573558509, -1079.8959162026579, -1081.5063245823922]]
04/05/2022 16:10:39 PM - INFO - sample List of time: [[65925, 65973, 65994, 66045, 66065, 66085, 66099, 66112, 66129, 66147, 66177, 66208, 66224, 66240, 66272, 66317, 66332, 66377, 66392, 66408]]
04/05/2022 16:10:39 PM - INFO - update trend: [-0.10229928739960337]
04/05/2022 16:10:39 PM - INFO - estimateQueueDelayDuration [-24.551828975904808] = queueDelayDelta [-0.40919714959841347] * numCount[1000]
04/05/2022 16:10:39 PM - INFO - [in this interval] signal is [Signal.NORMAL]
04/05/2022 16:10:39 PM - INFO - [in this interval] adaptiveThresholdGamma is [62.06619451256405]
04/05/2022 16:10:39 PM - INFO - [in this interval] state is [State.INCREASE]
04/05/2022 16:10:39 PM - INFO - [in this interval] now real rate is [0.5878204081632652]mbps
04/05/2022 16:10:39 PM - INFO - [in this interval] now real rtt is [3714]
04/05/2022 16:10:39 PM - INFO - [in this interval] aimd control rate is [1.068941578266591] mbps
04/05/2022 16:10:39 PM - INFO - [in this interval] delay-rate is [1.068941578266591] mbps
04/05/2022 16:10:39 PM - INFO - average delay [1649.75]
04/05/2022 16:10:39 PM - INFO - average delay [1682.3333333333333]
04/05/2022 16:10:39 PM - INFO - average delay [1699.0]
04/05/2022 16:10:39 PM - INFO - average delay [1734.6666666666667]
04/05/2022 16:10:39 PM - INFO - nowTs is [66945], lastTs is [66710]
04/05/2022 16:10:39 PM - INFO - [in this interval] loss-ratio is [0.0]
04/05/2022 16:10:39 PM - INFO - [in this interval] group num is [9]
04/05/2022 16:10:39 PM - INFO - [in this interval] delayDelta from group is [[25, 18, 11, 10, 9, -5, 6, 2]]
04/05/2022 16:10:39 PM - INFO - sample List of accDelay : [[-1036.0455668918148, -1039.1410102026334, -1043.22690918237, -1047.804218264133, -1053.8237964377197, -1060.0414167939477, -1064.637275114553, -1069.7735476030975, -1073.8961928427877, -1077.106573558509, -1079.8959162026579, -1081.5063245823922, -1080.4556921241528, -1077.7101229117377, -1074.139110620564, -1069.9251995585075, -1065.2326796026568, -1061.5094116423911, -1057.558470478152, -1053.8026234303368]]
04/05/2022 16:10:39 PM - INFO - sample List of time: [[66129, 66147, 66177, 66208, 66224, 66240, 66272, 66317, 66332, 66377, 66392, 66408, 66456, 66496, 66554, 66575, 66595, 66614, 66634, 66660]]
04/05/2022 16:10:39 PM - INFO - update trend: [-0.03924748812666613]
04/05/2022 16:10:39 PM - INFO - estimateQueueDelayDuration [-9.419397150399872] = queueDelayDelta [-0.15698995250666453] * numCount[1000]
04/05/2022 16:10:39 PM - INFO - [in this interval] signal is [Signal.NORMAL]
04/05/2022 16:10:39 PM - INFO - [in this interval] adaptiveThresholdGamma is [61.1185521600451]
04/05/2022 16:10:39 PM - INFO - [in this interval] state is [State.INCREASE]
04/05/2022 16:10:39 PM - INFO - [in this interval] now real rate is [0.6067393939393939]mbps
04/05/2022 16:10:39 PM - INFO - [in this interval] now real rtt is [3894]
04/05/2022 16:10:39 PM - INFO - [in this interval] aimd control rate is [1.0733955015093684] mbps
04/05/2022 16:10:39 PM - INFO - [in this interval] delay-rate is [1.0733955015093684] mbps
04/05/2022 16:10:39 PM - INFO - average delay [1742.4]
04/05/2022 16:10:39 PM - INFO - average delay [1736.2]
04/05/2022 16:10:39 PM - INFO - average delay [1701.4]
04/05/2022 16:10:39 PM - INFO - average delay [1640.0]
04/05/2022 16:10:39 PM - INFO - nowTs is [67197], lastTs is [66945]
04/05/2022 16:10:39 PM - INFO - [in this interval] loss-ratio is [0.3333333333333333]
04/05/2022 16:10:39 PM - INFO - [in this interval] group num is [17]
04/05/2022 16:10:39 PM - INFO - [in this interval] delayDelta from group is [[-8, -12, -2, -2, -3, -10, -22, -22, -18, -2, -27, -18, -17, 7, -17, -4]]
04/05/2022 16:10:39 PM - INFO - sample List of accDelay : [[-1065.2326796026568, -1061.5094116423911, -1057.558470478152, -1053.8026234303368, -1051.2223610873032, -1050.100124978573, -1049.2901124807156, -1048.761101232644, -1048.5849911093796, -1049.4264919984416, -1052.3838427985975, -1057.2454585187377, -1063.4209126668638, -1069.1788214001774, -1077.0609392601598, -1085.9548453341438, -1095.6593608007295, -1103.6934247206566, -1112.6240822485909, -1121.0616740237317]]
04/05/2022 16:10:39 PM - INFO - sample List of time: [[66595, 66614, 66634, 66660, 66686, 66698, 66711, 66724, 66737, 66749, 66774, 66787, 66800, 66812, 66825, 66838, 66855, 66873, 66890, 66908]]
04/05/2022 16:10:39 PM - INFO - update trend: [-0.18544643221334933]
04/05/2022 16:10:39 PM - INFO - estimateQueueDelayDuration [-44.50714373120384] = queueDelayDelta [-0.7417857288533973] * numCount[1000]
04/05/2022 16:10:39 PM - INFO - [in this interval] signal is [Signal.NORMAL]
04/05/2022 16:10:39 PM - INFO - [in this interval] adaptiveThresholdGamma is [60.81954680832595]
04/05/2022 16:10:39 PM - INFO - [in this interval] state is [State.INCREASE]
04/05/2022 16:10:39 PM - INFO - [in this interval] now real rate is [0.6168213552361396]mbps
04/05/2022 16:10:39 PM - INFO - [in this interval] now real rtt is [3548]
04/05/2022 16:10:39 PM - INFO - [in this interval] aimd control rate is [1.0778679827656574] mbps
04/05/2022 16:10:39 PM - INFO - [in this interval] delay-rate is [1.0778679827656574] mbps
04/05/2022 16:10:39 PM - INFO - average delay [1583.75]
04/05/2022 16:10:39 PM - INFO - average delay [1569.0]
04/05/2022 16:10:39 PM - INFO - average delay [1541.25]
04/05/2022 16:10:39 PM - INFO - average delay [1523.0]
04/05/2022 16:10:39 PM - INFO - nowTs is [67428], lastTs is [67197]
04/05/2022 16:10:39 PM - INFO - [in this interval] loss-ratio is [0.2631578947368421]
04/05/2022 16:10:39 PM - INFO - [in this interval] group num is [10]
04/05/2022 16:10:39 PM - INFO - [in this interval] delayDelta from group is [[-18, -3, 2, -24, -9, -14, 1, -13, -9]]
04/05/2022 16:10:39 PM - INFO - sample List of accDelay : [[-1049.4264919984416, -1052.3838427985975, -1057.2454585187377, -1063.4209126668638, -1069.1788214001774, -1077.0609392601598, -1085.9548453341438, -1095.6593608007295, -1103.6934247206566, -1112.6240822485909, -1121.0616740237317, -1130.4555066213586, -1139.2099559592227, -1146.8889603633004, -1156.2000643269703, -1165.4800578942732, -1175.232052104846, -1183.9088468943614, -1193.0179622049254, -1202.1161659844329]]
04/05/2022 16:10:39 PM - INFO - sample List of time: [[66749, 66774, 66787, 66800, 66812, 66825, 66838, 66855, 66873, 66890, 66908, 66942, 66959, 66976, 66993, 67044, 67060, 67076, 67107, 67139]]
04/05/2022 16:10:39 PM - INFO - update trend: [-0.41483110539546486]
04/05/2022 16:10:39 PM - INFO - estimateQueueDelayDuration [-99.55946529491156] = queueDelayDelta [-1.6593244215818594] * numCount[1001]
04/05/2022 16:10:39 PM - INFO - [in this interval] signal is [Signal.UNDER_USE]
04/05/2022 16:10:39 PM - INFO - [in this interval] adaptiveThresholdGamma is [60.81954680832595]
04/05/2022 16:10:39 PM - INFO - [in this interval] state is [State.HOLD]
04/05/2022 16:10:39 PM - INFO - [in this interval] now real rate is [0.641810101010101]mbps
04/05/2022 16:10:39 PM - INFO - [in this interval] now real rtt is [3390]
04/05/2022 16:10:39 PM - INFO - [in this interval] aimd control rate is [1.0778679827656574] mbps
04/05/2022 16:10:39 PM - INFO - [in this interval] delay-rate is [1.0778679827656574] mbps
04/05/2022 16:10:39 PM - INFO - average delay [1502.0]
04/05/2022 16:10:39 PM - INFO - average delay [1481.25]
04/05/2022 16:10:39 PM - INFO - average delay [1475.75]
04/05/2022 16:10:39 PM - INFO - average delay [1538.5]
04/05/2022 16:10:39 PM - INFO - nowTs is [67663], lastTs is [67428]
04/05/2022 16:10:39 PM - INFO - [in this interval] loss-ratio is [0.16666666666666666]
04/05/2022 16:10:39 PM - INFO - [in this interval] group num is [7]
04/05/2022 16:10:39 PM - INFO - [in this interval] delayDelta from group is [[-1, -23, -6, 88, 19, -2]]
04/05/2022 16:10:39 PM - INFO - sample List of accDelay : [[-1085.9548453341438, -1095.6593608007295, -1103.6934247206566, -1112.6240822485909, -1121.0616740237317, -1130.4555066213586, -1139.2099559592227, -1146.8889603633004, -1156.2000643269703, -1165.4800578942732, -1175.232052104846, -1183.9088468943614, -1193.0179622049254, -1202.1161659844329, -1210.4045493859896, -1220.1640944473907, -1229.5476850026516, -1229.1929165023864, -1226.9736248521479, -1225.1762623669329]]
04/05/2022 16:10:39 PM - INFO - sample List of time: [[66838, 66855, 66873, 66890, 66908, 66942, 66959, 66976, 66993, 67044, 67060, 67076, 67107, 67139, 67170, 67184, 67201, 67215, 67328, 67362]]
04/05/2022 16:10:39 PM - INFO - update trend: [-0.3020226322140325]
04/05/2022 16:10:39 PM - INFO - estimateQueueDelayDuration [-72.48543173136781] = queueDelayDelta [-1.20809052885613] * numCount[1001]
04/05/2022 16:10:39 PM - INFO - [in this interval] signal is [Signal.UNDER_USE]
04/05/2022 16:10:39 PM - INFO - [in this interval] adaptiveThresholdGamma is [72.48543173136781]
04/05/2022 16:10:39 PM - INFO - [in this interval] state is [State.HOLD]
04/05/2022 16:10:39 PM - INFO - [in this interval] now real rate is [0.502512]mbps
04/05/2022 16:10:39 PM - INFO - [in this interval] now real rtt is [3540]
04/05/2022 16:10:39 PM - INFO - [in this interval] aimd control rate is [1.0778679827656574] mbps
04/05/2022 16:10:39 PM - INFO - [in this interval] delay-rate is [1.0778679827656574] mbps
04/05/2022 16:10:39 PM - INFO - average delay [1571.0]
04/05/2022 16:10:39 PM - INFO - average delay [1564.0]
04/05/2022 16:10:39 PM - INFO - average delay [1573.0]
04/05/2022 16:10:39 PM - INFO - average delay [1600.3333333333333]
04/05/2022 16:10:39 PM - INFO - nowTs is [67914], lastTs is [67663]
04/05/2022 16:10:39 PM - INFO - [in this interval] loss-ratio is [0.09090909090909091]
04/05/2022 16:10:39 PM - INFO - [in this interval] group num is [7]
04/05/2022 16:10:39 PM - INFO - [in this interval] delayDelta from group is [[-13, -16, 37, 11, 47, 37]]
04/05/2022 16:10:39 PM - INFO - sample List of accDelay : [[-1139.2099559592227, -1146.8889603633004, -1156.2000643269703, -1165.4800578942732, -1175.232052104846, -1183.9088468943614, -1193.0179622049254, -1202.1161659844329, -1210.4045493859896, -1220.1640944473907, -1229.5476850026516, -1229.1929165023864, -1226.9736248521479, -1225.1762623669329, -1224.8586361302396, -1226.1727725172157, -1223.655495265494, -1220.2899457389447, -1212.5609511650503, -1201.904856048545]]
04/05/2022 16:10:39 PM - INFO - sample List of time: [[66959, 66976, 66993, 67044, 67060, 67076, 67107, 67139, 67170, 67184, 67201, 67215, 67328, 67362, 67408, 67425, 67444, 67506, 67527, 67589]]
04/05/2022 16:10:39 PM - INFO - update trend: [-0.10951332693284876]
04/05/2022 16:10:39 PM - INFO - estimateQueueDelayDuration [-26.283198463883704] = queueDelayDelta [-0.43805330773139506] * numCount[1001]
04/05/2022 16:10:39 PM - INFO - [in this interval] signal is [Signal.NORMAL]
04/05/2022 16:10:39 PM - INFO - [in this interval] adaptiveThresholdGamma is [71.6537915325531]
04/05/2022 16:10:39 PM - INFO - [in this interval] state is [State.INCREASE]
04/05/2022 16:10:39 PM - INFO - [in this interval] now real rate is [0.3473744855967078]mbps
04/05/2022 16:10:39 PM - INFO - [in this interval] now real rtt is [3762]
04/05/2022 16:10:39 PM - INFO - [in this interval] aimd control rate is [1.082359099360514] mbps
04/05/2022 16:10:39 PM - INFO - [in this interval] delay-rate is [1.082359099360514] mbps
04/05/2022 16:10:39 PM - INFO - average delay [1663.3333333333333]
04/05/2022 16:10:39 PM - INFO - average delay [1665.5]
04/05/2022 16:10:39 PM - INFO - average delay [1670.6666666666667]
04/05/2022 16:10:39 PM - INFO - average delay [1685.6666666666667]
04/05/2022 16:10:39 PM - INFO - nowTs is [68151], lastTs is [67914]
04/05/2022 16:10:39 PM - INFO - [in this interval] loss-ratio is [0.2857142857142857]
04/05/2022 16:10:39 PM - INFO - [in this interval] group num is [6]
04/05/2022 16:10:39 PM - INFO - [in this interval] delayDelta from group is [[-11, 26, -6, 50, -12]]
04/05/2022 16:10:39 PM - INFO - sample List of accDelay : [[-1183.9088468943614, -1193.0179622049254, -1202.1161659844329, -1210.4045493859896, -1220.1640944473907, -1229.5476850026516, -1229.1929165023864, -1226.9736248521479, -1225.1762623669329, -1224.8586361302396, -1226.1727725172157, -1223.655495265494, -1220.2899457389447, -1212.5609511650503, -1201.904856048545, -1193.4143704436906, -1183.1729333993214, -1174.5556400593894, -1161.8000760534505, -1151.5200684481056]]
04/05/2022 16:10:39 PM - INFO - sample List of time: [[67076, 67107, 67139, 67170, 67184, 67201, 67215, 67328, 67362, 67408, 67425, 67444, 67506, 67527, 67589, 67666, 67690, 67741, 67775, 67860]]
04/05/2022 16:10:39 PM - INFO - update trend: [0.0554751043830858]
04/05/2022 16:10:39 PM - INFO - estimateQueueDelayDuration [13.314025051940593] = queueDelayDelta [0.2219004175323432] * numCount[1000]
04/05/2022 16:10:39 PM - INFO - [in this interval] signal is [Signal.NORMAL]
04/05/2022 16:10:39 PM - INFO - [in this interval] adaptiveThresholdGamma is [70.60367573590207]
04/05/2022 16:10:39 PM - INFO - [in this interval] state is [State.INCREASE]
04/05/2022 16:10:39 PM - INFO - [in this interval] now real rate is [0.32821311475409837]mbps
04/05/2022 16:10:39 PM - INFO - [in this interval] now real rtt is [3836]
04/05/2022 16:10:39 PM - INFO - [in this interval] aimd control rate is [1.086868928941183] mbps
04/05/2022 16:10:39 PM - INFO - [in this interval] delay-rate is [1.086868928941183] mbps
04/05/2022 16:10:39 PM - INFO - average delay [1716.25]
04/05/2022 16:10:39 PM - INFO - average delay [1703.0]
04/05/2022 16:10:39 PM - INFO - average delay [1678.0]
04/05/2022 16:10:39 PM - INFO - average delay [1684.75]
04/05/2022 16:10:39 PM - INFO - nowTs is [68394], lastTs is [68151]
04/05/2022 16:10:39 PM - INFO - [in this interval] loss-ratio is [0.0]
04/05/2022 16:10:39 PM - INFO - [in this interval] group num is [11]
04/05/2022 16:10:39 PM - INFO - [in this interval] delayDelta from group is [[-17, -12, 9, -6, -11, 7, -8, -18, -14, -17]]
04/05/2022 16:10:39 PM - INFO - sample List of accDelay : [[-1226.1727725172157, -1223.655495265494, -1220.2899457389447, -1212.5609511650503, -1201.904856048545, -1193.4143704436906, -1183.1729333993214, -1174.5556400593894, -1161.8000760534505, -1151.5200684481056, -1143.968061603295, -1138.3712554429653, -1132.4341298986687, -1127.6907169088017, -1124.5216452179216, -1120.9694806961293, -1118.5725326265162, -1118.2152793638645, -1119.2937514274781, -1121.9643762847304]]
04/05/2022 16:10:39 PM - INFO - sample List of time: [[67425, 67444, 67506, 67527, 67589, 67666, 67690, 67741, 67775, 67860, 67908, 67926, 67944, 67998, 68017, 68036, 68053, 68070, 68087, 68103]]
04/05/2022 16:10:39 PM - INFO - update trend: [0.17289383250654763]
04/05/2022 16:10:39 PM - INFO - estimateQueueDelayDuration [41.494519801571435] = queueDelayDelta [0.6915753300261905] * numCount[1000]
04/05/2022 16:10:39 PM - INFO - [in this interval] signal is [Signal.NORMAL]
04/05/2022 16:10:39 PM - INFO - [in this interval] adaptiveThresholdGamma is [70.07971092908411]
04/05/2022 16:10:39 PM - INFO - [in this interval] state is [State.INCREASE]
04/05/2022 16:10:39 PM - INFO - [in this interval] now real rate is [0.5053666666666666]mbps
04/05/2022 16:10:39 PM - INFO - [in this interval] now real rtt is [3652]
04/05/2022 16:10:39 PM - INFO - [in this interval] aimd control rate is [1.091397549478438] mbps
04/05/2022 16:10:39 PM - INFO - [in this interval] delay-rate is [1.091397549478438] mbps
04/05/2022 16:10:39 PM - INFO - average delay [1643.6]
04/05/2022 16:10:39 PM - INFO - average delay [1593.0]
04/05/2022 16:10:39 PM - INFO - average delay [1553.0]
04/05/2022 16:10:39 PM - INFO - average delay [1526.1666666666667]
04/05/2022 16:10:39 PM - INFO - nowTs is [68624], lastTs is [68394]
04/05/2022 16:10:39 PM - INFO - [in this interval] loss-ratio is [0.0]
04/05/2022 16:10:39 PM - INFO - [in this interval] group num is [11]
04/05/2022 16:10:39 PM - INFO - [in this interval] delayDelta from group is [[-11, -15, -15, -10, -12, -12, -6, -11, -9, -18]]
04/05/2022 16:10:39 PM - INFO - sample List of accDelay : [[-1143.968061603295, -1138.3712554429653, -1132.4341298986687, -1127.6907169088017, -1124.5216452179216, -1120.9694806961293, -1118.5725326265162, -1118.2152793638645, -1119.2937514274781, -1121.9643762847304, -1125.4679386562573, -1130.1211447906317, -1135.8090303115684, -1141.9281272804117, -1148.6353145523703, -1155.8717830971332, -1162.98460478742, -1170.486144308678, -1178.1375298778103, -1186.8237768900292]]
04/05/2022 16:10:39 PM - INFO - sample List of time: [[67908, 67926, 67944, 67998, 68017, 68036, 68053, 68070, 68087, 68103, 68140, 68159, 68179, 68199, 68219, 68242, 68265, 68289, 68313, 68339]]
04/05/2022 16:10:39 PM - INFO - update trend: [-0.11415506291159011]
04/05/2022 16:10:39 PM - INFO - estimateQueueDelayDuration [-27.397215098781626] = queueDelayDelta [-0.45662025164636044] * numCount[1000]
04/05/2022 16:10:39 PM - INFO - [in this interval] signal is [Signal.NORMAL]
04/05/2022 16:10:39 PM - INFO - [in this interval] adaptiveThresholdGamma is [69.31142600413867]
04/05/2022 16:10:39 PM - INFO - [in this interval] state is [State.INCREASE]
04/05/2022 16:10:39 PM - INFO - [in this interval] now real rate is [0.6506558044806516]mbps
04/05/2022 16:10:39 PM - INFO - [in this interval] now real rtt is [3382]
04/05/2022 16:10:39 PM - INFO - [in this interval] aimd control rate is [1.0959450392679313] mbps
04/05/2022 16:10:39 PM - INFO - [in this interval] delay-rate is [1.0959450392679313] mbps
04/05/2022 16:10:39 PM - INFO - average delay [1504.0]
04/05/2022 16:10:39 PM - INFO - average delay [1488.0]
04/05/2022 16:10:39 PM - INFO - average delay [1484.75]
04/05/2022 16:10:39 PM - INFO - average delay [1499.5]
04/05/2022 16:10:39 PM - INFO - nowTs is [68866], lastTs is [68624]
04/05/2022 16:10:39 PM - INFO - [in this interval] loss-ratio is [0.0]
04/05/2022 16:10:39 PM - INFO - [in this interval] group num is [8]
04/05/2022 16:10:39 PM - INFO - [in this interval] delayDelta from group is [[-9, -9, 13, 1, 4, 16, 8]]
04/05/2022 16:10:39 PM - INFO - sample List of accDelay : [[-1118.2152793638645, -1119.2937514274781, -1121.9643762847304, -1125.4679386562573, -1130.1211447906317, -1135.8090303115684, -1141.9281272804117, -1148.6353145523703, -1155.8717830971332, -1162.98460478742, -1170.486144308678, -1178.1375298778103, -1186.8237768900292, -1195.5413992010263, -1204.2872592809235, -1210.8585333528313, -1216.6726800175484, -1221.5054120157936, -1224.2548708142144, -1225.929383732793]]
04/05/2022 16:10:39 PM - INFO - sample List of time: [[68070, 68087, 68103, 68140, 68159, 68179, 68199, 68219, 68242, 68265, 68289, 68313, 68339, 68364, 68390, 68416, 68464, 68500, 68519, 68555]]
04/05/2022 16:10:39 PM - INFO - update trend: [-0.25689542094324813]
04/05/2022 16:10:39 PM - INFO - estimateQueueDelayDuration [-61.65490102637955] = queueDelayDelta [-1.0275816837729925] * numCount[1001]
04/05/2022 16:10:39 PM - INFO - [in this interval] signal is [Signal.NORMAL]
04/05/2022 16:10:39 PM - INFO - [in this interval] adaptiveThresholdGamma is [69.173608554539]
04/05/2022 16:10:39 PM - INFO - [in this interval] state is [State.INCREASE]
04/05/2022 16:10:39 PM - INFO - [in this interval] now real rate is [0.6021714285714285]mbps
04/05/2022 16:10:39 PM - INFO - [in this interval] now real rtt is [3456]
04/05/2022 16:10:39 PM - INFO - [in this interval] aimd control rate is [1.1005114769315478] mbps
04/05/2022 16:10:39 PM - INFO - [in this interval] delay-rate is [1.1005114769315478] mbps
04/05/2022 16:10:39 PM - INFO - average delay [1517.25]
04/05/2022 16:10:39 PM - INFO - average delay [1520.75]
04/05/2022 16:10:39 PM - INFO - average delay [1541.2]
04/05/2022 16:10:39 PM - INFO - average delay [1555.4]
04/05/2022 16:10:39 PM - INFO - nowTs is [69105], lastTs is [68866]
04/05/2022 16:10:39 PM - INFO - [in this interval] loss-ratio is [0.0]
04/05/2022 16:10:39 PM - INFO - [in this interval] group num is [7]
04/05/2022 16:10:39 PM - INFO - [in this interval] delayDelta from group is [[22, 14, -6, -7, -1, -5]]
04/05/2022 16:10:39 PM - INFO - sample List of accDelay : [[-1141.9281272804117, -1148.6353145523703, -1155.8717830971332, -1162.98460478742, -1170.486144308678, -1178.1375298778103, -1186.8237768900292, -1195.5413992010263, -1204.2872592809235, -1210.8585333528313, -1216.6726800175484, -1221.5054120157936, -1224.2548708142144, -1225.929383732793, -1225.2364453595137, -1223.2128008235625, -1221.9915207412062, -1221.5923686670856, -1221.333131800377, -1221.5998186203392]]
04/05/2022 16:10:39 PM - INFO - sample List of time: [[68199, 68219, 68242, 68265, 68289, 68313, 68339, 68364, 68390, 68416, 68464, 68500, 68519, 68555, 68630, 68702, 68731, 68760, 68788, 68817]]
04/05/2022 16:10:39 PM - INFO - update trend: [-0.12179650966435158]
04/05/2022 16:10:39 PM - INFO - estimateQueueDelayDuration [-29.23116231944438] = queueDelayDelta [-0.48718603865740634] * numCount[1001]
04/05/2022 16:10:39 PM - INFO - [in this interval] signal is [Signal.NORMAL]
04/05/2022 16:10:39 PM - INFO - [in this interval] adaptiveThresholdGamma is [68.45464452230729]
04/05/2022 16:10:39 PM - INFO - [in this interval] state is [State.INCREASE]
04/05/2022 16:10:39 PM - INFO - [in this interval] now real rate is [0.5938498985801217]mbps
04/05/2022 16:10:39 PM - INFO - [in this interval] now real rtt is [3494]
04/05/2022 16:10:39 PM - INFO - [in this interval] aimd control rate is [1.1050969414187626] mbps
04/05/2022 16:10:39 PM - INFO - [in this interval] delay-rate is [1.1050969414187626] mbps
04/05/2022 16:10:39 PM - INFO - average delay [1547.8]
04/05/2022 16:10:39 PM - INFO - average delay [1582.5]
04/05/2022 16:10:39 PM - INFO - average delay [1601.6666666666667]
04/05/2022 16:10:39 PM - INFO - average delay [1624.6666666666667]
04/05/2022 16:10:39 PM - INFO - nowTs is [69352], lastTs is [69105]
04/05/2022 16:10:39 PM - INFO - [in this interval] loss-ratio is [0.0]
04/05/2022 16:10:39 PM - INFO - [in this interval] group num is [6]
04/05/2022 16:10:39 PM - INFO - [in this interval] delayDelta from group is [[20, 24, 18, 6, -15]]
04/05/2022 16:10:39 PM - INFO - sample List of accDelay : [[-1178.1375298778103, -1186.8237768900292, -1195.5413992010263, -1204.2872592809235, -1210.8585333528313, -1216.6726800175484, -1221.5054120157936, -1224.2548708142144, -1225.929383732793, -1225.2364453595137, -1223.2128008235625, -1221.9915207412062, -1221.5923686670856, -1221.333131800377, -1221.5998186203392, -1219.8398367583054, -1215.8558530824748, -1210.4702677742275, -1205.0232409968048, -1201.6209168971243]]
04/05/2022 16:10:39 PM - INFO - sample List of time: [[68313, 68339, 68364, 68390, 68416, 68464, 68500, 68519, 68555, 68630, 68702, 68731, 68760, 68788, 68817, 68896, 68951, 69005, 69038, 69064]]
04/05/2022 16:10:39 PM - INFO - update trend: [-0.018468461580520838]
04/05/2022 16:10:39 PM - INFO - estimateQueueDelayDuration [-4.432430779325001] = queueDelayDelta [-0.07387384632208335] * numCount[1000]
04/05/2022 16:10:39 PM - INFO - [in this interval] signal is [Signal.NORMAL]
04/05/2022 16:10:39 PM - INFO - [in this interval] adaptiveThresholdGamma is [67.3022446749336]
04/05/2022 16:10:39 PM - INFO - [in this interval] state is [State.INCREASE]
04/05/2022 16:10:39 PM - INFO - [in this interval] now real rate is [0.5064526748971193]mbps
04/05/2022 16:10:39 PM - INFO - [in this interval] now real rtt is [3698]
04/05/2022 16:10:39 PM - INFO - [in this interval] aimd control rate is [1.1097015120080074] mbps
04/05/2022 16:10:39 PM - INFO - [in this interval] delay-rate is [1.1097015120080074] mbps
04/05/2022 16:10:39 PM - INFO - average delay [1656.75]
04/05/2022 16:10:39 PM - INFO - average delay [1664.25]
04/05/2022 16:10:39 PM - INFO - average delay [1650.6]
04/05/2022 16:10:39 PM - INFO - average delay [1644.5]
04/05/2022 16:10:39 PM - INFO - nowTs is [69592], lastTs is [69352]
04/05/2022 16:10:39 PM - INFO - [in this interval] loss-ratio is [0.0625]
04/05/2022 16:10:39 PM - INFO - [in this interval] group num is [8]
04/05/2022 16:10:39 PM - INFO - [in this interval] delayDelta from group is [[2, -9, -8, -4, 22, -4, -8]]
04/05/2022 16:10:39 PM - INFO - sample List of accDelay : [[-1224.2548708142144, -1225.929383732793, -1225.2364453595137, -1223.2128008235625, -1221.9915207412062, -1221.5923686670856, -1221.333131800377, -1221.5998186203392, -1219.8398367583054, -1215.8558530824748, -1210.4702677742275, -1205.0232409968048, -1201.6209168971243, -1198.3588252074119, -1196.3229426866708, -1195.2906484180037, -1194.7615835762033, -1192.085425218583, -1190.0768826967246, -1189.0691944270523]]
04/05/2022 16:10:39 PM - INFO - sample List of time: [[68519, 68555, 68630, 68702, 68731, 68760, 68788, 68817, 68896, 68951, 69005, 69038, 69064, 69108, 69135, 69161, 69188, 69214, 69276, 69297]]
04/05/2022 16:10:39 PM - INFO - update trend: [0.05406824671798863]
04/05/2022 16:10:39 PM - INFO - estimateQueueDelayDuration [12.976379212317271] = queueDelayDelta [0.2162729868719545] * numCount[1001]
04/05/2022 16:10:39 PM - INFO - [in this interval] signal is [Signal.NORMAL]
04/05/2022 16:10:39 PM - INFO - [in this interval] adaptiveThresholdGamma is [66.3243790966065]
04/05/2022 16:10:39 PM - INFO - [in this interval] state is [State.INCREASE]
04/05/2022 16:10:39 PM - INFO - [in this interval] now real rate is [0.4459301848049281]mbps
04/05/2022 16:10:39 PM - INFO - [in this interval] now real rtt is [3718]
04/05/2022 16:10:39 PM - INFO - [in this interval] aimd control rate is [1.1143252683080407] mbps
04/05/2022 16:10:39 PM - INFO - [in this interval] delay-rate is [1.1143252683080407] mbps
04/05/2022 16:10:39 PM - INFO - average delay [1665.6666666666667]
04/05/2022 16:10:39 PM - INFO - average delay [1653.0]
04/05/2022 16:10:39 PM - INFO - average delay [1643.3333333333333]
04/05/2022 16:10:39 PM - INFO - average delay [1630.0]
04/05/2022 16:10:39 PM - INFO - nowTs is [69832], lastTs is [69592]
04/05/2022 16:10:39 PM - INFO - [in this interval] loss-ratio is [0.35294117647058826]
04/05/2022 16:10:39 PM - INFO - [in this interval] group num is [8]
04/05/2022 16:10:39 PM - INFO - [in this interval] delayDelta from group is [[-8, -8, -13, 5, -2, 8, -14]]
04/05/2022 16:10:39 PM - INFO - sample List of accDelay : [[-1221.5998186203392, -1219.8398367583054, -1215.8558530824748, -1210.4702677742275, -1205.0232409968048, -1201.6209168971243, -1198.3588252074119, -1196.3229426866708, -1195.2906484180037, -1194.7615835762033, -1192.085425218583, -1190.0768826967246, -1189.0691944270523, -1188.962274984347, -1189.6660474859123, -1191.5994427373212, -1192.8394984635893, -1194.1555486172304, -1194.5399937555073, -1196.2859943799567]]
04/05/2022 16:10:39 PM - INFO - sample List of time: [[68817, 68896, 68951, 69005, 69038, 69064, 69108, 69135, 69161, 69188, 69214, 69276, 69297, 69361, 69383, 69405, 69427, 69472, 69495, 69543]]
04/05/2022 16:10:39 PM - INFO - update trend: [0.040183391036675516]
04/05/2022 16:10:39 PM - INFO - estimateQueueDelayDuration [9.644013848802123] = queueDelayDelta [0.16073356414670206] * numCount[1000]
04/05/2022 16:10:39 PM - INFO - [in this interval] signal is [Signal.NORMAL]
04/05/2022 16:10:39 PM - INFO - [in this interval] adaptiveThresholdGamma is [65.30413252214603]
04/05/2022 16:10:39 PM - INFO - [in this interval] state is [State.INCREASE]
04/05/2022 16:10:39 PM - INFO - [in this interval] now real rate is [0.4498424242424242]mbps
04/05/2022 16:10:39 PM - INFO - [in this interval] now real rtt is [3658]
04/05/2022 16:10:39 PM - INFO - [in this interval] aimd control rate is [1.1189682902593243] mbps
04/05/2022 16:10:39 PM - INFO - [in this interval] delay-rate is [1.1189682902593243] mbps
04/05/2022 16:10:39 PM - INFO - average delay [1632.0]
04/05/2022 16:10:39 PM - INFO - average delay [1662.5]
04/05/2022 16:10:39 PM - INFO - average delay [1678.3333333333333]
04/05/2022 16:10:39 PM - INFO - average delay [1700.0]
04/05/2022 16:10:39 PM - INFO - nowTs is [70053], lastTs is [69832]
04/05/2022 16:10:39 PM - INFO - [in this interval] loss-ratio is [0.0]
04/05/2022 16:10:39 PM - INFO - [in this interval] group num is [5]
04/05/2022 16:10:39 PM - INFO - [in this interval] delayDelta from group is [[21, 22, 22, 13]]
04/05/2022 16:10:39 PM - INFO - sample List of accDelay : [[-1205.0232409968048, -1201.6209168971243, -1198.3588252074119, -1196.3229426866708, -1195.2906484180037, -1194.7615835762033, -1192.085425218583, -1190.0768826967246, -1189.0691944270523, -1188.962274984347, -1189.6660474859123, -1191.5994427373212, -1192.8394984635893, -1194.1555486172304, -1194.5399937555073, -1196.2859943799567, -1195.757394941961, -1193.0816554477647, -1188.4734899029884, -1183.0261409126897]]
04/05/2022 16:10:39 PM - INFO - sample List of time: [[69038, 69064, 69108, 69135, 69161, 69188, 69214, 69276, 69297, 69361, 69383, 69405, 69427, 69472, 69495, 69543, 69607, 69658, 69715, 69752]]
04/05/2022 16:10:39 PM - INFO - update trend: [0.014036644271925197]
04/05/2022 16:10:39 PM - INFO - estimateQueueDelayDuration [3.3687946252620473] = queueDelayDelta [0.05614657708770079] * numCount[1000]
04/05/2022 16:10:39 PM - INFO - [in this interval] signal is [Signal.NORMAL]
04/05/2022 16:10:39 PM - INFO - [in this interval] adaptiveThresholdGamma is [64.18929644000212]
04/05/2022 16:10:39 PM - INFO - [in this interval] state is [State.INCREASE]
04/05/2022 16:10:39 PM - INFO - [in this interval] now real rate is [0.3459875776397516]mbps
04/05/2022 16:10:39 PM - INFO - [in this interval] now real rtt is [3900]
04/05/2022 16:10:39 PM - INFO - [in this interval] aimd control rate is [1.1236306581354047] mbps
04/05/2022 16:10:39 PM - INFO - [in this interval] delay-rate is [1.1236306581354047] mbps
04/05/2022 16:10:39 PM - INFO - average delay [1743.5]
04/05/2022 16:10:39 PM - INFO - average delay [1774.25]
04/05/2022 16:10:39 PM - INFO - average delay [1748.3333333333333]
04/05/2022 16:10:39 PM - INFO - nowTs is [70253], lastTs is [70053]
04/05/2022 16:10:39 PM - INFO - [in this interval] loss-ratio is [0.0]
04/05/2022 16:10:39 PM - INFO - [in this interval] group num is [8]
04/05/2022 16:10:39 PM - INFO - [in this interval] delayDelta from group is [[9, -14, -14, -8, -12, -13, -7]]
04/05/2022 16:10:39 PM - INFO - sample List of accDelay : [[-1190.0768826967246, -1189.0691944270523, -1188.962274984347, -1189.6660474859123, -1191.5994427373212, -1192.8394984635893, -1194.1555486172304, -1194.5399937555073, -1196.2859943799567, -1195.757394941961, -1193.0816554477647, -1188.4734899029884, -1183.0261409126897, -1177.2235268214208, -1173.4011741392787, -1171.3610567253509, -1170.3249510528158, -1170.5924559475343, -1172.133210352781, -1174.2198893175027]]
04/05/2022 16:10:39 PM - INFO - sample List of time: [[69276, 69297, 69361, 69383, 69405, 69427, 69472, 69495, 69543, 69607, 69658, 69715, 69752, 69809, 69848, 69869, 69890, 69912, 69935, 69957]]
04/05/2022 16:10:39 PM - INFO - update trend: [0.033978964411340205]
04/05/2022 16:10:39 PM - INFO - estimateQueueDelayDuration [8.15495145872165] = queueDelayDelta [0.13591585764536082] * numCount[1001]
04/05/2022 16:10:39 PM - INFO - [in this interval] signal is [Signal.NORMAL]
04/05/2022 16:10:39 PM - INFO - [in this interval] adaptiveThresholdGamma is [63.180678230339076]
04/05/2022 16:10:39 PM - INFO - [in this interval] state is [State.INCREASE]
04/05/2022 16:10:39 PM - INFO - [in this interval] now real rate is [0.46012371134020613]mbps
04/05/2022 16:10:39 PM - INFO - [in this interval] now real rtt is [3830]
04/05/2022 16:10:39 PM - INFO - [in this interval] aimd control rate is [1.1283124525443022] mbps
04/05/2022 16:10:39 PM - INFO - [in this interval] delay-rate is [1.1283124525443022] mbps
04/05/2022 16:10:39 PM - INFO - average delay [1721.0]
04/05/2022 16:10:39 PM - INFO - average delay [1690.2]
04/05/2022 16:10:39 PM - INFO - average delay [1688.0]
04/05/2022 16:10:39 PM - INFO - average delay [1713.3333333333333]
04/05/2022 16:10:39 PM - INFO - nowTs is [70481], lastTs is [70253]
04/05/2022 16:10:39 PM - INFO - [in this interval] loss-ratio is [0.0]
04/05/2022 16:10:39 PM - INFO - [in this interval] group num is [6]
04/05/2022 16:10:39 PM - INFO - [in this interval] delayDelta from group is [[-12, 5, 15, 13, 19]]
04/05/2022 16:10:39 PM - INFO - sample List of accDelay : [[-1192.8394984635893, -1194.1555486172304, -1194.5399937555073, -1196.2859943799567, -1195.757394941961, -1193.0816554477647, -1188.4734899029884, -1183.0261409126897, -1177.2235268214208, -1173.4011741392787, -1171.3610567253509, -1170.3249510528158, -1170.5924559475343, -1172.133210352781, -1174.2198893175027, -1177.2979003857524, -1179.5681103471773, -1180.1112993124596, -1179.3001693812137, -1176.6701524430923]]
04/05/2022 16:10:39 PM - INFO - sample List of time: [[69427, 69472, 69495, 69543, 69607, 69658, 69715, 69752, 69809, 69848, 69869, 69890, 69912, 69935, 69957, 70003, 70026, 70061, 70111, 70159]]
04/05/2022 16:10:39 PM - INFO - update trend: [0.03366185824103304]
04/05/2022 16:10:39 PM - INFO - estimateQueueDelayDuration [8.078845977847928] = queueDelayDelta [0.13464743296413215] * numCount[1000]
04/05/2022 16:10:39 PM - INFO - [in this interval] signal is [Signal.NORMAL]
04/05/2022 16:10:39 PM - INFO - [in this interval] adaptiveThresholdGamma is [62.188845249794234]
04/05/2022 16:10:39 PM - INFO - [in this interval] state is [State.INCREASE]
04/05/2022 16:10:39 PM - INFO - [in this interval] now real rate is [0.5327870182555782]mbps
04/05/2022 16:10:39 PM - INFO - [in this interval] now real rtt is [3886]
04/05/2022 16:10:39 PM - INFO - [in this interval] aimd control rate is [1.1330137544299035] mbps
04/05/2022 16:10:39 PM - INFO - [in this interval] delay-rate is [1.1330137544299035] mbps
04/05/2022 16:10:39 PM - INFO - average delay [1730.0]
04/05/2022 16:10:39 PM - INFO - average delay [1747.0]
04/05/2022 16:10:39 PM - INFO - average delay [1758.6666666666667]
04/05/2022 16:10:39 PM - INFO - average delay [1781.0]
04/05/2022 16:10:39 PM - INFO - nowTs is [70724], lastTs is [70481]
04/05/2022 16:10:39 PM - INFO - [in this interval] loss-ratio is [0.0]
04/05/2022 16:10:39 PM - INFO - [in this interval] group num is [6]
04/05/2022 16:10:39 PM - INFO - [in this interval] delayDelta from group is [[10, 15, 10, 10, -9]]
04/05/2022 16:10:39 PM - INFO - sample List of accDelay : [[-1193.0816554477647, -1188.4734899029884, -1183.0261409126897, -1177.2235268214208, -1173.4011741392787, -1171.3610567253509, -1170.3249510528158, -1170.5924559475343, -1172.133210352781, -1174.2198893175027, -1177.2979003857524, -1179.5681103471773, -1180.1112993124596, -1179.3001693812137, -1176.6701524430923, -1173.3031371987831, -1168.772823478905, -1163.6955411310144, -1158.1259870179128, -1154.0133883161216]]
04/05/2022 16:10:39 PM - INFO - sample List of time: [[69658, 69715, 69752, 69809, 69848, 69869, 69890, 69912, 69935, 69957, 70003, 70026, 70061, 70111, 70159, 70255, 70300, 70345, 70390, 70435]]
04/05/2022 16:10:39 PM - INFO - update trend: [0.030676935311627265]
04/05/2022 16:10:39 PM - INFO - estimateQueueDelayDuration [7.362464474790544] = queueDelayDelta [0.12270774124650906] * numCount[1001]
04/05/2022 16:10:39 PM - INFO - [in this interval] signal is [Signal.NORMAL]
04/05/2022 16:10:39 PM - INFO - [in this interval] adaptiveThresholdGamma is [61.201970395844164]
04/05/2022 16:10:39 PM - INFO - [in this interval] state is [State.INCREASE]
04/05/2022 16:10:39 PM - INFO - [in this interval] now real rate is [0.48477732793522266]mbps
04/05/2022 16:10:39 PM - INFO - [in this interval] now real rtt is [3982]
04/05/2022 16:10:39 PM - INFO - [in this interval] aimd control rate is [1.1377346450733614] mbps
04/05/2022 16:10:39 PM - INFO - [in this interval] delay-rate is [1.1377346450733614] mbps
04/05/2022 16:10:39 PM - INFO - average delay [1791.3333333333333]
04/05/2022 16:10:39 PM - INFO - average delay [1793.75]
04/05/2022 16:10:39 PM - INFO - average delay [1794.75]
04/05/2022 16:10:39 PM - INFO - average delay [1831.5]
04/05/2022 16:10:39 PM - INFO - nowTs is [70957], lastTs is [70724]
04/05/2022 16:10:39 PM - INFO - [in this interval] loss-ratio is [0.0]
04/05/2022 16:10:39 PM - INFO - [in this interval] group num is [7]
04/05/2022 16:10:39 PM - INFO - [in this interval] delayDelta from group is [[-3, -1, 19, 21, 25, 11]]
04/05/2022 16:10:39 PM - INFO - sample List of accDelay : [[-1170.3249510528158, -1170.5924559475343, -1172.133210352781, -1174.2198893175027, -1177.2979003857524, -1179.5681103471773, -1180.1112993124596, -1179.3001693812137, -1176.6701524430923, -1173.3031371987831, -1168.772823478905, -1163.6955411310144, -1158.1259870179128, -1154.0133883161216, -1150.6120494845095, -1147.6508445360585, -1143.0857600824527, -1136.8771840742074, -1128.7894656667868, -1120.410519100108]]
04/05/2022 16:10:39 PM - INFO - sample List of time: [[69890, 69912, 69935, 69957, 70003, 70026, 70061, 70111, 70159, 70255, 70300, 70345, 70390, 70435, 70467, 70499, 70533, 70587, 70623, 70663]]
04/05/2022 16:10:39 PM - INFO - update trend: [0.06119177926273448]
04/05/2022 16:10:39 PM - INFO - estimateQueueDelayDuration [14.686027023056276] = queueDelayDelta [0.24476711705093793] * numCount[1001]
04/05/2022 16:10:39 PM - INFO - [in this interval] signal is [Signal.NORMAL]
04/05/2022 16:10:39 PM - INFO - [in this interval] adaptiveThresholdGamma is [60.36468341513398]
04/05/2022 16:10:39 PM - INFO - [in this interval] state is [State.INCREASE]
04/05/2022 16:10:39 PM - INFO - [in this interval] now real rate is [0.5267731092436975]mbps
04/05/2022 16:10:39 PM - INFO - [in this interval] now real rtt is [4148]
04/05/2022 16:10:39 PM - INFO - [in this interval] aimd control rate is [1.1424752060945005] mbps
04/05/2022 16:10:39 PM - INFO - [in this interval] delay-rate is [1.1424752060945005] mbps
04/05/2022 16:10:39 PM - INFO - average delay [1861.0]
04/05/2022 16:10:39 PM - INFO - average delay [1850.75]
04/05/2022 16:10:39 PM - INFO - average delay [1783.5]
04/05/2022 16:10:39 PM - INFO - average delay [1742.0]
04/05/2022 16:10:39 PM - INFO - nowTs is [71205], lastTs is [70957]
04/05/2022 16:10:39 PM - INFO - [in this interval] loss-ratio is [0.11764705882352941]
04/05/2022 16:10:39 PM - INFO - [in this interval] group num is [12]
04/05/2022 16:10:39 PM - INFO - [in this interval] delayDelta from group is [[-19, -19, -18, -14, -18, -18, -12, -13, -2, 4, -13]]
04/05/2022 16:10:39 PM - INFO - sample List of accDelay : [[-1163.6955411310144, -1158.1259870179128, -1154.0133883161216, -1150.6120494845095, -1147.6508445360585, -1143.0857600824527, -1136.8771840742074, -1128.7894656667868, -1120.410519100108, -1114.7694671900972, -1111.5925204710875, -1110.5332684239788, -1110.979941581581, -1113.181947423423, -1116.9637526810807, -1121.5673774129727, -1127.0106396716756, -1132.109575704508, -1136.298618134057, -1141.3687563206513]]
04/05/2022 16:10:39 PM - INFO - sample List of time: [[70345, 70390, 70435, 70467, 70499, 70533, 70587, 70623, 70663, 70704, 70720, 70736, 70753, 70769, 70786, 70803, 70821, 70848, 70881, 70915]]
04/05/2022 16:10:39 PM - INFO - update trend: [0.06929175456451447]
04/05/2022 16:10:39 PM - INFO - estimateQueueDelayDuration [16.630021095483475] = queueDelayDelta [0.2771670182580579] * numCount[1000]
04/05/2022 16:10:39 PM - INFO - [in this interval] signal is [Signal.NORMAL]
04/05/2022 16:10:39 PM - INFO - [in this interval] adaptiveThresholdGamma is [59.577459493380275]
04/05/2022 16:10:39 PM - INFO - [in this interval] state is [State.INCREASE]
04/05/2022 16:10:39 PM - INFO - [in this interval] now real rate is [0.5633963782696176]mbps
04/05/2022 16:10:39 PM - INFO - [in this interval] now real rtt is [3874]
04/05/2022 16:10:39 PM - INFO - [in this interval] aimd control rate is [1.1472355194532275] mbps
04/05/2022 16:10:39 PM - INFO - [in this interval] delay-rate is [1.1472355194532275] mbps
04/05/2022 16:10:39 PM - INFO - average delay [1742.75]
04/05/2022 16:10:39 PM - INFO - average delay [1742.25]
04/05/2022 16:10:39 PM - INFO - average delay [1745.5]
04/05/2022 16:10:39 PM - INFO - average delay [1754.0]
04/05/2022 16:10:39 PM - INFO - nowTs is [71453], lastTs is [71205]
04/05/2022 16:10:39 PM - INFO - [in this interval] loss-ratio is [0.0]
04/05/2022 16:10:39 PM - INFO - [in this interval] group num is [7]
04/05/2022 16:10:39 PM - INFO - [in this interval] delayDelta from group is [[-1, 4, 3, 7, 11, 8]]
04/05/2022 16:10:39 PM - INFO - sample List of accDelay : [[-1136.8771840742074, -1128.7894656667868, -1120.410519100108, -1114.7694671900972, -1111.5925204710875, -1110.5332684239788, -1110.979941581581, -1113.181947423423, -1116.9637526810807, -1121.5673774129727, -1127.0106396716756, -1132.109575704508, -1136.298618134057, -1141.3687563206513, -1146.0318806885862, -1149.8286926197275, -1152.9458233577548, -1155.0512410219794, -1155.8461169197815, -1155.7615052278034]]
04/05/2022 16:10:39 PM - INFO - sample List of time: [[70587, 70623, 70663, 70704, 70720, 70736, 70753, 70769, 70786, 70803, 70821, 70848, 70881, 70915, 70948, 70982, 71016, 71054, 71096, 71137]]
04/05/2022 16:10:39 PM - INFO - update trend: [-0.08394738855046942]
04/05/2022 16:10:39 PM - INFO - estimateQueueDelayDuration [-20.14737325211266] = queueDelayDelta [-0.33578955420187767] * numCount[1000]
04/05/2022 16:10:39 PM - INFO - [in this interval] signal is [Signal.NORMAL]
04/05/2022 16:10:39 PM - INFO - [in this interval] adaptiveThresholdGamma is [58.867717941037455]
04/05/2022 16:10:39 PM - INFO - [in this interval] state is [State.INCREASE]
04/05/2022 16:10:39 PM - INFO - [in this interval] now real rate is [0.4990806451612903]mbps
04/05/2022 16:10:39 PM - INFO - [in this interval] now real rtt is [3960]
04/05/2022 16:10:39 PM - INFO - [in this interval] aimd control rate is [1.1520156674509494] mbps
04/05/2022 16:10:39 PM - INFO - [in this interval] delay-rate is [1.1520156674509494] mbps
04/05/2022 16:10:39 PM - INFO - average delay [1772.0]
04/05/2022 16:10:39 PM - INFO - average delay [1779.0]
04/05/2022 16:10:39 PM - INFO - average delay [1777.0]
04/05/2022 16:10:39 PM - INFO - average delay [1740.1666666666667]
04/05/2022 16:10:39 PM - INFO - nowTs is [71688], lastTs is [71453]
04/05/2022 16:10:39 PM - INFO - [in this interval] loss-ratio is [0.3793103448275862]
04/05/2022 16:10:39 PM - INFO - [in this interval] group num is [14]
04/05/2022 16:10:39 PM - INFO - [in this interval] delayDelta from group is [[3, -11, -11, -14, -9, -3, -24, -4, -9, -19, -23, -19, -24]]
04/05/2022 16:10:39 PM - INFO - sample List of accDelay : [[-1141.3687563206513, -1146.0318806885862, -1149.8286926197275, -1152.9458233577548, -1155.0512410219794, -1155.8461169197815, -1155.7615052278034, -1155.385354705023, -1156.1468192345208, -1157.9321373110688, -1160.938923579962, -1164.545031221966, -1168.0905280997695, -1173.6814752897926, -1179.1133277608133, -1184.901994984732, -1192.0117954862587, -1200.710615937633, -1210.4395543438698, -1221.5955989094828]]
04/05/2022 16:10:39 PM - INFO - sample List of time: [[70915, 70948, 70982, 71016, 71054, 71096, 71137, 71222, 71255, 71279, 71303, 71314, 71325, 71337, 71348, 71359, 71370, 71381, 71393, 71404]]
04/05/2022 16:10:39 PM - INFO - update trend: [-0.10765404801671671]
04/05/2022 16:10:39 PM - INFO - estimateQueueDelayDuration [-25.83697152401201] = queueDelayDelta [-0.43061619206686685] * numCount[1001]
04/05/2022 16:10:39 PM - INFO - [in this interval] signal is [Signal.NORMAL]
04/05/2022 16:10:39 PM - INFO - [in this interval] adaptiveThresholdGamma is [58.273164505531]
04/05/2022 16:10:39 PM - INFO - [in this interval] state is [State.INCREASE]
04/05/2022 16:10:39 PM - INFO - [in this interval] now real rate is [0.56672]mbps
04/05/2022 16:10:39 PM - INFO - [in this interval] now real rtt is [3640]
04/05/2022 16:10:39 PM - INFO - [in this interval] aimd control rate is [1.155855719675786] mbps
04/05/2022 16:10:39 PM - INFO - [in this interval] delay-rate is [1.155855719675786] mbps
04/05/2022 16:10:39 PM - INFO - average delay [1672.0]
04/05/2022 16:10:39 PM - INFO - average delay [1567.8]
04/05/2022 16:10:39 PM - INFO - average delay [1540.2]
04/05/2022 16:10:39 PM - INFO - average delay [1515.8]
04/05/2022 16:10:39 PM - INFO - nowTs is [71908], lastTs is [71688]
04/05/2022 16:10:39 PM - INFO - [in this interval] loss-ratio is [0.14285714285714285]
04/05/2022 16:10:39 PM - INFO - [in this interval] group num is [10]
04/05/2022 16:10:39 PM - INFO - [in this interval] delayDelta from group is [[-19, -15, -11, -6, -10, -11, -5, -10, -10]]
04/05/2022 16:10:39 PM - INFO - sample List of accDelay : [[-1157.9321373110688, -1160.938923579962, -1164.545031221966, -1168.0905280997695, -1173.6814752897926, -1179.1133277608133, -1184.901994984732, -1192.0117954862587, -1200.710615937633, -1210.4395543438698, -1221.5955989094828, -1233.5360390185344, -1245.782435116681, -1257.904191605013, -1269.4137724445118, -1280.7723952000606, -1292.0951556800546, -1302.7856401120494, -1313.4070761008443, -1323.96636849076]]
04/05/2022 16:10:39 PM - INFO - sample List of time: [[71279, 71303, 71314, 71325, 71337, 71348, 71359, 71370, 71381, 71393, 71404, 71427, 71438, 71463, 71487, 71511, 71536, 71560, 71585, 71610]]
04/05/2022 16:10:39 PM - INFO - update trend: [-0.5578272212386062]
04/05/2022 16:10:39 PM - INFO - estimateQueueDelayDuration [-133.8785330972655] = queueDelayDelta [-2.2313088849544247] * numCount[1000]
04/05/2022 16:10:39 PM - INFO - [in this interval] signal is [Signal.UNDER_USE]
04/05/2022 16:10:39 PM - INFO - [in this interval] adaptiveThresholdGamma is [58.273164505531]
04/05/2022 16:10:39 PM - INFO - [in this interval] state is [State.HOLD]
04/05/2022 16:10:39 PM - INFO - [in this interval] now real rate is [0.6700562248995984]mbps
04/05/2022 16:10:39 PM - INFO - [in this interval] now real rtt is [3400]
04/05/2022 16:10:39 PM - INFO - [in this interval] aimd control rate is [1.155855719675786] mbps
04/05/2022 16:10:39 PM - INFO - [in this interval] delay-rate is [1.155855719675786] mbps
04/05/2022 16:10:39 PM - INFO - average delay [1505.0]
04/05/2022 16:10:39 PM - INFO - average delay [1520.5]
04/05/2022 16:10:39 PM - INFO - average delay [1550.5]
04/05/2022 16:10:39 PM - INFO - average delay [1580.5]
04/05/2022 16:10:39 PM - INFO - nowTs is [72173], lastTs is [71908]
04/05/2022 16:10:39 PM - INFO - [in this interval] loss-ratio is [0.0]
04/05/2022 16:10:39 PM - INFO - [in this interval] group num is [6]
04/05/2022 16:10:39 PM - INFO - [in this interval] delayDelta from group is [[30, 30, -2, -6, -16]]
04/05/2022 16:10:39 PM - INFO - sample List of accDelay : [[-1179.1133277608133, -1184.901994984732, -1192.0117954862587, -1200.710615937633, -1210.4395543438698, -1221.5955989094828, -1233.5360390185344, -1245.782435116681, -1257.904191605013, -1269.4137724445118, -1280.7723952000606, -1292.0951556800546, -1302.7856401120494, -1313.4070761008443, -1323.96636849076, -1330.4697316416841, -1333.322758477516, -1336.0904826297642, -1339.181434366788, -1343.5632909301091]]
04/05/2022 16:10:39 PM - INFO - sample List of time: [[71348, 71359, 71370, 71381, 71393, 71404, 71427, 71438, 71463, 71487, 71511, 71536, 71560, 71585, 71610, 71699, 71764, 71829, 71857, 71886]]
04/05/2022 16:10:39 PM - INFO - update trend: [-0.30266269837122045]
04/05/2022 16:10:39 PM - INFO - estimateQueueDelayDuration [-72.63904760909291] = queueDelayDelta [-1.2106507934848818] * numCount[1001]
04/05/2022 16:10:39 PM - INFO - [in this interval] signal is [Signal.UNDER_USE]
04/05/2022 16:10:39 PM - INFO - [in this interval] adaptiveThresholdGamma is [72.63904760909291]
04/05/2022 16:10:39 PM - INFO - [in this interval] state is [State.HOLD]
04/05/2022 16:10:39 PM - INFO - [in this interval] now real rate is [0.5375161290322581]mbps
04/05/2022 16:10:39 PM - INFO - [in this interval] now real rtt is [3540]
04/05/2022 16:10:39 PM - INFO - [in this interval] aimd control rate is [1.155855719675786] mbps
04/05/2022 16:10:39 PM - INFO - [in this interval] delay-rate is [1.155855719675786] mbps
04/05/2022 16:10:39 PM - INFO - average delay [1581.6]
04/05/2022 16:10:39 PM - INFO - average delay [1572.5]
04/05/2022 16:10:39 PM - INFO - average delay [1563.0]
04/05/2022 16:10:39 PM - INFO - average delay [1556.5]
04/05/2022 16:10:39 PM - INFO - nowTs is [72415], lastTs is [72173]
04/05/2022 16:10:39 PM - INFO - [in this interval] loss-ratio is [0.0]
04/05/2022 16:10:39 PM - INFO - [in this interval] group num is [9]
04/05/2022 16:10:39 PM - INFO - [in this interval] delayDelta from group is [[-2, -5, -7, -1, -3, -3, 2, -14]]
04/05/2022 16:10:39 PM - INFO - sample List of accDelay : [[-1257.904191605013, -1269.4137724445118, -1280.7723952000606, -1292.0951556800546, -1302.7856401120494, -1313.4070761008443, -1323.96636849076, -1330.4697316416841, -1333.322758477516, -1336.0904826297642, -1339.181434366788, -1343.5632909301091, -1347.7069618370983, -1351.9362656533885, -1356.4426390880499, -1360.5983751792448, -1364.6385376613202, -1368.5746838951882, -1371.9172155056694, -1376.3254939551025]]
04/05/2022 16:10:39 PM - INFO - sample List of time: [[71463, 71487, 71511, 71536, 71560, 71585, 71610, 71699, 71764, 71829, 71857, 71886, 71915, 71943, 71973, 72001, 72030, 72062, 72094, 72126]]
04/05/2022 16:10:39 PM - INFO - update trend: [-0.15005861385514216]
04/05/2022 16:10:39 PM - INFO - estimateQueueDelayDuration [-36.014067325234116] = queueDelayDelta [-0.6002344554205686] * numCount[1001]
04/05/2022 16:10:39 PM - INFO - [in this interval] signal is [Signal.NORMAL]
04/05/2022 16:10:39 PM - INFO - [in this interval] adaptiveThresholdGamma is [71.97979796398346]
04/05/2022 16:10:39 PM - INFO - [in this interval] state is [State.INCREASE]
04/05/2022 16:10:39 PM - INFO - [in this interval] now real rate is [0.5060884210526315]mbps
04/05/2022 16:10:39 PM - INFO - [in this interval] now real rtt is [3494]
04/05/2022 16:10:39 PM - INFO - [in this interval] aimd control rate is [1.1597085720747051] mbps
04/05/2022 16:10:39 PM - INFO - [in this interval] delay-rate is [1.1597085720747051] mbps
04/05/2022 16:10:39 PM - INFO - average delay [1554.25]
04/05/2022 16:10:39 PM - INFO - average delay [1552.0]
04/05/2022 16:10:39 PM - INFO - average delay [1552.0]
04/05/2022 16:10:39 PM - INFO - average delay [1548.0]
04/05/2022 16:10:39 PM - INFO - nowTs is [72640], lastTs is [72415]
04/05/2022 16:10:39 PM - INFO - [in this interval] loss-ratio is [0.0]
04/05/2022 16:10:39 PM - INFO - [in this interval] group num is [8]
04/05/2022 16:10:39 PM - INFO - [in this interval] delayDelta from group is [[-2, 3, -1, -4, 1, -3, -14]]
04/05/2022 16:10:39 PM - INFO - sample List of accDelay : [[-1330.4697316416841, -1333.322758477516, -1336.0904826297642, -1339.181434366788, -1343.5632909301091, -1347.7069618370983, -1351.9362656533885, -1356.4426390880499, -1360.5983751792448, -1364.6385376613202, -1368.5746838951882, -1371.9172155056694, -1376.3254939551025, -1380.4929445595922, -1383.943650103633, -1387.1492850932696, -1390.4343565839426, -1393.2909209255486, -1396.1618288329937, -1400.1456459496942]]
04/05/2022 16:10:39 PM - INFO - sample List of time: [[71699, 71764, 71829, 71857, 71886, 71915, 71943, 71973, 72001, 72030, 72062, 72094, 72126, 72157, 72190, 72223, 72257, 72288, 72319, 72351]]
04/05/2022 16:10:39 PM - INFO - update trend: [-0.11781820767512037]
04/05/2022 16:10:39 PM - INFO - estimateQueueDelayDuration [-28.27636984202889] = queueDelayDelta [-0.4712728307004815] * numCount[1000]
04/05/2022 16:10:39 PM - INFO - [in this interval] signal is [Signal.NORMAL]
04/05/2022 16:10:39 PM - INFO - [in this interval] adaptiveThresholdGamma is [71.19313625778828]
04/05/2022 16:10:39 PM - INFO - [in this interval] state is [State.INCREASE]
04/05/2022 16:10:39 PM - INFO - [in this interval] now real rate is [0.6187151515151514]mbps
04/05/2022 16:10:39 PM - INFO - [in this interval] now real rtt is [3474]
04/05/2022 16:10:39 PM - INFO - [in this interval] aimd control rate is [1.163574267314954] mbps
04/05/2022 16:10:39 PM - INFO - [in this interval] delay-rate is [1.163574267314954] mbps
04/05/2022 16:10:39 PM - INFO - average delay [1545.5]
04/05/2022 16:10:39 PM - INFO - average delay [1534.5]
04/05/2022 16:10:39 PM - INFO - average delay [1522.0]
04/05/2022 16:10:39 PM - INFO - average delay [1508.75]
04/05/2022 16:10:39 PM - INFO - nowTs is [72888], lastTs is [72640]
04/05/2022 16:10:39 PM - INFO - [in this interval] loss-ratio is [0.23809523809523808]
04/05/2022 16:10:39 PM - INFO - [in this interval] group num is [10]
04/05/2022 16:10:39 PM - INFO - [in this interval] delayDelta from group is [[-9, -8, -3, -1, -5, -14, -15, -9, -4]]
04/05/2022 16:10:39 PM - INFO - sample List of accDelay : [[-1364.6385376613202, -1368.5746838951882, -1371.9172155056694, -1376.3254939551025, -1380.4929445595922, -1383.943650103633, -1387.1492850932696, -1390.4343565839426, -1393.2909209255486, -1396.1618288329937, -1400.1456459496942, -1404.6310813547248, -1409.4679732192524, -1414.121175897327, -1418.4090583075945, -1422.7681524768352, -1428.0913372291516, -1434.3822035062365, -1440.9439831556128, -1447.2495848400517]]
04/05/2022 16:10:39 PM - INFO - sample List of time: [[72030, 72062, 72094, 72126, 72157, 72190, 72223, 72257, 72288, 72319, 72351, 72383, 72399, 72431, 72463, 72492, 72522, 72538, 72553, 72584]]
04/05/2022 16:10:39 PM - INFO - update trend: [-0.13875249151328378]
04/05/2022 16:10:39 PM - INFO - estimateQueueDelayDuration [-33.30059796318811] = queueDelayDelta [-0.5550099660531351] * numCount[1001]
04/05/2022 16:10:39 PM - INFO - [in this interval] signal is [Signal.NORMAL]
04/05/2022 16:10:39 PM - INFO - [in this interval] adaptiveThresholdGamma is [70.51107056848548]
04/05/2022 16:10:39 PM - INFO - [in this interval] state is [State.INCREASE]
04/05/2022 16:10:39 PM - INFO - [in this interval] now real rate is [0.6418486707566462]mbps
04/05/2022 16:10:39 PM - INFO - [in this interval] now real rtt is [3360]
04/05/2022 16:10:39 PM - INFO - [in this interval] aimd control rate is [1.1674528482060038] mbps
04/05/2022 16:10:39 PM - INFO - [in this interval] delay-rate is [1.1674528482060038] mbps
04/05/2022 16:10:39 PM - INFO - average delay [1477.0]
04/05/2022 16:10:39 PM - INFO - average delay [1446.0]
04/05/2022 16:10:39 PM - INFO - average delay [1408.0]
04/05/2022 16:10:39 PM - INFO - average delay [1395.8]
04/05/2022 16:10:39 PM - INFO - nowTs is [73122], lastTs is [72888]
04/05/2022 16:10:39 PM - INFO - [in this interval] loss-ratio is [0.15]
04/05/2022 16:10:39 PM - INFO - [in this interval] group num is [10]
04/05/2022 16:10:39 PM - INFO - [in this interval] delayDelta from group is [[-22, -13, -11, -13, -8, -2, -8, -7, -3]]
04/05/2022 16:10:39 PM - INFO - sample List of accDelay : [[-1396.1618288329937, -1400.1456459496942, -1404.6310813547248, -1409.4679732192524, -1414.121175897327, -1418.4090583075945, -1422.7681524768352, -1428.0913372291516, -1434.3822035062365, -1440.9439831556128, -1447.2495848400517, -1455.1246263560465, -1463.512163720442, -1472.160947348398, -1481.2448526135581, -1490.2203673522022, -1498.498330616982, -1506.7484975552838, -1514.8736477997554, -1522.4862830197799]]
04/05/2022 16:10:39 PM - INFO - sample List of time: [[72319, 72351, 72383, 72399, 72431, 72463, 72492, 72522, 72538, 72553, 72584, 72631, 72644, 72671, 72685, 72712, 72739, 72767, 72794, 72822]]
04/05/2022 16:10:39 PM - INFO - update trend: [-0.2603159204721863]
04/05/2022 16:10:39 PM - INFO - estimateQueueDelayDuration [-62.47582091332472] = queueDelayDelta [-1.0412636818887453] * numCount[1000]
04/05/2022 16:10:39 PM - INFO - [in this interval] signal is [Signal.NORMAL]
04/05/2022 16:10:39 PM - INFO - [in this interval] adaptiveThresholdGamma is [70.36643607469259]
04/05/2022 16:10:39 PM - INFO - [in this interval] state is [State.INCREASE]
04/05/2022 16:10:39 PM - INFO - [in this interval] now real rate is [0.7114216867469879]mbps
04/05/2022 16:10:39 PM - INFO - [in this interval] now real rtt is [3168]
04/05/2022 16:10:39 PM - INFO - [in this interval] aimd control rate is [1.1713443577000238] mbps
04/05/2022 16:10:39 PM - INFO - [in this interval] delay-rate is [1.1713443577000238] mbps
04/05/2022 16:10:39 PM - INFO - average delay [1383.6]
04/05/2022 16:10:39 PM - INFO - average delay [1367.0]
04/05/2022 16:10:39 PM - INFO - average delay [1370.4]
04/05/2022 16:10:39 PM - INFO - average delay [1393.6]
04/05/2022 16:10:39 PM - INFO - nowTs is [73367], lastTs is [73122]
04/05/2022 16:10:39 PM - INFO - [in this interval] loss-ratio is [0.25]
04/05/2022 16:10:39 PM - INFO - [in this interval] group num is [9]
04/05/2022 16:10:39 PM - INFO - [in this interval] delayDelta from group is [[-7, -2, 9, 19, 16, 8, -9, -17]]
04/05/2022 16:10:39 PM - INFO - sample List of accDelay : [[-1434.3822035062365, -1440.9439831556128, -1447.2495848400517, -1455.1246263560465, -1463.512163720442, -1472.160947348398, -1481.2448526135581, -1490.2203673522022, -1498.498330616982, -1506.7484975552838, -1514.8736477997554, -1522.4862830197799, -1530.0376547178018, -1537.0338892460218, -1542.4305003214195, -1545.3874502892777, -1546.44870526035, -1546.603834734315, -1547.6434512608835, -1550.2791061347953]]
04/05/2022 16:10:39 PM - INFO - sample List of time: [[72538, 72553, 72584, 72631, 72644, 72671, 72685, 72712, 72739, 72767, 72794, 72822, 72877, 72905, 72933, 72957, 72996, 73047, 73065, 73081]]
04/05/2022 16:10:39 PM - INFO - update trend: [-0.2235462879913663]
04/05/2022 16:10:39 PM - INFO - estimateQueueDelayDuration [-53.651109117927916] = queueDelayDelta [-0.8941851519654652] * numCount[1000]
04/05/2022 16:10:39 PM - INFO - [in this interval] signal is [Signal.NORMAL]
04/05/2022 16:10:39 PM - INFO - [in this interval] adaptiveThresholdGamma is [70.06556018947082]
04/05/2022 16:10:39 PM - INFO - [in this interval] state is [State.INCREASE]
04/05/2022 16:10:39 PM - INFO - [in this interval] now real rate is [0.7397408906882591]mbps
04/05/2022 16:10:39 PM - INFO - [in this interval] now real rtt is [3188]
04/05/2022 16:10:39 PM - INFO - [in this interval] aimd control rate is [1.1752488388923572] mbps
04/05/2022 16:10:39 PM - INFO - [in this interval] delay-rate is [1.1752488388923572] mbps
04/05/2022 16:10:39 PM - INFO - average delay [1409.25]
04/05/2022 16:10:39 PM - INFO - average delay [1377.75]
04/05/2022 16:10:39 PM - INFO - average delay [1309.6]
04/05/2022 16:10:39 PM - INFO - average delay [1292.8]
04/05/2022 16:10:39 PM - INFO - nowTs is [73612], lastTs is [73367]
04/05/2022 16:10:39 PM - INFO - [in this interval] loss-ratio is [0.21739130434782608]
04/05/2022 16:10:39 PM - INFO - [in this interval] group num is [12]
04/05/2022 16:10:39 PM - INFO - [in this interval] delayDelta from group is [[-16, -16, -21, -15, -21, -6, -5, -5, -10, -10, -4]]
04/05/2022 16:10:39 PM - INFO - sample List of accDelay : [[-1522.4862830197799, -1530.0376547178018, -1537.0338892460218, -1542.4305003214195, -1545.3874502892777, -1546.44870526035, -1546.603834734315, -1547.6434512608835, -1550.2791061347953, -1554.2511955213158, -1559.4260759691842, -1566.183468372266, -1573.7651215350395, -1582.6886093815356, -1591.319748443382, -1599.5877735990437, -1607.5289962391391, -1615.676096615225, -1624.0084869537025, -1631.907638258332]]
04/05/2022 16:10:39 PM - INFO - sample List of time: [[72822, 72877, 72905, 72933, 72957, 72996, 73047, 73065, 73081, 73108, 73122, 73136, 73150, 73165, 73179, 73208, 73238, 73263, 73288, 73313]]
04/05/2022 16:10:39 PM - INFO - update trend: [-0.21744008691847388]
04/05/2022 16:10:39 PM - INFO - estimateQueueDelayDuration [-52.18562086043373] = queueDelayDelta [-0.8697603476738955] * numCount[1001]
04/05/2022 16:10:39 PM - INFO - [in this interval] signal is [Signal.NORMAL]
04/05/2022 16:10:39 PM - INFO - [in this interval] adaptiveThresholdGamma is [69.74372128154815]
04/05/2022 16:10:39 PM - INFO - [in this interval] state is [State.INCREASE]
04/05/2022 16:10:39 PM - INFO - [in this interval] now real rate is [0.6601632653061223]mbps
04/05/2022 16:10:39 PM - INFO - [in this interval] now real rtt is [2948]
04/05/2022 16:10:39 PM - INFO - [in this interval] aimd control rate is [1.1791663350219983] mbps
04/05/2022 16:10:39 PM - INFO - [in this interval] delay-rate is [1.1791663350219983] mbps
04/05/2022 16:10:39 PM - INFO - average delay [1275.4]
04/05/2022 16:10:39 PM - INFO - average delay [1256.5]
04/05/2022 16:10:39 PM - INFO - average delay [1240.0]
04/05/2022 16:10:39 PM - INFO - average delay [1220.8]
04/05/2022 16:10:39 PM - INFO - nowTs is [73850], lastTs is [73612]
04/05/2022 16:10:39 PM - INFO - [in this interval] loss-ratio is [0.0]
04/05/2022 16:10:39 PM - INFO - [in this interval] group num is [10]
04/05/2022 16:10:39 PM - INFO - [in this interval] delayDelta from group is [[-9, -4, -9, -11, -5, -11, -11, -5, -18]]
04/05/2022 16:10:39 PM - INFO - sample List of accDelay : [[-1554.2511955213158, -1559.4260759691842, -1566.183468372266, -1573.7651215350395, -1582.6886093815356, -1591.319748443382, -1599.5877735990437, -1607.5289962391391, -1615.676096615225, -1624.0084869537025, -1631.907638258332, -1639.916874432499, -1647.525186989249, -1655.2726682903242, -1663.3454014612917, -1671.1108613151625, -1679.1997751836464, -1687.5797976652816, -1695.6218178987535, -1704.6596361088782]]
04/05/2022 16:10:39 PM - INFO - sample List of time: [[73108, 73122, 73136, 73150, 73165, 73179, 73208, 73238, 73263, 73288, 73313, 73365, 73391, 73417, 73443, 73467, 73492, 73516, 73540, 73565]]
04/05/2022 16:10:39 PM - INFO - update trend: [-0.30867262229731257]
04/05/2022 16:10:39 PM - INFO - estimateQueueDelayDuration [-74.08142935135501] = queueDelayDelta [-1.2346904891892503] * numCount[1000]
04/05/2022 16:10:39 PM - INFO - [in this interval] signal is [Signal.UNDER_USE]
04/05/2022 16:10:39 PM - INFO - [in this interval] adaptiveThresholdGamma is [74.08142935135501]
04/05/2022 16:10:39 PM - INFO - [in this interval] state is [State.HOLD]
04/05/2022 16:10:39 PM - INFO - [in this interval] now real rate is [0.6345161290322581]mbps
04/05/2022 16:10:39 PM - INFO - [in this interval] now real rtt is [2764]
04/05/2022 16:10:39 PM - INFO - [in this interval] aimd control rate is [1.1791663350219983] mbps
04/05/2022 16:10:39 PM - INFO - [in this interval] delay-rate is [1.1791663350219983] mbps
04/05/2022 16:10:39 PM - INFO - average delay [1195.6]
04/05/2022 16:10:39 PM - INFO - average delay [1176.2]
04/05/2022 16:10:39 PM - INFO - average delay [1181.3333333333333]
04/05/2022 16:10:39 PM - INFO - average delay [1220.0]
04/05/2022 16:10:39 PM - INFO - nowTs is [74087], lastTs is [73850]
04/05/2022 16:10:39 PM - INFO - [in this interval] loss-ratio is [0.0]
04/05/2022 16:10:39 PM - INFO - [in this interval] group num is [5]
04/05/2022 16:10:39 PM - INFO - [in this interval] delayDelta from group is [[-10, -5, 48, 67]]
04/05/2022 16:10:39 PM - INFO - sample List of accDelay : [[-1582.6886093815356, -1591.319748443382, -1599.5877735990437, -1607.5289962391391, -1615.676096615225, -1624.0084869537025, -1631.907638258332, -1639.916874432499, -1647.525186989249, -1655.2726682903242, -1663.3454014612917, -1671.1108613151625, -1679.1997751836464, -1687.5797976652816, -1695.6218178987535, -1704.6596361088782, -1713.7936724979904, -1722.5143052481912, -1725.562874723372, -1721.6065872510349]]
04/05/2022 16:10:39 PM - INFO - sample List of time: [[73165, 73179, 73208, 73238, 73263, 73288, 73313, 73365, 73391, 73417, 73443, 73467, 73492, 73516, 73540, 73565, 73589, 73614, 73639, 73727]]
04/05/2022 16:10:39 PM - INFO - update trend: [-0.2785402558129197]
04/05/2022 16:10:39 PM - INFO - estimateQueueDelayDuration [-66.84966139510072] = queueDelayDelta [-1.1141610232516788] * numCount[1000]
04/05/2022 16:10:39 PM - INFO - [in this interval] signal is [Signal.NORMAL]
04/05/2022 16:10:39 PM - INFO - [in this interval] adaptiveThresholdGamma is [73.95125752814243]
04/05/2022 16:10:39 PM - INFO - [in this interval] state is [State.INCREASE]
04/05/2022 16:10:39 PM - INFO - [in this interval] now real rate is [0.5671967213114754]mbps
04/05/2022 16:10:39 PM - INFO - [in this interval] now real rtt is [2978]
04/05/2022 16:10:39 PM - INFO - [in this interval] aimd control rate is [1.1830968894720715] mbps
04/05/2022 16:10:39 PM - INFO - [in this interval] delay-rate is [1.1830968894720715] mbps
04/05/2022 16:10:39 PM - INFO - average delay [1265.0]
04/05/2022 16:10:39 PM - INFO - average delay [1321.6666666666667]
04/05/2022 16:10:39 PM - INFO - average delay [1321.25]
04/05/2022 16:10:39 PM - INFO - average delay [1296.75]
04/05/2022 16:10:39 PM - INFO - nowTs is [74333], lastTs is [74087]
04/05/2022 16:10:39 PM - INFO - [in this interval] loss-ratio is [0.13333333333333333]
04/05/2022 16:10:39 PM - INFO - [in this interval] group num is [9]
04/05/2022 16:10:39 PM - INFO - [in this interval] delayDelta from group is [[1, -18, -18, 7, -17, -16, 6, 16]]
04/05/2022 16:10:39 PM - INFO - sample List of accDelay : [[-1647.525186989249, -1655.2726682903242, -1663.3454014612917, -1671.1108613151625, -1679.1997751836464, -1687.5797976652816, -1695.6218178987535, -1704.6596361088782, -1713.7936724979904, -1722.5143052481912, -1725.562874723372, -1721.6065872510349, -1717.9459285259313, -1716.4513356733382, -1716.9062021060045, -1716.615581895404, -1718.0540237058635, -1720.9486213352773, -1722.9537592017496, -1723.1583832815747]]
04/05/2022 16:10:39 PM - INFO - sample List of time: [[73391, 73417, 73443, 73467, 73492, 73516, 73540, 73565, 73589, 73614, 73639, 73727, 73879, 73895, 73912, 73929, 73966, 73984, 74003, 74024]]
04/05/2022 16:10:39 PM - INFO - update trend: [-0.09020894194240464]
04/05/2022 16:10:39 PM - INFO - estimateQueueDelayDuration [-21.650146066177115] = queueDelayDelta [-0.36083576776961857] * numCount[1000]
04/05/2022 16:10:39 PM - INFO - [in this interval] signal is [Signal.NORMAL]
04/05/2022 16:10:39 PM - INFO - [in this interval] adaptiveThresholdGamma is [73.00983752182705]
04/05/2022 16:10:39 PM - INFO - [in this interval] state is [State.INCREASE]
04/05/2022 16:10:39 PM - INFO - [in this interval] now real rate is [0.49065050505050506]mbps
04/05/2022 16:10:39 PM - INFO - [in this interval] now real rtt is [2990]
04/05/2022 16:10:39 PM - INFO - [in this interval] aimd control rate is [1.1870405457703117] mbps
04/05/2022 16:10:39 PM - INFO - [in this interval] delay-rate is [1.1870405457703117] mbps
04/05/2022 16:10:39 PM - INFO - average delay [1281.75]
04/05/2022 16:10:39 PM - INFO - average delay [1296.5]
04/05/2022 16:10:39 PM - INFO - average delay [1335.3333333333333]
04/05/2022 16:10:39 PM - INFO - average delay [1363.6666666666667]
04/05/2022 16:10:39 PM - INFO - nowTs is [74562], lastTs is [74333]
04/05/2022 16:10:39 PM - INFO - [in this interval] loss-ratio is [0.0]
04/05/2022 16:10:39 PM - INFO - [in this interval] group num is [5]
04/05/2022 16:10:39 PM - INFO - [in this interval] delayDelta from group is [[20, 14, -3, 18]]
04/05/2022 16:10:39 PM - INFO - sample List of accDelay : [[-1679.1997751836464, -1687.5797976652816, -1695.6218178987535, -1704.6596361088782, -1713.7936724979904, -1722.5143052481912, -1725.562874723372, -1721.6065872510349, -1717.9459285259313, -1716.4513356733382, -1716.9062021060045, -1716.615581895404, -1718.0540237058635, -1720.9486213352773, -1722.9537592017496, -1723.1583832815747, -1721.3425449534172, -1718.3082904580754, -1715.8774614122676, -1711.8897152710408]]
04/05/2022 16:10:39 PM - INFO - sample List of time: [[73492, 73516, 73540, 73565, 73589, 73614, 73639, 73727, 73879, 73895, 73912, 73929, 73966, 73984, 74003, 74024, 74150, 74195, 74239, 74256]]
04/05/2022 16:10:39 PM - INFO - update trend: [-0.02690036454103141]
04/05/2022 16:10:39 PM - INFO - estimateQueueDelayDuration [-6.456087489847539] = queueDelayDelta [-0.10760145816412564] * numCount[1000]
04/05/2022 16:10:39 PM - INFO - [in this interval] signal is [Signal.NORMAL]
04/05/2022 16:10:39 PM - INFO - [in this interval] adaptiveThresholdGamma is [71.81187002125142]
04/05/2022 16:10:39 PM - INFO - [in this interval] state is [State.INCREASE]
04/05/2022 16:10:39 PM - INFO - [in this interval] now real rate is [0.5101978947368421]mbps
04/05/2022 16:10:39 PM - INFO - [in this interval] now real rtt is [3178]
04/05/2022 16:10:39 PM - INFO - [in this interval] aimd control rate is [1.1909973475895461] mbps
04/05/2022 16:10:39 PM - INFO - [in this interval] delay-rate is [1.1909973475895461] mbps
04/05/2022 16:10:39 PM - INFO - average delay [1378.0]
04/05/2022 16:10:39 PM - INFO - average delay [1402.25]
04/05/2022 16:10:39 PM - INFO - average delay [1413.75]
04/05/2022 16:10:39 PM - INFO - average delay [1411.25]
04/05/2022 16:10:39 PM - INFO - nowTs is [74815], lastTs is [74562]
04/05/2022 16:10:39 PM - INFO - [in this interval] loss-ratio is [0.0]
04/05/2022 16:10:39 PM - INFO - [in this interval] group num is [8]
04/05/2022 16:10:39 PM - INFO - [in this interval] delayDelta from group is [[15, 6, -4, -1, 6, 2, -12]]
04/05/2022 16:10:39 PM - INFO - sample List of accDelay : [[-1721.6065872510349, -1717.9459285259313, -1716.4513356733382, -1716.9062021060045, -1716.615581895404, -1718.0540237058635, -1720.9486213352773, -1722.9537592017496, -1723.1583832815747, -1721.3425449534172, -1718.3082904580754, -1715.8774614122676, -1711.8897152710408, -1706.8007437439367, -1701.620669369543, -1697.3586024325887, -1693.6227421893298, -1689.660467970397, -1685.8944211733574, -1683.7049790560218]]
04/05/2022 16:10:39 PM - INFO - sample List of time: [[73727, 73879, 73895, 73912, 73929, 73966, 73984, 74003, 74024, 74150, 74195, 74239, 74256, 74305, 74355, 74386, 74417, 74451, 74487, 74524]]
04/05/2022 16:10:39 PM - INFO - update trend: [0.047449786784745616]
04/05/2022 16:10:39 PM - INFO - estimateQueueDelayDuration [11.387948828338947] = queueDelayDelta [0.18979914713898247] * numCount[1001]
04/05/2022 16:10:39 PM - INFO - [in this interval] signal is [Signal.NORMAL]
04/05/2022 16:10:39 PM - INFO - [in this interval] adaptiveThresholdGamma is [70.724239439779]
04/05/2022 16:10:39 PM - INFO - [in this interval] state is [State.INCREASE]
04/05/2022 16:10:39 PM - INFO - [in this interval] now real rate is [0.5418589211618258]mbps
04/05/2022 16:10:39 PM - INFO - [in this interval] now real rtt is [3224]
04/05/2022 16:10:39 PM - INFO - [in this interval] aimd control rate is [1.194967338748178] mbps
04/05/2022 16:10:39 PM - INFO - [in this interval] delay-rate is [1.194967338748178] mbps
04/05/2022 16:10:39 PM - INFO - average delay [1417.25]
04/05/2022 16:10:39 PM - INFO - average delay [1424.6666666666667]
04/05/2022 16:10:39 PM - INFO - average delay [1425.25]
04/05/2022 16:10:39 PM - INFO - average delay [1428.0]
04/05/2022 16:10:39 PM - INFO - nowTs is [75042], lastTs is [74815]
04/05/2022 16:10:39 PM - INFO - [in this interval] loss-ratio is [0.0]
04/05/2022 16:10:39 PM - INFO - [in this interval] group num is [7]
04/05/2022 16:10:39 PM - INFO - [in this interval] delayDelta from group is [[6, 1, -1, 4, 12, -8]]
04/05/2022 16:10:39 PM - INFO - sample List of accDelay : [[-1720.9486213352773, -1722.9537592017496, -1723.1583832815747, -1721.3425449534172, -1718.3082904580754, -1715.8774614122676, -1711.8897152710408, -1706.8007437439367, -1701.620669369543, -1697.3586024325887, -1693.6227421893298, -1689.660467970397, -1685.8944211733574, -1683.7049790560218, -1681.1344811504196, -1678.7210330353778, -1676.64892973184, -1674.3840367586563, -1671.1456330827907, -1669.0310697745117]]
04/05/2022 16:10:39 PM - INFO - sample List of time: [[73984, 74003, 74024, 74150, 74195, 74239, 74256, 74305, 74355, 74386, 74417, 74451, 74487, 74524, 74560, 74596, 74632, 74666, 74700, 74752]]
04/05/2022 16:10:39 PM - INFO - update trend: [0.0797189175114297]
04/05/2022 16:10:39 PM - INFO - estimateQueueDelayDuration [19.13254020274313] = queueDelayDelta [0.3188756700457188] * numCount[1001]
04/05/2022 16:10:39 PM - INFO - [in this interval] signal is [Signal.NORMAL]
04/05/2022 16:10:39 PM - INFO - [in this interval] adaptiveThresholdGamma is [69.79558885351236]
04/05/2022 16:10:39 PM - INFO - [in this interval] state is [State.INCREASE]
04/05/2022 16:10:39 PM - INFO - [in this interval] now real rate is [0.5804838709677419]mbps
04/05/2022 16:10:39 PM - INFO - [in this interval] now real rtt is [3278]
04/05/2022 16:10:39 PM - INFO - [in this interval] aimd control rate is [1.198950563210672] mbps
04/05/2022 16:10:39 PM - INFO - [in this interval] delay-rate is [1.198950563210672] mbps
04/05/2022 16:10:39 PM - INFO - average delay [1436.0]
04/05/2022 16:10:39 PM - INFO - average delay [1466.75]
04/05/2022 16:10:39 PM - INFO - average delay [1499.25]
04/05/2022 16:10:39 PM - INFO - average delay [1533.25]
04/05/2022 16:10:39 PM - INFO - nowTs is [75281], lastTs is [75042]
04/05/2022 16:10:39 PM - INFO - [in this interval] loss-ratio is [0.0]
04/05/2022 16:10:39 PM - INFO - [in this interval] group num is [6]
04/05/2022 16:10:39 PM - INFO - [in this interval] delayDelta from group is [[20, 23, 34, 15, 10]]
04/05/2022 16:10:39 PM - INFO - sample List of accDelay : [[-1715.8774614122676, -1711.8897152710408, -1706.8007437439367, -1701.620669369543, -1697.3586024325887, -1693.6227421893298, -1689.660467970397, -1685.8944211733574, -1683.7049790560218, -1681.1344811504196, -1678.7210330353778, -1676.64892973184, -1674.3840367586563, -1671.1456330827907, -1669.0310697745117, -1665.1279627970605, -1659.3151665173546, -1650.6836498656191, -1641.4152848790573, -1632.0737563911516]]
04/05/2022 16:10:39 PM - INFO - sample List of time: [[74239, 74256, 74305, 74355, 74386, 74417, 74451, 74487, 74524, 74560, 74596, 74632, 74666, 74700, 74752, 74821, 74856, 74894, 74953, 74988]]
04/05/2022 16:10:39 PM - INFO - update trend: [0.0954108210630582]
04/05/2022 16:10:39 PM - INFO - estimateQueueDelayDuration [22.89859705513397] = queueDelayDelta [0.3816432842522328] * numCount[1000]
04/05/2022 16:10:39 PM - INFO - [in this interval] signal is [Signal.NORMAL]
04/05/2022 16:10:39 PM - INFO - [in this interval] adaptiveThresholdGamma is [68.95144300114154]
04/05/2022 16:10:39 PM - INFO - [in this interval] state is [State.INCREASE]
04/05/2022 16:10:39 PM - INFO - [in this interval] now real rate is [0.5359834710743803]mbps
04/05/2022 16:10:39 PM - INFO - [in this interval] now real rtt is [3556]
04/05/2022 16:10:39 PM - INFO - [in this interval] aimd control rate is [1.202947065088041] mbps
04/05/2022 16:10:39 PM - INFO - [in this interval] delay-rate is [1.202947065088041] mbps
04/05/2022 16:10:39 PM - INFO - average delay [1562.5]
04/05/2022 16:10:39 PM - INFO - average delay [1598.5]
04/05/2022 16:10:39 PM - INFO - average delay [1638.0]
04/05/2022 16:10:39 PM - INFO - average delay [1657.0]
04/05/2022 16:10:39 PM - INFO - nowTs is [75531], lastTs is [75281]
04/05/2022 16:10:39 PM - INFO - [in this interval] loss-ratio is [0.0]
04/05/2022 16:10:39 PM - INFO - [in this interval] group num is [5]
04/05/2022 16:10:39 PM - INFO - [in this interval] delayDelta from group is [[42, 38, 37, -12]]
04/05/2022 16:10:39 PM - INFO - sample List of accDelay : [[-1697.3586024325887, -1693.6227421893298, -1689.660467970397, -1685.8944211733574, -1683.7049790560218, -1681.1344811504196, -1678.7210330353778, -1676.64892973184, -1674.3840367586563, -1671.1456330827907, -1669.0310697745117, -1665.1279627970605, -1659.3151665173546, -1650.6836498656191, -1641.4152848790573, -1632.0737563911516, -1619.4663807520365, -1604.319742676833, -1586.9877684091496, -1572.5889915682346]]
04/05/2022 16:10:39 PM - INFO - sample List of time: [[74386, 74417, 74451, 74487, 74524, 74560, 74596, 74632, 74666, 74700, 74752, 74821, 74856, 74894, 74953, 74988, 75028, 75100, 75173, 75245]]
04/05/2022 16:10:39 PM - INFO - update trend: [0.13313800153137248]
04/05/2022 16:10:39 PM - INFO - estimateQueueDelayDuration [31.953120367529394] = queueDelayDelta [0.5325520061254899] * numCount[1000]
04/05/2022 16:10:39 PM - INFO - [in this interval] signal is [Signal.NORMAL]
04/05/2022 16:10:39 PM - INFO - [in this interval] adaptiveThresholdGamma is [68.28547319373652]
04/05/2022 16:10:39 PM - INFO - [in this interval] state is [State.INCREASE]
04/05/2022 16:10:39 PM - INFO - [in this interval] now real rate is [0.39811860940695293]mbps
04/05/2022 16:10:39 PM - INFO - [in this interval] now real rtt is [3796]
04/05/2022 16:10:39 PM - INFO - [in this interval] aimd control rate is [1.2069568886383344] mbps
04/05/2022 16:10:39 PM - INFO - [in this interval] delay-rate is [1.2069568886383344] mbps
04/05/2022 16:10:39 PM - INFO - average delay [1695.6666666666667]
04/05/2022 16:10:39 PM - INFO - average delay [1690.6]
04/05/2022 16:10:39 PM - INFO - average delay [1674.8]
04/05/2022 16:10:39 PM - INFO - average delay [1651.6]
04/05/2022 16:10:39 PM - INFO - nowTs is [75763], lastTs is [75531]
04/05/2022 16:10:39 PM - INFO - [in this interval] loss-ratio is [0.0]
04/05/2022 16:10:39 PM - INFO - [in this interval] group num is [9]
04/05/2022 16:10:39 PM - INFO - [in this interval] delayDelta from group is [[-10, -11, -4, -10, -10, -5, -3, 2]]
04/05/2022 16:10:39 PM - INFO - sample List of accDelay : [[-1674.3840367586563, -1671.1456330827907, -1669.0310697745117, -1665.1279627970605, -1659.3151665173546, -1650.6836498656191, -1641.4152848790573, -1632.0737563911516, -1619.4663807520365, -1604.319742676833, -1586.9877684091496, -1572.5889915682346, -1560.6300924114112, -1550.9670831702701, -1542.6703748532432, -1536.203337367919, -1531.383003631127, -1527.5447032680142, -1524.3902329412128, -1521.3512096470918]]
04/05/2022 16:10:39 PM - INFO - sample List of time: [[74666, 74700, 74752, 74821, 74856, 74894, 74953, 74988, 75028, 75100, 75173, 75245, 75271, 75296, 75320, 75346, 75371, 75396, 75421, 75453]]
04/05/2022 16:10:39 PM - INFO - update trend: [0.21906844670986905]
04/05/2022 16:10:39 PM - INFO - estimateQueueDelayDuration [52.57642721036857] = queueDelayDelta [0.8762737868394762] * numCount[1000]
04/05/2022 16:10:39 PM - INFO - [in this interval] signal is [Signal.NORMAL]
04/05/2022 16:10:39 PM - INFO - [in this interval] adaptiveThresholdGamma is [68.0027103660359]
04/05/2022 16:10:39 PM - INFO - [in this interval] state is [State.INCREASE]
04/05/2022 16:10:39 PM - INFO - [in this interval] now real rate is [0.4251618257261411]mbps
04/05/2022 16:10:39 PM - INFO - [in this interval] now real rtt is [3710]
04/05/2022 16:10:39 PM - INFO - [in this interval] aimd control rate is [1.210980078267129] mbps
04/05/2022 16:10:39 PM - INFO - [in this interval] delay-rate is [1.210980078267129] mbps
04/05/2022 16:10:39 PM - INFO - average delay [1647.25]
04/05/2022 16:10:39 PM - INFO - average delay [1654.3333333333333]
04/05/2022 16:10:39 PM - INFO - average delay [1664.0]
04/05/2022 16:10:39 PM - INFO - average delay [1675.3333333333333]
04/05/2022 16:10:39 PM - INFO - nowTs is [76003], lastTs is [75763]
04/05/2022 16:10:39 PM - INFO - [in this interval] loss-ratio is [0.0]
04/05/2022 16:10:39 PM - INFO - [in this interval] group num is [6]
04/05/2022 16:10:39 PM - INFO - [in this interval] delayDelta from group is [[2, 6, 10, 21, -2]]
04/05/2022 16:10:39 PM - INFO - sample List of accDelay : [[-1650.6836498656191, -1641.4152848790573, -1632.0737563911516, -1619.4663807520365, -1604.319742676833, -1586.9877684091496, -1572.5889915682346, -1560.6300924114112, -1550.9670831702701, -1542.6703748532432, -1536.203337367919, -1531.383003631127, -1527.5447032680142, -1524.3902329412128, -1521.3512096470918, -1518.4160886823827, -1515.1744798141444, -1511.25703183273, -1505.6313286494571, -1500.7681957845116]]
04/05/2022 16:10:39 PM - INFO - sample List of time: [[74894, 74953, 74988, 75028, 75100, 75173, 75245, 75271, 75296, 75320, 75346, 75371, 75396, 75421, 75453, 75528, 75565, 75606, 75646, 75702]]
04/05/2022 16:10:39 PM - INFO - update trend: [0.19897287480571305]
04/05/2022 16:10:39 PM - INFO - estimateQueueDelayDuration [47.75348995337113] = queueDelayDelta [0.7958914992228522] * numCount[1001]
04/05/2022 16:10:39 PM - INFO - [in this interval] signal is [Signal.NORMAL]
04/05/2022 16:10:39 PM - INFO - [in this interval] adaptiveThresholdGamma is [67.63822439860793]
04/05/2022 16:10:39 PM - INFO - [in this interval] state is [State.INCREASE]
04/05/2022 16:10:39 PM - INFO - [in this interval] now real rate is [0.4733690721649485]mbps
04/05/2022 16:10:39 PM - INFO - [in this interval] now real rtt is [3800]
04/05/2022 16:10:39 PM - INFO - [in this interval] aimd control rate is [1.2150166785280192] mbps
04/05/2022 16:10:39 PM - INFO - [in this interval] delay-rate is [1.2150166785280192] mbps
04/05/2022 16:10:39 PM - INFO - average delay [1693.6666666666667]
04/05/2022 16:10:39 PM - INFO - average delay [1724.5]
04/05/2022 16:10:39 PM - INFO - average delay [1750.3333333333333]
04/05/2022 16:10:39 PM - INFO - average delay [1717.857142857143]
04/05/2022 16:10:39 PM - INFO - nowTs is [76252], lastTs is [76003]
04/05/2022 16:10:39 PM - INFO - [in this interval] loss-ratio is [0.0]
04/05/2022 16:10:39 PM - INFO - [in this interval] group num is [10]
04/05/2022 16:10:39 PM - INFO - [in this interval] delayDelta from group is [[27, 3, -16, -11, -15, -16, -10, -15, -21]]
04/05/2022 16:10:39 PM - INFO - sample List of accDelay : [[-1542.6703748532432, -1536.203337367919, -1531.383003631127, -1527.5447032680142, -1524.3902329412128, -1521.3512096470918, -1518.4160886823827, -1515.1744798141444, -1511.25703183273, -1505.6313286494571, -1500.7681957845116, -1493.6913762060606, -1487.0222385854545, -1482.620014726909, -1479.758013254218, -1478.6822119287963, -1479.3139907359166, -1480.882591662325, -1483.7943324960925, -1488.514899246483]]
04/05/2022 16:10:39 PM - INFO - sample List of time: [[75320, 75346, 75371, 75396, 75421, 75453, 75528, 75565, 75606, 75646, 75702, 75758, 75815, 75853, 75872, 75891, 75911, 75930, 75950, 75970]]
04/05/2022 16:10:39 PM - INFO - update trend: [0.092805932504167]
04/05/2022 16:10:39 PM - INFO - estimateQueueDelayDuration [22.273423801000078] = queueDelayDelta [0.371223730016668] * numCount[1000]
04/05/2022 16:10:39 PM - INFO - [in this interval] signal is [Signal.NORMAL]
04/05/2022 16:10:39 PM - INFO - [in this interval] adaptiveThresholdGamma is [66.82165798785098]
04/05/2022 16:10:39 PM - INFO - [in this interval] state is [State.INCREASE]
04/05/2022 16:10:39 PM - INFO - [in this interval] now real rate is [0.5001390593047035]mbps
04/05/2022 16:10:39 PM - INFO - [in this interval] now real rtt is [3698]
04/05/2022 16:10:39 PM - INFO - [in this interval] aimd control rate is [1.2190667341231127] mbps
04/05/2022 16:10:39 PM - INFO - [in this interval] delay-rate is [1.2190667341231127] mbps
04/05/2022 16:10:39 PM - INFO - average delay [1676.2857142857142]
04/05/2022 16:10:39 PM - INFO - average delay [1638.4]
04/05/2022 16:10:39 PM - INFO - average delay [1624.5]
04/05/2022 16:10:39 PM - INFO - average delay [1626.0]
04/05/2022 16:10:39 PM - INFO - nowTs is [76495], lastTs is [76252]
04/05/2022 16:10:39 PM - INFO - [in this interval] loss-ratio is [0.0]
04/05/2022 16:10:39 PM - INFO - [in this interval] group num is [9]
04/05/2022 16:10:39 PM - INFO - [in this interval] delayDelta from group is [[-10, -14, -1, 3, 0, 1, 6, -12]]
04/05/2022 16:10:39 PM - INFO - sample List of accDelay : [[-1511.25703183273, -1505.6313286494571, -1500.7681957845116, -1493.6913762060606, -1487.0222385854545, -1482.620014726909, -1479.758013254218, -1478.6822119287963, -1479.3139907359166, -1480.882591662325, -1483.7943324960925, -1488.514899246483, -1493.7634093218346, -1499.8870683896512, -1505.498361550686, -1510.2485253956174, -1514.5236728560558, -1518.2713055704503, -1521.0441750134053, -1524.7397575120647]]
04/05/2022 16:10:39 PM - INFO - sample List of time: [[75606, 75646, 75702, 75758, 75815, 75853, 75872, 75891, 75911, 75930, 75950, 75970, 75989, 76009, 76030, 76064, 76097, 76132, 76168, 76204]]
04/05/2022 16:10:39 PM - INFO - update trend: [-0.03677461539163836]
04/05/2022 16:10:39 PM - INFO - estimateQueueDelayDuration [-8.825907693993205] = queueDelayDelta [-0.14709846156655343] * numCount[1000]
04/05/2022 16:10:39 PM - INFO - [in this interval] signal is [Signal.NORMAL]
04/05/2022 16:10:39 PM - INFO - [in this interval] adaptiveThresholdGamma is [65.77773448256154]
04/05/2022 16:10:39 PM - INFO - [in this interval] state is [State.INCREASE]
04/05/2022 16:10:39 PM - INFO - [in this interval] now real rate is [0.6259186991869918]mbps
04/05/2022 16:10:39 PM - INFO - [in this interval] now real rtt is [3654]
04/05/2022 16:10:39 PM - INFO - [in this interval] aimd control rate is [1.223130289903523] mbps
04/05/2022 16:10:39 PM - INFO - [in this interval] delay-rate is [1.223130289903523] mbps
04/05/2022 16:10:39 PM - INFO - average delay [1631.25]
04/05/2022 16:10:39 PM - INFO - average delay [1636.6666666666667]
04/05/2022 16:10:39 PM - INFO - average delay [1641.0]
04/05/2022 16:10:39 PM - INFO - average delay [1646.0]
04/05/2022 16:10:39 PM - INFO - nowTs is [76719], lastTs is [76495]
04/05/2022 16:10:39 PM - INFO - [in this interval] loss-ratio is [0.0]
04/05/2022 16:10:39 PM - INFO - [in this interval] group num is [7]
04/05/2022 16:10:39 PM - INFO - [in this interval] delayDelta from group is [[2, 7, 3, 2, 8, -11]]
04/05/2022 16:10:39 PM - INFO - sample List of accDelay : [[-1479.758013254218, -1478.6822119287963, -1479.3139907359166, -1480.882591662325, -1483.7943324960925, -1488.514899246483, -1493.7634093218346, -1499.8870683896512, -1505.498361550686, -1510.2485253956174, -1514.5236728560558, -1518.2713055704503, -1521.0441750134053, -1524.7397575120647, -1527.8657817608582, -1529.9792035847722, -1531.581283226295, -1532.8231549036655, -1533.1408394132989, -1534.526755471969]]
04/05/2022 16:10:39 PM - INFO - sample List of time: [[75872, 75891, 75911, 75930, 75950, 75970, 75989, 76009, 76030, 76064, 76097, 76132, 76168, 76204, 76240, 76277, 76314, 76352, 76389, 76427]]
04/05/2022 16:10:39 PM - INFO - update trend: [-0.11488136643778162]
04/05/2022 16:10:39 PM - INFO - estimateQueueDelayDuration [-27.571527945067587] = queueDelayDelta [-0.45952546575112646] * numCount[1000]
04/05/2022 16:10:39 PM - INFO - [in this interval] signal is [Signal.NORMAL]
04/05/2022 16:10:39 PM - INFO - [in this interval] adaptiveThresholdGamma is [65.09002276488665]
04/05/2022 16:10:39 PM - INFO - [in this interval] state is [State.INCREASE]
04/05/2022 16:10:39 PM - INFO - [in this interval] now real rate is [0.6117096774193549]mbps
04/05/2022 16:10:39 PM - INFO - [in this interval] now real rtt is [3702]
04/05/2022 16:10:39 PM - INFO - [in this interval] aimd control rate is [1.227207390869868] mbps
04/05/2022 16:10:39 PM - INFO - [in this interval] delay-rate is [1.227207390869868] mbps
04/05/2022 16:10:39 PM - INFO - average delay [1653.75]
04/05/2022 16:10:39 PM - INFO - average delay [1660.0]
04/05/2022 16:10:39 PM - INFO - average delay [1666.25]
04/05/2022 16:10:39 PM - INFO - average delay [1670.75]
04/05/2022 16:10:39 PM - INFO - nowTs is [76974], lastTs is [76719]
04/05/2022 16:10:39 PM - INFO - [in this interval] loss-ratio is [0.0]
04/05/2022 16:10:39 PM - INFO - [in this interval] group num is [8]
04/05/2022 16:10:39 PM - INFO - [in this interval] delayDelta from group is [[1, 7, 2, 2, 7, 0, -12]]
04/05/2022 16:10:39 PM - INFO - sample List of accDelay : [[-1499.8870683896512, -1505.498361550686, -1510.2485253956174, -1514.5236728560558, -1518.2713055704503, -1521.0441750134053, -1524.7397575120647, -1527.8657817608582, -1529.9792035847722, -1531.581283226295, -1532.8231549036655, -1533.1408394132989, -1534.526755471969, -1535.674079924772, -1536.006671932295, -1536.1060047390656, -1535.995404265159, -1535.1958638386432, -1534.476277454779, -1535.0286497093011]]
04/05/2022 16:10:39 PM - INFO - sample List of time: [[76009, 76030, 76064, 76097, 76132, 76168, 76204, 76240, 76277, 76314, 76352, 76389, 76427, 76464, 76500, 76537, 76574, 76611, 76648, 76683]]
04/05/2022 16:10:39 PM - INFO - update trend: [-0.0464430176580608]
04/05/2022 16:10:39 PM - INFO - estimateQueueDelayDuration [-11.146324237934593] = queueDelayDelta [-0.1857720706322432] * numCount[1001]
04/05/2022 16:10:39 PM - INFO - [in this interval] signal is [Signal.NORMAL]
04/05/2022 16:10:39 PM - INFO - [in this interval] adaptiveThresholdGamma is [64.11903619140152]
04/05/2022 16:10:39 PM - INFO - [in this interval] state is [State.INCREASE]
04/05/2022 16:10:39 PM - INFO - [in this interval] now real rate is [0.5671951710261569]mbps
04/05/2022 16:10:39 PM - INFO - [in this interval] now real rtt is [3742]
04/05/2022 16:10:39 PM - INFO - [in this interval] aimd control rate is [1.2312980821727675] mbps
04/05/2022 16:10:39 PM - INFO - [in this interval] delay-rate is [1.2312980821727675] mbps
04/05/2022 16:10:39 PM - INFO - average delay [1676.75]
04/05/2022 16:10:39 PM - INFO - average delay [1683.6666666666667]
04/05/2022 16:10:39 PM - INFO - average delay [1682.5]
04/05/2022 16:10:39 PM - INFO - average delay [1622.3333333333333]
04/05/2022 16:10:39 PM - INFO - nowTs is [77192], lastTs is [76974]
04/05/2022 16:10:39 PM - INFO - [in this interval] loss-ratio is [0.4117647058823529]
04/05/2022 16:10:39 PM - INFO - [in this interval] group num is [7]
04/05/2022 16:10:39 PM - INFO - [in this interval] delayDelta from group is [[6, 0, -17, -77, 2, 21]]
04/05/2022 16:10:39 PM - INFO - sample List of accDelay : [[-1524.7397575120647, -1527.8657817608582, -1529.9792035847722, -1531.581283226295, -1532.8231549036655, -1533.1408394132989, -1534.526755471969, -1535.674079924772, -1536.006671932295, -1536.1060047390656, -1535.995404265159, -1535.1958638386432, -1534.476277454779, -1535.0286497093011, -1534.925784738371, -1534.833206264534, -1536.4498856380806, -1545.6048970742725, -1553.6444073668451, -1558.7799666301607]]
04/05/2022 16:10:39 PM - INFO - sample List of time: [[76204, 76240, 76277, 76314, 76352, 76389, 76427, 76464, 76500, 76537, 76574, 76611, 76648, 76683, 76719, 76755, 76790, 76808, 76826, 76858]]
04/05/2022 16:10:39 PM - INFO - update trend: [-0.028947165842631295]
04/05/2022 16:10:39 PM - INFO - estimateQueueDelayDuration [-6.947319802231511] = queueDelayDelta [-0.11578866337052518] * numCount[1001]
04/05/2022 16:10:39 PM - INFO - [in this interval] signal is [Signal.NORMAL]
04/05/2022 16:10:39 PM - INFO - [in this interval] adaptiveThresholdGamma is [63.08994529639646]
04/05/2022 16:10:39 PM - INFO - [in this interval] state is [State.INCREASE]
04/05/2022 16:10:39 PM - INFO - [in this interval] now real rate is [0.5411382113821138]mbps
04/05/2022 16:10:39 PM - INFO - [in this interval] now real rtt is [3638]
04/05/2022 16:10:39 PM - INFO - [in this interval] aimd control rate is [1.2354024091133433] mbps
04/05/2022 16:10:39 PM - INFO - [in this interval] delay-rate is [1.2354024091133433] mbps
04/05/2022 16:10:39 PM - INFO - average delay [1606.5]
04/05/2022 16:10:39 PM - INFO - average delay [1633.0]
04/05/2022 16:10:39 PM - INFO - average delay [1649.0]
04/05/2022 16:10:39 PM - INFO - average delay [1680.0]
04/05/2022 16:10:39 PM - INFO - average delay [1698.5]
04/05/2022 16:10:39 PM - INFO - nowTs is [77493], lastTs is [77192]
04/05/2022 16:10:39 PM - INFO - [in this interval] loss-ratio is [0.1]
04/05/2022 16:10:39 PM - INFO - [in this interval] group num is [5]
04/05/2022 16:10:39 PM - INFO - [in this interval] delayDelta from group is [[5, 26, 37, 41]]
04/05/2022 16:10:39 PM - INFO - sample List of accDelay : [[-1532.8231549036655, -1533.1408394132989, -1534.526755471969, -1535.674079924772, -1536.006671932295, -1536.1060047390656, -1535.995404265159, -1535.1958638386432, -1534.476277454779, -1535.0286497093011, -1534.925784738371, -1534.833206264534, -1536.4498856380806, -1545.6048970742725, -1553.6444073668451, -1558.7799666301607, -1562.9019699671446, -1564.0117729704302, -1561.3105956733873, -1554.7795361060485]]
04/05/2022 16:10:39 PM - INFO - sample List of time: [[76352, 76389, 76427, 76464, 76500, 76537, 76574, 76611, 76648, 76683, 76719, 76755, 76790, 76808, 76826, 76858, 76981, 77011, 77077, 77149]]
04/05/2022 16:10:39 PM - INFO - update trend: [-0.04162105666928877]
04/05/2022 16:10:39 PM - INFO - estimateQueueDelayDuration [-9.989053600629305] = queueDelayDelta [-0.16648422667715507] * numCount[1001]
04/05/2022 16:10:39 PM - INFO - [in this interval] signal is [Signal.NORMAL]
04/05/2022 16:10:39 PM - INFO - [in this interval] adaptiveThresholdGamma is [62.13412924587265]
04/05/2022 16:10:39 PM - INFO - [in this interval] state is [State.INCREASE]
04/05/2022 16:10:39 PM - INFO - [in this interval] now real rate is [0.3895652173913044]mbps
04/05/2022 16:10:39 PM - INFO - [in this interval] now real rtt is [3910]
04/05/2022 16:10:39 PM - INFO - [in this interval] aimd control rate is [1.239520417143721] mbps
04/05/2022 16:10:39 PM - INFO - [in this interval] delay-rate is [1.239520417143721] mbps
04/05/2022 16:10:39 PM - INFO - average delay [1739.5]
04/05/2022 16:10:39 PM - INFO - average delay [1757.0]
04/05/2022 16:10:39 PM - INFO - average delay [1753.3333333333333]
04/05/2022 16:10:39 PM - INFO - nowTs is [77698], lastTs is [77493]
04/05/2022 16:10:39 PM - INFO - [in this interval] loss-ratio is [0.3076923076923077]
04/05/2022 16:10:39 PM - INFO - [in this interval] group num is [6]
04/05/2022 16:10:39 PM - INFO - [in this interval] delayDelta from group is [[2, -9, 7, -22, -9]]
04/05/2022 16:10:39 PM - INFO - sample List of accDelay : [[-1536.1060047390656, -1535.995404265159, -1535.1958638386432, -1534.476277454779, -1535.0286497093011, -1534.925784738371, -1534.833206264534, -1536.4498856380806, -1545.6048970742725, -1553.6444073668451, -1558.7799666301607, -1562.9019699671446, -1564.0117729704302, -1561.3105956733873, -1554.7795361060485, -1548.7015824954437, -1544.1314242458993, -1539.3182818213093, -1537.1864536391784, -1536.1678082752605]]
04/05/2022 16:10:39 PM - INFO - sample List of time: [[76537, 76574, 76611, 76648, 76683, 76719, 76755, 76790, 76808, 76826, 76858, 76981, 77011, 77077, 77149, 77256, 77298, 77319, 77361, 77404]]
04/05/2022 16:10:39 PM - INFO - update trend: [-0.010806100065656207]
04/05/2022 16:10:39 PM - INFO - estimateQueueDelayDuration [-2.5934640157574895] = queueDelayDelta [-0.04322440026262483] * numCount[1000]
04/05/2022 16:10:39 PM - INFO - [in this interval] signal is [Signal.NORMAL]
04/05/2022 16:10:39 PM - INFO - [in this interval] adaptiveThresholdGamma is [61.062397271730575]
04/05/2022 16:10:39 PM - INFO - [in this interval] state is [State.INCREASE]
04/05/2022 16:10:39 PM - INFO - [in this interval] now real rate is [0.4021221052631579]mbps
04/05/2022 16:10:39 PM - INFO - [in this interval] now real rtt is [3860]
04/05/2022 16:10:39 PM - INFO - [in this interval] aimd control rate is [1.2436521518675336] mbps
04/05/2022 16:10:39 PM - INFO - [in this interval] delay-rate is [1.2436521518675336] mbps
04/05/2022 16:10:39 PM - INFO - average delay [1730.3333333333333]
04/05/2022 16:10:39 PM - INFO - average delay [1698.0]
04/05/2022 16:10:39 PM - INFO - average delay [1696.6666666666667]
04/05/2022 16:10:39 PM - INFO - average delay [1675.6666666666667]
04/05/2022 16:10:39 PM - INFO - nowTs is [77920], lastTs is [77698]
04/05/2022 16:10:39 PM - INFO - [in this interval] loss-ratio is [0.4666666666666667]
04/05/2022 16:10:39 PM - INFO - [in this interval] group num is [5]
04/05/2022 16:10:39 PM - INFO - [in this interval] delayDelta from group is [[-2, -36, 17, 23]]
04/05/2022 16:10:39 PM - INFO - sample List of accDelay : [[-1535.0286497093011, -1534.925784738371, -1534.833206264534, -1536.4498856380806, -1545.6048970742725, -1553.6444073668451, -1558.7799666301607, -1562.9019699671446, -1564.0117729704302, -1561.3105956733873, -1554.7795361060485, -1548.7015824954437, -1544.1314242458993, -1539.3182818213093, -1537.1864536391784, -1536.1678082752605, -1535.4510274477343, -1538.4059247029609, -1539.3653322326647, -1537.9287990093983]]
04/05/2022 16:10:39 PM - INFO - sample List of time: [[76683, 76719, 76755, 76790, 76808, 76826, 76858, 76981, 77011, 77077, 77149, 77256, 77298, 77319, 77361, 77404, 77475, 77503, 77532, 77589]]
04/05/2022 16:10:39 PM - INFO - update trend: [0.007405463083361437]
04/05/2022 16:10:39 PM - INFO - estimateQueueDelayDuration [1.777311140006745] = queueDelayDelta [0.029621852333445747] * numCount[1000]
04/05/2022 16:10:39 PM - INFO - [in this interval] signal is [Signal.NORMAL]
04/05/2022 16:10:39 PM - INFO - [in this interval] adaptiveThresholdGamma is [59.995265721359544]
04/05/2022 16:10:39 PM - INFO - [in this interval] state is [State.INCREASE]
04/05/2022 16:10:39 PM - INFO - [in this interval] now real rate is [0.4330281124497992]mbps
04/05/2022 16:10:39 PM - INFO - [in this interval] now real rtt is [3824]
04/05/2022 16:10:39 PM - INFO - [in this interval] aimd control rate is [1.2477976590404254] mbps
04/05/2022 16:10:39 PM - INFO - [in this interval] delay-rate is [1.2477976590404254] mbps
04/05/2022 16:10:39 PM - INFO - average delay [1696.3333333333333]
04/05/2022 16:10:39 PM - INFO - average delay [1726.5]
04/05/2022 16:10:39 PM - INFO - average delay [1744.6666666666667]
04/05/2022 16:10:39 PM - INFO - average delay [1766.3333333333333]
04/05/2022 16:10:39 PM - INFO - nowTs is [78167], lastTs is [77920]
04/05/2022 16:10:39 PM - INFO - [in this interval] loss-ratio is [0.0]
04/05/2022 16:10:39 PM - INFO - [in this interval] group num is [5]
04/05/2022 16:10:39 PM - INFO - [in this interval] delayDelta from group is [[22, 21, 15, -2]]
04/05/2022 16:10:39 PM - INFO - sample List of accDelay : [[-1545.6048970742725, -1553.6444073668451, -1558.7799666301607, -1562.9019699671446, -1564.0117729704302, -1561.3105956733873, -1554.7795361060485, -1548.7015824954437, -1544.1314242458993, -1539.3182818213093, -1537.1864536391784, -1536.1678082752605, -1535.4510274477343, -1538.4059247029609, -1539.3653322326647, -1537.9287990093983, -1534.4359191084584, -1529.1923271976127, -1522.9730944778514, -1517.575785030066]]
04/05/2022 16:10:39 PM - INFO - sample List of time: [[76808, 76826, 76858, 76981, 77011, 77077, 77149, 77256, 77298, 77319, 77361, 77404, 77475, 77503, 77532, 77589, 77703, 77760, 77816, 77861]]
04/05/2022 16:10:39 PM - INFO - update trend: [0.034549357528635145]
04/05/2022 16:10:39 PM - INFO - estimateQueueDelayDuration [8.291845806872434] = queueDelayDelta [0.13819743011454058] * numCount[1000]
04/05/2022 16:10:39 PM - INFO - [in this interval] signal is [Signal.NORMAL]
04/05/2022 16:10:39 PM - INFO - [in this interval] adaptiveThresholdGamma is [59.064604162898775]
04/05/2022 16:10:39 PM - INFO - [in this interval] state is [State.INCREASE]
04/05/2022 16:10:39 PM - INFO - [in this interval] now real rate is [0.4500408163265306]mbps
04/05/2022 16:10:39 PM - INFO - [in this interval] now real rtt is [3988]
04/05/2022 16:10:39 PM - INFO - [in this interval] aimd control rate is [1.2519569845705603] mbps
04/05/2022 16:10:39 PM - INFO - [in this interval] delay-rate is [1.2519569845705603] mbps
04/05/2022 16:10:39 PM - INFO - average delay [1789.25]
04/05/2022 16:10:39 PM - INFO - average delay [1788.0]
04/05/2022 16:10:39 PM - INFO - average delay [1788.0]
04/05/2022 16:10:39 PM - INFO - average delay [1788.5]
04/05/2022 16:10:39 PM - INFO - nowTs is [78396], lastTs is [78167]
04/05/2022 16:10:39 PM - INFO - [in this interval] loss-ratio is [0.0]
04/05/2022 16:10:39 PM - INFO - [in this interval] group num is [7]
04/05/2022 16:10:39 PM - INFO - [in this interval] delayDelta from group is [[4, -2, -2, 6, 5, -10]]
04/05/2022 16:10:39 PM - INFO - sample List of accDelay : [[-1554.7795361060485, -1548.7015824954437, -1544.1314242458993, -1539.3182818213093, -1537.1864536391784, -1536.1678082752605, -1535.4510274477343, -1538.4059247029609, -1539.3653322326647, -1537.9287990093983, -1534.4359191084584, -1529.1923271976127, -1522.9730944778514, -1517.575785030066, -1512.3182065270596, -1507.7863858743538, -1503.9077472869185, -1499.8169725582266, -1495.635275302404, -1492.8717477721634]]
04/05/2022 16:10:39 PM - INFO - sample List of time: [[77149, 77256, 77298, 77319, 77361, 77404, 77475, 77503, 77532, 77589, 77703, 77760, 77816, 77861, 77927, 77961, 77994, 78027, 78063, 78103]]
04/05/2022 16:10:39 PM - INFO - update trend: [0.05810120743905542]
04/05/2022 16:10:39 PM - INFO - estimateQueueDelayDuration [13.9442897853733] = queueDelayDelta [0.23240482975622168] * numCount[1000]
04/05/2022 16:10:39 PM - INFO - [in this interval] signal is [Signal.NORMAL]
04/05/2022 16:10:39 PM - INFO - [in this interval] adaptiveThresholdGamma is [58.25243850410332]
04/05/2022 16:10:39 PM - INFO - [in this interval] state is [State.INCREASE]
04/05/2022 16:10:39 PM - INFO - [in this interval] now real rate is [0.5663193277310925]mbps
04/05/2022 16:10:39 PM - INFO - [in this interval] now real rtt is [3986]
04/05/2022 16:10:39 PM - INFO - [in this interval] aimd control rate is [1.256130174519129] mbps
04/05/2022 16:10:39 PM - INFO - [in this interval] delay-rate is [1.256130174519129] mbps
04/05/2022 16:10:39 PM - INFO - average delay [1794.6666666666667]
04/05/2022 16:10:39 PM - INFO - average delay [1809.6666666666667]
04/05/2022 16:10:39 PM - INFO - average delay [1804.0]
04/05/2022 16:10:39 PM - INFO - nowTs is [78596], lastTs is [78396]
04/05/2022 16:10:39 PM - INFO - [in this interval] loss-ratio is [0.09090909090909091]
04/05/2022 16:10:39 PM - INFO - [in this interval] group num is [6]
04/05/2022 16:10:39 PM - INFO - [in this interval] delayDelta from group is [[10, -9, 0, 10, 4]]
04/05/2022 16:10:39 PM - INFO - sample List of accDelay : [[-1536.1678082752605, -1535.4510274477343, -1538.4059247029609, -1539.3653322326647, -1537.9287990093983, -1534.4359191084584, -1529.1923271976127, -1522.9730944778514, -1517.575785030066, -1512.3182065270596, -1507.7863858743538, -1503.9077472869185, -1499.8169725582266, -1495.635275302404, -1492.8717477721634, -1489.3845729949471, -1487.1461156954524, -1485.1315041259072, -1482.3183537133166, -1479.3865183419848]]
04/05/2022 16:10:39 PM - INFO - sample List of time: [[77404, 77475, 77503, 77532, 77589, 77703, 77760, 77816, 77861, 77927, 77961, 77994, 78027, 78063, 78103, 78143, 78183, 78204, 78244, 78284]]
04/05/2022 16:10:39 PM - INFO - update trend: [0.07538160132970795]
04/05/2022 16:10:39 PM - INFO - estimateQueueDelayDuration [18.091584319129907] = queueDelayDelta [0.3015264053188318] * numCount[1001]
04/05/2022 16:10:39 PM - INFO - [in this interval] signal is [Signal.NORMAL]
04/05/2022 16:10:39 PM - INFO - [in this interval] adaptiveThresholdGamma is [57.529543128773796]
04/05/2022 16:10:39 PM - INFO - [in this interval] state is [State.INCREASE]
04/05/2022 16:10:39 PM - INFO - [in this interval] now real rate is [0.6431297071129707]mbps
04/05/2022 16:10:39 PM - INFO - [in this interval] now real rtt is [4046]
04/05/2022 16:10:39 PM - INFO - [in this interval] aimd control rate is [1.2603172751008593] mbps
04/05/2022 16:10:39 PM - INFO - [in this interval] delay-rate is [1.2603172751008593] mbps
04/05/2022 16:10:39 PM - INFO - average delay [1813.5]
04/05/2022 16:10:39 PM - INFO - average delay [1797.6666666666667]
04/05/2022 16:10:39 PM - INFO - average delay [1794.4]
04/05/2022 16:10:39 PM - INFO - average delay [1787.0]
04/05/2022 16:10:39 PM - INFO - nowTs is [78823], lastTs is [78596]
04/05/2022 16:10:39 PM - INFO - [in this interval] loss-ratio is [0.2608695652173913]
04/05/2022 16:10:39 PM - INFO - [in this interval] group num is [9]
04/05/2022 16:10:39 PM - INFO - [in this interval] delayDelta from group is [[-5, 1, -2, -12, 1, 0, -13, -23]]
04/05/2022 16:10:39 PM - INFO - sample List of accDelay : [[-1517.575785030066, -1512.3182065270596, -1507.7863858743538, -1503.9077472869185, -1499.8169725582266, -1495.635275302404, -1492.8717477721634, -1489.3845729949471, -1487.1461156954524, -1485.1315041259072, -1482.3183537133166, -1479.3865183419848, -1477.2478665077863, -1475.2230798570076, -1473.6007718713067, -1473.340694684176, -1473.0066252157585, -1472.7059626941827, -1473.7353664247644, -1476.9618297822879]]
04/05/2022 16:10:39 PM - INFO - sample List of time: [[77861, 77927, 77961, 77994, 78027, 78063, 78103, 78143, 78183, 78204, 78244, 78284, 78343, 78363, 78404, 78432, 78455, 78491, 78526, 78538]]
04/05/2022 16:10:39 PM - INFO - update trend: [0.06484367662530427]
04/05/2022 16:10:39 PM - INFO - estimateQueueDelayDuration [15.562482390073026] = queueDelayDelta [0.2593747065012171] * numCount[1001]
04/05/2022 16:10:39 PM - INFO - [in this interval] signal is [Signal.NORMAL]
04/05/2022 16:10:39 PM - INFO - [in this interval] adaptiveThresholdGamma is [56.774136035477184]
04/05/2022 16:10:39 PM - INFO - [in this interval] state is [State.INCREASE]
04/05/2022 16:10:39 PM - INFO - [in this interval] now real rate is [0.6231786447638604]mbps
04/05/2022 16:10:39 PM - INFO - [in this interval] now real rtt is [3910]
04/05/2022 16:10:39 PM - INFO - [in this interval] aimd control rate is [1.2645183326845288] mbps
04/05/2022 16:10:39 PM - INFO - [in this interval] delay-rate is [1.2645183326845288] mbps
04/05/2022 16:10:39 PM - INFO - average delay [1778.8333333333333]
04/05/2022 16:10:39 PM - INFO - average delay [1762.0]
04/05/2022 16:10:39 PM - INFO - average delay [1737.0]
04/05/2022 16:10:39 PM - INFO - average delay [1660.8333333333333]
04/05/2022 16:10:39 PM - INFO - nowTs is [79063], lastTs is [78823]
04/05/2022 16:10:39 PM - INFO - [in this interval] loss-ratio is [0.5625]
04/05/2022 16:10:39 PM - INFO - [in this interval] group num is [15]
04/05/2022 16:10:39 PM - INFO - [in this interval] delayDelta from group is [[-6, 1, -20, -25, -10, -25, -25, -7, -18, -37, -10, -25, -21, -16]]
04/05/2022 16:10:39 PM - INFO - sample List of accDelay : [[-1473.6007718713067, -1473.340694684176, -1473.0066252157585, -1472.7059626941827, -1473.7353664247644, -1476.9618297822879, -1480.4656468040591, -1483.519082123653, -1488.2671739112877, -1495.0404565201588, -1502.136410868143, -1511.0227697813286, -1521.5204928031958, -1531.6684435228763, -1542.6015991705885, -1556.1414392535296, -1569.3272953281767, -1583.694565795359, -1598.725109215823, -1613.8525982942408]]
04/05/2022 16:10:39 PM - INFO - sample List of time: [[78404, 78432, 78455, 78491, 78526, 78538, 78574, 78598, 78634, 78644, 78654, 78674, 78684, 78694, 78707, 78719, 78732, 78752, 78762, 78776]]
04/05/2022 16:10:39 PM - INFO - update trend: [-0.34965064841141774]
04/05/2022 16:10:39 PM - INFO - estimateQueueDelayDuration [-83.91615561874026] = queueDelayDelta [-1.398602593645671] * numCount[1001]
04/05/2022 16:10:39 PM - INFO - [in this interval] signal is [Signal.UNDER_USE]
04/05/2022 16:10:39 PM - INFO - [in this interval] adaptiveThresholdGamma is [56.774136035477184]
04/05/2022 16:10:39 PM - INFO - [in this interval] state is [State.HOLD]
04/05/2022 16:10:39 PM - INFO - [in this interval] now real rate is [0.716845995893224]mbps
04/05/2022 16:10:39 PM - INFO - [in this interval] now real rtt is [3460]
04/05/2022 16:10:39 PM - INFO - [in this interval] aimd control rate is [1.2645183326845288] mbps
04/05/2022 16:10:39 PM - INFO - [in this interval] delay-rate is [1.2645183326845288] mbps
04/05/2022 16:10:39 PM - INFO - average delay [1569.8333333333333]
04/05/2022 16:10:39 PM - INFO - average delay [1495.5]
04/05/2022 16:10:39 PM - INFO - average delay [1483.0]
04/05/2022 16:10:39 PM - INFO - average delay [1474.25]
04/05/2022 16:10:39 PM - INFO - nowTs is [79304], lastTs is [79063]
04/05/2022 16:10:39 PM - INFO - [in this interval] loss-ratio is [0.38095238095238093]
04/05/2022 16:10:39 PM - INFO - [in this interval] group num is [9]
04/05/2022 16:10:39 PM - INFO - [in this interval] delayDelta from group is [[-12, -5, 0, -9, 5, -31, 5, 5]]
04/05/2022 16:10:39 PM - INFO - sample List of accDelay : [[-1488.2671739112877, -1495.0404565201588, -1502.136410868143, -1511.0227697813286, -1521.5204928031958, -1531.6684435228763, -1542.6015991705885, -1556.1414392535296, -1569.3272953281767, -1583.694565795359, -1598.725109215823, -1613.8525982942408, -1628.6673384648168, -1642.5006046183353, -1654.9505441565018, -1667.0554897408515, -1677.4499407667663, -1689.9049466900897, -1700.6144520210808, -1709.7530068189728]]
04/05/2022 16:10:39 PM - INFO - sample List of time: [[78634, 78644, 78654, 78674, 78684, 78694, 78707, 78719, 78732, 78752, 78762, 78776, 78803, 78831, 78851, 78891, 78912, 78952, 78971, 78991]]
04/05/2022 16:10:39 PM - INFO - update trend: [-0.6420392739702555]
04/05/2022 16:10:39 PM - INFO - estimateQueueDelayDuration [-154.08942575286133] = queueDelayDelta [-2.568157095881022] * numCount[1001]
04/05/2022 16:10:39 PM - INFO - [in this interval] signal is [Signal.UNDER_USE]
04/05/2022 16:10:39 PM - INFO - [in this interval] adaptiveThresholdGamma is [56.774136035477184]
04/05/2022 16:10:39 PM - INFO - [in this interval] state is [State.HOLD]
04/05/2022 16:10:39 PM - INFO - [in this interval] now real rate is [0.6981744421906695]mbps
04/05/2022 16:10:39 PM - INFO - [in this interval] now real rtt is [3332]
04/05/2022 16:10:39 PM - INFO - [in this interval] aimd control rate is [1.2645183326845288] mbps
04/05/2022 16:10:39 PM - INFO - [in this interval] delay-rate is [1.2645183326845288] mbps
04/05/2022 16:10:39 PM - INFO - average delay [1459.3333333333333]
04/05/2022 16:10:39 PM - INFO - average delay [1458.5]
04/05/2022 16:10:39 PM - INFO - average delay [1438.3333333333333]
04/05/2022 16:10:39 PM - INFO - average delay [1427.0]
04/05/2022 16:10:39 PM - INFO - nowTs is [79544], lastTs is [79304]
04/05/2022 16:10:39 PM - INFO - [in this interval] loss-ratio is [0.5217391304347826]
04/05/2022 16:10:39 PM - INFO - [in this interval] group num is [10]
04/05/2022 16:10:39 PM - INFO - [in this interval] delayDelta from group is [[-5, -10, -1, -21, 14, -6, -20, -16, -20]]
04/05/2022 16:10:39 PM - INFO - sample List of accDelay : [[-1583.694565795359, -1598.725109215823, -1613.8525982942408, -1628.6673384648168, -1642.5006046183353, -1654.9505441565018, -1667.0554897408515, -1677.4499407667663, -1689.9049466900897, -1700.6144520210808, -1709.7530068189728, -1718.4777061370755, -1727.329935523368, -1735.3969419710313, -1744.7572477739282, -1751.7815229965354, -1758.7033706968818, -1766.9330336271937, -1775.9397302644745, -1786.0457572380271]]
04/05/2022 16:10:39 PM - INFO - sample List of time: [[78752, 78762, 78776, 78803, 78831, 78851, 78891, 78912, 78952, 78971, 78991, 79056, 79081, 79106, 79130, 79154, 79203, 79227, 79242, 79256]]
04/05/2022 16:10:39 PM - INFO - update trend: [-0.3520817746516612]
04/05/2022 16:10:39 PM - INFO - estimateQueueDelayDuration [-84.49962591639868] = queueDelayDelta [-1.4083270986066447] * numCount[1000]
04/05/2022 16:10:39 PM - INFO - [in this interval] signal is [Signal.UNDER_USE]
04/05/2022 16:10:39 PM - INFO - [in this interval] adaptiveThresholdGamma is [56.774136035477184]
04/05/2022 16:10:39 PM - INFO - [in this interval] state is [State.HOLD]
04/05/2022 16:10:39 PM - INFO - [in this interval] now real rate is [0.5756929292929294]mbps
04/05/2022 16:10:39 PM - INFO - [in this interval] now real rtt is [3152]
04/05/2022 16:10:39 PM - INFO - [in this interval] aimd control rate is [1.2645183326845288] mbps
04/05/2022 16:10:39 PM - INFO - [in this interval] delay-rate is [1.2645183326845288] mbps
04/05/2022 16:10:39 PM - INFO - average delay [1404.0]
04/05/2022 16:10:39 PM - INFO - average delay [1376.5]
04/05/2022 16:10:39 PM - INFO - average delay [1368.8]
04/05/2022 16:10:39 PM - INFO - average delay [1360.25]
04/05/2022 16:10:39 PM - INFO - nowTs is [79785], lastTs is [79544]
04/05/2022 16:10:39 PM - INFO - [in this interval] loss-ratio is [0.0]
04/05/2022 16:10:39 PM - INFO - [in this interval] group num is [8]
04/05/2022 16:10:39 PM - INFO - [in this interval] delayDelta from group is [[-5, -1, -6, -6, -3, 5, 8]]
04/05/2022 16:10:39 PM - INFO - sample List of accDelay : [[-1677.4499407667663, -1689.9049466900897, -1700.6144520210808, -1709.7530068189728, -1718.4777061370755, -1727.329935523368, -1735.3969419710313, -1744.7572477739282, -1751.7815229965354, -1758.7033706968818, -1766.9330336271937, -1775.9397302644745, -1786.0457572380271, -1795.6411815142244, -1804.377063362802, -1812.8393570265216, -1821.0554213238695, -1828.7498791914825, -1835.1748912723342, -1840.1574021451008]]
04/05/2022 16:10:39 PM - INFO - sample List of time: [[78912, 78952, 78971, 78991, 79056, 79081, 79106, 79130, 79154, 79203, 79227, 79242, 79256, 79285, 79315, 79344, 79373, 79402, 79429, 79469]]
04/05/2022 16:10:39 PM - INFO - update trend: [-0.30118216519046953]
04/05/2022 16:10:39 PM - INFO - estimateQueueDelayDuration [-72.2837196457127] = queueDelayDelta [-1.2047286607618781] * numCount[1001]
04/05/2022 16:10:39 PM - INFO - [in this interval] signal is [Signal.UNDER_USE]
04/05/2022 16:10:39 PM - INFO - [in this interval] adaptiveThresholdGamma is [56.774136035477184]
04/05/2022 16:10:39 PM - INFO - [in this interval] state is [State.HOLD]
04/05/2022 16:10:39 PM - INFO - [in this interval] now real rate is [0.5923991683991684]mbps
04/05/2022 16:10:39 PM - INFO - [in this interval] now real rtt is [3154]
04/05/2022 16:10:39 PM - INFO - [in this interval] aimd control rate is [1.2645183326845288] mbps
04/05/2022 16:10:39 PM - INFO - [in this interval] delay-rate is [1.2645183326845288] mbps
04/05/2022 16:10:39 PM - INFO - average delay [1369.0]
04/05/2022 16:10:39 PM - INFO - average delay [1381.6666666666667]
04/05/2022 16:10:39 PM - INFO - average delay [1389.6666666666667]
04/05/2022 16:10:39 PM - INFO - average delay [1393.6666666666667]
04/05/2022 16:10:39 PM - INFO - nowTs is [80019], lastTs is [79785]
04/05/2022 16:10:39 PM - INFO - [in this interval] loss-ratio is [0.09090909090909091]
04/05/2022 16:10:39 PM - INFO - [in this interval] group num is [6]
04/05/2022 16:10:39 PM - INFO - [in this interval] delayDelta from group is [[8, -8, 12, 18, -4]]
04/05/2022 16:10:39 PM - INFO - sample List of accDelay : [[-1727.329935523368, -1735.3969419710313, -1744.7572477739282, -1751.7815229965354, -1758.7033706968818, -1766.9330336271937, -1775.9397302644745, -1786.0457572380271, -1795.6411815142244, -1804.377063362802, -1812.8393570265216, -1821.0554213238695, -1828.7498791914825, -1835.1748912723342, -1840.1574021451008, -1843.8416619305908, -1847.9574957375319, -1850.4617461637786, -1850.9155715474008, -1851.7240143926606]]
04/05/2022 16:10:39 PM - INFO - sample List of time: [[79081, 79106, 79130, 79154, 79203, 79227, 79242, 79256, 79285, 79315, 79344, 79373, 79402, 79429, 79469, 79555, 79598, 79620, 79667, 79720]]
04/05/2022 16:10:39 PM - INFO - update trend: [-0.20921045040579112]
04/05/2022 16:10:39 PM - INFO - estimateQueueDelayDuration [-50.21050809738987] = queueDelayDelta [-0.8368418016231645] * numCount[1000]
04/05/2022 16:10:39 PM - INFO - [in this interval] signal is [Signal.NORMAL]
04/05/2022 16:10:39 PM - INFO - [in this interval] adaptiveThresholdGamma is [56.65599073259161]
04/05/2022 16:10:39 PM - INFO - [in this interval] state is [State.INCREASE]
04/05/2022 16:10:39 PM - INFO - [in this interval] now real rate is [0.5820244897959184]mbps
04/05/2022 16:10:39 PM - INFO - [in this interval] now real rtt is [3232]
04/05/2022 16:10:39 PM - INFO - [in this interval] aimd control rate is [1.2687333937934773] mbps
04/05/2022 16:10:39 PM - INFO - [in this interval] delay-rate is [1.2687333937934773] mbps
04/05/2022 16:10:39 PM - INFO - average delay [1411.3333333333333]
04/05/2022 16:10:39 PM - INFO - average delay [1438.5]
04/05/2022 16:10:39 PM - INFO - average delay [1456.0]
04/05/2022 16:10:39 PM - INFO - average delay [1465.3333333333333]
04/05/2022 16:10:39 PM - INFO - nowTs is [80262], lastTs is [80019]
04/05/2022 16:10:39 PM - INFO - [in this interval] loss-ratio is [0.47058823529411764]
04/05/2022 16:10:39 PM - INFO - [in this interval] group num is [6]
04/05/2022 16:10:39 PM - INFO - [in this interval] delayDelta from group is [[24, -4, 15, 25, -3]]
04/05/2022 16:10:39 PM - INFO - sample List of accDelay : [[-1766.9330336271937, -1775.9397302644745, -1786.0457572380271, -1795.6411815142244, -1804.377063362802, -1812.8393570265216, -1821.0554213238695, -1828.7498791914825, -1835.1748912723342, -1840.1574021451008, -1843.8416619305908, -1847.9574957375319, -1850.4617461637786, -1850.9155715474008, -1851.7240143926606, -1850.0516129533946, -1848.9464516580551, -1846.4518064922495, -1841.7066258430245, -1837.7359632587222]]
04/05/2022 16:10:39 PM - INFO - sample List of time: [[79227, 79242, 79256, 79285, 79315, 79344, 79373, 79402, 79429, 79469, 79555, 79598, 79620, 79667, 79720, 79772, 79826, 79852, 79907, 79962]]
04/05/2022 16:10:39 PM - INFO - update trend: [-0.09071133120964789]
04/05/2022 16:10:39 PM - INFO - estimateQueueDelayDuration [-21.770719490315493] = queueDelayDelta [-0.36284532483859155] * numCount[1001]
04/05/2022 16:10:39 PM - INFO - [in this interval] signal is [Signal.NORMAL]
04/05/2022 16:10:39 PM - INFO - [in this interval] adaptiveThresholdGamma is [56.02805585023064]
04/05/2022 16:10:39 PM - INFO - [in this interval] state is [State.INCREASE]
04/05/2022 16:10:39 PM - INFO - [in this interval] now real rate is [0.4602248995983936]mbps
04/05/2022 16:10:39 PM - INFO - [in this interval] now real rtt is [3388]
04/05/2022 16:10:39 PM - INFO - [in this interval] aimd control rate is [1.2729625051061222] mbps
04/05/2022 16:10:39 PM - INFO - [in this interval] delay-rate is [1.2729625051061222] mbps
04/05/2022 16:10:39 PM - INFO - average delay [1488.3333333333333]
04/05/2022 16:10:39 PM - INFO - average delay [1498.0]
04/05/2022 16:10:39 PM - INFO - average delay [1519.0]
04/05/2022 16:10:39 PM - INFO - average delay [1549.5]
04/05/2022 16:10:39 PM - INFO - nowTs is [80503], lastTs is [80262]
04/05/2022 16:10:39 PM - INFO - [in this interval] loss-ratio is [0.14285714285714285]
04/05/2022 16:10:39 PM - INFO - [in this interval] group num is [4]
04/05/2022 16:10:39 PM - INFO - [in this interval] delayDelta from group is [[61, 29, 36]]
04/05/2022 16:10:39 PM - INFO - sample List of accDelay : [[-1795.6411815142244, -1804.377063362802, -1812.8393570265216, -1821.0554213238695, -1828.7498791914825, -1835.1748912723342, -1840.1574021451008, -1843.8416619305908, -1847.9574957375319, -1850.4617461637786, -1850.9155715474008, -1851.7240143926606, -1850.0516129533946, -1848.9464516580551, -1846.4518064922495, -1841.7066258430245, -1837.7359632587222, -1828.06236693285, -1816.456130239565, -1802.4105172156085]]
04/05/2022 16:10:39 PM - INFO - sample List of time: [[79285, 79315, 79344, 79373, 79402, 79429, 79469, 79555, 79598, 79620, 79667, 79720, 79772, 79826, 79852, 79907, 79962, 80044, 80135, 80184]]
04/05/2022 16:10:39 PM - INFO - update trend: [-0.010993255255935697]
04/05/2022 16:10:39 PM - INFO - estimateQueueDelayDuration [-2.638381261424567] = queueDelayDelta [-0.04397302102374279] * numCount[1000]
04/05/2022 16:10:39 PM - INFO - [in this interval] signal is [Signal.NORMAL]
04/05/2022 16:10:39 PM - INFO - [in this interval] adaptiveThresholdGamma is [55.067041707632136]
04/05/2022 16:10:39 PM - INFO - [in this interval] state is [State.INCREASE]
04/05/2022 16:10:39 PM - INFO - [in this interval] now real rate is [0.3695206611570248]mbps
04/05/2022 16:10:39 PM - INFO - [in this interval] now real rtt is [3670]
04/05/2022 16:10:39 PM - INFO - [in this interval] aimd control rate is [1.2772057134564758] mbps
04/05/2022 16:10:39 PM - INFO - [in this interval] delay-rate is [1.2772057134564758] mbps
04/05/2022 16:10:39 PM - INFO - average delay [1617.0]
04/05/2022 16:10:39 PM - INFO - average delay [1653.3333333333333]
04/05/2022 16:10:39 PM - INFO - average delay [1648.75]
04/05/2022 16:10:39 PM - INFO - average delay [1675.25]
04/05/2022 16:10:39 PM - INFO - nowTs is [80739], lastTs is [80503]
04/05/2022 16:10:39 PM - INFO - [in this interval] loss-ratio is [0.125]
04/05/2022 16:10:39 PM - INFO - [in this interval] group num is [8]
04/05/2022 16:10:39 PM - INFO - [in this interval] delayDelta from group is [[5, 0, -5, -11, 39, 7, 16]]
04/05/2022 16:10:39 PM - INFO - sample List of accDelay : [[-1843.8416619305908, -1847.9574957375319, -1850.4617461637786, -1850.9155715474008, -1851.7240143926606, -1850.0516129533946, -1848.9464516580551, -1846.4518064922495, -1841.7066258430245, -1837.7359632587222, -1828.06236693285, -1816.456130239565, -1802.4105172156085, -1789.2694654940476, -1777.4425189446429, -1767.2982670501785, -1759.2684403451608, -1748.1415963106447, -1737.42743667958, -1726.1846930116221]]
04/05/2022 16:10:39 PM - INFO - sample List of time: [[79555, 79598, 79620, 79667, 79720, 79772, 79826, 79852, 79907, 79962, 80044, 80135, 80184, 80250, 80270, 80290, 80310, 80324, 80378, 80420]]
04/05/2022 16:10:39 PM - INFO - update trend: [0.13796113194528203]
04/05/2022 16:10:39 PM - INFO - estimateQueueDelayDuration [33.11067166686769] = queueDelayDelta [0.5518445277811281] * numCount[1001]
04/05/2022 16:10:39 PM - INFO - [in this interval] signal is [Signal.NORMAL]
04/05/2022 16:10:39 PM - INFO - [in this interval] adaptiveThresholdGamma is [54.67182704689838]
04/05/2022 16:10:39 PM - INFO - [in this interval] state is [State.INCREASE]
04/05/2022 16:10:39 PM - INFO - [in this interval] now real rate is [0.4421132075471698]mbps
04/05/2022 16:10:39 PM - INFO - [in this interval] now real rtt is [3802]
04/05/2022 16:10:39 PM - INFO - [in this interval] aimd control rate is [1.281463065834664] mbps
04/05/2022 16:10:39 PM - INFO - [in this interval] delay-rate is [1.281463065834664] mbps
04/05/2022 16:10:39 PM - INFO - average delay [1687.5]
04/05/2022 16:10:39 PM - INFO - average delay [1713.0]
04/05/2022 16:10:39 PM - INFO - average delay [1737.0]
04/05/2022 16:10:39 PM - INFO - average delay [1759.75]
04/05/2022 16:10:39 PM - INFO - nowTs is [80993], lastTs is [80739]
04/05/2022 16:10:39 PM - INFO - [in this interval] loss-ratio is [0.30434782608695654]
04/05/2022 16:10:39 PM - INFO - [in this interval] group num is [8]
04/05/2022 16:10:39 PM - INFO - [in this interval] delayDelta from group is [[16, 1, 19, -1, 5, 4, 0]]
04/05/2022 16:10:39 PM - INFO - sample List of accDelay : [[-1846.4518064922495, -1841.7066258430245, -1837.7359632587222, -1828.06236693285, -1816.456130239565, -1802.4105172156085, -1789.2694654940476, -1777.4425189446429, -1767.2982670501785, -1759.2684403451608, -1748.1415963106447, -1737.42743667958, -1726.1846930116221, -1714.4662237104599, -1703.8196013394138, -1692.3376412054722, -1682.103877084925, -1672.3934893764326, -1663.2541404387894, -1655.0287263949103]]
04/05/2022 16:10:39 PM - INFO - sample List of time: [[79852, 79907, 79962, 80044, 80135, 80184, 80250, 80270, 80290, 80310, 80324, 80378, 80420, 80531, 80582, 80598, 80632, 80661, 80676, 80705]]
04/05/2022 16:10:39 PM - INFO - update trend: [0.23454993254540493]
04/05/2022 16:10:39 PM - INFO - estimateQueueDelayDuration [56.291983810897186] = queueDelayDelta [0.9381997301816197] * numCount[1000]
04/05/2022 16:10:39 PM - INFO - [in this interval] signal is [Signal.NORMAL]
04/05/2022 16:10:39 PM - INFO - [in this interval] adaptiveThresholdGamma is [56.291983810897186]
04/05/2022 16:10:39 PM - INFO - [in this interval] state is [State.INCREASE]
04/05/2022 16:10:39 PM - INFO - [in this interval] now real rate is [0.5594775510204082]mbps
04/05/2022 16:10:39 PM - INFO - [in this interval] now real rtt is [3950]
04/05/2022 16:10:39 PM - INFO - [in this interval] aimd control rate is [1.2857346093874462] mbps
04/05/2022 16:10:39 PM - INFO - [in this interval] delay-rate is [1.2857346093874462] mbps
04/05/2022 16:10:39 PM - INFO - average delay [1770.4]
04/05/2022 16:10:39 PM - INFO - average delay [1770.3333333333333]
04/05/2022 16:10:39 PM - INFO - average delay [1774.0]
04/05/2022 16:10:39 PM - INFO - average delay [1750.8]
04/05/2022 16:10:39 PM - INFO - nowTs is [81225], lastTs is [80993]
04/05/2022 16:10:39 PM - INFO - [in this interval] loss-ratio is [0.5897435897435898]
04/05/2022 16:10:39 PM - INFO - [in this interval] group num is [14]
04/05/2022 16:10:39 PM - INFO - [in this interval] delayDelta from group is [[-6, 5, 0, 0, -4, -8, -14, -4, -19, 7, -4, -18, 1]]
04/05/2022 16:10:39 PM - INFO - sample List of accDelay : [[-1714.4662237104599, -1703.8196013394138, -1692.3376412054722, -1682.103877084925, -1672.3934893764326, -1663.2541404387894, -1655.0287263949103, -1648.2258537554194, -1641.6032683798776, -1635.64294154189, -1630.278647387701, -1625.8507826489308, -1622.6657043840378, -1621.199133945634, -1620.2792205510707, -1621.3512984959636, -1621.6161686463674, -1622.2545517817307, -1624.6290966035576, -1626.6661869432019]]
04/05/2022 16:10:39 PM - INFO - sample List of time: [[80531, 80582, 80598, 80632, 80661, 80676, 80705, 80741, 80755, 80785, 80800, 80820, 80841, 80853, 80864, 80875, 80886, 80903, 80924, 80941]]
04/05/2022 16:10:39 PM - INFO - update trend: [0.23788928832013626]
04/05/2022 16:10:39 PM - INFO - estimateQueueDelayDuration [57.0934291968327] = queueDelayDelta [0.951557153280545] * numCount[1001]
04/05/2022 16:10:39 PM - INFO - [in this interval] signal is [Signal.OVER_USE]
04/05/2022 16:10:39 PM - INFO - [in this interval] adaptiveThresholdGamma is [57.0934291968327]
04/05/2022 16:10:39 PM - INFO - [in this interval] state is [State.DECREASE]
04/05/2022 16:10:39 PM - INFO - [in this interval] now real rate is [0.5747654320987655]mbps
04/05/2022 16:10:39 PM - INFO - [in this interval] now real rtt is [3824]
04/05/2022 16:10:39 PM - INFO - [in this interval] aimd control rate is [0.48855061728395066] mbps
04/05/2022 16:10:39 PM - INFO - [in this interval] delay-rate is [0.48855061728395066] mbps
04/05/2022 16:10:39 PM - INFO - average delay [1720.8]
04/05/2022 16:10:39 PM - INFO - average delay [1695.4]
04/05/2022 16:10:39 PM - INFO - average delay [1696.2]
04/05/2022 16:10:39 PM - INFO - average delay [1709.25]
04/05/2022 16:10:39 PM - INFO - nowTs is [81475], lastTs is [81225]
04/05/2022 16:10:39 PM - INFO - [in this interval] loss-ratio is [0.18181818181818182]
04/05/2022 16:10:39 PM - INFO - [in this interval] group num is [9]
04/05/2022 16:10:39 PM - INFO - [in this interval] delayDelta from group is [[3, -5, 2, 6, 4, 17, 9, -28]]
04/05/2022 16:10:39 PM - INFO - sample List of accDelay : [[-1641.6032683798776, -1635.64294154189, -1630.278647387701, -1625.8507826489308, -1622.6657043840378, -1621.199133945634, -1620.2792205510707, -1621.3512984959636, -1621.6161686463674, -1622.2545517817307, -1624.6290966035576, -1626.6661869432019, -1628.1995682488819, -1630.0796114239938, -1631.5716502815944, -1632.3144852534351, -1632.5830367280917, -1631.1247330552824, -1628.912259749754, -1629.7210337747786]]
04/05/2022 16:10:39 PM - INFO - sample List of time: [[80755, 80785, 80800, 80820, 80841, 80853, 80864, 80875, 80886, 80903, 80924, 80941, 80969, 81007, 81027, 81044, 81065, 81114, 81151, 81185]]
04/05/2022 16:10:39 PM - INFO - update trend: [-0.005437766321266733]
04/05/2022 16:10:39 PM - INFO - estimateQueueDelayDuration [-1.305063917104016] = queueDelayDelta [-0.021751065285066932] * numCount[1001]
04/05/2022 16:10:39 PM - INFO - [in this interval] signal is [Signal.NORMAL]
04/05/2022 16:10:39 PM - INFO - [in this interval] adaptiveThresholdGamma is [56.089238621797584]
04/05/2022 16:10:39 PM - INFO - [in this interval] state is [State.INCREASE]
04/05/2022 16:10:39 PM - INFO - [in this interval] now real rate is [0.6420281690140845]mbps
04/05/2022 16:10:39 PM - INFO - [in this interval] now real rtt is [3814]
04/05/2022 16:10:39 PM - INFO - [in this interval] aimd control rate is [0.4926218724279836] mbps
04/05/2022 16:10:39 PM - INFO - [in this interval] delay-rate is [0.4926218724279836] mbps
04/05/2022 16:10:39 PM - INFO - average delay [1722.75]
04/05/2022 16:10:39 PM - INFO - average delay [1707.2]
04/05/2022 16:10:39 PM - INFO - average delay [1692.75]
04/05/2022 16:10:39 PM - INFO - average delay [1661.5]
04/05/2022 16:10:39 PM - INFO - nowTs is [81696], lastTs is [81475]
04/05/2022 16:10:39 PM - INFO - [in this interval] loss-ratio is [0.2631578947368421]
04/05/2022 16:10:39 PM - INFO - [in this interval] group num is [12]
04/05/2022 16:10:39 PM - INFO - [in this interval] delayDelta from group is [[-6, -11, -8, 8, -17, -11, -16, -17, -11, -17, -17]]
04/05/2022 16:10:39 PM - INFO - sample List of accDelay : [[-1626.6661869432019, -1628.1995682488819, -1630.0796114239938, -1631.5716502815944, -1632.3144852534351, -1632.5830367280917, -1631.1247330552824, -1628.912259749754, -1629.7210337747786, -1631.0489303973006, -1633.3440373575704, -1636.2096336218135, -1637.9886702596323, -1641.289803233669, -1645.3608229103022, -1650.624740619272, -1657.0622665573449, -1663.9560399016102, -1671.8604359114493, -1680.6743923203044]]
04/05/2022 16:10:39 PM - INFO - sample List of time: [[80941, 80969, 81007, 81027, 81044, 81065, 81114, 81151, 81185, 81221, 81240, 81259, 81276, 81294, 81312, 81331, 81350, 81368, 81387, 81405]]
04/05/2022 16:10:39 PM - INFO - update trend: [-0.0848428546421493]
04/05/2022 16:10:39 PM - INFO - estimateQueueDelayDuration [-20.36228511411583] = queueDelayDelta [-0.3393714185685972] * numCount[1000]
04/05/2022 16:10:39 PM - INFO - [in this interval] signal is [Signal.NORMAL]
04/05/2022 16:10:39 PM - INFO - [in this interval] adaptiveThresholdGamma is [55.44615345865931]
04/05/2022 16:10:39 PM - INFO - [in this interval] state is [State.INCREASE]
04/05/2022 16:10:39 PM - INFO - [in this interval] now real rate is [0.6507895791583166]mbps
04/05/2022 16:10:39 PM - INFO - [in this interval] now real rtt is [3586]
04/05/2022 16:10:39 PM - INFO - [in this interval] aimd control rate is [0.49672705469821676] mbps
04/05/2022 16:10:39 PM - INFO - [in this interval] delay-rate is [0.49672705469821676] mbps
04/05/2022 16:10:39 PM - INFO - average delay [1617.0]
04/05/2022 16:10:39 PM - INFO - average delay [1587.0]
04/05/2022 16:10:39 PM - INFO - average delay [1606.0]
04/05/2022 16:10:39 PM - INFO - average delay [1595.0]
04/05/2022 16:10:39 PM - INFO - nowTs is [81942], lastTs is [81696]
04/05/2022 16:10:39 PM - INFO - [in this interval] loss-ratio is [0.1]
04/05/2022 16:10:39 PM - INFO - [in this interval] group num is [7]
04/05/2022 16:10:39 PM - INFO - [in this interval] delayDelta from group is [[10, 16, -4, 1, -2, 6]]
04/05/2022 16:10:39 PM - INFO - sample List of accDelay : [[-1631.1247330552824, -1628.912259749754, -1629.7210337747786, -1631.0489303973006, -1633.3440373575704, -1636.2096336218135, -1637.9886702596323, -1641.289803233669, -1645.3608229103022, -1650.624740619272, -1657.0622665573449, -1663.9560399016102, -1671.8604359114493, -1680.6743923203044, -1687.606953088274, -1692.2462577794465, -1696.821632001502, -1700.8394688013518, -1704.6555219212166, -1707.489969729095]]
04/05/2022 16:10:39 PM - INFO - sample List of time: [[81114, 81151, 81185, 81221, 81240, 81259, 81276, 81294, 81312, 81331, 81350, 81368, 81387, 81405, 81442, 81472, 81503, 81534, 81565, 81633]]
04/05/2022 16:10:39 PM - INFO - update trend: [-0.19524404684831054]
04/05/2022 16:10:39 PM - INFO - estimateQueueDelayDuration [-46.858571243594525] = queueDelayDelta [-0.7809761873932421] * numCount[1000]
04/05/2022 16:10:39 PM - INFO - [in this interval] signal is [Signal.NORMAL]
04/05/2022 16:10:39 PM - INFO - [in this interval] adaptiveThresholdGamma is [55.29157697878814]
04/05/2022 16:10:39 PM - INFO - [in this interval] state is [State.INCREASE]
04/05/2022 16:10:39 PM - INFO - [in this interval] now real rate is [0.5001652892561983]mbps
04/05/2022 16:10:39 PM - INFO - [in this interval] now real rtt is [3618]
04/05/2022 16:10:39 PM - INFO - [in this interval] aimd control rate is [0.5008664468207019] mbps
04/05/2022 16:10:39 PM - INFO - [in this interval] delay-rate is [0.5008664468207019] mbps
04/05/2022 16:10:39 PM - INFO - average delay [1597.0]
04/05/2022 16:10:39 PM - INFO - average delay [1609.6666666666667]
04/05/2022 16:10:39 PM - INFO - average delay [1633.75]
04/05/2022 16:10:39 PM - INFO - average delay [1611.3333333333333]
04/05/2022 16:10:39 PM - INFO - nowTs is [82195], lastTs is [81942]
04/05/2022 16:10:39 PM - INFO - [in this interval] loss-ratio is [0.25]
04/05/2022 16:10:39 PM - INFO - [in this interval] group num is [10]
04/05/2022 16:10:39 PM - INFO - [in this interval] delayDelta from group is [[4, 30, -11, -15, -5, -25, -9, -14, -8]]
04/05/2022 16:10:39 PM - INFO - sample List of accDelay : [[-1650.624740619272, -1657.0622665573449, -1663.9560399016102, -1671.8604359114493, -1680.6743923203044, -1687.606953088274, -1692.2462577794465, -1696.821632001502, -1700.8394688013518, -1704.6555219212166, -1707.489969729095, -1709.6409727561854, -1708.5768754805667, -1708.71918793251, -1710.3472691392592, -1712.3125422253333, -1716.5812880028, -1721.32315920252, -1726.9908432822679, -1732.891758954041]]
04/05/2022 16:10:39 PM - INFO - sample List of time: [[81331, 81350, 81368, 81387, 81405, 81442, 81472, 81503, 81534, 81565, 81633, 81710, 81739, 81779, 81798, 81818, 81848, 81858, 81879, 81900]]
04/05/2022 16:10:39 PM - INFO - update trend: [-0.10590921405422292]
04/05/2022 16:10:39 PM - INFO - estimateQueueDelayDuration [-25.418211373013502] = queueDelayDelta [-0.4236368562168917] * numCount[1001]
04/05/2022 16:10:39 PM - INFO - [in this interval] signal is [Signal.NORMAL]
04/05/2022 16:10:39 PM - INFO - [in this interval] adaptiveThresholdGamma is [54.7538563978842]
04/05/2022 16:10:39 PM - INFO - [in this interval] state is [State.INCREASE]
04/05/2022 16:10:39 PM - INFO - [in this interval] now real rate is [0.42432064128256514]mbps
04/05/2022 16:10:39 PM - INFO - [in this interval] now real rtt is [3524]
04/05/2022 16:10:39 PM - INFO - [in this interval] aimd control rate is [0.5050403338775411] mbps
04/05/2022 16:10:39 PM - INFO - [in this interval] delay-rate is [0.5050403338775411] mbps
04/05/2022 16:10:39 PM - INFO - average delay [1567.0]
04/05/2022 16:10:39 PM - INFO - average delay [1534.6]
04/05/2022 16:10:39 PM - INFO - average delay [1516.8]
04/05/2022 16:10:39 PM - INFO - average delay [1524.3333333333333]
04/05/2022 16:10:39 PM - INFO - nowTs is [82434], lastTs is [82195]
04/05/2022 16:10:39 PM - INFO - [in this interval] loss-ratio is [0.06666666666666667]
04/05/2022 16:10:39 PM - INFO - [in this interval] group num is [7]
04/05/2022 16:10:39 PM - INFO - [in this interval] delayDelta from group is [[-12, -10, -9, 25, 24, -2]]
04/05/2022 16:10:39 PM - INFO - sample List of accDelay : [[-1692.2462577794465, -1696.821632001502, -1700.8394688013518, -1704.6555219212166, -1707.489969729095, -1709.6409727561854, -1708.5768754805667, -1708.71918793251, -1710.3472691392592, -1712.3125422253333, -1716.5812880028, -1721.32315920252, -1726.9908432822679, -1732.891758954041, -1739.402583058637, -1746.2623247527733, -1753.3360922774962, -1757.2024830497467, -1758.282234744772, -1759.4540112702948]]
04/05/2022 16:10:39 PM - INFO - sample List of time: [[81472, 81503, 81534, 81565, 81633, 81710, 81739, 81779, 81798, 81818, 81848, 81858, 81879, 81900, 81945, 81968, 81993, 82019, 82084, 82133]]
04/05/2022 16:10:39 PM - INFO - update trend: [-0.10659746668940873]
04/05/2022 16:10:39 PM - INFO - estimateQueueDelayDuration [-25.583392005458094] = queueDelayDelta [-0.4263898667576349] * numCount[1001]
04/05/2022 16:10:39 PM - INFO - [in this interval] signal is [Signal.NORMAL]
04/05/2022 16:10:39 PM - INFO - [in this interval] adaptiveThresholdGamma is [54.22878803882053]
04/05/2022 16:10:39 PM - INFO - [in this interval] state is [State.INCREASE]
04/05/2022 16:10:39 PM - INFO - [in this interval] now real rate is [0.5176910569105692]mbps
04/05/2022 16:10:39 PM - INFO - [in this interval] now real rtt is [3532]
04/05/2022 16:10:39 PM - INFO - [in this interval] aimd control rate is [0.5092490033265206] mbps
04/05/2022 16:10:39 PM - INFO - [in this interval] delay-rate is [0.5092490033265206] mbps
04/05/2022 16:10:39 PM - INFO - average delay [1560.6666666666667]
04/05/2022 16:10:39 PM - INFO - average delay [1582.0]
04/05/2022 16:10:39 PM - INFO - average delay [1584.75]
04/05/2022 16:10:39 PM - INFO - average delay [1574.75]
04/05/2022 16:10:39 PM - INFO - nowTs is [82666], lastTs is [82434]
04/05/2022 16:10:39 PM - INFO - [in this interval] loss-ratio is [0.1875]
04/05/2022 16:10:39 PM - INFO - [in this interval] group num is [8]
04/05/2022 16:10:39 PM - INFO - [in this interval] delayDelta from group is [[13, -9, -7, -3, 3, 0, -19]]
04/05/2022 16:10:39 PM - INFO - sample List of accDelay : [[-1708.71918793251, -1710.3472691392592, -1712.3125422253333, -1716.5812880028, -1721.32315920252, -1726.9908432822679, -1732.891758954041, -1739.402583058637, -1746.2623247527733, -1753.3360922774962, -1757.2024830497467, -1758.282234744772, -1759.4540112702948, -1759.2086101432653, -1759.8877491289388, -1761.198974216045, -1762.6790767944403, -1763.7111691149962, -1764.6400522034967, -1767.376046983147]]
04/05/2022 16:10:39 PM - INFO - sample List of time: [[81779, 81798, 81818, 81848, 81858, 81879, 81900, 81945, 81968, 81993, 82019, 82084, 82133, 82185, 82233, 82249, 82282, 82314, 82347, 82377]]
04/05/2022 16:10:39 PM - INFO - update trend: [-0.0956102689850226]
04/05/2022 16:10:39 PM - INFO - estimateQueueDelayDuration [-22.946464556405424] = queueDelayDelta [-0.3824410759400904] * numCount[1000]
04/05/2022 16:10:39 PM - INFO - [in this interval] signal is [Signal.NORMAL]
04/05/2022 16:10:39 PM - INFO - [in this interval] adaptiveThresholdGamma is [53.66570621613706]
04/05/2022 16:10:39 PM - INFO - [in this interval] state is [State.INCREASE]
04/05/2022 16:10:39 PM - INFO - [in this interval] now real rate is [0.5617200811359027]mbps
04/05/2022 16:10:39 PM - INFO - [in this interval] now real rtt is [3526]
04/05/2022 16:10:39 PM - INFO - [in this interval] aimd control rate is [0.5134927450209084] mbps
04/05/2022 16:10:39 PM - INFO - [in this interval] delay-rate is [0.5134927450209084] mbps
04/05/2022 16:10:39 PM - INFO - average delay [1574.25]
04/05/2022 16:10:39 PM - INFO - average delay [1570.75]
04/05/2022 16:10:39 PM - INFO - average delay [1571.5]
04/05/2022 16:10:39 PM - INFO - average delay [1593.0]
04/05/2022 16:10:39 PM - INFO - nowTs is [82902], lastTs is [82666]
04/05/2022 16:10:39 PM - INFO - [in this interval] loss-ratio is [0.2631578947368421]
04/05/2022 16:10:39 PM - INFO - [in this interval] group num is [9]
04/05/2022 16:10:39 PM - INFO - [in this interval] delayDelta from group is [[2, 1, 0, 15, 5, 0, 2, -6]]
04/05/2022 16:10:39 PM - INFO - sample List of accDelay : [[-1746.2623247527733, -1753.3360922774962, -1757.2024830497467, -1758.282234744772, -1759.4540112702948, -1759.2086101432653, -1759.8877491289388, -1761.198974216045, -1762.6790767944403, -1763.7111691149962, -1764.6400522034967, -1767.376046983147, -1769.6384422848323, -1771.574598056349, -1773.317138250714, -1773.3854244256424, -1772.9468819830781, -1772.5521937847702, -1771.9969744062932, -1772.097276965664]]
04/05/2022 16:10:39 PM - INFO - sample List of time: [[81968, 81993, 82019, 82084, 82133, 82185, 82233, 82249, 82282, 82314, 82347, 82377, 82410, 82442, 82478, 82513, 82543, 82558, 82578, 82595]]
04/05/2022 16:10:39 PM - INFO - update trend: [-0.03649949422041749]
04/05/2022 16:10:39 PM - INFO - estimateQueueDelayDuration [-8.759878612900197] = queueDelayDelta [-0.14599797688166996] * numCount[1000]
04/05/2022 16:10:39 PM - INFO - [in this interval] signal is [Signal.NORMAL]
04/05/2022 16:10:39 PM - INFO - [in this interval] adaptiveThresholdGamma is [52.8574013192788]
04/05/2022 16:10:39 PM - INFO - [in this interval] state is [State.INCREASE]
04/05/2022 16:10:39 PM - INFO - [in this interval] now real rate is [0.5630322580645161]mbps
04/05/2022 16:10:39 PM - INFO - [in this interval] now real rtt is [3588]
04/05/2022 16:10:39 PM - INFO - [in this interval] aimd control rate is [0.5177718512294158] mbps
04/05/2022 16:10:39 PM - INFO - [in this interval] delay-rate is [0.5177718512294158] mbps
04/05/2022 16:10:39 PM - INFO - average delay [1593.5]
04/05/2022 16:10:39 PM - INFO - average delay [1586.6]
04/05/2022 16:10:39 PM - INFO - average delay [1598.0]
04/05/2022 16:10:39 PM - INFO - average delay [1578.6]
04/05/2022 16:10:39 PM - INFO - nowTs is [83142], lastTs is [82902]
04/05/2022 16:10:39 PM - INFO - [in this interval] loss-ratio is [0.25]
04/05/2022 16:10:39 PM - INFO - [in this interval] group num is [8]
04/05/2022 16:10:39 PM - INFO - [in this interval] delayDelta from group is [[1, 10, -2, -1, -14, 3, 15]]
04/05/2022 16:10:39 PM - INFO - sample List of accDelay : [[-1761.198974216045, -1762.6790767944403, -1763.7111691149962, -1764.6400522034967, -1767.376046983147, -1769.6384422848323, -1771.574598056349, -1773.317138250714, -1773.3854244256424, -1772.9468819830781, -1772.5521937847702, -1771.9969744062932, -1772.097276965664, -1772.0875492690975, -1771.0787943421878, -1770.3709149079689, -1769.833823417172, -1770.7504410754548, -1771.2753969679093, -1770.2478572711184]]
04/05/2022 16:10:39 PM - INFO - sample List of time: [[82249, 82282, 82314, 82347, 82377, 82410, 82442, 82478, 82513, 82543, 82558, 82578, 82595, 82657, 82698, 82723, 82736, 82760, 82786, 82829]]
04/05/2022 16:10:39 PM - INFO - update trend: [-0.0135640532748921]
04/05/2022 16:10:39 PM - INFO - estimateQueueDelayDuration [-3.255372785974104] = queueDelayDelta [-0.0542562130995684] * numCount[1001]
04/05/2022 16:10:39 PM - INFO - [in this interval] signal is [Signal.NORMAL]
04/05/2022 16:10:39 PM - INFO - [in this interval] adaptiveThresholdGamma is [51.964564805679316]
04/05/2022 16:10:39 PM - INFO - [in this interval] state is [State.INCREASE]
04/05/2022 16:10:39 PM - INFO - [in this interval] now real rate is [0.6269430894308944]mbps
04/05/2022 16:10:39 PM - INFO - [in this interval] now real rtt is [3608]
04/05/2022 16:10:39 PM - INFO - [in this interval] aimd control rate is [0.5220866166563277] mbps
04/05/2022 16:10:39 PM - INFO - [in this interval] delay-rate is [0.5220866166563277] mbps
04/05/2022 16:10:39 PM - INFO - average delay [1588.4]
04/05/2022 16:10:39 PM - INFO - average delay [1600.6666666666667]
04/05/2022 16:10:39 PM - INFO - average delay [1616.3333333333333]
04/05/2022 16:10:39 PM - INFO - average delay [1621.6666666666667]
04/05/2022 16:10:39 PM - INFO - nowTs is [83398], lastTs is [83142]
04/05/2022 16:10:39 PM - INFO - [in this interval] loss-ratio is [0.0]
04/05/2022 16:10:39 PM - INFO - [in this interval] group num is [6]
04/05/2022 16:10:39 PM - INFO - [in this interval] delayDelta from group is [[5, 11, 5, 6, 29]]
04/05/2022 16:10:39 PM - INFO - sample List of accDelay : [[-1769.6384422848323, -1771.574598056349, -1773.317138250714, -1773.3854244256424, -1772.9468819830781, -1772.5521937847702, -1771.9969744062932, -1772.097276965664, -1772.0875492690975, -1771.0787943421878, -1770.3709149079689, -1769.833823417172, -1770.7504410754548, -1771.2753969679093, -1770.2478572711184, -1768.8230715440066, -1766.4407643896059, -1763.7966879506453, -1760.8170191555807, -1755.2353172400226]]
04/05/2022 16:10:39 PM - INFO - sample List of time: [[82410, 82442, 82478, 82513, 82543, 82558, 82578, 82595, 82657, 82698, 82723, 82736, 82760, 82786, 82829, 82909, 82949, 82990, 83030, 83071]]
04/05/2022 16:10:39 PM - INFO - update trend: [0.018378798146666608]
04/05/2022 16:10:39 PM - INFO - estimateQueueDelayDuration [4.410911555199986] = queueDelayDelta [0.07351519258666643] * numCount[1000]
04/05/2022 16:10:39 PM - INFO - [in this interval] signal is [Signal.NORMAL]
04/05/2022 16:10:39 PM - INFO - [in this interval] adaptiveThresholdGamma is [51.108599047170685]
04/05/2022 16:10:39 PM - INFO - [in this interval] state is [State.INCREASE]
04/05/2022 16:10:39 PM - INFO - [in this interval] now real rate is [0.5674677419354839]mbps
04/05/2022 16:10:39 PM - INFO - [in this interval] now real rtt is [3730]
04/05/2022 16:10:39 PM - INFO - [in this interval] aimd control rate is [0.5264373384617971] mbps
04/05/2022 16:10:39 PM - INFO - [in this interval] delay-rate is [0.5264373384617971] mbps
04/05/2022 16:10:39 PM - INFO - average delay [1647.8]
04/05/2022 16:10:39 PM - INFO - average delay [1677.0]
04/05/2022 16:10:39 PM - INFO - average delay [1642.6666666666667]
04/05/2022 16:10:39 PM - INFO - average delay [1612.8]
04/05/2022 16:10:39 PM - INFO - nowTs is [83631], lastTs is [83398]
04/05/2022 16:10:39 PM - INFO - [in this interval] loss-ratio is [0.34782608695652173]
04/05/2022 16:10:39 PM - INFO - [in this interval] group num is [12]
04/05/2022 16:10:39 PM - INFO - [in this interval] delayDelta from group is [[-16, -15, -10, 1, -18, -17, -15, -18, -17, -15, -17]]
04/05/2022 16:10:39 PM - INFO - sample List of accDelay : [[-1769.833823417172, -1770.7504410754548, -1771.2753969679093, -1770.2478572711184, -1768.8230715440066, -1766.4407643896059, -1763.7966879506453, -1760.8170191555807, -1755.2353172400226, -1751.8117855160203, -1750.2306069644183, -1749.8075462679765, -1749.326791641179, -1750.694112477061, -1753.624701229355, -1757.7622311064194, -1763.2860079957775, -1769.9574071961997, -1777.4616664765797, -1785.9154998289218]]
04/05/2022 16:10:39 PM - INFO - sample List of time: [[82736, 82760, 82786, 82829, 82909, 82949, 82990, 83030, 83071, 83145, 83164, 83184, 83204, 83245, 83257, 83270, 83295, 83307, 83320, 83345]]
04/05/2022 16:10:39 PM - INFO - update trend: [0.011189806901181942]
04/05/2022 16:10:39 PM - INFO - estimateQueueDelayDuration [2.685553656283666] = queueDelayDelta [0.044759227604727767] * numCount[1001]
04/05/2022 16:10:39 PM - INFO - [in this interval] signal is [Signal.NORMAL]
04/05/2022 16:10:39 PM - INFO - [in this interval] adaptiveThresholdGamma is [50.236984230134716]
04/05/2022 16:10:39 PM - INFO - [in this interval] state is [State.INCREASE]
04/05/2022 16:10:39 PM - INFO - [in this interval] now real rate is [0.5455378323108384]mbps
04/05/2022 16:10:39 PM - INFO - [in this interval] now real rtt is [3456]
04/05/2022 16:10:39 PM - INFO - [in this interval] aimd control rate is [0.5308243162823121] mbps
04/05/2022 16:10:39 PM - INFO - [in this interval] delay-rate is [0.5308243162823121] mbps
04/05/2022 16:10:39 PM - INFO - average delay [1549.4]
04/05/2022 16:10:39 PM - INFO - average delay [1495.4]
04/05/2022 16:10:39 PM - INFO - average delay [1489.75]
04/05/2022 16:10:39 PM - INFO - average delay [1493.75]
04/05/2022 16:10:39 PM - INFO - nowTs is [83868], lastTs is [83631]
04/05/2022 16:10:39 PM - INFO - [in this interval] loss-ratio is [0.32]
04/05/2022 16:10:39 PM - INFO - [in this interval] group num is [9]
04/05/2022 16:10:39 PM - INFO - [in this interval] delayDelta from group is [[-20, -9, 13, 7, -8, -9, -3, 1]]
04/05/2022 16:10:39 PM - INFO - sample List of accDelay : [[-1755.2353172400226, -1751.8117855160203, -1750.2306069644183, -1749.8075462679765, -1749.326791641179, -1750.694112477061, -1753.624701229355, -1757.7622311064194, -1763.2860079957775, -1769.9574071961997, -1777.4616664765797, -1785.9154998289218, -1795.5239498460298, -1805.0715548614269, -1812.3643993752842, -1818.2279594377558, -1824.30516349398, -1830.674647144582, -1836.7071824301238, -1842.0364641871115]]
04/05/2022 16:10:39 PM - INFO - sample List of time: [[83071, 83145, 83164, 83184, 83204, 83245, 83257, 83270, 83295, 83307, 83320, 83345, 83373, 83398, 83424, 83472, 83489, 83506, 83522, 83549]]
04/05/2022 16:10:39 PM - INFO - update trend: [-0.23025542126168613]
04/05/2022 16:10:39 PM - INFO - estimateQueueDelayDuration [-55.26130110280467] = queueDelayDelta [-0.9210216850467445] * numCount[1001]
04/05/2022 16:10:39 PM - INFO - [in this interval] signal is [Signal.UNDER_USE]
04/05/2022 16:10:39 PM - INFO - [in this interval] adaptiveThresholdGamma is [55.26130110280467]
04/05/2022 16:10:39 PM - INFO - [in this interval] state is [State.HOLD]
04/05/2022 16:10:39 PM - INFO - [in this interval] now real rate is [0.6513480885311872]mbps
04/05/2022 16:10:39 PM - INFO - [in this interval] now real rtt is [3380]
04/05/2022 16:10:39 PM - INFO - [in this interval] aimd control rate is [0.5308243162823121] mbps
04/05/2022 16:10:39 PM - INFO - [in this interval] delay-rate is [0.5308243162823121] mbps
04/05/2022 16:10:39 PM - INFO - average delay [1481.4]
04/05/2022 16:10:39 PM - INFO - average delay [1454.75]
04/05/2022 16:10:39 PM - INFO - average delay [1409.8]
04/05/2022 16:10:39 PM - INFO - average delay [1394.6]
04/05/2022 16:10:39 PM - INFO - nowTs is [84112], lastTs is [83868]
04/05/2022 16:10:39 PM - INFO - [in this interval] loss-ratio is [0.15]
04/05/2022 16:10:39 PM - INFO - [in this interval] group num is [12]
04/05/2022 16:10:39 PM - INFO - [in this interval] delayDelta from group is [[-13, -21, -13, -16, -11, -5, -1, -5, -15, -7, 5]]
04/05/2022 16:10:39 PM - INFO - sample List of accDelay : [[-1785.9154998289218, -1795.5239498460298, -1805.0715548614269, -1812.3643993752842, -1818.2279594377558, -1824.30516349398, -1830.674647144582, -1836.7071824301238, -1842.0364641871115, -1848.1328177684004, -1855.7195359915602, -1863.8475823924043, -1872.7628241531638, -1881.8865417378474, -1890.5978875640626, -1898.5380988076563, -1906.1842889268908, -1914.5658600342017, -1922.8092740307816, -1929.7283466277036]]
04/05/2022 16:10:39 PM - INFO - sample List of time: [[83345, 83373, 83398, 83424, 83472, 83489, 83506, 83522, 83549, 83611, 83628, 83642, 83664, 83678, 83707, 83737, 83766, 83796, 83811, 83824]]
04/05/2022 16:10:39 PM - INFO - update trend: [-0.28722453010000554]
04/05/2022 16:10:39 PM - INFO - estimateQueueDelayDuration [-68.93388722400132] = queueDelayDelta [-1.1488981204000221] * numCount[1000]
04/05/2022 16:10:39 PM - INFO - [in this interval] signal is [Signal.UNDER_USE]
04/05/2022 16:10:39 PM - INFO - [in this interval] adaptiveThresholdGamma is [68.93388722400132]
04/05/2022 16:10:39 PM - INFO - [in this interval] state is [State.HOLD]
04/05/2022 16:10:39 PM - INFO - [in this interval] now real rate is [0.7454089068825911]mbps
04/05/2022 16:10:39 PM - INFO - [in this interval] now real rtt is [3158]
04/05/2022 16:10:39 PM - INFO - [in this interval] aimd control rate is [0.5308243162823121] mbps
04/05/2022 16:10:39 PM - INFO - [in this interval] delay-rate is [0.5308243162823121] mbps
04/05/2022 16:10:39 PM - INFO - average delay [1383.2]
04/05/2022 16:10:39 PM - INFO - average delay [1377.3333333333333]
04/05/2022 16:10:39 PM - INFO - average delay [1389.25]
04/05/2022 16:10:39 PM - INFO - average delay [1399.25]
04/05/2022 16:10:39 PM - INFO - nowTs is [84354], lastTs is [84112]
04/05/2022 16:10:39 PM - INFO - [in this interval] loss-ratio is [0.25]
04/05/2022 16:10:39 PM - INFO - [in this interval] group num is [7]
04/05/2022 16:10:39 PM - INFO - [in this interval] delayDelta from group is [[5, 0, 17, 1, -10, -19]]
04/05/2022 16:10:39 PM - INFO - sample List of accDelay : [[-1830.674647144582, -1836.7071824301238, -1842.0364641871115, -1848.1328177684004, -1855.7195359915602, -1863.8475823924043, -1872.7628241531638, -1881.8865417378474, -1890.5978875640626, -1898.5380988076563, -1906.1842889268908, -1914.5658600342017, -1922.8092740307816, -1929.7283466277036, -1935.4555119649333, -1940.60996076844, -1943.548964691596, -1946.0940682224364, -1949.3846614001927, -1954.2461952601734]]
04/05/2022 16:10:39 PM - INFO - sample List of time: [[83506, 83522, 83549, 83611, 83628, 83642, 83664, 83678, 83707, 83737, 83766, 83796, 83811, 83824, 83892, 83927, 83962, 84014, 84045, 84070]]
04/05/2022 16:10:39 PM - INFO - update trend: [-0.23394634040348852]
04/05/2022 16:10:39 PM - INFO - estimateQueueDelayDuration [-56.147121696837246] = queueDelayDelta [-0.9357853616139541] * numCount[1000]
04/05/2022 16:10:39 PM - INFO - [in this interval] signal is [Signal.NORMAL]
04/05/2022 16:10:39 PM - INFO - [in this interval] adaptiveThresholdGamma is [68.70372544451237]
04/05/2022 16:10:39 PM - INFO - [in this interval] state is [State.INCREASE]
04/05/2022 16:10:39 PM - INFO - [in this interval] now real rate is [0.6414808853118713]mbps
04/05/2022 16:10:39 PM - INFO - [in this interval] now real rtt is [3172]
04/05/2022 16:10:39 PM - INFO - [in this interval] aimd control rate is [0.5352478522513313] mbps
04/05/2022 16:10:39 PM - INFO - [in this interval] delay-rate is [0.5352478522513313] mbps
04/05/2022 16:10:39 PM - INFO - average delay [1401.0]
04/05/2022 16:10:39 PM - INFO - average delay [1376.0]
04/05/2022 16:10:39 PM - INFO - average delay [1351.8]
04/05/2022 16:10:39 PM - INFO - average delay [1369.8]
04/05/2022 16:10:39 PM - INFO - nowTs is [84597], lastTs is [84354]
04/05/2022 16:10:39 PM - INFO - [in this interval] loss-ratio is [0.1]
04/05/2022 16:10:39 PM - INFO - [in this interval] group num is [9]
04/05/2022 16:10:39 PM - INFO - [in this interval] delayDelta from group is [[-13, -8, -13, 2, 5, 21, 4, -1]]
04/05/2022 16:10:39 PM - INFO - sample List of accDelay : [[-1890.5978875640626, -1898.5380988076563, -1906.1842889268908, -1914.5658600342017, -1922.8092740307816, -1929.7283466277036, -1935.4555119649333, -1940.60996076844, -1943.548964691596, -1946.0940682224364, -1949.3846614001927, -1954.2461952601734, -1959.921575734156, -1965.8294181607403, -1972.4464763446663, -1978.2018287101996, -1982.8816458391798, -1984.9934812552617, -1986.4941331297355, -1987.9447198167618]]
04/05/2022 16:10:39 PM - INFO - sample List of time: [[83707, 83737, 83766, 83796, 83811, 83824, 83892, 83927, 83962, 84014, 84045, 84070, 84092, 84114, 84136, 84158, 84200, 84215, 84256, 84290]]
04/05/2022 16:10:39 PM - INFO - update trend: [-0.1622329025585035]
04/05/2022 16:10:39 PM - INFO - estimateQueueDelayDuration [-38.93589661404084] = queueDelayDelta [-0.648931610234014] * numCount[1000]
04/05/2022 16:10:39 PM - INFO - [in this interval] signal is [Signal.NORMAL]
04/05/2022 16:10:39 PM - INFO - [in this interval] adaptiveThresholdGamma is [68.16790452556388]
04/05/2022 16:10:39 PM - INFO - [in this interval] state is [State.INCREASE]
04/05/2022 16:10:39 PM - INFO - [in this interval] now real rate is [0.549472]mbps
04/05/2022 16:10:39 PM - INFO - [in this interval] now real rtt is [3178]
04/05/2022 16:10:39 PM - INFO - [in this interval] aimd control rate is [0.5397082510200925] mbps
04/05/2022 16:10:39 PM - INFO - [in this interval] delay-rate is [0.5397082510200925] mbps
04/05/2022 16:10:39 PM - INFO - average delay [1383.5]
04/05/2022 16:10:39 PM - INFO - average delay [1393.6666666666667]
04/05/2022 16:10:39 PM - INFO - average delay [1416.25]
04/05/2022 16:10:39 PM - INFO - average delay [1436.4]
04/05/2022 16:10:39 PM - INFO - nowTs is [84828], lastTs is [84597]
04/05/2022 16:10:39 PM - INFO - [in this interval] loss-ratio is [0.0625]
04/05/2022 16:10:39 PM - INFO - [in this interval] group num is [8]
04/05/2022 16:10:39 PM - INFO - [in this interval] delayDelta from group is [[14, 26, 6, 5, -7, -2, -15]]
04/05/2022 16:10:39 PM - INFO - sample List of accDelay : [[-1940.60996076844, -1943.548964691596, -1946.0940682224364, -1949.3846614001927, -1954.2461952601734, -1959.921575734156, -1965.8294181607403, -1972.4464763446663, -1978.2018287101996, -1982.8816458391798, -1984.9934812552617, -1986.4941331297355, -1987.9447198167618, -1987.8502478350856, -1985.165223051577, -1982.1487007464193, -1978.9338306717775, -1976.7404476046, -1974.9664028441398, -1974.8697625597258]]
04/05/2022 16:10:39 PM - INFO - sample List of time: [[83927, 83962, 84014, 84045, 84070, 84092, 84114, 84136, 84158, 84200, 84215, 84256, 84290, 84358, 84382, 84438, 84454, 84479, 84502, 84530]]
04/05/2022 16:10:39 PM - INFO - update trend: [-0.06319957093056379]
04/05/2022 16:10:39 PM - INFO - estimateQueueDelayDuration [-15.167897023335309] = queueDelayDelta [-0.25279828372225516] * numCount[1001]
04/05/2022 16:10:39 PM - INFO - [in this interval] signal is [Signal.NORMAL]
04/05/2022 16:10:39 PM - INFO - [in this interval] adaptiveThresholdGamma is [67.21390439052377]
04/05/2022 16:10:39 PM - INFO - [in this interval] state is [State.INCREASE]
04/05/2022 16:10:39 PM - INFO - [in this interval] now real rate is [0.5400642570281124]mbps
04/05/2022 16:10:39 PM - INFO - [in this interval] now real rtt is [3240]
04/05/2022 16:10:39 PM - INFO - [in this interval] aimd control rate is [0.5442058197785932] mbps
04/05/2022 16:10:39 PM - INFO - [in this interval] delay-rate is [0.5442058197785932] mbps
04/05/2022 16:10:39 PM - INFO - average delay [1426.6]
04/05/2022 16:10:39 PM - INFO - average delay [1403.0]
04/05/2022 16:10:39 PM - INFO - average delay [1387.0]
04/05/2022 16:10:39 PM - INFO - average delay [1371.6]
04/05/2022 16:10:39 PM - INFO - nowTs is [85070], lastTs is [84828]
04/05/2022 16:10:39 PM - INFO - [in this interval] loss-ratio is [0.0]
04/05/2022 16:10:39 PM - INFO - [in this interval] group num is [9]
04/05/2022 16:10:39 PM - INFO - [in this interval] delayDelta from group is [[-9, -10, -4, -9, -8, -4, 3, -2]]
04/05/2022 16:10:39 PM - INFO - sample List of accDelay : [[-1978.2018287101996, -1982.8816458391798, -1984.9934812552617, -1986.4941331297355, -1987.9447198167618, -1987.8502478350856, -1985.165223051577, -1982.1487007464193, -1978.9338306717775, -1976.7404476046, -1974.9664028441398, -1974.8697625597258, -1975.6827863037531, -1977.4145076733778, -1979.3730569060401, -1982.035751215436, -1985.2321760938923, -1988.5089584845032, -1991.1580626360528, -1993.7422563724476]]
04/05/2022 16:10:39 PM - INFO - sample List of time: [[84158, 84200, 84215, 84256, 84290, 84358, 84382, 84438, 84454, 84479, 84502, 84530, 84580, 84606, 84631, 84657, 84683, 84710, 84736, 84779]]
04/05/2022 16:10:39 PM - INFO - update trend: [-0.004254722910526409]
04/05/2022 16:10:39 PM - INFO - estimateQueueDelayDuration [-1.0211334985263383] = queueDelayDelta [-0.017018891642105637] * numCount[1001]
04/05/2022 16:10:39 PM - INFO - [in this interval] signal is [Signal.NORMAL]
04/05/2022 16:10:39 PM - INFO - [in this interval] adaptiveThresholdGamma is [66.02243451446782]
04/05/2022 16:10:39 PM - INFO - [in this interval] state is [State.INCREASE]
04/05/2022 16:10:39 PM - INFO - [in this interval] now real rate is [0.5279836734693878]mbps
04/05/2022 16:10:39 PM - INFO - [in this interval] now real rtt is [3144]
04/05/2022 16:10:39 PM - INFO - [in this interval] aimd control rate is [0.5487408682767481] mbps
04/05/2022 16:10:39 PM - INFO - [in this interval] delay-rate is [0.5487408682767481] mbps
04/05/2022 16:10:39 PM - INFO - average delay [1365.5]
04/05/2022 16:10:39 PM - INFO - average delay [1388.75]
04/05/2022 16:10:39 PM - INFO - average delay [1402.8]
04/05/2022 16:10:39 PM - INFO - average delay [1412.8]
04/05/2022 16:10:39 PM - INFO - nowTs is [85307], lastTs is [85070]
04/05/2022 16:10:39 PM - INFO - [in this interval] loss-ratio is [0.0]
04/05/2022 16:10:39 PM - INFO - [in this interval] group num is [8]
04/05/2022 16:10:39 PM - INFO - [in this interval] delayDelta from group is [[7, 13, -6, 5, 15, 15, -3]]
04/05/2022 16:10:39 PM - INFO - sample List of accDelay : [[-1982.1487007464193, -1978.9338306717775, -1976.7404476046, -1974.9664028441398, -1974.8697625597258, -1975.6827863037531, -1977.4145076733778, -1979.3730569060401, -1982.035751215436, -1985.2321760938923, -1988.5089584845032, -1991.1580626360528, -1993.7422563724476, -1995.3680307352029, -1995.5312276616826, -1996.2781048955144, -1996.450294405963, -1995.1052649653666, -1992.39473846883, -1990.255264621947]]
04/05/2022 16:10:39 PM - INFO - sample List of time: [[84438, 84454, 84479, 84502, 84530, 84580, 84606, 84631, 84657, 84683, 84710, 84736, 84779, 84823, 84840, 84878, 84902, 84917, 84957, 85012]]
04/05/2022 16:10:39 PM - INFO - update trend: [-0.03950621608171818]
04/05/2022 16:10:39 PM - INFO - estimateQueueDelayDuration [-9.481491859612362] = queueDelayDelta [-0.1580248643268727] * numCount[1000]
04/05/2022 16:10:39 PM - INFO - [in this interval] signal is [Signal.NORMAL]
04/05/2022 16:10:39 PM - INFO - [in this interval] adaptiveThresholdGamma is [65.00469754668042]
04/05/2022 16:10:39 PM - INFO - [in this interval] state is [State.INCREASE]
04/05/2022 16:10:39 PM - INFO - [in this interval] now real rate is [0.583315682281059]mbps
04/05/2022 16:10:39 PM - INFO - [in this interval] now real rtt is [3268]
04/05/2022 16:10:39 PM - INFO - [in this interval] aimd control rate is [0.553313708845721] mbps
04/05/2022 16:10:39 PM - INFO - [in this interval] delay-rate is [0.553313708845721] mbps
04/05/2022 16:10:39 PM - INFO - average delay [1428.8]
04/05/2022 16:10:39 PM - INFO - average delay [1454.0]
04/05/2022 16:10:39 PM - INFO - average delay [1488.3333333333333]
04/05/2022 16:10:39 PM - INFO - average delay [1535.6666666666667]
04/05/2022 16:10:39 PM - INFO - nowTs is [85552], lastTs is [85307]
04/05/2022 16:10:39 PM - INFO - [in this interval] loss-ratio is [0.0]
04/05/2022 16:10:39 PM - INFO - [in this interval] group num is [5]
04/05/2022 16:10:39 PM - INFO - [in this interval] delayDelta from group is [[29, 29, 2, -9]]
04/05/2022 16:10:39 PM - INFO - sample List of accDelay : [[-1974.8697625597258, -1975.6827863037531, -1977.4145076733778, -1979.3730569060401, -1982.035751215436, -1985.2321760938923, -1988.5089584845032, -1991.1580626360528, -1993.7422563724476, -1995.3680307352029, -1995.5312276616826, -1996.2781048955144, -1996.450294405963, -1995.1052649653666, -1992.39473846883, -1990.255264621947, -1985.4297381597523, -1978.186764343777, -1971.4680879093992, -1966.3212791184592]]
04/05/2022 16:10:39 PM - INFO - sample List of time: [[84530, 84580, 84606, 84631, 84657, 84683, 84710, 84736, 84779, 84823, 84840, 84878, 84902, 84917, 84957, 85012, 85128, 85172, 85216, 85248]]
04/05/2022 16:10:39 PM - INFO - update trend: [0.004482531284032498]
04/05/2022 16:10:39 PM - INFO - estimateQueueDelayDuration [1.0758075081677994] = queueDelayDelta [0.01793012513612999] * numCount[1000]
04/05/2022 16:10:39 PM - INFO - [in this interval] signal is [Signal.NORMAL]
04/05/2022 16:10:39 PM - INFO - [in this interval] adaptiveThresholdGamma is [63.85397752598719]
04/05/2022 16:10:39 PM - INFO - [in this interval] state is [State.INCREASE]
04/05/2022 16:10:39 PM - INFO - [in this interval] now real rate is [0.48928]mbps
04/05/2022 16:10:39 PM - INFO - [in this interval] now real rtt is [3488]
04/05/2022 16:10:39 PM - INFO - [in this interval] aimd control rate is [0.5579246564194353] mbps
04/05/2022 16:10:39 PM - INFO - [in this interval] delay-rate is [0.5579246564194353] mbps
04/05/2022 16:10:39 PM - INFO - average delay [1544.0]
04/05/2022 16:10:39 PM - INFO - average delay [1563.6666666666667]
04/05/2022 16:10:39 PM - INFO - average delay [1599.2]
04/05/2022 16:10:39 PM - INFO - average delay [1607.0]
04/05/2022 16:10:39 PM - INFO - nowTs is [85778], lastTs is [85552]
04/05/2022 16:10:39 PM - INFO - [in this interval] loss-ratio is [0.0]
04/05/2022 16:10:39 PM - INFO - [in this interval] group num is [9]
04/05/2022 16:10:39 PM - INFO - [in this interval] delayDelta from group is [[25, 7, 8, 12, -15, 1, 13, -6]]
04/05/2022 16:10:39 PM - INFO - sample List of accDelay : [[-1993.7422563724476, -1995.3680307352029, -1995.5312276616826, -1996.2781048955144, -1996.450294405963, -1995.1052649653666, -1992.39473846883, -1990.255264621947, -1985.4297381597523, -1978.186764343777, -1971.4680879093992, -1966.3212791184592, -1959.1891512066134, -1952.070236085952, -1944.863212477357, -1937.176891229621, -1931.759202106659, -1926.783281895993, -1921.0049537063935, -1916.4044583357543]]
04/05/2022 16:10:39 PM - INFO - sample List of time: [[84779, 84823, 84840, 84878, 84902, 84917, 84957, 85012, 85128, 85172, 85216, 85248, 85310, 85350, 85367, 85390, 85412, 85432, 85453, 85476]]
04/05/2022 16:10:39 PM - INFO - update trend: [0.11191174026161445]
04/05/2022 16:10:39 PM - INFO - estimateQueueDelayDuration [26.858817662787466] = queueDelayDelta [0.4476469610464578] * numCount[1000]
04/05/2022 16:10:39 PM - INFO - [in this interval] signal is [Signal.NORMAL]
04/05/2022 16:10:39 PM - INFO - [in this interval] adaptiveThresholdGamma is [63.1880646484496]
04/05/2022 16:10:39 PM - INFO - [in this interval] state is [State.INCREASE]
04/05/2022 16:10:39 PM - INFO - [in this interval] now real rate is [0.4693549695740365]mbps
04/05/2022 16:10:39 PM - INFO - [in this interval] now real rtt is [3620]
04/05/2022 16:10:39 PM - INFO - [in this interval] aimd control rate is [0.5625740285562639] mbps
04/05/2022 16:10:39 PM - INFO - [in this interval] delay-rate is [0.5625740285562639] mbps
04/05/2022 16:10:39 PM - INFO - average delay [1606.25]
04/05/2022 16:10:39 PM - INFO - average delay [1607.75]
04/05/2022 16:10:39 PM - INFO - average delay [1611.8]
04/05/2022 16:10:39 PM - INFO - average delay [1600.6]
04/05/2022 16:10:39 PM - INFO - nowTs is [86034], lastTs is [85778]
04/05/2022 16:10:39 PM - INFO - [in this interval] loss-ratio is [0.0]
04/05/2022 16:10:39 PM - INFO - [in this interval] group num is [9]
04/05/2022 16:10:39 PM - INFO - [in this interval] delayDelta from group is [[9, -6, -9, -8, -3, 14, -4, -8]]
04/05/2022 16:10:39 PM - INFO - sample List of accDelay : [[-1985.4297381597523, -1978.186764343777, -1971.4680879093992, -1966.3212791184592, -1959.1891512066134, -1952.070236085952, -1944.863212477357, -1937.176891229621, -1931.759202106659, -1926.783281895993, -1921.0049537063935, -1916.4044583357543, -1911.3640125021789, -1907.427611251961, -1904.784850126765, -1903.2063651140884, -1902.0857286026796, -1899.6771557424117, -1897.9094401681707, -1897.1184961513536]]
04/05/2022 16:10:39 PM - INFO - sample List of time: [[85128, 85172, 85216, 85248, 85310, 85350, 85367, 85390, 85412, 85432, 85453, 85476, 85556, 85585, 85614, 85640, 85662, 85679, 85718, 85739]]
04/05/2022 16:10:39 PM - INFO - update trend: [0.15372987948234293]
04/05/2022 16:10:39 PM - INFO - estimateQueueDelayDuration [36.895171075762306] = queueDelayDelta [0.6149195179293717] * numCount[1000]
04/05/2022 16:10:39 PM - INFO - [in this interval] signal is [Signal.NORMAL]
04/05/2022 16:10:39 PM - INFO - [in this interval] adaptiveThresholdGamma is [62.71479256414123]
04/05/2022 16:10:39 PM - INFO - [in this interval] state is [State.INCREASE]
04/05/2022 16:10:39 PM - INFO - [in this interval] now real rate is [0.5868884381338744]mbps
04/05/2022 16:10:39 PM - INFO - [in this interval] now real rtt is [3602]
04/05/2022 16:10:39 PM - INFO - [in this interval] aimd control rate is [0.5672621454608995] mbps
04/05/2022 16:10:39 PM - INFO - [in this interval] delay-rate is [0.5672621454608995] mbps
04/05/2022 16:10:39 PM - INFO - average delay [1603.1666666666667]
04/05/2022 16:10:39 PM - INFO - average delay [1594.4]
04/05/2022 16:10:39 PM - INFO - average delay [1588.2]
04/05/2022 16:10:39 PM - INFO - average delay [1594.6]
04/05/2022 16:10:39 PM - INFO - nowTs is [86272], lastTs is [86034]
04/05/2022 16:10:39 PM - INFO - [in this interval] loss-ratio is [0.0]
04/05/2022 16:10:39 PM - INFO - [in this interval] group num is [9]
04/05/2022 16:10:39 PM - INFO - [in this interval] delayDelta from group is [[19, -9, -2, 4, 5, 9, -3, -7]]
04/05/2022 16:10:39 PM - INFO - sample List of accDelay : [[-1931.759202106659, -1926.783281895993, -1921.0049537063935, -1916.4044583357543, -1911.3640125021789, -1907.427611251961, -1904.784850126765, -1903.2063651140884, -1902.0857286026796, -1899.6771557424117, -1897.9094401681707, -1897.1184961513536, -1894.506646536218, -1893.0559818825964, -1891.9503836943368, -1890.555345324903, -1888.7998107924127, -1886.3198297131714, -1884.3878467418544, -1883.349062067669]]
04/05/2022 16:10:39 PM - INFO - sample List of time: [[85412, 85432, 85453, 85476, 85556, 85585, 85614, 85640, 85662, 85679, 85718, 85739, 85773, 85807, 85828, 85856, 85900, 85915, 85944, 85971]]
04/05/2022 16:10:39 PM - INFO - update trend: [0.0771069168300054]
04/05/2022 16:10:39 PM - INFO - estimateQueueDelayDuration [18.505660039201295] = queueDelayDelta [0.3084276673200216] * numCount[1000]
04/05/2022 16:10:39 PM - INFO - [in this interval] signal is [Signal.NORMAL]
04/05/2022 16:10:39 PM - INFO - [in this interval] adaptiveThresholdGamma is [61.91902817869231]
04/05/2022 16:10:39 PM - INFO - [in this interval] state is [State.INCREASE]
04/05/2022 16:10:39 PM - INFO - [in this interval] now real rate is [0.5856842105263158]mbps
04/05/2022 16:10:39 PM - INFO - [in this interval] now real rtt is [3608]
04/05/2022 16:10:39 PM - INFO - [in this interval] aimd control rate is [0.571989330006407] mbps
04/05/2022 16:10:39 PM - INFO - [in this interval] delay-rate is [0.571989330006407] mbps
04/05/2022 16:10:39 PM - INFO - average delay [1603.4]
04/05/2022 16:10:39 PM - INFO - average delay [1589.0]
04/05/2022 16:10:39 PM - INFO - average delay [1582.2]
04/05/2022 16:10:39 PM - INFO - average delay [1575.0]
04/05/2022 16:10:39 PM - INFO - nowTs is [86513], lastTs is [86272]
04/05/2022 16:10:39 PM - INFO - [in this interval] loss-ratio is [0.0]
04/05/2022 16:10:39 PM - INFO - [in this interval] group num is [8]
04/05/2022 16:10:39 PM - INFO - [in this interval] delayDelta from group is [[-2, -6, -5, 1, -5, -3, -2]]
04/05/2022 16:10:39 PM - INFO - sample List of accDelay : [[-1903.2063651140884, -1902.0857286026796, -1899.6771557424117, -1897.9094401681707, -1897.1184961513536, -1894.506646536218, -1893.0559818825964, -1891.9503836943368, -1890.555345324903, -1888.7998107924127, -1886.3198297131714, -1884.3878467418544, -1883.349062067669, -1882.614155860902, -1882.5527402748119, -1882.9974662473307, -1883.2977196225977, -1884.067947660338, -1885.061152894304, -1886.1550376048735]]
04/05/2022 16:10:39 PM - INFO - sample List of time: [[85640, 85662, 85679, 85718, 85739, 85773, 85807, 85828, 85856, 85900, 85915, 85944, 85971, 86027, 86055, 86084, 86114, 86145, 86175, 86207]]
04/05/2022 16:10:39 PM - INFO - update trend: [0.03500059357646122]
04/05/2022 16:10:39 PM - INFO - estimateQueueDelayDuration [8.400142458350693] = queueDelayDelta [0.1400023743058449] * numCount[1001]
04/05/2022 16:10:39 PM - INFO - [in this interval] signal is [Signal.NORMAL]
04/05/2022 16:10:39 PM - INFO - [in this interval] adaptiveThresholdGamma is [60.95568823572616]
04/05/2022 16:10:39 PM - INFO - [in this interval] state is [State.INCREASE]
04/05/2022 16:10:39 PM - INFO - [in this interval] now real rate is [0.5529142857142857]mbps
04/05/2022 16:10:39 PM - INFO - [in this interval] now real rtt is [3550]
04/05/2022 16:10:39 PM - INFO - [in this interval] aimd control rate is [0.5767559077564604] mbps
04/05/2022 16:10:39 PM - INFO - [in this interval] delay-rate is [0.5767559077564604] mbps
04/05/2022 16:10:39 PM - INFO - average delay [1569.0]
04/05/2022 16:10:39 PM - INFO - average delay [1563.0]
04/05/2022 16:10:39 PM - INFO - average delay [1564.75]
04/05/2022 16:10:39 PM - INFO - average delay [1576.0]
04/05/2022 16:10:39 PM - INFO - nowTs is [86733], lastTs is [86513]
04/05/2022 16:10:39 PM - INFO - [in this interval] loss-ratio is [0.0]
04/05/2022 16:10:39 PM - INFO - [in this interval] group num is [7]
04/05/2022 16:10:39 PM - INFO - [in this interval] delayDelta from group is [[-3, 2, -8, 20, 0, 13]]
04/05/2022 16:10:39 PM - INFO - sample List of accDelay : [[-1893.0559818825964, -1891.9503836943368, -1890.555345324903, -1888.7998107924127, -1886.3198297131714, -1884.3878467418544, -1883.349062067669, -1882.614155860902, -1882.5527402748119, -1882.9974662473307, -1883.2977196225977, -1884.067947660338, -1885.061152894304, -1886.1550376048735, -1887.439533844386, -1888.3955804599475, -1890.0560224139529, -1889.5504201725576, -1889.095378155302, -1887.3858403397717]]
04/05/2022 16:10:39 PM - INFO - sample List of time: [[85807, 85828, 85856, 85900, 85915, 85944, 85971, 86027, 86055, 86084, 86114, 86145, 86175, 86207, 86271, 86303, 86335, 86347, 86382, 86417]]
04/05/2022 16:10:39 PM - INFO - update trend: [0.0010269752716252933]
04/05/2022 16:10:39 PM - INFO - estimateQueueDelayDuration [0.2464740651900704] = queueDelayDelta [0.004107901086501173] * numCount[1001]
04/05/2022 16:10:39 PM - INFO - [in this interval] signal is [Signal.NORMAL]
04/05/2022 16:10:39 PM - INFO - [in this interval] adaptiveThresholdGamma is [59.86292238065651]
04/05/2022 16:10:39 PM - INFO - [in this interval] state is [State.INCREASE]
04/05/2022 16:10:39 PM - INFO - [in this interval] now real rate is [0.5341349693251534]mbps
04/05/2022 16:10:39 PM - INFO - [in this interval] now real rtt is [3590]
04/05/2022 16:10:39 PM - INFO - [in this interval] aimd control rate is [0.5799601072439963] mbps
04/05/2022 16:10:39 PM - INFO - [in this interval] delay-rate is [0.5799601072439963] mbps
04/05/2022 16:10:39 PM - INFO - average delay [1584.0]
04/05/2022 16:10:39 PM - INFO - average delay [1603.0]
04/05/2022 16:10:39 PM - INFO - average delay [1623.3333333333333]
04/05/2022 16:10:39 PM - INFO - average delay [1657.6666666666667]
04/05/2022 16:10:39 PM - INFO - nowTs is [86996], lastTs is [86733]
04/05/2022 16:10:39 PM - INFO - [in this interval] loss-ratio is [0.25]
04/05/2022 16:10:39 PM - INFO - [in this interval] group num is [7]
04/05/2022 16:10:39 PM - INFO - [in this interval] delayDelta from group is [[18, 63, -1, -5, -6, -17]]
04/05/2022 16:10:39 PM - INFO - sample List of accDelay : [[-1883.349062067669, -1882.614155860902, -1882.5527402748119, -1882.9974662473307, -1883.2977196225977, -1884.067947660338, -1885.061152894304, -1886.1550376048735, -1887.439533844386, -1888.3955804599475, -1890.0560224139529, -1889.5504201725576, -1889.095378155302, -1887.3858403397717, -1884.0472563057945, -1874.742530675215, -1866.4682776076936, -1859.5214498469243, -1853.8693048622317, -1850.4823743760087]]
04/05/2022 16:10:39 PM - INFO - sample List of time: [[85971, 86027, 86055, 86084, 86114, 86145, 86175, 86207, 86271, 86303, 86335, 86347, 86382, 86417, 86511, 86564, 86667, 86681, 86696, 86710]]
04/05/2022 16:10:39 PM - INFO - update trend: [0.03544111025558425]
04/05/2022 16:10:39 PM - INFO - estimateQueueDelayDuration [8.50586646134022] = queueDelayDelta [0.141764441022337] * numCount[1001]
04/05/2022 16:10:39 PM - INFO - [in this interval] signal is [Signal.NORMAL]
04/05/2022 16:10:39 PM - INFO - [in this interval] adaptiveThresholdGamma is [58.93849537410881]
04/05/2022 16:10:39 PM - INFO - [in this interval] state is [State.INCREASE]
04/05/2022 16:10:39 PM - INFO - [in this interval] now real rate is [0.523984]mbps
04/05/2022 16:10:39 PM - INFO - [in this interval] now real rtt is [3726]
04/05/2022 16:10:39 PM - INFO - [in this interval] aimd control rate is [0.5831821078397962] mbps
04/05/2022 16:10:39 PM - INFO - [in this interval] delay-rate is [0.5831821078397962] mbps
04/05/2022 16:10:39 PM - INFO - average delay [1682.4]
04/05/2022 16:10:39 PM - INFO - average delay [1613.5]
04/05/2022 16:10:39 PM - INFO - average delay [1561.4]
04/05/2022 16:10:39 PM - INFO - average delay [1532.8]
04/05/2022 16:10:39 PM - INFO - nowTs is [87233], lastTs is [86996]
04/05/2022 16:10:39 PM - INFO - [in this interval] loss-ratio is [0.17391304347826086]
04/05/2022 16:10:39 PM - INFO - [in this interval] group num is [12]
04/05/2022 16:10:39 PM - INFO - [in this interval] delayDelta from group is [[-21, -15, -21, -14, -15, -10, -7, -1, -19, -6, -13]]
04/05/2022 16:10:39 PM - INFO - sample List of accDelay : [[-1889.5504201725576, -1889.095378155302, -1887.3858403397717, -1884.0472563057945, -1874.742530675215, -1866.4682776076936, -1859.5214498469243, -1853.8693048622317, -1850.4823743760087, -1849.5341369384078, -1850.180723244567, -1852.8626509201104, -1856.6763858280992, -1861.6087472452894, -1867.0478725207604, -1872.6430852686844, -1877.7787767418158, -1884.3008990676342, -1890.7708091608706, -1897.8937282447837]]
04/05/2022 16:10:39 PM - INFO - sample List of time: [[86347, 86382, 86417, 86511, 86564, 86667, 86681, 86696, 86710, 86737, 86751, 86766, 86780, 86801, 86816, 86846, 86869, 86903, 86914, 86948]]
04/05/2022 16:10:39 PM - INFO - update trend: [0.017203975030910014]
04/05/2022 16:10:39 PM - INFO - estimateQueueDelayDuration [4.128954007418403] = queueDelayDelta [0.06881590012364006] * numCount[1000]
04/05/2022 16:10:39 PM - INFO - [in this interval] signal is [Signal.NORMAL]
04/05/2022 16:10:39 PM - INFO - [in this interval] adaptiveThresholdGamma is [57.951923629508386]
04/05/2022 16:10:39 PM - INFO - [in this interval] state is [State.INCREASE]
04/05/2022 16:10:39 PM - INFO - [in this interval] now real rate is [0.619136]mbps
04/05/2022 16:10:39 PM - INFO - [in this interval] now real rtt is [3400]
04/05/2022 16:10:39 PM - INFO - [in this interval] aimd control rate is [0.5864220084389061] mbps
04/05/2022 16:10:39 PM - INFO - [in this interval] delay-rate is [0.5864220084389061] mbps
04/05/2022 16:10:39 PM - INFO - average delay [1512.0]
04/05/2022 16:10:39 PM - INFO - average delay [1505.0]
04/05/2022 16:10:39 PM - INFO - average delay [1485.75]
04/05/2022 16:10:39 PM - INFO - average delay [1489.5]
04/05/2022 16:10:39 PM - INFO - nowTs is [87472], lastTs is [87233]
04/05/2022 16:10:39 PM - INFO - [in this interval] loss-ratio is [0.2857142857142857]
04/05/2022 16:10:39 PM - INFO - [in this interval] group num is [8]
04/05/2022 16:10:39 PM - INFO - [in this interval] delayDelta from group is [[-8, -23, 14, -11, 17, 8, -11]]
04/05/2022 16:10:39 PM - INFO - sample List of accDelay : [[-1853.8693048622317, -1850.4823743760087, -1849.5341369384078, -1850.180723244567, -1852.8626509201104, -1856.6763858280992, -1861.6087472452894, -1867.0478725207604, -1872.6430852686844, -1877.7787767418158, -1884.3008990676342, -1890.7708091608706, -1897.8937282447837, -1905.1043554203054, -1913.8939198782748, -1920.4045278904473, -1927.3640751014027, -1931.9276675912624, -1935.2349008321362, -1939.3114107489225]]
04/05/2022 16:10:39 PM - INFO - sample List of time: [[86696, 86710, 86737, 86751, 86766, 86780, 86801, 86816, 86846, 86869, 86903, 86914, 86948, 86983, 87005, 87017, 87066, 87085, 87142, 87180]]
04/05/2022 16:10:39 PM - INFO - update trend: [-0.21553052225527405]
04/05/2022 16:10:39 PM - INFO - estimateQueueDelayDuration [-51.727325341265775] = queueDelayDelta [-0.8621220890210962] * numCount[1001]
04/05/2022 16:10:39 PM - INFO - [in this interval] signal is [Signal.NORMAL]
04/05/2022 16:10:39 PM - INFO - [in this interval] adaptiveThresholdGamma is [57.839880860320015]
04/05/2022 16:10:39 PM - INFO - [in this interval] state is [State.INCREASE]
04/05/2022 16:10:39 PM - INFO - [in this interval] now real rate is [0.6400163599182004]mbps
04/05/2022 16:10:39 PM - INFO - [in this interval] now real rtt is [3408]
04/05/2022 16:10:39 PM - INFO - [in this interval] aimd control rate is [0.589679908485789] mbps
04/05/2022 16:10:39 PM - INFO - [in this interval] delay-rate is [0.589679908485789] mbps
04/05/2022 16:10:39 PM - INFO - average delay [1506.75]
04/05/2022 16:10:39 PM - INFO - average delay [1531.0]
04/05/2022 16:10:39 PM - INFO - average delay [1547.6666666666667]
04/05/2022 16:10:39 PM - INFO - average delay [1582.0]
04/05/2022 16:10:39 PM - INFO - nowTs is [87691], lastTs is [87472]
04/05/2022 16:10:39 PM - INFO - [in this interval] loss-ratio is [0.1111111111111111]
04/05/2022 16:10:39 PM - INFO - [in this interval] group num is [4]
04/05/2022 16:10:39 PM - INFO - [in this interval] delayDelta from group is [[29, 55, 1]]
04/05/2022 16:10:39 PM - INFO - sample List of accDelay : [[-1850.180723244567, -1852.8626509201104, -1856.6763858280992, -1861.6087472452894, -1867.0478725207604, -1872.6430852686844, -1877.7787767418158, -1884.3008990676342, -1890.7708091608706, -1897.8937282447837, -1905.1043554203054, -1913.8939198782748, -1920.4045278904473, -1927.3640751014027, -1931.9276675912624, -1935.2349008321362, -1939.3114107489225, -1940.0802696740304, -1935.2722427066274, -1930.8450184359647]]
04/05/2022 16:10:39 PM - INFO - sample List of time: [[86751, 86766, 86780, 86801, 86816, 86846, 86869, 86903, 86914, 86948, 86983, 87005, 87017, 87066, 87085, 87142, 87180, 87238, 87297, 87387]]
04/05/2022 16:10:39 PM - INFO - update trend: [-0.16001507766541487]
04/05/2022 16:10:39 PM - INFO - estimateQueueDelayDuration [-38.403618639699566] = queueDelayDelta [-0.6400603106616595] * numCount[1000]
04/05/2022 16:10:39 PM - INFO - [in this interval] signal is [Signal.NORMAL]
04/05/2022 16:10:39 PM - INFO - [in this interval] adaptiveThresholdGamma is [57.49002814034885]
04/05/2022 16:10:39 PM - INFO - [in this interval] state is [State.INCREASE]
04/05/2022 16:10:39 PM - INFO - [in this interval] now real rate is [0.44189858012170385]mbps
04/05/2022 16:10:39 PM - INFO - [in this interval] now real rtt is [3646]
04/05/2022 16:10:39 PM - INFO - [in this interval] aimd control rate is [0.5929559079773767] mbps
04/05/2022 16:10:39 PM - INFO - [in this interval] delay-rate is [0.5929559079773767] mbps
04/05/2022 16:10:39 PM - INFO - average delay [1622.5]
04/05/2022 16:10:39 PM - INFO - average delay [1660.0]
04/05/2022 16:10:39 PM - INFO - average delay [1678.0]
04/05/2022 16:10:39 PM - INFO - nowTs is [87893], lastTs is [87691]
04/05/2022 16:10:39 PM - INFO - [in this interval] loss-ratio is [0.15384615384615385]
04/05/2022 16:10:39 PM - INFO - [in this interval] group num is [5]
04/05/2022 16:10:39 PM - INFO - [in this interval] delayDelta from group is [[17, 4, 4, 0]]
04/05/2022 16:10:39 PM - INFO - sample List of accDelay : [[-1867.0478725207604, -1872.6430852686844, -1877.7787767418158, -1884.3008990676342, -1890.7708091608706, -1897.8937282447837, -1905.1043554203054, -1913.8939198782748, -1920.4045278904473, -1927.3640751014027, -1931.9276675912624, -1935.2349008321362, -1939.3114107489225, -1940.0802696740304, -1935.2722427066274, -1930.8450184359647, -1925.1605165923681, -1919.6444649331313, -1914.2800184398182, -1909.4520165958363]]
04/05/2022 16:10:39 PM - INFO - sample List of time: [[86816, 86846, 86869, 86903, 86914, 86948, 86983, 87005, 87017, 87066, 87085, 87142, 87180, 87238, 87297, 87387, 87465, 87517, 87551, 87585]]
04/05/2022 16:10:39 PM - INFO - update trend: [-0.0557725136279603]
04/05/2022 16:10:39 PM - INFO - estimateQueueDelayDuration [-13.385403270710471] = queueDelayDelta [-0.2230900545118412] * numCount[1000]
04/05/2022 16:10:39 PM - INFO - [in this interval] signal is [Signal.NORMAL]
04/05/2022 16:10:39 PM - INFO - [in this interval] adaptiveThresholdGamma is [56.69614489269536]
04/05/2022 16:10:39 PM - INFO - [in this interval] state is [State.INCREASE]
04/05/2022 16:10:39 PM - INFO - [in this interval] now real rate is [0.39795573440643867]mbps
04/05/2022 16:10:39 PM - INFO - [in this interval] now real rtt is [3780]
04/05/2022 16:10:39 PM - INFO - [in this interval] aimd control rate is [0.5962501074661399] mbps
04/05/2022 16:10:39 PM - INFO - [in this interval] delay-rate is [0.5962501074661399] mbps
04/05/2022 16:10:39 PM - INFO - average delay [1681.5]
04/05/2022 16:10:39 PM - INFO - average delay [1689.3333333333333]
04/05/2022 16:10:39 PM - INFO - average delay [1684.5]
04/05/2022 16:10:39 PM - INFO - average delay [1674.25]
04/05/2022 16:10:39 PM - INFO - nowTs is [88129], lastTs is [87893]
04/05/2022 16:10:39 PM - INFO - [in this interval] loss-ratio is [0.3181818181818182]
04/05/2022 16:10:39 PM - INFO - [in this interval] group num is [8]
04/05/2022 16:10:39 PM - INFO - [in this interval] delayDelta from group is [[-9, -4, 6, -9, -4, 7, 2]]
04/05/2022 16:10:39 PM - INFO - sample List of accDelay : [[-1913.8939198782748, -1920.4045278904473, -1927.3640751014027, -1931.9276675912624, -1935.2349008321362, -1939.3114107489225, -1940.0802696740304, -1935.2722427066274, -1930.8450184359647, -1925.1605165923681, -1919.6444649331313, -1914.2800184398182, -1909.4520165958363, -1906.0068149362528, -1903.3061334426275, -1900.2755200983647, -1898.4479680885283, -1897.2031712796754, -1895.3828541517078, -1893.544568736537]]
04/05/2022 16:10:39 PM - INFO - sample List of time: [[87005, 87017, 87066, 87085, 87142, 87180, 87238, 87297, 87387, 87465, 87517, 87551, 87585, 87637, 87653, 87684, 87730, 87746, 87777, 87824]]
04/05/2022 16:10:39 PM - INFO - update trend: [0.045043750007344716]
04/05/2022 16:10:39 PM - INFO - estimateQueueDelayDuration [10.810500001762732] = queueDelayDelta [0.18017500002937886] * numCount[1001]
04/05/2022 16:10:39 PM - INFO - [in this interval] signal is [Signal.NORMAL]
04/05/2022 16:10:39 PM - INFO - [in this interval] adaptiveThresholdGamma is [55.87020328465857]
04/05/2022 16:10:39 PM - INFO - [in this interval] state is [State.INCREASE]
04/05/2022 16:10:39 PM - INFO - [in this interval] now real rate is [0.4887214428857715]mbps
04/05/2022 16:10:39 PM - INFO - [in this interval] now real rtt is [3782]
04/05/2022 16:10:39 PM - INFO - [in this interval] aimd control rate is [0.5995626080631741] mbps
04/05/2022 16:10:39 PM - INFO - [in this interval] delay-rate is [0.5995626080631741] mbps
04/05/2022 16:10:39 PM - INFO - average delay [1684.5]
04/05/2022 16:10:39 PM - INFO - average delay [1667.25]
04/05/2022 16:10:39 PM - INFO - average delay [1666.5]
04/05/2022 16:10:39 PM - INFO - average delay [1663.5]
04/05/2022 16:10:39 PM - INFO - nowTs is [88356], lastTs is [88129]
04/05/2022 16:10:39 PM - INFO - [in this interval] loss-ratio is [0.35]
04/05/2022 16:10:39 PM - INFO - [in this interval] group num is [7]
04/05/2022 16:10:39 PM - INFO - [in this interval] delayDelta from group is [[-3, 2, -3, -3, 3, 15]]
04/05/2022 16:10:39 PM - INFO - sample List of accDelay : [[-1940.0802696740304, -1935.2722427066274, -1930.8450184359647, -1925.1605165923681, -1919.6444649331313, -1914.2800184398182, -1909.4520165958363, -1906.0068149362528, -1903.3061334426275, -1900.2755200983647, -1898.4479680885283, -1897.2031712796754, -1895.3828541517078, -1893.544568736537, -1892.1901118628834, -1890.771100676595, -1889.7939906089355, -1889.2145915480419, -1888.3931323932377, -1886.153819153914]]
04/05/2022 16:10:39 PM - INFO - sample List of time: [[87238, 87297, 87387, 87465, 87517, 87551, 87585, 87637, 87653, 87684, 87730, 87746, 87777, 87824, 87872, 87904, 87936, 87968, 88000, 88033]]
04/05/2022 16:10:39 PM - INFO - update trend: [0.07069618300506658]
04/05/2022 16:10:39 PM - INFO - estimateQueueDelayDuration [16.96708392121598] = queueDelayDelta [0.2827847320202663] * numCount[1001]
04/05/2022 16:10:39 PM - INFO - [in this interval] signal is [Signal.NORMAL]
04/05/2022 16:10:39 PM - INFO - [in this interval] adaptiveThresholdGamma is [55.169947136116605]
04/05/2022 16:10:39 PM - INFO - [in this interval] state is [State.INCREASE]
04/05/2022 16:10:39 PM - INFO - [in this interval] now real rate is [0.5331084337349398]mbps
04/05/2022 16:10:39 PM - INFO - [in this interval] now real rtt is [3776]
04/05/2022 16:10:39 PM - INFO - [in this interval] aimd control rate is [0.6028935114413029] mbps
04/05/2022 16:10:39 PM - INFO - [in this interval] delay-rate is [0.6028935114413029] mbps
04/05/2022 16:10:39 PM - INFO - average delay [1674.6666666666667]
04/05/2022 16:10:39 PM - INFO - average delay [1712.0]
04/05/2022 16:10:39 PM - INFO - average delay [1732.3333333333333]
04/05/2022 16:10:39 PM - INFO - average delay [1757.5]
04/05/2022 16:10:39 PM - INFO - average delay [1777.0]
04/05/2022 16:10:39 PM - INFO - nowTs is [88655], lastTs is [88356]
04/05/2022 16:10:39 PM - INFO - [in this interval] loss-ratio is [0.4117647058823529]
04/05/2022 16:10:39 PM - INFO - [in this interval] group num is [7]
04/05/2022 16:10:39 PM - INFO - [in this interval] delayDelta from group is [[16, 25, 27, 2, 7, 2]]
04/05/2022 16:10:39 PM - INFO - sample List of accDelay : [[-1909.4520165958363, -1906.0068149362528, -1903.3061334426275, -1900.2755200983647, -1898.4479680885283, -1897.2031712796754, -1895.3828541517078, -1893.544568736537, -1892.1901118628834, -1890.771100676595, -1889.7939906089355, -1889.2145915480419, -1888.3931323932377, -1886.153819153914, -1882.5384372385226, -1876.7845935146704, -1868.9061341632034, -1861.615520746883, -1854.3539686721947, -1847.6185718049753]]
04/05/2022 16:10:39 PM - INFO - sample List of time: [[87585, 87637, 87653, 87684, 87730, 87746, 87777, 87824, 87872, 87904, 87936, 87968, 88000, 88033, 88108, 88159, 88209, 88271, 88308, 88345]]
04/05/2022 16:10:39 PM - INFO - update trend: [0.06860631902341062]
04/05/2022 16:10:39 PM - INFO - estimateQueueDelayDuration [16.46551656561855] = queueDelayDelta [0.2744252760936425] * numCount[1001]
04/05/2022 16:10:39 PM - INFO - [in this interval] signal is [Signal.NORMAL]
04/05/2022 16:10:39 PM - INFO - [in this interval] adaptiveThresholdGamma is [54.47326738584764]
04/05/2022 16:10:39 PM - INFO - [in this interval] state is [State.INCREASE]
04/05/2022 16:10:39 PM - INFO - [in this interval] now real rate is [0.38974898785425105]mbps
04/05/2022 16:10:39 PM - INFO - [in this interval] now real rtt is [3974]
04/05/2022 16:10:39 PM - INFO - [in this interval] aimd control rate is [0.6062429198381989] mbps
04/05/2022 16:10:39 PM - INFO - [in this interval] delay-rate is [0.6062429198381989] mbps
04/05/2022 16:10:39 PM - INFO - average delay [1786.0]
04/05/2022 16:10:39 PM - INFO - average delay [1822.5]
04/05/2022 16:10:39 PM - INFO - average delay [1830.75]
04/05/2022 16:10:39 PM - INFO - average delay [1827.75]
04/05/2022 16:10:39 PM - INFO - nowTs is [88900], lastTs is [88655]
04/05/2022 16:10:39 PM - INFO - [in this interval] loss-ratio is [0.3125]
04/05/2022 16:10:39 PM - INFO - [in this interval] group num is [6]
04/05/2022 16:10:39 PM - INFO - [in this interval] delayDelta from group is [[26, -11, -2, 22, 13]]
04/05/2022 16:10:39 PM - INFO - sample List of accDelay : [[-1897.2031712796754, -1895.3828541517078, -1893.544568736537, -1892.1901118628834, -1890.771100676595, -1889.7939906089355, -1889.2145915480419, -1888.3931323932377, -1886.153819153914, -1882.5384372385226, -1876.7845935146704, -1868.9061341632034, -1861.615520746883, -1854.3539686721947, -1847.6185718049753, -1838.9567146244776, -1832.2610431620299, -1826.4349388458268, -1818.9914449612443, -1810.9923004651198]]
04/05/2022 16:10:39 PM - INFO - sample List of time: [[87746, 87777, 87824, 87872, 87904, 87936, 87968, 88000, 88033, 88108, 88159, 88209, 88271, 88308, 88345, 88419, 88475, 88494, 88532, 88589]]
04/05/2022 16:10:39 PM - INFO - update trend: [0.10240396433036535]
04/05/2022 16:10:39 PM - INFO - estimateQueueDelayDuration [24.576951439287683] = queueDelayDelta [0.4096158573214614] * numCount[1000]
04/05/2022 16:10:39 PM - INFO - [in this interval] signal is [Signal.NORMAL]
04/05/2022 16:10:39 PM - INFO - [in this interval] adaptiveThresholdGamma is [53.935133698809565]
04/05/2022 16:10:39 PM - INFO - [in this interval] state is [State.INCREASE]
04/05/2022 16:10:39 PM - INFO - [in this interval] now real rate is [0.36094117647058827]mbps
04/05/2022 16:10:39 PM - INFO - [in this interval] now real rtt is [4134]
04/05/2022 16:10:39 PM - INFO - [in this interval] aimd control rate is [0.6096109360595222] mbps
04/05/2022 16:10:39 PM - INFO - [in this interval] delay-rate is [0.6096109360595222] mbps
04/05/2022 16:10:39 PM - INFO - average delay [1852.25]
04/05/2022 16:10:39 PM - INFO - average delay [1862.75]
04/05/2022 16:10:39 PM - INFO - average delay [1876.4]
04/05/2022 16:10:39 PM - INFO - average delay [1893.75]
04/05/2022 16:10:39 PM - INFO - nowTs is [89144], lastTs is [88900]
04/05/2022 16:10:39 PM - INFO - [in this interval] loss-ratio is [0.16666666666666666]
04/05/2022 16:10:39 PM - INFO - [in this interval] group num is [8]
04/05/2022 16:10:39 PM - INFO - [in this interval] delayDelta from group is [[9, 15, 0, -6, 4, 13, 11]]
04/05/2022 16:10:39 PM - INFO - sample List of accDelay : [[-1888.3931323932377, -1886.153819153914, -1882.5384372385226, -1876.7845935146704, -1868.9061341632034, -1861.615520746883, -1854.3539686721947, -1847.6185718049753, -1838.9567146244776, -1832.2610431620299, -1826.4349388458268, -1818.9914449612443, -1810.9923004651198, -1802.8930704186077, -1794.103763376747, -1786.1933870390724, -1779.674048335165, -1773.4066435016487, -1766.4659791514837, -1759.1193812363354]]
04/05/2022 16:10:39 PM - INFO - sample List of time: [[88000, 88033, 88108, 88159, 88209, 88271, 88308, 88345, 88419, 88475, 88494, 88532, 88589, 88675, 88719, 88764, 88794, 88813, 88827, 88850]]
04/05/2022 16:10:39 PM - INFO - update trend: [0.15004128506064832]
04/05/2022 16:10:39 PM - INFO - estimateQueueDelayDuration [36.009908414555596] = queueDelayDelta [0.6001651402425933] * numCount[1001]
04/05/2022 16:10:39 PM - INFO - [in this interval] signal is [Signal.NORMAL]
04/05/2022 16:10:39 PM - INFO - [in this interval] adaptiveThresholdGamma is [53.61247964369299]
04/05/2022 16:10:39 PM - INFO - [in this interval] state is [State.INCREASE]
04/05/2022 16:10:39 PM - INFO - [in this interval] now real rate is [0.5086952965235173]mbps
04/05/2022 16:10:39 PM - INFO - [in this interval] now real rtt is [4242]
04/05/2022 16:10:39 PM - INFO - [in this interval] aimd control rate is [0.6129976634820751] mbps
04/05/2022 16:10:39 PM - INFO - [in this interval] delay-rate is [0.6129976634820751] mbps
04/05/2022 16:10:39 PM - INFO - average delay [1905.25]
04/05/2022 16:10:39 PM - INFO - average delay [1924.0]
04/05/2022 16:10:39 PM - INFO - average delay [1930.5]
04/05/2022 16:10:39 PM - INFO - average delay [1962.0]
04/05/2022 16:10:39 PM - INFO - nowTs is [89388], lastTs is [89144]
04/05/2022 16:10:39 PM - INFO - [in this interval] loss-ratio is [0.3684210526315789]
04/05/2022 16:10:39 PM - INFO - [in this interval] group num is [6]
04/05/2022 16:10:39 PM - INFO - [in this interval] delayDelta from group is [[0, 13, 24, 22, 6]]
04/05/2022 16:10:39 PM - INFO - sample List of accDelay : [[-1861.615520746883, -1854.3539686721947, -1847.6185718049753, -1838.9567146244776, -1832.2610431620299, -1826.4349388458268, -1818.9914449612443, -1810.9923004651198, -1802.8930704186077, -1794.103763376747, -1786.1933870390724, -1779.674048335165, -1773.4066435016487, -1766.4659791514837, -1759.1193812363354, -1752.5074431127018, -1745.2566988014316, -1736.3310289212884, -1726.0979260291597, -1716.2881334262438]]
04/05/2022 16:10:39 PM - INFO - sample List of time: [[88271, 88308, 88345, 88419, 88475, 88494, 88532, 88589, 88675, 88719, 88764, 88794, 88813, 88827, 88850, 88890, 88925, 88978, 89032, 89089]]
04/05/2022 16:10:39 PM - INFO - update trend: [0.17770788540962523]
04/05/2022 16:10:39 PM - INFO - estimateQueueDelayDuration [42.64989249831005] = queueDelayDelta [0.7108315416385009] * numCount[1000]
04/05/2022 16:10:39 PM - INFO - [in this interval] signal is [Signal.NORMAL]
04/05/2022 16:10:39 PM - INFO - [in this interval] adaptiveThresholdGamma is [53.4151530750761]
04/05/2022 16:10:39 PM - INFO - [in this interval] state is [State.INCREASE]
04/05/2022 16:10:39 PM - INFO - [in this interval] now real rate is [0.5211803278688525]mbps
04/05/2022 16:10:39 PM - INFO - [in this interval] now real rtt is [4390]
04/05/2022 16:10:39 PM - INFO - [in this interval] aimd control rate is [0.6164032060569755] mbps
04/05/2022 16:10:39 PM - INFO - [in this interval] delay-rate is [0.6164032060569755] mbps
04/05/2022 16:10:39 PM - INFO - average delay [1983.0]
04/05/2022 16:10:39 PM - INFO - average delay [1997.5]
04/05/2022 16:10:39 PM - INFO - average delay [2016.6666666666665]
04/05/2022 16:10:39 PM - INFO - average delay [2032.5]
04/05/2022 16:10:39 PM - INFO - nowTs is [89634], lastTs is [89388]
04/05/2022 16:10:39 PM - INFO - [in this interval] loss-ratio is [0.6521739130434783]
04/05/2022 16:10:39 PM - INFO - [in this interval] group num is [6]
04/05/2022 16:10:39 PM - INFO - [in this interval] delayDelta from group is [[21, -6, 11, 12, -19]]
04/05/2022 16:10:39 PM - INFO - sample List of accDelay : [[-1826.4349388458268, -1818.9914449612443, -1810.9923004651198, -1802.8930704186077, -1794.103763376747, -1786.1933870390724, -1779.674048335165, -1773.4066435016487, -1766.4659791514837, -1759.1193812363354, -1752.5074431127018, -1745.2566988014316, -1736.3310289212884, -1726.0979260291597, -1716.2881334262438, -1705.3593200836194, -1696.1233880752575, -1686.7110492677318, -1677.0399443409588, -1670.235949906863]]
04/05/2022 16:10:39 PM - INFO - sample List of time: [[88494, 88532, 88589, 88675, 88719, 88764, 88794, 88813, 88827, 88850, 88890, 88925, 88978, 89032, 89089, 89172, 89228, 89262, 89293, 89325]]
04/05/2022 16:10:39 PM - INFO - update trend: [0.18979801547875363]
04/05/2022 16:10:39 PM - INFO - estimateQueueDelayDuration [45.551523714900874] = queueDelayDelta [0.7591920619150145] * numCount[1001]
04/05/2022 16:10:39 PM - INFO - [in this interval] signal is [Signal.NORMAL]
04/05/2022 16:10:39 PM - INFO - [in this interval] adaptiveThresholdGamma is [53.273607746592944]
04/05/2022 16:10:39 PM - INFO - [in this interval] state is [State.INCREASE]
04/05/2022 16:10:39 PM - INFO - [in this interval] now real rate is [0.3714612244897959]mbps
04/05/2022 16:10:39 PM - INFO - [in this interval] now real rtt is [4462]
04/05/2022 16:10:39 PM - INFO - [in this interval] aimd control rate is [0.6198276683128476] mbps
04/05/2022 16:10:39 PM - INFO - [in this interval] delay-rate is [0.6198276683128476] mbps
04/05/2022 16:10:39 PM - INFO - average delay [2040.5]
04/05/2022 16:10:39 PM - INFO - average delay [2060.0]
04/05/2022 16:10:39 PM - INFO - average delay [2056.3333333333335]
04/05/2022 16:10:39 PM - INFO - average delay [2018.0]
04/05/2022 16:10:39 PM - INFO - nowTs is [89872], lastTs is [89634]
04/05/2022 16:10:39 PM - INFO - [in this interval] loss-ratio is [0.38095238095238093]
04/05/2022 16:10:39 PM - INFO - [in this interval] group num is [10]
04/05/2022 16:10:39 PM - INFO - [in this interval] delayDelta from group is [[2, 2, -21, -16, -12, -7, -11, 4, -2]]
04/05/2022 16:10:39 PM - INFO - sample List of accDelay : [[-1759.1193812363354, -1752.5074431127018, -1745.2566988014316, -1736.3310289212884, -1726.0979260291597, -1716.2881334262438, -1705.3593200836194, -1696.1233880752575, -1686.7110492677318, -1677.0399443409588, -1670.235949906863, -1663.9123549161768, -1658.0211194245592, -1654.8190074821032, -1653.5371067338929, -1653.5833960605037, -1654.3250564544533, -1656.0925508090081, -1657.2832957281073, -1658.5549661552966]]
04/05/2022 16:10:39 PM - INFO - sample List of time: [[88850, 88890, 88925, 88978, 89032, 89089, 89172, 89228, 89262, 89293, 89325, 89395, 89427, 89459, 89473, 89487, 89515, 89543, 89557, 89571]]
04/05/2022 16:10:39 PM - INFO - update trend: [0.15336890243343618]
04/05/2022 16:10:39 PM - INFO - estimateQueueDelayDuration [36.80853658402468] = queueDelayDelta [0.6134756097337447] * numCount[1000]
04/05/2022 16:10:39 PM - INFO - [in this interval] signal is [Signal.NORMAL]
04/05/2022 16:10:39 PM - INFO - [in this interval] adaptiveThresholdGamma is [52.977236465666714]
04/05/2022 16:10:39 PM - INFO - [in this interval] state is [State.INCREASE]
04/05/2022 16:10:39 PM - INFO - [in this interval] now real rate is [0.374297520661157]mbps
04/05/2022 16:10:39 PM - INFO - [in this interval] now real rtt is [4398]
04/05/2022 16:10:39 PM - INFO - [in this interval] aimd control rate is [0.6232711553590301] mbps
04/05/2022 16:10:39 PM - INFO - [in this interval] delay-rate is [0.6232711553590301] mbps
04/05/2022 16:10:39 PM - INFO - average delay [1999.0]
04/05/2022 16:10:39 PM - INFO - average delay [1986.0]
04/05/2022 16:10:39 PM - INFO - average delay [1981.5]
04/05/2022 16:10:39 PM - INFO - average delay [1984.25]
04/05/2022 16:10:39 PM - INFO - nowTs is [90110], lastTs is [89872]
04/05/2022 16:10:39 PM - INFO - [in this interval] loss-ratio is [0.0]
04/05/2022 16:10:39 PM - INFO - [in this interval] group num is [7]
04/05/2022 16:10:39 PM - INFO - [in this interval] delayDelta from group is [[0, -3, -2, 4, 15, -3]]
04/05/2022 16:10:39 PM - INFO - sample List of accDelay : [[-1705.3593200836194, -1696.1233880752575, -1686.7110492677318, -1677.0399443409588, -1670.235949906863, -1663.9123549161768, -1658.0211194245592, -1654.8190074821032, -1653.5371067338929, -1653.5833960605037, -1654.3250564544533, -1656.0925508090081, -1657.2832957281073, -1658.5549661552966, -1659.699469539767, -1661.0295225857903, -1662.4265703272113, -1663.28391329449, -1662.555521965041, -1662.199969768537]]
04/05/2022 16:10:39 PM - INFO - sample List of time: [[89172, 89228, 89262, 89293, 89325, 89395, 89427, 89459, 89473, 89487, 89515, 89543, 89557, 89571, 89626, 89656, 89688, 89721, 89755, 89805]]
04/05/2022 16:10:39 PM - INFO - update trend: [0.05424505848911782]
04/05/2022 16:10:39 PM - INFO - estimateQueueDelayDuration [13.018814037388276] = queueDelayDelta [0.21698023395647129] * numCount[1000]
04/05/2022 16:10:39 PM - INFO - [in this interval] signal is [Signal.NORMAL]
04/05/2022 16:10:39 PM - INFO - [in this interval] adaptiveThresholdGamma is [52.2579848619577]
04/05/2022 16:10:39 PM - INFO - [in this interval] state is [State.INCREASE]
04/05/2022 16:10:39 PM - INFO - [in this interval] now real rate is [0.4890756302521008]mbps
04/05/2022 16:10:39 PM - INFO - [in this interval] now real rtt is [4404]
04/05/2022 16:10:39 PM - INFO - [in this interval] aimd control rate is [0.6267337728888025] mbps
04/05/2022 16:10:39 PM - INFO - [in this interval] delay-rate is [0.6267337728888025] mbps
04/05/2022 16:10:39 PM - INFO - average delay [1998.0]
04/05/2022 16:10:39 PM - INFO - average delay [2001.0]
04/05/2022 16:10:39 PM - INFO - average delay [1987.8000000000002]
04/05/2022 16:10:39 PM - INFO - average delay [1971.6]
04/05/2022 16:10:39 PM - INFO - nowTs is [90348], lastTs is [90110]
04/05/2022 16:10:39 PM - INFO - [in this interval] loss-ratio is [0.25]
04/05/2022 16:10:39 PM - INFO - [in this interval] group num is [12]
04/05/2022 16:10:39 PM - INFO - [in this interval] delayDelta from group is [[4, -11, 2, -8, 3, -8, -7, -5, -13, -8, -9]]
04/05/2022 16:10:39 PM - INFO - sample List of accDelay : [[-1656.0925508090081, -1657.2832957281073, -1658.5549661552966, -1659.699469539767, -1661.0295225857903, -1662.4265703272113, -1663.28391329449, -1662.555521965041, -1662.199969768537, -1661.4799727916832, -1661.9319755125148, -1662.1387779612633, -1663.124900165137, -1663.7124101486231, -1665.0411691337608, -1666.9370522203847, -1669.143346998346, -1672.4290122985115, -1676.1861110686602, -1680.4674999617941]]
04/05/2022 16:10:39 PM - INFO - sample List of time: [[89543, 89557, 89571, 89626, 89656, 89688, 89721, 89755, 89805, 89850, 89874, 89898, 89910, 89922, 89935, 89947, 89985, 90010, 90022, 90054]]
04/05/2022 16:10:39 PM - INFO - update trend: [-0.030492510151056803]
04/05/2022 16:10:39 PM - INFO - estimateQueueDelayDuration [-7.318202436253633] = queueDelayDelta [-0.12197004060422721] * numCount[1001]
04/05/2022 16:10:39 PM - INFO - [in this interval] signal is [Signal.NORMAL]
04/05/2022 16:10:39 PM - INFO - [in this interval] adaptiveThresholdGamma is [51.44906877829503]
04/05/2022 16:10:39 PM - INFO - [in this interval] state is [State.INCREASE]
04/05/2022 16:10:39 PM - INFO - [in this interval] now real rate is [0.5725387755102042]mbps
04/05/2022 16:10:39 PM - INFO - [in this interval] now real rtt is [4290]
04/05/2022 16:10:39 PM - INFO - [in this interval] aimd control rate is [0.6302156271826292] mbps
04/05/2022 16:10:39 PM - INFO - [in this interval] delay-rate is [0.6302156271826292] mbps
04/05/2022 16:10:39 PM - INFO - average delay [1950.25]
04/05/2022 16:10:39 PM - INFO - average delay [1965.0]
04/05/2022 16:10:39 PM - INFO - average delay [1949.0]
04/05/2022 16:10:39 PM - INFO - average delay [1901.5]
04/05/2022 16:10:39 PM - INFO - nowTs is [90596], lastTs is [90348]
04/05/2022 16:10:39 PM - INFO - [in this interval] loss-ratio is [0.53125]
04/05/2022 16:10:39 PM - INFO - [in this interval] group num is [14]
04/05/2022 16:10:39 PM - INFO - [in this interval] delayDelta from group is [[9, -6, -6, -9, -9, -18, 8, -42, -22, -10, -18, -22, -23]]
04/05/2022 16:10:39 PM - INFO - sample List of accDelay : [[-1663.7124101486231, -1665.0411691337608, -1666.9370522203847, -1669.143346998346, -1672.4290122985115, -1676.1861110686602, -1680.4674999617941, -1683.4207499656147, -1686.6786749690532, -1690.210807472148, -1694.2897267249332, -1698.86075405244, -1704.774678647196, -1709.2972107824764, -1717.5674897042288, -1727.2107407338058, -1736.889666660425, -1747.4006999943826, -1759.0606299949443, -1771.8545669954499]]
04/05/2022 16:10:39 PM - INFO - sample List of time: [[89922, 89935, 89947, 89985, 90010, 90022, 90054, 90096, 90115, 90134, 90153, 90174, 90195, 90217, 90235, 90248, 90261, 90286, 90298, 90311]]
04/05/2022 16:10:39 PM - INFO - update trend: [-0.23856429103541915]
04/05/2022 16:10:39 PM - INFO - estimateQueueDelayDuration [-57.2554298485006] = queueDelayDelta [-0.9542571641416766] * numCount[1000]
04/05/2022 16:10:39 PM - INFO - [in this interval] signal is [Signal.UNDER_USE]
04/05/2022 16:10:39 PM - INFO - [in this interval] adaptiveThresholdGamma is [57.2554298485006]
04/05/2022 16:10:39 PM - INFO - [in this interval] state is [State.HOLD]
04/05/2022 16:10:39 PM - INFO - [in this interval] now real rate is [0.5597530864197532]mbps
04/05/2022 16:10:39 PM - INFO - [in this interval] now real rtt is [3986]
04/05/2022 16:10:39 PM - INFO - [in this interval] aimd control rate is [0.6302156271826292] mbps
04/05/2022 16:10:39 PM - INFO - [in this interval] delay-rate is [0.6302156271826292] mbps
04/05/2022 16:10:39 PM - INFO - average delay [1829.2]
04/05/2022 16:10:39 PM - INFO - average delay [1794.0]
04/05/2022 16:10:39 PM - INFO - average delay [1775.4]
04/05/2022 16:10:39 PM - INFO - average delay [1777.0]
04/05/2022 16:10:39 PM - INFO - nowTs is [90823], lastTs is [90596]
04/05/2022 16:10:39 PM - INFO - [in this interval] loss-ratio is [0.34782608695652173]
04/05/2022 16:10:39 PM - INFO - [in this interval] group num is [8]
04/05/2022 16:10:39 PM - INFO - [in this interval] delayDelta from group is [[-6, -10, -10, 2, 5, 9, -1]]
04/05/2022 16:10:39 PM - INFO - sample List of accDelay : [[-1683.4207499656147, -1686.6786749690532, -1690.210807472148, -1694.2897267249332, -1698.86075405244, -1704.774678647196, -1709.2972107824764, -1717.5674897042288, -1727.2107407338058, -1736.889666660425, -1747.4006999943826, -1759.0606299949443, -1771.8545669954499, -1783.9691102959048, -1795.8721992663143, -1807.5849793396828, -1817.9264814057144, -1826.733833265143, -1833.7604499386287, -1840.1844049447657]]
04/05/2022 16:10:39 PM - INFO - sample List of time: [[90096, 90115, 90134, 90153, 90174, 90195, 90217, 90235, 90248, 90261, 90286, 90298, 90311, 90336, 90350, 90380, 90410, 90452, 90482, 90531]]
04/05/2022 16:10:39 PM - INFO - update trend: [-0.42866221666234844]
04/05/2022 16:10:39 PM - INFO - estimateQueueDelayDuration [-102.87893199896362] = queueDelayDelta [-1.7146488666493938] * numCount[1001]
04/05/2022 16:10:39 PM - INFO - [in this interval] signal is [Signal.UNDER_USE]
04/05/2022 16:10:39 PM - INFO - [in this interval] adaptiveThresholdGamma is [57.2554298485006]
04/05/2022 16:10:39 PM - INFO - [in this interval] state is [State.HOLD]
04/05/2022 16:10:39 PM - INFO - [in this interval] now real rate is [0.5164354838709677]mbps
04/05/2022 16:10:39 PM - INFO - [in this interval] now real rtt is [3990]
04/05/2022 16:10:39 PM - INFO - [in this interval] aimd control rate is [0.6302156271826292] mbps
04/05/2022 16:10:39 PM - INFO - [in this interval] delay-rate is [0.6302156271826292] mbps
04/05/2022 16:10:39 PM - INFO - average delay [1785.0]
04/05/2022 16:10:39 PM - INFO - average delay [1805.25]
04/05/2022 16:10:39 PM - INFO - average delay [1795.25]
04/05/2022 16:10:39 PM - INFO - average delay [1799.6]
04/05/2022 16:10:39 PM - INFO - nowTs is [91065], lastTs is [90823]
04/05/2022 16:10:39 PM - INFO - [in this interval] loss-ratio is [0.15789473684210525]
04/05/2022 16:10:39 PM - INFO - [in this interval] group num is [10]
04/05/2022 16:10:39 PM - INFO - [in this interval] delayDelta from group is [[8, -9, -6, -2, -7, 19, -7, -2, -6]]
04/05/2022 16:10:39 PM - INFO - sample List of accDelay : [[-1736.889666660425, -1747.4006999943826, -1759.0606299949443, -1771.8545669954499, -1783.9691102959048, -1795.8721992663143, -1807.5849793396828, -1817.9264814057144, -1826.733833265143, -1833.7604499386287, -1840.1844049447657, -1845.165964450289, -1850.54936800526, -1855.9944312047342, -1861.0949880842609, -1866.3854892758347, -1869.2469403482512, -1872.5222463134262, -1875.6700216820834, -1879.103019513875]]
04/05/2022 16:10:39 PM - INFO - sample List of time: [[90261, 90286, 90298, 90311, 90336, 90350, 90380, 90410, 90452, 90482, 90531, 90569, 90587, 90603, 90632, 90660, 90678, 90707, 90735, 90763]]
04/05/2022 16:10:39 PM - INFO - update trend: [-0.26382975676849374]
04/05/2022 16:10:39 PM - INFO - estimateQueueDelayDuration [-63.3191416244385] = queueDelayDelta [-1.055319027073975] * numCount[1000]
04/05/2022 16:10:39 PM - INFO - [in this interval] signal is [Signal.UNDER_USE]
04/05/2022 16:10:39 PM - INFO - [in this interval] adaptiveThresholdGamma is [63.3191416244385]
04/05/2022 16:10:39 PM - INFO - [in this interval] state is [State.HOLD]
04/05/2022 16:10:39 PM - INFO - [in this interval] now real rate is [0.5294574898785426]mbps
04/05/2022 16:10:39 PM - INFO - [in this interval] now real rtt is [3994]
04/05/2022 16:10:39 PM - INFO - [in this interval] aimd control rate is [0.6302156271826292] mbps
04/05/2022 16:10:39 PM - INFO - [in this interval] delay-rate is [0.6302156271826292] mbps
04/05/2022 16:10:39 PM - INFO - average delay [1795.4]
04/05/2022 16:10:39 PM - INFO - average delay [1785.25]
04/05/2022 16:10:39 PM - INFO - average delay [1796.0]
04/05/2022 16:10:39 PM - INFO - average delay [1794.25]
04/05/2022 16:10:39 PM - INFO - nowTs is [91303], lastTs is [91065]
04/05/2022 16:10:39 PM - INFO - [in this interval] loss-ratio is [0.375]
04/05/2022 16:10:39 PM - INFO - [in this interval] group num is [10]
04/05/2022 16:10:39 PM - INFO - [in this interval] delayDelta from group is [[1, 8, 4, -4, 2, -18, -30, -16, -4]]
04/05/2022 16:10:39 PM - INFO - sample List of accDelay : [[-1833.7604499386287, -1840.1844049447657, -1845.165964450289, -1850.54936800526, -1855.9944312047342, -1861.0949880842609, -1866.3854892758347, -1869.2469403482512, -1872.5222463134262, -1875.6700216820834, -1879.103019513875, -1882.0927175624875, -1883.9834458062387, -1885.2851012256149, -1886.8565911030532, -1888.0709319927478, -1890.963838793473, -1896.5674549141258, -1903.2107094227133, -1909.589638480442]]
04/05/2022 16:10:39 PM - INFO - sample List of time: [[90482, 90531, 90569, 90587, 90603, 90632, 90660, 90678, 90707, 90735, 90763, 90822, 90853, 90871, 90900, 90936, 90953, 90970, 90985, 90999]]
04/05/2022 16:10:39 PM - INFO - update trend: [-0.12311112416739384]
04/05/2022 16:10:39 PM - INFO - estimateQueueDelayDuration [-29.54666980017452] = queueDelayDelta [-0.49244449666957535] * numCount[1001]
04/05/2022 16:10:39 PM - INFO - [in this interval] signal is [Signal.NORMAL]
04/05/2022 16:10:39 PM - INFO - [in this interval] adaptiveThresholdGamma is [62.71123713160175]
04/05/2022 16:10:39 PM - INFO - [in this interval] state is [State.INCREASE]
04/05/2022 16:10:39 PM - INFO - [in this interval] now real rate is [0.5111182364729459]mbps
04/05/2022 16:10:39 PM - INFO - [in this interval] now real rtt is [3870]
04/05/2022 16:10:39 PM - INFO - [in this interval] aimd control rate is [0.6337168251114216] mbps
04/05/2022 16:10:39 PM - INFO - [in this interval] delay-rate is [0.6337168251114216] mbps
04/05/2022 16:10:39 PM - INFO - average delay [1737.25]
04/05/2022 16:10:39 PM - INFO - average delay [1714.5]
04/05/2022 16:10:39 PM - INFO - average delay [1709.6666666666667]
04/05/2022 16:10:39 PM - INFO - average delay [1699.6666666666667]
04/05/2022 16:10:39 PM - INFO - nowTs is [91548], lastTs is [91303]
04/05/2022 16:10:39 PM - INFO - [in this interval] loss-ratio is [0.5384615384615384]
04/05/2022 16:10:39 PM - INFO - [in this interval] group num is [10]
04/05/2022 16:10:39 PM - INFO - [in this interval] delayDelta from group is [[-27, 18, -10, -6, -11, 12, 4, -11, -17]]
04/05/2022 16:10:39 PM - INFO - sample List of accDelay : [[-1875.6700216820834, -1879.103019513875, -1882.0927175624875, -1883.9834458062387, -1885.2851012256149, -1886.8565911030532, -1888.0709319927478, -1890.963838793473, -1896.5674549141258, -1903.2107094227133, -1909.589638480442, -1918.0306746323977, -1923.8276071691578, -1930.044846452242, -1936.2403618070177, -1942.916325626316, -1947.7246930636843, -1951.652223757316, -1956.2870013815843, -1962.158301243426]]
04/05/2022 16:10:39 PM - INFO - sample List of time: [[90735, 90763, 90822, 90853, 90871, 90900, 90936, 90953, 90970, 90985, 90999, 91058, 91086, 91114, 91139, 91163, 91187, 91214, 91238, 91257]]
04/05/2022 16:10:39 PM - INFO - update trend: [-0.17823331244654791]
04/05/2022 16:10:39 PM - INFO - estimateQueueDelayDuration [-42.7759949871715] = queueDelayDelta [-0.7129332497861917] * numCount[1000]
04/05/2022 16:10:39 PM - INFO - [in this interval] signal is [Signal.NORMAL]
04/05/2022 16:10:39 PM - INFO - [in this interval] adaptiveThresholdGamma is [62.352402773002005]
04/05/2022 16:10:39 PM - INFO - [in this interval] state is [State.INCREASE]
04/05/2022 16:10:39 PM - INFO - [in this interval] now real rate is [0.46045875251509055]mbps
04/05/2022 16:10:39 PM - INFO - [in this interval] now real rtt is [3760]
04/05/2022 16:10:39 PM - INFO - [in this interval] aimd control rate is [0.6372374741398183] mbps
04/05/2022 16:10:39 PM - INFO - [in this interval] delay-rate is [0.6372374741398183] mbps
04/05/2022 16:10:39 PM - INFO - average delay [1688.8]
04/05/2022 16:10:39 PM - INFO - average delay [1676.3333333333333]
04/05/2022 16:10:39 PM - INFO - average delay [1650.7142857142858]
04/05/2022 16:10:39 PM - INFO - average delay [1612.0]
04/05/2022 16:10:39 PM - INFO - nowTs is [91782], lastTs is [91548]
04/05/2022 16:10:39 PM - INFO - [in this interval] loss-ratio is [0.25925925925925924]
04/05/2022 16:10:39 PM - INFO - [in this interval] group num is [12]
04/05/2022 16:10:39 PM - INFO - [in this interval] delayDelta from group is [[-4, -16, -12, -10, 0, -5, -11, -17, 4, 9, -15]]
04/05/2022 16:10:39 PM - INFO - sample List of accDelay : [[-1918.0306746323977, -1923.8276071691578, -1930.044846452242, -1936.2403618070177, -1942.916325626316, -1947.7246930636843, -1951.652223757316, -1956.2870013815843, -1962.158301243426, -1967.8424711190833, -1974.5582240071749, -1981.8024016064576, -1989.3221614458118, -1996.0899453012307, -2002.6809507711077, -2009.712855693997, -2017.7415701245973, -2024.5674131121375, -2029.8106718009237, -2036.0296046208314]]
04/05/2022 16:10:39 PM - INFO - sample List of time: [[91058, 91086, 91114, 91139, 91163, 91187, 91214, 91238, 91257, 91296, 91307, 91336, 91354, 91364, 91374, 91384, 91393, 91411, 91450, 91489]]
04/05/2022 16:10:39 PM - INFO - update trend: [-0.28829959503749575]
04/05/2022 16:10:39 PM - INFO - estimateQueueDelayDuration [-69.19190280899898] = queueDelayDelta [-1.153198380149983] * numCount[1001]
04/05/2022 16:10:39 PM - INFO - [in this interval] signal is [Signal.UNDER_USE]
04/05/2022 16:10:39 PM - INFO - [in this interval] adaptiveThresholdGamma is [69.19190280899898]
04/05/2022 16:10:39 PM - INFO - [in this interval] state is [State.HOLD]
04/05/2022 16:10:39 PM - INFO - [in this interval] now real rate is [0.5390607287449393]mbps
04/05/2022 16:10:39 PM - INFO - [in this interval] now real rtt is [3628]
04/05/2022 16:10:39 PM - INFO - [in this interval] aimd control rate is [0.6372374741398183] mbps
04/05/2022 16:10:39 PM - INFO - [in this interval] delay-rate is [0.6372374741398183] mbps
04/05/2022 16:10:39 PM - INFO - average delay [1618.25]
04/05/2022 16:10:39 PM - INFO - average delay [1631.0]
04/05/2022 16:10:39 PM - INFO - average delay [1638.0]
04/05/2022 16:10:39 PM - INFO - average delay [1644.75]
04/05/2022 16:10:39 PM - INFO - nowTs is [92026], lastTs is [91782]
04/05/2022 16:10:39 PM - INFO - [in this interval] loss-ratio is [0.0]
04/05/2022 16:10:39 PM - INFO - [in this interval] group num is [7]
04/05/2022 16:10:39 PM - INFO - [in this interval] delayDelta from group is [[7, 9, 3, 0, 5, 1]]
04/05/2022 16:10:39 PM - INFO - sample List of accDelay : [[-1951.652223757316, -1956.2870013815843, -1962.158301243426, -1967.8424711190833, -1974.5582240071749, -1981.8024016064576, -1989.3221614458118, -1996.0899453012307, -2002.6809507711077, -2009.712855693997, -2017.7415701245973, -2024.5674131121375, -2029.8106718009237, -2036.0296046208314, -2040.9266441587483, -2044.4339797428734, -2047.290581768586, -2049.8615235917273, -2051.6753712325544, -2053.207834109299]]
04/05/2022 16:10:39 PM - INFO - sample List of time: [[91214, 91238, 91257, 91296, 91307, 91336, 91354, 91364, 91374, 91384, 91393, 91411, 91450, 91489, 91528, 91570, 91609, 91647, 91682, 91717]]
04/05/2022 16:10:39 PM - INFO - update trend: [-0.21884643437066484]
04/05/2022 16:10:39 PM - INFO - estimateQueueDelayDuration [-52.52314424895956] = queueDelayDelta [-0.8753857374826594] * numCount[1001]
04/05/2022 16:10:39 PM - INFO - [in this interval] signal is [Signal.NORMAL]
04/05/2022 16:10:39 PM - INFO - [in this interval] adaptiveThresholdGamma is [68.89186515491826]
04/05/2022 16:10:39 PM - INFO - [in this interval] state is [State.INCREASE]
04/05/2022 16:10:39 PM - INFO - [in this interval] now real rate is [0.5646612903225806]mbps
04/05/2022 16:10:39 PM - INFO - [in this interval] now real rtt is [3716]
04/05/2022 16:10:39 PM - INFO - [in this interval] aimd control rate is [0.6407776823294841] mbps
04/05/2022 16:10:39 PM - INFO - [in this interval] delay-rate is [0.6407776823294841] mbps
04/05/2022 16:10:39 PM - INFO - average delay [1648.75]
04/05/2022 16:10:39 PM - INFO - average delay [1652.25]
04/05/2022 16:10:39 PM - INFO - average delay [1665.5]
04/05/2022 16:10:39 PM - INFO - average delay [1681.0]
04/05/2022 16:10:39 PM - INFO - nowTs is [92262], lastTs is [92026]
04/05/2022 16:10:39 PM - INFO - [in this interval] loss-ratio is [0.11764705882352941]
04/05/2022 16:10:39 PM - INFO - [in this interval] group num is [8]
04/05/2022 16:10:39 PM - INFO - [in this interval] delayDelta from group is [[6, -7, 30, 0, -6, 5, 3]]
04/05/2022 16:10:39 PM - INFO - sample List of accDelay : [[-1996.0899453012307, -2002.6809507711077, -2009.712855693997, -2017.7415701245973, -2024.5674131121375, -2029.8106718009237, -2036.0296046208314, -2040.9266441587483, -2044.4339797428734, -2047.290581768586, -2049.8615235917273, -2051.6753712325544, -2053.207834109299, -2053.987050698369, -2055.388345628532, -2053.649511065679, -2052.084559959111, -2051.2761039632, -2050.04849356688, -2048.643644210192]]
04/05/2022 16:10:39 PM - INFO - sample List of time: [[91364, 91374, 91384, 91393, 91411, 91450, 91489, 91528, 91570, 91609, 91647, 91682, 91717, 91788, 91824, 91842, 91887, 91917, 91931, 91946]]
04/05/2022 16:10:39 PM - INFO - update trend: [-0.07476460727198114]
04/05/2022 16:10:39 PM - INFO - estimateQueueDelayDuration [-17.943505745275473] = queueDelayDelta [-0.29905842908792457] * numCount[1000]
04/05/2022 16:10:39 PM - INFO - [in this interval] signal is [Signal.NORMAL]
04/05/2022 16:10:39 PM - INFO - [in this interval] adaptiveThresholdGamma is [67.9747946855447]
04/05/2022 16:10:39 PM - INFO - [in this interval] state is [State.INCREASE]
04/05/2022 16:10:39 PM - INFO - [in this interval] now real rate is [0.47984]mbps
04/05/2022 16:10:39 PM - INFO - [in this interval] now real rtt is [3778]
04/05/2022 16:10:39 PM - INFO - [in this interval] aimd control rate is [0.6443375583424256] mbps
04/05/2022 16:10:39 PM - INFO - [in this interval] delay-rate is [0.6443375583424256] mbps
04/05/2022 16:10:39 PM - INFO - average delay [1680.2]
04/05/2022 16:10:39 PM - INFO - average delay [1680.3333333333333]
04/05/2022 16:10:39 PM - INFO - average delay [1712.5]
04/05/2022 16:10:39 PM - INFO - average delay [1749.0]
04/05/2022 16:10:39 PM - INFO - nowTs is [92499], lastTs is [92262]
04/05/2022 16:10:39 PM - INFO - [in this interval] loss-ratio is [0.18181818181818182]
04/05/2022 16:10:39 PM - INFO - [in this interval] group num is [5]
04/05/2022 16:10:39 PM - INFO - [in this interval] delayDelta from group is [[16, 15, 45, 31]]
04/05/2022 16:10:39 PM - INFO - sample List of accDelay : [[-2024.5674131121375, -2029.8106718009237, -2036.0296046208314, -2040.9266441587483, -2044.4339797428734, -2047.290581768586, -2049.8615235917273, -2051.6753712325544, -2053.207834109299, -2053.987050698369, -2055.388345628532, -2053.649511065679, -2052.084559959111, -2051.2761039632, -2050.04849356688, -2048.643644210192, -2045.779279789173, -2041.7013518102558, -2033.5312166292304, -2023.0780949663072]]
04/05/2022 16:10:39 PM - INFO - sample List of time: [[91411, 91450, 91489, 91528, 91570, 91609, 91647, 91682, 91717, 91788, 91824, 91842, 91887, 91917, 91931, 91946, 92019, 92065, 92095, 92160]]
04/05/2022 16:10:39 PM - INFO - update trend: [-0.005626857313185182]
04/05/2022 16:10:39 PM - INFO - estimateQueueDelayDuration [-1.3504457551644435] = queueDelayDelta [-0.022507429252740727] * numCount[1000]
04/05/2022 16:10:39 PM - INFO - [in this interval] signal is [Signal.NORMAL]
04/05/2022 16:10:39 PM - INFO - [in this interval] adaptiveThresholdGamma is [66.77555640479785]
04/05/2022 16:10:39 PM - INFO - [in this interval] state is [State.INCREASE]
04/05/2022 16:10:39 PM - INFO - [in this interval] now real rate is [0.4353238289205703]mbps
04/05/2022 16:10:39 PM - INFO - [in this interval] now real rtt is [3992]
04/05/2022 16:10:39 PM - INFO - [in this interval] aimd control rate is [0.647917211444328] mbps
04/05/2022 16:10:39 PM - INFO - [in this interval] delay-rate is [0.647917211444328] mbps
04/05/2022 16:10:39 PM - INFO - average delay [1779.5]
04/05/2022 16:10:39 PM - INFO - average delay [1808.75]
04/05/2022 16:10:39 PM - INFO - average delay [1788.4]
04/05/2022 16:10:39 PM - INFO - average delay [1747.4]
04/05/2022 16:10:39 PM - INFO - nowTs is [92739], lastTs is [92499]
04/05/2022 16:10:39 PM - INFO - [in this interval] loss-ratio is [0.39285714285714285]
04/05/2022 16:10:39 PM - INFO - [in this interval] group num is [12]
04/05/2022 16:10:39 PM - INFO - [in this interval] delayDelta from group is [[7, -19, -3, -19, 11, -15, -20, -15, 7, 1, -10]]
04/05/2022 16:10:39 PM - INFO - sample List of accDelay : [[-2053.649511065679, -2052.084559959111, -2051.2761039632, -2050.04849356688, -2048.643644210192, -2045.779279789173, -2041.7013518102558, -2033.5312166292304, -2023.0780949663072, -2012.9702854696766, -2005.773256922709, -1999.5959312304378, -1995.936338107394, -1991.5427042966546, -1989.0884338669891, -1988.8795904802903, -1990.1916314322614, -1990.6724682890354, -1991.0052214601317, -1992.3046993141184]]
04/05/2022 16:10:39 PM - INFO - sample List of time: [[91842, 91887, 91917, 91931, 91946, 92019, 92065, 92095, 92160, 92271, 92293, 92304, 92316, 92327, 92353, 92368, 92383, 92398, 92430, 92446]]
04/05/2022 16:10:39 PM - INFO - update trend: [0.1271490012722654]
04/05/2022 16:10:39 PM - INFO - estimateQueueDelayDuration [30.515760305343694] = queueDelayDelta [0.5085960050890616] * numCount[1001]
04/05/2022 16:10:39 PM - INFO - [in this interval] signal is [Signal.NORMAL]
04/05/2022 16:10:39 PM - INFO - [in this interval] adaptiveThresholdGamma is [66.12288007500769]
04/05/2022 16:10:39 PM - INFO - [in this interval] state is [State.INCREASE]
04/05/2022 16:10:39 PM - INFO - [in this interval] now real rate is [0.48387780040733197]mbps
04/05/2022 16:10:39 PM - INFO - [in this interval] now real rtt is [3872]
04/05/2022 16:10:39 PM - INFO - [in this interval] aimd control rate is [0.6515167515079076] mbps
04/05/2022 16:10:39 PM - INFO - [in this interval] delay-rate is [0.6515167515079076] mbps
04/05/2022 16:10:39 PM - INFO - average delay [1740.0]
04/05/2022 16:10:39 PM - INFO - average delay [1715.0]
04/05/2022 16:10:39 PM - INFO - average delay [1716.25]
04/05/2022 16:10:39 PM - INFO - average delay [1713.0]
04/05/2022 16:10:39 PM - INFO - nowTs is [92991], lastTs is [92739]
04/05/2022 16:10:39 PM - INFO - [in this interval] loss-ratio is [0.07142857142857142]
04/05/2022 16:10:39 PM - INFO - [in this interval] group num is [11]
04/05/2022 16:10:39 PM - INFO - [in this interval] delayDelta from group is [[-13, -13, 10, 22, -8, -14, -11, -17, -16, -10]]
04/05/2022 16:10:39 PM - INFO - sample List of accDelay : [[-2005.773256922709, -1999.5959312304378, -1995.936338107394, -1991.5427042966546, -1989.0884338669891, -1988.8795904802903, -1990.1916314322614, -1990.6724682890354, -1991.0052214601317, -1992.3046993141184, -1994.7742293827066, -1998.296806444436, -2000.4671257999923, -2000.2204132199931, -2000.7983718979938, -2002.7185347081945, -2005.546681237375, -2009.7920131136375, -2015.2128118022736, -2021.091530622046]]
04/05/2022 16:10:39 PM - INFO - sample List of time: [[92293, 92304, 92316, 92327, 92353, 92368, 92383, 92398, 92430, 92446, 92488, 92510, 92532, 92562, 92599, 92621, 92642, 92661, 92679, 92698]]
04/05/2022 16:10:39 PM - INFO - update trend: [-0.04712705169827074]
04/05/2022 16:10:39 PM - INFO - estimateQueueDelayDuration [-11.310492407584979] = queueDelayDelta [-0.18850820679308297] * numCount[1001]
04/05/2022 16:10:39 PM - INFO - [in this interval] signal is [Signal.NORMAL]
04/05/2022 16:10:39 PM - INFO - [in this interval] adaptiveThresholdGamma is [65.13625709699407]
04/05/2022 16:10:39 PM - INFO - [in this interval] state is [State.INCREASE]
04/05/2022 16:10:39 PM - INFO - [in this interval] now real rate is [0.5672845528455285]mbps
04/05/2022 16:10:39 PM - INFO - [in this interval] now real rtt is [3716]
04/05/2022 16:10:39 PM - INFO - [in this interval] aimd control rate is [0.6551362890162847] mbps
04/05/2022 16:10:39 PM - INFO - [in this interval] delay-rate is [0.6551362890162847] mbps
04/05/2022 16:10:39 PM - INFO - average delay [1677.75]
04/05/2022 16:10:39 PM - INFO - average delay [1626.6666666666667]
04/05/2022 16:10:39 PM - INFO - average delay [1595.8]
04/05/2022 16:10:39 PM - INFO - average delay [1614.0]
04/05/2022 16:10:39 PM - INFO - nowTs is [93232], lastTs is [92991]
04/05/2022 16:10:39 PM - INFO - [in this interval] loss-ratio is [0.0625]
04/05/2022 16:10:39 PM - INFO - [in this interval] group num is [8]
04/05/2022 16:10:39 PM - INFO - [in this interval] delayDelta from group is [[-16, -11, -17, 19, 36, -7, -16]]
04/05/2022 16:10:39 PM - INFO - sample List of accDelay : [[-1990.6724682890354, -1991.0052214601317, -1992.3046993141184, -1994.7742293827066, -1998.296806444436, -2000.4671257999923, -2000.2204132199931, -2000.7983718979938, -2002.7185347081945, -2005.546681237375, -2009.7920131136375, -2015.2128118022736, -2021.091530622046, -2027.9823775598416, -2035.2841398038574, -2043.5557258234717, -2049.1001532411246, -2050.4901379170124, -2052.441124125311, -2055.79701171278]]
04/05/2022 16:10:39 PM - INFO - sample List of time: [[92398, 92430, 92446, 92488, 92510, 92532, 92562, 92599, 92621, 92642, 92661, 92679, 92698, 92736, 92755, 92774, 92792, 92861, 92922, 92940]]
04/05/2022 16:10:39 PM - INFO - update trend: [-0.13858902870789255]
04/05/2022 16:10:39 PM - INFO - estimateQueueDelayDuration [-33.26136688989421] = queueDelayDelta [-0.5543561148315702] * numCount[1000]
04/05/2022 16:10:39 PM - INFO - [in this interval] signal is [Signal.NORMAL]
04/05/2022 16:10:39 PM - INFO - [in this interval] adaptiveThresholdGamma is [64.56250907326627]
04/05/2022 16:10:39 PM - INFO - [in this interval] state is [State.INCREASE]
04/05/2022 16:10:39 PM - INFO - [in this interval] now real rate is [0.5403813387423936]mbps
04/05/2022 16:10:39 PM - INFO - [in this interval] now real rtt is [3658]
04/05/2022 16:10:39 PM - INFO - [in this interval] aimd control rate is [0.6587759350663752] mbps
04/05/2022 16:10:39 PM - INFO - [in this interval] delay-rate is [0.6587759350663752] mbps
04/05/2022 16:10:39 PM - INFO - average delay [1641.0]
04/05/2022 16:10:39 PM - INFO - average delay [1619.5]
04/05/2022 16:10:39 PM - INFO - average delay [1646.4]
04/05/2022 16:10:39 PM - INFO - average delay [1676.75]
04/05/2022 16:10:39 PM - INFO - nowTs is [93463], lastTs is [93232]
04/05/2022 16:10:39 PM - INFO - [in this interval] loss-ratio is [0.0]
04/05/2022 16:10:39 PM - INFO - [in this interval] group num is [6]
04/05/2022 16:10:39 PM - INFO - [in this interval] delayDelta from group is [[31, 27, 16, 13, 11]]
04/05/2022 16:10:39 PM - INFO - sample List of accDelay : [[-2000.4671257999923, -2000.2204132199931, -2000.7983718979938, -2002.7185347081945, -2005.546681237375, -2009.7920131136375, -2015.2128118022736, -2021.091530622046, -2027.9823775598416, -2035.2841398038574, -2043.5557258234717, -2049.1001532411246, -2050.4901379170124, -2052.441124125311, -2055.79701171278, -2055.7173105415022, -2052.945579487352, -2048.851021538617, -2043.865919384755, -2038.2793274462795]]
04/05/2022 16:10:39 PM - INFO - sample List of time: [[92532, 92562, 92599, 92621, 92642, 92661, 92679, 92698, 92736, 92755, 92774, 92792, 92861, 92922, 92940, 92977, 93048, 93095, 93126, 93169]]
04/05/2022 16:10:39 PM - INFO - update trend: [-0.08887287802421363]
04/05/2022 16:10:39 PM - INFO - estimateQueueDelayDuration [-21.329490725811272] = queueDelayDelta [-0.35549151209685453] * numCount[1001]
04/05/2022 16:10:39 PM - INFO - [in this interval] signal is [Signal.NORMAL]
04/05/2022 16:10:39 PM - INFO - [in this interval] adaptiveThresholdGamma is [63.78431474301208]
04/05/2022 16:10:39 PM - INFO - [in this interval] state is [State.INCREASE]
04/05/2022 16:10:39 PM - INFO - [in this interval] now real rate is [0.5656910569105692]mbps
04/05/2022 16:10:39 PM - INFO - [in this interval] now real rtt is [3830]
04/05/2022 16:10:39 PM - INFO - [in this interval] aimd control rate is [0.6624358013722994] mbps
04/05/2022 16:10:39 PM - INFO - [in this interval] delay-rate is [0.6624358013722994] mbps
04/05/2022 16:10:39 PM - INFO - average delay [1702.3333333333333]
04/05/2022 16:10:39 PM - INFO - average delay [1728.25]
04/05/2022 16:10:39 PM - INFO - average delay [1724.75]
04/05/2022 16:10:39 PM - INFO - average delay [1716.75]
04/05/2022 16:10:39 PM - INFO - nowTs is [93692], lastTs is [93463]
04/05/2022 16:10:39 PM - INFO - [in this interval] loss-ratio is [0.125]
04/05/2022 16:10:39 PM - INFO - [in this interval] group num is [9]
04/05/2022 16:10:39 PM - INFO - [in this interval] delayDelta from group is [[-22, 14, -16, -2, 8, -2, -23, -12]]
04/05/2022 16:10:39 PM - INFO - sample List of accDelay : [[-2027.9823775598416, -2035.2841398038574, -2043.5557258234717, -2049.1001532411246, -2050.4901379170124, -2052.441124125311, -2055.79701171278, -2055.7173105415022, -2052.945579487352, -2048.851021538617, -2043.865919384755, -2038.2793274462795, -2035.4513947016515, -2031.5062552314862, -2029.5556297083376, -2028.0000667375039, -2025.8000600637533, -2024.020054057378, -2024.7180486516402, -2026.5462437864762]]
04/05/2022 16:10:39 PM - INFO - sample List of time: [[92736, 92755, 92774, 92792, 92861, 92922, 92940, 92977, 93048, 93095, 93126, 93169, 93239, 93252, 93301, 93315, 93353, 93371, 93384, 93396]]
04/05/2022 16:10:39 PM - INFO - update trend: [0.030219061740838632]
04/05/2022 16:10:39 PM - INFO - estimateQueueDelayDuration [7.252574817801271] = queueDelayDelta [0.12087624696335453] * numCount[1001]
04/05/2022 16:10:39 PM - INFO - [in this interval] signal is [Signal.NORMAL]
04/05/2022 16:10:39 PM - INFO - [in this interval] adaptiveThresholdGamma is [62.76674342435829]
04/05/2022 16:10:39 PM - INFO - [in this interval] state is [State.INCREASE]
04/05/2022 16:10:39 PM - INFO - [in this interval] now real rate is [0.5125311871227365]mbps
04/05/2022 16:10:39 PM - INFO - [in this interval] now real rtt is [3778]
04/05/2022 16:10:39 PM - INFO - [in this interval] aimd control rate is [0.6661160002688121] mbps
04/05/2022 16:10:39 PM - INFO - [in this interval] delay-rate is [0.6661160002688121] mbps
04/05/2022 16:10:39 PM - INFO - average delay [1710.0]
04/05/2022 16:10:39 PM - INFO - average delay [1675.6666666666667]
04/05/2022 16:10:39 PM - INFO - average delay [1660.3333333333333]
04/05/2022 16:10:39 PM - INFO - average delay [1646.6666666666667]
04/05/2022 16:10:39 PM - INFO - nowTs is [93954], lastTs is [93692]
04/05/2022 16:10:39 PM - INFO - [in this interval] loss-ratio is [0.0]
04/05/2022 16:10:39 PM - INFO - [in this interval] group num is [10]
04/05/2022 16:10:39 PM - INFO - [in this interval] delayDelta from group is [[-9, -10, -4, -9, -8, -3, -7, -9, -5]]
04/05/2022 16:10:39 PM - INFO - sample List of accDelay : [[-2048.851021538617, -2043.865919384755, -2038.2793274462795, -2035.4513947016515, -2031.5062552314862, -2029.5556297083376, -2028.0000667375039, -2025.8000600637533, -2024.020054057378, -2024.7180486516402, -2026.5462437864762, -2029.0916194078286, -2032.382457467046, -2035.7442117203414, -2039.6697905483072, -2044.0028114934764, -2048.2025303441287, -2052.6822773097156, -2057.614049578744, -2062.5526446208696]]
04/05/2022 16:10:39 PM - INFO - sample List of time: [[93095, 93126, 93169, 93239, 93252, 93301, 93315, 93353, 93371, 93384, 93396, 93445, 93471, 93496, 93522, 93548, 93575, 93602, 93630, 93656]]
04/05/2022 16:10:39 PM - INFO - update trend: [-0.028047282968400894]
04/05/2022 16:10:39 PM - INFO - estimateQueueDelayDuration [-6.731347912416215] = queueDelayDelta [-0.11218913187360358] * numCount[1000]
04/05/2022 16:10:39 PM - INFO - [in this interval] signal is [Signal.NORMAL]
04/05/2022 16:10:39 PM - INFO - [in this interval] adaptiveThresholdGamma is [61.75810630514333]
04/05/2022 16:10:39 PM - INFO - [in this interval] state is [State.INCREASE]
04/05/2022 16:10:39 PM - INFO - [in this interval] now real rate is [0.4554297352342159]mbps
04/05/2022 16:10:39 PM - INFO - [in this interval] now real rtt is [3642]
04/05/2022 16:10:39 PM - INFO - [in this interval] aimd control rate is [0.66981664471475] mbps
04/05/2022 16:10:39 PM - INFO - [in this interval] delay-rate is [0.66981664471475] mbps
04/05/2022 16:10:39 PM - INFO - average delay [1620.6]
04/05/2022 16:10:39 PM - INFO - average delay [1600.5]
04/05/2022 16:10:39 PM - INFO - average delay [1590.0]
04/05/2022 16:10:39 PM - INFO - average delay [1589.4]
04/05/2022 16:10:39 PM - INFO - nowTs is [94188], lastTs is [93954]
04/05/2022 16:10:39 PM - INFO - [in this interval] loss-ratio is [0.0]
04/05/2022 16:10:39 PM - INFO - [in this interval] group num is [9]
04/05/2022 16:10:39 PM - INFO - [in this interval] delayDelta from group is [[-10, -4, -9, -2, 11, -3, -5, -5]]
04/05/2022 16:10:39 PM - INFO - sample List of accDelay : [[-2024.020054057378, -2024.7180486516402, -2026.5462437864762, -2029.0916194078286, -2032.382457467046, -2035.7442117203414, -2039.6697905483072, -2044.0028114934764, -2048.2025303441287, -2052.6822773097156, -2057.614049578744, -2062.5526446208696, -2067.9973801587826, -2073.2976421429044, -2078.9678779286137, -2084.2710901357523, -2087.9439811221773, -2091.5495830099594, -2095.2946247089635, -2099.1651622380673]]
04/05/2022 16:10:39 PM - INFO - sample List of time: [[93371, 93384, 93396, 93445, 93471, 93496, 93522, 93548, 93575, 93602, 93630, 93656, 93707, 93732, 93758, 93784, 93802, 93828, 93855, 93885]]
04/05/2022 16:10:39 PM - INFO - update trend: [-0.1538969681715016]
04/05/2022 16:10:39 PM - INFO - estimateQueueDelayDuration [-36.935272361160386] = queueDelayDelta [-0.6155878726860065] * numCount[1000]
04/05/2022 16:10:39 PM - INFO - [in this interval] signal is [Signal.NORMAL]
04/05/2022 16:10:39 PM - INFO - [in this interval] adaptiveThresholdGamma is [61.311295294151634]
04/05/2022 16:10:39 PM - INFO - [in this interval] state is [State.INCREASE]
04/05/2022 16:10:39 PM - INFO - [in this interval] now real rate is [0.4685]mbps
04/05/2022 16:10:39 PM - INFO - [in this interval] now real rtt is [3570]
04/05/2022 16:10:39 PM - INFO - [in this interval] aimd control rate is [0.6735378482964987] mbps
04/05/2022 16:10:39 PM - INFO - [in this interval] delay-rate is [0.6735378482964987] mbps
04/05/2022 16:10:39 PM - INFO - average delay [1580.0]
04/05/2022 16:10:39 PM - INFO - average delay [1584.25]
04/05/2022 16:10:39 PM - INFO - average delay [1589.25]
04/05/2022 16:10:39 PM - INFO - average delay [1598.3333333333333]
04/05/2022 16:10:39 PM - INFO - nowTs is [94435], lastTs is [94188]
04/05/2022 16:10:39 PM - INFO - [in this interval] loss-ratio is [0.0]
04/05/2022 16:10:39 PM - INFO - [in this interval] group num is [7]
04/05/2022 16:10:39 PM - INFO - [in this interval] delayDelta from group is [[9, 5, -5, 12, 24, 1]]
04/05/2022 16:10:39 PM - INFO - sample List of accDelay : [[-2039.6697905483072, -2044.0028114934764, -2048.2025303441287, -2052.6822773097156, -2057.614049578744, -2062.5526446208696, -2067.9973801587826, -2073.2976421429044, -2078.9678779286137, -2084.2710901357523, -2087.9439811221773, -2091.5495830099594, -2095.2946247089635, -2099.1651622380673, -2101.7486460142604, -2103.5737814128343, -2105.716403271551, -2106.4447629443957, -2104.700286649956, -2103.0302579849604]]
04/05/2022 16:10:39 PM - INFO - sample List of time: [[93522, 93548, 93575, 93602, 93630, 93656, 93707, 93732, 93758, 93784, 93802, 93828, 93855, 93885, 93946, 93965, 93995, 94025, 94072, 94131]]
04/05/2022 16:10:39 PM - INFO - update trend: [-0.12096954016691518]
04/05/2022 16:10:39 PM - INFO - estimateQueueDelayDuration [-29.032689640059644] = queueDelayDelta [-0.4838781606676607] * numCount[1000]
04/05/2022 16:10:39 PM - INFO - [in this interval] signal is [Signal.NORMAL]
04/05/2022 16:10:39 PM - INFO - [in this interval] adaptiveThresholdGamma is [60.73028039237798]
04/05/2022 16:10:39 PM - INFO - [in this interval] state is [State.INCREASE]
04/05/2022 16:10:39 PM - INFO - [in this interval] now real rate is [0.4305748987854251]mbps
04/05/2022 16:10:39 PM - INFO - [in this interval] now real rtt is [3664]
04/05/2022 16:10:39 PM - INFO - [in this interval] aimd control rate is [0.6772797252314792] mbps
04/05/2022 16:10:39 PM - INFO - [in this interval] delay-rate is [0.6772797252314792] mbps
04/05/2022 16:10:39 PM - INFO - average delay [1631.5]
04/05/2022 16:10:39 PM - INFO - average delay [1664.0]
04/05/2022 16:10:39 PM - INFO - average delay [1690.3333333333333]
04/05/2022 16:10:39 PM - INFO - average delay [1708.0]
04/05/2022 16:10:39 PM - INFO - nowTs is [94664], lastTs is [94435]
04/05/2022 16:10:39 PM - INFO - [in this interval] loss-ratio is [0.0]
04/05/2022 16:10:39 PM - INFO - [in this interval] group num is [7]
04/05/2022 16:10:39 PM - INFO - [in this interval] delayDelta from group is [[47, -1, 14, -6, -1, -15]]
04/05/2022 16:10:39 PM - INFO - sample List of accDelay : [[-2067.9973801587826, -2073.2976421429044, -2078.9678779286137, -2084.2710901357523, -2087.9439811221773, -2091.5495830099594, -2095.2946247089635, -2099.1651622380673, -2101.7486460142604, -2103.5737814128343, -2105.716403271551, -2106.4447629443957, -2104.700286649956, -2103.0302579849604, -2096.8272321864642, -2091.344508967818, -2085.010058071036, -2079.909052263932, -2075.418147037539, -2072.876332333785]]
04/05/2022 16:10:39 PM - INFO - sample List of time: [[93707, 93732, 93758, 93784, 93802, 93828, 93855, 93885, 93946, 93965, 93995, 94025, 94072, 94131, 94193, 94270, 94289, 94318, 94347, 94376]]
04/05/2022 16:10:39 PM - INFO - update trend: [-0.0006323118261341687]
04/05/2022 16:10:39 PM - INFO - estimateQueueDelayDuration [-0.1517548382722005] = queueDelayDelta [-0.0025292473045366746] * numCount[1000]
04/05/2022 16:10:39 PM - INFO - [in this interval] signal is [Signal.NORMAL]
04/05/2022 16:10:39 PM - INFO - [in this interval] adaptiveThresholdGamma is [59.639866932404075]
04/05/2022 16:10:39 PM - INFO - [in this interval] state is [State.INCREASE]
04/05/2022 16:10:39 PM - INFO - [in this interval] now real rate is [0.42678615071283094]mbps
04/05/2022 16:10:39 PM - INFO - [in this interval] now real rtt is [3792]
04/05/2022 16:10:39 PM - INFO - [in this interval] aimd control rate is [0.681042390371654] mbps
04/05/2022 16:10:39 PM - INFO - [in this interval] delay-rate is [0.681042390371654] mbps
04/05/2022 16:10:39 PM - INFO - average delay [1704.4]
04/05/2022 16:10:39 PM - INFO - average delay [1712.0]
04/05/2022 16:10:39 PM - INFO - average delay [1736.3333333333333]
04/05/2022 16:10:39 PM - INFO - average delay [1752.3333333333333]
04/05/2022 16:10:39 PM - INFO - nowTs is [94909], lastTs is [94664]
04/05/2022 16:10:39 PM - INFO - [in this interval] loss-ratio is [0.0]
04/05/2022 16:10:39 PM - INFO - [in this interval] group num is [6]
04/05/2022 16:10:39 PM - INFO - [in this interval] delayDelta from group is [[9, 21, 13, 14, -1]]
04/05/2022 16:10:39 PM - INFO - sample List of accDelay : [[-2091.5495830099594, -2095.2946247089635, -2099.1651622380673, -2101.7486460142604, -2103.5737814128343, -2105.716403271551, -2106.4447629443957, -2104.700286649956, -2103.0302579849604, -2096.8272321864642, -2091.344508967818, -2085.010058071036, -2079.909052263932, -2075.418147037539, -2072.876332333785, -2069.688699100406, -2064.7198291903655, -2058.947846271329, -2052.3530616441963, -2046.5177554797765]]
04/05/2022 16:10:39 PM - INFO - sample List of time: [[93828, 93855, 93885, 93946, 93965, 93995, 94025, 94072, 94131, 94193, 94270, 94289, 94318, 94347, 94376, 94425, 94464, 94515, 94563, 94612]]
04/05/2022 16:10:39 PM - INFO - update trend: [0.06779618536646385]
04/05/2022 16:10:39 PM - INFO - estimateQueueDelayDuration [16.271084487951324] = queueDelayDelta [0.2711847414658554] * numCount[1001]
04/05/2022 16:10:39 PM - INFO - [in this interval] signal is [Signal.NORMAL]
04/05/2022 16:10:39 PM - INFO - [in this interval] adaptiveThresholdGamma is [58.85922884840392]
04/05/2022 16:10:39 PM - INFO - [in this interval] state is [State.INCREASE]
04/05/2022 16:10:39 PM - INFO - [in this interval] now real rate is [0.4511392405063291]mbps
04/05/2022 16:10:39 PM - INFO - [in this interval] now real rtt is [3952]
04/05/2022 16:10:39 PM - INFO - [in this interval] aimd control rate is [0.6848259592070521] mbps
04/05/2022 16:10:39 PM - INFO - [in this interval] delay-rate is [0.6848259592070521] mbps
04/05/2022 16:10:39 PM - INFO - average delay [1770.0]
04/05/2022 16:10:39 PM - INFO - average delay [1796.5]
04/05/2022 16:10:39 PM - INFO - average delay [1808.6666666666667]
04/05/2022 16:10:39 PM - INFO - average delay [1845.3333333333333]
04/05/2022 16:10:39 PM - INFO - nowTs is [95147], lastTs is [94909]
04/05/2022 16:10:39 PM - INFO - [in this interval] loss-ratio is [0.0]
04/05/2022 16:10:39 PM - INFO - [in this interval] group num is [5]
04/05/2022 16:10:39 PM - INFO - [in this interval] delayDelta from group is [[19, 19, 25, 13]]
04/05/2022 16:10:39 PM - INFO - sample List of accDelay : [[-2103.5737814128343, -2105.716403271551, -2106.4447629443957, -2104.700286649956, -2103.0302579849604, -2096.8272321864642, -2091.344508967818, -2085.010058071036, -2079.909052263932, -2075.418147037539, -2072.876332333785, -2069.688699100406, -2064.7198291903655, -2058.947846271329, -2052.3530616441963, -2046.5177554797765, -2039.3659799317988, -2031.0293819386188, -2021.026443744757, -2010.7237993702813]]
04/05/2022 16:10:39 PM - INFO - sample List of time: [[93965, 93995, 94025, 94072, 94131, 94193, 94270, 94289, 94318, 94347, 94376, 94425, 94464, 94515, 94563, 94612, 94663, 94717, 94771, 94826]]
04/05/2022 16:10:39 PM - INFO - update trend: [0.11108596324782065]
04/05/2022 16:10:39 PM - INFO - estimateQueueDelayDuration [26.660631179476955] = queueDelayDelta [0.4443438529912826] * numCount[1001]
04/05/2022 16:10:39 PM - INFO - [in this interval] signal is [Signal.NORMAL]
04/05/2022 16:10:39 PM - INFO - [in this interval] adaptiveThresholdGamma is [58.27965409036324]
04/05/2022 16:10:39 PM - INFO - [in this interval] state is [State.INCREASE]
04/05/2022 16:10:39 PM - INFO - [in this interval] now real rate is [0.4023453815261044]mbps
04/05/2022 16:10:39 PM - INFO - [in this interval] now real rtt is [4148]
04/05/2022 16:10:39 PM - INFO - [in this interval] aimd control rate is [0.6886305478693135] mbps
04/05/2022 16:10:39 PM - INFO - [in this interval] delay-rate is [0.6886305478693135] mbps
04/05/2022 16:10:39 PM - INFO - average delay [1864.3333333333335]
04/05/2022 16:10:39 PM - INFO - average delay [1873.6666666666665]
04/05/2022 16:10:39 PM - INFO - average delay [1891.3333333333335]
04/05/2022 16:10:39 PM - INFO - average delay [1897.75]
04/05/2022 16:10:39 PM - INFO - nowTs is [95387], lastTs is [95147]
04/05/2022 16:10:39 PM - INFO - [in this interval] loss-ratio is [0.0]
04/05/2022 16:10:39 PM - INFO - [in this interval] group num is [7]
04/05/2022 16:10:39 PM - INFO - [in this interval] delayDelta from group is [[12, 7, 7, -1, 0, 9]]
04/05/2022 16:10:39 PM - INFO - sample List of accDelay : [[-2091.344508967818, -2085.010058071036, -2079.909052263932, -2075.418147037539, -2072.876332333785, -2069.688699100406, -2064.7198291903655, -2058.947846271329, -2052.3530616441963, -2046.5177554797765, -2039.3659799317988, -2031.0293819386188, -2021.026443744757, -2010.7237993702813, -2000.2514194332532, -1990.1262774899278, -1980.313649740935, -1971.5822847668414, -1963.7240562901573, -1955.7516506611414]]
04/05/2022 16:10:39 PM - INFO - sample List of time: [[94270, 94289, 94318, 94347, 94376, 94425, 94464, 94515, 94563, 94612, 94663, 94717, 94771, 94826, 94915, 94957, 94999, 95041, 95070, 95085]]
04/05/2022 16:10:39 PM - INFO - update trend: [0.15329183261844243]
04/05/2022 16:10:39 PM - INFO - estimateQueueDelayDuration [36.79003982842618] = queueDelayDelta [0.6131673304737697] * numCount[1001]
04/05/2022 16:10:39 PM - INFO - [in this interval] signal is [Signal.NORMAL]
04/05/2022 16:10:39 PM - INFO - [in this interval] adaptiveThresholdGamma is [57.892841033648374]
04/05/2022 16:10:39 PM - INFO - [in this interval] state is [State.INCREASE]
04/05/2022 16:10:39 PM - INFO - [in this interval] now real rate is [0.4452887029288703]mbps
04/05/2022 16:10:39 PM - INFO - [in this interval] now real rtt is [4228]
04/05/2022 16:10:39 PM - INFO - [in this interval] aimd control rate is [0.6924562731352542] mbps
04/05/2022 16:10:39 PM - INFO - [in this interval] delay-rate is [0.6924562731352542] mbps
04/05/2022 16:10:39 PM - INFO - average delay [1905.0]
04/05/2022 16:10:39 PM - INFO - average delay [1903.0]
04/05/2022 16:10:39 PM - INFO - average delay [1896.4]
04/05/2022 16:10:39 PM - INFO - average delay [1900.6666666666665]
04/05/2022 16:10:39 PM - INFO - nowTs is [95635], lastTs is [95387]
04/05/2022 16:10:39 PM - INFO - [in this interval] loss-ratio is [0.0]
04/05/2022 16:10:39 PM - INFO - [in this interval] group num is [7]
04/05/2022 16:10:39 PM - INFO - [in this interval] delayDelta from group is [[-1, -6, -5, 13, 8, 10]]
04/05/2022 16:10:39 PM - INFO - sample List of accDelay : [[-2064.7198291903655, -2058.947846271329, -2052.3530616441963, -2046.5177554797765, -2039.3659799317988, -2031.0293819386188, -2021.026443744757, -2010.7237993702813, -2000.2514194332532, -1990.1262774899278, -1980.313649740935, -1971.5822847668414, -1963.7240562901573, -1955.7516506611414, -1948.6764855950273, -1942.9088370355246, -1938.217953331972, -1932.6961579987749, -1926.9265421988973, -1920.7338879790077]]
04/05/2022 16:10:39 PM - INFO - sample List of time: [[94464, 94515, 94563, 94612, 94663, 94717, 94771, 94826, 94915, 94957, 94999, 95041, 95070, 95085, 95143, 95172, 95201, 95231, 95274, 95317]]
04/05/2022 16:10:39 PM - INFO - update trend: [0.1782216203790082]
04/05/2022 16:10:39 PM - INFO - estimateQueueDelayDuration [42.77318889096197] = queueDelayDelta [0.7128864815160328] * numCount[1001]
04/05/2022 16:10:39 PM - INFO - [in this interval] signal is [Signal.NORMAL]
04/05/2022 16:10:39 PM - INFO - [in this interval] adaptiveThresholdGamma is [57.62068729508002]
04/05/2022 16:10:39 PM - INFO - [in this interval] state is [State.INCREASE]
04/05/2022 16:10:39 PM - INFO - [in this interval] now real rate is [0.5428688524590164]mbps
04/05/2022 16:10:39 PM - INFO - [in this interval] now real rtt is [4254]
04/05/2022 16:10:39 PM - INFO - [in this interval] aimd control rate is [0.6963032524304501] mbps
04/05/2022 16:10:39 PM - INFO - [in this interval] delay-rate is [0.6963032524304501] mbps
04/05/2022 16:10:39 PM - INFO - average delay [1918.0]
04/05/2022 16:10:39 PM - INFO - average delay [1931.0]
04/05/2022 16:10:39 PM - INFO - average delay [1947.0]
04/05/2022 16:10:39 PM - INFO - average delay [1964.5]
04/05/2022 16:10:39 PM - INFO - nowTs is [95866], lastTs is [95635]
04/05/2022 16:10:39 PM - INFO - [in this interval] loss-ratio is [0.2]
04/05/2022 16:10:39 PM - INFO - [in this interval] group num is [5]
04/05/2022 16:10:39 PM - INFO - [in this interval] delayDelta from group is [[5, 35, 13, 4]]
04/05/2022 16:10:39 PM - INFO - sample List of accDelay : [[-2039.3659799317988, -2031.0293819386188, -2021.026443744757, -2010.7237993702813, -2000.2514194332532, -1990.1262774899278, -1980.313649740935, -1971.5822847668414, -1963.7240562901573, -1955.7516506611414, -1948.6764855950273, -1942.9088370355246, -1938.217953331972, -1932.6961579987749, -1926.9265421988973, -1920.7338879790077, -1914.660499181107, -1905.6944492629964, -1896.3250043366968, -1887.492503903027]]
04/05/2022 16:10:39 PM - INFO - sample List of time: [[94663, 94717, 94771, 94826, 94915, 94957, 94999, 95041, 95070, 95085, 95143, 95172, 95201, 95231, 95274, 95317, 95406, 95441, 95516, 95554]]
04/05/2022 16:10:39 PM - INFO - update trend: [0.17379414476738156]
04/05/2022 16:10:39 PM - INFO - estimateQueueDelayDuration [41.71059474417157] = queueDelayDelta [0.6951765790695262] * numCount[1001]
04/05/2022 16:10:39 PM - INFO - [in this interval] signal is [Signal.NORMAL]
04/05/2022 16:10:39 PM - INFO - [in this interval] adaptiveThresholdGamma is [57.334305629163666]
04/05/2022 16:10:39 PM - INFO - [in this interval] state is [State.INCREASE]
04/05/2022 16:10:39 PM - INFO - [in this interval] now real rate is [0.46099797160243405]mbps
04/05/2022 16:10:39 PM - INFO - [in this interval] now real rtt is [4396]
04/05/2022 16:10:39 PM - INFO - [in this interval] aimd control rate is [0.7001716038328415] mbps
04/05/2022 16:10:39 PM - INFO - [in this interval] delay-rate is [0.7001716038328415] mbps
04/05/2022 16:10:39 PM - INFO - average delay [1996.0]
04/05/2022 16:10:39 PM - INFO - average delay [2005.5]
04/05/2022 16:10:39 PM - INFO - average delay [1997.75]
04/05/2022 16:10:39 PM - INFO - average delay [1982.25]
04/05/2022 16:10:39 PM - INFO - nowTs is [96113], lastTs is [95866]
04/05/2022 16:10:39 PM - INFO - [in this interval] loss-ratio is [0.2777777777777778]
04/05/2022 16:10:39 PM - INFO - [in this interval] group num is [8]
04/05/2022 16:10:39 PM - INFO - [in this interval] delayDelta from group is [[-14, -7, -13, -1, -12, -5, 4]]
04/05/2022 16:10:39 PM - INFO - sample List of accDelay : [[-1971.5822847668414, -1963.7240562901573, -1955.7516506611414, -1948.6764855950273, -1942.9088370355246, -1938.217953331972, -1932.6961579987749, -1926.9265421988973, -1920.7338879790077, -1914.660499181107, -1905.6944492629964, -1896.3250043366968, -1887.492503903027, -1880.9432535127244, -1875.7489281614519, -1872.3740353453068, -1869.4366318107761, -1867.9929686296985, -1867.1936717667286, -1866.0743045900556]]
04/05/2022 16:10:39 PM - INFO - sample List of time: [[95041, 95070, 95085, 95143, 95172, 95201, 95231, 95274, 95317, 95406, 95441, 95516, 95554, 95653, 95669, 95702, 95719, 95753, 95771, 95806]]
04/05/2022 16:10:39 PM - INFO - update trend: [0.13477010087303537]
04/05/2022 16:10:39 PM - INFO - estimateQueueDelayDuration [32.34482420952849] = queueDelayDelta [0.5390804034921415] * numCount[1000]
04/05/2022 16:10:39 PM - INFO - [in this interval] signal is [Signal.NORMAL]
04/05/2022 16:10:39 PM - INFO - [in this interval] adaptiveThresholdGamma is [56.88449496361023]
04/05/2022 16:10:39 PM - INFO - [in this interval] state is [State.INCREASE]
04/05/2022 16:10:39 PM - INFO - [in this interval] now real rate is [0.449088]mbps
04/05/2022 16:10:39 PM - INFO - [in this interval] now real rtt is [4350]
04/05/2022 16:10:39 PM - INFO - [in this interval] aimd control rate is [0.7040614460763572] mbps
04/05/2022 16:10:39 PM - INFO - [in this interval] delay-rate is [0.7040614460763572] mbps
04/05/2022 16:10:39 PM - INFO - average delay [1966.75]
04/05/2022 16:10:39 PM - INFO - average delay [1976.0]
04/05/2022 16:10:39 PM - INFO - average delay [1986.5]
04/05/2022 16:10:39 PM - INFO - average delay [2002.0]
04/05/2022 16:10:39 PM - INFO - nowTs is [96331], lastTs is [96113]
04/05/2022 16:10:39 PM - INFO - [in this interval] loss-ratio is [0.2222222222222222]
04/05/2022 16:10:39 PM - INFO - [in this interval] group num is [5]
04/05/2022 16:10:39 PM - INFO - [in this interval] delayDelta from group is [[24, 1, 29, -2]]
04/05/2022 16:10:39 PM - INFO - sample List of accDelay : [[-1942.9088370355246, -1938.217953331972, -1932.6961579987749, -1926.9265421988973, -1920.7338879790077, -1914.660499181107, -1905.6944492629964, -1896.3250043366968, -1887.492503903027, -1880.9432535127244, -1875.7489281614519, -1872.3740353453068, -1869.4366318107761, -1867.9929686296985, -1867.1936717667286, -1866.0743045900556, -1862.66687413105, -1859.5001867179449, -1853.7501680461505, -1848.7751512415355]]
04/05/2022 16:10:39 PM - INFO - sample List of time: [[95172, 95201, 95231, 95274, 95317, 95406, 95441, 95516, 95554, 95653, 95669, 95702, 95719, 95753, 95771, 95806, 95871, 95935, 95966, 96030]]
04/05/2022 16:10:39 PM - INFO - update trend: [0.11148927155533005]
04/05/2022 16:10:39 PM - INFO - estimateQueueDelayDuration [26.757425173279213] = queueDelayDelta [0.4459570862213202] * numCount[1000]
04/05/2022 16:10:39 PM - INFO - [in this interval] signal is [Signal.NORMAL]
04/05/2022 16:10:39 PM - INFO - [in this interval] adaptiveThresholdGamma is [56.34220770738427]
04/05/2022 16:10:39 PM - INFO - [in this interval] state is [State.INCREASE]
04/05/2022 16:10:39 PM - INFO - [in this interval] now real rate is [0.4635010752688172]mbps
04/05/2022 16:10:39 PM - INFO - [in this interval] now real rtt is [4456]
04/05/2022 16:10:39 PM - INFO - [in this interval] aimd control rate is [0.7079728985545592] mbps
04/05/2022 16:10:39 PM - INFO - [in this interval] delay-rate is [0.7079728985545592] mbps
04/05/2022 16:10:39 PM - INFO - average delay [2029.0]
04/05/2022 16:10:39 PM - INFO - average delay [2023.5]
04/05/2022 16:10:39 PM - INFO - average delay [2024.3333333333335]
04/05/2022 16:10:39 PM - INFO - average delay [1999.0]
04/05/2022 16:10:39 PM - INFO - nowTs is [96594], lastTs is [96331]
04/05/2022 16:10:39 PM - INFO - [in this interval] loss-ratio is [0.47619047619047616]
04/05/2022 16:10:39 PM - INFO - [in this interval] group num is [8]
04/05/2022 16:10:39 PM - INFO - [in this interval] delayDelta from group is [[-5, 17, -31, -6, -12, -39, 6]]
04/05/2022 16:10:39 PM - INFO - sample List of accDelay : [[-1896.3250043366968, -1887.492503903027, -1880.9432535127244, -1875.7489281614519, -1872.3740353453068, -1869.4366318107761, -1867.9929686296985, -1867.1936717667286, -1866.0743045900556, -1862.66687413105, -1859.5001867179449, -1853.7501680461505, -1848.7751512415355, -1844.797636117382, -1839.5178725056437, -1837.8660852550793, -1836.9794767295712, -1837.381529056614, -1841.6433761509527, -1844.8790385358573]]
04/05/2022 16:10:39 PM - INFO - sample List of time: [[95516, 95554, 95653, 95669, 95702, 95719, 95753, 95771, 95806, 95871, 95935, 95966, 96030, 96086, 96116, 96173, 96202, 96231, 96249, 96285]]
04/05/2022 16:10:39 PM - INFO - update trend: [0.07057744402847421]
04/05/2022 16:10:39 PM - INFO - estimateQueueDelayDuration [16.938586566833813] = queueDelayDelta [0.28230977611389685] * numCount[1001]
04/05/2022 16:10:39 PM - INFO - [in this interval] signal is [Signal.NORMAL]
04/05/2022 16:10:39 PM - INFO - [in this interval] adaptiveThresholdGamma is [55.63294252685436]
04/05/2022 16:10:39 PM - INFO - [in this interval] state is [State.INCREASE]
04/05/2022 16:10:39 PM - INFO - [in this interval] now real rate is [0.43736546184738956]mbps
04/05/2022 16:10:39 PM - INFO - [in this interval] now real rtt is [4312]
04/05/2022 16:10:39 PM - INFO - [in this interval] aimd control rate is [0.7119060813243068] mbps
04/05/2022 16:10:39 PM - INFO - [in this interval] delay-rate is [0.7119060813243068] mbps
04/05/2022 16:10:39 PM - INFO - average delay [1946.5]
04/05/2022 16:10:39 PM - INFO - average delay [1950.3333333333335]
04/05/2022 16:10:39 PM - INFO - average delay [1941.5]
04/05/2022 16:10:39 PM - INFO - average delay [1964.0]
04/05/2022 16:10:39 PM - INFO - nowTs is [96832], lastTs is [96594]
04/05/2022 16:10:39 PM - INFO - [in this interval] loss-ratio is [0.2857142857142857]
04/05/2022 16:10:39 PM - INFO - [in this interval] group num is [6]
04/05/2022 16:10:39 PM - INFO - [in this interval] delayDelta from group is [[-12, 1, 15, 2, -6]]
04/05/2022 16:10:39 PM - INFO - sample List of accDelay : [[-1869.4366318107761, -1867.9929686296985, -1867.1936717667286, -1866.0743045900556, -1862.66687413105, -1859.5001867179449, -1853.7501680461505, -1848.7751512415355, -1844.797636117382, -1839.5178725056437, -1837.8660852550793, -1836.9794767295712, -1837.381529056614, -1841.6433761509527, -1844.8790385358573, -1848.9911346822714, -1852.5920212140443, -1854.33281909264, -1855.699537183376, -1857.5295834650383]]
04/05/2022 16:10:39 PM - INFO - sample List of time: [[95719, 95753, 95771, 95806, 95871, 95935, 95966, 96030, 96086, 96116, 96173, 96202, 96231, 96249, 96285, 96359, 96377, 96413, 96463, 96495]]
04/05/2022 16:10:39 PM - INFO - update trend: [0.024565613605785797]
04/05/2022 16:10:39 PM - INFO - estimateQueueDelayDuration [5.895747265388591] = queueDelayDelta [0.09826245442314319] * numCount[1000]
04/05/2022 16:10:39 PM - INFO - [in this interval] signal is [Signal.NORMAL]
04/05/2022 16:10:39 PM - INFO - [in this interval] adaptiveThresholdGamma is [54.73767301214797]
04/05/2022 16:10:39 PM - INFO - [in this interval] state is [State.INCREASE]
04/05/2022 16:10:39 PM - INFO - [in this interval] now real rate is [0.4981479915433404]mbps
04/05/2022 16:10:39 PM - INFO - [in this interval] now real rtt is [4318]
04/05/2022 16:10:39 PM - INFO - [in this interval] aimd control rate is [0.7158611151094418] mbps
04/05/2022 16:10:39 PM - INFO - [in this interval] delay-rate is [0.7158611151094418] mbps
04/05/2022 16:10:39 PM - INFO - average delay [1945.5]
04/05/2022 16:10:39 PM - INFO - average delay [1941.5]
04/05/2022 16:10:39 PM - INFO - average delay [1941.3333333333335]
04/05/2022 16:10:39 PM - INFO - average delay [1942.3333333333335]
04/05/2022 16:10:39 PM - INFO - nowTs is [97066], lastTs is [96832]
04/05/2022 16:10:39 PM - INFO - [in this interval] loss-ratio is [0.5]
04/05/2022 16:10:39 PM - INFO - [in this interval] group num is [7]
04/05/2022 16:10:39 PM - INFO - [in this interval] delayDelta from group is [[-2, -8, -8, -13, 5, -3]]
04/05/2022 16:10:39 PM - INFO - sample List of accDelay : [[-1853.7501680461505, -1848.7751512415355, -1844.797636117382, -1839.5178725056437, -1837.8660852550793, -1836.9794767295712, -1837.381529056614, -1841.6433761509527, -1844.8790385358573, -1848.9911346822714, -1852.5920212140443, -1854.33281909264, -1855.699537183376, -1857.5295834650383, -1859.3766251185343, -1861.8389626066808, -1864.8550663460128, -1868.8695597114115, -1871.9826037402704, -1875.0843433662433]]
04/05/2022 16:10:39 PM - INFO - sample List of time: [[95966, 96030, 96086, 96116, 96173, 96202, 96231, 96249, 96285, 96359, 96377, 96413, 96463, 96495, 96592, 96660, 96682, 96704, 96726, 96771]]
04/05/2022 16:10:39 PM - INFO - update trend: [-0.03904301068326691]
04/05/2022 16:10:39 PM - INFO - estimateQueueDelayDuration [-9.37032256398406] = queueDelayDelta [-0.15617204273306765] * numCount[1000]
04/05/2022 16:10:39 PM - INFO - [in this interval] signal is [Signal.NORMAL]
04/05/2022 16:10:39 PM - INFO - [in this interval] adaptiveThresholdGamma is [53.92106070408102]
04/05/2022 16:10:39 PM - INFO - [in this interval] state is [State.INCREASE]
04/05/2022 16:10:39 PM - INFO - [in this interval] now real rate is [0.4473795918367347]mbps
04/05/2022 16:10:39 PM - INFO - [in this interval] now real rtt is [4266]
04/05/2022 16:10:39 PM - INFO - [in this interval] aimd control rate is [0.7198381213044942] mbps
04/05/2022 16:10:39 PM - INFO - [in this interval] delay-rate is [0.7198381213044942] mbps
04/05/2022 16:10:39 PM - INFO - average delay [1929.3333333333335]
04/05/2022 16:10:39 PM - INFO - average delay [1936.75]
04/05/2022 16:10:39 PM - INFO - average delay [1901.8000000000002]
04/05/2022 16:10:39 PM - INFO - average delay [1883.0]
04/05/2022 16:10:39 PM - INFO - nowTs is [97304], lastTs is [97066]
04/05/2022 16:10:39 PM - INFO - [in this interval] loss-ratio is [0.35714285714285715]
04/05/2022 16:10:39 PM - INFO - [in this interval] group num is [10]
04/05/2022 16:10:39 PM - INFO - [in this interval] delayDelta from group is [[-13, -11, -18, -3, -11, -13, -11, -3, -1]]
04/05/2022 16:10:39 PM - INFO - sample List of accDelay : [[-1848.9911346822714, -1852.5920212140443, -1854.33281909264, -1855.699537183376, -1857.5295834650383, -1859.3766251185343, -1861.8389626066808, -1864.8550663460128, -1868.8695597114115, -1871.9826037402704, -1875.0843433662433, -1879.1759090296189, -1883.958318126657, -1890.0624863139915, -1895.8562376825923, -1902.170613914333, -1909.1535525228999, -1916.5381972706098, -1923.4843775435488, -1929.835939789194]]
04/05/2022 16:10:39 PM - INFO - sample List of time: [[96359, 96377, 96413, 96463, 96495, 96592, 96660, 96682, 96704, 96726, 96771, 96815, 96837, 96861, 96873, 96910, 96934, 96946, 96970, 97007]]
04/05/2022 16:10:39 PM - INFO - update trend: [-0.11132618641296392]
04/05/2022 16:10:39 PM - INFO - estimateQueueDelayDuration [-26.71828473911134] = queueDelayDelta [-0.4453047456518557] * numCount[1001]
04/05/2022 16:10:39 PM - INFO - [in this interval] signal is [Signal.NORMAL]
04/05/2022 16:10:39 PM - INFO - [in this interval] adaptiveThresholdGamma is [53.43141073671157]
04/05/2022 16:10:39 PM - INFO - [in this interval] state is [State.INCREASE]
04/05/2022 16:10:39 PM - INFO - [in this interval] now real rate is [0.5079830508474577]mbps
04/05/2022 16:10:39 PM - INFO - [in this interval] now real rtt is [4142]
04/05/2022 16:10:39 PM - INFO - [in this interval] aimd control rate is [0.723837221978408] mbps
04/05/2022 16:10:39 PM - INFO - [in this interval] delay-rate is [0.723837221978408] mbps
04/05/2022 16:10:39 PM - INFO - average delay [1863.6]
04/05/2022 16:10:39 PM - INFO - average delay [1877.5]
04/05/2022 16:10:39 PM - INFO - average delay [1886.75]
04/05/2022 16:10:39 PM - INFO - average delay [1907.25]
04/05/2022 16:10:39 PM - INFO - nowTs is [97539], lastTs is [97304]
04/05/2022 16:10:39 PM - INFO - [in this interval] loss-ratio is [0.1875]
04/05/2022 16:10:39 PM - INFO - [in this interval] group num is [6]
04/05/2022 16:10:39 PM - INFO - [in this interval] delayDelta from group is [[4, 12, 22, -13, 23]]
04/05/2022 16:10:39 PM - INFO - sample List of accDelay : [[-1859.3766251185343, -1861.8389626066808, -1864.8550663460128, -1868.8695597114115, -1871.9826037402704, -1875.0843433662433, -1879.1759090296189, -1883.958318126657, -1890.0624863139915, -1895.8562376825923, -1902.170613914333, -1909.1535525228999, -1916.5381972706098, -1923.4843775435488, -1929.835939789194, -1935.1523458102747, -1938.7371112292471, -1939.7634001063223, -1941.9870600956901, -1941.688354086121]]
04/05/2022 16:10:39 PM - INFO - sample List of time: [[96592, 96660, 96682, 96704, 96726, 96771, 96815, 96837, 96861, 96873, 96910, 96934, 96946, 96970, 97007, 97048, 97082, 97134, 97186, 97203]]
04/05/2022 16:10:39 PM - INFO - update trend: [-0.1645627339987631]
04/05/2022 16:10:39 PM - INFO - estimateQueueDelayDuration [-39.49505615970314] = queueDelayDelta [-0.6582509359950524] * numCount[1000]
04/05/2022 16:10:39 PM - INFO - [in this interval] signal is [Signal.NORMAL]
04/05/2022 16:10:39 PM - INFO - [in this interval] adaptiveThresholdGamma is [53.18055635432542]
04/05/2022 16:10:39 PM - INFO - [in this interval] state is [State.INCREASE]
04/05/2022 16:10:39 PM - INFO - [in this interval] now real rate is [0.5412686868686868]mbps
04/05/2022 16:10:39 PM - INFO - [in this interval] now real rtt is [4262]
04/05/2022 16:10:39 PM - INFO - [in this interval] aimd control rate is [0.7278585398782881] mbps
04/05/2022 16:10:39 PM - INFO - [in this interval] delay-rate is [0.7278585398782881] mbps
04/05/2022 16:10:39 PM - INFO - average delay [1910.0]
04/05/2022 16:10:39 PM - INFO - average delay [1930.5]
04/05/2022 16:10:39 PM - INFO - average delay [1944.0]
04/05/2022 16:10:39 PM - INFO - average delay [1960.6666666666665]
04/05/2022 16:10:39 PM - INFO - nowTs is [97787], lastTs is [97539]
04/05/2022 16:10:39 PM - INFO - [in this interval] loss-ratio is [0.47368421052631576]
04/05/2022 16:10:39 PM - INFO - [in this interval] group num is [7]
04/05/2022 16:10:39 PM - INFO - [in this interval] delayDelta from group is [[22, -7, 26, -15, 4, -10]]
04/05/2022 16:10:39 PM - INFO - sample List of accDelay : [[-1879.1759090296189, -1883.958318126657, -1890.0624863139915, -1895.8562376825923, -1902.170613914333, -1909.1535525228999, -1916.5381972706098, -1923.4843775435488, -1929.835939789194, -1935.1523458102747, -1938.7371112292471, -1939.7634001063223, -1941.9870600956901, -1941.688354086121, -1939.219518677509, -1937.697566809758, -1933.7278101287823, -1931.655029115904, -1929.3895262043134, -1928.350573583882]]
04/05/2022 16:10:39 PM - INFO - sample List of time: [[96815, 96837, 96861, 96873, 96910, 96934, 96946, 96970, 97007, 97048, 97082, 97134, 97186, 97203, 97294, 97351, 97379, 97435, 97455, 97494]]
04/05/2022 16:10:39 PM - INFO - update trend: [-0.06640996450242681]
04/05/2022 16:10:39 PM - INFO - estimateQueueDelayDuration [-15.938391480582435] = queueDelayDelta [-0.26563985800970724] * numCount[1000]
04/05/2022 16:10:39 PM - INFO - [in this interval] signal is [Signal.NORMAL]
04/05/2022 16:10:39 PM - INFO - [in this interval] adaptiveThresholdGamma is [52.510197386598044]
04/05/2022 16:10:39 PM - INFO - [in this interval] state is [State.INCREASE]
04/05/2022 16:10:39 PM - INFO - [in this interval] now real rate is [0.41748686868686863]mbps
04/05/2022 16:10:39 PM - INFO - [in this interval] now real rtt is [4308]
04/05/2022 16:10:39 PM - INFO - [in this interval] aimd control rate is [0.7319021984331674] mbps
04/05/2022 16:10:39 PM - INFO - [in this interval] delay-rate is [0.7319021984331674] mbps
04/05/2022 16:10:39 PM - INFO - average delay [1955.5]
04/05/2022 16:10:39 PM - INFO - average delay [1924.6666666666665]
04/05/2022 16:10:39 PM - INFO - average delay [1900.3333333333335]
04/05/2022 16:10:39 PM - INFO - average delay [1908.25]
04/05/2022 16:10:39 PM - INFO - nowTs is [98030], lastTs is [97787]
04/05/2022 16:10:39 PM - INFO - [in this interval] loss-ratio is [0.5]
04/05/2022 16:10:39 PM - INFO - [in this interval] group num is [9]
04/05/2022 16:10:39 PM - INFO - [in this interval] delayDelta from group is [[-15, -10, -15, -2, 11, 15, 4, -4]]
04/05/2022 16:10:39 PM - INFO - sample List of accDelay : [[-1929.835939789194, -1935.1523458102747, -1938.7371112292471, -1939.7634001063223, -1941.9870600956901, -1941.688354086121, -1939.219518677509, -1937.697566809758, -1933.7278101287823, -1931.655029115904, -1929.3895262043134, -1928.350573583882, -1928.9155162254935, -1930.4239646029441, -1933.2815681426496, -1936.0534113283845, -1937.448070195546, -1937.2032631759914, -1936.5829368583923, -1936.424643172553]]
04/05/2022 16:10:39 PM - INFO - sample List of time: [[97007, 97048, 97082, 97134, 97186, 97203, 97294, 97351, 97379, 97435, 97455, 97494, 97533, 97553, 97573, 97593, 97616, 97637, 97687, 97721]]
04/05/2022 16:10:39 PM - INFO - update trend: [0.004729604311582317]
04/05/2022 16:10:39 PM - INFO - estimateQueueDelayDuration [1.1351050347797562] = queueDelayDelta [0.01891841724632927] * numCount[1000]
04/05/2022 16:10:39 PM - INFO - [in this interval] signal is [Signal.NORMAL]
04/05/2022 16:10:39 PM - INFO - [in this interval] adaptiveThresholdGamma is [51.58544572426531]
04/05/2022 16:10:39 PM - INFO - [in this interval] state is [State.INCREASE]
04/05/2022 16:10:39 PM - INFO - [in this interval] now real rate is [0.4178900203665988]mbps
04/05/2022 16:10:39 PM - INFO - [in this interval] now real rtt is [4244]
04/05/2022 16:10:39 PM - INFO - [in this interval] aimd control rate is [0.7359683217577961] mbps
04/05/2022 16:10:39 PM - INFO - [in this interval] delay-rate is [0.7359683217577961] mbps
04/05/2022 16:10:39 PM - INFO - average delay [1916.75]
04/05/2022 16:10:39 PM - INFO - average delay [1937.6666666666665]
04/05/2022 16:10:39 PM - INFO - average delay [1930.0]
04/05/2022 16:10:39 PM - INFO - average delay [1931.0]
04/05/2022 16:10:39 PM - INFO - nowTs is [98260], lastTs is [98030]
04/05/2022 16:10:39 PM - INFO - [in this interval] loss-ratio is [0.5925925925925926]
04/05/2022 16:10:39 PM - INFO - [in this interval] group num is [9]
04/05/2022 16:10:39 PM - INFO - [in this interval] delayDelta from group is [[14, -15, 12, -11, 13, -4, -13, -8]]
04/05/2022 16:10:39 PM - INFO - sample List of accDelay : [[-1933.7278101287823, -1931.655029115904, -1929.3895262043134, -1928.350573583882, -1928.9155162254935, -1930.4239646029441, -1933.2815681426496, -1936.0534113283845, -1937.448070195546, -1937.2032631759914, -1936.5829368583923, -1936.424643172553, -1934.8821788552978, -1934.9939609697678, -1933.8945648727909, -1934.005108385512, -1932.8045975469608, -1932.1241377922647, -1932.8117240130382, -1934.2305516117344]]
04/05/2022 16:10:39 PM - INFO - sample List of time: [[97379, 97435, 97455, 97494, 97533, 97553, 97573, 97593, 97616, 97637, 97687, 97721, 97774, 97808, 97828, 97850, 97894, 97922, 97943, 97965]]
04/05/2022 16:10:39 PM - INFO - update trend: [-0.004556670987891009]
04/05/2022 16:10:39 PM - INFO - estimateQueueDelayDuration [-1.0936010370938423] = queueDelayDelta [-0.018226683951564036] * numCount[1000]
04/05/2022 16:10:39 PM - INFO - [in this interval] signal is [Signal.NORMAL]
04/05/2022 16:10:39 PM - INFO - [in this interval] adaptiveThresholdGamma is [50.676592519896225]
04/05/2022 16:10:39 PM - INFO - [in this interval] state is [State.INCREASE]
04/05/2022 16:10:39 PM - INFO - [in this interval] now real rate is [0.45661663286004056]mbps
04/05/2022 16:10:39 PM - INFO - [in this interval] now real rtt is [4244]
04/05/2022 16:10:39 PM - INFO - [in this interval] aimd control rate is [0.7400570346564505] mbps
04/05/2022 16:10:39 PM - INFO - [in this interval] delay-rate is [0.7400570346564505] mbps
04/05/2022 16:10:39 PM - INFO - average delay [1931.6666666666665]
04/05/2022 16:10:39 PM - INFO - average delay [1914.5]
04/05/2022 16:10:39 PM - INFO - average delay [1876.6]
04/05/2022 16:10:39 PM - INFO - average delay [1863.0]
04/05/2022 16:10:39 PM - INFO - nowTs is [98512], lastTs is [98260]
04/05/2022 16:10:39 PM - INFO - [in this interval] loss-ratio is [0.45161290322580644]
04/05/2022 16:10:39 PM - INFO - [in this interval] group num is [9]
04/05/2022 16:10:39 PM - INFO - [in this interval] delayDelta from group is [[-22, -3, -20, -22, 4, -4, -3, 14]]
04/05/2022 16:10:39 PM - INFO - sample List of accDelay : [[-1937.448070195546, -1937.2032631759914, -1936.5829368583923, -1936.424643172553, -1934.8821788552978, -1934.9939609697678, -1933.8945648727909, -1934.005108385512, -1932.8045975469608, -1932.1241377922647, -1932.8117240130382, -1934.2305516117344, -1937.707496450561, -1941.136746805505, -1946.2230721249546, -1953.000764912459, -1958.7006884212133, -1964.2306195790918, -1969.5075576211827, -1972.8568018590645]]
04/05/2022 16:10:39 PM - INFO - sample List of time: [[97616, 97637, 97687, 97721, 97774, 97808, 97828, 97850, 97894, 97922, 97943, 97965, 98030, 98043, 98070, 98085, 98098, 98137, 98163, 98195]]
04/05/2022 16:10:39 PM - INFO - update trend: [-0.05381712822950982]
04/05/2022 16:10:39 PM - INFO - estimateQueueDelayDuration [-12.916110775082357] = queueDelayDelta [-0.21526851291803928] * numCount[1000]
04/05/2022 16:10:39 PM - INFO - [in this interval] signal is [Signal.NORMAL]
04/05/2022 16:10:39 PM - INFO - [in this interval] adaptiveThresholdGamma is [49.99690384848957]
04/05/2022 16:10:39 PM - INFO - [in this interval] state is [State.INCREASE]
04/05/2022 16:10:39 PM - INFO - [in this interval] now real rate is [0.5090821643286573]mbps
04/05/2022 16:10:39 PM - INFO - [in this interval] now real rtt is [4158]
04/05/2022 16:10:39 PM - INFO - [in this interval] aimd control rate is [0.7441684626267641] mbps
04/05/2022 16:10:39 PM - INFO - [in this interval] delay-rate is [0.7441684626267641] mbps
04/05/2022 16:10:39 PM - INFO - average delay [1864.6]
04/05/2022 16:10:39 PM - INFO - average delay [1871.0]
04/05/2022 16:10:39 PM - INFO - average delay [1883.3333333333335]
04/05/2022 16:10:39 PM - INFO - average delay [1867.0]
04/05/2022 16:10:39 PM - INFO - nowTs is [98752], lastTs is [98512]
04/05/2022 16:10:39 PM - INFO - [in this interval] loss-ratio is [0.4583333333333333]
04/05/2022 16:10:39 PM - INFO - [in this interval] group num is [12]
04/05/2022 16:10:39 PM - INFO - [in this interval] delayDelta from group is [[4, 2, 4, 5, -15, -11, -17, -11, -18, -14, -18]]
04/05/2022 16:10:39 PM - INFO - sample List of accDelay : [[-1934.2305516117344, -1937.707496450561, -1941.136746805505, -1946.2230721249546, -1953.000764912459, -1958.7006884212133, -1964.2306195790918, -1969.5075576211827, -1972.8568018590645, -1975.471121673158, -1977.6240095058422, -1979.161608555258, -1980.0454476997322, -1982.340902929759, -1985.506812636783, -1990.0561313731046, -1995.2505182357943, -2001.725466412215, -2008.9529197709933, -2017.257627793894]]
04/05/2022 16:10:39 PM - INFO - sample List of time: [[97965, 98030, 98043, 98070, 98085, 98098, 98137, 98163, 98195, 98258, 98272, 98314, 98333, 98353, 98373, 98392, 98410, 98429, 98446, 98462]]
04/05/2022 16:10:39 PM - INFO - update trend: [-0.14353478580309065]
04/05/2022 16:10:39 PM - INFO - estimateQueueDelayDuration [-34.44834859274175] = queueDelayDelta [-0.5741391432123626] * numCount[1001]
04/05/2022 16:10:39 PM - INFO - [in this interval] signal is [Signal.NORMAL]
04/05/2022 16:10:39 PM - INFO - [in this interval] adaptiveThresholdGamma is [49.71702985388611]
04/05/2022 16:10:39 PM - INFO - [in this interval] state is [State.INCREASE]
04/05/2022 16:10:39 PM - INFO - [in this interval] now real rate is [0.5828130081300813]mbps
04/05/2022 16:10:39 PM - INFO - [in this interval] now real rtt is [3968]
04/05/2022 16:10:39 PM - INFO - [in this interval] aimd control rate is [0.7483027318635794] mbps
04/05/2022 16:10:39 PM - INFO - [in this interval] delay-rate is [0.7483027318635794] mbps
04/05/2022 16:10:39 PM - INFO - average delay [1809.0]
04/05/2022 16:10:39 PM - INFO - average delay [1759.6666666666667]
04/05/2022 16:10:39 PM - INFO - average delay [1725.75]
04/05/2022 16:10:39 PM - INFO - average delay [1707.5]
04/05/2022 16:10:39 PM - INFO - nowTs is [98986], lastTs is [98752]
04/05/2022 16:10:39 PM - INFO - [in this interval] loss-ratio is [0.5714285714285714]
04/05/2022 16:10:39 PM - INFO - [in this interval] group num is [10]
04/05/2022 16:10:39 PM - INFO - [in this interval] delayDelta from group is [[-2, -14, -18, -7, -9, -4, 11, 1, -5]]
04/05/2022 16:10:39 PM - INFO - sample List of accDelay : [[-1975.471121673158, -1977.6240095058422, -1979.161608555258, -1980.0454476997322, -1982.340902929759, -1985.506812636783, -1990.0561313731046, -1995.2505182357943, -2001.725466412215, -2008.9529197709933, -2017.257627793894, -2024.9318650145044, -2033.2386785130539, -2042.5148106617485, -2051.5633295955736, -2060.606996636016, -2069.1462969724143, -2075.7316672751726, -2081.5585005476555, -2087.30265049289]]
04/05/2022 16:10:39 PM - INFO - sample List of time: [[98258, 98272, 98314, 98333, 98353, 98373, 98392, 98410, 98429, 98446, 98462, 98495, 98528, 98544, 98561, 98579, 98610, 98641, 98667, 98683]]
04/05/2022 16:10:39 PM - INFO - update trend: [-0.2926114063707556]
04/05/2022 16:10:39 PM - INFO - estimateQueueDelayDuration [-70.22673752898135] = queueDelayDelta [-1.1704456254830224] * numCount[1000]
04/05/2022 16:10:39 PM - INFO - [in this interval] signal is [Signal.UNDER_USE]
04/05/2022 16:10:39 PM - INFO - [in this interval] adaptiveThresholdGamma is [49.71702985388611]
04/05/2022 16:10:39 PM - INFO - [in this interval] state is [State.HOLD]
04/05/2022 16:10:39 PM - INFO - [in this interval] now real rate is [0.6194496919917865]mbps
04/05/2022 16:10:39 PM - INFO - [in this interval] now real rtt is [3836]
04/05/2022 16:10:39 PM - INFO - [in this interval] aimd control rate is [0.7483027318635794] mbps
04/05/2022 16:10:39 PM - INFO - [in this interval] delay-rate is [0.7483027318635794] mbps
04/05/2022 16:10:39 PM - INFO - average delay [1715.8]
04/05/2022 16:10:39 PM - INFO - average delay [1717.75]
04/05/2022 16:10:39 PM - INFO - average delay [1717.6]
04/05/2022 16:10:39 PM - INFO - average delay [1719.3333333333333]
04/05/2022 16:10:39 PM - INFO - nowTs is [99230], lastTs is [98986]
04/05/2022 16:10:39 PM - INFO - [in this interval] loss-ratio is [0.43478260869565216]
04/05/2022 16:10:39 PM - INFO - [in this interval] group num is [11]
04/05/2022 16:10:39 PM - INFO - [in this interval] delayDelta from group is [[12, 3, -17, 6, -12, 16, 2, 7, 3, 16]]
04/05/2022 16:10:39 PM - INFO - sample List of accDelay : [[-2017.257627793894, -2024.9318650145044, -2033.2386785130539, -2042.5148106617485, -2051.5633295955736, -2060.606996636016, -2069.1462969724143, -2075.7316672751726, -2081.5585005476555, -2087.30265049289, -2091.272385443601, -2094.5451468992405, -2099.1906322093164, -2102.771568988385, -2107.1944120895464, -2109.574970880592, -2111.5174737925327, -2112.565726413279, -2113.209153771951, -2112.188238394756]]
04/05/2022 16:10:39 PM - INFO - sample List of time: [[98462, 98495, 98528, 98544, 98561, 98579, 98610, 98641, 98667, 98683, 98726, 98758, 98791, 98804, 98820, 98833, 98859, 98886, 98908, 98931]]
04/05/2022 16:10:39 PM - INFO - update trend: [-0.2076902475427043]
04/05/2022 16:10:39 PM - INFO - estimateQueueDelayDuration [-49.84565941024903] = queueDelayDelta [-0.8307609901708172] * numCount[1000]
04/05/2022 16:10:39 PM - INFO - [in this interval] signal is [Signal.UNDER_USE]
04/05/2022 16:10:39 PM - INFO - [in this interval] adaptiveThresholdGamma is [49.84565941024903]
04/05/2022 16:10:39 PM - INFO - [in this interval] state is [State.HOLD]
04/05/2022 16:10:39 PM - INFO - [in this interval] now real rate is [0.5800242424242424]mbps
04/05/2022 16:10:39 PM - INFO - [in this interval] now real rtt is [3904]
04/05/2022 16:10:39 PM - INFO - [in this interval] aimd control rate is [0.7483027318635794] mbps
04/05/2022 16:10:39 PM - INFO - [in this interval] delay-rate is [0.7483027318635794] mbps
04/05/2022 16:10:39 PM - INFO - average delay [1740.3333333333333]
04/05/2022 16:10:39 PM - INFO - average delay [1750.5]
04/05/2022 16:10:39 PM - INFO - average delay [1745.3333333333333]
04/05/2022 16:10:39 PM - INFO - average delay [1718.6666666666667]
04/05/2022 16:10:39 PM - INFO - nowTs is [99467], lastTs is [99230]
04/05/2022 16:10:39 PM - INFO - [in this interval] loss-ratio is [0.47619047619047616]
04/05/2022 16:10:39 PM - INFO - [in this interval] group num is [9]
04/05/2022 16:10:39 PM - INFO - [in this interval] delayDelta from group is [[17, -30, -9, -14, -15, -12, 11, -4]]
04/05/2022 16:10:39 PM - INFO - sample List of accDelay : [[-2081.5585005476555, -2087.30265049289, -2091.272385443601, -2094.5451468992405, -2099.1906322093164, -2102.771568988385, -2107.1944120895464, -2109.574970880592, -2111.5174737925327, -2112.565726413279, -2113.209153771951, -2112.188238394756, -2109.56941455528, -2110.212473099752, -2111.6912257897766, -2114.422103210799, -2118.379892889719, -2123.1419036007474, -2126.3277132406724, -2129.5949419166054]]
04/05/2022 16:10:39 PM - INFO - sample List of time: [[98667, 98683, 98726, 98758, 98791, 98804, 98820, 98833, 98859, 98886, 98908, 98931, 98980, 99032, 99072, 99093, 99114, 99134, 99152, 99173]]
04/05/2022 16:10:39 PM - INFO - update trend: [-0.069582171380055]
04/05/2022 16:10:39 PM - INFO - estimateQueueDelayDuration [-16.6997211312132] = queueDelayDelta [-0.27832868552022] * numCount[1000]
04/05/2022 16:10:39 PM - INFO - [in this interval] signal is [Signal.NORMAL]
04/05/2022 16:10:39 PM - INFO - [in this interval] adaptiveThresholdGamma is [49.24903252122638]
04/05/2022 16:10:39 PM - INFO - [in this interval] state is [State.INCREASE]
04/05/2022 16:10:39 PM - INFO - [in this interval] now real rate is [0.4792273641851107]mbps
04/05/2022 16:10:39 PM - INFO - [in this interval] now real rtt is [3798]
04/05/2022 16:10:39 PM - INFO - [in this interval] aimd control rate is [0.7524599692628215] mbps
04/05/2022 16:10:39 PM - INFO - [in this interval] delay-rate is [0.7524599692628215] mbps
04/05/2022 16:10:39 PM - INFO - average delay [1698.0]
04/05/2022 16:10:39 PM - INFO - average delay [1680.0]
04/05/2022 16:10:39 PM - INFO - average delay [1657.0]
04/05/2022 16:10:39 PM - INFO - average delay [1629.6]
04/05/2022 16:10:39 PM - INFO - nowTs is [99702], lastTs is [99467]
04/05/2022 16:10:39 PM - INFO - [in this interval] loss-ratio is [0.30434782608695654]
04/05/2022 16:10:39 PM - INFO - [in this interval] group num is [13]
04/05/2022 16:10:39 PM - INFO - [in this interval] delayDelta from group is [[-8, -2, -3, -12, 4, -6, -24, -1, -2, -4, 7, -1]]
04/05/2022 16:10:39 PM - INFO - sample List of accDelay : [[-2109.56941455528, -2110.212473099752, -2111.6912257897766, -2114.422103210799, -2118.379892889719, -2123.1419036007474, -2126.3277132406724, -2129.5949419166054, -2133.335447724945, -2136.9019029524507, -2140.4117126572055, -2144.770541391485, -2148.2934872523365, -2152.064138527103, -2157.8577246743926, -2163.1719522069534, -2168.154756986258, -2173.039281287632, -2176.7353531588687, -2180.161817842982]]
04/05/2022 16:10:39 PM - INFO - sample List of time: [[98980, 99032, 99072, 99093, 99114, 99134, 99152, 99173, 99216, 99238, 99251, 99268, 99281, 99295, 99309, 99335, 99349, 99362, 99388, 99415]]
04/05/2022 16:10:39 PM - INFO - update trend: [-0.18285039605809475]
04/05/2022 16:10:39 PM - INFO - estimateQueueDelayDuration [-43.88409505394274] = queueDelayDelta [-0.731401584232379] * numCount[1000]
04/05/2022 16:10:39 PM - INFO - [in this interval] signal is [Signal.NORMAL]
04/05/2022 16:10:39 PM - INFO - [in this interval] adaptiveThresholdGamma is [49.15246364681528]
04/05/2022 16:10:39 PM - INFO - [in this interval] state is [State.INCREASE]
04/05/2022 16:10:39 PM - INFO - [in this interval] now real rate is [0.5181204819277109]mbps
04/05/2022 16:10:39 PM - INFO - [in this interval] now real rtt is [3668]
04/05/2022 16:10:39 PM - INFO - [in this interval] aimd control rate is [0.7566403024253928] mbps
04/05/2022 16:10:39 PM - INFO - [in this interval] delay-rate is [0.7566403024253928] mbps
04/05/2022 16:10:39 PM - INFO - average delay [1628.8]
04/05/2022 16:10:39 PM - INFO - average delay [1645.5]
04/05/2022 16:10:39 PM - INFO - average delay [1663.0]
04/05/2022 16:10:39 PM - INFO - average delay [1636.3333333333333]
04/05/2022 16:10:39 PM - INFO - nowTs is [99946], lastTs is [99702]
04/05/2022 16:10:39 PM - INFO - [in this interval] loss-ratio is [0.35294117647058826]
04/05/2022 16:10:39 PM - INFO - [in this interval] group num is [10]
04/05/2022 16:10:39 PM - INFO - [in this interval] delayDelta from group is [[5, 11, 3, 6, -23, -8, 7, 6, -7]]
04/05/2022 16:10:39 PM - INFO - sample List of accDelay : [[-2136.9019029524507, -2140.4117126572055, -2144.770541391485, -2148.2934872523365, -2152.064138527103, -2157.8577246743926, -2163.1719522069534, -2168.154756986258, -2173.039281287632, -2176.7353531588687, -2180.161817842982, -2182.745636058684, -2183.9710724528154, -2184.773965207534, -2184.8965686867805, -2187.3069118181024, -2190.2762206362922, -2192.248598572663, -2193.4237387153967, -2195.181364843857]]
04/05/2022 16:10:39 PM - INFO - sample List of time: [[99238, 99251, 99268, 99281, 99295, 99309, 99335, 99349, 99362, 99388, 99415, 99453, 99478, 99504, 99527, 99553, 99575, 99597, 99644, 99660]]
04/05/2022 16:10:39 PM - INFO - update trend: [-0.1315385071150217]
04/05/2022 16:10:39 PM - INFO - estimateQueueDelayDuration [-31.56924170760521] = queueDelayDelta [-0.5261540284600869] * numCount[1001]
04/05/2022 16:10:39 PM - INFO - [in this interval] signal is [Signal.NORMAL]
04/05/2022 16:10:39 PM - INFO - [in this interval] adaptiveThresholdGamma is [48.8359656519095]
04/05/2022 16:10:39 PM - INFO - [in this interval] state is [State.INCREASE]
04/05/2022 16:10:39 PM - INFO - [in this interval] now real rate is [0.491792]mbps
04/05/2022 16:10:39 PM - INFO - [in this interval] now real rtt is [3686]
04/05/2022 16:10:39 PM - INFO - [in this interval] aimd control rate is [0.7608438596610894] mbps
04/05/2022 16:10:39 PM - INFO - [in this interval] delay-rate is [0.7608438596610894] mbps
04/05/2022 16:10:39 PM - INFO - average delay [1641.0]
04/05/2022 16:10:39 PM - INFO - average delay [1622.5]
04/05/2022 16:10:39 PM - INFO - average delay [1623.2]
04/05/2022 16:10:39 PM - INFO - average delay [1621.8]
04/05/2022 16:10:39 PM - INFO - nowTs is [100191], lastTs is [99946]
04/05/2022 16:10:39 PM - INFO - [in this interval] loss-ratio is [0.05263157894736842]
04/05/2022 16:10:39 PM - INFO - [in this interval] group num is [13]
04/05/2022 16:10:39 PM - INFO - [in this interval] delayDelta from group is [[-4, 5, 3, 6, -22, -1, 14, 0, 1, -8, -5, 2]]
04/05/2022 16:10:39 PM - INFO - sample List of accDelay : [[-2183.9710724528154, -2184.773965207534, -2184.8965686867805, -2187.3069118181024, -2190.2762206362922, -2192.248598572663, -2193.4237387153967, -2195.181364843857, -2197.1632283594713, -2198.446905523524, -2199.3022149711715, -2199.471993474054, -2201.824794126649, -2204.042314713984, -2204.6380832425857, -2205.1742749183272, -2205.5568474264946, -2206.7011626838453, -2208.2310464154607, -2209.4079417739144]]
04/05/2022 16:10:39 PM - INFO - sample List of time: [[99478, 99504, 99527, 99553, 99575, 99597, 99644, 99660, 99687, 99718, 99733, 99746, 99762, 99775, 99804, 99833, 99858, 99869, 99881, 99906]]
04/05/2022 16:10:39 PM - INFO - update trend: [-0.06131512993421879]
04/05/2022 16:10:39 PM - INFO - estimateQueueDelayDuration [-14.715631184212508] = queueDelayDelta [-0.24526051973687515] * numCount[1001]
04/05/2022 16:10:39 PM - INFO - [in this interval] signal is [Signal.NORMAL]
04/05/2022 16:10:39 PM - INFO - [in this interval] adaptiveThresholdGamma is [48.22179963149095]
04/05/2022 16:10:39 PM - INFO - [in this interval] state is [State.INCREASE]
04/05/2022 16:10:39 PM - INFO - [in this interval] now real rate is [0.4910429447852761]mbps
04/05/2022 16:10:39 PM - INFO - [in this interval] now real rtt is [3636]
04/05/2022 16:10:39 PM - INFO - [in this interval] aimd control rate is [0.7650707699925399] mbps
04/05/2022 16:10:39 PM - INFO - [in this interval] delay-rate is [0.7650707699925399] mbps
04/05/2022 16:10:39 PM - INFO - average delay [1618.4]
04/05/2022 16:10:39 PM - INFO - average delay [1630.0]
04/05/2022 16:10:39 PM - INFO - average delay [1620.5]
04/05/2022 16:10:39 PM - INFO - average delay [1585.3333333333333]
04/05/2022 16:10:39 PM - INFO - nowTs is [100429], lastTs is [100191]
04/05/2022 16:10:39 PM - INFO - [in this interval] loss-ratio is [0.13043478260869565]
04/05/2022 16:10:39 PM - INFO - [in this interval] group num is [14]
04/05/2022 16:10:39 PM - INFO - [in this interval] delayDelta from group is [[1, 10, 0, -5, -15, -10, 0, -9, -25, -7, 10, -10, -10]]
04/05/2022 16:10:39 PM - INFO - sample List of accDelay : [[-2204.042314713984, -2204.6380832425857, -2205.1742749183272, -2205.5568474264946, -2206.7011626838453, -2208.2310464154607, -2209.4079417739144, -2210.367147596523, -2210.2304328368705, -2210.1073895531836, -2210.496650597865, -2212.3469855380786, -2215.0122869842708, -2217.411058285844, -2220.4699524572598, -2225.722957211534, -2231.1506614903806, -2235.0355953413423, -2239.532035807208, -2244.578832226487]]
04/05/2022 16:10:39 PM - INFO - sample List of time: [[99775, 99804, 99833, 99858, 99869, 99881, 99906, 99931, 99942, 99967, 99992, 100002, 100012, 100037, 100047, 100058, 100068, 100081, 100116, 100126]]
04/05/2022 16:10:39 PM - INFO - update trend: [-0.10409326144770992]
04/05/2022 16:10:39 PM - INFO - estimateQueueDelayDuration [-24.98238274745038] = queueDelayDelta [-0.41637304579083967] * numCount[1000]
04/05/2022 16:10:39 PM - INFO - [in this interval] signal is [Signal.NORMAL]
04/05/2022 16:10:39 PM - INFO - [in this interval] adaptiveThresholdGamma is [47.80349012757822]
04/05/2022 16:10:39 PM - INFO - [in this interval] state is [State.INCREASE]
04/05/2022 16:10:39 PM - INFO - [in this interval] now real rate is [0.6318548387096774]mbps
04/05/2022 16:10:39 PM - INFO - [in this interval] now real rtt is [3512]
04/05/2022 16:10:39 PM - INFO - [in this interval] aimd control rate is [0.7693211631591651] mbps
04/05/2022 16:10:39 PM - INFO - [in this interval] delay-rate is [0.7693211631591651] mbps
04/05/2022 16:10:39 PM - INFO - average delay [1563.0]
04/05/2022 16:10:39 PM - INFO - average delay [1559.25]
04/05/2022 16:10:39 PM - INFO - average delay [1577.6666666666667]
04/05/2022 16:10:39 PM - INFO - average delay [1587.3333333333333]
04/05/2022 16:10:39 PM - INFO - nowTs is [100669], lastTs is [100429]
04/05/2022 16:10:39 PM - INFO - [in this interval] loss-ratio is [0.13043478260869565]
04/05/2022 16:10:39 PM - INFO - [in this interval] group num is [11]
04/05/2022 16:10:39 PM - INFO - [in this interval] delayDelta from group is [[-2, 20, 4, 11, 8, -15, -8, 1, -17, -5]]
04/05/2022 16:10:39 PM - INFO - sample List of accDelay : [[-2210.496650597865, -2212.3469855380786, -2215.0122869842708, -2217.411058285844, -2220.4699524572598, -2225.722957211534, -2231.1506614903806, -2235.0355953413423, -2239.532035807208, -2244.578832226487, -2249.3209490038385, -2251.5888541034547, -2253.229968693109, -2253.606971823798, -2253.1462746414186, -2254.231647177277, -2256.008482459549, -2257.5076342135944, -2260.556870792235, -2263.8011837130116]]
04/05/2022 16:10:39 PM - INFO - sample List of time: [[99992, 100002, 100012, 100037, 100047, 100058, 100068, 100081, 100116, 100126, 100174, 100187, 100232, 100251, 100282, 100305, 100315, 100327, 100338, 100361]]
04/05/2022 16:10:39 PM - INFO - update trend: [-0.13336777117929763]
04/05/2022 16:10:39 PM - INFO - estimateQueueDelayDuration [-32.00826508303143] = queueDelayDelta [-0.5334710847171905] * numCount[1000]
04/05/2022 16:10:39 PM - INFO - [in this interval] signal is [Signal.NORMAL]
04/05/2022 16:10:39 PM - INFO - [in this interval] adaptiveThresholdGamma is [47.51917607677638]
04/05/2022 16:10:39 PM - INFO - [in this interval] state is [State.INCREASE]
04/05/2022 16:10:39 PM - INFO - [in this interval] now real rate is [0.728734693877551]mbps
04/05/2022 16:10:39 PM - INFO - [in this interval] now real rtt is [3512]
04/05/2022 16:10:39 PM - INFO - [in this interval] aimd control rate is [0.7735951696211604] mbps
04/05/2022 16:10:39 PM - INFO - [in this interval] delay-rate is [0.7735951696211604] mbps
04/05/2022 16:10:39 PM - INFO - average delay [1556.3333333333333]
04/05/2022 16:10:39 PM - INFO - average delay [1515.5]
04/05/2022 16:10:39 PM - INFO - average delay [1502.25]
04/05/2022 16:10:39 PM - INFO - average delay [1488.0]
04/05/2022 16:10:39 PM - INFO - nowTs is [100907], lastTs is [100669]
04/05/2022 16:10:39 PM - INFO - [in this interval] loss-ratio is [0.125]
04/05/2022 16:10:39 PM - INFO - [in this interval] group num is [12]
04/05/2022 16:10:39 PM - INFO - [in this interval] delayDelta from group is [[-25, -23, 8, -6, 8, -17, 3, -12, -16, -12, -16]]
04/05/2022 16:10:39 PM - INFO - sample List of accDelay : [[-2251.5888541034547, -2253.229968693109, -2253.606971823798, -2253.1462746414186, -2254.231647177277, -2256.008482459549, -2257.5076342135944, -2260.556870792235, -2263.8011837130116, -2269.2210653417105, -2276.3989588075397, -2282.0590629267854, -2287.753156634107, -2292.0778409706963, -2297.670056873627, -2302.4030511862643, -2307.8627460676375, -2314.376471460874, -2321.438824314787, -2329.394941883308]]
04/05/2022 16:10:39 PM - INFO - sample List of time: [[100187, 100232, 100251, 100282, 100305, 100315, 100327, 100338, 100361, 100407, 100417, 100429, 100467, 100486, 100504, 100522, 100560, 100578, 100597, 100615]]
04/05/2022 16:10:39 PM - INFO - update trend: [-0.19350047877487736]
04/05/2022 16:10:39 PM - INFO - estimateQueueDelayDuration [-46.44011490597057] = queueDelayDelta [-0.7740019150995094] * numCount[1001]
04/05/2022 16:10:39 PM - INFO - [in this interval] signal is [Signal.NORMAL]
04/05/2022 16:10:39 PM - INFO - [in this interval] adaptiveThresholdGamma is [47.49975297570188]
04/05/2022 16:10:39 PM - INFO - [in this interval] state is [State.INCREASE]
04/05/2022 16:10:39 PM - INFO - [in this interval] now real rate is [0.6901224489795919]mbps
04/05/2022 16:10:39 PM - INFO - [in this interval] now real rtt is [3278]
04/05/2022 16:10:39 PM - INFO - [in this interval] aimd control rate is [0.7778929205635001] mbps
04/05/2022 16:10:39 PM - INFO - [in this interval] delay-rate is [0.7778929205635001] mbps
04/05/2022 16:10:39 PM - INFO - average delay [1461.0]
04/05/2022 16:10:39 PM - INFO - average delay [1468.5]
04/05/2022 16:10:39 PM - INFO - average delay [1480.0]
04/05/2022 16:10:39 PM - INFO - average delay [1528.0]
04/05/2022 16:10:39 PM - INFO - nowTs is [101152], lastTs is [100907]
04/05/2022 16:10:39 PM - INFO - [in this interval] loss-ratio is [0.2]
04/05/2022 16:10:39 PM - INFO - [in this interval] group num is [6]
04/05/2022 16:10:39 PM - INFO - [in this interval] delayDelta from group is [[5, 46, 22, 21, -11]]
04/05/2022 16:10:39 PM - INFO - sample List of accDelay : [[-2256.008482459549, -2257.5076342135944, -2260.556870792235, -2263.8011837130116, -2269.2210653417105, -2276.3989588075397, -2282.0590629267854, -2287.753156634107, -2292.0778409706963, -2297.670056873627, -2302.4030511862643, -2307.8627460676375, -2314.376471460874, -2321.438824314787, -2329.394941883308, -2336.0554476949774, -2337.44990292548, -2336.5049126329322, -2333.554421369639, -2331.998979232675]]
04/05/2022 16:10:39 PM - INFO - sample List of time: [[100315, 100327, 100338, 100361, 100407, 100417, 100429, 100467, 100486, 100504, 100522, 100560, 100578, 100597, 100615, 100666, 100701, 100767, 100799, 100855]]
04/05/2022 16:10:39 PM - INFO - update trend: [-0.17310697748699935]
04/05/2022 16:10:39 PM - INFO - estimateQueueDelayDuration [-41.54567459687984] = queueDelayDelta [-0.6924279099479974] * numCount[1000]
04/05/2022 16:10:39 PM - INFO - [in this interval] signal is [Signal.NORMAL]
04/05/2022 16:10:39 PM - INFO - [in this interval] adaptiveThresholdGamma is [47.392579564883086]
04/05/2022 16:10:39 PM - INFO - [in this interval] state is [State.INCREASE]
04/05/2022 16:10:39 PM - INFO - [in this interval] now real rate is [0.4618828282828283]mbps
04/05/2022 16:10:39 PM - INFO - [in this interval] now real rtt is [3498]
04/05/2022 16:10:39 PM - INFO - [in this interval] aimd control rate is [0.782214547899964] mbps
04/05/2022 16:10:39 PM - INFO - [in this interval] delay-rate is [0.782214547899964] mbps
04/05/2022 16:10:39 PM - INFO - average delay [1550.3333333333333]
04/05/2022 16:10:39 PM - INFO - average delay [1556.5]
04/05/2022 16:10:39 PM - INFO - average delay [1578.3333333333333]
04/05/2022 16:10:39 PM - INFO - average delay [1599.3333333333333]
04/05/2022 16:10:39 PM - INFO - nowTs is [101389], lastTs is [101152]
04/05/2022 16:10:39 PM - INFO - [in this interval] loss-ratio is [0.0]
04/05/2022 16:10:39 PM - INFO - [in this interval] group num is [8]
04/05/2022 16:10:39 PM - INFO - [in this interval] delayDelta from group is [[9, 3, 23, 14, 5, -2, 3]]
04/05/2022 16:10:39 PM - INFO - sample List of accDelay : [[-2287.753156634107, -2292.0778409706963, -2297.670056873627, -2302.4030511862643, -2307.8627460676375, -2314.376471460874, -2321.438824314787, -2329.394941883308, -2336.0554476949774, -2337.44990292548, -2336.5049126329322, -2333.554421369639, -2331.998979232675, -2329.6990813094076, -2327.3291731784666, -2322.89625586062, -2317.506630274558, -2312.1559672471026, -2307.540370522392, -2303.0863334701526]]
04/05/2022 16:10:39 PM - INFO - sample List of time: [[100467, 100486, 100504, 100522, 100560, 100578, 100597, 100615, 100666, 100701, 100767, 100799, 100855, 100926, 100950, 100973, 101021, 101045, 101080, 101098]]
04/05/2022 16:10:39 PM - INFO - update trend: [-0.021245333813514573]
04/05/2022 16:10:39 PM - INFO - estimateQueueDelayDuration [-5.098880115243498] = queueDelayDelta [-0.0849813352540583] * numCount[1001]
04/05/2022 16:10:39 PM - INFO - [in this interval] signal is [Signal.NORMAL]
04/05/2022 16:10:39 PM - INFO - [in this interval] adaptiveThresholdGamma is [46.631292974789574]
04/05/2022 16:10:39 PM - INFO - [in this interval] state is [State.INCREASE]
04/05/2022 16:10:39 PM - INFO - [in this interval] now real rate is [0.397908713692946]mbps
04/05/2022 16:10:39 PM - INFO - [in this interval] now real rtt is [3642]
04/05/2022 16:10:39 PM - INFO - [in this interval] aimd control rate is [0.7865601842771861] mbps
04/05/2022 16:10:39 PM - INFO - [in this interval] delay-rate is [0.7865601842771861] mbps
04/05/2022 16:10:39 PM - INFO - average delay [1616.75]
04/05/2022 16:10:39 PM - INFO - average delay [1584.0]
04/05/2022 16:10:39 PM - INFO - average delay [1534.75]
04/05/2022 16:10:39 PM - INFO - average delay [1486.0]
04/05/2022 16:10:39 PM - INFO - nowTs is [101630], lastTs is [101389]
04/05/2022 16:10:39 PM - INFO - [in this interval] loss-ratio is [0.045454545454545456]
04/05/2022 16:10:39 PM - INFO - [in this interval] group num is [16]
04/05/2022 16:10:39 PM - INFO - [in this interval] delayDelta from group is [[-29, -2, -17, -12, -17, -15, -17, -1, -10, -10, -1, -15, -20, -19, -22]]
04/05/2022 16:10:39 PM - INFO - sample List of accDelay : [[-2322.89625586062, -2317.506630274558, -2312.1559672471026, -2307.540370522392, -2303.0863334701526, -2301.9777001231373, -2301.1799301108235, -2302.161937099741, -2304.245743389767, -2307.8211690507906, -2312.5390521457116, -2318.48514693114, -2323.9366322380265, -2329.842969014224, -2336.1586721128015, -2341.9428049015214, -2348.6485244113696, -2356.683671970233, -2365.8153047732094, -2376.2337742958885]]
04/05/2022 16:10:39 PM - INFO - sample List of time: [[100973, 101021, 101045, 101080, 101098, 101134, 101150, 101168, 101186, 101204, 101222, 101242, 101255, 101264, 101279, 101289, 101303, 101318, 101333, 101349]]
04/05/2022 16:10:39 PM - INFO - update trend: [-0.14510367341433505]
04/05/2022 16:10:39 PM - INFO - estimateQueueDelayDuration [-34.82488161944041] = queueDelayDelta [-0.5804146936573402] * numCount[1000]
04/05/2022 16:10:39 PM - INFO - [in this interval] signal is [Signal.NORMAL]
04/05/2022 16:10:39 PM - INFO - [in this interval] adaptiveThresholdGamma is [46.41877757039329]
04/05/2022 16:10:39 PM - INFO - [in this interval] state is [State.INCREASE]
04/05/2022 16:10:39 PM - INFO - [in this interval] now real rate is [0.5850376569037656]mbps
04/05/2022 16:10:39 PM - INFO - [in this interval] now real rtt is [3194]
04/05/2022 16:10:39 PM - INFO - [in this interval] aimd control rate is [0.790929963078726] mbps
04/05/2022 16:10:39 PM - INFO - [in this interval] delay-rate is [0.790929963078726] mbps
04/05/2022 16:10:39 PM - INFO - average delay [1434.5]
04/05/2022 16:10:39 PM - INFO - average delay [1375.75]
04/05/2022 16:10:39 PM - INFO - average delay [1350.75]
04/05/2022 16:10:39 PM - INFO - average delay [1358.6666666666667]
04/05/2022 16:10:39 PM - INFO - nowTs is [101863], lastTs is [101630]
04/05/2022 16:10:39 PM - INFO - [in this interval] loss-ratio is [0.0]
04/05/2022 16:10:39 PM - INFO - [in this interval] group num is [9]
04/05/2022 16:10:39 PM - INFO - [in this interval] delayDelta from group is [[-19, -11, 1, -13, -5, 10, 17, 10]]
04/05/2022 16:10:39 PM - INFO - sample List of accDelay : [[-2304.245743389767, -2307.8211690507906, -2312.5390521457116, -2318.48514693114, -2323.9366322380265, -2329.842969014224, -2336.1586721128015, -2341.9428049015214, -2348.6485244113696, -2356.683671970233, -2365.8153047732094, -2376.2337742958885, -2387.5103968662997, -2398.7593571796697, -2408.783421461703, -2419.1050793155323, -2428.894571383979, -2436.7051142455807, -2442.034602821023, -2445.8311425389206]]
04/05/2022 16:10:39 PM - INFO - sample List of time: [[101186, 101204, 101222, 101242, 101255, 101264, 101279, 101289, 101303, 101318, 101333, 101349, 101365, 101381, 101390, 101406, 101423, 101453, 101498, 101545]]
04/05/2022 16:10:39 PM - INFO - update trend: [-0.48323794511552626]
04/05/2022 16:10:39 PM - INFO - estimateQueueDelayDuration [-115.9771068277263] = queueDelayDelta [-1.932951780462105] * numCount[1000]
04/05/2022 16:10:39 PM - INFO - [in this interval] signal is [Signal.UNDER_USE]
04/05/2022 16:10:39 PM - INFO - [in this interval] adaptiveThresholdGamma is [46.41877757039329]
04/05/2022 16:10:39 PM - INFO - [in this interval] state is [State.HOLD]
04/05/2022 16:10:39 PM - INFO - [in this interval] now real rate is [0.601040650406504]mbps
04/05/2022 16:10:39 PM - INFO - [in this interval] now real rtt is [3190]
04/05/2022 16:10:39 PM - INFO - [in this interval] aimd control rate is [0.790929963078726] mbps
04/05/2022 16:10:39 PM - INFO - [in this interval] delay-rate is [0.790929963078726] mbps
04/05/2022 16:10:39 PM - INFO - average delay [1384.0]
04/05/2022 16:10:39 PM - INFO - average delay [1397.6666666666667]
04/05/2022 16:10:39 PM - INFO - average delay [1428.6666666666667]
04/05/2022 16:10:39 PM - INFO - average delay [1459.3333333333333]
04/05/2022 16:10:39 PM - INFO - nowTs is [102102], lastTs is [101863]
04/05/2022 16:10:39 PM - INFO - [in this interval] loss-ratio is [0.0]
04/05/2022 16:10:39 PM - INFO - [in this interval] group num is [4]
04/05/2022 16:10:39 PM - INFO - [in this interval] delayDelta from group is [[49, 20, 19]]
04/05/2022 16:10:39 PM - INFO - sample List of accDelay : [[-2318.48514693114, -2323.9366322380265, -2329.842969014224, -2336.1586721128015, -2341.9428049015214, -2348.6485244113696, -2356.683671970233, -2365.8153047732094, -2376.2337742958885, -2387.5103968662997, -2398.7593571796697, -2408.783421461703, -2419.1050793155323, -2428.894571383979, -2436.7051142455807, -2442.034602821023, -2445.8311425389206, -2444.3480282850287, -2441.013225456526, -2436.111902910873]]
04/05/2022 16:10:39 PM - INFO - sample List of time: [[101242, 101255, 101264, 101279, 101289, 101303, 101318, 101333, 101349, 101365, 101381, 101390, 101406, 101423, 101453, 101498, 101545, 101636, 101715, 101770]]
04/05/2022 16:10:39 PM - INFO - update trend: [-0.2558464648726659]
04/05/2022 16:10:39 PM - INFO - estimateQueueDelayDuration [-61.403151569439814] = queueDelayDelta [-1.0233858594906635] * numCount[1001]
04/05/2022 16:10:39 PM - INFO - [in this interval] signal is [Signal.UNDER_USE]
04/05/2022 16:10:39 PM - INFO - [in this interval] adaptiveThresholdGamma is [61.403151569439814]
04/05/2022 16:10:39 PM - INFO - [in this interval] state is [State.HOLD]
04/05/2022 16:10:39 PM - INFO - [in this interval] now real rate is [0.41901612903225804]mbps
04/05/2022 16:10:39 PM - INFO - [in this interval] now real rtt is [3388]
04/05/2022 16:10:39 PM - INFO - [in this interval] aimd control rate is [0.790929963078726] mbps
04/05/2022 16:10:39 PM - INFO - [in this interval] delay-rate is [0.790929963078726] mbps
04/05/2022 16:10:39 PM - INFO - average delay [1479.6666666666667]
04/05/2022 16:10:39 PM - INFO - average delay [1480.4]
04/05/2022 16:10:39 PM - INFO - average delay [1473.0]
04/05/2022 16:10:39 PM - INFO - average delay [1469.5]
04/05/2022 16:10:39 PM - INFO - nowTs is [102334], lastTs is [102102]
04/05/2022 16:10:39 PM - INFO - [in this interval] loss-ratio is [0.0]
04/05/2022 16:10:39 PM - INFO - [in this interval] group num is [7]
04/05/2022 16:10:39 PM - INFO - [in this interval] delayDelta from group is [[-7, -5, 0, -3, -3, 23]]
04/05/2022 16:10:39 PM - INFO - sample List of accDelay : [[-2356.683671970233, -2365.8153047732094, -2376.2337742958885, -2387.5103968662997, -2398.7593571796697, -2408.783421461703, -2419.1050793155323, -2428.894571383979, -2436.7051142455807, -2442.034602821023, -2445.8311425389206, -2444.3480282850287, -2441.013225456526, -2436.111902910873, -2432.400712619786, -2429.5606413578075, -2427.004577222027, -2425.004119499824, -2423.5037075498417, -2419.8533367948576]]
04/05/2022 16:10:39 PM - INFO - sample List of time: [[101318, 101333, 101349, 101365, 101381, 101390, 101406, 101423, 101453, 101498, 101545, 101636, 101715, 101770, 101856, 101884, 101914, 101944, 101976, 102008]]
04/05/2022 16:10:39 PM - INFO - update trend: [-0.057697115361378025]
04/05/2022 16:10:39 PM - INFO - estimateQueueDelayDuration [-13.847307686730726] = queueDelayDelta [-0.2307884614455121] * numCount[1001]
04/05/2022 16:10:39 PM - INFO - [in this interval] signal is [Signal.NORMAL]
04/05/2022 16:10:39 PM - INFO - [in this interval] adaptiveThresholdGamma is [60.54714637955105]
04/05/2022 16:10:39 PM - INFO - [in this interval] state is [State.INCREASE]
04/05/2022 16:10:39 PM - INFO - [in this interval] now real rate is [0.452]mbps
04/05/2022 16:10:39 PM - INFO - [in this interval] now real rtt is [3392]
04/05/2022 16:10:39 PM - INFO - [in this interval] aimd control rate is [0.7953240184291633] mbps
04/05/2022 16:10:39 PM - INFO - [in this interval] delay-rate is [0.7953240184291633] mbps
04/05/2022 16:10:39 PM - INFO - average delay [1478.5]
04/05/2022 16:10:39 PM - INFO - average delay [1497.6666666666667]
04/05/2022 16:10:39 PM - INFO - average delay [1522.0]
04/05/2022 16:10:39 PM - INFO - average delay [1535.3333333333333]
04/05/2022 16:10:39 PM - INFO - nowTs is [102591], lastTs is [102334]
04/05/2022 16:10:39 PM - INFO - [in this interval] loss-ratio is [0.0]
04/05/2022 16:10:39 PM - INFO - [in this interval] group num is [6]
04/05/2022 16:10:39 PM - INFO - [in this interval] delayDelta from group is [[11, 17, 11, 14, -1]]
04/05/2022 16:10:39 PM - INFO - sample List of accDelay : [[-2408.783421461703, -2419.1050793155323, -2428.894571383979, -2436.7051142455807, -2442.034602821023, -2445.8311425389206, -2444.3480282850287, -2441.013225456526, -2436.111902910873, -2432.400712619786, -2429.5606413578075, -2427.004577222027, -2425.004119499824, -2423.5037075498417, -2419.8533367948576, -2415.4680031153716, -2409.8212028038347, -2403.639082523451, -2396.6751742711062, -2390.507656843996]]
04/05/2022 16:10:39 PM - INFO - sample List of time: [[101390, 101406, 101423, 101453, 101498, 101545, 101636, 101715, 101770, 101856, 101884, 101914, 101944, 101976, 102008, 102106, 102152, 102199, 102245, 102294]]
04/05/2022 16:10:39 PM - INFO - update trend: [0.03408043862133149]
04/05/2022 16:10:39 PM - INFO - estimateQueueDelayDuration [8.179305269119558] = queueDelayDelta [0.13632175448532596] * numCount[1000]
04/05/2022 16:10:39 PM - INFO - [in this interval] signal is [Signal.NORMAL]
04/05/2022 16:10:39 PM - INFO - [in this interval] adaptiveThresholdGamma is [59.60452523956329]
04/05/2022 16:10:39 PM - INFO - [in this interval] state is [State.INCREASE]
04/05/2022 16:10:39 PM - INFO - [in this interval] now real rate is [0.5263640081799591]mbps
04/05/2022 16:10:39 PM - INFO - [in this interval] now real rtt is [3516]
04/05/2022 16:10:39 PM - INFO - [in this interval] aimd control rate is [0.7997424851982143] mbps
04/05/2022 16:10:39 PM - INFO - [in this interval] delay-rate is [0.7997424851982143] mbps
04/05/2022 16:10:39 PM - INFO - average delay [1552.3333333333333]
04/05/2022 16:10:39 PM - INFO - average delay [1574.5]
04/05/2022 16:10:39 PM - INFO - average delay [1594.3333333333333]
04/05/2022 16:10:39 PM - INFO - average delay [1608.0]
04/05/2022 16:10:39 PM - INFO - nowTs is [102818], lastTs is [102591]
04/05/2022 16:10:39 PM - INFO - [in this interval] loss-ratio is [0.0]
04/05/2022 16:10:39 PM - INFO - [in this interval] group num is [6]
04/05/2022 16:10:39 PM - INFO - [in this interval] delayDelta from group is [[14, 15, 11, 7, -9]]
04/05/2022 16:10:39 PM - INFO - sample List of accDelay : [[-2445.8311425389206, -2444.3480282850287, -2441.013225456526, -2436.111902910873, -2432.400712619786, -2429.5606413578075, -2427.004577222027, -2425.004119499824, -2423.5037075498417, -2419.8533367948576, -2415.4680031153716, -2409.8212028038347, -2403.639082523451, -2396.6751742711062, -2390.507656843996, -2383.556891159596, -2375.8012020436363, -2367.7210818392728, -2359.7489736553453, -2353.4740762898105]]
04/05/2022 16:10:39 PM - INFO - sample List of time: [[101545, 101636, 101715, 101770, 101856, 101884, 101914, 101944, 101976, 102008, 102106, 102152, 102199, 102245, 102294, 102342, 102391, 102441, 102482, 102524]]
04/05/2022 16:10:39 PM - INFO - update trend: [0.09628896853253857]
04/05/2022 16:10:39 PM - INFO - estimateQueueDelayDuration [23.109352447809258] = queueDelayDelta [0.3851558741301543] * numCount[1001]
04/05/2022 16:10:39 PM - INFO - [in this interval] signal is [Signal.NORMAL]
04/05/2022 16:10:39 PM - INFO - [in this interval] adaptiveThresholdGamma is [58.947612129311715]
04/05/2022 16:10:39 PM - INFO - [in this interval] state is [State.INCREASE]
04/05/2022 16:10:39 PM - INFO - [in this interval] now real rate is [0.46396694214876033]mbps
04/05/2022 16:10:39 PM - INFO - [in this interval] now real rtt is [3630]
04/05/2022 16:10:39 PM - INFO - [in this interval] aimd control rate is [0.804185499004871] mbps
04/05/2022 16:10:39 PM - INFO - [in this interval] delay-rate is [0.804185499004871] mbps
04/05/2022 16:10:39 PM - INFO - average delay [1615.6666666666667]
04/05/2022 16:10:39 PM - INFO - average delay [1641.0]
04/05/2022 16:10:39 PM - INFO - average delay [1669.5]
04/05/2022 16:10:39 PM - INFO - average delay [1695.0]
04/05/2022 16:10:39 PM - INFO - nowTs is [103074], lastTs is [102818]
04/05/2022 16:10:39 PM - INFO - [in this interval] loss-ratio is [0.0]
04/05/2022 16:10:39 PM - INFO - [in this interval] group num is [4]
04/05/2022 16:10:39 PM - INFO - [in this interval] delayDelta from group is [[18, 51, 52]]
04/05/2022 16:10:39 PM - INFO - sample List of accDelay : [[-2436.111902910873, -2432.400712619786, -2429.5606413578075, -2427.004577222027, -2425.004119499824, -2423.5037075498417, -2419.8533367948576, -2415.4680031153716, -2409.8212028038347, -2403.639082523451, -2396.6751742711062, -2390.507656843996, -2383.556891159596, -2375.8012020436363, -2367.7210818392728, -2359.7489736553453, -2353.4740762898105, -2346.0266686608297, -2334.224001794747, -2318.4016016152723]]
04/05/2022 16:10:39 PM - INFO - sample List of time: [[101770, 101856, 101884, 101914, 101944, 101976, 102008, 102106, 102152, 102199, 102245, 102294, 102342, 102391, 102441, 102482, 102524, 102585, 102628, 102714]]
04/05/2022 16:10:39 PM - INFO - update trend: [0.12356348908069197]
04/05/2022 16:10:39 PM - INFO - estimateQueueDelayDuration [29.65523737936607] = queueDelayDelta [0.49425395632276786] * numCount[1000]
04/05/2022 16:10:39 PM - INFO - [in this interval] signal is [Signal.NORMAL]
04/05/2022 16:10:39 PM - INFO - [in this interval] adaptiveThresholdGamma is [58.42034938381269]
04/05/2022 16:10:39 PM - INFO - [in this interval] state is [State.INCREASE]
04/05/2022 16:10:39 PM - INFO - [in this interval] now real rate is [0.4106004140786749]mbps
04/05/2022 16:10:39 PM - INFO - [in this interval] now real rtt is [3932]
04/05/2022 16:10:39 PM - INFO - [in this interval] aimd control rate is [0.8086531962215647] mbps
04/05/2022 16:10:39 PM - INFO - [in this interval] delay-rate is [0.8086531962215647] mbps
04/05/2022 16:10:39 PM - INFO - average delay [1747.0]
04/05/2022 16:10:39 PM - INFO - average delay [1785.0]
04/05/2022 16:10:39 PM - INFO - average delay [1807.6666666666667]
04/05/2022 16:10:39 PM - INFO - average delay [1838.3333333333333]
04/05/2022 16:10:39 PM - INFO - nowTs is [103311], lastTs is [103074]
04/05/2022 16:10:39 PM - INFO - [in this interval] loss-ratio is [0.25]
04/05/2022 16:10:39 PM - INFO - [in this interval] group num is [5]
04/05/2022 16:10:39 PM - INFO - [in this interval] delayDelta from group is [[53, 11, 10, 9]]
04/05/2022 16:10:39 PM - INFO - sample List of accDelay : [[-2425.004119499824, -2423.5037075498417, -2419.8533367948576, -2415.4680031153716, -2409.8212028038347, -2403.639082523451, -2396.6751742711062, -2390.507656843996, -2383.556891159596, -2375.8012020436363, -2367.7210818392728, -2359.7489736553453, -2353.4740762898105, -2346.0266686608297, -2334.224001794747, -2318.4016016152723, -2298.861441453745, -2280.1752973083703, -2262.357767577533, -2245.42199081978]]
04/05/2022 16:10:39 PM - INFO - sample List of time: [[101944, 101976, 102008, 102106, 102152, 102199, 102245, 102294, 102342, 102391, 102441, 102482, 102524, 102585, 102628, 102714, 102870, 102968, 102989, 103014]]
04/05/2022 16:10:39 PM - INFO - update trend: [0.15967557100264998]
04/05/2022 16:10:39 PM - INFO - estimateQueueDelayDuration [38.322137040635994] = queueDelayDelta [0.6387022840105999] * numCount[1000]
04/05/2022 16:10:39 PM - INFO - [in this interval] signal is [Signal.NORMAL]
04/05/2022 16:10:39 PM - INFO - [in this interval] adaptiveThresholdGamma is [58.05858156163551]
04/05/2022 16:10:39 PM - INFO - [in this interval] state is [State.INCREASE]
04/05/2022 16:10:39 PM - INFO - [in this interval] now real rate is [0.38520081135902634]mbps
04/05/2022 16:10:39 PM - INFO - [in this interval] now real rtt is [4176]
04/05/2022 16:10:39 PM - INFO - [in this interval] aimd control rate is [0.8131457139783512] mbps
04/05/2022 16:10:39 PM - INFO - [in this interval] delay-rate is [0.8131457139783512] mbps
04/05/2022 16:10:39 PM - INFO - average delay [1878.6666666666665]
04/05/2022 16:10:39 PM - INFO - average delay [1897.5]
04/05/2022 16:10:39 PM - INFO - average delay [1893.6666666666665]
04/05/2022 16:10:39 PM - INFO - average delay [1875.6666666666665]
04/05/2022 16:10:39 PM - INFO - nowTs is [103549], lastTs is [103311]
04/05/2022 16:10:39 PM - INFO - [in this interval] loss-ratio is [0.18181818181818182]
04/05/2022 16:10:39 PM - INFO - [in this interval] group num is [8]
04/05/2022 16:10:39 PM - INFO - [in this interval] delayDelta from group is [[3, -7, -2, -5, -7, 2, 1]]
04/05/2022 16:10:39 PM - INFO - sample List of accDelay : [[-2390.507656843996, -2383.556891159596, -2375.8012020436363, -2367.7210818392728, -2359.7489736553453, -2353.4740762898105, -2346.0266686608297, -2334.224001794747, -2318.4016016152723, -2298.861441453745, -2280.1752973083703, -2262.357767577533, -2245.42199081978, -2229.879791737802, -2216.591812564022, -2204.8326313076195, -2194.7493681768574, -2186.374431359172, -2178.636988223255, -2171.5732894009293]]
04/05/2022 16:10:39 PM - INFO - sample List of time: [[102294, 102342, 102391, 102441, 102482, 102524, 102585, 102628, 102714, 102870, 102968, 102989, 103014, 103066, 103094, 103122, 103150, 103180, 103208, 103240]]
04/05/2022 16:10:39 PM - INFO - update trend: [0.23164832718157732]
04/05/2022 16:10:39 PM - INFO - estimateQueueDelayDuration [55.59559852357856] = queueDelayDelta [0.9265933087263093] * numCount[1001]
04/05/2022 16:10:39 PM - INFO - [in this interval] signal is [Signal.NORMAL]
04/05/2022 16:10:39 PM - INFO - [in this interval] adaptiveThresholdGamma is [58.01424786695049]
04/05/2022 16:10:39 PM - INFO - [in this interval] state is [State.INCREASE]
04/05/2022 16:10:39 PM - INFO - [in this interval] now real rate is [0.40909473684210523]mbps
04/05/2022 16:10:39 PM - INFO - [in this interval] now real rtt is [4162]
04/05/2022 16:10:39 PM - INFO - [in this interval] aimd control rate is [0.8176631901671199] mbps
04/05/2022 16:10:39 PM - INFO - [in this interval] delay-rate is [0.8176631901671199] mbps
04/05/2022 16:10:39 PM - INFO - average delay [1875.0]
04/05/2022 16:10:39 PM - INFO - average delay [1912.0]
04/05/2022 16:10:39 PM - INFO - average delay [1942.0]
04/05/2022 16:10:39 PM - INFO - average delay [1986.0]
04/05/2022 16:10:39 PM - INFO - nowTs is [103793], lastTs is [103549]
04/05/2022 16:10:39 PM - INFO - [in this interval] loss-ratio is [0.0]
04/05/2022 16:10:39 PM - INFO - [in this interval] group num is [5]
04/05/2022 16:10:39 PM - INFO - [in this interval] delayDelta from group is [[22, 47, 40, 4]]
04/05/2022 16:10:39 PM - INFO - sample List of accDelay : [[-2359.7489736553453, -2353.4740762898105, -2346.0266686608297, -2334.224001794747, -2318.4016016152723, -2298.861441453745, -2280.1752973083703, -2262.357767577533, -2245.42199081978, -2229.879791737802, -2216.591812564022, -2204.8326313076195, -2194.7493681768574, -2186.374431359172, -2178.636988223255, -2171.5732894009293, -2163.0159604608366, -2150.614364414753, -2135.4529279732774, -2121.4076351759495]]
04/05/2022 16:10:39 PM - INFO - sample List of time: [[102482, 102524, 102585, 102628, 102714, 102870, 102968, 102989, 103014, 103066, 103094, 103122, 103150, 103180, 103208, 103240, 103312, 103344, 103416, 103486]]
04/05/2022 16:10:39 PM - INFO - update trend: [0.2545138456508004]
04/05/2022 16:10:39 PM - INFO - estimateQueueDelayDuration [61.08332295619209] = queueDelayDelta [1.0180553826032015] * numCount[1001]
04/05/2022 16:10:39 PM - INFO - [in this interval] signal is [Signal.NORMAL]
04/05/2022 16:10:39 PM - INFO - [in this interval] adaptiveThresholdGamma is [61.08332295619209]
04/05/2022 16:10:39 PM - INFO - [in this interval] state is [State.INCREASE]
04/05/2022 16:10:39 PM - INFO - [in this interval] now real rate is [0.36263900414937755]mbps
04/05/2022 16:10:39 PM - INFO - [in this interval] now real rtt is [4450]
04/05/2022 16:10:39 PM - INFO - [in this interval] aimd control rate is [0.822205763445826] mbps
04/05/2022 16:10:39 PM - INFO - [in this interval] delay-rate is [0.822205763445826] mbps
04/05/2022 16:10:39 PM - INFO - average delay [2023.0]
04/05/2022 16:10:39 PM - INFO - average delay [2055.0]
04/05/2022 16:10:39 PM - INFO - average delay [2074.5]
04/05/2022 16:10:39 PM - INFO - average delay [2107.0]
04/05/2022 16:10:39 PM - INFO - nowTs is [104024], lastTs is [103793]
04/05/2022 16:10:39 PM - INFO - [in this interval] loss-ratio is [0.0]
04/05/2022 16:10:39 PM - INFO - [in this interval] group num is [5]
04/05/2022 16:10:39 PM - INFO - [in this interval] delayDelta from group is [[34, 26, 5, -4]]
04/05/2022 16:10:39 PM - INFO - sample List of accDelay : [[-2318.4016016152723, -2298.861441453745, -2280.1752973083703, -2262.357767577533, -2245.42199081978, -2229.879791737802, -2216.591812564022, -2204.8326313076195, -2194.7493681768574, -2186.374431359172, -2178.636988223255, -2171.5732894009293, -2163.0159604608366, -2150.614364414753, -2135.4529279732774, -2121.4076351759495, -2105.3668716583547, -2088.330184492519, -2072.497166043267, -2058.6474494389404]]
04/05/2022 16:10:39 PM - INFO - sample List of time: [[102714, 102870, 102968, 102989, 103014, 103066, 103094, 103122, 103150, 103180, 103208, 103240, 103312, 103344, 103416, 103486, 103555, 103624, 103680, 103720]]
04/05/2022 16:10:39 PM - INFO - update trend: [0.26660676691937385]
04/05/2022 16:10:39 PM - INFO - estimateQueueDelayDuration [63.98562406064973] = queueDelayDelta [1.0664270676774954] * numCount[1001]
04/05/2022 16:10:39 PM - INFO - [in this interval] signal is [Signal.OVER_USE]
04/05/2022 16:10:39 PM - INFO - [in this interval] adaptiveThresholdGamma is [63.98562406064973]
04/05/2022 16:10:39 PM - INFO - [in this interval] state is [State.DECREASE]
04/05/2022 16:10:39 PM - INFO - [in this interval] now real rate is [0.3840336842105263]mbps
04/05/2022 16:10:39 PM - INFO - [in this interval] now real rtt is [4632]
04/05/2022 16:10:39 PM - INFO - [in this interval] aimd control rate is [0.32642863157894736] mbps
04/05/2022 16:10:39 PM - INFO - [in this interval] delay-rate is [0.32642863157894736] mbps
04/05/2022 16:10:39 PM - INFO - average delay [2111.5]
04/05/2022 16:10:39 PM - INFO - average delay [2110.5]
04/05/2022 16:10:39 PM - INFO - average delay [2092.75]
04/05/2022 16:10:39 PM - INFO - average delay [2056.5]
04/05/2022 16:10:39 PM - INFO - nowTs is [104268], lastTs is [104024]
04/05/2022 16:10:39 PM - INFO - [in this interval] loss-ratio is [0.2222222222222222]
04/05/2022 16:10:39 PM - INFO - [in this interval] group num is [9]
04/05/2022 16:10:39 PM - INFO - [in this interval] delayDelta from group is [[-4, -15, -12, -16, -2, -12, 2, 1]]
04/05/2022 16:10:39 PM - INFO - sample List of accDelay : [[-2194.7493681768574, -2186.374431359172, -2178.636988223255, -2171.5732894009293, -2163.0159604608366, -2150.614364414753, -2135.4529279732774, -2121.4076351759495, -2105.3668716583547, -2088.330184492519, -2072.497166043267, -2058.6474494389404, -2046.5827044950463, -2037.2244340455416, -2030.0019906409875, -2025.1017915768887, -2020.8916124191999, -2018.3024511772799, -2015.7722060595518, -2013.3949854535967]]
04/05/2022 16:10:39 PM - INFO - sample List of time: [[103150, 103180, 103208, 103240, 103312, 103344, 103416, 103486, 103555, 103624, 103680, 103720, 103783, 103814, 103829, 103847, 103866, 103904, 103922, 103959]]
04/05/2022 16:10:39 PM - INFO - update trend: [0.23597419136551792]
04/05/2022 16:10:39 PM - INFO - estimateQueueDelayDuration [56.6338059277243] = queueDelayDelta [0.9438967654620717] * numCount[1001]
04/05/2022 16:10:39 PM - INFO - [in this interval] signal is [Signal.NORMAL]
04/05/2022 16:10:39 PM - INFO - [in this interval] adaptiveThresholdGamma is [63.85329133425707]
04/05/2022 16:10:39 PM - INFO - [in this interval] state is [State.INCREASE]
04/05/2022 16:10:39 PM - INFO - [in this interval] now real rate is [0.47552]mbps
04/05/2022 16:10:39 PM - INFO - [in this interval] now real rtt is [4520]
04/05/2022 16:10:39 PM - INFO - [in this interval] aimd control rate is [0.3291488701754386] mbps
04/05/2022 16:10:39 PM - INFO - [in this interval] delay-rate is [0.3291488701754386] mbps
04/05/2022 16:10:39 PM - INFO - average delay [2052.75]
04/05/2022 16:10:39 PM - INFO - average delay [2058.0]
04/05/2022 16:10:39 PM - INFO - average delay [2056.75]
04/05/2022 16:10:39 PM - INFO - average delay [2056.0]
04/05/2022 16:10:39 PM - INFO - nowTs is [104501], lastTs is [104268]
04/05/2022 16:10:39 PM - INFO - [in this interval] loss-ratio is [0.0]
04/05/2022 16:10:39 PM - INFO - [in this interval] group num is [7]
04/05/2022 16:10:39 PM - INFO - [in this interval] delayDelta from group is [[-3, -3, 2, -1, -2, 3]]
04/05/2022 16:10:39 PM - INFO - sample List of accDelay : [[-2135.4529279732774, -2121.4076351759495, -2105.3668716583547, -2088.330184492519, -2072.497166043267, -2058.6474494389404, -2046.5827044950463, -2037.2244340455416, -2030.0019906409875, -2025.1017915768887, -2020.8916124191999, -2018.3024511772799, -2015.7722060595518, -2013.3949854535967, -2011.555486908237, -2010.1999382174133, -2008.779944395672, -2007.6019499561048, -2006.7417549604943, -2005.6675794644448]]
04/05/2022 16:10:39 PM - INFO - sample List of time: [[103416, 103486, 103555, 103624, 103680, 103720, 103783, 103814, 103829, 103847, 103866, 103904, 103922, 103959, 104032, 104064, 104096, 104128, 104162, 104195]]
04/05/2022 16:10:39 PM - INFO - update trend: [0.17225075424162173]
04/05/2022 16:10:39 PM - INFO - estimateQueueDelayDuration [41.34018101798922] = queueDelayDelta [0.6890030169664869] * numCount[1001]
04/05/2022 16:10:39 PM - INFO - [in this interval] signal is [Signal.NORMAL]
04/05/2022 16:10:39 PM - INFO - [in this interval] adaptiveThresholdGamma is [63.44805534856425]
04/05/2022 16:10:39 PM - INFO - [in this interval] state is [State.INCREASE]
04/05/2022 16:10:39 PM - INFO - [in this interval] now real rate is [0.5188803245436105]mbps
04/05/2022 16:10:39 PM - INFO - [in this interval] now real rtt is [4526]
04/05/2022 16:10:39 PM - INFO - [in this interval] aimd control rate is [0.33189177742690057] mbps
04/05/2022 16:10:39 PM - INFO - [in this interval] delay-rate is [0.33189177742690057] mbps
04/05/2022 16:10:39 PM - INFO - average delay [2055.5]
04/05/2022 16:10:39 PM - INFO - average delay [2058.75]
04/05/2022 16:10:39 PM - INFO - average delay [2065.25]
04/05/2022 16:10:39 PM - INFO - average delay [2069.5]
04/05/2022 16:10:39 PM - INFO - nowTs is [104749], lastTs is [104501]
04/05/2022 16:10:39 PM - INFO - [in this interval] loss-ratio is [0.06666666666666667]
04/05/2022 16:10:39 PM - INFO - [in this interval] group num is [8]
04/05/2022 16:10:39 PM - INFO - [in this interval] delayDelta from group is [[1, 7, 2, 2, -6, -10, -15]]
04/05/2022 16:10:39 PM - INFO - sample List of accDelay : [[-2037.2244340455416, -2030.0019906409875, -2025.1017915768887, -2020.8916124191999, -2018.3024511772799, -2015.7722060595518, -2013.3949854535967, -2011.555486908237, -2010.1999382174133, -2008.779944395672, -2007.6019499561048, -2006.7417549604943, -2005.6675794644448, -2004.6008215180004, -2002.9407393662004, -2001.2466654295804, -1999.5219988866222, -1998.56979899796, -1998.7128190981641, -2000.3415371883477]]
04/05/2022 16:10:39 PM - INFO - sample List of time: [[103814, 103829, 103847, 103866, 103904, 103922, 103959, 104032, 104064, 104096, 104128, 104162, 104195, 104265, 104301, 104338, 104375, 104412, 104431, 104461]]
04/05/2022 16:10:39 PM - INFO - update trend: [0.04591684552086849]
04/05/2022 16:10:39 PM - INFO - estimateQueueDelayDuration [11.020042925008438] = queueDelayDelta [0.18366738208347397] * numCount[1000]
04/05/2022 16:10:39 PM - INFO - [in this interval] signal is [Signal.NORMAL]
04/05/2022 16:10:39 PM - INFO - [in this interval] adaptiveThresholdGamma is [62.50435112494025]
04/05/2022 16:10:39 PM - INFO - [in this interval] state is [State.INCREASE]
04/05/2022 16:10:39 PM - INFO - [in this interval] now real rate is [0.5201923847695391]mbps
04/05/2022 16:10:39 PM - INFO - [in this interval] now real rtt is [4492]
04/05/2022 16:10:39 PM - INFO - [in this interval] aimd control rate is [0.3346575422387914] mbps
04/05/2022 16:10:39 PM - INFO - [in this interval] delay-rate is [0.3346575422387914] mbps
04/05/2022 16:10:39 PM - INFO - average delay [2057.25]
04/05/2022 16:10:39 PM - INFO - average delay [2032.5]
04/05/2022 16:10:39 PM - INFO - average delay [2010.5]
04/05/2022 16:10:39 PM - INFO - average delay [2001.8000000000002]
04/05/2022 16:10:39 PM - INFO - nowTs is [104995], lastTs is [104749]
04/05/2022 16:10:39 PM - INFO - [in this interval] loss-ratio is [0.35714285714285715]
04/05/2022 16:10:39 PM - INFO - [in this interval] group num is [12]
04/05/2022 16:10:39 PM - INFO - [in this interval] delayDelta from group is [[-5, -15, -4, -5, -4, -8, -53, -18, -24, -28, -49]]
04/05/2022 16:10:39 PM - INFO - sample List of accDelay : [[-2006.7417549604943, -2005.6675794644448, -2004.6008215180004, -2002.9407393662004, -2001.2466654295804, -1999.5219988866222, -1998.56979899796, -1998.7128190981641, -2000.3415371883477, -2002.307383469513, -2005.5766451225618, -2008.9189806103054, -2012.4270825492747, -2015.9843742943472, -2019.9859368649124, -2028.8873431784211, -2038.698608860579, -2049.9287479745212, -2062.835873177069, -2079.3522858593624]]
04/05/2022 16:10:39 PM - INFO - sample List of time: [[104162, 104195, 104265, 104301, 104338, 104375, 104412, 104431, 104461, 104505, 104535, 104550, 104581, 104611, 104642, 104664, 104676, 104688, 104699, 104711]]
04/05/2022 16:10:39 PM - INFO - update trend: [-0.0941361631195554]
04/05/2022 16:10:39 PM - INFO - estimateQueueDelayDuration [-22.592679148693296] = queueDelayDelta [-0.3765446524782216] * numCount[1001]
04/05/2022 16:10:39 PM - INFO - [in this interval] signal is [Signal.NORMAL]
04/05/2022 16:10:39 PM - INFO - [in this interval] adaptiveThresholdGamma is [61.785941029367805]
04/05/2022 16:10:39 PM - INFO - [in this interval] state is [State.INCREASE]
04/05/2022 16:10:39 PM - INFO - [in this interval] now real rate is [0.6088097165991904]mbps
04/05/2022 16:10:39 PM - INFO - [in this interval] now real rtt is [4054]
04/05/2022 16:10:39 PM - INFO - [in this interval] aimd control rate is [0.33744635509078136] mbps
04/05/2022 16:10:39 PM - INFO - [in this interval] delay-rate is [0.33744635509078136] mbps
04/05/2022 16:10:39 PM - INFO - average delay [1913.3333333333335]
04/05/2022 16:10:39 PM - INFO - average delay [1800.0]
04/05/2022 16:10:39 PM - INFO - average delay [1756.8333333333333]
04/05/2022 16:10:39 PM - INFO - average delay [1708.4]
04/05/2022 16:10:39 PM - INFO - nowTs is [105234], lastTs is [104995]
04/05/2022 16:10:39 PM - INFO - [in this interval] loss-ratio is [0.42424242424242425]
04/05/2022 16:10:39 PM - INFO - [in this interval] group num is [14]
04/05/2022 16:10:39 PM - INFO - [in this interval] delayDelta from group is [[-6, -19, -17, -13, -16, -17, -17, -13, -16, -16, -1, -26, -32]]
04/05/2022 16:10:39 PM - INFO - sample List of accDelay : [[-2015.9843742943472, -2019.9859368649124, -2028.8873431784211, -2038.698608860579, -2049.9287479745212, -2062.835873177069, -2079.3522858593624, -2094.817057273426, -2110.6353515460833, -2126.571816391475, -2142.2146347523276, -2157.893171277095, -2173.7038541493857, -2189.633468734447, -2205.2701218610023, -2220.943109674902, -2236.648798707412, -2250.883918836671, -2266.295526953004, -2283.3659742577033]]
04/05/2022 16:10:39 PM - INFO - sample List of time: [[104611, 104642, 104664, 104676, 104688, 104699, 104711, 104745, 104769, 104780, 104803, 104815, 104839, 104852, 104865, 104892, 104906, 104920, 104934, 104948]]
04/05/2022 16:10:39 PM - INFO - update trend: [-0.8312518088643943]
04/05/2022 16:10:39 PM - INFO - estimateQueueDelayDuration [-199.50043412745464] = queueDelayDelta [-3.3250072354575773] * numCount[1000]
04/05/2022 16:10:39 PM - INFO - [in this interval] signal is [Signal.UNDER_USE]
04/05/2022 16:10:39 PM - INFO - [in this interval] adaptiveThresholdGamma is [61.785941029367805]
04/05/2022 16:10:39 PM - INFO - [in this interval] state is [State.HOLD]
04/05/2022 16:10:39 PM - INFO - [in this interval] now real rate is [0.741488]mbps
04/05/2022 16:10:39 PM - INFO - [in this interval] now real rtt is [3602]
04/05/2022 16:10:39 PM - INFO - [in this interval] aimd control rate is [0.33744635509078136] mbps
04/05/2022 16:10:39 PM - INFO - [in this interval] delay-rate is [0.33744635509078136] mbps
04/05/2022 16:10:39 PM - INFO - average delay [1645.8]
04/05/2022 16:10:39 PM - INFO - average delay [1556.4]
04/05/2022 16:10:39 PM - INFO - average delay [1493.0]
04/05/2022 16:10:39 PM - INFO - average delay [1419.0]
04/05/2022 16:10:39 PM - INFO - nowTs is [105467], lastTs is [105234]
04/05/2022 16:10:39 PM - INFO - [in this interval] loss-ratio is [0.32142857142857145]
04/05/2022 16:10:39 PM - INFO - [in this interval] group num is [14]
04/05/2022 16:10:39 PM - INFO - [in this interval] delayDelta from group is [[-15, -12, -22, -23, -18, -16, -18, -18, -23, -16, -5, -11, -18]]
04/05/2022 16:10:39 PM - INFO - sample List of accDelay : [[-2189.633468734447, -2205.2701218610023, -2220.943109674902, -2236.648798707412, -2250.883918836671, -2266.295526953004, -2283.3659742577033, -2300.2293768319328, -2316.60643914874, -2333.5457952338656, -2351.0912157104794, -2368.6820941394312, -2386.113884725488, -2403.602496252939, -2421.1422466276454, -2439.2280219648806, -2457.105219768392, -2473.694697791553, -2489.725228012398, -2505.952705211158]]
04/05/2022 16:10:39 PM - INFO - sample List of time: [[104852, 104865, 104892, 104906, 104920, 104934, 104948, 104974, 104999, 105012, 105025, 105037, 105049, 105073, 105085, 105097, 105109, 105133, 105158, 105182]]
04/05/2022 16:10:39 PM - INFO - update trend: [-1.0056823969689255]
04/05/2022 16:10:39 PM - INFO - estimateQueueDelayDuration [-241.3637752725421] = queueDelayDelta [-4.022729587875702] * numCount[1001]
04/05/2022 16:10:39 PM - INFO - [in this interval] signal is [Signal.UNDER_USE]
04/05/2022 16:10:39 PM - INFO - [in this interval] adaptiveThresholdGamma is [61.785941029367805]
04/05/2022 16:10:39 PM - INFO - [in this interval] state is [State.HOLD]
04/05/2022 16:10:39 PM - INFO - [in this interval] now real rate is [0.7847111111111111]mbps
04/05/2022 16:10:39 PM - INFO - [in this interval] now real rtt is [3128]
04/05/2022 16:10:39 PM - INFO - [in this interval] aimd control rate is [0.33744635509078136] mbps
04/05/2022 16:10:39 PM - INFO - [in this interval] delay-rate is [0.33744635509078136] mbps
04/05/2022 16:10:39 PM - INFO - average delay [1380.0]
04/05/2022 16:10:39 PM - INFO - average delay [1361.25]
04/05/2022 16:10:39 PM - INFO - average delay [1347.25]
04/05/2022 16:10:39 PM - INFO - average delay [1320.25]
04/05/2022 16:10:39 PM - INFO - nowTs is [105715], lastTs is [105467]
04/05/2022 16:10:39 PM - INFO - [in this interval] loss-ratio is [0.2]
04/05/2022 16:10:39 PM - INFO - [in this interval] group num is [11]
04/05/2022 16:10:39 PM - INFO - [in this interval] delayDelta from group is [[-6, -3, -14, -3, -14, -8, 3, -10, 8, -2]]
04/05/2022 16:10:39 PM - INFO - sample List of accDelay : [[-2351.0912157104794, -2368.6820941394312, -2386.113884725488, -2403.602496252939, -2421.1422466276454, -2439.2280219648806, -2457.105219768392, -2473.694697791553, -2489.725228012398, -2505.952705211158, -2521.1574346900425, -2535.1416912210384, -2549.1275220989346, -2562.0147698890414, -2575.013292900137, -2587.5119636101235, -2598.460767249111, -2609.3146905241997, -2618.28322147178, -2626.554899324602]]
04/05/2022 16:10:39 PM - INFO - sample List of time: [[105025, 105037, 105049, 105073, 105085, 105097, 105109, 105133, 105158, 105182, 105206, 105230, 105262, 105278, 105310, 105326, 105358, 105391, 105406, 105424]]
04/05/2022 16:10:39 PM - INFO - update trend: [-0.6585091634086307]
04/05/2022 16:10:39 PM - INFO - estimateQueueDelayDuration [-158.04219921807137] = queueDelayDelta [-2.634036653634523] * numCount[1001]
04/05/2022 16:10:39 PM - INFO - [in this interval] signal is [Signal.UNDER_USE]
04/05/2022 16:10:39 PM - INFO - [in this interval] adaptiveThresholdGamma is [61.785941029367805]
04/05/2022 16:10:39 PM - INFO - [in this interval] state is [State.HOLD]
04/05/2022 16:10:39 PM - INFO - [in this interval] now real rate is [0.7017165991902834]mbps
04/05/2022 16:10:39 PM - INFO - [in this interval] now real rtt is [3044]
04/05/2022 16:10:39 PM - INFO - [in this interval] aimd control rate is [0.33744635509078136] mbps
04/05/2022 16:10:39 PM - INFO - [in this interval] delay-rate is [0.33744635509078136] mbps
04/05/2022 16:10:39 PM - INFO - average delay [1322.0]
04/05/2022 16:10:39 PM - INFO - average delay [1325.0]
04/05/2022 16:10:39 PM - INFO - average delay [1342.0]
04/05/2022 16:10:39 PM - INFO - average delay [1332.5]
04/05/2022 16:10:39 PM - INFO - nowTs is [105952], lastTs is [105715]
04/05/2022 16:10:39 PM - INFO - [in this interval] loss-ratio is [0.38461538461538464]
04/05/2022 16:10:39 PM - INFO - [in this interval] group num is [8]
04/05/2022 16:10:39 PM - INFO - [in this interval] delayDelta from group is [[17, 0, -7, -1, -3, -4, -8]]
04/05/2022 16:10:39 PM - INFO - sample List of accDelay : [[-2473.694697791553, -2489.725228012398, -2505.952705211158, -2521.1574346900425, -2535.1416912210384, -2549.1275220989346, -2562.0147698890414, -2575.013292900137, -2587.5119636101235, -2598.460767249111, -2609.3146905241997, -2618.28322147178, -2626.554899324602, -2632.299409392142, -2637.469468452928, -2642.8225216076353, -2647.7402694468715, -2652.4662425021843, -2657.119618251966, -2662.1076564267696]]
04/05/2022 16:10:39 PM - INFO - sample List of time: [[105133, 105158, 105182, 105206, 105230, 105262, 105278, 105310, 105326, 105358, 105391, 105406, 105424, 105475, 105507, 105537, 105565, 105594, 105626, 105657]]
04/05/2022 16:10:39 PM - INFO - update trend: [-0.3526317884845777]
04/05/2022 16:10:39 PM - INFO - estimateQueueDelayDuration [-84.63162923629865] = queueDelayDelta [-1.4105271539383109] * numCount[1000]
04/05/2022 16:10:39 PM - INFO - [in this interval] signal is [Signal.UNDER_USE]
04/05/2022 16:10:39 PM - INFO - [in this interval] adaptiveThresholdGamma is [61.785941029367805]
04/05/2022 16:10:39 PM - INFO - [in this interval] state is [State.HOLD]
04/05/2022 16:10:39 PM - INFO - [in this interval] now real rate is [0.5013440643863178]mbps
04/05/2022 16:10:39 PM - INFO - [in this interval] now real rtt is [3038]
04/05/2022 16:10:39 PM - INFO - [in this interval] aimd control rate is [0.33744635509078136] mbps
04/05/2022 16:10:39 PM - INFO - [in this interval] delay-rate is [0.33744635509078136] mbps
04/05/2022 16:10:39 PM - INFO - average delay [1325.6666666666667]
04/05/2022 16:10:39 PM - INFO - average delay [1314.5]
04/05/2022 16:10:39 PM - INFO - average delay [1325.3333333333333]
04/05/2022 16:10:39 PM - INFO - average delay [1347.0]
04/05/2022 16:10:39 PM - INFO - nowTs is [106179], lastTs is [105952]
04/05/2022 16:10:39 PM - INFO - [in this interval] loss-ratio is [0.0]
04/05/2022 16:10:39 PM - INFO - [in this interval] group num is [5]
04/05/2022 16:10:39 PM - INFO - [in this interval] delayDelta from group is [[9, 14, 11, 14]]
04/05/2022 16:10:39 PM - INFO - sample List of accDelay : [[-2535.1416912210384, -2549.1275220989346, -2562.0147698890414, -2575.013292900137, -2587.5119636101235, -2598.460767249111, -2609.3146905241997, -2618.28322147178, -2626.554899324602, -2632.299409392142, -2637.469468452928, -2642.8225216076353, -2647.7402694468715, -2652.4662425021843, -2657.119618251966, -2662.1076564267696, -2665.696890784093, -2667.5272017056836, -2668.0744815351154, -2667.167033381604]]
04/05/2022 16:10:39 PM - INFO - sample List of time: [[105230, 105262, 105278, 105310, 105326, 105358, 105391, 105406, 105424, 105475, 105507, 105537, 105565, 105594, 105626, 105657, 105723, 105767, 105811, 105857]]
04/05/2022 16:10:39 PM - INFO - update trend: [-0.2050014758608996]
04/05/2022 16:10:39 PM - INFO - estimateQueueDelayDuration [-49.2003542066159] = queueDelayDelta [-0.8200059034435984] * numCount[1000]
04/05/2022 16:10:39 PM - INFO - [in this interval] signal is [Signal.NORMAL]
04/05/2022 16:10:39 PM - INFO - [in this interval] adaptiveThresholdGamma is [61.55940046655827]
04/05/2022 16:10:39 PM - INFO - [in this interval] state is [State.INCREASE]
04/05/2022 16:10:39 PM - INFO - [in this interval] now real rate is [0.420464]mbps
04/05/2022 16:10:39 PM - INFO - [in this interval] now real rtt is [3142]
04/05/2022 16:10:39 PM - INFO - [in this interval] aimd control rate is [0.34025840804987123] mbps
04/05/2022 16:10:39 PM - INFO - [in this interval] delay-rate is [0.34025840804987123] mbps
04/05/2022 16:10:39 PM - INFO - average delay [1360.0]
04/05/2022 16:10:39 PM - INFO - average delay [1382.3333333333333]
04/05/2022 16:10:39 PM - INFO - average delay [1396.0]
04/05/2022 16:10:39 PM - INFO - average delay [1418.0]
04/05/2022 16:10:39 PM - INFO - nowTs is [106426], lastTs is [106179]
04/05/2022 16:10:39 PM - INFO - [in this interval] loss-ratio is [0.21428571428571427]
04/05/2022 16:10:39 PM - INFO - [in this interval] group num is [6]
04/05/2022 16:10:39 PM - INFO - [in this interval] delayDelta from group is [[13, 11, 13, -2, 27]]
04/05/2022 16:10:39 PM - INFO - sample List of accDelay : [[-2598.460767249111, -2609.3146905241997, -2618.28322147178, -2626.554899324602, -2632.299409392142, -2637.469468452928, -2642.8225216076353, -2647.7402694468715, -2652.4662425021843, -2657.119618251966, -2662.1076564267696, -2665.696890784093, -2667.5272017056836, -2668.0744815351154, -2667.167033381604, -2665.050330043444, -2662.0452970390998, -2658.0407673351897, -2654.636690601671, -2648.873021541504]]
04/05/2022 16:10:39 PM - INFO - sample List of time: [[105358, 105391, 105406, 105424, 105475, 105507, 105537, 105565, 105594, 105626, 105657, 105723, 105767, 105811, 105857, 105956, 106004, 106050, 106093, 106111]]
04/05/2022 16:10:39 PM - INFO - update trend: [-0.059937566156511406]
04/05/2022 16:10:39 PM - INFO - estimateQueueDelayDuration [-14.385015877562738] = queueDelayDelta [-0.23975026462604562] * numCount[1001]
04/05/2022 16:10:39 PM - INFO - [in this interval] signal is [Signal.NORMAL]
04/05/2022 16:10:39 PM - INFO - [in this interval] adaptiveThresholdGamma is [60.710261543956356]
04/05/2022 16:10:39 PM - INFO - [in this interval] state is [State.INCREASE]
04/05/2022 16:10:39 PM - INFO - [in this interval] now real rate is [0.47112903225806446]mbps
04/05/2022 16:10:39 PM - INFO - [in this interval] now real rtt is [3306]
04/05/2022 16:10:39 PM - INFO - [in this interval] aimd control rate is [0.3430938947836201] mbps
04/05/2022 16:10:39 PM - INFO - [in this interval] delay-rate is [0.3430938947836201] mbps
04/05/2022 16:10:39 PM - INFO - average delay [1438.6666666666667]
04/05/2022 16:10:39 PM - INFO - average delay [1458.0]
04/05/2022 16:10:39 PM - INFO - average delay [1484.3333333333333]
04/05/2022 16:10:39 PM - INFO - average delay [1501.3333333333333]
04/05/2022 16:10:39 PM - INFO - nowTs is [106663], lastTs is [106426]
04/05/2022 16:10:39 PM - INFO - [in this interval] loss-ratio is [0.0]
04/05/2022 16:10:39 PM - INFO - [in this interval] group num is [5]
04/05/2022 16:10:39 PM - INFO - [in this interval] delayDelta from group is [[19, 24, 14, -1]]
04/05/2022 16:10:39 PM - INFO - sample List of accDelay : [[-2632.299409392142, -2637.469468452928, -2642.8225216076353, -2647.7402694468715, -2652.4662425021843, -2657.119618251966, -2662.1076564267696, -2665.696890784093, -2667.5272017056836, -2668.0744815351154, -2667.167033381604, -2665.050330043444, -2662.0452970390998, -2658.0407673351897, -2654.636690601671, -2648.873021541504, -2641.7857193873533, -2633.007147448618, -2623.7064327037565, -2615.4357894333807]]
04/05/2022 16:10:39 PM - INFO - sample List of time: [[105475, 105507, 105537, 105565, 105594, 105626, 105657, 105723, 105767, 105811, 105857, 105956, 106004, 106050, 106093, 106111, 106214, 106258, 106322, 106366]]
04/05/2022 16:10:39 PM - INFO - update trend: [0.018282091100522115]
04/05/2022 16:10:39 PM - INFO - estimateQueueDelayDuration [4.387701864125308] = queueDelayDelta [0.07312836440208846] * numCount[1001]
04/05/2022 16:10:39 PM - INFO - [in this interval] signal is [Signal.NORMAL]
04/05/2022 16:10:39 PM - INFO - [in this interval] adaptiveThresholdGamma is [59.696455469719396]
04/05/2022 16:10:39 PM - INFO - [in this interval] state is [State.INCREASE]
04/05/2022 16:10:39 PM - INFO - [in this interval] now real rate is [0.4795537190082645]mbps
04/05/2022 16:10:39 PM - INFO - [in this interval] now real rtt is [3460]
04/05/2022 16:10:39 PM - INFO - [in this interval] aimd control rate is [0.34595301057348365] mbps
04/05/2022 16:10:39 PM - INFO - [in this interval] delay-rate is [0.34595301057348365] mbps
04/05/2022 16:10:39 PM - INFO - average delay [1525.0]
04/05/2022 16:10:39 PM - INFO - average delay [1546.6666666666667]
04/05/2022 16:10:39 PM - INFO - average delay [1566.25]
04/05/2022 16:10:39 PM - INFO - average delay [1603.0]
04/05/2022 16:10:39 PM - INFO - nowTs is [106900], lastTs is [106663]
04/05/2022 16:10:39 PM - INFO - [in this interval] loss-ratio is [0.0]
04/05/2022 16:10:39 PM - INFO - [in this interval] group num is [4]
04/05/2022 16:10:39 PM - INFO - [in this interval] delayDelta from group is [[7, 18, 95]]
04/05/2022 16:10:39 PM - INFO - sample List of accDelay : [[-2647.7402694468715, -2652.4662425021843, -2657.119618251966, -2662.1076564267696, -2665.696890784093, -2667.5272017056836, -2668.0744815351154, -2667.167033381604, -2665.050330043444, -2662.0452970390998, -2658.0407673351897, -2654.636690601671, -2648.873021541504, -2641.7857193873533, -2633.007147448618, -2623.7064327037565, -2615.4357894333807, -2607.2922104900426, -2598.1629894410385, -2580.4466904969345]]
04/05/2022 16:10:39 PM - INFO - sample List of time: [[105565, 105594, 105626, 105657, 105723, 105767, 105811, 105857, 105956, 106004, 106050, 106093, 106111, 106214, 106258, 106322, 106366, 106412, 106454, 106492]]
04/05/2022 16:10:39 PM - INFO - update trend: [0.06806163900323609]
04/05/2022 16:10:39 PM - INFO - estimateQueueDelayDuration [16.33479336077666] = queueDelayDelta [0.27224655601294434] * numCount[1000]
04/05/2022 16:10:39 PM - INFO - [in this interval] signal is [Signal.NORMAL]
04/05/2022 16:10:39 PM - INFO - [in this interval] adaptiveThresholdGamma is [58.915945551758426]
04/05/2022 16:10:39 PM - INFO - [in this interval] state is [State.INCREASE]
04/05/2022 16:10:39 PM - INFO - [in this interval] now real rate is [0.4993939393939394]mbps
04/05/2022 16:10:39 PM - INFO - [in this interval] now real rtt is [3734]
04/05/2022 16:10:39 PM - INFO - [in this interval] aimd control rate is [0.3488359523282627] mbps
04/05/2022 16:10:39 PM - INFO - [in this interval] delay-rate is [0.3488359523282627] mbps
04/05/2022 16:10:39 PM - INFO - average delay [1646.0]
04/05/2022 16:10:39 PM - INFO - average delay [1687.6666666666667]
04/05/2022 16:10:39 PM - INFO - average delay [1705.75]
04/05/2022 16:10:39 PM - INFO - average delay [1734.0]
04/05/2022 16:10:39 PM - INFO - nowTs is [107145], lastTs is [106900]
04/05/2022 16:10:39 PM - INFO - [in this interval] loss-ratio is [0.2]
04/05/2022 16:10:39 PM - INFO - [in this interval] group num is [5]
04/05/2022 16:10:39 PM - INFO - [in this interval] delayDelta from group is [[18, 19, 16, 22]]
04/05/2022 16:10:39 PM - INFO - sample List of accDelay : [[-2665.696890784093, -2667.5272017056836, -2668.0744815351154, -2667.167033381604, -2665.050330043444, -2662.0452970390998, -2658.0407673351897, -2654.636690601671, -2648.873021541504, -2641.7857193873533, -2633.007147448618, -2623.7064327037565, -2615.4357894333807, -2607.2922104900426, -2598.1629894410385, -2580.4466904969345, -2562.7020214472413, -2544.8318193025175, -2527.1486373722655, -2509.033773635039]]
04/05/2022 16:10:39 PM - INFO - sample List of time: [[105723, 105767, 105811, 105857, 105956, 106004, 106050, 106093, 106111, 106214, 106258, 106322, 106366, 106412, 106454, 106492, 106672, 106710, 106769, 106810]]
04/05/2022 16:10:39 PM - INFO - update trend: [0.14201544202368382]
04/05/2022 16:10:39 PM - INFO - estimateQueueDelayDuration [34.08370608568412] = queueDelayDelta [0.5680617680947353] * numCount[1000]
04/05/2022 16:10:39 PM - INFO - [in this interval] signal is [Signal.NORMAL]
04/05/2022 16:10:39 PM - INFO - [in this interval] adaptiveThresholdGamma is [58.46896524136909]
04/05/2022 16:10:39 PM - INFO - [in this interval] state is [State.INCREASE]
04/05/2022 16:10:39 PM - INFO - [in this interval] now real rate is [0.48162655601659754]mbps
04/05/2022 16:10:39 PM - INFO - [in this interval] now real rtt is [3934]
04/05/2022 16:10:39 PM - INFO - [in this interval] aimd control rate is [0.3517429185976649] mbps
04/05/2022 16:10:39 PM - INFO - [in this interval] delay-rate is [0.3517429185976649] mbps
04/05/2022 16:10:39 PM - INFO - average delay [1750.0]
04/05/2022 16:10:39 PM - INFO - average delay [1788.3333333333333]
04/05/2022 16:10:39 PM - INFO - average delay [1811.6666666666667]
04/05/2022 16:10:39 PM - INFO - average delay [1840.3333333333333]
04/05/2022 16:10:39 PM - INFO - nowTs is [107393], lastTs is [107145]
04/05/2022 16:10:39 PM - INFO - [in this interval] loss-ratio is [0.15384615384615385]
04/05/2022 16:10:39 PM - INFO - [in this interval] group num is [8]
04/05/2022 16:10:39 PM - INFO - [in this interval] delayDelta from group is [[26, 10, 33, 5, 16, 15, 9]]
04/05/2022 16:10:39 PM - INFO - sample List of accDelay : [[-2654.636690601671, -2648.873021541504, -2641.7857193873533, -2633.007147448618, -2623.7064327037565, -2615.4357894333807, -2607.2922104900426, -2598.1629894410385, -2580.4466904969345, -2562.7020214472413, -2544.8318193025175, -2527.1486373722655, -2509.033773635039, -2490.130396271535, -2472.1173566443817, -2452.6056209799435, -2434.545058881949, -2416.690552993754, -2399.1214976943784, -2382.4093479249404]]
04/05/2022 16:10:39 PM - INFO - sample List of time: [[106093, 106111, 106214, 106258, 106322, 106366, 106412, 106454, 106492, 106672, 106710, 106769, 106810, 106896, 106937, 106977, 107025, 107045, 107071, 107096]]
04/05/2022 16:10:39 PM - INFO - update trend: [0.2572652600500126]
04/05/2022 16:10:39 PM - INFO - estimateQueueDelayDuration [61.743662412003026] = queueDelayDelta [1.0290610402000504] * numCount[1001]
04/05/2022 16:10:39 PM - INFO - [in this interval] signal is [Signal.NORMAL]
04/05/2022 16:10:39 PM - INFO - [in this interval] adaptiveThresholdGamma is [61.743662412003026]
04/05/2022 16:10:39 PM - INFO - [in this interval] state is [State.INCREASE]
04/05/2022 16:10:39 PM - INFO - [in this interval] now real rate is [0.43149695740365107]mbps
04/05/2022 16:10:39 PM - INFO - [in this interval] now real rtt is [4180]
04/05/2022 16:10:39 PM - INFO - [in this interval] aimd control rate is [0.3546741095859787] mbps
04/05/2022 16:10:39 PM - INFO - [in this interval] delay-rate is [0.3546741095859787] mbps
04/05/2022 16:10:39 PM - INFO - average delay [1879.0]
04/05/2022 16:10:39 PM - INFO - average delay [1901.5]
04/05/2022 16:10:39 PM - INFO - average delay [1940.6666666666665]
04/05/2022 16:10:39 PM - INFO - average delay [1937.0]
04/05/2022 16:10:39 PM - INFO - nowTs is [107625], lastTs is [107393]
04/05/2022 16:10:39 PM - INFO - [in this interval] loss-ratio is [0.375]
04/05/2022 16:10:39 PM - INFO - [in this interval] group num is [10]
04/05/2022 16:10:39 PM - INFO - [in this interval] delayDelta from group is [[43, 10, -7, -7, -7, 4, -13, -13, -19]]
04/05/2022 16:10:39 PM - INFO - sample List of accDelay : [[-2562.7020214472413, -2544.8318193025175, -2527.1486373722655, -2509.033773635039, -2490.130396271535, -2472.1173566443817, -2452.6056209799435, -2434.545058881949, -2416.690552993754, -2399.1214976943784, -2382.4093479249404, -2363.0684131324465, -2344.661571819202, -2328.7954146372817, -2315.2158731735535, -2303.6942858561983, -2292.9248572705783, -2284.5323715435206, -2278.2791343891686, -2274.5512209502517]]
04/05/2022 16:10:39 PM - INFO - sample List of time: [[106672, 106710, 106769, 106810, 106896, 106937, 106977, 107025, 107045, 107071, 107096, 107141, 107209, 107234, 107247, 107270, 107283, 107297, 107319, 107341]]
04/05/2022 16:10:39 PM - INFO - update trend: [0.4480592676920906]
04/05/2022 16:10:39 PM - INFO - estimateQueueDelayDuration [107.53422424610174] = queueDelayDelta [1.7922370707683624] * numCount[1000]
04/05/2022 16:10:39 PM - INFO - [in this interval] signal is [Signal.OVER_USE]
04/05/2022 16:10:39 PM - INFO - [in this interval] adaptiveThresholdGamma is [61.743662412003026]
04/05/2022 16:10:39 PM - INFO - [in this interval] state is [State.DECREASE]
04/05/2022 16:10:39 PM - INFO - [in this interval] now real rate is [0.48053333333333337]mbps
04/05/2022 16:10:39 PM - INFO - [in this interval] now real rtt is [4184]
04/05/2022 16:10:39 PM - INFO - [in this interval] aimd control rate is [0.4084533333333334] mbps
04/05/2022 16:10:39 PM - INFO - [in this interval] delay-rate is [0.4084533333333334] mbps
04/05/2022 16:10:39 PM - INFO - average delay [1912.8333333333335]
04/05/2022 16:10:39 PM - INFO - average delay [1883.3333333333335]
04/05/2022 16:10:39 PM - INFO - average delay [1858.1999999999998]
04/05/2022 16:10:39 PM - INFO - average delay [1819.8]
04/05/2022 16:10:39 PM - INFO - nowTs is [107867], lastTs is [107625]
04/05/2022 16:10:39 PM - INFO - [in this interval] loss-ratio is [0.3870967741935484]
04/05/2022 16:10:39 PM - INFO - [in this interval] group num is [13]
04/05/2022 16:10:39 PM - INFO - [in this interval] delayDelta from group is [[-13, -5, -14, -9, -19, -5, -22, -2, -8, 0, -4, -38]]
04/05/2022 16:10:39 PM - INFO - sample List of accDelay : [[-2344.661571819202, -2328.7954146372817, -2315.2158731735535, -2303.6942858561983, -2292.9248572705783, -2284.5323715435206, -2278.2791343891686, -2274.5512209502517, -2272.4960988552266, -2271.146488969704, -2271.331840072734, -2272.3986560654607, -2275.2587904589145, -2278.3329114130233, -2283.2996202717213, -2287.9696582445495, -2292.972692420095, -2297.4754231780853, -2301.9278808602767, -2309.735092774249]]
04/05/2022 16:10:39 PM - INFO - sample List of time: [[107209, 107234, 107247, 107270, 107283, 107297, 107319, 107341, 107363, 107385, 107420, 107431, 107447, 107473, 107498, 107511, 107529, 107541, 107566, 107582]]
04/05/2022 16:10:39 PM - INFO - update trend: [0.05870643678230192]
04/05/2022 16:10:39 PM - INFO - estimateQueueDelayDuration [14.08954482775246] = queueDelayDelta [0.23482574712920767] * numCount[1000]
04/05/2022 16:10:39 PM - INFO - [in this interval] signal is [Signal.NORMAL]
04/05/2022 16:10:39 PM - INFO - [in this interval] adaptiveThresholdGamma is [60.88588829548652]
04/05/2022 16:10:39 PM - INFO - [in this interval] state is [State.INCREASE]
04/05/2022 16:10:39 PM - INFO - [in this interval] now real rate is [0.5819437751004016]mbps
04/05/2022 16:10:39 PM - INFO - [in this interval] now real rtt is [3928]
04/05/2022 16:10:39 PM - INFO - [in this interval] aimd control rate is [0.4118571111111111] mbps
04/05/2022 16:10:39 PM - INFO - [in this interval] delay-rate is [0.4118571111111111] mbps
04/05/2022 16:10:39 PM - INFO - average delay [1794.2]
04/05/2022 16:10:39 PM - INFO - average delay [1763.75]
04/05/2022 16:10:39 PM - INFO - average delay [1758.0]
04/05/2022 16:10:39 PM - INFO - average delay [1758.5]
04/05/2022 16:10:39 PM - INFO - nowTs is [108106], lastTs is [107867]
04/05/2022 16:10:39 PM - INFO - [in this interval] loss-ratio is [0.0]
04/05/2022 16:10:39 PM - INFO - [in this interval] group num is [8]
04/05/2022 16:10:39 PM - INFO - [in this interval] delayDelta from group is [[-6, -3, -2, 3, -2, 2, 5]]
04/05/2022 16:10:39 PM - INFO - sample List of accDelay : [[-2274.5512209502517, -2272.4960988552266, -2271.146488969704, -2271.331840072734, -2272.3986560654607, -2275.2587904589145, -2278.3329114130233, -2283.2996202717213, -2287.9696582445495, -2292.972692420095, -2297.4754231780853, -2301.9278808602767, -2309.735092774249, -2317.361583496824, -2324.525425147142, -2331.172882632428, -2336.8555943691854, -2342.170034932267, -2346.7530314390406, -2350.377728295137]]
04/05/2022 16:10:39 PM - INFO - sample List of time: [[107341, 107363, 107385, 107420, 107431, 107447, 107473, 107498, 107511, 107529, 107541, 107566, 107582, 107606, 107630, 107662, 107695, 107728, 107761, 107798]]
04/05/2022 16:10:39 PM - INFO - update trend: [-0.20572081200959108]
04/05/2022 16:10:39 PM - INFO - estimateQueueDelayDuration [-49.37299488230186] = queueDelayDelta [-0.8228832480383643] * numCount[1001]
04/05/2022 16:10:39 PM - INFO - [in this interval] signal is [Signal.NORMAL]
04/05/2022 16:10:39 PM - INFO - [in this interval] adaptiveThresholdGamma is [60.67865621404919]
04/05/2022 16:10:39 PM - INFO - [in this interval] state is [State.INCREASE]
04/05/2022 16:10:39 PM - INFO - [in this interval] now real rate is [0.5492682926829269]mbps
04/05/2022 16:10:39 PM - INFO - [in this interval] now real rtt is [3946]
04/05/2022 16:10:39 PM - INFO - [in this interval] aimd control rate is [0.4152892537037037] mbps
04/05/2022 16:10:39 PM - INFO - [in this interval] delay-rate is [0.4152892537037037] mbps
04/05/2022 16:10:39 PM - INFO - average delay [1761.5]
04/05/2022 16:10:39 PM - INFO - average delay [1750.6]
04/05/2022 16:10:39 PM - INFO - average delay [1739.2]
04/05/2022 16:10:39 PM - INFO - average delay [1731.25]
04/05/2022 16:10:39 PM - INFO - nowTs is [108355], lastTs is [108106]
04/05/2022 16:10:39 PM - INFO - [in this interval] loss-ratio is [0.05555555555555555]
04/05/2022 16:10:39 PM - INFO - [in this interval] group num is [9]
04/05/2022 16:10:39 PM - INFO - [in this interval] delayDelta from group is [[-8, -3, -7, -7, 1, -3, -19, -1]]
04/05/2022 16:10:39 PM - INFO - sample List of accDelay : [[-2287.9696582445495, -2292.972692420095, -2297.4754231780853, -2301.9278808602767, -2309.735092774249, -2317.361583496824, -2324.525425147142, -2331.172882632428, -2336.8555943691854, -2342.170034932267, -2346.7530314390406, -2350.377728295137, -2354.4399554656234, -2358.395959919061, -2362.656363927155, -2367.1907275344392, -2371.171654780995, -2375.0544893028955, -2380.4490403726063, -2385.404136335346]]
04/05/2022 16:10:39 PM - INFO - sample List of time: [[107511, 107529, 107541, 107566, 107582, 107606, 107630, 107662, 107695, 107728, 107761, 107798, 107859, 107886, 107913, 107941, 107969, 108000, 108032, 108048]]
04/05/2022 16:10:39 PM - INFO - update trend: [-0.16516439086586202]
04/05/2022 16:10:39 PM - INFO - estimateQueueDelayDuration [-39.63945380780688] = queueDelayDelta [-0.6606575634634481] * numCount[1001]
04/05/2022 16:10:39 PM - INFO - [in this interval] signal is [Signal.NORMAL]
04/05/2022 16:10:39 PM - INFO - [in this interval] adaptiveThresholdGamma is [60.29995057073683]
04/05/2022 16:10:39 PM - INFO - [in this interval] state is [State.INCREASE]
04/05/2022 16:10:39 PM - INFO - [in this interval] now real rate is [0.533984]mbps
04/05/2022 16:10:39 PM - INFO - [in this interval] now real rtt is [3834]
04/05/2022 16:10:39 PM - INFO - [in this interval] aimd control rate is [0.41874999748456787] mbps
04/05/2022 16:10:39 PM - INFO - [in this interval] delay-rate is [0.41874999748456787] mbps
04/05/2022 16:10:39 PM - INFO - average delay [1719.25]
04/05/2022 16:10:39 PM - INFO - average delay [1696.0]
04/05/2022 16:10:39 PM - INFO - average delay [1687.75]
04/05/2022 16:10:39 PM - INFO - average delay [1682.0]
04/05/2022 16:10:39 PM - INFO - nowTs is [108581], lastTs is [108355]
04/05/2022 16:10:39 PM - INFO - [in this interval] loss-ratio is [0.15384615384615385]
04/05/2022 16:10:39 PM - INFO - [in this interval] group num is [7]
04/05/2022 16:10:39 PM - INFO - [in this interval] delayDelta from group is [[-4, -8, -4, 0, 21, 5]]
04/05/2022 16:10:39 PM - INFO - sample List of accDelay : [[-2324.525425147142, -2331.172882632428, -2336.8555943691854, -2342.170034932267, -2346.7530314390406, -2350.377728295137, -2354.4399554656234, -2358.395959919061, -2362.656363927155, -2367.1907275344392, -2371.171654780995, -2375.0544893028955, -2380.4490403726063, -2385.404136335346, -2390.2637227018113, -2395.43735043163, -2400.493615388467, -2405.04425384962, -2407.039828464658, -2408.3358456181923]]
04/05/2022 16:10:39 PM - INFO - sample List of time: [[107630, 107662, 107695, 107728, 107761, 107798, 107859, 107886, 107913, 107941, 107969, 108000, 108032, 108048, 108098, 108134, 108151, 108187, 108222, 108273]]
04/05/2022 16:10:39 PM - INFO - update trend: [-0.1348853542950326]
04/05/2022 16:10:39 PM - INFO - estimateQueueDelayDuration [-32.37248503080782] = queueDelayDelta [-0.5395414171801304] * numCount[1001]
04/05/2022 16:10:39 PM - INFO - [in this interval] signal is [Signal.NORMAL]
04/05/2022 16:10:39 PM - INFO - [in this interval] adaptiveThresholdGamma is [59.79725619101811]
04/05/2022 16:10:39 PM - INFO - [in this interval] state is [State.INCREASE]
04/05/2022 16:10:39 PM - INFO - [in this interval] now real rate is [0.5512210953346857]mbps
04/05/2022 16:10:39 PM - INFO - [in this interval] now real rtt is [3826]
04/05/2022 16:10:39 PM - INFO - [in this interval] aimd control rate is [0.42223958079693924] mbps
04/05/2022 16:10:39 PM - INFO - [in this interval] delay-rate is [0.42223958079693924] mbps
04/05/2022 16:10:39 PM - INFO - average delay [1710.5]
04/05/2022 16:10:39 PM - INFO - average delay [1729.5]
04/05/2022 16:10:39 PM - INFO - average delay [1750.5]
04/05/2022 16:10:39 PM - INFO - average delay [1766.5]
04/05/2022 16:10:39 PM - INFO - nowTs is [108826], lastTs is [108581]
04/05/2022 16:10:39 PM - INFO - [in this interval] loss-ratio is [0.2727272727272727]
04/05/2022 16:10:39 PM - INFO - [in this interval] group num is [4]
04/05/2022 16:10:39 PM - INFO - [in this interval] delayDelta from group is [[41, -19, 21]]
04/05/2022 16:10:39 PM - INFO - sample List of accDelay : [[-2342.170034932267, -2346.7530314390406, -2350.377728295137, -2354.4399554656234, -2358.395959919061, -2362.656363927155, -2367.1907275344392, -2371.171654780995, -2375.0544893028955, -2380.4490403726063, -2385.404136335346, -2390.2637227018113, -2395.43735043163, -2400.493615388467, -2405.04425384962, -2407.039828464658, -2408.3358456181923, -2405.4022610563734, -2404.6620349507357, -2401.895831455662]]
04/05/2022 16:10:39 PM - INFO - sample List of time: [[107728, 107761, 107798, 107859, 107886, 107913, 107941, 107969, 108000, 108032, 108048, 108098, 108134, 108151, 108187, 108222, 108273, 108380, 108451, 108502]]
04/05/2022 16:10:39 PM - INFO - update trend: [-0.09424730953916113]
04/05/2022 16:10:39 PM - INFO - estimateQueueDelayDuration [-22.61935428939867] = queueDelayDelta [-0.37698923815664453] * numCount[1000]
04/05/2022 16:10:39 PM - INFO - [in this interval] signal is [Signal.NORMAL]
04/05/2022 16:10:39 PM - INFO - [in this interval] adaptiveThresholdGamma is [59.12805395678896]
04/05/2022 16:10:39 PM - INFO - [in this interval] state is [State.INCREASE]
04/05/2022 16:10:39 PM - INFO - [in this interval] now real rate is [0.44896721311475407]mbps
04/05/2022 16:10:39 PM - INFO - [in this interval] now real rtt is [3976]
04/05/2022 16:10:39 PM - INFO - [in this interval] aimd control rate is [0.4257582439702471] mbps
04/05/2022 16:10:39 PM - INFO - [in this interval] delay-rate is [0.4257582439702471] mbps
04/05/2022 16:10:39 PM - INFO - average delay [1774.3333333333333]
04/05/2022 16:10:39 PM - INFO - average delay [1758.5]
04/05/2022 16:10:39 PM - INFO - average delay [1754.3333333333333]
04/05/2022 16:10:39 PM - INFO - average delay [1742.75]
04/05/2022 16:10:39 PM - INFO - nowTs is [109071], lastTs is [108826]
04/05/2022 16:10:39 PM - INFO - [in this interval] loss-ratio is [0.45454545454545453]
04/05/2022 16:10:39 PM - INFO - [in this interval] group num is [8]
04/05/2022 16:10:39 PM - INFO - [in this interval] delayDelta from group is [[0, -15, 0, -7, 1, 3, 12]]
04/05/2022 16:10:39 PM - INFO - sample List of accDelay : [[-2371.171654780995, -2375.0544893028955, -2380.4490403726063, -2385.404136335346, -2390.2637227018113, -2395.43735043163, -2400.493615388467, -2405.04425384962, -2407.039828464658, -2408.3358456181923, -2405.4022610563734, -2404.6620349507357, -2401.895831455662, -2399.4062483100956, -2398.6656234790858, -2397.999061131177, -2398.0991550180593, -2398.0892395162537, -2397.7803155646284, -2396.3022840081658]]
04/05/2022 16:10:39 PM - INFO - sample List of time: [[107969, 108000, 108032, 108048, 108098, 108134, 108151, 108187, 108222, 108273, 108380, 108451, 108502, 108604, 108629, 108649, 108689, 108707, 108743, 108780]]
04/05/2022 16:10:39 PM - INFO - update trend: [-0.01886289816004997]
04/05/2022 16:10:39 PM - INFO - estimateQueueDelayDuration [-4.527095558411992] = queueDelayDelta [-0.07545159264019988] * numCount[1001]
04/05/2022 16:10:39 PM - INFO - [in this interval] signal is [Signal.NORMAL]
04/05/2022 16:10:39 PM - INFO - [in this interval] adaptiveThresholdGamma is [58.145236705618174]
04/05/2022 16:10:39 PM - INFO - [in this interval] state is [State.INCREASE]
04/05/2022 16:10:39 PM - INFO - [in this interval] now real rate is [0.4247836734693878]mbps
04/05/2022 16:10:39 PM - INFO - [in this interval] now real rtt is [3926]
04/05/2022 16:10:39 PM - INFO - [in this interval] aimd control rate is [0.42930622933666585] mbps
04/05/2022 16:10:39 PM - INFO - [in this interval] delay-rate is [0.42930622933666585] mbps
04/05/2022 16:10:39 PM - INFO - average delay [1748.75]
04/05/2022 16:10:39 PM - INFO - average delay [1751.6666666666667]
04/05/2022 16:10:39 PM - INFO - average delay [1682.6666666666667]
04/05/2022 16:10:39 PM - INFO - average delay [1641.5]
04/05/2022 16:10:39 PM - INFO - nowTs is [109314], lastTs is [109071]
04/05/2022 16:10:39 PM - INFO - [in this interval] loss-ratio is [0.42857142857142855]
04/05/2022 16:10:39 PM - INFO - [in this interval] group num is [12]
04/05/2022 16:10:39 PM - INFO - [in this interval] delayDelta from group is [[-11, 9, -41, -20, -14, -11, -15, -15, -8, -7, 19]]
04/05/2022 16:10:39 PM - INFO - sample List of accDelay : [[-2404.6620349507357, -2401.895831455662, -2399.4062483100956, -2398.6656234790858, -2397.999061131177, -2398.0991550180593, -2398.0892395162537, -2397.7803155646284, -2396.3022840081658, -2396.0720556073493, -2394.9648500466146, -2398.0683650419533, -2402.8615285377577, -2408.575375683982, -2414.817838115584, -2421.9360543040257, -2429.842448873623, -2437.758203986261, -2445.582383587635, -2450.7241452288713]]
04/05/2022 16:10:39 PM - INFO - sample List of time: [[108451, 108502, 108604, 108629, 108649, 108689, 108707, 108743, 108780, 108816, 108840, 108858, 108867, 108887, 108908, 108927, 108947, 108967, 108989, 109002]]
04/05/2022 16:10:39 PM - INFO - update trend: [-0.07258961450215026]
04/05/2022 16:10:39 PM - INFO - estimateQueueDelayDuration [-17.421507480516063] = queueDelayDelta [-0.29035845800860105] * numCount[1000]
04/05/2022 16:10:39 PM - INFO - [in this interval] signal is [Signal.NORMAL]
04/05/2022 16:10:39 PM - INFO - [in this interval] adaptiveThresholdGamma is [57.41220957956634]
04/05/2022 16:10:39 PM - INFO - [in this interval] state is [State.INCREASE]
04/05/2022 16:10:39 PM - INFO - [in this interval] now real rate is [0.5515081967213116]mbps
04/05/2022 16:10:39 PM - INFO - [in this interval] now real rtt is [3684]
04/05/2022 16:10:39 PM - INFO - [in this interval] aimd control rate is [0.4328837812478047] mbps
04/05/2022 16:10:39 PM - INFO - [in this interval] delay-rate is [0.4328837812478047] mbps
04/05/2022 16:10:39 PM - INFO - average delay [1630.0]
04/05/2022 16:10:39 PM - INFO - average delay [1636.75]
04/05/2022 16:10:39 PM - INFO - average delay [1653.0]
04/05/2022 16:10:39 PM - INFO - average delay [1672.6]
04/05/2022 16:10:39 PM - INFO - nowTs is [109544], lastTs is [109314]
04/05/2022 16:10:39 PM - INFO - [in this interval] loss-ratio is [0.15]
04/05/2022 16:10:39 PM - INFO - [in this interval] group num is [7]
04/05/2022 16:10:39 PM - INFO - [in this interval] delayDelta from group is [[11, 21, 1, -2, -2, 1]]
04/05/2022 16:10:39 PM - INFO - sample List of accDelay : [[-2398.0892395162537, -2397.7803155646284, -2396.3022840081658, -2396.0720556073493, -2394.9648500466146, -2398.0683650419533, -2402.8615285377577, -2408.575375683982, -2414.817838115584, -2421.9360543040257, -2429.842448873623, -2437.758203986261, -2445.582383587635, -2450.7241452288713, -2454.2517307059843, -2455.326557635386, -2456.1939018718476, -2457.174511684663, -2458.2570605161964, -2459.131354464577]]
04/05/2022 16:10:39 PM - INFO - sample List of time: [[108707, 108743, 108780, 108816, 108840, 108858, 108867, 108887, 108908, 108927, 108947, 108967, 108989, 109002, 109081, 109122, 109188, 109214, 109227, 109240]]
04/05/2022 16:10:39 PM - INFO - update trend: [-0.14721454530572192]
04/05/2022 16:10:39 PM - INFO - estimateQueueDelayDuration [-35.33149087337326] = queueDelayDelta [-0.5888581812228877] * numCount[1000]
04/05/2022 16:10:39 PM - INFO - [in this interval] signal is [Signal.NORMAL]
04/05/2022 16:10:39 PM - INFO - [in this interval] adaptiveThresholdGamma is [57.01475664285486]
04/05/2022 16:10:39 PM - INFO - [in this interval] state is [State.INCREASE]
04/05/2022 16:10:39 PM - INFO - [in this interval] now real rate is [0.6231853360488799]mbps
04/05/2022 16:10:39 PM - INFO - [in this interval] now real rtt is [3754]
04/05/2022 16:10:39 PM - INFO - [in this interval] aimd control rate is [0.4364911460915364] mbps
04/05/2022 16:10:39 PM - INFO - [in this interval] delay-rate is [0.4364911460915364] mbps
04/05/2022 16:10:39 PM - INFO - average delay [1674.4]
04/05/2022 16:10:39 PM - INFO - average delay [1680.0]
04/05/2022 16:10:39 PM - INFO - average delay [1673.5]
04/05/2022 16:10:39 PM - INFO - average delay [1662.4]
04/05/2022 16:10:39 PM - INFO - nowTs is [109791], lastTs is [109544]
04/05/2022 16:10:39 PM - INFO - [in this interval] loss-ratio is [0.5]
04/05/2022 16:10:39 PM - INFO - [in this interval] group num is [11]
04/05/2022 16:10:39 PM - INFO - [in this interval] delayDelta from group is [[1, -5, -5, 1, -20, -1, -6, -9, -11, -8]]
04/05/2022 16:10:39 PM - INFO - sample List of accDelay : [[-2429.842448873623, -2437.758203986261, -2445.582383587635, -2450.7241452288713, -2454.2517307059843, -2455.326557635386, -2456.1939018718476, -2457.174511684663, -2458.2570605161964, -2459.131354464577, -2459.818219018119, -2460.936397116307, -2462.4427574046763, -2463.698481664209, -2466.828633497788, -2469.745770148009, -2472.971193133208, -2476.7740738198872, -2481.2966664378982, -2486.1669997941085]]
04/05/2022 16:10:39 PM - INFO - sample List of time: [[108947, 108967, 108989, 109002, 109081, 109122, 109188, 109214, 109227, 109240, 109286, 109317, 109347, 109377, 109408, 109423, 109437, 109451, 109477, 109491]]
04/05/2022 16:10:39 PM - INFO - update trend: [-0.07044828814213801]
04/05/2022 16:10:39 PM - INFO - estimateQueueDelayDuration [-16.907589154113122] = queueDelayDelta [-0.28179315256855203] * numCount[1000]
04/05/2022 16:10:39 PM - INFO - [in this interval] signal is [Signal.NORMAL]
04/05/2022 16:10:39 PM - INFO - [in this interval] adaptiveThresholdGamma is [56.29282762805751]
04/05/2022 16:10:39 PM - INFO - [in this interval] state is [State.INCREASE]
04/05/2022 16:10:39 PM - INFO - [in this interval] now real rate is [0.6020571428571428]mbps
04/05/2022 16:10:39 PM - INFO - [in this interval] now real rtt is [3648]
04/05/2022 16:10:39 PM - INFO - [in this interval] aimd control rate is [0.44012857230896585] mbps
04/05/2022 16:10:39 PM - INFO - [in this interval] delay-rate is [0.44012857230896585] mbps
04/05/2022 16:10:39 PM - INFO - average delay [1629.0]
04/05/2022 16:10:39 PM - INFO - average delay [1629.5]
04/05/2022 16:10:39 PM - INFO - average delay [1631.2]
04/05/2022 16:10:39 PM - INFO - average delay [1637.6666666666667]
04/05/2022 16:10:39 PM - INFO - nowTs is [110008], lastTs is [109791]
04/05/2022 16:10:39 PM - INFO - [in this interval] loss-ratio is [0.14285714285714285]
04/05/2022 16:10:39 PM - INFO - [in this interval] group num is [6]
04/05/2022 16:10:39 PM - INFO - [in this interval] delayDelta from group is [[6, -3, -2, 40, 2]]
04/05/2022 16:10:39 PM - INFO - sample List of accDelay : [[-2455.326557635386, -2456.1939018718476, -2457.174511684663, -2458.2570605161964, -2459.131354464577, -2459.818219018119, -2460.936397116307, -2462.4427574046763, -2463.698481664209, -2466.828633497788, -2469.745770148009, -2472.971193133208, -2476.7740738198872, -2481.2966664378982, -2486.1669997941085, -2489.9502998146977, -2493.655269833228, -2497.1897428499055, -2496.370768564915, -2495.4336917084233]]
04/05/2022 16:10:39 PM - INFO - sample List of time: [[109122, 109188, 109214, 109227, 109240, 109286, 109317, 109347, 109377, 109408, 109423, 109437, 109451, 109477, 109491, 109532, 109573, 109600, 109628, 109708]]
04/05/2022 16:10:39 PM - INFO - update trend: [-0.0906125939495901]
04/05/2022 16:10:39 PM - INFO - estimateQueueDelayDuration [-21.747022547901626] = queueDelayDelta [-0.3624503757983604] * numCount[1001]
04/05/2022 16:10:39 PM - INFO - [in this interval] signal is [Signal.NORMAL]
04/05/2022 16:10:39 PM - INFO - [in this interval] adaptiveThresholdGamma is [55.6710031366147]
04/05/2022 16:10:39 PM - INFO - [in this interval] state is [State.INCREASE]
04/05/2022 16:10:39 PM - INFO - [in this interval] now real rate is [0.5235878787878788]mbps
04/05/2022 16:10:39 PM - INFO - [in this interval] now real rtt is [3752]
04/05/2022 16:10:39 PM - INFO - [in this interval] aimd control rate is [0.44379631041154055] mbps
04/05/2022 16:10:39 PM - INFO - [in this interval] delay-rate is [0.44379631041154055] mbps
04/05/2022 16:10:39 PM - INFO - average delay [1667.6666666666667]
04/05/2022 16:10:39 PM - INFO - average delay [1705.0]
04/05/2022 16:10:39 PM - INFO - average delay [1715.8333333333333]
04/05/2022 16:10:39 PM - INFO - nowTs is [110209], lastTs is [110008]
04/05/2022 16:10:39 PM - INFO - [in this interval] loss-ratio is [0.058823529411764705]
04/05/2022 16:10:39 PM - INFO - [in this interval] group num is [8]
04/05/2022 16:10:39 PM - INFO - [in this interval] delayDelta from group is [[46, -20, -14, -20, -19, -15, -19]]
04/05/2022 16:10:39 PM - INFO - sample List of accDelay : [[-2462.4427574046763, -2463.698481664209, -2466.828633497788, -2469.745770148009, -2472.971193133208, -2476.7740738198872, -2481.2966664378982, -2486.1669997941085, -2489.9502998146977, -2493.655269833228, -2497.1897428499055, -2496.370768564915, -2495.4336917084233, -2489.990322537581, -2487.091290283823, -2485.8821612554407, -2486.7939451298967, -2489.514550616907, -2493.4630955552166, -2498.916785999695]]
04/05/2022 16:10:39 PM - INFO - sample List of time: [[109347, 109377, 109408, 109423, 109437, 109451, 109477, 109491, 109532, 109573, 109600, 109628, 109708, 109762, 109843, 109858, 109874, 109889, 109905, 109920]]
04/05/2022 16:10:39 PM - INFO - update trend: [-0.041377720110767714]
04/05/2022 16:10:39 PM - INFO - estimateQueueDelayDuration [-9.930652826584252] = queueDelayDelta [-0.16551088044307086] * numCount[1000]
04/05/2022 16:10:39 PM - INFO - [in this interval] signal is [Signal.NORMAL]
04/05/2022 16:10:39 PM - INFO - [in this interval] adaptiveThresholdGamma is [54.84767683103415]
04/05/2022 16:10:39 PM - INFO - [in this interval] state is [State.INCREASE]
04/05/2022 16:10:39 PM - INFO - [in this interval] now real rate is [0.5351503006012024]mbps
04/05/2022 16:10:39 PM - INFO - [in this interval] now real rtt is [3674]
04/05/2022 16:10:39 PM - INFO - [in this interval] aimd control rate is [0.4474946129983034] mbps
04/05/2022 16:10:39 PM - INFO - [in this interval] delay-rate is [0.4474946129983034] mbps
04/05/2022 16:10:39 PM - INFO - average delay [1662.25]
04/05/2022 16:10:39 PM - INFO - average delay [1614.2857142857142]
04/05/2022 16:10:39 PM - INFO - average delay [1539.2857142857142]
04/05/2022 16:10:39 PM - INFO - average delay [1505.8]
04/05/2022 16:10:39 PM - INFO - nowTs is [110441], lastTs is [110209]
04/05/2022 16:10:39 PM - INFO - [in this interval] loss-ratio is [0.2413793103448276]
04/05/2022 16:10:39 PM - INFO - [in this interval] group num is [14]
04/05/2022 16:10:39 PM - INFO - [in this interval] delayDelta from group is [[-15, -6, -27, -25, -17, -24, -11, -6, -2, 2, -22, -11, -10]]
04/05/2022 16:10:39 PM - INFO - sample List of accDelay : [[-2489.990322537581, -2487.091290283823, -2485.8821612554407, -2486.7939451298967, -2489.514550616907, -2493.4630955552166, -2498.916785999695, -2505.3251073997253, -2511.692596659753, -2520.1233369937777, -2530.2110032943997, -2540.9899029649596, -2553.0909126684637, -2565.081821401617, -2576.4736392614554, -2586.92627533531, -2596.1336478017793, -2606.620283021601, -2617.1582547194407, -2627.6424292474967]]
04/05/2022 16:10:39 PM - INFO - sample List of time: [[109762, 109843, 109858, 109874, 109889, 109905, 109920, 109947, 109962, 109981, 109989, 110004, 110012, 110028, 110052, 110076, 110094, 110106, 110119, 110143]]
04/05/2022 16:10:39 PM - INFO - update trend: [-0.44524197226519363]
04/05/2022 16:10:39 PM - INFO - estimateQueueDelayDuration [-106.85807334364647] = queueDelayDelta [-1.7809678890607745] * numCount[1001]
04/05/2022 16:10:39 PM - INFO - [in this interval] signal is [Signal.UNDER_USE]
04/05/2022 16:10:39 PM - INFO - [in this interval] adaptiveThresholdGamma is [54.84767683103415]
04/05/2022 16:10:39 PM - INFO - [in this interval] state is [State.HOLD]
04/05/2022 16:10:39 PM - INFO - [in this interval] now real rate is [0.617037037037037]mbps
04/05/2022 16:10:39 PM - INFO - [in this interval] now real rtt is [3338]
04/05/2022 16:10:39 PM - INFO - [in this interval] aimd control rate is [0.4474946129983034] mbps
04/05/2022 16:10:39 PM - INFO - [in this interval] delay-rate is [0.4474946129983034] mbps
04/05/2022 16:10:39 PM - INFO - average delay [1474.4]
04/05/2022 16:10:39 PM - INFO - average delay [1472.6]
04/05/2022 16:10:39 PM - INFO - average delay [1469.25]
04/05/2022 16:10:39 PM - INFO - average delay [1471.25]
04/05/2022 16:10:39 PM - INFO - nowTs is [110687], lastTs is [110441]
04/05/2022 16:10:39 PM - INFO - [in this interval] loss-ratio is [0.16666666666666666]
04/05/2022 16:10:39 PM - INFO - [in this interval] group num is [9]
04/05/2022 16:10:39 PM - INFO - [in this interval] delayDelta from group is [[6, -5, -4, 4, 0, 0, 9, -3]]
04/05/2022 16:10:39 PM - INFO - sample List of accDelay : [[-2511.692596659753, -2520.1233369937777, -2530.2110032943997, -2540.9899029649596, -2553.0909126684637, -2565.081821401617, -2576.4736392614554, -2586.92627533531, -2596.1336478017793, -2606.620283021601, -2617.1582547194407, -2627.6424292474967, -2636.478186322747, -2644.9303676904724, -2652.937330921425, -2659.743597829283, -2665.8692380463544, -2671.382314241719, -2675.444082817547, -2679.399674535792]]
04/05/2022 16:10:39 PM - INFO - sample List of time: [[109962, 109981, 109989, 110004, 110012, 110028, 110052, 110076, 110094, 110106, 110119, 110143, 110187, 110213, 110238, 110269, 110293, 110308, 110338, 110377]]
04/05/2022 16:10:39 PM - INFO - update trend: [-0.41188858035880016]
04/05/2022 16:10:39 PM - INFO - estimateQueueDelayDuration [-98.85325928611203] = queueDelayDelta [-1.6475543214352006] * numCount[1001]
04/05/2022 16:10:39 PM - INFO - [in this interval] signal is [Signal.UNDER_USE]
04/05/2022 16:10:39 PM - INFO - [in this interval] adaptiveThresholdGamma is [54.84767683103415]
04/05/2022 16:10:39 PM - INFO - [in this interval] state is [State.HOLD]
04/05/2022 16:10:39 PM - INFO - [in this interval] now real rate is [0.6107692307692307]mbps
04/05/2022 16:10:39 PM - INFO - [in this interval] now real rtt is [3360]
04/05/2022 16:10:39 PM - INFO - [in this interval] aimd control rate is [0.4474946129983034] mbps
04/05/2022 16:10:39 PM - INFO - [in this interval] delay-rate is [0.4474946129983034] mbps
04/05/2022 16:10:39 PM - INFO - average delay [1475.5]
04/05/2022 16:10:39 PM - INFO - average delay [1496.75]
04/05/2022 16:10:39 PM - INFO - average delay [1503.0]
04/05/2022 16:10:39 PM - INFO - average delay [1499.0]
04/05/2022 16:10:39 PM - INFO - nowTs is [110907], lastTs is [110687]
04/05/2022 16:10:39 PM - INFO - [in this interval] loss-ratio is [0.23809523809523808]
04/05/2022 16:10:39 PM - INFO - [in this interval] group num is [10]
04/05/2022 16:10:39 PM - INFO - [in this interval] delayDelta from group is [[1, 1, 2, 3, 3, -2, -6, 6, 24]]
04/05/2022 16:10:39 PM - INFO - sample List of accDelay : [[-2606.620283021601, -2617.1582547194407, -2627.6424292474967, -2636.478186322747, -2644.9303676904724, -2652.937330921425, -2659.743597829283, -2665.8692380463544, -2671.382314241719, -2675.444082817547, -2679.399674535792, -2682.859707082213, -2685.873736373992, -2688.3863627365927, -2690.3477264629337, -2691.8129538166404, -2693.3316584349764, -2695.298492591479, -2696.468643332331, -2695.121778999098]]
04/05/2022 16:10:39 PM - INFO - sample List of time: [[110106, 110119, 110143, 110187, 110213, 110238, 110269, 110293, 110308, 110338, 110377, 110442, 110458, 110474, 110486, 110499, 110512, 110535, 110559, 110590]]
04/05/2022 16:10:39 PM - INFO - update trend: [-0.1727456968813278]
04/05/2022 16:10:39 PM - INFO - estimateQueueDelayDuration [-41.45896725151867] = queueDelayDelta [-0.6909827875253112] * numCount[1000]
04/05/2022 16:10:39 PM - INFO - [in this interval] signal is [Signal.NORMAL]
04/05/2022 16:10:39 PM - INFO - [in this interval] adaptiveThresholdGamma is [54.60668005860287]
04/05/2022 16:10:39 PM - INFO - [in this interval] state is [State.INCREASE]
04/05/2022 16:10:39 PM - INFO - [in this interval] now real rate is [0.5263217922606925]mbps
04/05/2022 16:10:39 PM - INFO - [in this interval] now real rtt is [3460]
04/05/2022 16:10:39 PM - INFO - [in this interval] aimd control rate is [0.45122373477328925] mbps
04/05/2022 16:10:39 PM - INFO - [in this interval] delay-rate is [0.45122373477328925] mbps
04/05/2022 16:10:39 PM - INFO - average delay [1519.0]
04/05/2022 16:10:39 PM - INFO - average delay [1571.5]
04/05/2022 16:10:39 PM - INFO - average delay [1600.0]
04/05/2022 16:10:39 PM - INFO - average delay [1631.0]
04/05/2022 16:10:39 PM - INFO - nowTs is [111172], lastTs is [110907]
04/05/2022 16:10:39 PM - INFO - [in this interval] loss-ratio is [0.4666666666666667]
04/05/2022 16:10:39 PM - INFO - [in this interval] group num is [8]
04/05/2022 16:10:39 PM - INFO - [in this interval] delayDelta from group is [[31, 26, 11, 14, 26, 8, -32]]
04/05/2022 16:10:39 PM - INFO - sample List of accDelay : [[-2665.8692380463544, -2671.382314241719, -2675.444082817547, -2679.399674535792, -2682.859707082213, -2685.873736373992, -2688.3863627365927, -2690.3477264629337, -2691.8129538166404, -2693.3316584349764, -2695.298492591479, -2696.468643332331, -2695.121778999098, -2690.809601099188, -2684.3286409892694, -2677.3957768903424, -2669.756199201308, -2660.2805792811773, -2650.9525213530596, -2645.7572692177537]]
04/05/2022 16:10:39 PM - INFO - sample List of time: [[110293, 110308, 110338, 110377, 110442, 110458, 110474, 110486, 110499, 110512, 110535, 110559, 110590, 110675, 110716, 110757, 110798, 110822, 110863, 110881]]
04/05/2022 16:10:39 PM - INFO - update trend: [0.034349007043669895]
04/05/2022 16:10:39 PM - INFO - estimateQueueDelayDuration [8.243761690480774] = queueDelayDelta [0.13739602817467958] * numCount[1001]
04/05/2022 16:10:39 PM - INFO - [in this interval] signal is [Signal.NORMAL]
04/05/2022 16:10:39 PM - INFO - [in this interval] adaptiveThresholdGamma is [53.77214752797667]
04/05/2022 16:10:39 PM - INFO - [in this interval] state is [State.INCREASE]
04/05/2022 16:10:39 PM - INFO - [in this interval] now real rate is [0.4285030927835052]mbps
04/05/2022 16:10:39 PM - INFO - [in this interval] now real rtt is [3680]
04/05/2022 16:10:39 PM - INFO - [in this interval] aimd control rate is [0.4549839325630667] mbps
04/05/2022 16:10:39 PM - INFO - [in this interval] delay-rate is [0.4549839325630667] mbps
04/05/2022 16:10:39 PM - INFO - average delay [1658.6666666666667]
04/05/2022 16:10:39 PM - INFO - average delay [1608.3333333333333]
04/05/2022 16:10:39 PM - INFO - average delay [1572.5]
04/05/2022 16:10:39 PM - INFO - average delay [1570.25]
04/05/2022 16:10:39 PM - INFO - nowTs is [111406], lastTs is [111172]
04/05/2022 16:10:39 PM - INFO - [in this interval] loss-ratio is [0.06666666666666667]
04/05/2022 16:10:39 PM - INFO - [in this interval] group num is [12]
04/05/2022 16:10:39 PM - INFO - [in this interval] delayDelta from group is [[-16, -12, -16, -16, 4, 5, 7, -19, -13, -1, -2]]
04/05/2022 16:10:39 PM - INFO - sample List of accDelay : [[-2696.468643332331, -2695.121778999098, -2690.809601099188, -2684.3286409892694, -2677.3957768903424, -2669.756199201308, -2660.2805792811773, -2650.9525213530596, -2645.7572692177537, -2642.6815422959785, -2641.1133880663806, -2641.3020492597425, -2643.0718443337682, -2644.2646599003915, -2644.8381939103524, -2644.6543745193176, -2646.3889370673855, -2649.250043360647, -2651.925039024582, -2654.5325351221236]]
04/05/2022 16:10:39 PM - INFO - sample List of time: [[110559, 110590, 110675, 110716, 110757, 110798, 110822, 110863, 110881, 110917, 110936, 110954, 110973, 110992, 111026, 111056, 111073, 111089, 111106, 111120]]
04/05/2022 16:10:39 PM - INFO - update trend: [0.09813220418872026]
04/05/2022 16:10:39 PM - INFO - estimateQueueDelayDuration [23.551729005292863] = queueDelayDelta [0.39252881675488105] * numCount[1000]
04/05/2022 16:10:39 PM - INFO - [in this interval] signal is [Signal.NORMAL]
04/05/2022 16:10:39 PM - INFO - [in this interval] adaptiveThresholdGamma is [53.228179994568364]
04/05/2022 16:10:39 PM - INFO - [in this interval] state is [State.INCREASE]
04/05/2022 16:10:39 PM - INFO - [in this interval] now real rate is [0.44569138276553105]mbps
04/05/2022 16:10:39 PM - INFO - [in this interval] now real rtt is [3488]
04/05/2022 16:10:39 PM - INFO - [in this interval] aimd control rate is [0.45877546533442554] mbps
04/05/2022 16:10:39 PM - INFO - [in this interval] delay-rate is [0.45877546533442554] mbps
04/05/2022 16:10:39 PM - INFO - average delay [1549.25]
04/05/2022 16:10:39 PM - INFO - average delay [1547.0]
04/05/2022 16:10:39 PM - INFO - average delay [1564.6]
04/05/2022 16:10:39 PM - INFO - average delay [1574.1666666666667]
04/05/2022 16:10:39 PM - INFO - nowTs is [111650], lastTs is [111406]
04/05/2022 16:10:39 PM - INFO - [in this interval] loss-ratio is [0.05]
04/05/2022 16:10:39 PM - INFO - [in this interval] group num is [8]
04/05/2022 16:10:39 PM - INFO - [in this interval] delayDelta from group is [[-1, 19, 10, 7, -33, -22, -18]]
04/05/2022 16:10:39 PM - INFO - sample List of accDelay : [[-2650.9525213530596, -2645.7572692177537, -2642.6815422959785, -2641.1133880663806, -2641.3020492597425, -2643.0718443337682, -2644.2646599003915, -2644.8381939103524, -2644.6543745193176, -2646.3889370673855, -2649.250043360647, -2651.925039024582, -2654.5325351221236, -2656.9792816099116, -2657.2813534489205, -2656.5532181040285, -2655.1978962936255, -2657.278106664263, -2661.350295997837, -2666.815266398053]]
04/05/2022 16:10:39 PM - INFO - sample List of time: [[110863, 110881, 110917, 110936, 110954, 110973, 110992, 111026, 111056, 111073, 111089, 111106, 111120, 111150, 111194, 111248, 111283, 111340, 111352, 111365]]
04/05/2022 16:10:39 PM - INFO - update trend: [-0.03991709646951717]
04/05/2022 16:10:39 PM - INFO - estimateQueueDelayDuration [-9.58010315268412] = queueDelayDelta [-0.15966838587806867] * numCount[1001]
04/05/2022 16:10:39 PM - INFO - [in this interval] signal is [Signal.NORMAL]
04/05/2022 16:10:39 PM - INFO - [in this interval] adaptiveThresholdGamma is [52.442514611414445]
04/05/2022 16:10:39 PM - INFO - [in this interval] state is [State.INCREASE]
04/05/2022 16:10:39 PM - INFO - [in this interval] now real rate is [0.6473870967741936]mbps
04/05/2022 16:10:39 PM - INFO - [in this interval] now real rtt is [3436]
04/05/2022 16:10:39 PM - INFO - [in this interval] aimd control rate is [0.46259859421221244] mbps
04/05/2022 16:10:39 PM - INFO - [in this interval] delay-rate is [0.46259859421221244] mbps
04/05/2022 16:10:39 PM - INFO - average delay [1561.1666666666667]
04/05/2022 16:10:39 PM - INFO - average delay [1478.6]
04/05/2022 16:10:39 PM - INFO - average delay [1454.75]
04/05/2022 16:10:39 PM - INFO - average delay [1443.0]
04/05/2022 16:10:39 PM - INFO - nowTs is [111893], lastTs is [111650]
04/05/2022 16:10:39 PM - INFO - [in this interval] loss-ratio is [0.07142857142857142]
04/05/2022 16:10:39 PM - INFO - [in this interval] group num is [9]
04/05/2022 16:10:39 PM - INFO - [in this interval] delayDelta from group is [[-17, -18, -22, 9, -1, -8, 24, 32]]
04/05/2022 16:10:39 PM - INFO - sample List of accDelay : [[-2644.6543745193176, -2646.3889370673855, -2649.250043360647, -2651.925039024582, -2654.5325351221236, -2656.9792816099116, -2657.2813534489205, -2656.5532181040285, -2655.1978962936255, -2657.278106664263, -2661.350295997837, -2666.815266398053, -2673.4337397582476, -2681.1903657824228, -2690.3713292041803, -2697.7341962837622, -2704.460776655386, -2711.314698989847, -2715.0832290908625, -2715.2749061817763]]
04/05/2022 16:10:39 PM - INFO - sample List of time: [[111056, 111073, 111089, 111106, 111120, 111150, 111194, 111248, 111283, 111340, 111352, 111365, 111401, 111414, 111426, 111439, 111458, 111482, 111504, 111573]]
04/05/2022 16:10:39 PM - INFO - update trend: [-0.13451441418210341]
04/05/2022 16:10:39 PM - INFO - estimateQueueDelayDuration [-32.28345940370482] = queueDelayDelta [-0.5380576567284137] * numCount[1001]
04/05/2022 16:10:39 PM - INFO - [in this interval] signal is [Signal.NORMAL]
04/05/2022 16:10:39 PM - INFO - [in this interval] adaptiveThresholdGamma is [52.07965161767567]
04/05/2022 16:10:39 PM - INFO - [in this interval] state is [State.INCREASE]
04/05/2022 16:10:39 PM - INFO - [in this interval] now real rate is [0.615984]mbps
04/05/2022 16:10:39 PM - INFO - [in this interval] now real rtt is [3402]
04/05/2022 16:10:39 PM - INFO - [in this interval] aimd control rate is [0.4664535824973142] mbps
04/05/2022 16:10:39 PM - INFO - [in this interval] delay-rate is [0.4664535824973142] mbps
04/05/2022 16:10:39 PM - INFO - average delay [1484.0]
04/05/2022 16:10:39 PM - INFO - average delay [1477.25]
04/05/2022 16:10:39 PM - INFO - average delay [1466.0]
04/05/2022 16:10:39 PM - INFO - average delay [1462.5]
04/05/2022 16:10:39 PM - INFO - nowTs is [112127], lastTs is [111893]
04/05/2022 16:10:39 PM - INFO - [in this interval] loss-ratio is [0.0]
04/05/2022 16:10:39 PM - INFO - [in this interval] group num is [9]
04/05/2022 16:10:39 PM - INFO - [in this interval] delayDelta from group is [[-15, -20, 10, 8, -19, -12, 18, -13]]
04/05/2022 16:10:39 PM - INFO - sample List of accDelay : [[-2655.1978962936255, -2657.278106664263, -2661.350295997837, -2666.815266398053, -2673.4337397582476, -2681.1903657824228, -2690.3713292041803, -2697.7341962837622, -2704.460776655386, -2711.314698989847, -2715.0832290908625, -2715.2749061817763, -2716.9474155635985, -2720.4526740072383, -2722.6074066065144, -2723.7466659458632, -2726.671999351277, -2730.5047994161496, -2732.1543194745345, -2734.938887527081]]
04/05/2022 16:10:39 PM - INFO - sample List of time: [[111283, 111340, 111352, 111365, 111401, 111414, 111426, 111439, 111458, 111482, 111504, 111573, 111632, 111647, 111662, 111712, 111745, 111761, 111784, 111842]]
04/05/2022 16:10:39 PM - INFO - update trend: [-0.14688158604741136]
04/05/2022 16:10:39 PM - INFO - estimateQueueDelayDuration [-35.251580651378724] = queueDelayDelta [-0.5875263441896454] * numCount[1001]
04/05/2022 16:10:39 PM - INFO - [in this interval] signal is [Signal.NORMAL]
04/05/2022 16:10:39 PM - INFO - [in this interval] adaptiveThresholdGamma is [51.77674634028233]
04/05/2022 16:10:39 PM - INFO - [in this interval] state is [State.INCREASE]
04/05/2022 16:10:39 PM - INFO - [in this interval] now real rate is [0.49019222903885484]mbps
04/05/2022 16:10:39 PM - INFO - [in this interval] now real rtt is [3320]
04/05/2022 16:10:39 PM - INFO - [in this interval] aimd control rate is [0.4703406956847918] mbps
04/05/2022 16:10:39 PM - INFO - [in this interval] delay-rate is [0.4703406956847918] mbps
04/05/2022 16:10:39 PM - INFO - average delay [1459.75]
04/05/2022 16:10:39 PM - INFO - average delay [1456.4]
04/05/2022 16:10:39 PM - INFO - average delay [1432.2]
04/05/2022 16:10:39 PM - INFO - average delay [1432.4]
04/05/2022 16:10:39 PM - INFO - nowTs is [112363], lastTs is [112127]
04/05/2022 16:10:39 PM - INFO - [in this interval] loss-ratio is [0.0]
04/05/2022 16:10:39 PM - INFO - [in this interval] group num is [9]
04/05/2022 16:10:39 PM - INFO - [in this interval] delayDelta from group is [[-11, -5, -10, -9, 6, -4, -7, -1]]
04/05/2022 16:10:39 PM - INFO - sample List of accDelay : [[-2704.460776655386, -2711.314698989847, -2715.0832290908625, -2715.2749061817763, -2716.9474155635985, -2720.4526740072383, -2722.6074066065144, -2723.7466659458632, -2726.671999351277, -2730.5047994161496, -2732.1543194745345, -2734.938887527081, -2738.5449987743727, -2742.2904988969353, -2746.6614490072416, -2751.4953041065173, -2755.245773695866, -2759.021196326279, -2763.119076693651, -2766.907169024286]]
04/05/2022 16:10:39 PM - INFO - sample List of time: [[111458, 111482, 111504, 111573, 111632, 111647, 111662, 111712, 111745, 111761, 111784, 111842, 111866, 111890, 111915, 111940, 111966, 112007, 112033, 112061]]
04/05/2022 16:10:39 PM - INFO - update trend: [-0.09620845720205891]
04/05/2022 16:10:39 PM - INFO - estimateQueueDelayDuration [-23.090029728494137] = queueDelayDelta [-0.38483382880823563] * numCount[1001]
04/05/2022 16:10:39 PM - INFO - [in this interval] signal is [Signal.NORMAL]
04/05/2022 16:10:39 PM - INFO - [in this interval] adaptiveThresholdGamma is [51.260385441270145]
04/05/2022 16:10:39 PM - INFO - [in this interval] state is [State.INCREASE]
04/05/2022 16:10:39 PM - INFO - [in this interval] now real rate is [0.4719676113360324]mbps
04/05/2022 16:10:39 PM - INFO - [in this interval] now real rtt is [3262]
04/05/2022 16:10:39 PM - INFO - [in this interval] aimd control rate is [0.4742602014821651] mbps
04/05/2022 16:10:39 PM - INFO - [in this interval] delay-rate is [0.4742602014821651] mbps
04/05/2022 16:10:39 PM - INFO - average delay [1427.2]
04/05/2022 16:10:39 PM - INFO - average delay [1433.5]
04/05/2022 16:10:39 PM - INFO - average delay [1446.5]
04/05/2022 16:10:39 PM - INFO - average delay [1450.0]
04/05/2022 16:10:39 PM - INFO - nowTs is [112602], lastTs is [112363]
04/05/2022 16:10:39 PM - INFO - [in this interval] loss-ratio is [0.0]
04/05/2022 16:10:39 PM - INFO - [in this interval] group num is [7]
04/05/2022 16:10:39 PM - INFO - [in this interval] delayDelta from group is [[7, 11, -1, 5, 13, -1]]
04/05/2022 16:10:39 PM - INFO - sample List of accDelay : [[-2722.6074066065144, -2723.7466659458632, -2726.671999351277, -2730.5047994161496, -2732.1543194745345, -2734.938887527081, -2738.5449987743727, -2742.2904988969353, -2746.6614490072416, -2751.4953041065173, -2755.245773695866, -2759.021196326279, -2763.119076693651, -2766.907169024286, -2769.6164521218575, -2770.954806909672, -2772.2593262187047, -2772.9333935968343, -2772.240054237151, -2771.716048813436]]
04/05/2022 16:10:39 PM - INFO - sample List of time: [[111662, 111712, 111745, 111761, 111784, 111842, 111866, 111890, 111915, 111940, 111966, 112007, 112033, 112061, 112105, 112137, 112183, 112217, 112257, 112305]]
04/05/2022 16:10:39 PM - INFO - update trend: [-0.09386251593263015]
04/05/2022 16:10:39 PM - INFO - estimateQueueDelayDuration [-22.527003823831237] = queueDelayDelta [-0.3754500637305206] * numCount[1001]
04/05/2022 16:10:39 PM - INFO - [in this interval] signal is [Signal.NORMAL]
04/05/2022 16:10:39 PM - INFO - [in this interval] adaptiveThresholdGamma is [50.743184572156245]
04/05/2022 16:10:39 PM - INFO - [in this interval] state is [State.INCREASE]
04/05/2022 16:10:39 PM - INFO - [in this interval] now real rate is [0.46971663244353185]mbps
04/05/2022 16:10:39 PM - INFO - [in this interval] now real rtt is [3340]
04/05/2022 16:10:39 PM - INFO - [in this interval] aimd control rate is [0.4782123698278498] mbps
04/05/2022 16:10:39 PM - INFO - [in this interval] delay-rate is [0.4782123698278498] mbps
04/05/2022 16:10:39 PM - INFO - average delay [1464.3333333333333]
04/05/2022 16:10:39 PM - INFO - average delay [1486.5]
04/05/2022 16:10:39 PM - INFO - average delay [1507.6666666666667]
04/05/2022 16:10:39 PM - INFO - average delay [1526.6666666666667]
04/05/2022 16:10:39 PM - INFO - nowTs is [112843], lastTs is [112602]
04/05/2022 16:10:39 PM - INFO - [in this interval] loss-ratio is [0.0]
04/05/2022 16:10:39 PM - INFO - [in this interval] group num is [6]
04/05/2022 16:10:39 PM - INFO - [in this interval] delayDelta from group is [[16, 13, 17, 12, -6]]
04/05/2022 16:10:39 PM - INFO - sample List of accDelay : [[-2734.938887527081, -2738.5449987743727, -2742.2904988969353, -2746.6614490072416, -2751.4953041065173, -2755.245773695866, -2759.021196326279, -2763.119076693651, -2766.907169024286, -2769.6164521218575, -2770.954806909672, -2772.2593262187047, -2772.9333935968343, -2772.240054237151, -2771.716048813436, -2769.644443932092, -2766.479999538883, -2761.9319995849946, -2756.6387996264953, -2752.474919663846]]
04/05/2022 16:10:39 PM - INFO - sample List of time: [[111842, 111866, 111890, 111915, 111940, 111966, 112007, 112033, 112061, 112105, 112137, 112183, 112217, 112257, 112305, 112353, 112404, 112452, 112499, 112546]]
04/05/2022 16:10:39 PM - INFO - update trend: [-0.029048964620637968]
04/05/2022 16:10:39 PM - INFO - estimateQueueDelayDuration [-6.971751508953112] = queueDelayDelta [-0.11619585848255187] * numCount[1000]
04/05/2022 16:10:39 PM - INFO - [in this interval] signal is [Signal.NORMAL]
04/05/2022 16:10:39 PM - INFO - [in this interval] adaptiveThresholdGamma is [49.95529877701859]
04/05/2022 16:10:39 PM - INFO - [in this interval] state is [State.INCREASE]
04/05/2022 16:10:39 PM - INFO - [in this interval] now real rate is [0.4031676767676768]mbps
04/05/2022 16:10:39 PM - INFO - [in this interval] now real rtt is [3482]
04/05/2022 16:10:39 PM - INFO - [in this interval] aimd control rate is [0.48219747290974857] mbps
04/05/2022 16:10:39 PM - INFO - [in this interval] delay-rate is [0.48219747290974857] mbps
04/05/2022 16:10:39 PM - INFO - average delay [1539.0]
04/05/2022 16:10:39 PM - INFO - average delay [1560.0]
04/05/2022 16:10:39 PM - INFO - average delay [1577.0]
04/05/2022 16:10:39 PM - INFO - average delay [1588.4]
04/05/2022 16:10:39 PM - INFO - nowTs is [113095], lastTs is [112843]
04/05/2022 16:10:39 PM - INFO - [in this interval] loss-ratio is [0.0]
04/05/2022 16:10:39 PM - INFO - [in this interval] group num is [7]
04/05/2022 16:10:39 PM - INFO - [in this interval] delayDelta from group is [[20, 8, 10, 3, -6, -7]]
04/05/2022 16:10:39 PM - INFO - sample List of accDelay : [[-2759.021196326279, -2763.119076693651, -2766.907169024286, -2769.6164521218575, -2770.954806909672, -2772.2593262187047, -2772.9333935968343, -2772.240054237151, -2771.716048813436, -2769.644443932092, -2766.479999538883, -2761.9319995849946, -2756.6387996264953, -2752.474919663846, -2746.7274276974613, -2740.754684927715, -2734.3792164349434, -2728.3412947914494, -2723.5071653123046, -2719.856448781074]]
04/05/2022 16:10:39 PM - INFO - sample List of time: [[112007, 112033, 112061, 112105, 112137, 112183, 112217, 112257, 112305, 112353, 112404, 112452, 112499, 112546, 112594, 112644, 112692, 112737, 112765, 112794]]
04/05/2022 16:10:39 PM - INFO - update trend: [0.05734631520018207]
04/05/2022 16:10:39 PM - INFO - estimateQueueDelayDuration [13.763115648043696] = queueDelayDelta [0.22938526080072827] * numCount[1000]
04/05/2022 16:10:39 PM - INFO - [in this interval] signal is [Signal.NORMAL]
04/05/2022 16:10:39 PM - INFO - [in this interval] adaptiveThresholdGamma is [49.30383948069704]
04/05/2022 16:10:39 PM - INFO - [in this interval] state is [State.INCREASE]
04/05/2022 16:10:39 PM - INFO - [in this interval] now real rate is [0.46779716024340773]mbps
04/05/2022 16:10:39 PM - INFO - [in this interval] now real rtt is [3576]
04/05/2022 16:10:39 PM - INFO - [in this interval] aimd control rate is [0.4862157851839965] mbps
04/05/2022 16:10:39 PM - INFO - [in this interval] delay-rate is [0.4862157851839965] mbps
04/05/2022 16:10:39 PM - INFO - average delay [1589.8]
04/05/2022 16:10:39 PM - INFO - average delay [1579.25]
04/05/2022 16:10:39 PM - INFO - average delay [1572.0]
04/05/2022 16:10:39 PM - INFO - average delay [1561.5]
04/05/2022 16:10:39 PM - INFO - nowTs is [113321], lastTs is [113095]
04/05/2022 16:10:39 PM - INFO - [in this interval] loss-ratio is [0.0]
04/05/2022 16:10:39 PM - INFO - [in this interval] group num is [8]
04/05/2022 16:10:39 PM - INFO - [in this interval] delayDelta from group is [[-6, -6, -1, -5, -5, 1, -11]]
04/05/2022 16:10:39 PM - INFO - sample List of accDelay : [[-2772.240054237151, -2771.716048813436, -2769.644443932092, -2766.479999538883, -2761.9319995849946, -2756.6387996264953, -2752.474919663846, -2746.7274276974613, -2740.754684927715, -2734.3792164349434, -2728.3412947914494, -2723.5071653123046, -2719.856448781074, -2717.1708039029663, -2715.35372351267, -2713.818351161403, -2712.9365160452626, -2712.6428644407365, -2712.278577996663, -2713.0507201969967]]
04/05/2022 16:10:39 PM - INFO - sample List of time: [[112257, 112305, 112353, 112404, 112452, 112499, 112546, 112594, 112644, 112692, 112737, 112765, 112794, 112851, 112880, 112909, 112938, 112968, 112998, 113029]]
04/05/2022 16:10:39 PM - INFO - update trend: [0.09288113522588314]
04/05/2022 16:10:39 PM - INFO - estimateQueueDelayDuration [22.291472454211952] = queueDelayDelta [0.37152454090353254] * numCount[1001]
04/05/2022 16:10:39 PM - INFO - [in this interval] signal is [Signal.NORMAL]
04/05/2022 16:10:39 PM - INFO - [in this interval] adaptiveThresholdGamma is [48.81761687422031]
04/05/2022 16:10:39 PM - INFO - [in this interval] state is [State.INCREASE]
04/05/2022 16:10:39 PM - INFO - [in this interval] now real rate is [0.6006359832635982]mbps
04/05/2022 16:10:39 PM - INFO - [in this interval] now real rtt is [3508]
04/05/2022 16:10:39 PM - INFO - [in this interval] aimd control rate is [0.4902675833938631] mbps
04/05/2022 16:10:39 PM - INFO - [in this interval] delay-rate is [0.4902675833938631] mbps
04/05/2022 16:10:39 PM - INFO - average delay [1559.5]
04/05/2022 16:10:39 PM - INFO - average delay [1562.75]
04/05/2022 16:10:39 PM - INFO - average delay [1566.25]
04/05/2022 16:10:39 PM - INFO - average delay [1589.0]
04/05/2022 16:10:39 PM - INFO - average delay [1595.6666666666667]
04/05/2022 16:10:39 PM - INFO - nowTs is [113619], lastTs is [113321]
04/05/2022 16:10:40 PM - INFO - [in this interval] loss-ratio is [0.07692307692307693]
04/05/2022 16:10:40 PM - INFO - [in this interval] group num is [8]
04/05/2022 16:10:40 PM - INFO - [in this interval] delayDelta from group is [[1, 6, -12, 27, 7, 47, 9]]
04/05/2022 16:10:40 PM - INFO - sample List of accDelay : [[-2746.7274276974613, -2740.754684927715, -2734.3792164349434, -2728.3412947914494, -2723.5071653123046, -2719.856448781074, -2717.1708039029663, -2715.35372351267, -2713.818351161403, -2712.9365160452626, -2712.6428644407365, -2712.278577996663, -2713.0507201969967, -2713.645648177297, -2713.581083359567, -2714.72297502361, -2713.050677521249, -2710.845609769124, -2704.161048792212, -2697.244943912991]]
04/05/2022 16:10:40 PM - INFO - sample List of time: [[112594, 112644, 112692, 112737, 112765, 112794, 112851, 112880, 112909, 112938, 112968, 112998, 113029, 113066, 113102, 113138, 113156, 113193, 113230, 113307]]
04/05/2022 16:10:40 PM - INFO - update trend: [0.05157247289529435]
04/05/2022 16:10:40 PM - INFO - estimateQueueDelayDuration [12.377393494870644] = queueDelayDelta [0.2062898915811774] * numCount[1000]
04/05/2022 16:10:40 PM - INFO - [in this interval] signal is [Signal.NORMAL]
04/05/2022 16:10:40 PM - INFO - [in this interval] adaptiveThresholdGamma is [48.16169285339202]
04/05/2022 16:10:40 PM - INFO - [in this interval] state is [State.INCREASE]
04/05/2022 16:10:40 PM - INFO - [in this interval] now real rate is [0.5082989898989898]mbps
04/05/2022 16:10:40 PM - INFO - [in this interval] now real rtt is [3704]
04/05/2022 16:10:40 PM - INFO - [in this interval] aimd control rate is [0.49435314658881196] mbps
04/05/2022 16:10:40 PM - INFO - [in this interval] delay-rate is [0.49435314658881196] mbps
04/05/2022 16:10:40 PM - INFO - average delay [1647.5]
04/05/2022 16:10:40 PM - INFO - average delay [1689.5]
04/05/2022 16:10:40 PM - INFO - average delay [1711.5]
04/05/2022 16:10:40 PM - INFO - average delay [1736.5]
04/05/2022 16:10:40 PM - INFO - nowTs is [113857], lastTs is [113619]
04/05/2022 16:10:40 PM - INFO - [in this interval] loss-ratio is [0.0]
04/05/2022 16:10:40 PM - INFO - [in this interval] group num is [4]
04/05/2022 16:10:40 PM - INFO - [in this interval] delayDelta from group is [[44, 50, 11]]
04/05/2022 16:10:40 PM - INFO - sample List of accDelay : [[-2728.3412947914494, -2723.5071653123046, -2719.856448781074, -2717.1708039029663, -2715.35372351267, -2713.818351161403, -2712.9365160452626, -2712.6428644407365, -2712.278577996663, -2713.0507201969967, -2713.645648177297, -2713.581083359567, -2714.72297502361, -2713.050677521249, -2710.845609769124, -2704.161048792212, -2697.244943912991, -2686.6204495216916, -2672.0584045695223, -2657.8525641125702]]
04/05/2022 16:10:40 PM - INFO - sample List of time: [[112737, 112765, 112794, 112851, 112880, 112909, 112938, 112968, 112998, 113029, 113066, 113102, 113138, 113156, 113193, 113230, 113307, 113384, 113463, 113543]]
04/05/2022 16:10:40 PM - INFO - update trend: [0.06630976173805717]
04/05/2022 16:10:40 PM - INFO - estimateQueueDelayDuration [15.91434281713372] = queueDelayDelta [0.26523904695222866] * numCount[1001]
04/05/2022 16:10:40 PM - INFO - [in this interval] signal is [Signal.NORMAL]
04/05/2022 16:10:40 PM - INFO - [in this interval] adaptiveThresholdGamma is [47.58124055273937]
04/05/2022 16:10:40 PM - INFO - [in this interval] state is [State.INCREASE]
04/05/2022 16:10:40 PM - INFO - [in this interval] now real rate is [0.340544]mbps
04/05/2022 16:10:40 PM - INFO - [in this interval] now real rtt is [3980]
04/05/2022 16:10:40 PM - INFO - [in this interval] aimd control rate is [0.4984727561437187] mbps
04/05/2022 16:10:40 PM - INFO - [in this interval] delay-rate is [0.4984727561437187] mbps
04/05/2022 16:10:40 PM - INFO - average delay [1784.5]
04/05/2022 16:10:40 PM - INFO - average delay [1826.0]
04/05/2022 16:10:40 PM - INFO - average delay [1844.0]
04/05/2022 16:10:40 PM - INFO - average delay [1839.0]
04/05/2022 16:10:40 PM - INFO - nowTs is [114112], lastTs is [113857]
04/05/2022 16:10:40 PM - INFO - [in this interval] loss-ratio is [0.0]
04/05/2022 16:10:40 PM - INFO - [in this interval] group num is [7]
04/05/2022 16:10:40 PM - INFO - [in this interval] delayDelta from group is [[23, 1, -4, -4, 2, -4]]
04/05/2022 16:10:40 PM - INFO - sample List of accDelay : [[-2712.9365160452626, -2712.6428644407365, -2712.278577996663, -2713.0507201969967, -2713.645648177297, -2713.581083359567, -2714.72297502361, -2713.050677521249, -2710.845609769124, -2704.161048792212, -2697.244943912991, -2686.6204495216916, -2672.0584045695223, -2657.8525641125702, -2642.7673077013133, -2629.090576931182, -2617.181519238064, -2606.8633673142576, -2597.3770305828316, -2589.2393275245486]]
04/05/2022 16:10:40 PM - INFO - sample List of time: [[112938, 112968, 112998, 113029, 113066, 113102, 113138, 113156, 113193, 113230, 113307, 113384, 113463, 113543, 113625, 113683, 113714, 113745, 113776, 113808]]
04/05/2022 16:10:40 PM - INFO - update trend: [0.14457593843538508]
04/05/2022 16:10:40 PM - INFO - estimateQueueDelayDuration [34.69822522449242] = queueDelayDelta [0.5783037537415403] * numCount[1001]
04/05/2022 16:10:40 PM - INFO - [in this interval] signal is [Signal.NORMAL]
04/05/2022 16:10:40 PM - INFO - [in this interval] adaptiveThresholdGamma is [47.34934627683092]
04/05/2022 16:10:40 PM - INFO - [in this interval] state is [State.INCREASE]
04/05/2022 16:10:40 PM - INFO - [in this interval] now real rate is [0.41982961460446244]mbps
04/05/2022 16:10:40 PM - INFO - [in this interval] now real rtt is [4080]
04/05/2022 16:10:40 PM - INFO - [in this interval] aimd control rate is [0.5026266957782497] mbps
04/05/2022 16:10:40 PM - INFO - [in this interval] delay-rate is [0.5026266957782497] mbps
04/05/2022 16:10:40 PM - INFO - average delay [1836.5]
04/05/2022 16:10:40 PM - INFO - average delay [1829.5]
04/05/2022 16:10:40 PM - INFO - average delay [1805.2857142857142]
04/05/2022 16:10:40 PM - INFO - average delay [1752.4285714285713]
04/05/2022 16:10:40 PM - INFO - nowTs is [114349], lastTs is [114112]
04/05/2022 16:10:40 PM - INFO - [in this interval] loss-ratio is [0.0]
04/05/2022 16:10:40 PM - INFO - [in this interval] group num is [12]
04/05/2022 16:10:40 PM - INFO - [in this interval] delayDelta from group is [[-1, -17, -16, -11, -16, -17, -11, -16, -19, -15, -19]]
04/05/2022 16:10:40 PM - INFO - sample List of accDelay : [[-2686.6204495216916, -2672.0584045695223, -2657.8525641125702, -2642.7673077013133, -2629.090576931182, -2617.181519238064, -2606.8633673142576, -2597.3770305828316, -2589.2393275245486, -2582.0153947720937, -2577.2138552948845, -2574.492469765396, -2573.1432227888563, -2573.5289005099708, -2575.576010458974, -2578.518409413077, -2582.766568471769, -2588.489911624592, -2595.1409204621327, -2603.0268284159197]]
04/05/2022 16:10:40 PM - INFO - sample List of time: [[113384, 113463, 113543, 113625, 113683, 113714, 113745, 113776, 113808, 113869, 113898, 113916, 113935, 113954, 113973, 113991, 114010, 114029, 114045, 114060]]
04/05/2022 16:10:40 PM - INFO - update trend: [0.15699432686480658]
04/05/2022 16:10:40 PM - INFO - estimateQueueDelayDuration [37.67863844755358] = queueDelayDelta [0.6279773074592263] * numCount[1000]
04/05/2022 16:10:40 PM - INFO - [in this interval] signal is [Signal.NORMAL]
04/05/2022 16:10:40 PM - INFO - [in this interval] adaptiveThresholdGamma is [47.175273535903926]
04/05/2022 16:10:40 PM - INFO - [in this interval] state is [State.INCREASE]
04/05/2022 16:10:40 PM - INFO - [in this interval] now real rate is [0.6539024390243902]mbps
04/05/2022 16:10:40 PM - INFO - [in this interval] now real rtt is [3754]
04/05/2022 16:10:40 PM - INFO - [in this interval] aimd control rate is [0.5068152515764017] mbps
04/05/2022 16:10:40 PM - INFO - [in this interval] delay-rate is [0.5068152515764017] mbps
04/05/2022 16:10:40 PM - INFO - average delay [1702.0]
04/05/2022 16:10:40 PM - INFO - average delay [1631.625]
04/05/2022 16:10:40 PM - INFO - average delay [1570.625]
04/05/2022 16:10:40 PM - INFO - average delay [1525.5714285714287]
04/05/2022 16:10:40 PM - INFO - nowTs is [114584], lastTs is [114349]
04/05/2022 16:10:40 PM - INFO - [in this interval] loss-ratio is [0.0]
04/05/2022 16:10:40 PM - INFO - [in this interval] group num is [12]
04/05/2022 16:10:40 PM - INFO - [in this interval] delayDelta from group is [[-14, -19, -20, -14, -19, -19, -13, -19, -10, 4, -3]]
04/05/2022 16:10:40 PM - INFO - sample List of accDelay : [[-2574.492469765396, -2573.1432227888563, -2573.5289005099708, -2575.576010458974, -2578.518409413077, -2582.766568471769, -2588.489911624592, -2595.1409204621327, -2603.0268284159197, -2611.524145574328, -2621.0717310168952, -2631.6645579152055, -2642.598102123685, -2654.3382919113164, -2666.804462720185, -2679.3240164481663, -2692.4916148033494, -2705.3424533230145, -2716.508207990713, -2726.8573871916415]]
04/05/2022 16:10:40 PM - INFO - sample List of time: [[113916, 113935, 113954, 113973, 113991, 114010, 114029, 114045, 114060, 114092, 114108, 114124, 114139, 114155, 114171, 114187, 114204, 114220, 114245, 114279]]
04/05/2022 16:10:40 PM - INFO - update trend: [-0.4698663478115206]
04/05/2022 16:10:40 PM - INFO - estimateQueueDelayDuration [-112.76792347476494] = queueDelayDelta [-1.8794653912460824] * numCount[1001]
04/05/2022 16:10:40 PM - INFO - [in this interval] signal is [Signal.UNDER_USE]
04/05/2022 16:10:40 PM - INFO - [in this interval] adaptiveThresholdGamma is [47.175273535903926]
04/05/2022 16:10:40 PM - INFO - [in this interval] state is [State.HOLD]
04/05/2022 16:10:40 PM - INFO - [in this interval] now real rate is [0.7515901639344261]mbps
04/05/2022 16:10:40 PM - INFO - [in this interval] now real rtt is [3424]
04/05/2022 16:10:40 PM - INFO - [in this interval] aimd control rate is [0.5068152515764017] mbps
04/05/2022 16:10:40 PM - INFO - [in this interval] delay-rate is [0.5068152515764017] mbps
04/05/2022 16:10:40 PM - INFO - average delay [1507.75]
04/05/2022 16:10:40 PM - INFO - average delay [1506.25]
04/05/2022 16:10:40 PM - INFO - average delay [1506.25]
04/05/2022 16:10:40 PM - INFO - average delay [1508.0]
04/05/2022 16:10:40 PM - INFO - nowTs is [114822], lastTs is [114584]
04/05/2022 16:10:40 PM - INFO - [in this interval] loss-ratio is [0.0]
04/05/2022 16:10:40 PM - INFO - [in this interval] group num is [7]
04/05/2022 16:10:40 PM - INFO - [in this interval] delayDelta from group is [[4, -2, -1, 4, 0, 0]]
04/05/2022 16:10:40 PM - INFO - sample List of accDelay : [[-2588.489911624592, -2595.1409204621327, -2603.0268284159197, -2611.524145574328, -2621.0717310168952, -2631.6645579152055, -2642.598102123685, -2654.3382919113164, -2666.804462720185, -2679.3240164481663, -2692.4916148033494, -2705.3424533230145, -2716.508207990713, -2726.8573871916415, -2735.7716484724774, -2743.99448362523, -2751.495035262707, -2757.8455317364364, -2763.560978562793, -2768.704880706514]]
04/05/2022 16:10:40 PM - INFO - sample List of time: [[114029, 114045, 114060, 114092, 114108, 114124, 114139, 114155, 114171, 114187, 114204, 114220, 114245, 114279, 114344, 114378, 114411, 114445, 114479, 114514]]
04/05/2022 16:10:40 PM - INFO - update trend: [-0.39446842150448835]
04/05/2022 16:10:40 PM - INFO - estimateQueueDelayDuration [-94.67242116107721] = queueDelayDelta [-1.5778736860179534] * numCount[1001]
04/05/2022 16:10:40 PM - INFO - [in this interval] signal is [Signal.UNDER_USE]
04/05/2022 16:10:40 PM - INFO - [in this interval] adaptiveThresholdGamma is [47.175273535903926]
04/05/2022 16:10:40 PM - INFO - [in this interval] state is [State.HOLD]
04/05/2022 16:10:40 PM - INFO - [in this interval] now real rate is [0.6091129032258065]mbps
04/05/2022 16:10:40 PM - INFO - [in this interval] now real rtt is [3430]
04/05/2022 16:10:40 PM - INFO - [in this interval] aimd control rate is [0.5068152515764017] mbps
04/05/2022 16:10:40 PM - INFO - [in this interval] delay-rate is [0.5068152515764017] mbps
04/05/2022 16:10:40 PM - INFO - average delay [1509.0]
04/05/2022 16:10:40 PM - INFO - average delay [1514.25]
04/05/2022 16:10:40 PM - INFO - average delay [1512.5]
04/05/2022 16:10:40 PM - INFO - average delay [1504.0]
04/05/2022 16:10:40 PM - INFO - nowTs is [115066], lastTs is [114822]
04/05/2022 16:10:40 PM - INFO - [in this interval] loss-ratio is [0.0]
04/05/2022 16:10:40 PM - INFO - [in this interval] group num is [8]
04/05/2022 16:10:40 PM - INFO - [in this interval] delayDelta from group is [[1, -3, -2, -7, -7, -1, -7]]
04/05/2022 16:10:40 PM - INFO - sample List of accDelay : [[-2654.3382919113164, -2666.804462720185, -2679.3240164481663, -2692.4916148033494, -2705.3424533230145, -2716.508207990713, -2726.8573871916415, -2735.7716484724774, -2743.99448362523, -2751.495035262707, -2757.8455317364364, -2763.560978562793, -2768.704880706514, -2773.2343926358626, -2777.610953372276, -2781.7498580350484, -2786.1748722315438, -2790.8573850083894, -2795.1716465075506, -2799.7544818567953]]
04/05/2022 16:10:40 PM - INFO - sample List of time: [[114155, 114171, 114187, 114204, 114220, 114245, 114279, 114344, 114378, 114411, 114445, 114479, 114514, 114584, 114620, 114652, 114680, 114708, 114736, 114765]]
04/05/2022 16:10:40 PM - INFO - update trend: [-0.20415381517254794]
04/05/2022 16:10:40 PM - INFO - estimateQueueDelayDuration [-48.996915641411505] = queueDelayDelta [-0.8166152606901917] * numCount[1000]
04/05/2022 16:10:40 PM - INFO - [in this interval] signal is [Signal.UNDER_USE]
04/05/2022 16:10:40 PM - INFO - [in this interval] adaptiveThresholdGamma is [48.996915641411505]
04/05/2022 16:10:40 PM - INFO - [in this interval] state is [State.HOLD]
04/05/2022 16:10:40 PM - INFO - [in this interval] now real rate is [0.48775903614457833]mbps
04/05/2022 16:10:40 PM - INFO - [in this interval] now real rtt is [3388]
04/05/2022 16:10:40 PM - INFO - [in this interval] aimd control rate is [0.5068152515764017] mbps
04/05/2022 16:10:40 PM - INFO - [in this interval] delay-rate is [0.5068152515764017] mbps
04/05/2022 16:10:40 PM - INFO - average delay [1494.8]
04/05/2022 16:10:40 PM - INFO - average delay [1482.5]
04/05/2022 16:10:40 PM - INFO - average delay [1478.0]
04/05/2022 16:10:40 PM - INFO - average delay [1490.5]
04/05/2022 16:10:40 PM - INFO - nowTs is [115314], lastTs is [115066]
04/05/2022 16:10:40 PM - INFO - [in this interval] loss-ratio is [0.0]
04/05/2022 16:10:40 PM - INFO - [in this interval] group num is [9]
04/05/2022 16:10:40 PM - INFO - [in this interval] delayDelta from group is [[-1, -4, 0, 6, 10, -4, -4, -9]]
04/05/2022 16:10:40 PM - INFO - sample List of accDelay : [[-2743.99448362523, -2751.495035262707, -2757.8455317364364, -2763.560978562793, -2768.704880706514, -2773.2343926358626, -2777.610953372276, -2781.7498580350484, -2786.1748722315438, -2790.8573850083894, -2795.1716465075506, -2799.7544818567953, -2803.9790336711158, -2808.181130304004, -2811.963017273604, -2814.7667155462436, -2816.2900439916193, -2818.0610395924577, -2820.054935633212, -2822.749442069891]]
04/05/2022 16:10:40 PM - INFO - sample List of time: [[114378, 114411, 114445, 114479, 114514, 114584, 114620, 114652, 114680, 114708, 114736, 114765, 114822, 114851, 114882, 114917, 114933, 114963, 114994, 115025]]
04/05/2022 16:10:40 PM - INFO - update trend: [-0.1199783137158399]
04/05/2022 16:10:40 PM - INFO - estimateQueueDelayDuration [-28.794795291801577] = queueDelayDelta [-0.4799132548633596] * numCount[1000]
04/05/2022 16:10:40 PM - INFO - [in this interval] signal is [Signal.NORMAL]
04/05/2022 16:10:40 PM - INFO - [in this interval] adaptiveThresholdGamma is [48.633277475118526]
04/05/2022 16:10:40 PM - INFO - [in this interval] state is [State.INCREASE]
04/05/2022 16:10:40 PM - INFO - [in this interval] now real rate is [0.5290569105691056]mbps
04/05/2022 16:10:40 PM - INFO - [in this interval] now real rtt is [3364]
04/05/2022 16:10:40 PM - INFO - [in this interval] aimd control rate is [0.5110387120062051] mbps
04/05/2022 16:10:40 PM - INFO - [in this interval] delay-rate is [0.5110387120062051] mbps
04/05/2022 16:10:40 PM - INFO - average delay [1487.25]
04/05/2022 16:10:40 PM - INFO - average delay [1492.6666666666667]
04/05/2022 16:10:40 PM - INFO - average delay [1486.5]
04/05/2022 16:10:40 PM - INFO - average delay [1458.25]
04/05/2022 16:10:40 PM - INFO - nowTs is [115547], lastTs is [115314]
04/05/2022 16:10:40 PM - INFO - [in this interval] loss-ratio is [0.1875]
04/05/2022 16:10:40 PM - INFO - [in this interval] group num is [8]
04/05/2022 16:10:40 PM - INFO - [in this interval] delayDelta from group is [[2, -12, 2, -33, 7, -1, -16]]
04/05/2022 16:10:40 PM - INFO - sample List of accDelay : [[-2781.7498580350484, -2786.1748722315438, -2790.8573850083894, -2795.1716465075506, -2799.7544818567953, -2803.9790336711158, -2808.181130304004, -2811.963017273604, -2814.7667155462436, -2816.2900439916193, -2818.0610395924577, -2820.054935633212, -2822.749442069891, -2824.974497862902, -2828.1770480766118, -2830.859343268951, -2836.5734089420557, -2841.0160680478502, -2845.1144612430653, -2850.403015118759]]
04/05/2022 16:10:40 PM - INFO - sample List of time: [[114652, 114680, 114708, 114736, 114765, 114822, 114851, 114882, 114917, 114933, 114963, 114994, 115025, 115060, 115097, 115115, 115152, 115189, 115226, 115260]]
04/05/2022 16:10:40 PM - INFO - update trend: [-0.10307678103569141]
04/05/2022 16:10:40 PM - INFO - estimateQueueDelayDuration [-24.73842744856594] = queueDelayDelta [-0.41230712414276566] * numCount[1001]
04/05/2022 16:10:40 PM - INFO - [in this interval] signal is [Signal.NORMAL]
04/05/2022 16:10:40 PM - INFO - [in this interval] adaptiveThresholdGamma is [48.203170174640576]
04/05/2022 16:10:40 PM - INFO - [in this interval] state is [State.INCREASE]
04/05/2022 16:10:40 PM - INFO - [in this interval] now real rate is [0.5019313131313131]mbps
04/05/2022 16:10:40 PM - INFO - [in this interval] now real rtt is [3290]
04/05/2022 16:10:40 PM - INFO - [in this interval] aimd control rate is [0.5152973679395901] mbps
04/05/2022 16:10:40 PM - INFO - [in this interval] delay-rate is [0.5152973679395901] mbps
04/05/2022 16:10:40 PM - INFO - average delay [1454.75]
04/05/2022 16:10:40 PM - INFO - average delay [1448.75]
04/05/2022 16:10:40 PM - INFO - average delay [1441.0]
04/05/2022 16:10:40 PM - INFO - average delay [1436.0]
04/05/2022 16:10:40 PM - INFO - nowTs is [115790], lastTs is [115547]
04/05/2022 16:10:40 PM - INFO - [in this interval] loss-ratio is [0.0]
04/05/2022 16:10:40 PM - INFO - [in this interval] group num is [9]
04/05/2022 16:10:40 PM - INFO - [in this interval] delayDelta from group is [[0, -5, -6, 2, -5, -4, 1, -15]]
04/05/2022 16:10:40 PM - INFO - sample List of accDelay : [[-2814.7667155462436, -2816.2900439916193, -2818.0610395924577, -2820.054935633212, -2822.749442069891, -2824.974497862902, -2828.1770480766118, -2830.859343268951, -2836.5734089420557, -2841.0160680478502, -2845.1144612430653, -2850.403015118759, -2855.162713606883, -2859.9464422461942, -2864.851798021575, -2869.0666182194177, -2873.359956397476, -2877.623960757728, -2881.3615646819553, -2886.2254082137597]]
04/05/2022 16:10:40 PM - INFO - sample List of time: [[114917, 114933, 114963, 114994, 115025, 115060, 115097, 115115, 115152, 115189, 115226, 115260, 115289, 115319, 115349, 115378, 115410, 115440, 115471, 115502]]
04/05/2022 16:10:40 PM - INFO - update trend: [-0.12614040588239556]
04/05/2022 16:10:40 PM - INFO - estimateQueueDelayDuration [-30.273697411774933] = queueDelayDelta [-0.5045616235295822] * numCount[1001]
04/05/2022 16:10:40 PM - INFO - [in this interval] signal is [Signal.NORMAL]
04/05/2022 16:10:40 PM - INFO - [in this interval] adaptiveThresholdGamma is [47.88043966490899]
04/05/2022 16:10:40 PM - INFO - [in this interval] state is [State.INCREASE]
04/05/2022 16:10:40 PM - INFO - [in this interval] now real rate is [0.5075609756097561]mbps
04/05/2022 16:10:40 PM - INFO - [in this interval] now real rtt is [3246]
04/05/2022 16:10:40 PM - INFO - [in this interval] aimd control rate is [0.5195915126724201] mbps
04/05/2022 16:10:40 PM - INFO - [in this interval] delay-rate is [0.5195915126724201] mbps
04/05/2022 16:10:40 PM - INFO - average delay [1431.25]
04/05/2022 16:10:40 PM - INFO - average delay [1426.25]
04/05/2022 16:10:40 PM - INFO - average delay [1424.75]
04/05/2022 16:10:40 PM - INFO - average delay [1425.25]
04/05/2022 16:10:40 PM - INFO - nowTs is [116034], lastTs is [115790]
04/05/2022 16:10:40 PM - INFO - [in this interval] loss-ratio is [0.0]
04/05/2022 16:10:40 PM - INFO - [in this interval] group num is [8]
04/05/2022 16:10:40 PM - INFO - [in this interval] delayDelta from group is [[-4, 2, -4, 3, 8, 3, -10]]
04/05/2022 16:10:40 PM - INFO - sample List of accDelay : [[-2830.859343268951, -2836.5734089420557, -2841.0160680478502, -2845.1144612430653, -2850.403015118759, -2855.162713606883, -2859.9464422461942, -2864.851798021575, -2869.0666182194177, -2873.359956397476, -2877.623960757728, -2881.3615646819553, -2886.2254082137597, -2891.002867392384, -2895.102580653145, -2899.192322587831, -2902.573090329048, -2904.815781296143, -2906.5342031665286, -2909.0807828498755]]
04/05/2022 16:10:40 PM - INFO - sample List of time: [[115115, 115152, 115189, 115226, 115260, 115289, 115319, 115349, 115378, 115410, 115440, 115471, 115502, 115533, 115564, 115596, 115627, 115665, 115703, 115741]]
04/05/2022 16:10:40 PM - INFO - update trend: [-0.13289299960502624]
04/05/2022 16:10:40 PM - INFO - estimateQueueDelayDuration [-31.894319905206295] = queueDelayDelta [-0.5315719984201049] * numCount[1000]
04/05/2022 16:10:40 PM - INFO - [in this interval] signal is [Signal.NORMAL]
04/05/2022 16:10:40 PM - INFO - [in this interval] adaptiveThresholdGamma is [47.59268950923434]
04/05/2022 16:10:40 PM - INFO - [in this interval] state is [State.INCREASE]
04/05/2022 16:10:40 PM - INFO - [in this interval] now real rate is [0.5264229979466118]mbps
04/05/2022 16:10:40 PM - INFO - [in this interval] now real rtt is [3264]
04/05/2022 16:10:40 PM - INFO - [in this interval] aimd control rate is [0.5239214419446903] mbps
04/05/2022 16:10:40 PM - INFO - [in this interval] delay-rate is [0.5239214419446903] mbps
04/05/2022 16:10:40 PM - INFO - average delay [1435.25]
04/05/2022 16:10:40 PM - INFO - average delay [1447.0]
04/05/2022 16:10:40 PM - INFO - average delay [1450.5]
04/05/2022 16:10:40 PM - INFO - average delay [1456.5]
04/05/2022 16:10:40 PM - INFO - nowTs is [116273], lastTs is [116034]
04/05/2022 16:10:40 PM - INFO - [in this interval] loss-ratio is [0.0]
04/05/2022 16:10:40 PM - INFO - [in this interval] group num is [7]
04/05/2022 16:10:40 PM - INFO - [in this interval] delayDelta from group is [[9, 2, 3, 7, 11, -7]]
04/05/2022 16:10:40 PM - INFO - sample List of accDelay : [[-2859.9464422461942, -2864.851798021575, -2869.0666182194177, -2873.359956397476, -2877.623960757728, -2881.3615646819553, -2886.2254082137597, -2891.002867392384, -2895.102580653145, -2899.192322587831, -2902.573090329048, -2904.815781296143, -2906.5342031665286, -2909.0807828498755, -2910.472704564888, -2911.525434108399, -2912.1728906975595, -2912.0556016278038, -2910.8500414650234, -2910.465037318521]]
04/05/2022 16:10:40 PM - INFO - sample List of time: [[115319, 115349, 115378, 115410, 115440, 115471, 115502, 115533, 115564, 115596, 115627, 115665, 115703, 115741, 115780, 115819, 115856, 115894, 115931, 115977]]
04/05/2022 16:10:40 PM - INFO - update trend: [-0.08131909489075484]
04/05/2022 16:10:40 PM - INFO - estimateQueueDelayDuration [-19.51658277378116] = queueDelayDelta [-0.32527637956301936] * numCount[1000]
04/05/2022 16:10:40 PM - INFO - [in this interval] signal is [Signal.NORMAL]
04/05/2022 16:10:40 PM - INFO - [in this interval] adaptiveThresholdGamma is [47.087319587996184]
04/05/2022 16:10:40 PM - INFO - [in this interval] state is [State.INCREASE]
04/05/2022 16:10:40 PM - INFO - [in this interval] now real rate is [0.49183935742971885]mbps
04/05/2022 16:10:40 PM - INFO - [in this interval] now real rtt is [3342]
04/05/2022 16:10:40 PM - INFO - [in this interval] aimd control rate is [0.528287453960896] mbps
04/05/2022 16:10:40 PM - INFO - [in this interval] delay-rate is [0.528287453960896] mbps
04/05/2022 16:10:40 PM - INFO - average delay [1469.6666666666667]
04/05/2022 16:10:40 PM - INFO - average delay [1487.5]
04/05/2022 16:10:40 PM - INFO - average delay [1488.0]
04/05/2022 16:10:40 PM - INFO - average delay [1487.25]
04/05/2022 16:10:40 PM - INFO - nowTs is [116512], lastTs is [116273]
04/05/2022 16:10:40 PM - INFO - [in this interval] loss-ratio is [0.0]
04/05/2022 16:10:40 PM - INFO - [in this interval] group num is [8]
04/05/2022 16:10:40 PM - INFO - [in this interval] delayDelta from group is [[9, -3, -3, 2, -2, -3, -9]]
04/05/2022 16:10:40 PM - INFO - sample List of accDelay : [[-2891.002867392384, -2895.102580653145, -2899.192322587831, -2902.573090329048, -2904.815781296143, -2906.5342031665286, -2909.0807828498755, -2910.472704564888, -2911.525434108399, -2912.1728906975595, -2912.0556016278038, -2910.8500414650234, -2910.465037318521, -2909.218533586669, -2908.396680228002, -2907.957012205202, -2907.3613109846815, -2907.0251798862137, -2907.022661897592, -2907.920395707833]]
04/05/2022 16:10:40 PM - INFO - sample List of time: [[115533, 115564, 115596, 115627, 115665, 115703, 115741, 115780, 115819, 115856, 115894, 115931, 115977, 116023, 116062, 116094, 116126, 116158, 116191, 116223]]
04/05/2022 16:10:40 PM - INFO - update trend: [-0.01483788006397894]
04/05/2022 16:10:40 PM - INFO - estimateQueueDelayDuration [-3.5610912153549457] = queueDelayDelta [-0.05935152025591576] * numCount[1001]
04/05/2022 16:10:40 PM - INFO - [in this interval] signal is [Signal.NORMAL]
04/05/2022 16:10:40 PM - INFO - [in this interval] adaptiveThresholdGamma is [46.30384747728864]
04/05/2022 16:10:40 PM - INFO - [in this interval] state is [State.INCREASE]
04/05/2022 16:10:40 PM - INFO - [in this interval] now real rate is [0.5373815261044176]mbps
04/05/2022 16:10:40 PM - INFO - [in this interval] now real rtt is [3360]
04/05/2022 16:10:40 PM - INFO - [in this interval] aimd control rate is [0.5326898494105701] mbps
04/05/2022 16:10:40 PM - INFO - [in this interval] delay-rate is [0.5326898494105701] mbps
04/05/2022 16:10:40 PM - INFO - average delay [1484.75]
04/05/2022 16:10:40 PM - INFO - average delay [1514.0]
04/05/2022 16:10:40 PM - INFO - average delay [1540.0]
04/05/2022 16:10:40 PM - INFO - average delay [1562.0]
04/05/2022 16:10:40 PM - INFO - nowTs is [116750], lastTs is [116512]
04/05/2022 16:10:40 PM - INFO - [in this interval] loss-ratio is [0.0]
04/05/2022 16:10:40 PM - INFO - [in this interval] group num is [4]
04/05/2022 16:10:40 PM - INFO - [in this interval] delayDelta from group is [[43, 44, 12]]
04/05/2022 16:10:40 PM - INFO - sample List of accDelay : [[-2902.573090329048, -2904.815781296143, -2906.5342031665286, -2909.0807828498755, -2910.472704564888, -2911.525434108399, -2912.1728906975595, -2912.0556016278038, -2910.8500414650234, -2910.465037318521, -2909.218533586669, -2908.396680228002, -2907.957012205202, -2907.3613109846815, -2907.0251798862137, -2907.022661897592, -2907.920395707833, -2904.4283561370494, -2896.8855205233444, -2888.89696847101]]
04/05/2022 16:10:40 PM - INFO - sample List of time: [[115627, 115665, 115703, 115741, 115780, 115819, 115856, 115894, 115931, 115977, 116023, 116062, 116094, 116126, 116158, 116191, 116223, 116278, 116356, 116435]]
04/05/2022 16:10:40 PM - INFO - update trend: [0.01222989888765903]
04/05/2022 16:10:40 PM - INFO - estimateQueueDelayDuration [2.9351757330381676] = queueDelayDelta [0.04891959555063612] * numCount[1000]
04/05/2022 16:10:40 PM - INFO - [in this interval] signal is [Signal.NORMAL]
04/05/2022 16:10:40 PM - INFO - [in this interval] adaptiveThresholdGamma is [45.52321138589213]
04/05/2022 16:10:40 PM - INFO - [in this interval] state is [State.INCREASE]
04/05/2022 16:10:40 PM - INFO - [in this interval] now real rate is [0.463616]mbps
04/05/2022 16:10:40 PM - INFO - [in this interval] now real rtt is [3626]
04/05/2022 16:10:40 PM - INFO - [in this interval] aimd control rate is [0.5371289314889914] mbps
04/05/2022 16:10:40 PM - INFO - [in this interval] delay-rate is [0.5371289314889914] mbps
04/05/2022 16:10:40 PM - INFO - average delay [1603.6666666666667]
04/05/2022 16:10:40 PM - INFO - average delay [1612.3333333333333]
04/05/2022 16:10:40 PM - INFO - average delay [1621.3333333333333]
04/05/2022 16:10:40 PM - INFO - average delay [1640.3333333333333]
04/05/2022 16:10:40 PM - INFO - nowTs is [116980], lastTs is [116750]
04/05/2022 16:10:40 PM - INFO - [in this interval] loss-ratio is [0.0]
04/05/2022 16:10:40 PM - INFO - [in this interval] group num is [6]
04/05/2022 16:10:40 PM - INFO - [in this interval] delayDelta from group is [[7, 13, 7, 6, -6]]
04/05/2022 16:10:40 PM - INFO - sample List of accDelay : [[-2911.525434108399, -2912.1728906975595, -2912.0556016278038, -2910.8500414650234, -2910.465037318521, -2909.218533586669, -2908.396680228002, -2907.957012205202, -2907.3613109846815, -2907.0251798862137, -2907.022661897592, -2907.920395707833, -2904.4283561370494, -2896.8855205233444, -2888.89696847101, -2881.007271623909, -2872.6065444615183, -2864.3458900153664, -2856.31130101383, -2849.680170912447]]
04/05/2022 16:10:40 PM - INFO - sample List of time: [[115819, 115856, 115894, 115931, 115977, 116023, 116062, 116094, 116126, 116158, 116191, 116223, 116278, 116356, 116435, 116520, 116562, 116605, 116647, 116688]]
04/05/2022 16:10:40 PM - INFO - update trend: [0.06678764704532646]
04/05/2022 16:10:40 PM - INFO - estimateQueueDelayDuration [16.02903529087835] = queueDelayDelta [0.2671505881813058] * numCount[1001]
04/05/2022 16:10:40 PM - INFO - [in this interval] signal is [Signal.NORMAL]
04/05/2022 16:10:40 PM - INFO - [in this interval] adaptiveThresholdGamma is [44.992316216181884]
04/05/2022 16:10:40 PM - INFO - [in this interval] state is [State.INCREASE]
04/05/2022 16:10:40 PM - INFO - [in this interval] now real rate is [0.42312]mbps
04/05/2022 16:10:40 PM - INFO - [in this interval] now real rtt is [3696]
04/05/2022 16:10:40 PM - INFO - [in this interval] aimd control rate is [0.5416050059180664] mbps
04/05/2022 16:10:40 PM - INFO - [in this interval] delay-rate is [0.5416050059180664] mbps
04/05/2022 16:10:40 PM - INFO - average delay [1647.0]
04/05/2022 16:10:40 PM - INFO - average delay [1660.6666666666667]
04/05/2022 16:10:40 PM - INFO - average delay [1665.5]
04/05/2022 16:10:40 PM - INFO - average delay [1680.3333333333333]
04/05/2022 16:10:40 PM - INFO - nowTs is [117224], lastTs is [116980]
04/05/2022 16:10:40 PM - INFO - [in this interval] loss-ratio is [0.0]
04/05/2022 16:10:40 PM - INFO - [in this interval] group num is [7]
04/05/2022 16:10:40 PM - INFO - [in this interval] delayDelta from group is [[4, 5, 9, 7, 8, -4]]
04/05/2022 16:10:40 PM - INFO - sample List of accDelay : [[-2908.396680228002, -2907.957012205202, -2907.3613109846815, -2907.0251798862137, -2907.022661897592, -2907.920395707833, -2904.4283561370494, -2896.8855205233444, -2888.89696847101, -2881.007271623909, -2872.6065444615183, -2864.3458900153664, -2856.31130101383, -2849.680170912447, -2843.312153821202, -2837.080938439082, -2830.5728445951736, -2824.0155601356564, -2817.314004122091, -2811.6826037098817]]
04/05/2022 16:10:40 PM - INFO - sample List of time: [[116062, 116094, 116126, 116158, 116191, 116223, 116278, 116356, 116435, 116520, 116562, 116605, 116647, 116688, 116727, 116766, 116806, 116845, 116887, 116930]]
04/05/2022 16:10:40 PM - INFO - update trend: [0.11720783898043201]
04/05/2022 16:10:40 PM - INFO - estimateQueueDelayDuration [28.12988135530368] = queueDelayDelta [0.46883135592172803] * numCount[1001]
04/05/2022 16:10:40 PM - INFO - [in this interval] signal is [Signal.NORMAL]
04/05/2022 16:10:40 PM - INFO - [in this interval] adaptiveThresholdGamma is [44.688792388686075]
04/05/2022 16:10:40 PM - INFO - [in this interval] state is [State.INCREASE]
04/05/2022 16:10:40 PM - INFO - [in this interval] now real rate is [0.5164929292929292]mbps
04/05/2022 16:10:40 PM - INFO - [in this interval] now real rtt is [3784]
04/05/2022 16:10:40 PM - INFO - [in this interval] aimd control rate is [0.5461183809673836] mbps
04/05/2022 16:10:40 PM - INFO - [in this interval] delay-rate is [0.5461183809673836] mbps
04/05/2022 16:10:40 PM - INFO - average delay [1689.0]
04/05/2022 16:10:40 PM - INFO - average delay [1707.3333333333333]
04/05/2022 16:10:40 PM - INFO - average delay [1713.5]
04/05/2022 16:10:40 PM - INFO - average delay [1730.5]
04/05/2022 16:10:40 PM - INFO - nowTs is [117457], lastTs is [117224]
04/05/2022 16:10:40 PM - INFO - [in this interval] loss-ratio is [0.0]
04/05/2022 16:10:40 PM - INFO - [in this interval] group num is [8]
04/05/2022 16:10:40 PM - INFO - [in this interval] delayDelta from group is [[7, 4, 7, 3, 11, 17, -2]]
04/05/2022 16:10:40 PM - INFO - sample List of accDelay : [[-2896.8855205233444, -2888.89696847101, -2881.007271623909, -2872.6065444615183, -2864.3458900153664, -2856.31130101383, -2849.680170912447, -2843.312153821202, -2837.080938439082, -2830.5728445951736, -2824.0155601356564, -2817.314004122091, -2811.6826037098817, -2805.9143433388936, -2800.3229090050045, -2794.590618104504, -2789.1315562940536, -2783.1184006646486, -2776.0065605981836, -2769.805904538365]]
04/05/2022 16:10:40 PM - INFO - sample List of time: [[116356, 116435, 116520, 116562, 116605, 116647, 116688, 116727, 116766, 116806, 116845, 116887, 116930, 116972, 117014, 117053, 117090, 117103, 117139, 117166]]
04/05/2022 16:10:40 PM - INFO - update trend: [0.1583729455165057]
04/05/2022 16:10:40 PM - INFO - estimateQueueDelayDuration [38.00950692396137] = queueDelayDelta [0.6334917820660227] * numCount[1000]
04/05/2022 16:10:40 PM - INFO - [in this interval] signal is [Signal.NORMAL]
04/05/2022 16:10:40 PM - INFO - [in this interval] adaptiveThresholdGamma is [44.56856525032103]
04/05/2022 16:10:40 PM - INFO - [in this interval] state is [State.INCREASE]
04/05/2022 16:10:40 PM - INFO - [in this interval] now real rate is [0.5507903225806451]mbps
04/05/2022 16:10:40 PM - INFO - [in this interval] now real rtt is [3910]
04/05/2022 16:10:40 PM - INFO - [in this interval] aimd control rate is [0.5506693674754451] mbps
04/05/2022 16:10:40 PM - INFO - [in this interval] delay-rate is [0.5506693674754451] mbps
04/05/2022 16:10:40 PM - INFO - average delay [1749.0]
04/05/2022 16:10:40 PM - INFO - average delay [1758.5]
04/05/2022 16:10:40 PM - INFO - average delay [1765.0]
04/05/2022 16:10:40 PM - INFO - average delay [1772.3333333333333]
04/05/2022 16:10:40 PM - INFO - nowTs is [117706], lastTs is [117457]
04/05/2022 16:10:40 PM - INFO - [in this interval] loss-ratio is [0.15384615384615385]
04/05/2022 16:10:40 PM - INFO - [in this interval] group num is [7]
04/05/2022 16:10:40 PM - INFO - [in this interval] delayDelta from group is [[-7, 1, 14, 0, 9, 14]]
04/05/2022 16:10:40 PM - INFO - sample List of accDelay : [[-2849.680170912447, -2843.312153821202, -2837.080938439082, -2830.5728445951736, -2824.0155601356564, -2817.314004122091, -2811.6826037098817, -2805.9143433388936, -2800.3229090050045, -2794.590618104504, -2789.1315562940536, -2783.1184006646486, -2776.0065605981836, -2769.805904538365, -2764.9253140845285, -2760.432782676076, -2754.9895044084683, -2750.0905539676214, -2744.781498570859, -2738.603348713773]]
04/05/2022 16:10:40 PM - INFO - sample List of time: [[116688, 116727, 116766, 116806, 116845, 116887, 116930, 116972, 117014, 117053, 117090, 117103, 117139, 117166, 117202, 117220, 117261, 117310, 117335, 117384]]
04/05/2022 16:10:40 PM - INFO - update trend: [0.16286303846435116]
04/05/2022 16:10:40 PM - INFO - estimateQueueDelayDuration [39.08712923144428] = queueDelayDelta [0.6514521538574046] * numCount[1000]
04/05/2022 16:10:40 PM - INFO - [in this interval] signal is [Signal.NORMAL]
04/05/2022 16:10:40 PM - INFO - [in this interval] adaptiveThresholdGamma is [44.469899401981245]
04/05/2022 16:10:40 PM - INFO - [in this interval] state is [State.INCREASE]
04/05/2022 16:10:40 PM - INFO - [in this interval] now real rate is [0.5246970954356847]mbps
04/05/2022 16:10:40 PM - INFO - [in this interval] now real rtt is [3998]
04/05/2022 16:10:40 PM - INFO - [in this interval] aimd control rate is [0.5552582788710738] mbps
04/05/2022 16:10:40 PM - INFO - [in this interval] delay-rate is [0.5552582788710738] mbps
04/05/2022 16:10:40 PM - INFO - average delay [1788.0]
04/05/2022 16:10:40 PM - INFO - average delay [1797.3333333333333]
04/05/2022 16:10:40 PM - INFO - average delay [1777.5]
04/05/2022 16:10:40 PM - INFO - average delay [1763.5]
04/05/2022 16:10:40 PM - INFO - nowTs is [117947], lastTs is [117706]
04/05/2022 16:10:40 PM - INFO - [in this interval] loss-ratio is [0.2631578947368421]
04/05/2022 16:10:40 PM - INFO - [in this interval] group num is [9]
04/05/2022 16:10:40 PM - INFO - [in this interval] delayDelta from group is [[0, -30, 1, -17, -7, -7, -16, -15]]
04/05/2022 16:10:40 PM - INFO - sample List of accDelay : [[-2800.3229090050045, -2794.590618104504, -2789.1315562940536, -2783.1184006646486, -2776.0065605981836, -2769.805904538365, -2764.9253140845285, -2760.432782676076, -2754.9895044084683, -2750.0905539676214, -2744.781498570859, -2738.603348713773, -2733.0430138423953, -2731.0387124581557, -2729.1348412123402, -2729.1213570911063, -2729.8092213819955, -2731.1282992437964, -2733.915469319417, -2737.923922387475]]
04/05/2022 16:10:40 PM - INFO - sample List of time: [[117014, 117053, 117090, 117103, 117139, 117166, 117202, 117220, 117261, 117310, 117335, 117384, 117470, 117505, 117540, 117576, 117594, 117612, 117645, 117659]]
04/05/2022 16:10:40 PM - INFO - update trend: [0.10462383250926689]
04/05/2022 16:10:40 PM - INFO - estimateQueueDelayDuration [25.109719802224053] = queueDelayDelta [0.41849533003706757] * numCount[1000]
04/05/2022 16:10:40 PM - INFO - [in this interval] signal is [Signal.NORMAL]
04/05/2022 16:10:40 PM - INFO - [in this interval] adaptiveThresholdGamma is [44.121416169185615]
04/05/2022 16:10:40 PM - INFO - [in this interval] state is [State.INCREASE]
04/05/2022 16:10:40 PM - INFO - [in this interval] now real rate is [0.5547591836734693]mbps
04/05/2022 16:10:40 PM - INFO - [in this interval] now real rtt is [3830]
04/05/2022 16:10:40 PM - INFO - [in this interval] aimd control rate is [0.5598854311949994] mbps
04/05/2022 16:10:40 PM - INFO - [in this interval] delay-rate is [0.5598854311949994] mbps
04/05/2022 16:10:40 PM - INFO - average delay [1731.75]
04/05/2022 16:10:40 PM - INFO - average delay [1706.25]
04/05/2022 16:10:40 PM - INFO - average delay [1676.25]
04/05/2022 16:10:40 PM - INFO - average delay [1667.8]
04/05/2022 16:10:40 PM - INFO - nowTs is [118194], lastTs is [117947]
04/05/2022 16:10:40 PM - INFO - [in this interval] loss-ratio is [0.15]
04/05/2022 16:10:40 PM - INFO - [in this interval] group num is [11]
04/05/2022 16:10:40 PM - INFO - [in this interval] delayDelta from group is [[-15, -10, -10, -10, -5, 0, -8, -16, -8, -16]]
04/05/2022 16:10:40 PM - INFO - sample List of accDelay : [[-2744.781498570859, -2738.603348713773, -2733.0430138423953, -2731.0387124581557, -2729.1348412123402, -2729.1213570911063, -2729.8092213819955, -2731.1282992437964, -2733.915469319417, -2737.923922387475, -2743.0315301487276, -2748.628377133855, -2754.6655394204695, -2761.0989854784225, -2767.3890869305806, -2773.0501782375227, -2778.9451604137703, -2785.8506443723936, -2792.865579935154, -2800.7790219416383]]
04/05/2022 16:10:40 PM - INFO - sample List of time: [[117335, 117384, 117470, 117505, 117540, 117576, 117594, 117612, 117645, 117659, 117689, 117704, 117734, 117749, 117779, 117809, 117839, 117866, 117880, 117907]]
04/05/2022 16:10:40 PM - INFO - update trend: [-0.11590637293120301]
04/05/2022 16:10:40 PM - INFO - estimateQueueDelayDuration [-27.81752950348872] = queueDelayDelta [-0.46362549172481204] * numCount[1000]
04/05/2022 16:10:40 PM - INFO - [in this interval] signal is [Signal.NORMAL]
04/05/2022 16:10:40 PM - INFO - [in this interval] adaptiveThresholdGamma is [43.82794620920307]
04/05/2022 16:10:40 PM - INFO - [in this interval] state is [State.INCREASE]
04/05/2022 16:10:40 PM - INFO - [in this interval] now real rate is [0.702688524590164]mbps
04/05/2022 16:10:40 PM - INFO - [in this interval] now real rtt is [3654]
04/05/2022 16:10:40 PM - INFO - [in this interval] aimd control rate is [0.5645511431216245] mbps
04/05/2022 16:10:40 PM - INFO - [in this interval] delay-rate is [0.5645511431216245] mbps
04/05/2022 16:10:40 PM - INFO - average delay [1644.6]
04/05/2022 16:10:40 PM - INFO - average delay [1578.25]
04/05/2022 16:10:40 PM - INFO - average delay [1496.0]
04/05/2022 16:10:40 PM - INFO - average delay [1453.8]
04/05/2022 16:10:40 PM - INFO - nowTs is [118430], lastTs is [118194]
04/05/2022 16:10:40 PM - INFO - [in this interval] loss-ratio is [0.41935483870967744]
04/05/2022 16:10:40 PM - INFO - [in this interval] group num is [13]
04/05/2022 16:10:40 PM - INFO - [in this interval] delayDelta from group is [[-16, -21, -21, -51, -12, -11, -11, -16, -5, -19, -15, -10]]
04/05/2022 16:10:40 PM - INFO - sample List of accDelay : [[-2754.6655394204695, -2761.0989854784225, -2767.3890869305806, -2773.0501782375227, -2778.9451604137703, -2785.8506443723936, -2792.865579935154, -2800.7790219416383, -2809.501119747474, -2819.451007772727, -2830.505906995454, -2845.5553162959086, -2860.2997846663175, -2874.669806199686, -2888.7028255797172, -2902.9325430217455, -2916.239288719571, -2930.115359847614, -2944.1038238628526, -2957.6934414765674]]
04/05/2022 16:10:40 PM - INFO - sample List of time: [[117734, 117749, 117779, 117809, 117839, 117866, 117880, 117907, 117935, 117949, 117963, 117977, 117991, 118019, 118033, 118062, 118076, 118106, 118117, 118137]]
04/05/2022 16:10:40 PM - INFO - update trend: [-0.5145827023287903]
04/05/2022 16:10:40 PM - INFO - estimateQueueDelayDuration [-123.49984855890968] = queueDelayDelta [-2.0583308093151613] * numCount[1000]
04/05/2022 16:10:40 PM - INFO - [in this interval] signal is [Signal.UNDER_USE]
04/05/2022 16:10:40 PM - INFO - [in this interval] adaptiveThresholdGamma is [43.82794620920307]
04/05/2022 16:10:40 PM - INFO - [in this interval] state is [State.HOLD]
04/05/2022 16:10:40 PM - INFO - [in this interval] now real rate is [0.7891244979919679]mbps
04/05/2022 16:10:40 PM - INFO - [in this interval] now real rtt is [3196]
04/05/2022 16:10:40 PM - INFO - [in this interval] aimd control rate is [0.5645511431216245] mbps
04/05/2022 16:10:40 PM - INFO - [in this interval] delay-rate is [0.5645511431216245] mbps
04/05/2022 16:10:40 PM - INFO - average delay [1409.5]
04/05/2022 16:10:40 PM - INFO - average delay [1381.3333333333333]
04/05/2022 16:10:40 PM - INFO - average delay [1355.4]
04/05/2022 16:10:40 PM - INFO - average delay [1344.4]
04/05/2022 16:10:40 PM - INFO - nowTs is [118669], lastTs is [118430]
04/05/2022 16:10:40 PM - INFO - [in this interval] loss-ratio is [0.2962962962962963]
04/05/2022 16:10:40 PM - INFO - [in this interval] group num is [10]
04/05/2022 16:10:40 PM - INFO - [in this interval] delayDelta from group is [[-13, -10, -9, -13, -2, -8, -2, -7, -2]]
04/05/2022 16:10:40 PM - INFO - sample List of accDelay : [[-2819.451007772727, -2830.505906995454, -2845.5553162959086, -2860.2997846663175, -2874.669806199686, -2888.7028255797172, -2902.9325430217455, -2916.239288719571, -2930.115359847614, -2944.1038238628526, -2957.6934414765674, -2971.224097328911, -2984.4016875960197, -2997.1615188364176, -3009.945366952776, -3021.6508302574985, -3032.9857472317485, -3043.3871725085737, -3053.4484552577164, -3062.7036097319447]]
04/05/2022 16:10:40 PM - INFO - sample List of time: [[117949, 117963, 117977, 117991, 118019, 118033, 118062, 118076, 118106, 118117, 118137, 118167, 118189, 118209, 118230, 118257, 118285, 118312, 118340, 118368]]
04/05/2022 16:10:40 PM - INFO - update trend: [-0.589053897416197]
04/05/2022 16:10:40 PM - INFO - estimateQueueDelayDuration [-141.37293537988728] = queueDelayDelta [-2.356215589664788] * numCount[1001]
04/05/2022 16:10:40 PM - INFO - [in this interval] signal is [Signal.UNDER_USE]
04/05/2022 16:10:40 PM - INFO - [in this interval] adaptiveThresholdGamma is [43.82794620920307]
04/05/2022 16:10:40 PM - INFO - [in this interval] state is [State.HOLD]
04/05/2022 16:10:40 PM - INFO - [in this interval] now real rate is [0.738126789366053]mbps
04/05/2022 16:10:40 PM - INFO - [in this interval] now real rtt is [3074]
04/05/2022 16:10:40 PM - INFO - [in this interval] aimd control rate is [0.5645511431216245] mbps
04/05/2022 16:10:40 PM - INFO - [in this interval] delay-rate is [0.5645511431216245] mbps
04/05/2022 16:10:40 PM - INFO - average delay [1334.2]
04/05/2022 16:10:40 PM - INFO - average delay [1320.0]
04/05/2022 16:10:40 PM - INFO - average delay [1322.75]
04/05/2022 16:10:40 PM - INFO - average delay [1340.5]
04/05/2022 16:10:40 PM - INFO - nowTs is [118911], lastTs is [118669]
04/05/2022 16:10:40 PM - INFO - [in this interval] loss-ratio is [0.23809523809523808]
04/05/2022 16:10:40 PM - INFO - [in this interval] group num is [7]
04/05/2022 16:10:40 PM - INFO - [in this interval] delayDelta from group is [[-5, 10, 12, 0, 1, -4]]
04/05/2022 16:10:40 PM - INFO - sample List of accDelay : [[-2902.9325430217455, -2916.239288719571, -2930.115359847614, -2944.1038238628526, -2957.6934414765674, -2971.224097328911, -2984.4016875960197, -2997.1615188364176, -3009.945366952776, -3021.6508302574985, -3032.9857472317485, -3043.3871725085737, -3053.4484552577164, -3062.7036097319447, -3071.5332487587502, -3078.479923882875, -3083.5319314945878, -3088.0787383451293, -3092.070864510616, -3096.0637780595544]]
04/05/2022 16:10:40 PM - INFO - sample List of time: [[118062, 118076, 118106, 118117, 118137, 118167, 118189, 118209, 118230, 118257, 118285, 118312, 118340, 118368, 118424, 118454, 118499, 118546, 118576, 118607]]
04/05/2022 16:10:40 PM - INFO - update trend: [-0.34995706523534775]
04/05/2022 16:10:40 PM - INFO - estimateQueueDelayDuration [-83.98969565648346] = queueDelayDelta [-1.399828260941391] * numCount[1001]
04/05/2022 16:10:40 PM - INFO - [in this interval] signal is [Signal.UNDER_USE]
04/05/2022 16:10:40 PM - INFO - [in this interval] adaptiveThresholdGamma is [43.82794620920307]
04/05/2022 16:10:40 PM - INFO - [in this interval] state is [State.HOLD]
04/05/2022 16:10:40 PM - INFO - [in this interval] now real rate is [0.6096456211812628]mbps
04/05/2022 16:10:40 PM - INFO - [in this interval] now real rtt is [3088]
04/05/2022 16:10:40 PM - INFO - [in this interval] aimd control rate is [0.5645511431216245] mbps
04/05/2022 16:10:40 PM - INFO - [in this interval] delay-rate is [0.5645511431216245] mbps
04/05/2022 16:10:40 PM - INFO - average delay [1338.5]
04/05/2022 16:10:40 PM - INFO - average delay [1345.0]
04/05/2022 16:10:40 PM - INFO - average delay [1348.3333333333333]
04/05/2022 16:10:40 PM - INFO - average delay [1360.0]
04/05/2022 16:10:40 PM - INFO - nowTs is [119150], lastTs is [118911]
04/05/2022 16:10:40 PM - INFO - [in this interval] loss-ratio is [0.47619047619047616]
04/05/2022 16:10:40 PM - INFO - [in this interval] group num is [8]
04/05/2022 16:10:40 PM - INFO - [in this interval] delayDelta from group is [[-7, 10, 11, -7, 13, -6, -22]]
04/05/2022 16:10:40 PM - INFO - sample List of accDelay : [[-2997.1615188364176, -3009.945366952776, -3021.6508302574985, -3032.9857472317485, -3043.3871725085737, -3053.4484552577164, -3062.7036097319447, -3071.5332487587502, -3078.479923882875, -3083.5319314945878, -3088.0787383451293, -3092.070864510616, -3096.0637780595544, -3100.3574002535993, -3103.2216602282397, -3104.699494205416, -3106.7295447848746, -3107.256590306387, -3108.3309312757483, -3111.4978381481737]]
04/05/2022 16:10:40 PM - INFO - sample List of time: [[118209, 118230, 118257, 118285, 118312, 118340, 118368, 118424, 118454, 118499, 118546, 118576, 118607, 118685, 118708, 118753, 118799, 118822, 118850, 118864]]
04/05/2022 16:10:40 PM - INFO - update trend: [-0.15005575686731223]
04/05/2022 16:10:40 PM - INFO - estimateQueueDelayDuration [-36.01338164815493] = queueDelayDelta [-0.6002230274692489] * numCount[1000]
04/05/2022 16:10:40 PM - INFO - [in this interval] signal is [Signal.NORMAL]
04/05/2022 16:10:40 PM - INFO - [in this interval] adaptiveThresholdGamma is [43.68728404710421]
04/05/2022 16:10:40 PM - INFO - [in this interval] state is [State.INCREASE]
04/05/2022 16:10:40 PM - INFO - [in this interval] now real rate is [0.4887449392712551]mbps
04/05/2022 16:10:40 PM - INFO - [in this interval] now real rtt is [3096]
04/05/2022 16:10:40 PM - INFO - [in this interval] aimd control rate is [0.5692557359809713] mbps
04/05/2022 16:10:40 PM - INFO - [in this interval] delay-rate is [0.5692557359809713] mbps
04/05/2022 16:10:40 PM - INFO - average delay [1364.25]
04/05/2022 16:10:40 PM - INFO - average delay [1365.75]
04/05/2022 16:10:40 PM - INFO - average delay [1364.8]
04/05/2022 16:10:40 PM - INFO - average delay [1362.8]
04/05/2022 16:10:40 PM - INFO - nowTs is [119394], lastTs is [119150]
04/05/2022 16:10:40 PM - INFO - [in this interval] loss-ratio is [0.22727272727272727]
04/05/2022 16:10:40 PM - INFO - [in this interval] group num is [8]
04/05/2022 16:10:40 PM - INFO - [in this interval] delayDelta from group is [[2, 4, -2, -8, 10, 1, -15]]
04/05/2022 16:10:40 PM - INFO - sample List of accDelay : [[-3071.5332487587502, -3078.479923882875, -3083.5319314945878, -3088.0787383451293, -3092.070864510616, -3096.0637780595544, -3100.3574002535993, -3103.2216602282397, -3104.699494205416, -3106.7295447848746, -3107.256590306387, -3108.3309312757483, -3111.4978381481737, -3114.1480543333564, -3116.133248900021, -3118.119924010019, -3120.707931609017, -3122.0371384481155, -3123.133424603304, -3125.620082142974]]
04/05/2022 16:10:40 PM - INFO - sample List of time: [[118424, 118454, 118499, 118546, 118576, 118607, 118685, 118708, 118753, 118799, 118822, 118850, 118864, 118904, 118931, 118975, 119003, 119030, 119075, 119106]]
04/05/2022 16:10:40 PM - INFO - update trend: [-0.07235551696622267]
04/05/2022 16:10:40 PM - INFO - estimateQueueDelayDuration [-17.36532407189344] = queueDelayDelta [-0.28942206786489066] * numCount[1001]
04/05/2022 16:10:40 PM - INFO - [in this interval] signal is [Signal.NORMAL]
04/05/2022 16:10:40 PM - INFO - [in this interval] adaptiveThresholdGamma is [43.213488767550416]
04/05/2022 16:10:40 PM - INFO - [in this interval] state is [State.INCREASE]
04/05/2022 16:10:40 PM - INFO - [in this interval] now real rate is [0.5110200803212852]mbps
04/05/2022 16:10:40 PM - INFO - [in this interval] now real rtt is [3124]
04/05/2022 16:10:40 PM - INFO - [in this interval] aimd control rate is [0.5739995337808127] mbps
04/05/2022 16:10:40 PM - INFO - [in this interval] delay-rate is [0.5739995337808127] mbps
04/05/2022 16:10:40 PM - INFO - average delay [1369.0]
04/05/2022 16:10:40 PM - INFO - average delay [1391.3333333333333]
04/05/2022 16:10:40 PM - INFO - average delay [1400.25]
04/05/2022 16:10:40 PM - INFO - average delay [1420.0]
04/05/2022 16:10:40 PM - INFO - nowTs is [119617], lastTs is [119394]
04/05/2022 16:10:40 PM - INFO - [in this interval] loss-ratio is [0.25]
04/05/2022 16:10:40 PM - INFO - [in this interval] group num is [5]
04/05/2022 16:10:40 PM - INFO - [in this interval] delayDelta from group is [[0, 23, 16, 5]]
04/05/2022 16:10:40 PM - INFO - sample List of accDelay : [[-3092.070864510616, -3096.0637780595544, -3100.3574002535993, -3103.2216602282397, -3104.699494205416, -3106.7295447848746, -3107.256590306387, -3108.3309312757483, -3111.4978381481737, -3114.1480543333564, -3116.133248900021, -3118.119924010019, -3120.707931609017, -3122.0371384481155, -3123.133424603304, -3125.620082142974, -3127.8580739286763, -3127.572266535809, -3125.715039882228, -3123.5435358940053]]
04/05/2022 16:10:40 PM - INFO - sample List of time: [[118576, 118607, 118685, 118708, 118753, 118799, 118822, 118850, 118864, 118904, 118931, 118975, 119003, 119030, 119075, 119106, 119175, 119205, 119263, 119304]]
04/05/2022 16:10:40 PM - INFO - update trend: [-0.04928224749629335]
04/05/2022 16:10:40 PM - INFO - estimateQueueDelayDuration [-11.827739399110403] = queueDelayDelta [-0.1971289899851734] * numCount[1001]
04/05/2022 16:10:40 PM - INFO - [in this interval] signal is [Signal.NORMAL]
04/05/2022 16:10:40 PM - INFO - [in this interval] adaptiveThresholdGamma is [42.6485452789185]
04/05/2022 16:10:40 PM - INFO - [in this interval] state is [State.INCREASE]
04/05/2022 16:10:40 PM - INFO - [in this interval] now real rate is [0.5602914979757084]mbps
04/05/2022 16:10:40 PM - INFO - [in this interval] now real rtt is [3300]
04/05/2022 16:10:40 PM - INFO - [in this interval] aimd control rate is [0.5787828632289862] mbps
04/05/2022 16:10:40 PM - INFO - [in this interval] delay-rate is [0.5787828632289862] mbps
04/05/2022 16:10:40 PM - INFO - average delay [1441.6666666666667]
04/05/2022 16:10:40 PM - INFO - average delay [1475.0]
04/05/2022 16:10:40 PM - INFO - average delay [1502.25]
04/05/2022 16:10:40 PM - INFO - average delay [1528.75]
04/05/2022 16:10:40 PM - INFO - nowTs is [119868], lastTs is [119617]
04/05/2022 16:10:40 PM - INFO - [in this interval] loss-ratio is [0.13333333333333333]
04/05/2022 16:10:40 PM - INFO - [in this interval] group num is [6]
04/05/2022 16:10:40 PM - INFO - [in this interval] delayDelta from group is [[11, 37, 18, 18, 11]]
04/05/2022 16:10:40 PM - INFO - sample List of accDelay : [[-3106.7295447848746, -3107.256590306387, -3108.3309312757483, -3111.4978381481737, -3114.1480543333564, -3116.133248900021, -3118.119924010019, -3120.707931609017, -3122.0371384481155, -3123.133424603304, -3125.620082142974, -3127.8580739286763, -3127.572266535809, -3125.715039882228, -3123.5435358940053, -3120.4891823046046, -3114.040264074144, -3106.4362376667295, -3097.7926139000565, -3088.913352510051]]
04/05/2022 16:10:40 PM - INFO - sample List of time: [[118799, 118822, 118850, 118864, 118904, 118931, 118975, 119003, 119030, 119075, 119106, 119175, 119205, 119263, 119304, 119365, 119391, 119448, 119501, 119549]]
04/05/2022 16:10:40 PM - INFO - update trend: [0.008503049008978877]
04/05/2022 16:10:40 PM - INFO - estimateQueueDelayDuration [2.0407317621549304] = queueDelayDelta [0.03401219603591551] * numCount[1000]
04/05/2022 16:10:40 PM - INFO - [in this interval] signal is [Signal.NORMAL]
04/05/2022 16:10:40 PM - INFO - [in this interval] adaptiveThresholdGamma is [41.917604635616755]
04/05/2022 16:10:40 PM - INFO - [in this interval] state is [State.INCREASE]
04/05/2022 16:10:40 PM - INFO - [in this interval] now real rate is [0.48978323108384453]mbps
04/05/2022 16:10:40 PM - INFO - [in this interval] now real rtt is [3522]
04/05/2022 16:10:40 PM - INFO - [in this interval] aimd control rate is [0.5819983235802583] mbps
04/05/2022 16:10:40 PM - INFO - [in this interval] delay-rate is [0.5819983235802583] mbps
04/05/2022 16:10:40 PM - INFO - average delay [1551.3333333333333]
04/05/2022 16:10:40 PM - INFO - average delay [1568.6666666666667]
04/05/2022 16:10:40 PM - INFO - average delay [1594.6666666666667]
04/05/2022 16:10:40 PM - INFO - average delay [1614.0]
04/05/2022 16:10:40 PM - INFO - nowTs is [120103], lastTs is [119868]
04/05/2022 16:10:40 PM - INFO - [in this interval] loss-ratio is [0.08333333333333333]
04/05/2022 16:10:40 PM - INFO - [in this interval] group num is [4]
04/05/2022 16:10:40 PM - INFO - [in this interval] delayDelta from group is [[25, 48, 20]]
04/05/2022 16:10:40 PM - INFO - sample List of accDelay : [[-3111.4978381481737, -3114.1480543333564, -3116.133248900021, -3118.119924010019, -3120.707931609017, -3122.0371384481155, -3123.133424603304, -3125.620082142974, -3127.8580739286763, -3127.572266535809, -3125.715039882228, -3123.5435358940053, -3120.4891823046046, -3114.040264074144, -3106.4362376667295, -3097.7926139000565, -3088.913352510051, -3078.4220172590462, -3064.1798155331417, -3049.3618339798277]]
04/05/2022 16:10:40 PM - INFO - sample List of time: [[118864, 118904, 118931, 118975, 119003, 119030, 119075, 119106, 119175, 119205, 119263, 119304, 119365, 119391, 119448, 119501, 119549, 119642, 119702, 119790]]
04/05/2022 16:10:40 PM - INFO - update trend: [0.061165620425058215]
04/05/2022 16:10:40 PM - INFO - estimateQueueDelayDuration [14.679748902013971] = queueDelayDelta [0.24466248170023286] * numCount[1001]
04/05/2022 16:10:40 PM - INFO - [in this interval] signal is [Signal.NORMAL]
04/05/2022 16:10:40 PM - INFO - [in this interval] adaptiveThresholdGamma is [41.42732323241191]
04/05/2022 16:10:40 PM - INFO - [in this interval] state is [State.INCREASE]
04/05/2022 16:10:40 PM - INFO - [in this interval] now real rate is [0.457843621399177]mbps
04/05/2022 16:10:40 PM - INFO - [in this interval] now real rtt is [3742]
04/05/2022 16:10:40 PM - INFO - [in this interval] aimd control rate is [0.5852316476001486] mbps
04/05/2022 16:10:40 PM - INFO - [in this interval] delay-rate is [0.5852316476001486] mbps
04/05/2022 16:10:40 PM - INFO - average delay [1657.6666666666667]
04/05/2022 16:10:40 PM - INFO - average delay [1692.6666666666667]
04/05/2022 16:10:40 PM - INFO - average delay [1712.0]
04/05/2022 16:10:40 PM - INFO - average delay [1744.0]
04/05/2022 16:10:40 PM - INFO - nowTs is [120332], lastTs is [120103]
04/05/2022 16:10:40 PM - INFO - [in this interval] loss-ratio is [0.375]
04/05/2022 16:10:40 PM - INFO - [in this interval] group num is [9]
04/05/2022 16:10:40 PM - INFO - [in this interval] delayDelta from group is [[14, 1, 14, 14, 10, 20, 9, 0]]
04/05/2022 16:10:40 PM - INFO - sample List of accDelay : [[-3127.8580739286763, -3127.572266535809, -3125.715039882228, -3123.5435358940053, -3120.4891823046046, -3114.040264074144, -3106.4362376667295, -3097.7926139000565, -3088.913352510051, -3078.4220172590462, -3064.1798155331417, -3049.3618339798277, -3034.6256505818446, -3021.2630855236603, -3007.836776971294, -2994.3530992741644, -2981.217789346748, -2967.3960104120733, -2954.0564093708663, -2942.05076843378]]
04/05/2022 16:10:40 PM - INFO - sample List of time: [[119175, 119205, 119263, 119304, 119365, 119391, 119448, 119501, 119549, 119642, 119702, 119790, 119847, 119871, 119892, 119916, 119940, 119965, 120010, 120029]]
04/05/2022 16:10:40 PM - INFO - update trend: [0.21106022762829918]
04/05/2022 16:10:40 PM - INFO - estimateQueueDelayDuration [50.654454630791804] = queueDelayDelta [0.8442409105131967] * numCount[1001]
04/05/2022 16:10:40 PM - INFO - [in this interval] signal is [Signal.NORMAL]
04/05/2022 16:10:40 PM - INFO - [in this interval] adaptiveThresholdGamma is [50.654454630791804]
04/05/2022 16:10:40 PM - INFO - [in this interval] state is [State.INCREASE]
04/05/2022 16:10:40 PM - INFO - [in this interval] now real rate is [0.4545544147843942]mbps
04/05/2022 16:10:40 PM - INFO - [in this interval] now real rtt is [3930]
04/05/2022 16:10:40 PM - INFO - [in this interval] aimd control rate is [0.5884829345312605] mbps
04/05/2022 16:10:40 PM - INFO - [in this interval] delay-rate is [0.5884829345312605] mbps
04/05/2022 16:10:40 PM - INFO - average delay [1762.0]
04/05/2022 16:10:40 PM - INFO - average delay [1781.5]
04/05/2022 16:10:40 PM - INFO - average delay [1824.0]
04/05/2022 16:10:40 PM - INFO - nowTs is [120533], lastTs is [120332]
04/05/2022 16:10:40 PM - INFO - [in this interval] loss-ratio is [0.36363636363636365]
04/05/2022 16:10:40 PM - INFO - [in this interval] group num is [3]
04/05/2022 16:10:40 PM - INFO - [in this interval] delayDelta from group is [[32, 15]]
04/05/2022 16:10:40 PM - INFO - sample List of accDelay : [[-3125.715039882228, -3123.5435358940053, -3120.4891823046046, -3114.040264074144, -3106.4362376667295, -3097.7926139000565, -3088.913352510051, -3078.4220172590462, -3064.1798155331417, -3049.3618339798277, -3034.6256505818446, -3021.2630855236603, -3007.836776971294, -2994.3530992741644, -2981.217789346748, -2967.3960104120733, -2954.0564093708663, -2942.05076843378, -2928.045691590402, -2913.9411224313617]]
04/05/2022 16:10:40 PM - INFO - sample List of time: [[119263, 119304, 119365, 119391, 119448, 119501, 119549, 119642, 119702, 119790, 119847, 119871, 119892, 119916, 119940, 119965, 120010, 120029, 120158, 120215]]
04/05/2022 16:10:40 PM - INFO - update trend: [0.23858547744094896]
04/05/2022 16:10:40 PM - INFO - estimateQueueDelayDuration [57.26051458582775] = queueDelayDelta [0.9543419097637958] * numCount[1001]
04/05/2022 16:10:40 PM - INFO - [in this interval] signal is [Signal.OVER_USE]
04/05/2022 16:10:40 PM - INFO - [in this interval] adaptiveThresholdGamma is [57.26051458582775]
04/05/2022 16:10:40 PM - INFO - [in this interval] state is [State.DECREASE]
04/05/2022 16:10:40 PM - INFO - [in this interval] now real rate is [0.4032]mbps
04/05/2022 16:10:40 PM - INFO - [in this interval] now real rtt is [4132]
04/05/2022 16:10:40 PM - INFO - [in this interval] aimd control rate is [0.34272] mbps
04/05/2022 16:10:40 PM - INFO - [in this interval] delay-rate is [0.34272] mbps
04/05/2022 16:10:40 PM - INFO - average delay [1856.6666666666665]
04/05/2022 16:10:40 PM - INFO - average delay [1863.6666666666665]
04/05/2022 16:10:40 PM - INFO - average delay [1880.25]
04/05/2022 16:10:40 PM - INFO - average delay [1882.0]
04/05/2022 16:10:40 PM - INFO - nowTs is [120774], lastTs is [120533]
04/05/2022 16:10:40 PM - INFO - [in this interval] loss-ratio is [0.2857142857142857]
04/05/2022 16:10:40 PM - INFO - [in this interval] group num is [9]
04/05/2022 16:10:40 PM - INFO - [in this interval] delayDelta from group is [[9, -8, 6, 0, 6, -1, -2, -11]]
04/05/2022 16:10:40 PM - INFO - sample List of accDelay : [[-3064.1798155331417, -3049.3618339798277, -3034.6256505818446, -3021.2630855236603, -3007.836776971294, -2994.3530992741644, -2981.217789346748, -2967.3960104120733, -2954.0564093708663, -2942.05076843378, -2928.045691590402, -2913.9411224313617, -2900.347010188226, -2888.912309169403, -2878.0210782524628, -2868.2189704272164, -2858.797073384495, -2850.4173660460456, -2843.075629441441, -2837.568066497297]]
04/05/2022 16:10:40 PM - INFO - sample List of time: [[119702, 119790, 119847, 119871, 119892, 119916, 119940, 119965, 120010, 120029, 120158, 120215, 120312, 120346, 120363, 120379, 120414, 120430, 120444, 120487]]
04/05/2022 16:10:40 PM - INFO - update trend: [0.28326214801579264]
04/05/2022 16:10:40 PM - INFO - estimateQueueDelayDuration [67.98291552379024] = queueDelayDelta [1.1330485920631705] * numCount[1001]
04/05/2022 16:10:40 PM - INFO - [in this interval] signal is [Signal.OVER_USE]
04/05/2022 16:10:40 PM - INFO - [in this interval] adaptiveThresholdGamma is [67.98291552379024]
04/05/2022 16:10:40 PM - INFO - [in this interval] state is [State.DECREASE]
04/05/2022 16:10:40 PM - INFO - [in this interval] now real rate is [0.4314623217922607]mbps
04/05/2022 16:10:40 PM - INFO - [in this interval] now real rtt is [4154]
04/05/2022 16:10:40 PM - INFO - [in this interval] aimd control rate is [0.36674297352342156] mbps
04/05/2022 16:10:40 PM - INFO - [in this interval] delay-rate is [0.36674297352342156] mbps
04/05/2022 16:10:40 PM - INFO - average delay [1879.8000000000002]
04/05/2022 16:10:40 PM - INFO - average delay [1882.75]
04/05/2022 16:10:40 PM - INFO - average delay [1851.8000000000002]
04/05/2022 16:10:40 PM - INFO - average delay [1807.1666666666667]
04/05/2022 16:10:40 PM - INFO - nowTs is [121009], lastTs is [120774]
04/05/2022 16:10:40 PM - INFO - [in this interval] loss-ratio is [0.3103448275862069]
04/05/2022 16:10:40 PM - INFO - [in this interval] group num is [16]
04/05/2022 16:10:40 PM - INFO - [in this interval] delayDelta from group is [[-5, 4, -6, -16, -6, -16, -8, -20, -5, -25, 0, -6, -10, 0, 0]]
04/05/2022 16:10:40 PM - INFO - sample List of accDelay : [[-2868.2189704272164, -2858.797073384495, -2850.4173660460456, -2843.075629441441, -2837.568066497297, -2833.1112598475675, -2828.700133862811, -2825.33012047653, -2823.897108428877, -2823.207397585989, -2824.1866578273903, -2825.867992044651, -2829.381192840186, -2833.043073556167, -2838.8387662005503, -2844.054889580495, -2849.3494006224455, -2855.1144605602008, -2860.3030145041807, -2864.9727130537626]]
04/05/2022 16:10:40 PM - INFO - sample List of time: [[120379, 120414, 120430, 120444, 120487, 120515, 120530, 120544, 120558, 120572, 120586, 120600, 120627, 120647, 120667, 120677, 120687, 120706, 120716, 120726]]
04/05/2022 16:10:40 PM - INFO - update trend: [0.0008258588266851746]
04/05/2022 16:10:40 PM - INFO - estimateQueueDelayDuration [0.1982061184044419] = queueDelayDelta [0.0033034353067406983] * numCount[1000]
04/05/2022 16:10:40 PM - INFO - [in this interval] signal is [Signal.NORMAL]
04/05/2022 16:10:40 PM - INFO - [in this interval] adaptiveThresholdGamma is [66.7627907544933]
04/05/2022 16:10:40 PM - INFO - [in this interval] state is [State.INCREASE]
04/05/2022 16:10:40 PM - INFO - [in this interval] now real rate is [0.6041133603238867]mbps
04/05/2022 16:10:40 PM - INFO - [in this interval] now real rtt is [3934]
04/05/2022 16:10:40 PM - INFO - [in this interval] aimd control rate is [0.3697991649694501] mbps
04/05/2022 16:10:40 PM - INFO - [in this interval] delay-rate is [0.3697991649694501] mbps
04/05/2022 16:10:40 PM - INFO - average delay [1773.142857142857]
04/05/2022 16:10:40 PM - INFO - average delay [1745.1666666666667]
04/05/2022 16:10:40 PM - INFO - average delay [1729.5]
04/05/2022 16:10:40 PM - INFO - average delay [1717.4]
04/05/2022 16:10:40 PM - INFO - nowTs is [121243], lastTs is [121009]
04/05/2022 16:10:40 PM - INFO - [in this interval] loss-ratio is [0.25]
04/05/2022 16:10:40 PM - INFO - [in this interval] group num is [13]
04/05/2022 16:10:40 PM - INFO - [in this interval] delayDelta from group is [[-9, -6, -6, -11, 1, -2, 2, -6, -12, 13, -9, -5]]
04/05/2022 16:10:40 PM - INFO - sample List of accDelay : [[-2829.381192840186, -2833.043073556167, -2838.8387662005503, -2844.054889580495, -2849.3494006224455, -2855.1144605602008, -2860.3030145041807, -2864.9727130537626, -2870.0754417483863, -2875.2678975735475, -2880.5411078161924, -2886.386997034573, -2891.5482973311155, -2896.393467598004, -2900.5541208382037, -2904.8987087543837, -2910.0088378789455, -2913.307954091051, -2917.177158681946, -2921.1594428137514]]
04/05/2022 16:10:40 PM - INFO - sample List of time: [[120627, 120647, 120667, 120677, 120687, 120706, 120716, 120726, 120755, 120766, 120775, 120804, 120823, 120834, 120847, 120859, 120883, 120896, 120919, 120945]]
04/05/2022 16:10:40 PM - INFO - update trend: [-0.30680052703040006]
04/05/2022 16:10:40 PM - INFO - estimateQueueDelayDuration [-73.63212648729602] = queueDelayDelta [-1.2272021081216002] * numCount[1000]
04/05/2022 16:10:40 PM - INFO - [in this interval] signal is [Signal.UNDER_USE]
04/05/2022 16:10:40 PM - INFO - [in this interval] adaptiveThresholdGamma is [73.63212648729602]
04/05/2022 16:10:40 PM - INFO - [in this interval] state is [State.HOLD]
04/05/2022 16:10:40 PM - INFO - [in this interval] now real rate is [0.6999114688128774]mbps
04/05/2022 16:10:40 PM - INFO - [in this interval] now real rtt is [3822]
04/05/2022 16:10:40 PM - INFO - [in this interval] aimd control rate is [0.3697991649694501] mbps
04/05/2022 16:10:40 PM - INFO - [in this interval] delay-rate is [0.3697991649694501] mbps
04/05/2022 16:10:40 PM - INFO - average delay [1712.0]
04/05/2022 16:10:40 PM - INFO - average delay [1680.2]
04/05/2022 16:10:40 PM - INFO - average delay [1648.1666666666667]
04/05/2022 16:10:40 PM - INFO - average delay [1604.6666666666667]
04/05/2022 16:10:40 PM - INFO - nowTs is [121492], lastTs is [121243]
04/05/2022 16:10:40 PM - INFO - [in this interval] loss-ratio is [0.27586206896551724]
04/05/2022 16:10:40 PM - INFO - [in this interval] group num is [12]
04/05/2022 16:10:40 PM - INFO - [in this interval] delayDelta from group is [[-35, -4, -24, -6, 1, -27, -12, -7, -11, -12, -18]]
04/05/2022 16:10:40 PM - INFO - sample List of accDelay : [[-2886.386997034573, -2891.5482973311155, -2896.393467598004, -2900.5541208382037, -2904.8987087543837, -2910.0088378789455, -2913.307954091051, -2917.177158681946, -2921.1594428137514, -2928.243498532376, -2935.0191486791387, -2943.5172338112247, -2951.765510430102, -2959.088959387092, -2968.3800634483828, -2977.942057103545, -2987.24785139319, -2996.723066253871, -3006.450759628484, -3017.0056836656354]]
04/05/2022 16:10:40 PM - INFO - sample List of time: [[120804, 120823, 120834, 120847, 120859, 120883, 120896, 120919, 120945, 120984, 121009, 121035, 121046, 121080, 121091, 121114, 121137, 121160, 121184, 121207]]
04/05/2022 16:10:40 PM - INFO - update trend: [-0.305215293759265]
04/05/2022 16:10:40 PM - INFO - estimateQueueDelayDuration [-73.25167050222359] = queueDelayDelta [-1.22086117503706] * numCount[1001]
04/05/2022 16:10:40 PM - INFO - [in this interval] signal is [Signal.NORMAL]
04/05/2022 16:10:40 PM - INFO - [in this interval] adaptiveThresholdGamma is [73.62527827956471]
04/05/2022 16:10:40 PM - INFO - [in this interval] state is [State.INCREASE]
04/05/2022 16:10:40 PM - INFO - [in this interval] now real rate is [0.718685598377282]mbps
04/05/2022 16:10:40 PM - INFO - [in this interval] now real rtt is [3520]
04/05/2022 16:10:40 PM - INFO - [in this interval] aimd control rate is [0.37288082467752887] mbps
04/05/2022 16:10:40 PM - INFO - [in this interval] delay-rate is [0.37288082467752887] mbps
04/05/2022 16:10:40 PM - INFO - average delay [1579.0]
04/05/2022 16:10:40 PM - INFO - average delay [1567.6666666666667]
04/05/2022 16:10:40 PM - INFO - average delay [1566.25]
04/05/2022 16:10:40 PM - INFO - average delay [1543.0]
04/05/2022 16:10:40 PM - INFO - nowTs is [121731], lastTs is [121492]
04/05/2022 16:10:40 PM - INFO - [in this interval] loss-ratio is [0.3157894736842105]
04/05/2022 16:10:40 PM - INFO - [in this interval] group num is [10]
04/05/2022 16:10:40 PM - INFO - [in this interval] delayDelta from group is [[3, -16, 7, -1, -15, -16, -11, 5, 1]]
04/05/2022 16:10:40 PM - INFO - sample List of accDelay : [[-2928.243498532376, -2935.0191486791387, -2943.5172338112247, -2951.765510430102, -2959.088959387092, -2968.3800634483828, -2977.942057103545, -2987.24785139319, -2996.723066253871, -3006.450759628484, -3017.0056836656354, -3026.205115299072, -3036.084603769165, -3044.2761433922487, -3051.748529053024, -3059.9736761477216, -3068.9763085329496, -3078.178677679655, -3085.9608099116895, -3092.8647289205205]]
04/05/2022 16:10:40 PM - INFO - sample List of time: [[120984, 121009, 121035, 121046, 121080, 121091, 121114, 121137, 121160, 121184, 121207, 121231, 121269, 121288, 121305, 121324, 121344, 121363, 121382, 121422]]
04/05/2022 16:10:40 PM - INFO - update trend: [-0.3937802786355135]
04/05/2022 16:10:40 PM - INFO - estimateQueueDelayDuration [-94.50726687252325] = queueDelayDelta [-1.575121114542054] * numCount[1000]
04/05/2022 16:10:40 PM - INFO - [in this interval] signal is [Signal.UNDER_USE]
04/05/2022 16:10:40 PM - INFO - [in this interval] adaptiveThresholdGamma is [73.62527827956471]
04/05/2022 16:10:40 PM - INFO - [in this interval] state is [State.HOLD]
04/05/2022 16:10:40 PM - INFO - [in this interval] now real rate is [0.617104]mbps
04/05/2022 16:10:40 PM - INFO - [in this interval] now real rtt is [3458]
04/05/2022 16:10:40 PM - INFO - [in this interval] aimd control rate is [0.37288082467752887] mbps
04/05/2022 16:10:40 PM - INFO - [in this interval] delay-rate is [0.37288082467752887] mbps
04/05/2022 16:10:40 PM - INFO - average delay [1519.5]
04/05/2022 16:10:40 PM - INFO - average delay [1518.75]
04/05/2022 16:10:40 PM - INFO - average delay [1507.5]
04/05/2022 16:10:40 PM - INFO - average delay [1450.5]
04/05/2022 16:10:40 PM - INFO - nowTs is [121964], lastTs is [121731]
04/05/2022 16:10:40 PM - INFO - [in this interval] loss-ratio is [0.4166666666666667]
04/05/2022 16:10:40 PM - INFO - [in this interval] group num is [11]
04/05/2022 16:10:40 PM - INFO - [in this interval] delayDelta from group is [[-7, -14, -2, -13, -23, -42, -17, -5, -27, -17]]
04/05/2022 16:10:40 PM - INFO - sample List of accDelay : [[-3017.0056836656354, -3026.205115299072, -3036.084603769165, -3044.2761433922487, -3051.748529053024, -3059.9736761477216, -3068.9763085329496, -3078.178677679655, -3085.9608099116895, -3092.8647289205205, -3099.778256028468, -3107.4004304256214, -3114.4603873830592, -3122.114348644753, -3131.302913780278, -3143.77262240225, -3156.6953601620253, -3168.8258241458225, -3182.4432417312405, -3196.3989175581164]]
04/05/2022 16:10:40 PM - INFO - sample List of time: [[121207, 121231, 121269, 121288, 121305, 121324, 121344, 121363, 121382, 121422, 121488, 121521, 121537, 121570, 121587, 121604, 121622, 121640, 121655, 121673]]
04/05/2022 16:10:40 PM - INFO - update trend: [-0.33376593484197503]
04/05/2022 16:10:40 PM - INFO - estimateQueueDelayDuration [-80.10382436207401] = queueDelayDelta [-1.3350637393679001] * numCount[1000]
04/05/2022 16:10:40 PM - INFO - [in this interval] signal is [Signal.UNDER_USE]
04/05/2022 16:10:40 PM - INFO - [in this interval] adaptiveThresholdGamma is [80.10382436207401]
04/05/2022 16:10:40 PM - INFO - [in this interval] state is [State.HOLD]
04/05/2022 16:10:40 PM - INFO - [in this interval] now real rate is [0.5859717171717173]mbps
04/05/2022 16:10:40 PM - INFO - [in this interval] now real rtt is [3124]
04/05/2022 16:10:40 PM - INFO - [in this interval] aimd control rate is [0.37288082467752887] mbps
04/05/2022 16:10:40 PM - INFO - [in this interval] delay-rate is [0.37288082467752887] mbps
04/05/2022 16:10:40 PM - INFO - average delay [1389.5]
04/05/2022 16:10:40 PM - INFO - average delay [1363.6666666666667]
04/05/2022 16:10:40 PM - INFO - average delay [1346.25]
04/05/2022 16:10:40 PM - INFO - average delay [1335.6666666666667]
04/05/2022 16:10:40 PM - INFO - nowTs is [122214], lastTs is [121964]
04/05/2022 16:10:40 PM - INFO - [in this interval] loss-ratio is [0.42105263157894735]
04/05/2022 16:10:40 PM - INFO - [in this interval] group num is [8]
04/05/2022 16:10:40 PM - INFO - [in this interval] delayDelta from group is [[-11, 1, -12, -11, -8, 42, 6]]
04/05/2022 16:10:40 PM - INFO - sample List of accDelay : [[-3078.178677679655, -3085.9608099116895, -3092.8647289205205, -3099.778256028468, -3107.4004304256214, -3114.4603873830592, -3122.114348644753, -3131.302913780278, -3143.77262240225, -3156.6953601620253, -3168.8258241458225, -3182.4432417312405, -3196.3989175581164, -3210.0590258023044, -3222.253123222074, -3234.427810899867, -3246.4850298098804, -3258.1365268288923, -3264.422874146003, -3269.4805867314026]]
04/05/2022 16:10:40 PM - INFO - sample List of time: [[121363, 121382, 121422, 121488, 121521, 121537, 121570, 121587, 121604, 121622, 121640, 121655, 121673, 121709, 121728, 121764, 121782, 121801, 121833, 121910]]
04/05/2022 16:10:40 PM - INFO - update trend: [-0.4191248571323709]
04/05/2022 16:10:40 PM - INFO - estimateQueueDelayDuration [-100.58996571176903] = queueDelayDelta [-1.6764994285294836] * numCount[1001]
04/05/2022 16:10:40 PM - INFO - [in this interval] signal is [Signal.UNDER_USE]
04/05/2022 16:10:40 PM - INFO - [in this interval] adaptiveThresholdGamma is [80.10382436207401]
04/05/2022 16:10:40 PM - INFO - [in this interval] state is [State.HOLD]
04/05/2022 16:10:40 PM - INFO - [in this interval] now real rate is [0.5674869739478958]mbps
04/05/2022 16:10:40 PM - INFO - [in this interval] now real rtt is [3164]
04/05/2022 16:10:40 PM - INFO - [in this interval] aimd control rate is [0.37288082467752887] mbps
04/05/2022 16:10:40 PM - INFO - [in this interval] delay-rate is [0.37288082467752887] mbps
04/05/2022 16:10:40 PM - INFO - average delay [1379.0]
04/05/2022 16:10:40 PM - INFO - average delay [1408.0]
04/05/2022 16:10:40 PM - INFO - average delay [1422.75]
04/05/2022 16:10:40 PM - INFO - average delay [1418.6666666666667]
04/05/2022 16:10:40 PM - INFO - nowTs is [122451], lastTs is [122214]
04/05/2022 16:10:40 PM - INFO - [in this interval] loss-ratio is [0.2916666666666667]
04/05/2022 16:10:40 PM - INFO - [in this interval] group num is [9]
04/05/2022 16:10:40 PM - INFO - [in this interval] delayDelta from group is [[32, -8, -5, -5, -5, 6, 5, -9]]
04/05/2022 16:10:40 PM - INFO - sample List of accDelay : [[-3143.77262240225, -3156.6953601620253, -3168.8258241458225, -3182.4432417312405, -3196.3989175581164, -3210.0590258023044, -3222.253123222074, -3234.427810899867, -3246.4850298098804, -3258.1365268288923, -3264.422874146003, -3269.4805867314026, -3270.832528058262, -3272.8492752524357, -3275.1643477271923, -3277.747912954473, -3280.5731216590257, -3282.515809493123, -3283.764228543811, -3285.78780568943]]
04/05/2022 16:10:40 PM - INFO - sample List of time: [[121604, 121622, 121640, 121655, 121673, 121709, 121728, 121764, 121782, 121801, 121833, 121910, 121972, 122034, 122066, 122076, 122086, 122116, 122137, 122157]]
04/05/2022 16:10:40 PM - INFO - update trend: [-0.2177471854716742]
04/05/2022 16:10:40 PM - INFO - estimateQueueDelayDuration [-52.25932451320181] = queueDelayDelta [-0.8709887418866968] * numCount[1001]
04/05/2022 16:10:40 PM - INFO - [in this interval] signal is [Signal.NORMAL]
04/05/2022 16:10:40 PM - INFO - [in this interval] adaptiveThresholdGamma is [79.60262336479431]
04/05/2022 16:10:40 PM - INFO - [in this interval] state is [State.INCREASE]
04/05/2022 16:10:40 PM - INFO - [in this interval] now real rate is [0.5480246406570842]mbps
04/05/2022 16:10:40 PM - INFO - [in this interval] now real rtt is [3238]
04/05/2022 16:10:40 PM - INFO - [in this interval] aimd control rate is [0.37598816488317494] mbps
04/05/2022 16:10:40 PM - INFO - [in this interval] delay-rate is [0.37598816488317494] mbps
04/05/2022 16:10:40 PM - INFO - average delay [1418.3333333333333]
04/05/2022 16:10:40 PM - INFO - average delay [1421.4]
04/05/2022 16:10:40 PM - INFO - average delay [1436.2]
04/05/2022 16:10:40 PM - INFO - average delay [1450.0]
04/05/2022 16:10:40 PM - INFO - nowTs is [122696], lastTs is [122451]
04/05/2022 16:10:40 PM - INFO - [in this interval] loss-ratio is [0.22727272727272727]
04/05/2022 16:10:40 PM - INFO - [in this interval] group num is [9]
04/05/2022 16:10:40 PM - INFO - [in this interval] delayDelta from group is [[-10, 16, 11, 4, 13, -1, 13, -6]]
04/05/2022 16:10:40 PM - INFO - sample List of accDelay : [[-3246.4850298098804, -3258.1365268288923, -3264.422874146003, -3269.4805867314026, -3270.832528058262, -3272.8492752524357, -3275.1643477271923, -3277.747912954473, -3280.5731216590257, -3282.515809493123, -3283.764228543811, -3285.78780568943, -3288.6090251204873, -3289.5481226084385, -3289.2933103475943, -3288.663979312835, -3286.797581381552, -3285.2178232433967, -3282.496040919057, -3280.646436827152]]
04/05/2022 16:10:40 PM - INFO - sample List of time: [[121782, 121801, 121833, 121910, 121972, 122034, 122066, 122076, 122086, 122116, 122137, 122157, 122188, 122198, 122229, 122270, 122284, 122317, 122351, 122404]]
04/05/2022 16:10:40 PM - INFO - update trend: [-0.05417234892121457]
04/05/2022 16:10:40 PM - INFO - estimateQueueDelayDuration [-13.001363741091497] = queueDelayDelta [-0.2166893956848583] * numCount[1001]
04/05/2022 16:10:40 PM - INFO - [in this interval] signal is [Signal.NORMAL]
04/05/2022 16:10:40 PM - INFO - [in this interval] adaptiveThresholdGamma is [78.40380069156767]
04/05/2022 16:10:40 PM - INFO - [in this interval] state is [State.INCREASE]
04/05/2022 16:10:40 PM - INFO - [in this interval] now real rate is [0.6160497925311204]mbps
04/05/2022 16:10:40 PM - INFO - [in this interval] now real rtt is [3328]
04/05/2022 16:10:40 PM - INFO - [in this interval] aimd control rate is [0.37912139959053476] mbps
04/05/2022 16:10:40 PM - INFO - [in this interval] delay-rate is [0.37912139959053476] mbps
04/05/2022 16:10:40 PM - INFO - average delay [1456.25]
04/05/2022 16:10:40 PM - INFO - average delay [1470.0]
04/05/2022 16:10:40 PM - INFO - average delay [1487.5]
04/05/2022 16:10:40 PM - INFO - average delay [1546.0]
04/05/2022 16:10:40 PM - INFO - average delay [1574.5]
04/05/2022 16:10:40 PM - INFO - nowTs is [122983], lastTs is [122696]
04/05/2022 16:10:40 PM - INFO - [in this interval] loss-ratio is [0.2727272727272727]
04/05/2022 16:10:40 PM - INFO - [in this interval] group num is [5]
04/05/2022 16:10:40 PM - INFO - [in this interval] delayDelta from group is [[34, 78, 19, 27]]
04/05/2022 16:10:40 PM - INFO - sample List of accDelay : [[-3270.832528058262, -3272.8492752524357, -3275.1643477271923, -3277.747912954473, -3280.5731216590257, -3282.515809493123, -3283.764228543811, -3285.78780568943, -3288.6090251204873, -3289.5481226084385, -3289.2933103475943, -3288.663979312835, -3286.797581381552, -3285.2178232433967, -3282.496040919057, -3280.646436827152, -3275.5817931444367, -3263.2236138299927, -3250.2012524469937, -3235.7811272022946]]
04/05/2022 16:10:40 PM - INFO - sample List of time: [[121972, 122034, 122066, 122076, 122086, 122116, 122137, 122157, 122188, 122198, 122229, 122270, 122284, 122317, 122351, 122404, 122437, 122481, 122599, 122643]]
04/05/2022 16:10:40 PM - INFO - update trend: [0.042801485123422946]
04/05/2022 16:10:40 PM - INFO - estimateQueueDelayDuration [10.272356429621507] = queueDelayDelta [0.17120594049369178] * numCount[1001]
04/05/2022 16:10:40 PM - INFO - [in this interval] signal is [Signal.NORMAL]
04/05/2022 16:10:40 PM - INFO - [in this interval] adaptiveThresholdGamma is [77.17743469485264]
04/05/2022 16:10:40 PM - INFO - [in this interval] state is [State.INCREASE]
04/05/2022 16:10:40 PM - INFO - [in this interval] now real rate is [0.41572301425661917]mbps
04/05/2022 16:10:40 PM - INFO - [in this interval] now real rtt is [3622]
04/05/2022 16:10:40 PM - INFO - [in this interval] aimd control rate is [0.3822807445871225] mbps
04/05/2022 16:10:40 PM - INFO - [in this interval] delay-rate is [0.3822807445871225] mbps
04/05/2022 16:10:40 PM - INFO - average delay [1597.0]
04/05/2022 16:10:40 PM - INFO - average delay [1640.0]
04/05/2022 16:10:40 PM - INFO - average delay [1662.0]
04/05/2022 16:10:40 PM - INFO - average delay [1688.0]
04/05/2022 16:10:40 PM - INFO - nowTs is [123227], lastTs is [122983]
04/05/2022 16:10:40 PM - INFO - [in this interval] loss-ratio is [0.0]
04/05/2022 16:10:40 PM - INFO - [in this interval] group num is [6]
04/05/2022 16:10:40 PM - INFO - [in this interval] delayDelta from group is [[44, 19, -3, 5, 18]]
04/05/2022 16:10:40 PM - INFO - sample List of accDelay : [[-3282.515809493123, -3283.764228543811, -3285.78780568943, -3288.6090251204873, -3289.5481226084385, -3289.2933103475943, -3288.663979312835, -3286.797581381552, -3285.2178232433967, -3282.496040919057, -3280.646436827152, -3275.5817931444367, -3263.2236138299927, -3250.2012524469937, -3235.7811272022946, -3218.403014482065, -3200.862713033858, -3185.3764417304724, -3170.938797557425, -3156.144917801683]]
04/05/2022 16:10:40 PM - INFO - sample List of time: [[122116, 122137, 122157, 122188, 122198, 122229, 122270, 122284, 122317, 122351, 122404, 122437, 122481, 122599, 122643, 122741, 122810, 122859, 122891, 122906]]
04/05/2022 16:10:40 PM - INFO - update trend: [0.15368262800030563]
04/05/2022 16:10:40 PM - INFO - estimateQueueDelayDuration [36.88383072007335] = queueDelayDelta [0.6147305120012225] * numCount[1000]
04/05/2022 16:10:40 PM - INFO - [in this interval] signal is [Signal.NORMAL]
04/05/2022 16:10:40 PM - INFO - [in this interval] adaptiveThresholdGamma is [76.45214982330661]
04/05/2022 16:10:40 PM - INFO - [in this interval] state is [State.INCREASE]
04/05/2022 16:10:40 PM - INFO - [in this interval] now real rate is [0.32833826638477803]mbps
04/05/2022 16:10:40 PM - INFO - [in this interval] now real rtt is [3830]
04/05/2022 16:10:40 PM - INFO - [in this interval] aimd control rate is [0.3854664174586819] mbps
04/05/2022 16:10:40 PM - INFO - [in this interval] delay-rate is [0.3854664174586819] mbps
04/05/2022 16:10:40 PM - INFO - average delay [1702.5]
04/05/2022 16:10:40 PM - INFO - average delay [1740.0]
04/05/2022 16:10:40 PM - INFO - average delay [1756.6]
04/05/2022 16:10:40 PM - INFO - average delay [1766.4]
04/05/2022 16:10:40 PM - INFO - nowTs is [123469], lastTs is [123227]
04/05/2022 16:10:40 PM - INFO - [in this interval] loss-ratio is [0.15]
04/05/2022 16:10:40 PM - INFO - [in this interval] group num is [12]
04/05/2022 16:10:40 PM - INFO - [in this interval] delayDelta from group is [[17, -4, 11, 4, 3, 3, -1, -16, 3, -3, -17]]
04/05/2022 16:10:40 PM - INFO - sample List of accDelay : [[-3275.5817931444367, -3263.2236138299927, -3250.2012524469937, -3235.7811272022946, -3218.403014482065, -3200.862713033858, -3185.3764417304724, -3170.938797557425, -3156.144917801683, -3141.1304260215147, -3128.0173834193633, -3115.115645077427, -3103.1040805696844, -3091.993672512716, -3081.6943052614442, -3072.5248747353, -3065.8723872617697, -3059.5851485355925, -3054.226633682033, -3051.1039703138294]]
04/05/2022 16:10:40 PM - INFO - sample List of time: [[122437, 122481, 122599, 122643, 122741, 122810, 122859, 122891, 122906, 122986, 123018, 123034, 123060, 123074, 123102, 123115, 123129, 123143, 123156, 123183]]
04/05/2022 16:10:40 PM - INFO - update trend: [0.31865616164556726]
04/05/2022 16:10:40 PM - INFO - estimateQueueDelayDuration [76.47747879493615] = queueDelayDelta [1.274624646582269] * numCount[1001]
04/05/2022 16:10:40 PM - INFO - [in this interval] signal is [Signal.NORMAL]
04/05/2022 16:10:40 PM - INFO - [in this interval] adaptiveThresholdGamma is [76.47747879493615]
04/05/2022 16:10:40 PM - INFO - [in this interval] state is [State.INCREASE]
04/05/2022 16:10:40 PM - INFO - [in this interval] now real rate is [0.4714567901234568]mbps
04/05/2022 16:10:40 PM - INFO - [in this interval] now real rtt is [3874]
04/05/2022 16:10:40 PM - INFO - [in this interval] aimd control rate is [0.3886786376041709] mbps
04/05/2022 16:10:40 PM - INFO - [in this interval] delay-rate is [0.3886786376041709] mbps
04/05/2022 16:10:40 PM - INFO - average delay [1748.4]
04/05/2022 16:10:40 PM - INFO - average delay [1737.25]
04/05/2022 16:10:40 PM - INFO - average delay [1744.6666666666667]
04/05/2022 16:10:40 PM - INFO - average delay [1774.3333333333333]
04/05/2022 16:10:40 PM - INFO - nowTs is [123712], lastTs is [123469]
04/05/2022 16:10:40 PM - INFO - [in this interval] loss-ratio is [0.0]
04/05/2022 16:10:40 PM - INFO - [in this interval] group num is [6]
04/05/2022 16:10:40 PM - INFO - [in this interval] delayDelta from group is [[-9, 13, 44, 8, 39]]
04/05/2022 16:10:40 PM - INFO - sample List of accDelay : [[-3200.862713033858, -3185.3764417304724, -3170.938797557425, -3156.144917801683, -3141.1304260215147, -3128.0173834193633, -3115.115645077427, -3103.1040805696844, -3091.993672512716, -3081.6943052614442, -3072.5248747353, -3065.8723872617697, -3059.5851485355925, -3054.226633682033, -3051.1039703138294, -3049.1935732824463, -3046.174215954202, -3039.0567943587816, -3031.8511149229034, -3021.4660034306135]]
04/05/2022 16:10:40 PM - INFO - sample List of time: [[122810, 122859, 122891, 122906, 122986, 123018, 123034, 123060, 123074, 123102, 123115, 123129, 123143, 123156, 123183, 123209, 123235, 123283, 123362, 123390]]
04/05/2022 16:10:40 PM - INFO - update trend: [0.33028195283240086]
04/05/2022 16:10:40 PM - INFO - estimateQueueDelayDuration [79.26766867977621] = queueDelayDelta [1.3211278113296034] * numCount[1000]
04/05/2022 16:10:40 PM - INFO - [in this interval] signal is [Signal.OVER_USE]
04/05/2022 16:10:40 PM - INFO - [in this interval] adaptiveThresholdGamma is [79.26766867977621]
04/05/2022 16:10:40 PM - INFO - [in this interval] state is [State.DECREASE]
04/05/2022 16:10:40 PM - INFO - [in this interval] now real rate is [0.47592577319587626]mbps
04/05/2022 16:10:40 PM - INFO - [in this interval] now real rtt is [4090]
04/05/2022 16:10:40 PM - INFO - [in this interval] aimd control rate is [0.4045369072164948] mbps
04/05/2022 16:10:40 PM - INFO - [in this interval] delay-rate is [0.4045369072164948] mbps
04/05/2022 16:10:40 PM - INFO - average delay [1823.6666666666667]
04/05/2022 16:10:40 PM - INFO - average delay [1858.0]
04/05/2022 16:10:40 PM - INFO - average delay [1868.25]
04/05/2022 16:10:40 PM - INFO - average delay [1876.0]
04/05/2022 16:10:40 PM - INFO - nowTs is [123951], lastTs is [123712]
04/05/2022 16:10:40 PM - INFO - [in this interval] loss-ratio is [0.14285714285714285]
04/05/2022 16:10:40 PM - INFO - [in this interval] group num is [8]
04/05/2022 16:10:40 PM - INFO - [in this interval] delayDelta from group is [[2, 2, 21, 2, 2, 7, -9]]
04/05/2022 16:10:40 PM - INFO - sample List of accDelay : [[-3103.1040805696844, -3091.993672512716, -3081.6943052614442, -3072.5248747353, -3065.8723872617697, -3059.5851485355925, -3054.226633682033, -3051.1039703138294, -3049.1935732824463, -3046.174215954202, -3039.0567943587816, -3031.8511149229034, -3021.4660034306135, -3011.919403087552, -3003.127462778797, -2993.114716500917, -2983.903244850825, -2975.4129203657426, -2967.071628329168, -2960.4644654962513]]
04/05/2022 16:10:40 PM - INFO - sample List of time: [[123060, 123074, 123102, 123115, 123129, 123143, 123156, 123183, 123209, 123235, 123283, 123362, 123390, 123461, 123483, 123505, 123541, 123578, 123615, 123652]]
04/05/2022 16:10:40 PM - INFO - update trend: [0.20876559150527552]
04/05/2022 16:10:40 PM - INFO - estimateQueueDelayDuration [50.103741961266124] = queueDelayDelta [0.8350623660211021] * numCount[1001]
04/05/2022 16:10:40 PM - INFO - [in this interval] signal is [Signal.NORMAL]
04/05/2022 16:10:40 PM - INFO - [in this interval] adaptiveThresholdGamma is [78.74271799884302]
04/05/2022 16:10:40 PM - INFO - [in this interval] state is [State.INCREASE]
04/05/2022 16:10:40 PM - INFO - [in this interval] now real rate is [0.41008484848484844]mbps
04/05/2022 16:10:40 PM - INFO - [in this interval] now real rtt is [4168]
04/05/2022 16:10:40 PM - INFO - [in this interval] aimd control rate is [0.4079080481099656] mbps
04/05/2022 16:10:40 PM - INFO - [in this interval] delay-rate is [0.4079080481099656] mbps
04/05/2022 16:10:40 PM - INFO - average delay [1883.6666666666665]
04/05/2022 16:10:40 PM - INFO - average delay [1905.0]
04/05/2022 16:10:40 PM - INFO - average delay [1921.0]
04/05/2022 16:10:40 PM - INFO - average delay [1964.6666666666665]
04/05/2022 16:10:40 PM - INFO - nowTs is [124178], lastTs is [123951]
04/05/2022 16:10:40 PM - INFO - [in this interval] loss-ratio is [0.42105263157894735]
04/05/2022 16:10:40 PM - INFO - [in this interval] group num is [8]
04/05/2022 16:10:40 PM - INFO - [in this interval] delayDelta from group is [[12, 31, 9, 11, -19, -16, -29]]
04/05/2022 16:10:40 PM - INFO - sample List of accDelay : [[-3051.1039703138294, -3049.1935732824463, -3046.174215954202, -3039.0567943587816, -3031.8511149229034, -3021.4660034306135, -3011.919403087552, -3003.127462778797, -2993.114716500917, -2983.903244850825, -2975.4129203657426, -2967.071628329168, -2960.4644654962513, -2953.318018946626, -2943.786217051964, -2934.307595346768, -2924.6768358120908, -2917.909152230882, -2913.4182370077933, -2912.276413307014]]
04/05/2022 16:10:40 PM - INFO - sample List of time: [[123183, 123209, 123235, 123283, 123362, 123390, 123461, 123483, 123505, 123541, 123578, 123615, 123652, 123716, 123753, 123804, 123823, 123849, 123870, 123884]]
04/05/2022 16:10:40 PM - INFO - update trend: [0.20748991343675882]
04/05/2022 16:10:40 PM - INFO - estimateQueueDelayDuration [49.797579224822115] = queueDelayDelta [0.8299596537470353] * numCount[1000]
04/05/2022 16:10:40 PM - INFO - [in this interval] signal is [Signal.NORMAL]
04/05/2022 16:10:40 PM - INFO - [in this interval] adaptiveThresholdGamma is [78.22170550091064]
04/05/2022 16:10:40 PM - INFO - [in this interval] state is [State.INCREASE]
04/05/2022 16:10:40 PM - INFO - [in this interval] now real rate is [0.44221588594704686]mbps
04/05/2022 16:10:40 PM - INFO - [in this interval] now real rtt is [4222]
04/05/2022 16:10:40 PM - INFO - [in this interval] aimd control rate is [0.41130728184421533] mbps
04/05/2022 16:10:40 PM - INFO - [in this interval] delay-rate is [0.41130728184421533] mbps
04/05/2022 16:10:40 PM - INFO - average delay [1945.5]
04/05/2022 16:10:40 PM - INFO - average delay [1866.3333333333335]
04/05/2022 16:10:40 PM - INFO - average delay [1850.0]
04/05/2022 16:10:40 PM - INFO - average delay [1860.0]
04/05/2022 16:10:40 PM - INFO - nowTs is [124430], lastTs is [124178]
04/05/2022 16:10:40 PM - INFO - [in this interval] loss-ratio is [0.3888888888888889]
04/05/2022 16:10:40 PM - INFO - [in this interval] group num is [11]
04/05/2022 16:10:40 PM - INFO - [in this interval] delayDelta from group is [[-46, -3, 8, -11, 2, 3, 7, 13, -1, 3]]
04/05/2022 16:10:40 PM - INFO - sample List of accDelay : [[-2975.4129203657426, -2967.071628329168, -2960.4644654962513, -2953.318018946626, -2943.786217051964, -2934.307595346768, -2924.6768358120908, -2917.909152230882, -2913.4182370077933, -2912.276413307014, -2915.8487719763125, -2919.3638947786812, -2921.7275053008134, -2924.954754770732, -2927.6592792936585, -2929.793351364293, -2931.0140162278635, -2930.812614605077, -2930.7313531445698, -2930.3582178301126]]
04/05/2022 16:10:40 PM - INFO - sample List of time: [[123578, 123615, 123652, 123716, 123753, 123804, 123823, 123849, 123870, 123884, 123927, 123946, 123968, 123986, 124005, 124027, 124045, 124072, 124100, 124129]]
04/05/2022 16:10:40 PM - INFO - update trend: [0.07654034818071892]
04/05/2022 16:10:40 PM - INFO - estimateQueueDelayDuration [18.36968356337254] = queueDelayDelta [0.3061613927228757] * numCount[1000]
04/05/2022 16:10:40 PM - INFO - [in this interval] signal is [Signal.NORMAL]
04/05/2022 16:10:40 PM - INFO - [in this interval] adaptiveThresholdGamma is [77.14436910603496]
04/05/2022 16:10:40 PM - INFO - [in this interval] state is [State.INCREASE]
04/05/2022 16:10:40 PM - INFO - [in this interval] now real rate is [0.4639164926931106]mbps
04/05/2022 16:10:40 PM - INFO - [in this interval] now real rtt is [4146]
04/05/2022 16:10:40 PM - INFO - [in this interval] aimd control rate is [0.4147348425262505] mbps
04/05/2022 16:10:40 PM - INFO - [in this interval] delay-rate is [0.4147348425262505] mbps
04/05/2022 16:10:40 PM - INFO - average delay [1871.3333333333335]
04/05/2022 16:10:40 PM - INFO - average delay [1891.0]
04/05/2022 16:10:40 PM - INFO - average delay [1909.3333333333335]
04/05/2022 16:10:40 PM - INFO - average delay [1922.6666666666665]
04/05/2022 16:10:40 PM - INFO - nowTs is [124654], lastTs is [124430]
04/05/2022 16:10:40 PM - INFO - [in this interval] loss-ratio is [0.0]
04/05/2022 16:10:40 PM - INFO - [in this interval] group num is [7]
04/05/2022 16:10:40 PM - INFO - [in this interval] delayDelta from group is [[36, -1, -11, 6, 4, -5]]
04/05/2022 16:10:40 PM - INFO - sample List of accDelay : [[-2924.6768358120908, -2917.909152230882, -2913.4182370077933, -2912.276413307014, -2915.8487719763125, -2919.3638947786812, -2921.7275053008134, -2924.954754770732, -2927.6592792936585, -2929.793351364293, -2931.0140162278635, -2930.812614605077, -2930.7313531445698, -2930.3582178301126, -2926.4223960471013, -2922.980156442391, -2920.9821407981517, -2918.5839267183364, -2916.025534046503, -2914.2229806418527]]
04/05/2022 16:10:40 PM - INFO - sample List of time: [[123823, 123849, 123870, 123884, 123927, 123946, 123968, 123986, 124005, 124027, 124045, 124072, 124100, 124129, 124187, 124263, 124287, 124311, 124332, 124356]]
04/05/2022 16:10:40 PM - INFO - update trend: [-0.0008775836254252197]
04/05/2022 16:10:40 PM - INFO - estimateQueueDelayDuration [-0.21062007010205272] = queueDelayDelta [-0.0035103345017008787] * numCount[1000]
04/05/2022 16:10:40 PM - INFO - [in this interval] signal is [Signal.NORMAL]
04/05/2022 16:10:40 PM - INFO - [in this interval] adaptiveThresholdGamma is [75.75956162338817]
04/05/2022 16:10:40 PM - INFO - [in this interval] state is [State.INCREASE]
04/05/2022 16:10:40 PM - INFO - [in this interval] now real rate is [0.4236941649899396]mbps
04/05/2022 16:10:40 PM - INFO - [in this interval] now real rtt is [4244]
04/05/2022 16:10:40 PM - INFO - [in this interval] aimd control rate is [0.41819096621396923] mbps
04/05/2022 16:10:40 PM - INFO - [in this interval] delay-rate is [0.41819096621396923] mbps
04/05/2022 16:10:40 PM - INFO - average delay [1924.0]
04/05/2022 16:10:40 PM - INFO - average delay [1912.0]
04/05/2022 16:10:40 PM - INFO - average delay [1940.6666666666665]
04/05/2022 16:10:40 PM - INFO - average delay [1988.6666666666665]
04/05/2022 16:10:40 PM - INFO - nowTs is [124887], lastTs is [124654]
04/05/2022 16:10:40 PM - INFO - [in this interval] loss-ratio is [0.0]
04/05/2022 16:10:40 PM - INFO - [in this interval] group num is [5]
04/05/2022 16:10:40 PM - INFO - [in this interval] delayDelta from group is [[12, 37, 45, 25]]
04/05/2022 16:10:40 PM - INFO - sample List of accDelay : [[-2915.8487719763125, -2919.3638947786812, -2921.7275053008134, -2924.954754770732, -2927.6592792936585, -2929.793351364293, -2931.0140162278635, -2930.812614605077, -2930.7313531445698, -2930.3582178301126, -2926.4223960471013, -2922.980156442391, -2920.9821407981517, -2918.5839267183364, -2916.025534046503, -2914.2229806418527, -2911.4006825776673, -2905.1606143199006, -2895.044552887911, -2883.44009759912]]
04/05/2022 16:10:40 PM - INFO - sample List of time: [[123927, 123946, 123968, 123986, 124005, 124027, 124045, 124072, 124100, 124129, 124187, 124263, 124287, 124311, 124332, 124356, 124405, 124457, 124509, 124574]]
04/05/2022 16:10:40 PM - INFO - update trend: [0.047677558083555636]
04/05/2022 16:10:40 PM - INFO - estimateQueueDelayDuration [11.442613940053352] = queueDelayDelta [0.19071023233422255] * numCount[1000]
04/05/2022 16:10:40 PM - INFO - [in this interval] signal is [Signal.NORMAL]
04/05/2022 16:10:40 PM - INFO - [in this interval] adaptiveThresholdGamma is [74.60185656508814]
04/05/2022 16:10:40 PM - INFO - [in this interval] state is [State.INCREASE]
04/05/2022 16:10:40 PM - INFO - [in this interval] now real rate is [0.38254845360824746]mbps
04/05/2022 16:10:40 PM - INFO - [in this interval] now real rtt is [4460]
04/05/2022 16:10:40 PM - INFO - [in this interval] aimd control rate is [0.421675890932419] mbps
04/05/2022 16:10:40 PM - INFO - [in this interval] delay-rate is [0.421675890932419] mbps
04/05/2022 16:10:40 PM - INFO - average delay [2018.6666666666665]
04/05/2022 16:10:40 PM - INFO - average delay [2041.1666666666665]
04/05/2022 16:10:40 PM - INFO - average delay [1975.5]
04/05/2022 16:10:40 PM - INFO - nowTs is [125088], lastTs is [124887]
04/05/2022 16:10:40 PM - INFO - [in this interval] loss-ratio is [0.0]
04/05/2022 16:10:40 PM - INFO - [in this interval] group num is [14]
04/05/2022 16:10:40 PM - INFO - [in this interval] delayDelta from group is [[-2, 7, -12, -22, -27, -8, -2, -22, -15, -14, -15, -20, -3]]
04/05/2022 16:10:40 PM - INFO - sample List of accDelay : [[-2918.5839267183364, -2916.025534046503, -2914.2229806418527, -2911.4006825776673, -2905.1606143199006, -2895.044552887911, -2883.44009759912, -2873.196087839208, -2863.2764790552874, -2855.548831149759, -2850.793948034783, -2849.2145532313048, -2848.593097908174, -2848.2337881173567, -2850.110409305621, -2853.2993683750587, -2857.5694315375526, -2862.912488383797, -2869.7212395454176, -2876.149115590876]]
04/05/2022 16:10:40 PM - INFO - sample List of time: [[124311, 124332, 124356, 124405, 124457, 124509, 124574, 124645, 124653, 124670, 124678, 124686, 124694, 124711, 124719, 124727, 124752, 124768, 124783, 124798]]
04/05/2022 16:10:40 PM - INFO - update trend: [0.1450759348147981]
04/05/2022 16:10:40 PM - INFO - estimateQueueDelayDuration [34.81822435555154] = queueDelayDelta [0.5803037392591924] * numCount[1001]
04/05/2022 16:10:40 PM - INFO - [in this interval] signal is [Signal.NORMAL]
04/05/2022 16:10:40 PM - INFO - [in this interval] adaptiveThresholdGamma is [73.88575118531648]
04/05/2022 16:10:40 PM - INFO - [in this interval] state is [State.INCREASE]
04/05/2022 16:10:40 PM - INFO - [in this interval] now real rate is [0.48662525879917184]mbps
04/05/2022 16:10:40 PM - INFO - [in this interval] now real rtt is [4202]
04/05/2022 16:10:40 PM - INFO - [in this interval] aimd control rate is [0.42518985669018916] mbps
04/05/2022 16:10:40 PM - INFO - [in this interval] delay-rate is [0.42518985669018916] mbps
04/05/2022 16:10:40 PM - INFO - average delay [1917.0]
04/05/2022 16:10:40 PM - INFO - average delay [1876.25]
04/05/2022 16:10:40 PM - INFO - average delay [1826.0]
04/05/2022 16:10:40 PM - INFO - average delay [1762.6666666666667]
04/05/2022 16:10:40 PM - INFO - nowTs is [125329], lastTs is [125088]
04/05/2022 16:10:40 PM - INFO - [in this interval] loss-ratio is [0.0]
04/05/2022 16:10:40 PM - INFO - [in this interval] group num is [13]
04/05/2022 16:10:40 PM - INFO - [in this interval] delayDelta from group is [[-14, -19, -19, -14, -17, -16, -12, -16, -15, -10, -14, -8]]
04/05/2022 16:10:40 PM - INFO - sample List of accDelay : [[-2848.593097908174, -2848.2337881173567, -2850.110409305621, -2853.2993683750587, -2857.5694315375526, -2862.912488383797, -2869.7212395454176, -2876.149115590876, -2883.3342040317884, -2891.7007836286093, -2901.1307052657485, -2911.017634739174, -2921.6158712652564, -2932.7542841387303, -2943.9788557248576, -2955.6809701523716, -2967.7128731371345, -2979.541585823421, -2991.587427241079, -3003.228684516971]]
04/05/2022 16:10:40 PM - INFO - sample List of time: [[124694, 124711, 124719, 124727, 124752, 124768, 124783, 124798, 124830, 124846, 124862, 124878, 124894, 124912, 124931, 124949, 124968, 124988, 125008, 125029]]
04/05/2022 16:10:40 PM - INFO - update trend: [-0.48056194861426044]
04/05/2022 16:10:40 PM - INFO - estimateQueueDelayDuration [-115.3348676674225] = queueDelayDelta [-1.9222477944570417] * numCount[1001]
04/05/2022 16:10:40 PM - INFO - [in this interval] signal is [Signal.UNDER_USE]
04/05/2022 16:10:40 PM - INFO - [in this interval] adaptiveThresholdGamma is [73.88575118531648]
04/05/2022 16:10:40 PM - INFO - [in this interval] state is [State.HOLD]
04/05/2022 16:10:40 PM - INFO - [in this interval] now real rate is [0.6]mbps
04/05/2022 16:10:40 PM - INFO - [in this interval] now real rtt is [3854]
04/05/2022 16:10:40 PM - INFO - [in this interval] aimd control rate is [0.42518985669018916] mbps
04/05/2022 16:10:40 PM - INFO - [in this interval] delay-rate is [0.42518985669018916] mbps
04/05/2022 16:10:40 PM - INFO - average delay [1731.5]
04/05/2022 16:10:40 PM - INFO - average delay [1714.0]
04/05/2022 16:10:40 PM - INFO - average delay [1728.6]
04/05/2022 16:10:40 PM - INFO - average delay [1729.2]
04/05/2022 16:10:40 PM - INFO - nowTs is [125562], lastTs is [125329]
04/05/2022 16:10:40 PM - INFO - [in this interval] loss-ratio is [0.0]
04/05/2022 16:10:40 PM - INFO - [in this interval] group num is [7]
04/05/2022 16:10:40 PM - INFO - [in this interval] delayDelta from group is [[11, 2, -2, -6, -4, 0]]
04/05/2022 16:10:40 PM - INFO - sample List of accDelay : [[-2869.7212395454176, -2876.149115590876, -2883.3342040317884, -2891.7007836286093, -2901.1307052657485, -2911.017634739174, -2921.6158712652564, -2932.7542841387303, -2943.9788557248576, -2955.6809701523716, -2967.7128731371345, -2979.541585823421, -2991.587427241079, -3003.228684516971, -3012.6058160652738, -3020.8452344587463, -3028.4607110128713, -3035.9146399115843, -3043.0231759204257, -3049.420858328383]]
04/05/2022 16:10:40 PM - INFO - sample List of time: [[124783, 124798, 124830, 124846, 124862, 124878, 124894, 124912, 124931, 124949, 124968, 124988, 125008, 125029, 125083, 125144, 125171, 125199, 125228, 125259]]
04/05/2022 16:10:40 PM - INFO - update trend: [-0.39773554488462515]
04/05/2022 16:10:40 PM - INFO - estimateQueueDelayDuration [-95.45653077231003] = queueDelayDelta [-1.5909421795385006] * numCount[1001]
04/05/2022 16:10:40 PM - INFO - [in this interval] signal is [Signal.UNDER_USE]
04/05/2022 16:10:40 PM - INFO - [in this interval] adaptiveThresholdGamma is [73.88575118531648]
04/05/2022 16:10:40 PM - INFO - [in this interval] state is [State.HOLD]
04/05/2022 16:10:40 PM - INFO - [in this interval] now real rate is [0.5657678207739307]mbps
04/05/2022 16:10:40 PM - INFO - [in this interval] now real rtt is [3850]
04/05/2022 16:10:40 PM - INFO - [in this interval] aimd control rate is [0.42518985669018916] mbps
04/05/2022 16:10:40 PM - INFO - [in this interval] delay-rate is [0.42518985669018916] mbps
04/05/2022 16:10:40 PM - INFO - average delay [1720.0]
04/05/2022 16:10:40 PM - INFO - average delay [1714.0]
04/05/2022 16:10:40 PM - INFO - average delay [1712.75]
04/05/2022 16:10:40 PM - INFO - average delay [1710.0]
04/05/2022 16:10:40 PM - INFO - nowTs is [125811], lastTs is [125562]
04/05/2022 16:10:40 PM - INFO - [in this interval] loss-ratio is [0.0]
04/05/2022 16:10:40 PM - INFO - [in this interval] group num is [7]
04/05/2022 16:10:40 PM - INFO - [in this interval] delayDelta from group is [[-3, 1, -1, -3, 18, 6]]
04/05/2022 16:10:40 PM - INFO - sample List of accDelay : [[-2921.6158712652564, -2932.7542841387303, -2943.9788557248576, -2955.6809701523716, -2967.7128731371345, -2979.541585823421, -2991.587427241079, -3003.228684516971, -3012.6058160652738, -3020.8452344587463, -3028.4607110128713, -3035.9146399115843, -3043.0231759204257, -3049.420858328383, -3055.478772495545, -3060.8308952459906, -3065.7478057213916, -3070.473025149253, -3072.9257226343275, -3074.533150370895]]
04/05/2022 16:10:40 PM - INFO - sample List of time: [[124894, 124912, 124931, 124949, 124968, 124988, 125008, 125029, 125083, 125144, 125171, 125199, 125228, 125259, 125320, 125352, 125383, 125417, 125449, 125507]]
04/05/2022 16:10:40 PM - INFO - update trend: [-0.24164851336707222]
04/05/2022 16:10:40 PM - INFO - estimateQueueDelayDuration [-57.995643208097334] = queueDelayDelta [-0.9665940534682889] * numCount[1001]
04/05/2022 16:10:40 PM - INFO - [in this interval] signal is [Signal.NORMAL]
04/05/2022 16:10:40 PM - INFO - [in this interval] adaptiveThresholdGamma is [73.59972924172654]
04/05/2022 16:10:40 PM - INFO - [in this interval] state is [State.INCREASE]
04/05/2022 16:10:40 PM - INFO - [in this interval] now real rate is [0.4993131313131313]mbps
04/05/2022 16:10:40 PM - INFO - [in this interval] now real rtt is [3878]
04/05/2022 16:10:40 PM - INFO - [in this interval] aimd control rate is [0.42873310549594074] mbps
04/05/2022 16:10:40 PM - INFO - [in this interval] delay-rate is [0.42873310549594074] mbps
04/05/2022 16:10:40 PM - INFO - average delay [1731.25]
04/05/2022 16:10:40 PM - INFO - average delay [1729.5]
04/05/2022 16:10:40 PM - INFO - average delay [1724.25]
04/05/2022 16:10:40 PM - INFO - average delay [1723.25]
04/05/2022 16:10:40 PM - INFO - nowTs is [126048], lastTs is [125811]
04/05/2022 16:10:40 PM - INFO - [in this interval] loss-ratio is [0.0]
04/05/2022 16:10:40 PM - INFO - [in this interval] group num is [8]
04/05/2022 16:10:40 PM - INFO - [in this interval] delayDelta from group is [[1, -4, -3, 2, -3, -2, -9]]
04/05/2022 16:10:40 PM - INFO - sample List of accDelay : [[-3003.228684516971, -3012.6058160652738, -3020.8452344587463, -3028.4607110128713, -3035.9146399115843, -3043.0231759204257, -3049.420858328383, -3055.478772495545, -3060.8308952459906, -3065.7478057213916, -3070.473025149253, -3072.9257226343275, -3074.533150370895, -3075.879835333805, -3077.4918518004247, -3079.2426666203824, -3080.6183999583445, -3082.15655996251, -3083.740903966259, -3086.066813569633]]
04/05/2022 16:10:40 PM - INFO - sample List of time: [[125029, 125083, 125144, 125171, 125199, 125228, 125259, 125320, 125352, 125383, 125417, 125449, 125507, 125568, 125599, 125630, 125662, 125694, 125726, 125759]]
04/05/2022 16:10:40 PM - INFO - update trend: [-0.10744733572648821]
04/05/2022 16:10:40 PM - INFO - estimateQueueDelayDuration [-25.78736057435717] = queueDelayDelta [-0.42978934290595283] * numCount[1000]
04/05/2022 16:10:40 PM - INFO - [in this interval] signal is [Signal.NORMAL]
04/05/2022 16:10:40 PM - INFO - [in this interval] adaptiveThresholdGamma is [72.73910660571389]
04/05/2022 16:10:40 PM - INFO - [in this interval] state is [State.INCREASE]
04/05/2022 16:10:40 PM - INFO - [in this interval] now real rate is [0.5313744855967077]mbps
04/05/2022 16:10:40 PM - INFO - [in this interval] now real rtt is [3832]
04/05/2022 16:10:40 PM - INFO - [in this interval] aimd control rate is [0.4323058813750736] mbps
04/05/2022 16:10:40 PM - INFO - [in this interval] delay-rate is [0.4323058813750736] mbps
04/05/2022 16:10:40 PM - INFO - average delay [1720.5]
04/05/2022 16:10:40 PM - INFO - average delay [1720.75]
04/05/2022 16:10:40 PM - INFO - average delay [1736.75]
04/05/2022 16:10:40 PM - INFO - average delay [1741.6666666666667]
04/05/2022 16:10:40 PM - INFO - nowTs is [126290], lastTs is [126048]
04/05/2022 16:10:40 PM - INFO - [in this interval] loss-ratio is [0.3157894736842105]
04/05/2022 16:10:40 PM - INFO - [in this interval] group num is [8]
04/05/2022 16:10:40 PM - INFO - [in this interval] delayDelta from group is [[-2, 32, -4, -11, -15, -10, 0]]
04/05/2022 16:10:40 PM - INFO - sample List of accDelay : [[-3055.478772495545, -3060.8308952459906, -3065.7478057213916, -3070.473025149253, -3072.9257226343275, -3074.533150370895, -3075.879835333805, -3077.4918518004247, -3079.2426666203824, -3080.6183999583445, -3082.15655996251, -3083.740903966259, -3086.066813569633, -3088.3601322126697, -3087.2241189914025, -3086.601707092262, -3087.1415363830356, -3089.127382744732, -3091.9146444702587, -3094.423180023233]]
04/05/2022 16:10:40 PM - INFO - sample List of time: [[125320, 125352, 125383, 125417, 125449, 125507, 125568, 125599, 125630, 125662, 125694, 125726, 125759, 125792, 125825, 125897, 125918, 125937, 125957, 125977]]
04/05/2022 16:10:40 PM - INFO - update trend: [-0.046611736892486114]
04/05/2022 16:10:40 PM - INFO - estimateQueueDelayDuration [-11.186816854196667] = queueDelayDelta [-0.18644694756994445] * numCount[1001]
04/05/2022 16:10:40 PM - INFO - [in this interval] signal is [Signal.NORMAL]
04/05/2022 16:10:40 PM - INFO - [in this interval] adaptiveThresholdGamma is [71.63116539018658]
04/05/2022 16:10:40 PM - INFO - [in this interval] state is [State.INCREASE]
04/05/2022 16:10:40 PM - INFO - [in this interval] now real rate is [0.5119028340080972]mbps
04/05/2022 16:10:40 PM - INFO - [in this interval] now real rtt is [3836]
04/05/2022 16:10:40 PM - INFO - [in this interval] aimd control rate is [0.4359084303865325] mbps
04/05/2022 16:10:40 PM - INFO - [in this interval] delay-rate is [0.4359084303865325] mbps
04/05/2022 16:10:40 PM - INFO - average delay [1713.0]
04/05/2022 16:10:40 PM - INFO - average delay [1701.6666666666667]
04/05/2022 16:10:40 PM - INFO - average delay [1688.75]
04/05/2022 16:10:40 PM - INFO - average delay [1661.75]
04/05/2022 16:10:40 PM - INFO - nowTs is [126525], lastTs is [126290]
04/05/2022 16:10:40 PM - INFO - [in this interval] loss-ratio is [0.2631578947368421]
04/05/2022 16:10:40 PM - INFO - [in this interval] group num is [10]
04/05/2022 16:10:40 PM - INFO - [in this interval] delayDelta from group is [[-4, -2, -14, -3, -14, -19, -1, -14, -14]]
04/05/2022 16:10:40 PM - INFO - sample List of accDelay : [[-3080.6183999583445, -3082.15655996251, -3083.740903966259, -3086.066813569633, -3088.3601322126697, -3087.2241189914025, -3086.601707092262, -3087.1415363830356, -3089.127382744732, -3091.9146444702587, -3094.423180023233, -3097.0808620209095, -3099.672775818819, -3103.405498236937, -3107.0649484132437, -3111.7584535719193, -3117.882608214727, -3123.4943473932544, -3129.9449126539294, -3137.1504213885364]]
04/05/2022 16:10:40 PM - INFO - sample List of time: [[125662, 125694, 125726, 125759, 125792, 125825, 125897, 125918, 125937, 125957, 125977, 126037, 126068, 126101, 126117, 126149, 126165, 126181, 126215, 126231]]
04/05/2022 16:10:40 PM - INFO - update trend: [-0.08319776667539244]
04/05/2022 16:10:40 PM - INFO - estimateQueueDelayDuration [-19.967464002094186] = queueDelayDelta [-0.33279106670156977] * numCount[1000]
04/05/2022 16:10:40 PM - INFO - [in this interval] signal is [Signal.NORMAL]
04/05/2022 16:10:40 PM - INFO - [in this interval] adaptiveThresholdGamma is [70.70121876520092]
04/05/2022 16:10:40 PM - INFO - [in this interval] state is [State.INCREASE]
04/05/2022 16:10:40 PM - INFO - [in this interval] now real rate is [0.498369168356998]mbps
04/05/2022 16:10:40 PM - INFO - [in this interval] now real rtt is [3646]
04/05/2022 16:10:40 PM - INFO - [in this interval] aimd control rate is [0.4395410006397536] mbps
04/05/2022 16:10:40 PM - INFO - [in this interval] delay-rate is [0.4395410006397536] mbps
04/05/2022 16:10:40 PM - INFO - average delay [1637.5]
04/05/2022 16:10:40 PM - INFO - average delay [1631.3333333333333]
04/05/2022 16:10:40 PM - INFO - average delay [1636.0]
04/05/2022 16:10:40 PM - INFO - average delay [1646.6666666666667]
04/05/2022 16:10:40 PM - INFO - nowTs is [126768], lastTs is [126525]
04/05/2022 16:10:40 PM - INFO - [in this interval] loss-ratio is [0.07142857142857142]
04/05/2022 16:10:40 PM - INFO - [in this interval] group num is [8]
04/05/2022 16:10:40 PM - INFO - [in this interval] delayDelta from group is [[-5, 3, 6, 12, 0, -8, -11]]
04/05/2022 16:10:40 PM - INFO - sample List of accDelay : [[-3087.1415363830356, -3089.127382744732, -3091.9146444702587, -3094.423180023233, -3097.0808620209095, -3099.672775818819, -3103.405498236937, -3107.0649484132437, -3111.7584535719193, -3117.882608214727, -3123.4943473932544, -3129.9449126539294, -3137.1504213885364, -3144.1353792496825, -3150.1218413247143, -3154.909657192243, -3158.0186914730184, -3160.8168223257167, -3164.1351400931453, -3168.221626083831]]
04/05/2022 16:10:40 PM - INFO - sample List of time: [[125918, 125937, 125957, 125977, 126037, 126068, 126101, 126117, 126149, 126165, 126181, 126215, 126231, 126273, 126293, 126336, 126377, 126419, 126454, 126481]]
04/05/2022 16:10:40 PM - INFO - update trend: [-0.15913481334015223]
04/05/2022 16:10:40 PM - INFO - estimateQueueDelayDuration [-38.19235520163653] = queueDelayDelta [-0.6365392533606089] * numCount[1001]
04/05/2022 16:10:40 PM - INFO - [in this interval] signal is [Signal.NORMAL]
04/05/2022 16:10:40 PM - INFO - [in this interval] adaptiveThresholdGamma is [70.11605922105676]
04/05/2022 16:10:40 PM - INFO - [in this interval] state is [State.INCREASE]
04/05/2022 16:10:40 PM - INFO - [in this interval] now real rate is [0.5032610441767068]mbps
04/05/2022 16:10:40 PM - INFO - [in this interval] now real rtt is [3672]
04/05/2022 16:10:40 PM - INFO - [in this interval] aimd control rate is [0.4432038423117516] mbps
04/05/2022 16:10:40 PM - INFO - [in this interval] delay-rate is [0.4432038423117516] mbps
04/05/2022 16:10:40 PM - INFO - average delay [1644.4]
04/05/2022 16:10:40 PM - INFO - average delay [1634.25]
04/05/2022 16:10:40 PM - INFO - average delay [1625.8]
04/05/2022 16:10:40 PM - INFO - average delay [1621.5]
04/05/2022 16:10:40 PM - INFO - nowTs is [126992], lastTs is [126768]
04/05/2022 16:10:40 PM - INFO - [in this interval] loss-ratio is [0.0]
04/05/2022 16:10:40 PM - INFO - [in this interval] group num is [7]
04/05/2022 16:10:40 PM - INFO - [in this interval] delayDelta from group is [[-6, -6, -1, -6, 7, 22]]
04/05/2022 16:10:40 PM - INFO - sample List of accDelay : [[-3103.405498236937, -3107.0649484132437, -3111.7584535719193, -3117.882608214727, -3123.4943473932544, -3129.9449126539294, -3137.1504213885364, -3144.1353792496825, -3150.1218413247143, -3154.909657192243, -3158.0186914730184, -3160.8168223257167, -3164.1351400931453, -3168.221626083831, -3172.4994634754476, -3176.9495171279027, -3181.054565415113, -3185.349108873602, -3188.5141979862415, -3189.1627781876173]]
04/05/2022 16:10:40 PM - INFO - sample List of time: [[126101, 126117, 126149, 126165, 126181, 126215, 126231, 126273, 126293, 126336, 126377, 126419, 126454, 126481, 126509, 126538, 126567, 126596, 126625, 126667]]
04/05/2022 16:10:40 PM - INFO - update trend: [-0.15104021967623196]
04/05/2022 16:10:40 PM - INFO - estimateQueueDelayDuration [-36.24965272229567] = queueDelayDelta [-0.6041608787049279] * numCount[1001]
04/05/2022 16:10:40 PM - INFO - [in this interval] signal is [Signal.NORMAL]
04/05/2022 16:10:40 PM - INFO - [in this interval] adaptiveThresholdGamma is [69.50646390407906]
04/05/2022 16:10:40 PM - INFO - [in this interval] state is [State.INCREASE]
04/05/2022 16:10:40 PM - INFO - [in this interval] now real rate is [0.5155245901639345]mbps
04/05/2022 16:10:40 PM - INFO - [in this interval] now real rtt is [3710]
04/05/2022 16:10:40 PM - INFO - [in this interval] aimd control rate is [0.4468972076643495] mbps
04/05/2022 16:10:40 PM - INFO - [in this interval] delay-rate is [0.4468972076643495] mbps
04/05/2022 16:10:40 PM - INFO - average delay [1640.6666666666667]
04/05/2022 16:10:40 PM - INFO - average delay [1664.6666666666667]
04/05/2022 16:10:40 PM - INFO - average delay [1684.0]
04/05/2022 16:10:40 PM - INFO - average delay [1704.3333333333333]
04/05/2022 16:10:40 PM - INFO - nowTs is [127250], lastTs is [126992]
04/05/2022 16:10:40 PM - INFO - [in this interval] loss-ratio is [0.0]
04/05/2022 16:10:40 PM - INFO - [in this interval] group num is [5]
04/05/2022 16:10:40 PM - INFO - [in this interval] delayDelta from group is [[18, 21, 19, 12]]
04/05/2022 16:10:40 PM - INFO - sample List of accDelay : [[-3123.4943473932544, -3129.9449126539294, -3137.1504213885364, -3144.1353792496825, -3150.1218413247143, -3154.909657192243, -3158.0186914730184, -3160.8168223257167, -3164.1351400931453, -3168.221626083831, -3172.4994634754476, -3176.9495171279027, -3181.054565415113, -3185.349108873602, -3188.5141979862415, -3189.1627781876173, -3187.9465003688556, -3184.75185033197, -3179.9766652987732, -3174.478998768896]]
04/05/2022 16:10:40 PM - INFO - sample List of time: [[126181, 126215, 126231, 126273, 126293, 126336, 126377, 126419, 126454, 126481, 126509, 126538, 126567, 126596, 126625, 126667, 126772, 126825, 126876, 126930]]
04/05/2022 16:10:40 PM - INFO - update trend: [-0.07693201108033662]
04/05/2022 16:10:40 PM - INFO - estimateQueueDelayDuration [-18.46368265928079] = queueDelayDelta [-0.3077280443213465] * numCount[1001]
04/05/2022 16:10:40 PM - INFO - [in this interval] signal is [Signal.NORMAL]
04/05/2022 16:10:40 PM - INFO - [in this interval] adaptiveThresholdGamma is [68.58769384167269]
04/05/2022 16:10:40 PM - INFO - [in this interval] state is [State.INCREASE]
04/05/2022 16:10:40 PM - INFO - [in this interval] now real rate is [0.4655322580645162]mbps
04/05/2022 16:10:40 PM - INFO - [in this interval] now real rtt is [3886]
04/05/2022 16:10:40 PM - INFO - [in this interval] aimd control rate is [0.4506213510615524] mbps
04/05/2022 16:10:40 PM - INFO - [in this interval] delay-rate is [0.4506213510615524] mbps
04/05/2022 16:10:40 PM - INFO - average delay [1733.0]
04/05/2022 16:10:40 PM - INFO - average delay [1750.0]
04/05/2022 16:10:40 PM - INFO - average delay [1762.6666666666667]
04/05/2022 16:10:40 PM - INFO - average delay [1791.3333333333333]
04/05/2022 16:10:40 PM - INFO - nowTs is [127488], lastTs is [127250]
04/05/2022 16:10:40 PM - INFO - [in this interval] loss-ratio is [0.0]
04/05/2022 16:10:40 PM - INFO - [in this interval] group num is [5]
04/05/2022 16:10:40 PM - INFO - [in this interval] delayDelta from group is [[17, 22, 25, -2]]
04/05/2022 16:10:40 PM - INFO - sample List of accDelay : [[-3150.1218413247143, -3154.909657192243, -3158.0186914730184, -3160.8168223257167, -3164.1351400931453, -3168.221626083831, -3172.4994634754476, -3176.9495171279027, -3181.054565415113, -3185.349108873602, -3188.5141979862415, -3189.1627781876173, -3187.9465003688556, -3184.75185033197, -3179.9766652987732, -3174.478998768896, -3167.8310988920066, -3159.647989002806, -3149.783190102525, -3141.1048710922723]]
04/05/2022 16:10:40 PM - INFO - sample List of time: [[126293, 126336, 126377, 126419, 126454, 126481, 126509, 126538, 126567, 126596, 126625, 126667, 126772, 126825, 126876, 126930, 127023, 127075, 127132, 127187]]
04/05/2022 16:10:40 PM - INFO - update trend: [0.004371461310806825]
04/05/2022 16:10:40 PM - INFO - estimateQueueDelayDuration [1.049150714593638] = queueDelayDelta [0.0174858452432273] * numCount[1001]
04/05/2022 16:10:40 PM - INFO - [in this interval] signal is [Signal.NORMAL]
04/05/2022 16:10:40 PM - INFO - [in this interval] adaptiveThresholdGamma is [67.37200006538527]
04/05/2022 16:10:40 PM - INFO - [in this interval] state is [State.INCREASE]
04/05/2022 16:10:40 PM - INFO - [in this interval] now real rate is [0.37182258064516127]mbps
04/05/2022 16:10:40 PM - INFO - [in this interval] now real rtt is [4042]
04/05/2022 16:10:40 PM - INFO - [in this interval] aimd control rate is [0.4543765289870653] mbps
04/05/2022 16:10:40 PM - INFO - [in this interval] delay-rate is [0.4543765289870653] mbps
04/05/2022 16:10:40 PM - INFO - average delay [1815.0]
04/05/2022 16:10:40 PM - INFO - average delay [1844.5]
04/05/2022 16:10:40 PM - INFO - average delay [1873.5]
04/05/2022 16:10:40 PM - INFO - average delay [1902.5]
04/05/2022 16:10:40 PM - INFO - nowTs is [127720], lastTs is [127488]
04/05/2022 16:10:40 PM - INFO - [in this interval] loss-ratio is [0.0]
04/05/2022 16:10:40 PM - INFO - [in this interval] group num is [5]
04/05/2022 16:10:40 PM - INFO - [in this interval] delayDelta from group is [[27, 31, 27, -11]]
04/05/2022 16:10:40 PM - INFO - sample List of accDelay : [[-3164.1351400931453, -3168.221626083831, -3172.4994634754476, -3176.9495171279027, -3181.054565415113, -3185.349108873602, -3188.5141979862415, -3189.1627781876173, -3187.9465003688556, -3184.75185033197, -3179.9766652987732, -3174.478998768896, -3167.8310988920066, -3159.647989002806, -3149.783190102525, -3141.1048710922723, -3130.594383983045, -3118.034945584741, -3104.031451026267, -3092.5283059236403]]
04/05/2022 16:10:40 PM - INFO - sample List of time: [[126454, 126481, 126509, 126538, 126567, 126596, 126625, 126667, 126772, 126825, 126876, 126930, 127023, 127075, 127132, 127187, 127243, 127305, 127366, 127428]]
04/05/2022 16:10:40 PM - INFO - update trend: [0.0744887476985224]
04/05/2022 16:10:40 PM - INFO - estimateQueueDelayDuration [17.877299447645377] = queueDelayDelta [0.2979549907940896] * numCount[1001]
04/05/2022 16:10:40 PM - INFO - [in this interval] signal is [Signal.NORMAL]
04/05/2022 16:10:40 PM - INFO - [in this interval] adaptiveThresholdGamma is [66.48109545426594]
04/05/2022 16:10:40 PM - INFO - [in this interval] state is [State.INCREASE]
04/05/2022 16:10:40 PM - INFO - [in this interval] now real rate is [0.3504421906693712]mbps
04/05/2022 16:10:40 PM - INFO - [in this interval] now real rtt is [4236]
04/05/2022 16:10:40 PM - INFO - [in this interval] aimd control rate is [0.45816300006195754] mbps
04/05/2022 16:10:40 PM - INFO - [in this interval] delay-rate is [0.45816300006195754] mbps
04/05/2022 16:10:40 PM - INFO - average delay [1916.6666666666665]
04/05/2022 16:10:40 PM - INFO - average delay [1931.75]
04/05/2022 16:10:40 PM - INFO - average delay [1937.5]
04/05/2022 16:10:40 PM - INFO - average delay [1947.25]
04/05/2022 16:10:40 PM - INFO - nowTs is [127973], lastTs is [127720]
04/05/2022 16:10:40 PM - INFO - [in this interval] loss-ratio is [0.0]
04/05/2022 16:10:40 PM - INFO - [in this interval] group num is [8]
04/05/2022 16:10:40 PM - INFO - [in this interval] delayDelta from group is [[8, 3, 3, 10, -3, -11, -6]]
04/05/2022 16:10:40 PM - INFO - sample List of accDelay : [[-3189.1627781876173, -3187.9465003688556, -3184.75185033197, -3179.9766652987732, -3174.478998768896, -3167.8310988920066, -3159.647989002806, -3149.783190102525, -3141.1048710922723, -3130.594383983045, -3118.034945584741, -3104.031451026267, -3092.5283059236403, -3081.3754753312764, -3071.037927798149, -3061.4341350183345, -3051.790721516501, -3043.4116493648507, -3036.970484428366, -3031.7734359855294]]
04/05/2022 16:10:40 PM - INFO - sample List of time: [[126667, 126772, 126825, 126876, 126930, 127023, 127075, 127132, 127187, 127243, 127305, 127366, 127428, 127466, 127504, 127542, 127580, 127620, 127652, 127676]]
04/05/2022 16:10:40 PM - INFO - update trend: [0.1713706694755104]
04/05/2022 16:10:40 PM - INFO - estimateQueueDelayDuration [41.128960674122496] = queueDelayDelta [0.6854826779020416] * numCount[1000]
04/05/2022 16:10:40 PM - INFO - [in this interval] signal is [Signal.NORMAL]
04/05/2022 16:10:40 PM - INFO - [in this interval] adaptiveThresholdGamma is [66.02475702822336]
04/05/2022 16:10:40 PM - INFO - [in this interval] state is [State.INCREASE]
04/05/2022 16:10:40 PM - INFO - [in this interval] now real rate is [0.46630927835051544]mbps
04/05/2022 16:10:40 PM - INFO - [in this interval] now real rtt is [4272]
04/05/2022 16:10:40 PM - INFO - [in this interval] aimd control rate is [0.46198102506247385] mbps
04/05/2022 16:10:40 PM - INFO - [in this interval] delay-rate is [0.46198102506247385] mbps
04/05/2022 16:10:40 PM - INFO - average delay [1939.0]
04/05/2022 16:10:40 PM - INFO - average delay [1900.8000000000002]
04/05/2022 16:10:40 PM - INFO - average delay [1863.8000000000002]
04/05/2022 16:10:40 PM - INFO - average delay [1837.75]
04/05/2022 16:10:40 PM - INFO - nowTs is [128201], lastTs is [127973]
04/05/2022 16:10:40 PM - INFO - [in this interval] loss-ratio is [0.25]
04/05/2022 16:10:40 PM - INFO - [in this interval] group num is [10]
04/05/2022 16:10:40 PM - INFO - [in this interval] delayDelta from group is [[-15, -6, -10, -17, -18, -14, -7, -8, 6]]
04/05/2022 16:10:40 PM - INFO - sample List of accDelay : [[-3130.594383983045, -3118.034945584741, -3104.031451026267, -3092.5283059236403, -3081.3754753312764, -3071.037927798149, -3061.4341350183345, -3051.790721516501, -3043.4116493648507, -3036.970484428366, -3031.7734359855294, -3028.5960923869766, -3026.336483148279, -3025.302834833451, -3026.0725513501056, -3028.5652962150953, -3032.208766593586, -3036.1878899342273, -3040.5691009408047, -3043.9121908467246]]
04/05/2022 16:10:40 PM - INFO - sample List of time: [[127243, 127305, 127366, 127428, 127466, 127504, 127542, 127580, 127620, 127652, 127676, 127712, 127737, 127761, 127786, 127799, 127811, 127837, 127860, 127882]]
04/05/2022 16:10:40 PM - INFO - update trend: [0.15757343748339322]
04/05/2022 16:10:40 PM - INFO - estimateQueueDelayDuration [37.81762499601437] = queueDelayDelta [0.6302937499335729] * numCount[1001]
04/05/2022 16:10:40 PM - INFO - [in this interval] signal is [Signal.NORMAL]
04/05/2022 16:10:40 PM - INFO - [in this interval] adaptiveThresholdGamma is [65.5170286516436]
04/05/2022 16:10:40 PM - INFO - [in this interval] state is [State.INCREASE]
04/05/2022 16:10:40 PM - INFO - [in this interval] now real rate is [0.61888]mbps
04/05/2022 16:10:40 PM - INFO - [in this interval] now real rtt is [4058]
04/05/2022 16:10:40 PM - INFO - [in this interval] aimd control rate is [0.4658308669379944] mbps
04/05/2022 16:10:40 PM - INFO - [in this interval] delay-rate is [0.4658308669379944] mbps
04/05/2022 16:10:40 PM - INFO - average delay [1821.0]
04/05/2022 16:10:40 PM - INFO - average delay [1831.6666666666667]
04/05/2022 16:10:40 PM - INFO - average delay [1847.25]
04/05/2022 16:10:40 PM - INFO - average delay [1843.4]
04/05/2022 16:10:40 PM - INFO - nowTs is [128446], lastTs is [128201]
04/05/2022 16:10:40 PM - INFO - [in this interval] loss-ratio is [0.44]
04/05/2022 16:10:40 PM - INFO - [in this interval] group num is [11]
04/05/2022 16:10:40 PM - INFO - [in this interval] delayDelta from group is [[-4, 12, 6, 1, -1, -6, 1, -16, -9, -9]]
04/05/2022 16:10:40 PM - INFO - sample List of accDelay : [[-3031.7734359855294, -3028.5960923869766, -3026.336483148279, -3025.302834833451, -3026.0725513501056, -3028.5652962150953, -3032.208766593586, -3036.1878899342273, -3040.5691009408047, -3043.9121908467246, -3047.320971762052, -3049.188874585847, -3050.269987127262, -3051.142988414536, -3052.0286895730824, -3053.4258206157742, -3054.5832385541967, -3057.224914698777, -3060.5024232288993, -3064.3521809060094]]
04/05/2022 16:10:40 PM - INFO - sample List of time: [[127676, 127712, 127737, 127761, 127786, 127799, 127811, 127837, 127860, 127882, 127973, 127994, 128016, 128037, 128053, 128067, 128081, 128112, 128126, 128157]]
04/05/2022 16:10:40 PM - INFO - update trend: [-0.07963532469730042]
04/05/2022 16:10:40 PM - INFO - estimateQueueDelayDuration [-19.1124779273521] = queueDelayDelta [-0.3185412987892017] * numCount[1001]
04/05/2022 16:10:40 PM - INFO - [in this interval] signal is [Signal.NORMAL]
04/05/2022 16:10:40 PM - INFO - [in this interval] adaptiveThresholdGamma is [64.68174673860635]
04/05/2022 16:10:40 PM - INFO - [in this interval] state is [State.INCREASE]
04/05/2022 16:10:40 PM - INFO - [in this interval] now real rate is [0.6163702213279678]mbps
04/05/2022 16:10:40 PM - INFO - [in this interval] now real rtt is [4028]
04/05/2022 16:10:40 PM - INFO - [in this interval] aimd control rate is [0.46971279082914436] mbps
04/05/2022 16:10:40 PM - INFO - [in this interval] delay-rate is [0.46971279082914436] mbps
04/05/2022 16:10:40 PM - INFO - average delay [1820.25]
04/05/2022 16:10:40 PM - INFO - average delay [1805.5]
04/05/2022 16:10:40 PM - INFO - average delay [1793.3333333333333]
04/05/2022 16:10:40 PM - INFO - average delay [1797.0]
04/05/2022 16:10:40 PM - INFO - nowTs is [128693], lastTs is [128446]
04/05/2022 16:10:40 PM - INFO - [in this interval] loss-ratio is [0.3157894736842105]
04/05/2022 16:10:40 PM - INFO - [in this interval] group num is [9]
04/05/2022 16:10:40 PM - INFO - [in this interval] delayDelta from group is [[-10, -10, 0, -4, 7, 1, 32, -8]]
04/05/2022 16:10:40 PM - INFO - sample List of accDelay : [[-3040.5691009408047, -3043.9121908467246, -3047.320971762052, -3049.188874585847, -3050.269987127262, -3051.142988414536, -3052.0286895730824, -3053.4258206157742, -3054.5832385541967, -3057.224914698777, -3060.5024232288993, -3064.3521809060094, -3068.8169628154087, -3073.835266533868, -3078.3517398804815, -3082.8165658924336, -3086.1349093031904, -3089.0214183728713, -3088.419276535584, -3088.6773488820254]]
04/05/2022 16:10:40 PM - INFO - sample List of time: [[127860, 127882, 127973, 127994, 128016, 128037, 128053, 128067, 128081, 128112, 128126, 128157, 128187, 128202, 128217, 128232, 128253, 128295, 128336, 128398]]
04/05/2022 16:10:40 PM - INFO - update trend: [-0.11028846250372173]
04/05/2022 16:10:40 PM - INFO - estimateQueueDelayDuration [-26.469231000893217] = queueDelayDelta [-0.44115385001488694] * numCount[1001]
04/05/2022 16:10:40 PM - INFO - [in this interval] signal is [Signal.NORMAL]
04/05/2022 16:10:40 PM - INFO - [in this interval] adaptiveThresholdGamma is [63.993921455327516]
04/05/2022 16:10:40 PM - INFO - [in this interval] state is [State.INCREASE]
04/05/2022 16:10:40 PM - INFO - [in this interval] now real rate is [0.52]mbps
04/05/2022 16:10:40 PM - INFO - [in this interval] now real rtt is [4052]
04/05/2022 16:10:40 PM - INFO - [in this interval] aimd control rate is [0.4736270640860539] mbps
04/05/2022 16:10:40 PM - INFO - [in this interval] delay-rate is [0.4736270640860539] mbps
04/05/2022 16:10:40 PM - INFO - average delay [1826.3333333333333]
04/05/2022 16:10:40 PM - INFO - average delay [1837.3333333333333]
04/05/2022 16:10:40 PM - INFO - average delay [1837.75]
04/05/2022 16:10:40 PM - INFO - average delay [1838.25]
04/05/2022 16:10:40 PM - INFO - nowTs is [128932], lastTs is [128693]
04/05/2022 16:10:40 PM - INFO - [in this interval] loss-ratio is [0.0625]
04/05/2022 16:10:40 PM - INFO - [in this interval] group num is [9]
04/05/2022 16:10:40 PM - INFO - [in this interval] delayDelta from group is [[-1, 4, -1, -1, -8, -15, -9, -11]]
04/05/2022 16:10:40 PM - INFO - sample List of accDelay : [[-3054.5832385541967, -3057.224914698777, -3060.5024232288993, -3064.3521809060094, -3068.8169628154087, -3073.835266533868, -3078.3517398804815, -3082.8165658924336, -3086.1349093031904, -3089.0214183728713, -3088.419276535584, -3088.6773488820254, -3089.0096139938228, -3088.9086525944404, -3088.9177873349963, -3089.026008601497, -3089.9234077413475, -3092.2310669672124, -3095.207960270491, -3098.987164243442]]
04/05/2022 16:10:40 PM - INFO - sample List of time: [[128081, 128112, 128126, 128157, 128187, 128202, 128217, 128232, 128253, 128295, 128336, 128398, 128441, 128475, 128509, 128543, 128577, 128594, 128619, 128645]]
04/05/2022 16:10:40 PM - INFO - update trend: [-0.0620919191440669]
04/05/2022 16:10:40 PM - INFO - estimateQueueDelayDuration [-14.902060594576056] = queueDelayDelta [-0.2483676765762676] * numCount[1001]
04/05/2022 16:10:40 PM - INFO - [in this interval] signal is [Signal.NORMAL]
04/05/2022 16:10:40 PM - INFO - [in this interval] adaptiveThresholdGamma is [63.11026795983399]
04/05/2022 16:10:40 PM - INFO - [in this interval] state is [State.INCREASE]
04/05/2022 16:10:40 PM - INFO - [in this interval] now real rate is [0.5111440329218107]mbps
04/05/2022 16:10:40 PM - INFO - [in this interval] now real rtt is [4000]
04/05/2022 16:10:40 PM - INFO - [in this interval] aimd control rate is [0.477573956286771] mbps
04/05/2022 16:10:40 PM - INFO - [in this interval] delay-rate is [0.477573956286771] mbps
04/05/2022 16:10:40 PM - INFO - average delay [1809.2]
04/05/2022 16:10:40 PM - INFO - average delay [1782.8]
04/05/2022 16:10:40 PM - INFO - average delay [1762.0]
04/05/2022 16:10:40 PM - INFO - average delay [1747.8]
04/05/2022 16:10:40 PM - INFO - nowTs is [129166], lastTs is [128932]
04/05/2022 16:10:40 PM - INFO - [in this interval] loss-ratio is [0.15789473684210525]
04/05/2022 16:10:40 PM - INFO - [in this interval] group num is [10]
04/05/2022 16:10:40 PM - INFO - [in this interval] delayDelta from group is [[-16, -14, -4, -9, -8, -4, -17, -14, 7]]
04/05/2022 16:10:40 PM - INFO - sample List of accDelay : [[-3089.0214183728713, -3088.419276535584, -3088.6773488820254, -3089.0096139938228, -3088.9086525944404, -3088.9177873349963, -3089.026008601497, -3089.9234077413475, -3092.2310669672124, -3095.207960270491, -3098.987164243442, -3103.988447819098, -3109.889603037188, -3115.600642733469, -3121.640578460122, -3127.87652061411, -3133.888868552699, -3140.999981697429, -3148.7999835276864, -3155.1199851749175]]
04/05/2022 16:10:40 PM - INFO - sample List of time: [[128295, 128336, 128398, 128441, 128475, 128509, 128543, 128577, 128594, 128619, 128645, 128672, 128686, 128712, 128738, 128764, 128791, 128817, 128830, 128851]]
04/05/2022 16:10:40 PM - INFO - update trend: [-0.11841695249571368]
04/05/2022 16:10:40 PM - INFO - estimateQueueDelayDuration [-28.420068598971284] = queueDelayDelta [-0.47366780998285474] * numCount[1000]
04/05/2022 16:10:40 PM - INFO - [in this interval] signal is [Signal.NORMAL]
04/05/2022 16:10:40 PM - INFO - [in this interval] adaptiveThresholdGamma is [62.48584437133846]
04/05/2022 16:10:40 PM - INFO - [in this interval] state is [State.INCREASE]
04/05/2022 16:10:40 PM - INFO - [in this interval] now real rate is [0.5001050505050505]mbps
04/05/2022 16:10:40 PM - INFO - [in this interval] now real rtt is [3858]
04/05/2022 16:10:40 PM - INFO - [in this interval] aimd control rate is [0.4815537392558274] mbps
04/05/2022 16:10:40 PM - INFO - [in this interval] delay-rate is [0.4815537392558274] mbps
04/05/2022 16:10:40 PM - INFO - average delay [1721.3333333333333]
04/05/2022 16:10:40 PM - INFO - average delay [1727.6666666666667]
04/05/2022 16:10:40 PM - INFO - average delay [1735.6666666666667]
04/05/2022 16:10:40 PM - INFO - average delay [1720.0]
04/05/2022 16:10:40 PM - INFO - nowTs is [129412], lastTs is [129166]
04/05/2022 16:10:40 PM - INFO - [in this interval] loss-ratio is [0.1875]
04/05/2022 16:10:40 PM - INFO - [in this interval] group num is [8]
04/05/2022 16:10:40 PM - INFO - [in this interval] delayDelta from group is [[7, -4, -14, 0, -9, -8, -3]]
04/05/2022 16:10:40 PM - INFO - sample List of accDelay : [[-3089.9234077413475, -3092.2310669672124, -3095.207960270491, -3098.987164243442, -3103.988447819098, -3109.889603037188, -3115.600642733469, -3121.640578460122, -3127.87652061411, -3133.888868552699, -3140.999981697429, -3148.7999835276864, -3155.1199851749175, -3160.107986657426, -3164.9971879916834, -3170.7974691925147, -3176.0177222732636, -3181.615950045937, -3187.4543550413437, -3193.0089195372093]]
04/05/2022 16:10:40 PM - INFO - sample List of time: [[128577, 128594, 128619, 128645, 128672, 128686, 128712, 128738, 128764, 128791, 128817, 128830, 128851, 128935, 128977, 128998, 129019, 129059, 129075, 129107]]
04/05/2022 16:10:40 PM - INFO - update trend: [-0.19772637277602123]
04/05/2022 16:10:40 PM - INFO - estimateQueueDelayDuration [-47.4543294662451] = queueDelayDelta [-0.7909054911040849] * numCount[1001]
04/05/2022 16:10:40 PM - INFO - [in this interval] signal is [Signal.NORMAL]
04/05/2022 16:10:40 PM - INFO - [in this interval] adaptiveThresholdGamma is [62.21527710304678]
04/05/2022 16:10:40 PM - INFO - [in this interval] state is [State.INCREASE]
04/05/2022 16:10:40 PM - INFO - [in this interval] now real rate is [0.43172469635627536]mbps
04/05/2022 16:10:40 PM - INFO - [in this interval] now real rtt is [3810]
04/05/2022 16:10:40 PM - INFO - [in this interval] aimd control rate is [0.4855666870829593] mbps
04/05/2022 16:10:40 PM - INFO - [in this interval] delay-rate is [0.4855666870829593] mbps
04/05/2022 16:10:40 PM - INFO - average delay [1701.0]
04/05/2022 16:10:40 PM - INFO - average delay [1686.6666666666667]
04/05/2022 16:10:40 PM - INFO - average delay [1671.25]
04/05/2022 16:10:40 PM - INFO - average delay [1673.0]
04/05/2022 16:10:40 PM - INFO - nowTs is [129644], lastTs is [129412]
04/05/2022 16:10:40 PM - INFO - [in this interval] loss-ratio is [0.13333333333333333]
04/05/2022 16:10:40 PM - INFO - [in this interval] group num is [8]
04/05/2022 16:10:40 PM - INFO - [in this interval] delayDelta from group is [[0, -13, -1, 2, 2, 7, -11]]
04/05/2022 16:10:40 PM - INFO - sample List of accDelay : [[-3121.640578460122, -3127.87652061411, -3133.888868552699, -3140.999981697429, -3148.7999835276864, -3155.1199851749175, -3160.107986657426, -3164.9971879916834, -3170.7974691925147, -3176.0177222732636, -3181.615950045937, -3187.4543550413437, -3193.0089195372093, -3198.008027583488, -3203.807224825139, -3209.1265023426254, -3213.713852108363, -3217.642466897527, -3220.478220207774, -3224.1303981869964]]
04/05/2022 16:10:40 PM - INFO - sample List of time: [[128738, 128764, 128791, 128817, 128830, 128851, 128935, 128977, 128998, 129019, 129059, 129075, 129107, 129155, 129190, 129207, 129241, 129278, 129315, 129352]]
04/05/2022 16:10:40 PM - INFO - update trend: [-0.16635303683058134]
04/05/2022 16:10:40 PM - INFO - estimateQueueDelayDuration [-39.92472883933952] = queueDelayDelta [-0.6654121473223253] * numCount[1000]
04/05/2022 16:10:40 PM - INFO - [in this interval] signal is [Signal.NORMAL]
04/05/2022 16:10:40 PM - INFO - [in this interval] adaptiveThresholdGamma is [61.81404723430005]
04/05/2022 16:10:40 PM - INFO - [in this interval] state is [State.INCREASE]
04/05/2022 16:10:40 PM - INFO - [in this interval] now real rate is [0.4291142284569138]mbps
04/05/2022 16:10:40 PM - INFO - [in this interval] now real rtt is [3754]
04/05/2022 16:10:40 PM - INFO - [in this interval] aimd control rate is [0.48961307614198396] mbps
04/05/2022 16:10:40 PM - INFO - [in this interval] delay-rate is [0.48961307614198396] mbps
04/05/2022 16:10:40 PM - INFO - average delay [1680.0]
04/05/2022 16:10:40 PM - INFO - average delay [1687.3333333333333]
04/05/2022 16:10:40 PM - INFO - average delay [1692.75]
04/05/2022 16:10:40 PM - INFO - average delay [1706.0]
04/05/2022 16:10:40 PM - INFO - nowTs is [129881], lastTs is [129644]
04/05/2022 16:10:40 PM - INFO - [in this interval] loss-ratio is [0.0]
04/05/2022 16:10:40 PM - INFO - [in this interval] group num is [7]
04/05/2022 16:10:40 PM - INFO - [in this interval] delayDelta from group is [[3, 8, 6, 6, 10, -9]]
04/05/2022 16:10:40 PM - INFO - sample List of accDelay : [[-3160.107986657426, -3164.9971879916834, -3170.7974691925147, -3176.0177222732636, -3181.615950045937, -3187.4543550413437, -3193.0089195372093, -3198.008027583488, -3203.807224825139, -3209.1265023426254, -3213.713852108363, -3217.642466897527, -3220.478220207774, -3224.1303981869964, -3227.117358368297, -3229.0056225314675, -3230.1050602783207, -3230.494554250489, -3229.84509882544, -3230.1605889428956]]
04/05/2022 16:10:40 PM - INFO - sample List of time: [[128935, 128977, 128998, 129019, 129059, 129075, 129107, 129155, 129190, 129207, 129241, 129278, 129315, 129352, 129389, 129427, 129465, 129506, 129547, 129587]]
04/05/2022 16:10:40 PM - INFO - update trend: [-0.11481065043671582]
04/05/2022 16:10:40 PM - INFO - estimateQueueDelayDuration [-27.554556104811795] = queueDelayDelta [-0.45924260174686327] * numCount[1000]
04/05/2022 16:10:40 PM - INFO - [in this interval] signal is [Signal.NORMAL]
04/05/2022 16:10:40 PM - INFO - [in this interval] adaptiveThresholdGamma is [61.19737639396926]
04/05/2022 16:10:40 PM - INFO - [in this interval] state is [State.INCREASE]
04/05/2022 16:10:40 PM - INFO - [in this interval] now real rate is [0.4679422680412371]mbps
04/05/2022 16:10:40 PM - INFO - [in this interval] now real rtt is [3828]
04/05/2022 16:10:40 PM - INFO - [in this interval] aimd control rate is [0.49369318510983384] mbps
04/05/2022 16:10:40 PM - INFO - [in this interval] delay-rate is [0.49369318510983384] mbps
04/05/2022 16:10:40 PM - INFO - average delay [1715.0]
04/05/2022 16:10:40 PM - INFO - average delay [1726.3333333333333]
04/05/2022 16:10:40 PM - INFO - average delay [1738.5]
04/05/2022 16:10:40 PM - INFO - average delay [1756.75]
04/05/2022 16:10:40 PM - INFO - nowTs is [130131], lastTs is [129881]
04/05/2022 16:10:40 PM - INFO - [in this interval] loss-ratio is [0.0]
04/05/2022 16:10:40 PM - INFO - [in this interval] group num is [7]
04/05/2022 16:10:40 PM - INFO - [in this interval] delayDelta from group is [[3, 23, 7, 3, 6, 23]]
04/05/2022 16:10:40 PM - INFO - sample List of accDelay : [[-3193.0089195372093, -3198.008027583488, -3203.807224825139, -3209.1265023426254, -3213.713852108363, -3217.642466897527, -3220.478220207774, -3224.1303981869964, -3227.117358368297, -3229.0056225314675, -3230.1050602783207, -3230.494554250489, -3229.84509882544, -3230.1605889428956, -3230.144530048606, -3227.8300770437454, -3225.047069339371, -3222.2423624054336, -3219.1181261648903, -3214.0063135484015]]
04/05/2022 16:10:40 PM - INFO - sample List of time: [[129107, 129155, 129190, 129207, 129241, 129278, 129315, 129352, 129389, 129427, 129465, 129506, 129547, 129587, 129628, 129666, 129724, 129761, 129799, 129820]]
04/05/2022 16:10:40 PM - INFO - update trend: [-0.030117340574459486]
04/05/2022 16:10:40 PM - INFO - estimateQueueDelayDuration [-7.228161737870277] = queueDelayDelta [-0.12046936229783795] * numCount[1000]
04/05/2022 16:10:40 PM - INFO - [in this interval] signal is [Signal.NORMAL]
04/05/2022 16:10:40 PM - INFO - [in this interval] adaptiveThresholdGamma is [60.225930530159474]
04/05/2022 16:10:40 PM - INFO - [in this interval] state is [State.INCREASE]
04/05/2022 16:10:40 PM - INFO - [in this interval] now real rate is [0.4730513347022587]mbps
04/05/2022 16:10:40 PM - INFO - [in this interval] now real rtt is [3988]
04/05/2022 16:10:40 PM - INFO - [in this interval] aimd control rate is [0.4978072949857491] mbps
04/05/2022 16:10:40 PM - INFO - [in this interval] delay-rate is [0.4978072949857491] mbps
04/05/2022 16:10:40 PM - INFO - average delay [1777.25]
04/05/2022 16:10:40 PM - INFO - average delay [1806.3333333333333]
04/05/2022 16:10:40 PM - INFO - average delay [1818.0]
04/05/2022 16:10:40 PM - INFO - average delay [1847.25]
04/05/2022 16:10:40 PM - INFO - nowTs is [130353], lastTs is [130131]
04/05/2022 16:10:40 PM - INFO - [in this interval] loss-ratio is [0.0]
04/05/2022 16:10:40 PM - INFO - [in this interval] group num is [7]
04/05/2022 16:10:40 PM - INFO - [in this interval] delayDelta from group is [[5, 20, 11, 14, 3, -9]]
04/05/2022 16:10:40 PM - INFO - sample List of accDelay : [[-3220.478220207774, -3224.1303981869964, -3227.117358368297, -3229.0056225314675, -3230.1050602783207, -3230.494554250489, -3229.84509882544, -3230.1605889428956, -3230.144530048606, -3227.8300770437454, -3225.047069339371, -3222.2423624054336, -3219.1181261648903, -3214.0063135484015, -3208.905682193561, -3202.315113974205, -3195.2836025767842, -3187.5552423191057, -3180.2997180871953, -3174.669746278476]]
04/05/2022 16:10:40 PM - INFO - sample List of time: [[129315, 129352, 129389, 129427, 129465, 129506, 129547, 129587, 129628, 129666, 129724, 129761, 129799, 129820, 129876, 129911, 129966, 129987, 130021, 130059]]
04/05/2022 16:10:40 PM - INFO - update trend: [0.062435785723430594]
04/05/2022 16:10:40 PM - INFO - estimateQueueDelayDuration [14.984588573623343] = queueDelayDelta [0.24974314289372238] * numCount[1000]
04/05/2022 16:10:40 PM - INFO - [in this interval] signal is [Signal.NORMAL]
04/05/2022 16:10:40 PM - INFO - [in this interval] adaptiveThresholdGamma is [59.41158637494182]
04/05/2022 16:10:40 PM - INFO - [in this interval] state is [State.INCREASE]
04/05/2022 16:10:40 PM - INFO - [in this interval] now real rate is [0.4867505070993915]mbps
04/05/2022 16:10:40 PM - INFO - [in this interval] now real rtt is [4102]
04/05/2022 16:10:40 PM - INFO - [in this interval] aimd control rate is [0.5019556891106304] mbps
04/05/2022 16:10:40 PM - INFO - [in this interval] delay-rate is [0.5019556891106304] mbps
04/05/2022 16:10:40 PM - INFO - average delay [1853.0]
04/05/2022 16:10:40 PM - INFO - average delay [1872.3333333333335]
04/05/2022 16:10:40 PM - INFO - average delay [1885.6666666666665]
04/05/2022 16:10:40 PM - INFO - average delay [1903.6666666666665]
04/05/2022 16:10:40 PM - INFO - nowTs is [130611], lastTs is [130353]
04/05/2022 16:10:40 PM - INFO - [in this interval] loss-ratio is [0.35294117647058826]
04/05/2022 16:10:40 PM - INFO - [in this interval] group num is [8]
04/05/2022 16:10:40 PM - INFO - [in this interval] delayDelta from group is [[13, 12, 12, 13, -4, 7, -13]]
04/05/2022 16:10:40 PM - INFO - sample List of accDelay : [[-3230.1605889428956, -3230.144530048606, -3227.8300770437454, -3225.047069339371, -3222.2423624054336, -3219.1181261648903, -3214.0063135484015, -3208.905682193561, -3202.315113974205, -3195.2836025767842, -3187.5552423191057, -3180.2997180871953, -3174.669746278476, -3168.3027716506285, -3161.3724944855658, -3153.9352450370093, -3145.9417205333084, -3139.1475484799776, -3132.3327936319797, -3127.4995142687817]]
04/05/2022 16:10:40 PM - INFO - sample List of time: [[129587, 129628, 129666, 129724, 129761, 129799, 129820, 129876, 129911, 129966, 129987, 130021, 130059, 130103, 130146, 130193, 130240, 130268, 130294, 130316]]
04/05/2022 16:10:40 PM - INFO - update trend: [0.14942665000089672]
04/05/2022 16:10:40 PM - INFO - estimateQueueDelayDuration [35.86239600021521] = queueDelayDelta [0.5977066000035869] * numCount[1001]
04/05/2022 16:10:40 PM - INFO - [in this interval] signal is [Signal.NORMAL]
04/05/2022 16:10:40 PM - INFO - [in this interval] adaptiveThresholdGamma is [58.98770094819674]
04/05/2022 16:10:40 PM - INFO - [in this interval] state is [State.INCREASE]
04/05/2022 16:10:40 PM - INFO - [in this interval] now real rate is [0.441312]mbps
04/05/2022 16:10:40 PM - INFO - [in this interval] now real rtt is [4218]
04/05/2022 16:10:40 PM - INFO - [in this interval] aimd control rate is [0.5061386531865523] mbps
04/05/2022 16:10:40 PM - INFO - [in this interval] delay-rate is [0.5061386531865523] mbps
04/05/2022 16:10:40 PM - INFO - average delay [1915.3333333333335]
04/05/2022 16:10:40 PM - INFO - average delay [1924.0]
04/05/2022 16:10:40 PM - INFO - average delay [1951.0]
04/05/2022 16:10:40 PM - INFO - average delay [1959.0]
04/05/2022 16:10:40 PM - INFO - nowTs is [130852], lastTs is [130611]
04/05/2022 16:10:40 PM - INFO - [in this interval] loss-ratio is [0.375]
04/05/2022 16:10:40 PM - INFO - [in this interval] group num is [7]
04/05/2022 16:10:40 PM - INFO - [in this interval] delayDelta from group is [[13, 16, 4, 12, 26, -12]]
04/05/2022 16:10:40 PM - INFO - sample List of accDelay : [[-3214.0063135484015, -3208.905682193561, -3202.315113974205, -3195.2836025767842, -3187.5552423191057, -3180.2997180871953, -3174.669746278476, -3168.3027716506285, -3161.3724944855658, -3153.9352450370093, -3145.9417205333084, -3139.1475484799776, -3132.3327936319797, -3127.4995142687817, -3121.8495628419037, -3115.1646065577133, -3108.748145901942, -3101.773331311748, -3092.895998180573, -3086.106398362516]]
04/05/2022 16:10:40 PM - INFO - sample List of time: [[129820, 129876, 129911, 129966, 129987, 130021, 130059, 130103, 130146, 130193, 130240, 130268, 130294, 130316, 130360, 130403, 130429, 130453, 130505, 130556]]
04/05/2022 16:10:40 PM - INFO - update trend: [0.17978452526042693]
04/05/2022 16:10:40 PM - INFO - estimateQueueDelayDuration [43.148286062502464] = queueDelayDelta [0.7191381010417077] * numCount[1001]
04/05/2022 16:10:40 PM - INFO - [in this interval] signal is [Signal.NORMAL]
04/05/2022 16:10:40 PM - INFO - [in this interval] adaptiveThresholdGamma is [58.70259148025424]
04/05/2022 16:10:40 PM - INFO - [in this interval] state is [State.INCREASE]
04/05/2022 16:10:40 PM - INFO - [in this interval] now real rate is [0.3745731462925852]mbps
04/05/2022 16:10:40 PM - INFO - [in this interval] now real rtt is [4370]
04/05/2022 16:10:40 PM - INFO - [in this interval] aimd control rate is [0.5103564752964402] mbps
04/05/2022 16:10:40 PM - INFO - [in this interval] delay-rate is [0.5103564752964402] mbps
04/05/2022 16:10:40 PM - INFO - average delay [1986.6666666666665]
04/05/2022 16:10:40 PM - INFO - average delay [1999.5]
04/05/2022 16:10:40 PM - INFO - average delay [2008.5]
04/05/2022 16:10:40 PM - INFO - average delay [2003.5]
04/05/2022 16:10:40 PM - INFO - nowTs is [131094], lastTs is [130852]
04/05/2022 16:10:40 PM - INFO - [in this interval] loss-ratio is [0.0]
04/05/2022 16:10:40 PM - INFO - [in this interval] group num is [8]
04/05/2022 16:10:40 PM - INFO - [in this interval] delayDelta from group is [[11, 1, -4, -3, 1, -3, -14]]
04/05/2022 16:10:40 PM - INFO - sample List of accDelay : [[-3168.3027716506285, -3161.3724944855658, -3153.9352450370093, -3145.9417205333084, -3139.1475484799776, -3132.3327936319797, -3127.4995142687817, -3121.8495628419037, -3115.1646065577133, -3108.748145901942, -3101.773331311748, -3092.895998180573, -3086.106398362516, -3078.895758526264, -3072.3061826736375, -3066.7755644062736, -3062.0980079656465, -3057.788207169082, -3054.2093864521735, -3052.3884478069563]]
04/05/2022 16:10:40 PM - INFO - sample List of time: [[130103, 130146, 130193, 130240, 130268, 130294, 130316, 130360, 130403, 130429, 130453, 130505, 130556, 130602, 130648, 130679, 130710, 130742, 130773, 130805]]
04/05/2022 16:10:40 PM - INFO - update trend: [0.17166573651600367]
04/05/2022 16:10:40 PM - INFO - estimateQueueDelayDuration [41.19977676384088] = queueDelayDelta [0.6866629460640147] * numCount[1000]
04/05/2022 16:10:40 PM - INFO - [in this interval] signal is [Signal.NORMAL]
04/05/2022 16:10:40 PM - INFO - [in this interval] adaptiveThresholdGamma is [58.387540815358804]
04/05/2022 16:10:40 PM - INFO - [in this interval] state is [State.INCREASE]
04/05/2022 16:10:40 PM - INFO - [in this interval] now real rate is [0.40337888198757765]mbps
04/05/2022 16:10:40 PM - INFO - [in this interval] now real rtt is [4384]
04/05/2022 16:10:40 PM - INFO - [in this interval] aimd control rate is [0.5146094459239106] mbps
04/05/2022 16:10:40 PM - INFO - [in this interval] delay-rate is [0.5146094459239106] mbps
04/05/2022 16:10:40 PM - INFO - average delay [2000.5]
04/05/2022 16:10:40 PM - INFO - average delay [2011.6666666666665]
04/05/2022 16:10:40 PM - INFO - average delay [2027.25]
04/05/2022 16:10:40 PM - INFO - average delay [2031.25]
04/05/2022 16:10:40 PM - INFO - nowTs is [131315], lastTs is [131094]
04/05/2022 16:10:40 PM - INFO - [in this interval] loss-ratio is [0.2]
04/05/2022 16:10:40 PM - INFO - [in this interval] group num is [9]
04/05/2022 16:10:40 PM - INFO - [in this interval] delayDelta from group is [[12, 18, 6, 1, -12, -16, -17, -11]]
04/05/2022 16:10:40 PM - INFO - sample List of accDelay : [[-3115.1646065577133, -3108.748145901942, -3101.773331311748, -3092.895998180573, -3086.106398362516, -3078.895758526264, -3072.3061826736375, -3066.7755644062736, -3062.0980079656465, -3057.788207169082, -3054.2093864521735, -3052.3884478069563, -3049.5496030262607, -3045.1946427236344, -3040.675178451271, -3036.5076606061443, -3033.95689454553, -3033.2612050909765, -3034.335084581879, -3036.401576123691]]
04/05/2022 16:10:40 PM - INFO - sample List of time: [[130403, 130429, 130453, 130505, 130556, 130602, 130648, 130679, 130710, 130742, 130773, 130805, 130836, 130858, 130896, 130932, 130968, 130986, 131005, 131023]]
04/05/2022 16:10:40 PM - INFO - update trend: [0.12980933607893877]
04/05/2022 16:10:40 PM - INFO - estimateQueueDelayDuration [31.154240658945305] = queueDelayDelta [0.5192373443157551] * numCount[1000]
04/05/2022 16:10:40 PM - INFO - [in this interval] signal is [Signal.NORMAL]
04/05/2022 16:10:40 PM - INFO - [in this interval] adaptiveThresholdGamma is [57.89734141254336]
04/05/2022 16:10:40 PM - INFO - [in this interval] state is [State.INCREASE]
04/05/2022 16:10:40 PM - INFO - [in this interval] now real rate is [0.43851851851851853]mbps
04/05/2022 16:10:40 PM - INFO - [in this interval] now real rtt is [4366]
04/05/2022 16:10:40 PM - INFO - [in this interval] aimd control rate is [0.5188978579732765] mbps
04/05/2022 16:10:40 PM - INFO - [in this interval] delay-rate is [0.5188978579732765] mbps
04/05/2022 16:10:40 PM - INFO - average delay [2003.75]
04/05/2022 16:10:40 PM - INFO - average delay [2010.0]
04/05/2022 16:10:40 PM - INFO - average delay [2027.3333333333335]
04/05/2022 16:10:40 PM - INFO - average delay [2041.6666666666665]
04/05/2022 16:10:40 PM - INFO - nowTs is [131568], lastTs is [131315]
04/05/2022 16:10:40 PM - INFO - [in this interval] loss-ratio is [0.1875]
04/05/2022 16:10:40 PM - INFO - [in this interval] group num is [8]
04/05/2022 16:10:40 PM - INFO - [in this interval] delayDelta from group is [[13, 3, 13, 18, 2, -15, -6]]
04/05/2022 16:10:40 PM - INFO - sample List of accDelay : [[-3066.7755644062736, -3062.0980079656465, -3057.788207169082, -3054.2093864521735, -3052.3884478069563, -3049.5496030262607, -3045.1946427236344, -3040.675178451271, -3036.5076606061443, -3033.95689454553, -3033.2612050909765, -3034.335084581879, -3036.401576123691, -3036.961418511322, -3037.1652766601896, -3036.0487489941706, -3033.2438740947537, -3030.5194866852785, -3029.5675380167504, -3029.3107842150753]]
04/05/2022 16:10:40 PM - INFO - sample List of time: [[130679, 130710, 130742, 130773, 130805, 130836, 130858, 130896, 130932, 130968, 130986, 131005, 131023, 131067, 131115, 131138, 131166, 131219, 131256, 131276]]
04/05/2022 16:10:40 PM - INFO - update trend: [0.05584598620338877]
04/05/2022 16:10:40 PM - INFO - estimateQueueDelayDuration [13.403036688813305] = queueDelayDelta [0.22338394481355509] * numCount[1001]
04/05/2022 16:10:40 PM - INFO - [in this interval] signal is [Signal.NORMAL]
04/05/2022 16:10:40 PM - INFO - [in this interval] adaptiveThresholdGamma is [57.09644392751622]
04/05/2022 16:10:40 PM - INFO - [in this interval] state is [State.INCREASE]
04/05/2022 16:10:40 PM - INFO - [in this interval] now real rate is [0.4220571428571429]mbps
04/05/2022 16:10:40 PM - INFO - [in this interval] now real rtt is [4472]
04/05/2022 16:10:40 PM - INFO - [in this interval] aimd control rate is [0.5232220067897205] mbps
04/05/2022 16:10:40 PM - INFO - [in this interval] delay-rate is [0.5232220067897205] mbps
04/05/2022 16:10:40 PM - INFO - average delay [2041.5]
04/05/2022 16:10:40 PM - INFO - average delay [2013.1666666666665]
04/05/2022 16:10:40 PM - INFO - average delay [1966.6666666666665]
04/05/2022 16:10:40 PM - INFO - average delay [1935.8000000000002]
04/05/2022 16:10:40 PM - INFO - nowTs is [131814], lastTs is [131568]
04/05/2022 16:10:40 PM - INFO - [in this interval] loss-ratio is [0.25925925925925924]
04/05/2022 16:10:40 PM - INFO - [in this interval] group num is [13]
04/05/2022 16:10:40 PM - INFO - [in this interval] delayDelta from group is [[5, -10, -20, -14, 0, -14, -14, -8, -15, -3, -13, -7]]
04/05/2022 16:10:40 PM - INFO - sample List of accDelay : [[-3036.401576123691, -3036.961418511322, -3037.1652766601896, -3036.0487489941706, -3033.2438740947537, -3030.5194866852785, -3029.5675380167504, -3029.3107842150753, -3028.5797057935674, -3028.9217352142105, -3031.2295616927895, -3034.7066055235105, -3037.8359449711593, -3042.0523504740436, -3047.2471154266395, -3052.7224038839754, -3059.1501634955775, -3065.2351471460197, -3072.0116324314176, -3078.810469188276]]
04/05/2022 16:10:40 PM - INFO - sample List of time: [[131023, 131067, 131115, 131138, 131166, 131219, 131256, 131276, 131304, 131324, 131344, 131354, 131375, 131385, 131396, 131417, 131444, 131459, 131491, 131508]]
04/05/2022 16:10:40 PM - INFO - update trend: [-0.07080996802409802]
04/05/2022 16:10:40 PM - INFO - estimateQueueDelayDuration [-16.994392325783522] = queueDelayDelta [-0.28323987209639206] * numCount[1001]
04/05/2022 16:10:40 PM - INFO - [in this interval] signal is [Signal.NORMAL]
04/05/2022 16:10:40 PM - INFO - [in this interval] adaptiveThresholdGamma is [56.37460699868503]
04/05/2022 16:10:40 PM - INFO - [in this interval] state is [State.INCREASE]
04/05/2022 16:10:40 PM - INFO - [in this interval] now real rate is [0.5515350701402807]mbps
04/05/2022 16:10:40 PM - INFO - [in this interval] now real rtt is [4214]
04/05/2022 16:10:40 PM - INFO - [in this interval] aimd control rate is [0.5275821901796348] mbps
04/05/2022 16:10:40 PM - INFO - [in this interval] delay-rate is [0.5275821901796348] mbps
04/05/2022 16:10:40 PM - INFO - average delay [1911.0]
04/05/2022 16:10:40 PM - INFO - average delay [1903.6666666666665]
04/05/2022 16:10:40 PM - INFO - average delay [1901.6666666666665]
04/05/2022 16:10:40 PM - INFO - average delay [1888.0]
04/05/2022 16:10:40 PM - INFO - nowTs is [132055], lastTs is [131814]
04/05/2022 16:10:40 PM - INFO - [in this interval] loss-ratio is [0.3888888888888889]
04/05/2022 16:10:40 PM - INFO - [in this interval] group num is [9]
04/05/2022 16:10:40 PM - INFO - [in this interval] delayDelta from group is [[3, -21, 5, -10, -10, -5, -10, -10]]
04/05/2022 16:10:40 PM - INFO - sample List of accDelay : [[-3028.5797057935674, -3028.9217352142105, -3031.2295616927895, -3034.7066055235105, -3037.8359449711593, -3042.0523504740436, -3047.2471154266395, -3052.7224038839754, -3059.1501634955775, -3065.2351471460197, -3072.0116324314176, -3078.810469188276, -3084.6294222694482, -3091.9664800425035, -3098.0698320382535, -3104.562848834428, -3111.4065639509854, -3118.065907555887, -3125.059316800298, -3132.3533851202683]]
04/05/2022 16:10:40 PM - INFO - sample List of time: [[131304, 131324, 131344, 131354, 131375, 131385, 131396, 131417, 131444, 131459, 131491, 131508, 131575, 131613, 131632, 131657, 131682, 131707, 131732, 131757]]
04/05/2022 16:10:40 PM - INFO - update trend: [-0.23024994172475352]
04/05/2022 16:10:40 PM - INFO - estimateQueueDelayDuration [-55.259986013940846] = queueDelayDelta [-0.9209997668990141] * numCount[1001]
04/05/2022 16:10:40 PM - INFO - [in this interval] signal is [Signal.NORMAL]
04/05/2022 16:10:40 PM - INFO - [in this interval] adaptiveThresholdGamma is [56.354543820959634]
04/05/2022 16:10:40 PM - INFO - [in this interval] state is [State.INCREASE]
04/05/2022 16:10:40 PM - INFO - [in this interval] now real rate is [0.5875734406438632]mbps
04/05/2022 16:10:40 PM - INFO - [in this interval] now real rtt is [4106]
04/05/2022 16:10:40 PM - INFO - [in this interval] aimd control rate is [0.5319787084311318] mbps
04/05/2022 16:10:40 PM - INFO - [in this interval] delay-rate is [0.5319787084311318] mbps
04/05/2022 16:10:40 PM - INFO - average delay [1863.0]
04/05/2022 16:10:40 PM - INFO - average delay [1847.3333333333333]
04/05/2022 16:10:40 PM - INFO - average delay [1859.0]
04/05/2022 16:10:40 PM - INFO - average delay [1893.0]
04/05/2022 16:10:40 PM - INFO - nowTs is [132280], lastTs is [132055]
04/05/2022 16:10:40 PM - INFO - [in this interval] loss-ratio is [0.0]
04/05/2022 16:10:40 PM - INFO - [in this interval] group num is [4]
04/05/2022 16:10:40 PM - INFO - [in this interval] delayDelta from group is [[18, 33, 36]]
04/05/2022 16:10:40 PM - INFO - sample List of accDelay : [[-3034.7066055235105, -3037.8359449711593, -3042.0523504740436, -3047.2471154266395, -3052.7224038839754, -3059.1501634955775, -3065.2351471460197, -3072.0116324314176, -3078.810469188276, -3084.6294222694482, -3091.9664800425035, -3098.0698320382535, -3104.562848834428, -3111.4065639509854, -3118.065907555887, -3125.059316800298, -3132.3533851202683, -3137.1180466082415, -3138.1062419474174, -3135.3956177526757]]
04/05/2022 16:10:40 PM - INFO - sample List of time: [[131354, 131375, 131385, 131396, 131417, 131444, 131459, 131491, 131508, 131575, 131613, 131632, 131657, 131682, 131707, 131732, 131757, 131815, 131873, 131941]]
04/05/2022 16:10:40 PM - INFO - update trend: [-0.19778000996593031]
04/05/2022 16:10:40 PM - INFO - estimateQueueDelayDuration [-47.46720239182328] = queueDelayDelta [-0.7911200398637213] * numCount[1000]
04/05/2022 16:10:40 PM - INFO - [in this interval] signal is [Signal.NORMAL]
04/05/2022 16:10:40 PM - INFO - [in this interval] adaptiveThresholdGamma is [56.19457167523518]
04/05/2022 16:10:40 PM - INFO - [in this interval] state is [State.INCREASE]
04/05/2022 16:10:40 PM - INFO - [in this interval] now real rate is [0.42125851703406814]mbps
04/05/2022 16:10:40 PM - INFO - [in this interval] now real rtt is [4286]
04/05/2022 16:10:40 PM - INFO - [in this interval] aimd control rate is [0.5364118643347247] mbps
04/05/2022 16:10:40 PM - INFO - [in this interval] delay-rate is [0.5364118643347247] mbps
04/05/2022 16:10:40 PM - INFO - average delay [1929.0]
04/05/2022 16:10:40 PM - INFO - average delay [1946.6666666666665]
04/05/2022 16:10:40 PM - INFO - average delay [1934.4]
04/05/2022 16:10:40 PM - INFO - average delay [1899.4]
04/05/2022 16:10:40 PM - INFO - nowTs is [132525], lastTs is [132280]
04/05/2022 16:10:40 PM - INFO - [in this interval] loss-ratio is [0.25]
04/05/2022 16:10:40 PM - INFO - [in this interval] group num is [10]
04/05/2022 16:10:40 PM - INFO - [in this interval] delayDelta from group is [[-7, -2, -15, -11, -11, -20, -20, -15, -1]]
04/05/2022 16:10:40 PM - INFO - sample List of accDelay : [[-3084.6294222694482, -3091.9664800425035, -3098.0698320382535, -3104.562848834428, -3111.4065639509854, -3118.065907555887, -3125.059316800298, -3132.3533851202683, -3137.1180466082415, -3138.1062419474174, -3135.3956177526757, -3133.656055977408, -3132.290450379667, -3132.5614053417007, -3133.905264807531, -3136.2147383267775, -3140.2932644940997, -3145.9639380446897, -3152.5675442402207, -3158.610789816199]]
04/05/2022 16:10:40 PM - INFO - sample List of time: [[131575, 131613, 131632, 131657, 131682, 131707, 131732, 131757, 131815, 131873, 131941, 132054, 132082, 132110, 132125, 132154, 132168, 132183, 132198, 132213]]
04/05/2022 16:10:40 PM - INFO - update trend: [-0.0733965424193641]
04/05/2022 16:10:40 PM - INFO - estimateQueueDelayDuration [-17.615170180647382] = queueDelayDelta [-0.2935861696774564] * numCount[1001]
04/05/2022 16:10:40 PM - INFO - [in this interval] signal is [Signal.NORMAL]
04/05/2022 16:10:40 PM - INFO - [in this interval] adaptiveThresholdGamma is [55.5001424483326]
04/05/2022 16:10:40 PM - INFO - [in this interval] state is [State.INCREASE]
04/05/2022 16:10:40 PM - INFO - [in this interval] now real rate is [0.5049858585858586]mbps
04/05/2022 16:10:40 PM - INFO - [in this interval] now real rtt is [4106]
04/05/2022 16:10:40 PM - INFO - [in this interval] aimd control rate is [0.5408819632041807] mbps
04/05/2022 16:10:40 PM - INFO - [in this interval] delay-rate is [0.5408819632041807] mbps
04/05/2022 16:10:40 PM - INFO - average delay [1852.75]
04/05/2022 16:10:40 PM - INFO - average delay [1822.0]
04/05/2022 16:10:40 PM - INFO - average delay [1807.3333333333333]
04/05/2022 16:10:40 PM - INFO - average delay [1780.0]
04/05/2022 16:10:40 PM - INFO - nowTs is [132760], lastTs is [132525]
04/05/2022 16:10:40 PM - INFO - [in this interval] loss-ratio is [0.56]
04/05/2022 16:10:40 PM - INFO - [in this interval] group num is [11]
04/05/2022 16:10:40 PM - INFO - [in this interval] delayDelta from group is [[14, -7, -11, -22, 3, -17, -2, -15, -5, 5]]
04/05/2022 16:10:40 PM - INFO - sample List of accDelay : [[-3135.3956177526757, -3133.656055977408, -3132.290450379667, -3132.5614053417007, -3133.905264807531, -3136.2147383267775, -3140.2932644940997, -3145.9639380446897, -3152.5675442402207, -3158.610789816199, -3162.6497108345793, -3166.984739751121, -3171.986265776009, -3178.6876391984083, -3184.4188752785676, -3191.2769877507108, -3197.6492889756396, -3204.8843600780756, -3211.895924070268, -3217.706331663241]]
04/05/2022 16:10:40 PM - INFO - sample List of time: [[131941, 132054, 132082, 132110, 132125, 132154, 132168, 132183, 132198, 132213, 132269, 132293, 132316, 132340, 132363, 132386, 132409, 132432, 132452, 132467]]
04/05/2022 16:10:40 PM - INFO - update trend: [-0.1860035777753352]
04/05/2022 16:10:40 PM - INFO - estimateQueueDelayDuration [-44.64085866608045] = queueDelayDelta [-0.7440143111013408] * numCount[1001]
04/05/2022 16:10:40 PM - INFO - [in this interval] signal is [Signal.NORMAL]
04/05/2022 16:10:40 PM - INFO - [in this interval] adaptiveThresholdGamma is [55.30467534025207]
04/05/2022 16:10:40 PM - INFO - [in this interval] state is [State.INCREASE]
04/05/2022 16:10:40 PM - INFO - [in this interval] now real rate is [0.59015]mbps
04/05/2022 16:10:40 PM - INFO - [in this interval] now real rtt is [3916]
04/05/2022 16:10:40 PM - INFO - [in this interval] aimd control rate is [0.5453893128975489] mbps
04/05/2022 16:10:40 PM - INFO - [in this interval] delay-rate is [0.5453893128975489] mbps
04/05/2022 16:10:40 PM - INFO - average delay [1760.5]
04/05/2022 16:10:40 PM - INFO - average delay [1741.0]
04/05/2022 16:10:40 PM - INFO - average delay [1737.3333333333333]
04/05/2022 16:10:40 PM - INFO - average delay [1731.6666666666667]
04/05/2022 16:10:40 PM - INFO - nowTs is [133001], lastTs is [132760]
04/05/2022 16:10:40 PM - INFO - [in this interval] loss-ratio is [0.4]
04/05/2022 16:10:40 PM - INFO - [in this interval] group num is [10]
04/05/2022 16:10:40 PM - INFO - [in this interval] delayDelta from group is [[0, -11, 11, -10, 0, -7, -8, -12, -13]]
04/05/2022 16:10:40 PM - INFO - sample List of accDelay : [[-3158.610789816199, -3162.6497108345793, -3166.984739751121, -3171.986265776009, -3178.6876391984083, -3184.4188752785676, -3191.2769877507108, -3197.6492889756396, -3204.8843600780756, -3211.895924070268, -3217.706331663241, -3222.935698496917, -3228.7421286472254, -3232.867915782503, -3237.581124204253, -3241.8230117838275, -3246.3407106054447, -3251.2066395449, -3256.78597559041, -3263.107378031369]]
04/05/2022 16:10:40 PM - INFO - sample List of time: [[132213, 132269, 132293, 132316, 132340, 132363, 132386, 132409, 132432, 132452, 132467, 132508, 132543, 132557, 132578, 132598, 132638, 132661, 132683, 132706]]
04/05/2022 16:10:40 PM - INFO - update trend: [-0.2260919666863594]
04/05/2022 16:10:40 PM - INFO - estimateQueueDelayDuration [-54.26207200472626] = queueDelayDelta [-0.9043678667454376] * numCount[1000]
04/05/2022 16:10:40 PM - INFO - [in this interval] signal is [Signal.NORMAL]
04/05/2022 16:10:40 PM - INFO - [in this interval] adaptiveThresholdGamma is [55.285908480212605]
04/05/2022 16:10:40 PM - INFO - [in this interval] state is [State.INCREASE]
04/05/2022 16:10:40 PM - INFO - [in this interval] now real rate is [0.5229979959919839]mbps
04/05/2022 16:10:40 PM - INFO - [in this interval] now real rtt is [3798]
04/05/2022 16:10:40 PM - INFO - [in this interval] aimd control rate is [0.5499342238383618] mbps
04/05/2022 16:10:40 PM - INFO - [in this interval] delay-rate is [0.5499342238383618] mbps
04/05/2022 16:10:40 PM - INFO - average delay [1711.6666666666667]
04/05/2022 16:10:40 PM - INFO - average delay [1710.0]
04/05/2022 16:10:40 PM - INFO - average delay [1689.6666666666667]
04/05/2022 16:10:40 PM - INFO - average delay [1687.0]
04/05/2022 16:10:40 PM - INFO - average delay [1697.0]
04/05/2022 16:10:40 PM - INFO - nowTs is [133312], lastTs is [133001]
04/05/2022 16:10:40 PM - INFO - [in this interval] loss-ratio is [0.4117647058823529]
04/05/2022 16:10:40 PM - INFO - [in this interval] group num is [9]
04/05/2022 16:10:40 PM - INFO - [in this interval] delayDelta from group is [[-3, -12, -13, -8, 2, 10, 10, 38]]
04/05/2022 16:10:40 PM - INFO - sample List of accDelay : [[-3204.8843600780756, -3211.895924070268, -3217.706331663241, -3222.935698496917, -3228.7421286472254, -3232.867915782503, -3237.581124204253, -3241.8230117838275, -3246.3407106054447, -3251.2066395449, -3256.78597559041, -3263.107378031369, -3269.096640228232, -3275.686976205409, -3282.918278584868, -3290.2264507263812, -3296.603805653743, -3301.343425088369, -3304.6090825795322, -3303.748174321579]]
04/05/2022 16:10:40 PM - INFO - sample List of time: [[132432, 132452, 132467, 132508, 132543, 132557, 132578, 132598, 132638, 132661, 132683, 132706, 132750, 132772, 132795, 132817, 132839, 132881, 132921, 132961]]
04/05/2022 16:10:40 PM - INFO - update trend: [-0.20016650553206777]
04/05/2022 16:10:40 PM - INFO - estimateQueueDelayDuration [-48.03996132769627] = queueDelayDelta [-0.8006660221282711] * numCount[1000]
04/05/2022 16:10:40 PM - INFO - [in this interval] signal is [Signal.NORMAL]
04/05/2022 16:10:40 PM - INFO - [in this interval] adaptiveThresholdGamma is [55.15548143146731]
04/05/2022 16:10:40 PM - INFO - [in this interval] state is [State.INCREASE]
04/05/2022 16:10:40 PM - INFO - [in this interval] now real rate is [0.43235483870967745]mbps
04/05/2022 16:10:40 PM - INFO - [in this interval] now real rtt is [3880]
04/05/2022 16:10:40 PM - INFO - [in this interval] aimd control rate is [0.5545170090370148] mbps
04/05/2022 16:10:40 PM - INFO - [in this interval] delay-rate is [0.5545170090370148] mbps
04/05/2022 16:10:40 PM - INFO - average delay [1723.0]
04/05/2022 16:10:40 PM - INFO - average delay [1743.5]
04/05/2022 16:10:40 PM - INFO - average delay [1761.3333333333333]
04/05/2022 16:10:40 PM - INFO - average delay [1789.3333333333333]
04/05/2022 16:10:40 PM - INFO - nowTs is [133548], lastTs is [133312]
04/05/2022 16:10:40 PM - INFO - [in this interval] loss-ratio is [0.23076923076923078]
04/05/2022 16:10:40 PM - INFO - [in this interval] group num is [4]
04/05/2022 16:10:40 PM - INFO - [in this interval] delayDelta from group is [[17, 24, 42]]
04/05/2022 16:10:40 PM - INFO - sample List of accDelay : [[-3222.935698496917, -3228.7421286472254, -3232.867915782503, -3237.581124204253, -3241.8230117838275, -3246.3407106054447, -3251.2066395449, -3256.78597559041, -3263.107378031369, -3269.096640228232, -3275.686976205409, -3282.918278584868, -3290.2264507263812, -3296.603805653743, -3301.343425088369, -3304.6090825795322, -3303.748174321579, -3301.2733568894214, -3296.6460212004795, -3288.281419080432]]
04/05/2022 16:10:40 PM - INFO - sample List of time: [[132508, 132543, 132557, 132578, 132598, 132638, 132661, 132683, 132706, 132750, 132772, 132795, 132817, 132839, 132881, 132921, 132961, 133087, 133134, 133198]]
04/05/2022 16:10:40 PM - INFO - update trend: [-0.12172267267480337]
04/05/2022 16:10:40 PM - INFO - estimateQueueDelayDuration [-29.21344144195281] = queueDelayDelta [-0.4868906906992135] * numCount[1001]
04/05/2022 16:10:40 PM - INFO - [in this interval] signal is [Signal.NORMAL]
04/05/2022 16:10:40 PM - INFO - [in this interval] adaptiveThresholdGamma is [54.688524711656044]
04/05/2022 16:10:40 PM - INFO - [in this interval] state is [State.INCREASE]
04/05/2022 16:10:40 PM - INFO - [in this interval] now real rate is [0.397]mbps
04/05/2022 16:10:40 PM - INFO - [in this interval] now real rtt is [4072]
04/05/2022 16:10:40 PM - INFO - [in this interval] aimd control rate is [0.5591379841123233] mbps
04/05/2022 16:10:40 PM - INFO - [in this interval] delay-rate is [0.5591379841123233] mbps
04/05/2022 16:10:40 PM - INFO - average delay [1810.6666666666667]
04/05/2022 16:10:40 PM - INFO - average delay [1850.0]
04/05/2022 16:10:40 PM - INFO - average delay [1881.0]
04/05/2022 16:10:40 PM - INFO - average delay [1914.5]
04/05/2022 16:10:40 PM - INFO - nowTs is [133778], lastTs is [133548]
04/05/2022 16:10:40 PM - INFO - [in this interval] loss-ratio is [0.1111111111111111]
04/05/2022 16:10:40 PM - INFO - [in this interval] group num is [5]
04/05/2022 16:10:40 PM - INFO - [in this interval] delayDelta from group is [[33, 22, -4, -19]]
04/05/2022 16:10:40 PM - INFO - sample List of accDelay : [[-3241.8230117838275, -3246.3407106054447, -3251.2066395449, -3256.78597559041, -3263.107378031369, -3269.096640228232, -3275.686976205409, -3282.918278584868, -3290.2264507263812, -3296.603805653743, -3301.343425088369, -3304.6090825795322, -3303.748174321579, -3301.2733568894214, -3296.6460212004795, -3288.281419080432, -3277.453277172389, -3265.50794945515, -3255.157154509635, -3247.7414390586714]]
04/05/2022 16:10:40 PM - INFO - sample List of time: [[132598, 132638, 132661, 132683, 132706, 132750, 132772, 132795, 132817, 132839, 132881, 132921, 132961, 133087, 133134, 133198, 133343, 133411, 133468, 133489]]
04/05/2022 16:10:40 PM - INFO - update trend: [-0.006653421966042566]
04/05/2022 16:10:40 PM - INFO - estimateQueueDelayDuration [-1.5968212718502157] = queueDelayDelta [-0.026613687864170264] * numCount[1001]
04/05/2022 16:10:40 PM - INFO - [in this interval] signal is [Signal.NORMAL]
04/05/2022 16:10:40 PM - INFO - [in this interval] adaptiveThresholdGamma is [53.732874049739536]
04/05/2022 16:10:40 PM - INFO - [in this interval] state is [State.INCREASE]
04/05/2022 16:10:40 PM - INFO - [in this interval] now real rate is [0.42283261802575106]mbps
04/05/2022 16:10:40 PM - INFO - [in this interval] now real rtt is [4222]
04/05/2022 16:10:40 PM - INFO - [in this interval] aimd control rate is [0.5637974673132593] mbps
04/05/2022 16:10:40 PM - INFO - [in this interval] delay-rate is [0.5637974673132593] mbps
04/05/2022 16:10:40 PM - INFO - average delay [1923.0]
04/05/2022 16:10:40 PM - INFO - average delay [1933.3333333333335]
04/05/2022 16:10:40 PM - INFO - average delay [1946.0]
04/05/2022 16:10:40 PM - INFO - average delay [1945.3333333333335]
04/05/2022 16:10:40 PM - INFO - nowTs is [134019], lastTs is [133778]
04/05/2022 16:10:40 PM - INFO - [in this interval] loss-ratio is [0.47058823529411764]
04/05/2022 16:10:40 PM - INFO - [in this interval] group num is [7]
04/05/2022 16:10:40 PM - INFO - [in this interval] delayDelta from group is [[-3, 24, -8, -8, 14, 30]]
04/05/2022 16:10:40 PM - INFO - sample List of accDelay : [[-3275.686976205409, -3282.918278584868, -3290.2264507263812, -3296.603805653743, -3301.343425088369, -3304.6090825795322, -3303.748174321579, -3301.2733568894214, -3296.6460212004795, -3288.281419080432, -3277.453277172389, -3265.50794945515, -3255.157154509635, -3247.7414390586714, -3241.367295152804, -3233.230565637524, -3226.7075090737717, -3221.6367581663944, -3215.673082349755, -3207.3057741147795]]
04/05/2022 16:10:40 PM - INFO - sample List of time: [[132772, 132795, 132817, 132839, 132881, 132921, 132961, 133087, 133134, 133198, 133343, 133411, 133468, 133489, 133527, 133544, 133588, 133610, 133632, 133666]]
04/05/2022 16:10:40 PM - INFO - update trend: [0.08770104630087354]
04/05/2022 16:10:40 PM - INFO - estimateQueueDelayDuration [21.04825111220965] = queueDelayDelta [0.35080418520349416] * numCount[1001]
04/05/2022 16:10:40 PM - INFO - [in this interval] signal is [Signal.NORMAL]
04/05/2022 16:10:40 PM - INFO - [in this interval] adaptiveThresholdGamma is [53.144550836864]
04/05/2022 16:10:40 PM - INFO - [in this interval] state is [State.INCREASE]
04/05/2022 16:10:40 PM - INFO - [in this interval] now real rate is [0.3983354564755838]mbps
04/05/2022 16:10:40 PM - INFO - [in this interval] now real rtt is [4364]
04/05/2022 16:10:40 PM - INFO - [in this interval] aimd control rate is [0.5684957795408697] mbps
04/05/2022 16:10:40 PM - INFO - [in this interval] delay-rate is [0.5684957795408697] mbps
04/05/2022 16:10:40 PM - INFO - average delay [1966.0]
04/05/2022 16:10:40 PM - INFO - average delay [1996.0]
04/05/2022 16:10:40 PM - INFO - average delay [1985.75]
04/05/2022 16:10:40 PM - INFO - average delay [1872.125]
04/05/2022 16:10:40 PM - INFO - nowTs is [134270], lastTs is [134019]
04/05/2022 16:10:40 PM - INFO - [in this interval] loss-ratio is [0.3333333333333333]
04/05/2022 16:10:40 PM - INFO - [in this interval] group num is [14]
04/05/2022 16:10:40 PM - INFO - [in this interval] delayDelta from group is [[8, -16, -2, -21, -38, -27, -24, -15, -19, -19, -14, -19, -22]]
04/05/2022 16:10:40 PM - INFO - sample List of accDelay : [[-3247.7414390586714, -3241.367295152804, -3233.230565637524, -3226.7075090737717, -3221.6367581663944, -3215.673082349755, -3207.3057741147795, -3198.9751967033017, -3193.0776770329717, -3187.9699093296745, -3185.4729183967074, -3187.0256265570365, -3191.123063901333, -3197.2107575111995, -3204.1896817600796, -3212.3707135840714, -3221.6336422256645, -3231.370278003098, -3242.033250202788, -3253.829925182509]]
04/05/2022 16:10:40 PM - INFO - sample List of time: [[133489, 133527, 133544, 133588, 133610, 133632, 133666, 133790, 133833, 133847, 133860, 133874, 133886, 133894, 133910, 133925, 133941, 133957, 133973, 133989]]
04/05/2022 16:10:40 PM - INFO - update trend: [0.03845743045098838]
04/05/2022 16:10:40 PM - INFO - estimateQueueDelayDuration [9.229783308237211] = queueDelayDelta [0.15382972180395352] * numCount[1000]
04/05/2022 16:10:40 PM - INFO - [in this interval] signal is [Signal.NORMAL]
04/05/2022 16:10:40 PM - INFO - [in this interval] adaptiveThresholdGamma is [52.354085021348716]
04/05/2022 16:10:40 PM - INFO - [in this interval] state is [State.INCREASE]
04/05/2022 16:10:40 PM - INFO - [in this interval] now real rate is [0.5165365853658537]mbps
04/05/2022 16:10:40 PM - INFO - [in this interval] now real rtt is [3936]
04/05/2022 16:10:40 PM - INFO - [in this interval] aimd control rate is [0.573233244370377] mbps
04/05/2022 16:10:40 PM - INFO - [in this interval] delay-rate is [0.573233244370377] mbps
04/05/2022 16:10:40 PM - INFO - average delay [1805.625]
04/05/2022 16:10:40 PM - INFO - average delay [1752.4]
04/05/2022 16:10:40 PM - INFO - average delay [1746.5]
04/05/2022 16:10:40 PM - INFO - average delay [1769.0]
04/05/2022 16:10:40 PM - INFO - nowTs is [134511], lastTs is [134270]
04/05/2022 16:10:40 PM - INFO - [in this interval] loss-ratio is [0.2631578947368421]
04/05/2022 16:10:40 PM - INFO - [in this interval] group num is [8]
04/05/2022 16:10:40 PM - INFO - [in this interval] delayDelta from group is [[-15, -8, 2, 7, 16, 17, 19]]
04/05/2022 16:10:40 PM - INFO - sample List of accDelay : [[-3198.9751967033017, -3193.0776770329717, -3187.9699093296745, -3185.4729183967074, -3187.0256265570365, -3191.123063901333, -3197.2107575111995, -3204.1896817600796, -3212.3707135840714, -3221.6336422256645, -3231.370278003098, -3242.033250202788, -3253.829925182509, -3265.9469326642584, -3277.6522393978325, -3287.9870154580494, -3296.5883139122448, -3302.72948252102, -3306.5565342689183, -3308.1008808420265]]
04/05/2022 16:10:40 PM - INFO - sample List of time: [[133790, 133833, 133847, 133860, 133874, 133886, 133894, 133910, 133925, 133941, 133957, 133973, 133989, 134005, 134020, 134047, 134084, 134121, 134152, 134189]]
04/05/2022 16:10:40 PM - INFO - update trend: [-0.39471009637076016]
04/05/2022 16:10:40 PM - INFO - estimateQueueDelayDuration [-94.73042312898244] = queueDelayDelta [-1.5788403854830406] * numCount[1001]
04/05/2022 16:10:40 PM - INFO - [in this interval] signal is [Signal.UNDER_USE]
04/05/2022 16:10:40 PM - INFO - [in this interval] adaptiveThresholdGamma is [52.354085021348716]
04/05/2022 16:10:40 PM - INFO - [in this interval] state is [State.HOLD]
04/05/2022 16:10:40 PM - INFO - [in this interval] now real rate is [0.5276910569105692]mbps
04/05/2022 16:10:40 PM - INFO - [in this interval] now real rtt is [4018]
04/05/2022 16:10:40 PM - INFO - [in this interval] aimd control rate is [0.573233244370377] mbps
04/05/2022 16:10:40 PM - INFO - [in this interval] delay-rate is [0.573233244370377] mbps
04/05/2022 16:10:40 PM - INFO - average delay [1798.3333333333333]
04/05/2022 16:10:40 PM - INFO - average delay [1830.6666666666667]
04/05/2022 16:10:40 PM - INFO - average delay [1861.25]
04/05/2022 16:10:40 PM - INFO - average delay [1869.75]
04/05/2022 16:10:40 PM - INFO - average delay [1874.75]
04/05/2022 16:10:40 PM - INFO - nowTs is [134803], lastTs is [134511]
04/05/2022 16:10:40 PM - INFO - [in this interval] loss-ratio is [0.0]
04/05/2022 16:10:40 PM - INFO - [in this interval] group num is [7]
04/05/2022 16:10:40 PM - INFO - [in this interval] delayDelta from group is [[41, 1, 8, 12, 33, 32]]
04/05/2022 16:10:40 PM - INFO - sample List of accDelay : [[-3197.2107575111995, -3204.1896817600796, -3212.3707135840714, -3221.6336422256645, -3231.370278003098, -3242.033250202788, -3253.829925182509, -3265.9469326642584, -3277.6522393978325, -3287.9870154580494, -3296.5883139122448, -3302.72948252102, -3306.5565342689183, -3308.1008808420265, -3305.390792757824, -3302.8517134820418, -3299.7665421338374, -3295.7898879204536, -3288.910899128408, -3279.519809215567]]
04/05/2022 16:10:40 PM - INFO - sample List of time: [[133894, 133910, 133925, 133941, 133957, 133973, 133989, 134005, 134020, 134047, 134084, 134121, 134152, 134189, 134273, 134344, 134370, 134418, 134440, 134483]]
04/05/2022 16:10:40 PM - INFO - update trend: [-0.14011452941146715]
04/05/2022 16:10:40 PM - INFO - estimateQueueDelayDuration [-33.627487058752116] = queueDelayDelta [-0.5604581176458686] * numCount[1001]
04/05/2022 16:10:40 PM - INFO - [in this interval] signal is [Signal.NORMAL]
04/05/2022 16:10:40 PM - INFO - [in this interval] adaptiveThresholdGamma is [52.01700625802198]
04/05/2022 16:10:40 PM - INFO - [in this interval] state is [State.INCREASE]
04/05/2022 16:10:40 PM - INFO - [in this interval] now real rate is [0.40139130434782605]mbps
04/05/2022 16:10:40 PM - INFO - [in this interval] now real rtt is [4322]
04/05/2022 16:10:40 PM - INFO - [in this interval] aimd control rate is [0.5780101880734635] mbps
04/05/2022 16:10:40 PM - INFO - [in this interval] delay-rate is [0.5780101880734635] mbps
04/05/2022 16:10:40 PM - INFO - average delay [1944.3333333333335]
04/05/2022 16:10:40 PM - INFO - average delay [1994.0]
04/05/2022 16:10:40 PM - INFO - average delay [2039.5]
04/05/2022 16:10:40 PM - INFO - average delay [2059.0]
04/05/2022 16:10:40 PM - INFO - nowTs is [135040], lastTs is [134803]
04/05/2022 16:10:40 PM - INFO - [in this interval] loss-ratio is [0.2]
04/05/2022 16:10:40 PM - INFO - [in this interval] group num is [6]
04/05/2022 16:10:40 PM - INFO - [in this interval] delayDelta from group is [[29, 33, -3, 17, -2]]
04/05/2022 16:10:40 PM - INFO - sample List of accDelay : [[-3242.033250202788, -3253.829925182509, -3265.9469326642584, -3277.6522393978325, -3287.9870154580494, -3296.5883139122448, -3302.72948252102, -3306.5565342689183, -3308.1008808420265, -3305.390792757824, -3302.8517134820418, -3299.7665421338374, -3295.7898879204536, -3288.910899128408, -3279.519809215567, -3268.16782829401, -3254.6510454646095, -3242.7859409181488, -3230.407346826334, -3219.466612143701]]
04/05/2022 16:10:40 PM - INFO - sample List of time: [[133973, 133989, 134005, 134020, 134047, 134084, 134121, 134152, 134189, 134273, 134344, 134370, 134418, 134440, 134483, 134573, 134617, 134660, 134682, 134724]]
04/05/2022 16:10:40 PM - INFO - update trend: [0.04428028441393393]
04/05/2022 16:10:40 PM - INFO - estimateQueueDelayDuration [10.627268259344143] = queueDelayDelta [0.17712113765573573] * numCount[1000]
04/05/2022 16:10:40 PM - INFO - [in this interval] signal is [Signal.NORMAL]
04/05/2022 16:10:40 PM - INFO - [in this interval] adaptiveThresholdGamma is [51.27199097404578]
04/05/2022 16:10:40 PM - INFO - [in this interval] state is [State.INCREASE]
04/05/2022 16:10:40 PM - INFO - [in this interval] now real rate is [0.41499595141700407]mbps
04/05/2022 16:10:40 PM - INFO - [in this interval] now real rtt is [4536]
04/05/2022 16:10:40 PM - INFO - [in this interval] aimd control rate is [0.5812213557849828] mbps
04/05/2022 16:10:40 PM - INFO - [in this interval] delay-rate is [0.5812213557849828] mbps
04/05/2022 16:10:40 PM - INFO - average delay [2063.0]
04/05/2022 16:10:40 PM - INFO - average delay [2064.6666666666665]
04/05/2022 16:10:40 PM - INFO - average delay [2053.75]
04/05/2022 16:10:40 PM - INFO - average delay [2061.3333333333335]
04/05/2022 16:10:40 PM - INFO - nowTs is [135276], lastTs is [135040]
04/05/2022 16:10:40 PM - INFO - [in this interval] loss-ratio is [0.42857142857142855]
04/05/2022 16:10:40 PM - INFO - [in this interval] group num is [12]
04/05/2022 16:10:40 PM - INFO - [in this interval] delayDelta from group is [[-4, -8, 0, -10, 3, 15, 4, -22, -5, -23, 14]]
04/05/2022 16:10:40 PM - INFO - sample List of accDelay : [[-3299.7665421338374, -3295.7898879204536, -3288.910899128408, -3279.519809215567, -3268.16782829401, -3254.6510454646095, -3242.7859409181488, -3230.407346826334, -3219.466612143701, -3210.0199509293307, -3202.3179558363972, -3195.3861602527577, -3190.1475442274823, -3185.1327898047343, -3179.119510824261, -3173.3075597418347, -3170.2768037676515, -3168.049123390886, -3168.3442110517976, -3167.2097899466175]]
04/05/2022 16:10:40 PM - INFO - sample List of time: [[134370, 134418, 134440, 134483, 134573, 134617, 134660, 134682, 134724, 134789, 134810, 134822, 134842, 134867, 134880, 134905, 134929, 134942, 134967, 134979]]
04/05/2022 16:10:40 PM - INFO - update trend: [0.24046585725095554]
04/05/2022 16:10:40 PM - INFO - estimateQueueDelayDuration [57.71180574022933] = queueDelayDelta [0.9618634290038222] * numCount[1001]
04/05/2022 16:10:40 PM - INFO - [in this interval] signal is [Signal.NORMAL]
04/05/2022 16:10:40 PM - INFO - [in this interval] adaptiveThresholdGamma is [57.71180574022933]
04/05/2022 16:10:40 PM - INFO - [in this interval] state is [State.INCREASE]
04/05/2022 16:10:40 PM - INFO - [in this interval] now real rate is [0.4250967741935484]mbps
04/05/2022 16:10:40 PM - INFO - [in this interval] now real rtt is [4468]
04/05/2022 16:10:40 PM - INFO - [in this interval] aimd control rate is [0.5844503633171216] mbps
04/05/2022 16:10:40 PM - INFO - [in this interval] delay-rate is [0.5844503633171216] mbps
04/05/2022 16:10:40 PM - INFO - average delay [2032.3333333333335]
04/05/2022 16:10:40 PM - INFO - average delay [2004.0]
04/05/2022 16:10:40 PM - INFO - average delay [1998.0]
04/05/2022 16:10:40 PM - INFO - average delay [2026.0]
04/05/2022 16:10:40 PM - INFO - nowTs is [135526], lastTs is [135276]
04/05/2022 16:10:40 PM - INFO - [in this interval] loss-ratio is [0.46153846153846156]
04/05/2022 16:10:40 PM - INFO - [in this interval] group num is [5]
04/05/2022 16:10:40 PM - INFO - [in this interval] delayDelta from group is [[-8, 28, -4, 30]]
04/05/2022 16:10:40 PM - INFO - sample List of accDelay : [[-3268.16782829401, -3254.6510454646095, -3242.7859409181488, -3230.407346826334, -3219.466612143701, -3210.0199509293307, -3202.3179558363972, -3195.3861602527577, -3190.1475442274823, -3185.1327898047343, -3179.119510824261, -3173.3075597418347, -3170.2768037676515, -3168.049123390886, -3168.3442110517976, -3167.2097899466175, -3166.9888109519557, -3163.9899298567598, -3161.690936871084, -3156.6218431839757]]
04/05/2022 16:10:40 PM - INFO - sample List of time: [[134573, 134617, 134660, 134682, 134724, 134789, 134810, 134822, 134842, 134867, 134880, 134905, 134929, 134942, 134967, 134979, 135042, 135079, 135152, 135183]]
04/05/2022 16:10:40 PM - INFO - update trend: [0.1845653495948643]
04/05/2022 16:10:40 PM - INFO - estimateQueueDelayDuration [44.29568390276743] = queueDelayDelta [0.7382613983794571] * numCount[1001]
04/05/2022 16:10:40 PM - INFO - [in this interval] signal is [Signal.NORMAL]
04/05/2022 16:10:40 PM - INFO - [in this interval] adaptiveThresholdGamma is [57.47031554715502]
04/05/2022 16:10:40 PM - INFO - [in this interval] state is [State.INCREASE]
04/05/2022 16:10:40 PM - INFO - [in this interval] now real rate is [0.3989794238683128]mbps
04/05/2022 16:10:40 PM - INFO - [in this interval] now real rtt is [4508]
04/05/2022 16:10:40 PM - INFO - [in this interval] aimd control rate is [0.5876973097799946] mbps
04/05/2022 16:10:40 PM - INFO - [in this interval] delay-rate is [0.5876973097799946] mbps
04/05/2022 16:10:40 PM - INFO - average delay [2038.0]
04/05/2022 16:10:40 PM - INFO - average delay [2057.0]
04/05/2022 16:10:40 PM - INFO - average delay [2058.3333333333335]
04/05/2022 16:10:40 PM - INFO - average delay [2025.0]
04/05/2022 16:10:40 PM - INFO - nowTs is [135756], lastTs is [135526]
04/05/2022 16:10:40 PM - INFO - [in this interval] loss-ratio is [0.0]
04/05/2022 16:10:40 PM - INFO - [in this interval] group num is [10]
04/05/2022 16:10:40 PM - INFO - [in this interval] delayDelta from group is [[18, 4, -11, -13, -8, -13, -13, -8, -15]]
04/05/2022 16:10:40 PM - INFO - sample List of accDelay : [[-3185.1327898047343, -3179.119510824261, -3173.3075597418347, -3170.2768037676515, -3168.049123390886, -3168.3442110517976, -3167.2097899466175, -3166.9888109519557, -3163.9899298567598, -3161.690936871084, -3156.6218431839757, -3150.259658865578, -3144.1336929790205, -3139.7203236811183, -3137.0482913130063, -3135.443462181706, -3135.2991159635353, -3136.4692043671816, -3138.3222839304635, -3141.4900555374174]]
04/05/2022 16:10:40 PM - INFO - sample List of time: [[134867, 134880, 134905, 134929, 134942, 134967, 134979, 135042, 135079, 135152, 135183, 135277, 135305, 135329, 135353, 135375, 135397, 135419, 135441, 135463]]
04/05/2022 16:10:40 PM - INFO - update trend: [0.07459848320666498]
04/05/2022 16:10:40 PM - INFO - estimateQueueDelayDuration [17.903635969599595] = queueDelayDelta [0.29839393282665994] * numCount[1000]
04/05/2022 16:10:40 PM - INFO - [in this interval] signal is [Signal.NORMAL]
04/05/2022 16:10:40 PM - INFO - [in this interval] adaptiveThresholdGamma is [56.75811531475902]
04/05/2022 16:10:40 PM - INFO - [in this interval] state is [State.INCREASE]
04/05/2022 16:10:40 PM - INFO - [in this interval] now real rate is [0.3606166666666667]mbps
04/05/2022 16:10:40 PM - INFO - [in this interval] now real rtt is [4378]
04/05/2022 16:10:40 PM - INFO - [in this interval] aimd control rate is [0.5909622948343279] mbps
04/05/2022 16:10:40 PM - INFO - [in this interval] delay-rate is [0.5909622948343279] mbps
04/05/2022 16:10:40 PM - INFO - average delay [2001.6666666666665]
04/05/2022 16:10:40 PM - INFO - average delay [1965.3333333333335]
04/05/2022 16:10:40 PM - INFO - average delay [1935.6666666666665]
04/05/2022 16:10:40 PM - INFO - average delay [1917.0]
04/05/2022 16:10:40 PM - INFO - nowTs is [136000], lastTs is [135756]
04/05/2022 16:10:40 PM - INFO - [in this interval] loss-ratio is [0.0]
04/05/2022 16:10:40 PM - INFO - [in this interval] group num is [11]
04/05/2022 16:10:40 PM - INFO - [in this interval] delayDelta from group is [[-8, -13, -11, -6, -10, -10, -10, 10, -5, 11]]
04/05/2022 16:10:40 PM - INFO - sample List of accDelay : [[-3156.6218431839757, -3150.259658865578, -3144.1336929790205, -3139.7203236811183, -3137.0482913130063, -3135.443462181706, -3135.2991159635353, -3136.4692043671816, -3138.3222839304635, -3141.4900555374174, -3145.1410499836757, -3149.726944985308, -3154.954250486777, -3160.258825438099, -3166.0329428942887, -3172.22964860486, -3178.806683744374, -3183.7260153699362, -3188.6534138329425, -3191.9880724496484]]
04/05/2022 16:10:40 PM - INFO - sample List of time: [[135183, 135277, 135305, 135329, 135353, 135375, 135397, 135419, 135441, 135463, 135504, 135526, 135548, 135572, 135596, 135621, 135646, 135666, 135686, 135706]]
04/05/2022 16:10:40 PM - INFO - update trend: [-0.09588663358990368]
04/05/2022 16:10:40 PM - INFO - estimateQueueDelayDuration [-23.01279206157688] = queueDelayDelta [-0.3835465343596147] * numCount[1000]
04/05/2022 16:10:40 PM - INFO - [in this interval] signal is [Signal.NORMAL]
04/05/2022 16:10:40 PM - INFO - [in this interval] adaptiveThresholdGamma is [56.15069949620174]
04/05/2022 16:10:40 PM - INFO - [in this interval] state is [State.INCREASE]
04/05/2022 16:10:40 PM - INFO - [in this interval] now real rate is [0.4410464135021097]mbps
04/05/2022 16:10:40 PM - INFO - [in this interval] now real rtt is [4246]
04/05/2022 16:10:40 PM - INFO - [in this interval] aimd control rate is [0.5942454186945186] mbps
04/05/2022 16:10:40 PM - INFO - [in this interval] delay-rate is [0.5942454186945186] mbps
04/05/2022 16:10:40 PM - INFO - average delay [1917.3333333333335]
04/05/2022 16:10:40 PM - INFO - average delay [1922.0]
04/05/2022 16:10:40 PM - INFO - average delay [1908.6666666666665]
04/05/2022 16:10:40 PM - INFO - average delay [1927.5]
04/05/2022 16:10:40 PM - INFO - nowTs is [136236], lastTs is [136000]
04/05/2022 16:10:40 PM - INFO - [in this interval] loss-ratio is [0.0]
04/05/2022 16:10:40 PM - INFO - [in this interval] group num is [8]
04/05/2022 16:10:40 PM - INFO - [in this interval] delayDelta from group is [[1, 10, -15, -15, 43, 23, 24]]
04/05/2022 16:10:40 PM - INFO - sample List of accDelay : [[-3136.4692043671816, -3138.3222839304635, -3141.4900555374174, -3145.1410499836757, -3149.726944985308, -3154.954250486777, -3160.258825438099, -3166.0329428942887, -3172.22964860486, -3178.806683744374, -3183.7260153699362, -3188.6534138329425, -3191.9880724496484, -3194.8892652046834, -3196.500338684215, -3199.4503048157935, -3203.6052743342143, -3203.044746900793, -3200.240272210714, -3195.3162449896427]]
04/05/2022 16:10:40 PM - INFO - sample List of time: [[135419, 135441, 135463, 135504, 135526, 135548, 135572, 135596, 135621, 135646, 135666, 135686, 135706, 135747, 135768, 135788, 135808, 135828, 135896, 135929]]
04/05/2022 16:10:40 PM - INFO - update trend: [-0.1509469638873479]
04/05/2022 16:10:40 PM - INFO - estimateQueueDelayDuration [-36.2272713329635] = queueDelayDelta [-0.6037878555493916] * numCount[1001]
04/05/2022 16:10:40 PM - INFO - [in this interval] signal is [Signal.NORMAL]
04/05/2022 16:10:40 PM - INFO - [in this interval] adaptiveThresholdGamma is [55.79207778926345]
04/05/2022 16:10:40 PM - INFO - [in this interval] state is [State.INCREASE]
04/05/2022 16:10:40 PM - INFO - [in this interval] now real rate is [0.447232]mbps
04/05/2022 16:10:40 PM - INFO - [in this interval] now real rtt is [4378]
04/05/2022 16:10:40 PM - INFO - [in this interval] aimd control rate is [0.5975467821317104] mbps
04/05/2022 16:10:40 PM - INFO - [in this interval] delay-rate is [0.5975467821317104] mbps
04/05/2022 16:10:40 PM - INFO - average delay [1977.0]
04/05/2022 16:10:40 PM - INFO - average delay [2001.5]
04/05/2022 16:10:40 PM - INFO - average delay [2009.25]
04/05/2022 16:10:40 PM - INFO - average delay [2023.8000000000002]
04/05/2022 16:10:40 PM - INFO - nowTs is [136493], lastTs is [136236]
04/05/2022 16:10:40 PM - INFO - [in this interval] loss-ratio is [0.0]
04/05/2022 16:10:40 PM - INFO - [in this interval] group num is [9]
04/05/2022 16:10:40 PM - INFO - [in this interval] delayDelta from group is [[12, -5, 4, 8, 11, 13, 10, 21]]
04/05/2022 16:10:40 PM - INFO - sample List of accDelay : [[-3172.22964860486, -3178.806683744374, -3183.7260153699362, -3188.6534138329425, -3191.9880724496484, -3194.8892652046834, -3196.500338684215, -3199.4503048157935, -3203.6052743342143, -3203.044746900793, -3200.240272210714, -3195.3162449896427, -3189.6846204906788, -3185.116158441611, -3180.60454259745, -3175.744088337705, -3170.269679503934, -3164.0427115535404, -3157.4384403981867, -3149.394596358368]]
04/05/2022 16:10:40 PM - INFO - sample List of time: [[135621, 135646, 135666, 135686, 135706, 135747, 135768, 135788, 135808, 135828, 135896, 135929, 135996, 136048, 136068, 136087, 136105, 136126, 136164, 136184]]
04/05/2022 16:10:40 PM - INFO - update trend: [0.045819184355949005]
04/05/2022 16:10:40 PM - INFO - estimateQueueDelayDuration [10.996604245427761] = queueDelayDelta [0.18327673742379602] * numCount[1001]
04/05/2022 16:10:40 PM - INFO - [in this interval] signal is [Signal.NORMAL]
04/05/2022 16:10:40 PM - INFO - [in this interval] adaptiveThresholdGamma is [54.98575926547441]
04/05/2022 16:10:40 PM - INFO - [in this interval] state is [State.INCREASE]
04/05/2022 16:10:40 PM - INFO - [in this interval] now real rate is [0.49085598377281947]mbps
04/05/2022 16:10:40 PM - INFO - [in this interval] now real rtt is [4552]
04/05/2022 16:10:40 PM - INFO - [in this interval] aimd control rate is [0.6008664864768866] mbps
04/05/2022 16:10:40 PM - INFO - [in this interval] delay-rate is [0.6008664864768866] mbps
04/05/2022 16:10:40 PM - INFO - average delay [2060.0]
04/05/2022 16:10:40 PM - INFO - average delay [2054.6666666666665]
04/05/2022 16:10:40 PM - INFO - average delay [1995.1428571428573]
04/05/2022 16:10:40 PM - INFO - average delay [1956.0]
04/05/2022 16:10:40 PM - INFO - nowTs is [136704], lastTs is [136493]
04/05/2022 16:10:40 PM - INFO - [in this interval] loss-ratio is [0.10526315789473684]
04/05/2022 16:10:40 PM - INFO - [in this interval] group num is [12]
04/05/2022 16:10:40 PM - INFO - [in this interval] delayDelta from group is [[-17, -18, -12, -16, -16, -11, -15, -16, -13, -18, -18]]
04/05/2022 16:10:40 PM - INFO - sample List of accDelay : [[-3195.3162449896427, -3189.6846204906788, -3185.116158441611, -3180.60454259745, -3175.744088337705, -3170.269679503934, -3164.0427115535404, -3157.4384403981867, -3149.394596358368, -3143.8551367225314, -3140.669623050278, -3139.0026607452505, -3139.1023946707255, -3140.792155203653, -3143.4129396832873, -3147.2716457149586, -3152.344481143463, -3158.2100330291164, -3165.2890297262047, -3173.460126753584]]
04/05/2022 16:10:40 PM - INFO - sample List of time: [[135929, 135996, 136048, 136068, 136087, 136105, 136126, 136164, 136184, 136231, 136249, 136266, 136284, 136303, 136322, 136341, 136361, 136380, 136397, 136414]]
04/05/2022 16:10:40 PM - INFO - update trend: [0.08618348361194487]
04/05/2022 16:10:40 PM - INFO - estimateQueueDelayDuration [20.68403606686677] = queueDelayDelta [0.3447339344477795] * numCount[1000]
04/05/2022 16:10:40 PM - INFO - [in this interval] signal is [Signal.NORMAL]
04/05/2022 16:10:40 PM - INFO - [in this interval] adaptiveThresholdGamma is [54.36832824789947]
04/05/2022 16:10:40 PM - INFO - [in this interval] state is [State.INCREASE]
04/05/2022 16:10:40 PM - INFO - [in this interval] now real rate is [0.5919145299145299]mbps
04/05/2022 16:10:40 PM - INFO - [in this interval] now real rtt is [4204]
04/05/2022 16:10:40 PM - INFO - [in this interval] aimd control rate is [0.6042046336239804] mbps
04/05/2022 16:10:40 PM - INFO - [in this interval] delay-rate is [0.6042046336239804] mbps
04/05/2022 16:10:40 PM - INFO - average delay [1927.75]
04/05/2022 16:10:40 PM - INFO - average delay [1918.5]
04/05/2022 16:10:40 PM - INFO - average delay [1924.5]
04/05/2022 16:10:40 PM - INFO - nowTs is [136909], lastTs is [136704]
04/05/2022 16:10:40 PM - INFO - [in this interval] loss-ratio is [0.0]
04/05/2022 16:10:40 PM - INFO - [in this interval] group num is [5]
04/05/2022 16:10:40 PM - INFO - [in this interval] delayDelta from group is [[7, 5, 10, 5]]
04/05/2022 16:10:40 PM - INFO - sample List of accDelay : [[-3175.744088337705, -3170.269679503934, -3164.0427115535404, -3157.4384403981867, -3149.394596358368, -3143.8551367225314, -3140.669623050278, -3139.0026607452505, -3139.1023946707255, -3140.792155203653, -3143.4129396832873, -3147.2716457149586, -3152.344481143463, -3158.2100330291164, -3165.2890297262047, -3173.460126753584, -3180.1141140782256, -3185.6027026704032, -3189.542432403363, -3192.5881891630265]]
04/05/2022 16:10:40 PM - INFO - sample List of time: [[136087, 136105, 136126, 136164, 136184, 136231, 136249, 136266, 136284, 136303, 136322, 136341, 136361, 136380, 136397, 136414, 136474, 136516, 136556, 136596]]
04/05/2022 16:10:40 PM - INFO - update trend: [-0.061171157091604776]
04/05/2022 16:10:40 PM - INFO - estimateQueueDelayDuration [-14.681077701985146] = queueDelayDelta [-0.2446846283664191] * numCount[1000]
04/05/2022 16:10:40 PM - INFO - [in this interval] signal is [Signal.NORMAL]
04/05/2022 16:10:40 PM - INFO - [in this interval] adaptiveThresholdGamma is [53.65395773807301]
04/05/2022 16:10:40 PM - INFO - [in this interval] state is [State.INCREASE]
04/05/2022 16:10:40 PM - INFO - [in this interval] now real rate is [0.4854093686354379]mbps
04/05/2022 16:10:40 PM - INFO - [in this interval] now real rtt is [4284]
04/05/2022 16:10:40 PM - INFO - [in this interval] aimd control rate is [0.6075613260330025] mbps
04/05/2022 16:10:40 PM - INFO - [in this interval] delay-rate is [0.6075613260330025] mbps
04/05/2022 16:10:40 PM - INFO - average delay [1939.5]
04/05/2022 16:10:40 PM - INFO - average delay [1908.6666666666665]
04/05/2022 16:10:40 PM - INFO - average delay [1852.5]
04/05/2022 16:10:40 PM - INFO - average delay [1809.4]
04/05/2022 16:10:40 PM - INFO - nowTs is [137146], lastTs is [136909]
04/05/2022 16:10:40 PM - INFO - [in this interval] loss-ratio is [0.058823529411764705]
04/05/2022 16:10:40 PM - INFO - [in this interval] group num is [12]
04/05/2022 16:10:40 PM - INFO - [in this interval] delayDelta from group is [[-14, -18, -17, -13, -17, -17, -11, -5, -6, 5, 3]]
04/05/2022 16:10:40 PM - INFO - sample List of accDelay : [[-3147.2716457149586, -3152.344481143463, -3158.2100330291164, -3165.2890297262047, -3173.460126753584, -3180.1141140782256, -3185.6027026704032, -3189.542432403363, -3192.5881891630265, -3196.729370246724, -3202.256433222052, -3208.930789899847, -3216.237710909862, -3224.5139398188758, -3233.662545836988, -3242.996291253289, -3251.89666212796, -3260.5069959151638, -3267.7562963236473, -3273.9806666912827]]
04/05/2022 16:10:40 PM - INFO - sample List of time: [[136341, 136361, 136380, 136397, 136414, 136474, 136516, 136556, 136596, 136653, 136669, 136686, 136704, 136721, 136739, 136757, 136776, 136816, 136835, 136860]]
04/05/2022 16:10:40 PM - INFO - update trend: [-0.22174892005017055]
04/05/2022 16:10:40 PM - INFO - estimateQueueDelayDuration [-53.21974081204093] = queueDelayDelta [-0.8869956802006822] * numCount[1001]
04/05/2022 16:10:40 PM - INFO - [in this interval] signal is [Signal.NORMAL]
04/05/2022 16:10:40 PM - INFO - [in this interval] adaptiveThresholdGamma is [53.646141833404435]
04/05/2022 16:10:40 PM - INFO - [in this interval] state is [State.INCREASE]
04/05/2022 16:10:40 PM - INFO - [in this interval] now real rate is [0.49028803245436103]mbps
04/05/2022 16:10:40 PM - INFO - [in this interval] now real rtt is [4028]
04/05/2022 16:10:40 PM - INFO - [in this interval] aimd control rate is [0.6109366667331858] mbps
04/05/2022 16:10:40 PM - INFO - [in this interval] delay-rate is [0.6109366667331858] mbps
04/05/2022 16:10:40 PM - INFO - average delay [1808.1666666666667]
04/05/2022 16:10:40 PM - INFO - average delay [1766.5555555555557]
04/05/2022 16:10:40 PM - INFO - average delay [1722.111111111111]
04/05/2022 16:10:40 PM - INFO - average delay [1647.75]
04/05/2022 16:10:40 PM - INFO - nowTs is [137397], lastTs is [137146]
04/05/2022 16:10:40 PM - INFO - [in this interval] loss-ratio is [0.08571428571428572]
04/05/2022 16:10:40 PM - INFO - [in this interval] group num is [16]
04/05/2022 16:10:40 PM - INFO - [in this interval] delayDelta from group is [[-13, -1, -32, -14, 0, -15, -20, -23, -20, -20, -4, -21, -17, -18, -13]]
04/05/2022 16:10:40 PM - INFO - sample List of accDelay : [[-3242.996291253289, -3251.89666212796, -3260.5069959151638, -3267.7562963236473, -3273.9806666912827, -3280.8826000221543, -3287.194340019939, -3296.074906017945, -3305.4674154161507, -3313.9206738745356, -3323.028606487082, -3333.2257458383738, -3344.7031712545363, -3357.0328541290824, -3370.1295687161737, -3382.316611844556, -3395.3849506601005, -3408.8464555940905, -3422.7618100346813, -3436.585629031213]]
04/05/2022 16:10:40 PM - INFO - sample List of time: [[136757, 136776, 136816, 136835, 136860, 136885, 136897, 136911, 136929, 136950, 136965, 136980, 136995, 137002, 137017, 137032, 137053, 137072, 137090, 137107]]
04/05/2022 16:10:40 PM - INFO - update trend: [-0.5640718485091873]
04/05/2022 16:10:40 PM - INFO - estimateQueueDelayDuration [-135.37724364220497] = queueDelayDelta [-2.2562873940367494] * numCount[1000]
04/05/2022 16:10:40 PM - INFO - [in this interval] signal is [Signal.UNDER_USE]
04/05/2022 16:10:40 PM - INFO - [in this interval] adaptiveThresholdGamma is [53.646141833404435]
04/05/2022 16:10:40 PM - INFO - [in this interval] state is [State.HOLD]
04/05/2022 16:10:40 PM - INFO - [in this interval] now real rate is [0.7687377049180328]mbps
04/05/2022 16:10:40 PM - INFO - [in this interval] now real rtt is [3520]
04/05/2022 16:10:40 PM - INFO - [in this interval] aimd control rate is [0.6109366667331858] mbps
04/05/2022 16:10:40 PM - INFO - [in this interval] delay-rate is [0.6109366667331858] mbps
04/05/2022 16:10:40 PM - INFO - average delay [1577.7142857142858]
04/05/2022 16:10:40 PM - INFO - average delay [1525.1666666666667]
04/05/2022 16:10:40 PM - INFO - average delay [1509.2]
04/05/2022 16:10:40 PM - INFO - average delay [1479.2]
04/05/2022 16:10:40 PM - INFO - nowTs is [137623], lastTs is [137397]
04/05/2022 16:10:40 PM - INFO - [in this interval] loss-ratio is [0.1]
04/05/2022 16:10:40 PM - INFO - [in this interval] group num is [14]
04/05/2022 16:10:40 PM - INFO - [in this interval] delayDelta from group is [[-18, -12, -6, 5, 4, -11, -2, -21, -21, -16, -21, -22, -11]]
04/05/2022 16:10:40 PM - INFO - sample List of accDelay : [[-3357.0328541290824, -3370.1295687161737, -3382.316611844556, -3395.3849506601005, -3408.8464555940905, -3422.7618100346813, -3436.585629031213, -3450.827066128092, -3464.844359515283, -3478.0599235637546, -3489.453931207379, -3499.308538086641, -3509.277684277977, -3518.4499158501794, -3528.8049242651614, -3540.224431838645, -3552.1019886547806, -3564.8917897893025, -3578.602610810372, -3592.0423497293345]]
04/05/2022 16:10:40 PM - INFO - sample List of time: [[137002, 137017, 137032, 137053, 137072, 137090, 137107, 137142, 137159, 137177, 137206, 137221, 137235, 137249, 137262, 137276, 137290, 137304, 137318, 137331]]
04/05/2022 16:10:40 PM - INFO - update trend: [-0.669679608633149]
04/05/2022 16:10:40 PM - INFO - estimateQueueDelayDuration [-160.72310607195575] = queueDelayDelta [-2.678718434532596] * numCount[1001]
04/05/2022 16:10:40 PM - INFO - [in this interval] signal is [Signal.UNDER_USE]
04/05/2022 16:10:40 PM - INFO - [in this interval] adaptiveThresholdGamma is [53.646141833404435]
04/05/2022 16:10:40 PM - INFO - [in this interval] state is [State.HOLD]
04/05/2022 16:10:40 PM - INFO - [in this interval] now real rate is [0.7611591836734695]mbps
04/05/2022 16:10:40 PM - INFO - [in this interval] now real rtt is [3182]
04/05/2022 16:10:40 PM - INFO - [in this interval] aimd control rate is [0.6109366667331858] mbps
04/05/2022 16:10:40 PM - INFO - [in this interval] delay-rate is [0.6109366667331858] mbps
04/05/2022 16:10:40 PM - INFO - average delay [1415.5]
04/05/2022 16:10:40 PM - INFO - average delay [1368.2]
04/05/2022 16:10:40 PM - INFO - average delay [1363.75]
04/05/2022 16:10:40 PM - INFO - average delay [1362.75]
04/05/2022 16:10:40 PM - INFO - nowTs is [137864], lastTs is [137623]
04/05/2022 16:10:40 PM - INFO - [in this interval] loss-ratio is [0.0]
04/05/2022 16:10:40 PM - INFO - [in this interval] group num is [8]
04/05/2022 16:10:40 PM - INFO - [in this interval] delayDelta from group is [[-7, -1, -2, -3, 7, 2, -12]]
04/05/2022 16:10:40 PM - INFO - sample List of accDelay : [[-3450.827066128092, -3464.844359515283, -3478.0599235637546, -3489.453931207379, -3499.308538086641, -3509.277684277977, -3518.4499158501794, -3528.8049242651614, -3540.224431838645, -3552.1019886547806, -3564.8917897893025, -3578.602610810372, -3592.0423497293345, -3604.838114756401, -3616.454303280761, -3627.1088729526846, -3636.997985657416, -3645.1981870916743, -3652.378368382507, -3660.0405315442563]]
04/05/2022 16:10:40 PM - INFO - sample List of time: [[137142, 137159, 137177, 137206, 137221, 137235, 137249, 137262, 137276, 137290, 137304, 137318, 137331, 137377, 137405, 137434, 137467, 137499, 137536, 137573]]
04/05/2022 16:10:40 PM - INFO - update trend: [-0.5133261190005284]
04/05/2022 16:10:40 PM - INFO - estimateQueueDelayDuration [-123.1982685601268] = queueDelayDelta [-2.0533044760021135] * numCount[1000]
04/05/2022 16:10:40 PM - INFO - [in this interval] signal is [Signal.UNDER_USE]
04/05/2022 16:10:40 PM - INFO - [in this interval] adaptiveThresholdGamma is [53.646141833404435]
04/05/2022 16:10:40 PM - INFO - [in this interval] state is [State.HOLD]
04/05/2022 16:10:40 PM - INFO - [in this interval] now real rate is [0.5504584178498986]mbps
04/05/2022 16:10:40 PM - INFO - [in this interval] now real rtt is [3124]
04/05/2022 16:10:40 PM - INFO - [in this interval] aimd control rate is [0.6109366667331858] mbps
04/05/2022 16:10:40 PM - INFO - [in this interval] delay-rate is [0.6109366667331858] mbps
04/05/2022 16:10:40 PM - INFO - average delay [1367.0]
04/05/2022 16:10:40 PM - INFO - average delay [1370.25]
04/05/2022 16:10:40 PM - INFO - average delay [1360.6]
04/05/2022 16:10:40 PM - INFO - average delay [1351.8]
04/05/2022 16:10:40 PM - INFO - nowTs is [138098], lastTs is [137864]
04/05/2022 16:10:40 PM - INFO - [in this interval] loss-ratio is [0.15789473684210525]
04/05/2022 16:10:40 PM - INFO - [in this interval] group num is [9]
04/05/2022 16:10:40 PM - INFO - [in this interval] delayDelta from group is [[2, -7, -6, -2, -6, -6, 0, -14]]
04/05/2022 16:10:40 PM - INFO - sample List of accDelay : [[-3540.224431838645, -3552.1019886547806, -3564.8917897893025, -3578.602610810372, -3592.0423497293345, -3604.838114756401, -3616.454303280761, -3627.1088729526846, -3636.997985657416, -3645.1981870916743, -3652.378368382507, -3660.0405315442563, -3666.7364783898306, -3673.4628305508477, -3680.116547495763, -3686.3048927461864, -3692.4744034715677, -3698.6269631244113, -3704.1642668119703, -3710.5478401307732]]
04/05/2022 16:10:40 PM - INFO - sample List of time: [[137276, 137290, 137304, 137318, 137331, 137377, 137405, 137434, 137467, 137499, 137536, 137573, 137609, 137641, 137669, 137698, 137726, 137755, 137784, 137814]]
04/05/2022 16:10:40 PM - INFO - update trend: [-0.2862998171502364]
04/05/2022 16:10:40 PM - INFO - estimateQueueDelayDuration [-68.71195611605674] = queueDelayDelta [-1.1451992686009456] * numCount[1000]
04/05/2022 16:10:40 PM - INFO - [in this interval] signal is [Signal.UNDER_USE]
04/05/2022 16:10:40 PM - INFO - [in this interval] adaptiveThresholdGamma is [53.646141833404435]
04/05/2022 16:10:40 PM - INFO - [in this interval] state is [State.HOLD]
04/05/2022 16:10:40 PM - INFO - [in this interval] now real rate is [0.5097975708502024]mbps
04/05/2022 16:10:40 PM - INFO - [in this interval] now real rtt is [3072]
04/05/2022 16:10:40 PM - INFO - [in this interval] aimd control rate is [0.6109366667331858] mbps
04/05/2022 16:10:40 PM - INFO - [in this interval] delay-rate is [0.6109366667331858] mbps
04/05/2022 16:10:40 PM - INFO - average delay [1343.4]
04/05/2022 16:10:40 PM - INFO - average delay [1369.3333333333333]
04/05/2022 16:10:40 PM - INFO - average delay [1394.0]
04/05/2022 16:10:40 PM - INFO - average delay [1417.0]
04/05/2022 16:10:40 PM - INFO - nowTs is [138338], lastTs is [138098]
04/05/2022 16:10:40 PM - INFO - [in this interval] loss-ratio is [0.0]
04/05/2022 16:10:40 PM - INFO - [in this interval] group num is [6]
04/05/2022 16:10:40 PM - INFO - [in this interval] delayDelta from group is [[30, 15, 17, 8, 6]]
04/05/2022 16:10:40 PM - INFO - sample List of accDelay : [[-3604.838114756401, -3616.454303280761, -3627.1088729526846, -3636.997985657416, -3645.1981870916743, -3652.378368382507, -3660.0405315442563, -3666.7364783898306, -3673.4628305508477, -3680.116547495763, -3686.3048927461864, -3692.4744034715677, -3698.6269631244113, -3704.1642668119703, -3710.5478401307732, -3713.293056117696, -3714.263750505926, -3713.4373754553335, -3711.8936379098, -3709.90427411882]]
04/05/2022 16:10:40 PM - INFO - sample List of time: [[137377, 137405, 137434, 137467, 137499, 137536, 137573, 137609, 137641, 137669, 137698, 137726, 137755, 137784, 137814, 137844, 137889, 137934, 137981, 138024]]
04/05/2022 16:10:40 PM - INFO - update trend: [-0.1735855631963305]
04/05/2022 16:10:40 PM - INFO - estimateQueueDelayDuration [-41.66053516711932] = queueDelayDelta [-0.694342252785322] * numCount[1001]
04/05/2022 16:10:40 PM - INFO - [in this interval] signal is [Signal.NORMAL]
04/05/2022 16:10:40 PM - INFO - [in this interval] adaptiveThresholdGamma is [53.430400913411304]
04/05/2022 16:10:40 PM - INFO - [in this interval] state is [State.INCREASE]
04/05/2022 16:10:40 PM - INFO - [in this interval] now real rate is [0.4956585365853659]mbps
04/05/2022 16:10:40 PM - INFO - [in this interval] now real rtt is [3262]
04/05/2022 16:10:40 PM - INFO - [in this interval] aimd control rate is [0.6143307593261479] mbps
04/05/2022 16:10:40 PM - INFO - [in this interval] delay-rate is [0.6143307593261479] mbps
04/05/2022 16:10:40 PM - INFO - average delay [1424.3333333333333]
04/05/2022 16:10:40 PM - INFO - average delay [1433.25]
04/05/2022 16:10:40 PM - INFO - average delay [1438.25]
04/05/2022 16:10:40 PM - INFO - average delay [1440.6]
04/05/2022 16:10:40 PM - INFO - nowTs is [138598], lastTs is [138338]
04/05/2022 16:10:40 PM - INFO - [in this interval] loss-ratio is [0.0]
04/05/2022 16:10:40 PM - INFO - [in this interval] group num is [9]
04/05/2022 16:10:40 PM - INFO - [in this interval] delayDelta from group is [[2, 3, 8, -6, -15, -10, -15, -15]]
04/05/2022 16:10:40 PM - INFO - sample List of accDelay : [[-3673.4628305508477, -3680.116547495763, -3686.3048927461864, -3692.4744034715677, -3698.6269631244113, -3704.1642668119703, -3710.5478401307732, -3713.293056117696, -3714.263750505926, -3713.4373754553335, -3711.8936379098, -3709.90427411882, -3707.913846706938, -3705.822462036244, -3703.1402158326196, -3701.3261942493577, -3701.193574824422, -3702.07421734198, -3704.366795607782, -3707.930116047004]]
04/05/2022 16:10:40 PM - INFO - sample List of time: [[137641, 137669, 137698, 137726, 137755, 137784, 137814, 137844, 137889, 137934, 137981, 138024, 138103, 138140, 138178, 138216, 138245, 138265, 138285, 138305]]
04/05/2022 16:10:40 PM - INFO - update trend: [-0.023570810510104477]
04/05/2022 16:10:40 PM - INFO - estimateQueueDelayDuration [-5.656994522425075] = queueDelayDelta [-0.09428324204041791] * numCount[1001]
04/05/2022 16:10:40 PM - INFO - [in this interval] signal is [Signal.NORMAL]
04/05/2022 16:10:40 PM - INFO - [in this interval] adaptiveThresholdGamma is [52.57047959837355]
04/05/2022 16:10:40 PM - INFO - [in this interval] state is [State.INCREASE]
04/05/2022 16:10:40 PM - INFO - [in this interval] now real rate is [0.540176]mbps
04/05/2022 16:10:40 PM - INFO - [in this interval] now real rtt is [3182]
04/05/2022 16:10:40 PM - INFO - [in this interval] aimd control rate is [0.617743707989071] mbps
04/05/2022 16:10:40 PM - INFO - [in this interval] delay-rate is [0.617743707989071] mbps
04/05/2022 16:10:40 PM - INFO - average delay [1403.5]
04/05/2022 16:10:40 PM - INFO - average delay [1366.8]
04/05/2022 16:10:40 PM - INFO - average delay [1338.6666666666667]
04/05/2022 16:10:40 PM - INFO - average delay [1325.5]
04/05/2022 16:10:40 PM - INFO - nowTs is [138832], lastTs is [138598]
04/05/2022 16:10:40 PM - INFO - [in this interval] loss-ratio is [0.0]
04/05/2022 16:10:40 PM - INFO - [in this interval] group num is [9]
04/05/2022 16:10:40 PM - INFO - [in this interval] delayDelta from group is [[-15, -15, -9, -14, 2, 7, 3, -11]]
04/05/2022 16:10:40 PM - INFO - sample List of accDelay : [[-3714.263750505926, -3713.4373754553335, -3711.8936379098, -3709.90427411882, -3707.913846706938, -3705.822462036244, -3703.1402158326196, -3701.3261942493577, -3701.193574824422, -3702.07421734198, -3704.366795607782, -3707.930116047004, -3712.6371044423036, -3718.3733939980734, -3724.4360545982663, -3731.2924491384397, -3737.2632042245955, -3741.936883802136, -3745.8431954219222, -3750.45887587973]]
04/05/2022 16:10:40 PM - INFO - sample List of time: [[137889, 137934, 137981, 138024, 138103, 138140, 138178, 138216, 138245, 138265, 138285, 138305, 138346, 138366, 138386, 138407, 138428, 138465, 138502, 138540]]
04/05/2022 16:10:40 PM - INFO - update trend: [-0.05371365856241545]
04/05/2022 16:10:40 PM - INFO - estimateQueueDelayDuration [-12.891278054979708] = queueDelayDelta [-0.2148546342496618] * numCount[1001]
04/05/2022 16:10:40 PM - INFO - [in this interval] signal is [Signal.NORMAL]
04/05/2022 16:10:40 PM - INFO - [in this interval] adaptiveThresholdGamma is [51.85625397059246]
04/05/2022 16:10:40 PM - INFO - [in this interval] state is [State.INCREASE]
04/05/2022 16:10:40 PM - INFO - [in this interval] now real rate is [0.6719352226720647]mbps
04/05/2022 16:10:40 PM - INFO - [in this interval] now real rtt is [3060]
04/05/2022 16:10:40 PM - INFO - [in this interval] aimd control rate is [0.6211756174778991] mbps
04/05/2022 16:10:40 PM - INFO - [in this interval] delay-rate is [0.6211756174778991] mbps
04/05/2022 16:10:40 PM - INFO - average delay [1334.0]
04/05/2022 16:10:40 PM - INFO - average delay [1345.6666666666667]
04/05/2022 16:10:40 PM - INFO - average delay [1368.6666666666667]
04/05/2022 16:10:40 PM - INFO - average delay [1391.0]
04/05/2022 16:10:40 PM - INFO - nowTs is [139063], lastTs is [138832]
04/05/2022 16:10:40 PM - INFO - [in this interval] loss-ratio is [0.0]
04/05/2022 16:10:40 PM - INFO - [in this interval] group num is [7]
04/05/2022 16:10:40 PM - INFO - [in this interval] delayDelta from group is [[-2, 23, 16, 14, 36, 0]]
04/05/2022 16:10:40 PM - INFO - sample List of accDelay : [[-3703.1402158326196, -3701.3261942493577, -3701.193574824422, -3702.07421734198, -3704.366795607782, -3707.930116047004, -3712.6371044423036, -3718.3733939980734, -3724.4360545982663, -3731.2924491384397, -3737.2632042245955, -3741.936883802136, -3745.8431954219222, -3750.45887587973, -3754.812988291757, -3756.4316894625813, -3756.2885205163234, -3754.759668464691, -3749.783701618222, -3745.3053314564]]
04/05/2022 16:10:40 PM - INFO - sample List of time: [[138178, 138216, 138245, 138265, 138285, 138305, 138346, 138366, 138386, 138407, 138428, 138465, 138502, 138540, 138578, 138591, 138629, 138680, 138714, 138765]]
04/05/2022 16:10:40 PM - INFO - update trend: [-0.11352566736723961]
04/05/2022 16:10:40 PM - INFO - estimateQueueDelayDuration [-27.246160168137507] = queueDelayDelta [-0.45410266946895844] * numCount[1001]
04/05/2022 16:10:40 PM - INFO - [in this interval] signal is [Signal.NORMAL]
04/05/2022 16:10:40 PM - INFO - [in this interval] adaptiveThresholdGamma is [51.41327228214827]
04/05/2022 16:10:40 PM - INFO - [in this interval] state is [State.INCREASE]
04/05/2022 16:10:40 PM - INFO - [in this interval] now real rate is [0.6048646464646465]mbps
04/05/2022 16:10:40 PM - INFO - [in this interval] now real rtt is [3262]
04/05/2022 16:10:40 PM - INFO - [in this interval] aimd control rate is [0.624626593130554] mbps
04/05/2022 16:10:40 PM - INFO - [in this interval] delay-rate is [0.624626593130554] mbps
04/05/2022 16:10:40 PM - INFO - average delay [1424.0]
04/05/2022 16:10:40 PM - INFO - average delay [1453.3333333333333]
04/05/2022 16:10:40 PM - INFO - average delay [1461.6666666666667]
04/05/2022 16:10:40 PM - INFO - average delay [1472.6666666666667]
04/05/2022 16:10:40 PM - INFO - nowTs is [139298], lastTs is [139063]
04/05/2022 16:10:40 PM - INFO - [in this interval] loss-ratio is [0.0]
04/05/2022 16:10:40 PM - INFO - [in this interval] group num is [5]
04/05/2022 16:10:40 PM - INFO - [in this interval] delayDelta from group is [[11, 6, 11, 42]]
04/05/2022 16:10:40 PM - INFO - sample List of accDelay : [[-3704.366795607782, -3707.930116047004, -3712.6371044423036, -3718.3733939980734, -3724.4360545982663, -3731.2924491384397, -3737.2632042245955, -3741.936883802136, -3745.8431954219222, -3750.45887587973, -3754.812988291757, -3756.4316894625813, -3756.2885205163234, -3754.759668464691, -3749.783701618222, -3745.3053314564, -3740.1747983107603, -3734.957318479684, -3729.1615866317156, -3719.745427968544]]
04/05/2022 16:10:40 PM - INFO - sample List of time: [[138285, 138305, 138346, 138366, 138386, 138407, 138428, 138465, 138502, 138540, 138578, 138591, 138629, 138680, 138714, 138765, 138815, 138861, 138902, 138943]]
04/05/2022 16:10:40 PM - INFO - update trend: [-0.032545713822949615]
04/05/2022 16:10:40 PM - INFO - estimateQueueDelayDuration [-7.810971317507907] = queueDelayDelta [-0.13018285529179846] * numCount[1001]
04/05/2022 16:10:40 PM - INFO - [in this interval] signal is [Signal.NORMAL]
04/05/2022 16:10:40 PM - INFO - [in this interval] adaptiveThresholdGamma is [50.62843086478475]
04/05/2022 16:10:40 PM - INFO - [in this interval] state is [State.INCREASE]
04/05/2022 16:10:40 PM - INFO - [in this interval] now real rate is [0.4938226804123711]mbps
04/05/2022 16:10:40 PM - INFO - [in this interval] now real rtt is [3442]
04/05/2022 16:10:40 PM - INFO - [in this interval] aimd control rate is [0.6280967408701683] mbps
04/05/2022 16:10:40 PM - INFO - [in this interval] delay-rate is [0.6280967408701683] mbps
04/05/2022 16:10:40 PM - INFO - average delay [1505.3333333333333]
04/05/2022 16:10:40 PM - INFO - average delay [1525.3333333333333]
04/05/2022 16:10:40 PM - INFO - average delay [1546.3333333333333]
04/05/2022 16:10:40 PM - INFO - average delay [1558.3333333333333]
04/05/2022 16:10:40 PM - INFO - average delay [1568.6666666666667]
04/05/2022 16:10:40 PM - INFO - nowTs is [139597], lastTs is [139298]
04/05/2022 16:10:40 PM - INFO - [in this interval] loss-ratio is [0.0]
04/05/2022 16:10:40 PM - INFO - [in this interval] group num is [6]
04/05/2022 16:10:40 PM - INFO - [in this interval] delayDelta from group is [[14, 9, 10, 14, 46]]
04/05/2022 16:10:40 PM - INFO - sample List of accDelay : [[-3731.2924491384397, -3737.2632042245955, -3741.936883802136, -3745.8431954219222, -3750.45887587973, -3754.812988291757, -3756.4316894625813, -3756.2885205163234, -3754.759668464691, -3749.783701618222, -3745.3053314564, -3740.1747983107603, -3734.957318479684, -3729.1615866317156, -3719.745427968544, -3709.8708851716897, -3700.0837966545205, -3690.275416989068, -3680.0478752901613, -3666.243087761145]]
04/05/2022 16:10:40 PM - INFO - sample List of time: [[138407, 138428, 138465, 138502, 138540, 138578, 138591, 138629, 138680, 138714, 138765, 138815, 138861, 138902, 138943, 139066, 139110, 139154, 139199, 139243]]
04/05/2022 16:10:40 PM - INFO - update trend: [0.08405057455862303]
04/05/2022 16:10:40 PM - INFO - estimateQueueDelayDuration [20.172137894069525] = queueDelayDelta [0.3362022982344921] * numCount[1000]
04/05/2022 16:10:40 PM - INFO - [in this interval] signal is [Signal.NORMAL]
04/05/2022 16:10:40 PM - INFO - [in this interval] adaptiveThresholdGamma is [50.08021759131187]
04/05/2022 16:10:40 PM - INFO - [in this interval] state is [State.INCREASE]
04/05/2022 16:10:40 PM - INFO - [in this interval] now real rate is [0.47797929606625256]mbps
04/05/2022 16:10:40 PM - INFO - [in this interval] now real rtt is [3650]
04/05/2022 16:10:40 PM - INFO - [in this interval] aimd control rate is [0.6315861672083359] mbps
04/05/2022 16:10:40 PM - INFO - [in this interval] delay-rate is [0.6315861672083359] mbps
04/05/2022 16:10:40 PM - INFO - average delay [1607.0]
04/05/2022 16:10:40 PM - INFO - average delay [1635.0]
04/05/2022 16:10:40 PM - INFO - average delay [1678.5]
04/05/2022 16:10:40 PM - INFO - nowTs is [139797], lastTs is [139597]
04/05/2022 16:10:40 PM - INFO - [in this interval] loss-ratio is [0.0]
04/05/2022 16:10:40 PM - INFO - [in this interval] group num is [3]
04/05/2022 16:10:40 PM - INFO - [in this interval] delayDelta from group is [[36, 18]]
04/05/2022 16:10:40 PM - INFO - sample List of accDelay : [[-3741.936883802136, -3745.8431954219222, -3750.45887587973, -3754.812988291757, -3756.4316894625813, -3756.2885205163234, -3754.759668464691, -3749.783701618222, -3745.3053314564, -3740.1747983107603, -3734.957318479684, -3729.1615866317156, -3719.745427968544, -3709.8708851716897, -3700.0837966545205, -3690.275416989068, -3680.0478752901613, -3666.243087761145, -3650.2187789850304, -3633.996901086527]]
04/05/2022 16:10:40 PM - INFO - sample List of time: [[138465, 138502, 138540, 138578, 138591, 138629, 138680, 138714, 138765, 138815, 138861, 138902, 138943, 139066, 139110, 139154, 139199, 139243, 139405, 139471]]
04/05/2022 16:10:40 PM - INFO - update trend: [0.11799815095161695]
04/05/2022 16:10:40 PM - INFO - estimateQueueDelayDuration [28.319556228388066] = queueDelayDelta [0.4719926038064678] * numCount[1000]
04/05/2022 16:10:40 PM - INFO - [in this interval] signal is [Signal.NORMAL]
04/05/2022 16:10:40 PM - INFO - [in this interval] adaptiveThresholdGamma is [49.68852568677924]
04/05/2022 16:10:40 PM - INFO - [in this interval] state is [State.INCREASE]
04/05/2022 16:10:40 PM - INFO - [in this interval] now real rate is [0.3946132264529058]mbps
04/05/2022 16:10:40 PM - INFO - [in this interval] now real rtt is [3850]
04/05/2022 16:10:40 PM - INFO - [in this interval] aimd control rate is [0.6350949792483823] mbps
04/05/2022 16:10:40 PM - INFO - [in this interval] delay-rate is [0.6350949792483823] mbps
04/05/2022 16:10:40 PM - INFO - average delay [1712.0]
04/05/2022 16:10:40 PM - INFO - average delay [1732.5]
04/05/2022 16:10:40 PM - INFO - average delay [1751.6666666666667]
04/05/2022 16:10:40 PM - INFO - average delay [1763.0]
04/05/2022 16:10:40 PM - INFO - nowTs is [140018], lastTs is [139797]
04/05/2022 16:10:40 PM - INFO - [in this interval] loss-ratio is [0.16666666666666666]
04/05/2022 16:10:40 PM - INFO - [in this interval] group num is [6]
04/05/2022 16:10:40 PM - INFO - [in this interval] delayDelta from group is [[24, 3, -11, -11, -2]]
04/05/2022 16:10:40 PM - INFO - sample List of accDelay : [[-3756.2885205163234, -3754.759668464691, -3749.783701618222, -3745.3053314564, -3740.1747983107603, -3734.957318479684, -3729.1615866317156, -3719.745427968544, -3709.8708851716897, -3700.0837966545205, -3690.275416989068, -3680.0478752901613, -3666.243087761145, -3650.2187789850304, -3633.996901086527, -3616.9972109778746, -3601.397489880087, -3588.457740892078, -3577.91196680287, -3568.620770122583]]
04/05/2022 16:10:40 PM - INFO - sample List of time: [[138629, 138680, 138714, 138765, 138815, 138861, 138902, 138943, 139066, 139110, 139154, 139199, 139243, 139405, 139471, 139577, 139631, 139669, 139688, 139707]]
04/05/2022 16:10:40 PM - INFO - update trend: [0.17053625274917567]
04/05/2022 16:10:40 PM - INFO - estimateQueueDelayDuration [40.92870065980216] = queueDelayDelta [0.6821450109967027] * numCount[1001]
04/05/2022 16:10:40 PM - INFO - [in this interval] signal is [Signal.NORMAL]
04/05/2022 16:10:40 PM - INFO - [in this interval] adaptiveThresholdGamma is [49.53084883629366]
04/05/2022 16:10:40 PM - INFO - [in this interval] state is [State.INCREASE]
04/05/2022 16:10:40 PM - INFO - [in this interval] now real rate is [0.41040692640692644]mbps
04/05/2022 16:10:40 PM - INFO - [in this interval] now real rtt is [3892]
04/05/2022 16:10:40 PM - INFO - [in this interval] aimd control rate is [0.6386232846886511] mbps
04/05/2022 16:10:40 PM - INFO - [in this interval] delay-rate is [0.6386232846886511] mbps
04/05/2022 16:10:40 PM - INFO - average delay [1746.25]
04/05/2022 16:10:40 PM - INFO - average delay [1723.5]
04/05/2022 16:10:40 PM - INFO - average delay [1710.0]
04/05/2022 16:10:40 PM - INFO - average delay [1670.8]
04/05/2022 16:10:40 PM - INFO - nowTs is [140272], lastTs is [140018]
04/05/2022 16:10:40 PM - INFO - [in this interval] loss-ratio is [0.23809523809523808]
04/05/2022 16:10:40 PM - INFO - [in this interval] group num is [11]
04/05/2022 16:10:40 PM - INFO - [in this interval] delayDelta from group is [[-11, -1, -11, -7, -16, -11, -11, -11, -6, -11]]
04/05/2022 16:10:40 PM - INFO - sample List of accDelay : [[-3690.275416989068, -3680.0478752901613, -3666.243087761145, -3650.2187789850304, -3633.996901086527, -3616.9972109778746, -3601.397489880087, -3588.457740892078, -3577.91196680287, -3568.620770122583, -3561.3586931103246, -3554.922823799292, -3550.2305414193625, -3546.7074872774265, -3545.1367385496837, -3544.8230646947154, -3545.6407582252436, -3547.4766824027192, -3549.7290141624476, -3552.8561127462026]]
04/05/2022 16:10:40 PM - INFO - sample List of time: [[139154, 139199, 139243, 139405, 139471, 139577, 139631, 139669, 139688, 139707, 139765, 139784, 139823, 139842, 139870, 139884, 139913, 139927, 139956, 139985]]
04/05/2022 16:10:40 PM - INFO - update trend: [0.1899533821088841]
04/05/2022 16:10:40 PM - INFO - estimateQueueDelayDuration [45.588811706132184] = queueDelayDelta [0.7598135284355364] * numCount[1001]
04/05/2022 16:10:40 PM - INFO - [in this interval] signal is [Signal.NORMAL]
04/05/2022 16:10:40 PM - INFO - [in this interval] adaptiveThresholdGamma is [49.45989216795075]
04/05/2022 16:10:40 PM - INFO - [in this interval] state is [State.INCREASE]
04/05/2022 16:10:40 PM - INFO - [in this interval] now real rate is [0.6136757894736842]mbps
04/05/2022 16:10:40 PM - INFO - [in this interval] now real rtt is [3680]
04/05/2022 16:10:40 PM - INFO - [in this interval] aimd control rate is [0.6421711918258103] mbps
04/05/2022 16:10:40 PM - INFO - [in this interval] delay-rate is [0.6421711918258103] mbps
04/05/2022 16:10:40 PM - INFO - average delay [1647.2]
04/05/2022 16:10:40 PM - INFO - average delay [1646.6666666666667]
04/05/2022 16:10:40 PM - INFO - average delay [1664.0]
04/05/2022 16:10:40 PM - INFO - average delay [1689.3333333333333]
04/05/2022 16:10:40 PM - INFO - nowTs is [140501], lastTs is [140272]
04/05/2022 16:10:40 PM - INFO - [in this interval] loss-ratio is [0.0]
04/05/2022 16:10:40 PM - INFO - [in this interval] group num is [5]
04/05/2022 16:10:40 PM - INFO - [in this interval] delayDelta from group is [[8, 22, 28, 22]]
04/05/2022 16:10:40 PM - INFO - sample List of accDelay : [[-3633.996901086527, -3616.9972109778746, -3601.397489880087, -3588.457740892078, -3577.91196680287, -3568.620770122583, -3561.3586931103246, -3554.922823799292, -3550.2305414193625, -3546.7074872774265, -3545.1367385496837, -3544.8230646947154, -3545.6407582252436, -3547.4766824027192, -3549.7290141624476, -3552.8561127462026, -3554.870501471582, -3554.4834513244236, -3551.335106191981, -3546.301595572783]]
04/05/2022 16:10:40 PM - INFO - sample List of time: [[139471, 139577, 139631, 139669, 139688, 139707, 139765, 139784, 139823, 139842, 139870, 139884, 139913, 139927, 139956, 139985, 140013, 140056, 140113, 140171]]
04/05/2022 16:10:40 PM - INFO - update trend: [0.11587005804446562]
04/05/2022 16:10:40 PM - INFO - estimateQueueDelayDuration [27.80881393067175] = queueDelayDelta [0.4634802321778625] * numCount[1001]
04/05/2022 16:10:40 PM - INFO - [in this interval] signal is [Signal.NORMAL]
04/05/2022 16:10:40 PM - INFO - [in this interval] adaptiveThresholdGamma is [49.07017275967973]
04/05/2022 16:10:40 PM - INFO - [in this interval] state is [State.INCREASE]
04/05/2022 16:10:40 PM - INFO - [in this interval] now real rate is [0.5971511387163561]mbps
04/05/2022 16:10:40 PM - INFO - [in this interval] now real rtt is [3858]
04/05/2022 16:10:40 PM - INFO - [in this interval] aimd control rate is [0.6457388095581759] mbps
04/05/2022 16:10:40 PM - INFO - [in this interval] delay-rate is [0.6457388095581759] mbps
04/05/2022 16:10:40 PM - INFO - average delay [1714.0]
04/05/2022 16:10:40 PM - INFO - average delay [1738.3333333333333]
04/05/2022 16:10:40 PM - INFO - average delay [1759.5]
04/05/2022 16:10:40 PM - INFO - average delay [1781.5]
04/05/2022 16:10:40 PM - INFO - nowTs is [140735], lastTs is [140501]
04/05/2022 16:10:40 PM - INFO - [in this interval] loss-ratio is [0.0]
04/05/2022 16:10:40 PM - INFO - [in this interval] group num is [4]
04/05/2022 16:10:40 PM - INFO - [in this interval] delayDelta from group is [[26, 22, 32]]
04/05/2022 16:10:40 PM - INFO - sample List of accDelay : [[-3588.457740892078, -3577.91196680287, -3568.620770122583, -3561.3586931103246, -3554.922823799292, -3550.2305414193625, -3546.7074872774265, -3545.1367385496837, -3544.8230646947154, -3545.6407582252436, -3547.4766824027192, -3549.7290141624476, -3552.8561127462026, -3554.870501471582, -3554.4834513244236, -3551.335106191981, -3546.301595572783, -3539.1714360155047, -3530.554292413954, -3519.5988631725586]]
04/05/2022 16:10:40 PM - INFO - sample List of time: [[139669, 139688, 139707, 139765, 139784, 139823, 139842, 139870, 139884, 139913, 139927, 139956, 139985, 140013, 140056, 140113, 140171, 140282, 140338, 140395]]
04/05/2022 16:10:40 PM - INFO - update trend: [0.05705426934429555]
04/05/2022 16:10:40 PM - INFO - estimateQueueDelayDuration [13.693024642630931] = queueDelayDelta [0.2282170773771822] * numCount[1000]
04/05/2022 16:10:40 PM - INFO - [in this interval] signal is [Signal.NORMAL]
04/05/2022 16:10:40 PM - INFO - [in this interval] adaptiveThresholdGamma is [48.43338409357285]
04/05/2022 16:10:40 PM - INFO - [in this interval] state is [State.INCREASE]
04/05/2022 16:10:40 PM - INFO - [in this interval] now real rate is [0.471219512195122]mbps
04/05/2022 16:10:40 PM - INFO - [in this interval] now real rtt is [4056]
04/05/2022 16:10:40 PM - INFO - [in this interval] aimd control rate is [0.6493262473890546] mbps
04/05/2022 16:10:40 PM - INFO - [in this interval] delay-rate is [0.6493262473890546] mbps
04/05/2022 16:10:40 PM - INFO - average delay [1805.6666666666667]
04/05/2022 16:10:40 PM - INFO - average delay [1846.5]
04/05/2022 16:10:40 PM - INFO - average delay [1876.6666666666665]
04/05/2022 16:10:40 PM - INFO - average delay [1913.6666666666665]
04/05/2022 16:10:40 PM - INFO - nowTs is [140991], lastTs is [140735]
04/05/2022 16:10:40 PM - INFO - [in this interval] loss-ratio is [0.3125]
04/05/2022 16:10:40 PM - INFO - [in this interval] group num is [6]
04/05/2022 16:10:40 PM - INFO - [in this interval] delayDelta from group is [[29, 5, -9, -8, -13]]
04/05/2022 16:10:40 PM - INFO - sample List of accDelay : [[-3550.2305414193625, -3546.7074872774265, -3545.1367385496837, -3544.8230646947154, -3545.6407582252436, -3547.4766824027192, -3549.7290141624476, -3552.8561127462026, -3554.870501471582, -3554.4834513244236, -3551.335106191981, -3546.301595572783, -3539.1714360155047, -3530.554292413954, -3519.5988631725586, -3506.8389768553025, -3494.855079169772, -3484.969571252795, -3476.8726141275156, -3470.885352714764]]
04/05/2022 16:10:40 PM - INFO - sample List of time: [[139823, 139842, 139870, 139884, 139913, 139927, 139956, 139985, 140013, 140056, 140113, 140171, 140282, 140338, 140395, 140549, 140608, 140653, 140669, 140701]]
04/05/2022 16:10:40 PM - INFO - update trend: [0.08256513885642192]
04/05/2022 16:10:40 PM - INFO - estimateQueueDelayDuration [19.81563332554126] = queueDelayDelta [0.33026055542568766] * numCount[1001]
04/05/2022 16:10:40 PM - INFO - [in this interval] signal is [Signal.NORMAL]
04/05/2022 16:10:40 PM - INFO - [in this interval] adaptiveThresholdGamma is [47.91826457974828]
04/05/2022 16:10:40 PM - INFO - [in this interval] state is [State.INCREASE]
04/05/2022 16:10:40 PM - INFO - [in this interval] now real rate is [0.4019755102040816]mbps
04/05/2022 16:10:40 PM - INFO - [in this interval] now real rtt is [4178]
04/05/2022 16:10:40 PM - INFO - [in this interval] aimd control rate is [0.6529336154301049] mbps
04/05/2022 16:10:40 PM - INFO - [in this interval] delay-rate is [0.6529336154301049] mbps
04/05/2022 16:10:40 PM - INFO - average delay [1898.0]
04/05/2022 16:10:40 PM - INFO - average delay [1889.3333333333335]
04/05/2022 16:10:40 PM - INFO - average delay [1887.0]
04/05/2022 16:10:40 PM - INFO - average delay [1877.1666666666665]
04/05/2022 16:10:40 PM - INFO - nowTs is [141224], lastTs is [140991]
04/05/2022 16:10:40 PM - INFO - [in this interval] loss-ratio is [0.34615384615384615]
04/05/2022 16:10:40 PM - INFO - [in this interval] group num is [9]
04/05/2022 16:10:40 PM - INFO - [in this interval] delayDelta from group is [[-14, 9, -14, 5, -11, -18, 1, -11]]
04/05/2022 16:10:40 PM - INFO - sample List of accDelay : [[-3554.870501471582, -3554.4834513244236, -3551.335106191981, -3546.301595572783, -3539.1714360155047, -3530.554292413954, -3519.5988631725586, -3506.8389768553025, -3494.855079169772, -3484.969571252795, -3476.8726141275156, -3470.885352714764, -3466.8968174432875, -3462.407135698959, -3459.766422129063, -3456.8897799161564, -3455.4008019245407, -3455.860721732087, -3456.174649558878, -3457.55718460299]]
04/05/2022 16:10:40 PM - INFO - sample List of time: [[140013, 140056, 140113, 140171, 140282, 140338, 140395, 140549, 140608, 140653, 140669, 140701, 140734, 140750, 140799, 140815, 140855, 140879, 140891, 140927]]
04/05/2022 16:10:40 PM - INFO - update trend: [0.1268623984866732]
04/05/2022 16:10:40 PM - INFO - estimateQueueDelayDuration [30.446975636801564] = queueDelayDelta [0.5074495939466928] * numCount[1001]
04/05/2022 16:10:40 PM - INFO - [in this interval] signal is [Signal.NORMAL]
04/05/2022 16:10:40 PM - INFO - [in this interval] adaptiveThresholdGamma is [47.60378137877524]
04/05/2022 16:10:40 PM - INFO - [in this interval] state is [State.INCREASE]
04/05/2022 16:10:40 PM - INFO - [in this interval] now real rate is [0.490077709611452]mbps
04/05/2022 16:10:40 PM - INFO - [in this interval] now real rtt is [4104]
04/05/2022 16:10:40 PM - INFO - [in this interval] aimd control rate is [0.6565610244047165] mbps
04/05/2022 16:10:40 PM - INFO - [in this interval] delay-rate is [0.6565610244047165] mbps
04/05/2022 16:10:40 PM - INFO - average delay [1852.0]
04/05/2022 16:10:40 PM - INFO - average delay [1824.0]
04/05/2022 16:10:40 PM - INFO - average delay [1793.2]
04/05/2022 16:10:40 PM - INFO - average delay [1732.0]
04/05/2022 16:10:40 PM - INFO - nowTs is [141465], lastTs is [141224]
04/05/2022 16:10:40 PM - INFO - [in this interval] loss-ratio is [0.525]
04/05/2022 16:10:40 PM - INFO - [in this interval] group num is [13]
04/05/2022 16:10:40 PM - INFO - [in this interval] delayDelta from group is [[-11, -18, -16, 1, -22, -22, -4, -27, -47, -22, -13, -12]]
04/05/2022 16:10:40 PM - INFO - sample List of accDelay : [[-3466.8968174432875, -3462.407135698959, -3459.766422129063, -3456.8897799161564, -3455.4008019245407, -3455.860721732087, -3456.174649558878, -3457.55718460299, -3459.9014661426913, -3463.8113195284222, -3468.93018757558, -3473.437168818022, -3479.69345193622, -3487.5241067425977, -3494.9716960683377, -3504.374526461504, -3517.537073815354, -3531.5833664338184, -3545.5250297904363, -3559.2725268113923]]
04/05/2022 16:10:40 PM - INFO - sample List of time: [[140734, 140750, 140799, 140815, 140855, 140879, 140891, 140927, 140975, 140999, 141011, 141035, 141061, 141074, 141087, 141113, 141126, 141139, 141152, 141179]]
04/05/2022 16:10:40 PM - INFO - update trend: [-0.18392765531317637]
04/05/2022 16:10:40 PM - INFO - estimateQueueDelayDuration [-44.14263727516233] = queueDelayDelta [-0.7357106212527055] * numCount[1001]
04/05/2022 16:10:40 PM - INFO - [in this interval] signal is [Signal.NORMAL]
04/05/2022 16:10:40 PM - INFO - [in this interval] adaptiveThresholdGamma is [47.541480784910206]
04/05/2022 16:10:40 PM - INFO - [in this interval] state is [State.INCREASE]
04/05/2022 16:10:40 PM - INFO - [in this interval] now real rate is [0.6530183299389003]mbps
04/05/2022 16:10:40 PM - INFO - [in this interval] now real rtt is [3666]
04/05/2022 16:10:40 PM - INFO - [in this interval] aimd control rate is [0.6602085856514095] mbps
04/05/2022 16:10:40 PM - INFO - [in this interval] delay-rate is [0.6602085856514095] mbps
04/05/2022 16:10:40 PM - INFO - average delay [1650.6]
04/05/2022 16:10:40 PM - INFO - average delay [1610.6]
04/05/2022 16:10:40 PM - INFO - average delay [1583.2]
04/05/2022 16:10:40 PM - INFO - average delay [1578.0]
04/05/2022 16:10:40 PM - INFO - nowTs is [141694], lastTs is [141465]
04/05/2022 16:10:40 PM - INFO - [in this interval] loss-ratio is [0.42857142857142855]
04/05/2022 16:10:40 PM - INFO - [in this interval] group num is [10]
04/05/2022 16:10:40 PM - INFO - [in this interval] delayDelta from group is [[-22, -21, -9, -3, -8, 7, -8, -17, -3]]
04/05/2022 16:10:40 PM - INFO - sample List of accDelay : [[-3463.8113195284222, -3468.93018757558, -3473.437168818022, -3479.69345193622, -3487.5241067425977, -3494.9716960683377, -3504.374526461504, -3517.537073815354, -3531.5833664338184, -3545.5250297904363, -3559.2725268113923, -3573.845274130253, -3589.0607467172276, -3603.654672045505, -3617.089204840954, -3629.9802843568586, -3640.882255921173, -3651.4940303290555, -3662.74462729615, -3673.170164566535]]
04/05/2022 16:10:40 PM - INFO - sample List of time: [[140999, 141011, 141035, 141061, 141074, 141087, 141113, 141126, 141139, 141152, 141179, 141205, 141218, 141232, 141258, 141285, 141312, 141354, 141381, 141394]]
04/05/2022 16:10:40 PM - INFO - update trend: [-0.5788056436916279]
04/05/2022 16:10:40 PM - INFO - estimateQueueDelayDuration [-138.9133544859907] = queueDelayDelta [-2.3152225747665116] * numCount[1000]
04/05/2022 16:10:40 PM - INFO - [in this interval] signal is [Signal.UNDER_USE]
04/05/2022 16:10:40 PM - INFO - [in this interval] adaptiveThresholdGamma is [47.541480784910206]
04/05/2022 16:10:40 PM - INFO - [in this interval] state is [State.HOLD]
04/05/2022 16:10:40 PM - INFO - [in this interval] now real rate is [0.6616194331983806]mbps
04/05/2022 16:10:40 PM - INFO - [in this interval] now real rtt is [3524]
04/05/2022 16:10:40 PM - INFO - [in this interval] aimd control rate is [0.6602085856514095] mbps
04/05/2022 16:10:40 PM - INFO - [in this interval] delay-rate is [0.6602085856514095] mbps
04/05/2022 16:10:40 PM - INFO - average delay [1566.2]
04/05/2022 16:10:40 PM - INFO - average delay [1583.0]
04/05/2022 16:10:40 PM - INFO - average delay [1601.0]
04/05/2022 16:10:40 PM - INFO - average delay [1652.0]
04/05/2022 16:10:40 PM - INFO - nowTs is [141945], lastTs is [141694]
04/05/2022 16:10:40 PM - INFO - [in this interval] loss-ratio is [0.23076923076923078]
04/05/2022 16:10:40 PM - INFO - [in this interval] group num is [5]
04/05/2022 16:10:40 PM - INFO - [in this interval] delayDelta from group is [[43, 24, 25, -11]]
04/05/2022 16:10:40 PM - INFO - sample List of accDelay : [[-3487.5241067425977, -3494.9716960683377, -3504.374526461504, -3517.537073815354, -3531.5833664338184, -3545.5250297904363, -3559.2725268113923, -3573.845274130253, -3589.0607467172276, -3603.654672045505, -3617.089204840954, -3629.9802843568586, -3640.882255921173, -3651.4940303290555, -3662.74462729615, -3673.170164566535, -3678.2531481098813, -3680.4278332988933, -3679.8850499690043, -3680.496544972104]]
04/05/2022 16:10:40 PM - INFO - sample List of time: [[141074, 141087, 141113, 141126, 141139, 141152, 141179, 141205, 141218, 141232, 141258, 141285, 141312, 141354, 141381, 141394, 141491, 141574, 141608, 141648]]
04/05/2022 16:10:40 PM - INFO - update trend: [-0.3567178170507521]
04/05/2022 16:10:40 PM - INFO - estimateQueueDelayDuration [-85.61227609218051] = queueDelayDelta [-1.4268712682030085] * numCount[1000]
04/05/2022 16:10:40 PM - INFO - [in this interval] signal is [Signal.UNDER_USE]
04/05/2022 16:10:40 PM - INFO - [in this interval] adaptiveThresholdGamma is [47.541480784910206]
04/05/2022 16:10:40 PM - INFO - [in this interval] state is [State.HOLD]
04/05/2022 16:10:40 PM - INFO - [in this interval] now real rate is [0.49898580121703856]mbps
04/05/2022 16:10:40 PM - INFO - [in this interval] now real rtt is [3756]
04/05/2022 16:10:40 PM - INFO - [in this interval] aimd control rate is [0.6602085856514095] mbps
04/05/2022 16:10:40 PM - INFO - [in this interval] delay-rate is [0.6602085856514095] mbps
04/05/2022 16:10:40 PM - INFO - average delay [1677.5]
04/05/2022 16:10:40 PM - INFO - average delay [1682.0]
04/05/2022 16:10:40 PM - INFO - average delay [1670.6]
04/05/2022 16:10:40 PM - INFO - average delay [1622.8]
04/05/2022 16:10:40 PM - INFO - nowTs is [142189], lastTs is [141945]
04/05/2022 16:10:40 PM - INFO - [in this interval] loss-ratio is [0.4864864864864865]
04/05/2022 16:10:40 PM - INFO - [in this interval] group num is [12]
04/05/2022 16:10:40 PM - INFO - [in this interval] delayDelta from group is [[-5, 8, 6, -15, -23, -7, -5, -30, -3, -16, -13]]
04/05/2022 16:10:40 PM - INFO - sample List of accDelay : [[-3629.9802843568586, -3640.882255921173, -3651.4940303290555, -3662.74462729615, -3673.170164566535, -3678.2531481098813, -3680.4278332988933, -3679.8850499690043, -3680.496544972104, -3681.5468904748936, -3681.692201427404, -3681.2229812846635, -3682.300683156197, -3685.5706148405775, -3689.2135533565197, -3692.992198020868, -3699.392978218781, -3705.453680396903, -3712.5083123572126, -3720.1574811214914]]
04/05/2022 16:10:40 PM - INFO - sample List of time: [[141285, 141312, 141354, 141381, 141394, 141491, 141574, 141608, 141648, 141684, 141699, 141722, 141758, 141773, 141785, 141808, 141823, 141848, 141875, 141889]]
04/05/2022 16:10:40 PM - INFO - update trend: [-0.10096262830915756]
04/05/2022 16:10:40 PM - INFO - estimateQueueDelayDuration [-24.231030794197814] = queueDelayDelta [-0.40385051323663024] * numCount[1001]
04/05/2022 16:10:40 PM - INFO - [in this interval] signal is [Signal.NORMAL]
04/05/2022 16:10:40 PM - INFO - [in this interval] adaptiveThresholdGamma is [47.121892685077384]
04/05/2022 16:10:40 PM - INFO - [in this interval] state is [State.INCREASE]
04/05/2022 16:10:40 PM - INFO - [in this interval] now real rate is [0.5362747474747475]mbps
04/05/2022 16:10:40 PM - INFO - [in this interval] now real rtt is [3564]
04/05/2022 16:10:40 PM - INFO - [in this interval] aimd control rate is [0.6638764111272506] mbps
04/05/2022 16:10:40 PM - INFO - [in this interval] delay-rate is [0.6638764111272506] mbps
04/05/2022 16:10:40 PM - INFO - average delay [1592.8]
04/05/2022 16:10:40 PM - INFO - average delay [1556.75]
04/05/2022 16:10:40 PM - INFO - average delay [1531.8]
04/05/2022 16:10:40 PM - INFO - average delay [1473.4]
04/05/2022 16:10:40 PM - INFO - nowTs is [142435], lastTs is [142189]
04/05/2022 16:10:40 PM - INFO - [in this interval] loss-ratio is [0.5]
04/05/2022 16:10:40 PM - INFO - [in this interval] group num is [12]
04/05/2022 16:10:40 PM - INFO - [in this interval] delayDelta from group is [[-7, -8, -16, -7, -22, -16, -22, -21, -16, -8, 0]]
04/05/2022 16:10:40 PM - INFO - sample List of accDelay : [[-3681.2229812846635, -3682.300683156197, -3685.5706148405775, -3689.2135533565197, -3692.992198020868, -3699.392978218781, -3705.453680396903, -3712.5083123572126, -3720.1574811214914, -3727.741733009342, -3735.367559708408, -3743.8308037375673, -3752.1477233638107, -3761.8329510274298, -3772.149655924687, -3783.6346903322183, -3796.071221298996, -3808.864099169097, -3821.177689252187, -3832.2599203269683]]
04/05/2022 16:10:40 PM - INFO - sample List of time: [[141722, 141758, 141773, 141785, 141808, 141823, 141848, 141875, 141889, 141930, 141958, 141985, 141999, 142027, 142040, 142054, 142067, 142081, 142095, 142122]]
04/05/2022 16:10:40 PM - INFO - update trend: [-0.3724507072373762]
04/05/2022 16:10:40 PM - INFO - estimateQueueDelayDuration [-89.3881697369703] = queueDelayDelta [-1.4898028289495049] * numCount[1000]
04/05/2022 16:10:40 PM - INFO - [in this interval] signal is [Signal.UNDER_USE]
04/05/2022 16:10:40 PM - INFO - [in this interval] adaptiveThresholdGamma is [47.121892685077384]
04/05/2022 16:10:40 PM - INFO - [in this interval] state is [State.HOLD]
04/05/2022 16:10:40 PM - INFO - [in this interval] now real rate is [0.665273469387755]mbps
04/05/2022 16:10:40 PM - INFO - [in this interval] now real rtt is [3256]
04/05/2022 16:10:40 PM - INFO - [in this interval] aimd control rate is [0.6638764111272506] mbps
04/05/2022 16:10:40 PM - INFO - [in this interval] delay-rate is [0.6638764111272506] mbps
04/05/2022 16:10:40 PM - INFO - average delay [1419.2]
04/05/2022 16:10:40 PM - INFO - average delay [1409.0]
04/05/2022 16:10:40 PM - INFO - average delay [1402.0]
04/05/2022 16:10:40 PM - INFO - average delay [1389.3333333333333]
04/05/2022 16:10:40 PM - INFO - nowTs is [142670], lastTs is [142435]
04/05/2022 16:10:40 PM - INFO - [in this interval] loss-ratio is [0.375]
04/05/2022 16:10:40 PM - INFO - [in this interval] group num is [12]
04/05/2022 16:10:40 PM - INFO - [in this interval] delayDelta from group is [[1, -10, -7, -5, -4, 2, 2, -4, 2, -6, 1]]
04/05/2022 16:10:40 PM - INFO - sample List of accDelay : [[-3743.8308037375673, -3752.1477233638107, -3761.8329510274298, -3772.149655924687, -3783.6346903322183, -3796.071221298996, -3808.864099169097, -3821.177689252187, -3832.2599203269683, -3842.1339282942713, -3852.020535464844, -3861.6184819183595, -3870.7566337265234, -3879.380970353871, -3886.942873318484, -3893.5485859866353, -3899.8937273879715, -3905.4043546491744, -3910.963919184257, -3915.8675272658315]]
04/05/2022 16:10:40 PM - INFO - sample List of time: [[141985, 141999, 142027, 142040, 142054, 142067, 142081, 142095, 142122, 142175, 142216, 142241, 142264, 142274, 142285, 142297, 142319, 142330, 142352, 142386]]
04/05/2022 16:10:40 PM - INFO - update trend: [-0.4297198465684022]
04/05/2022 16:10:40 PM - INFO - estimateQueueDelayDuration [-103.13276317641652] = queueDelayDelta [-1.7188793862736087] * numCount[1001]
04/05/2022 16:10:40 PM - INFO - [in this interval] signal is [Signal.UNDER_USE]
04/05/2022 16:10:40 PM - INFO - [in this interval] adaptiveThresholdGamma is [47.121892685077384]
04/05/2022 16:10:40 PM - INFO - [in this interval] state is [State.HOLD]
04/05/2022 16:10:40 PM - INFO - [in this interval] now real rate is [0.6755303643724696]mbps
04/05/2022 16:10:40 PM - INFO - [in this interval] now real rtt is [3176]
04/05/2022 16:10:40 PM - INFO - [in this interval] aimd control rate is [0.6638764111272506] mbps
04/05/2022 16:10:40 PM - INFO - [in this interval] delay-rate is [0.6638764111272506] mbps
04/05/2022 16:10:40 PM - INFO - average delay [1384.0]
04/05/2022 16:10:40 PM - INFO - average delay [1382.0]
04/05/2022 16:10:40 PM - INFO - average delay [1411.0]
04/05/2022 16:10:40 PM - INFO - average delay [1427.0]
04/05/2022 16:10:40 PM - INFO - nowTs is [142901], lastTs is [142670]
04/05/2022 16:10:40 PM - INFO - [in this interval] loss-ratio is [0.29411764705882354]
04/05/2022 16:10:40 PM - INFO - [in this interval] group num is [7]
04/05/2022 16:10:40 PM - INFO - [in this interval] delayDelta from group is [[8, 12, 20, -3, 29, 18]]
04/05/2022 16:10:40 PM - INFO - sample List of accDelay : [[-3808.864099169097, -3821.177689252187, -3832.2599203269683, -3842.1339282942713, -3852.020535464844, -3861.6184819183595, -3870.7566337265234, -3879.380970353871, -3886.942873318484, -3893.5485859866353, -3899.8937273879715, -3905.4043546491744, -3910.963919184257, -3915.8675272658315, -3919.480774539248, -3921.5326970853234, -3921.379427376791, -3921.541484639112, -3918.787336175201, -3914.5086025576807]]
04/05/2022 16:10:40 PM - INFO - sample List of time: [[142081, 142095, 142122, 142175, 142216, 142241, 142264, 142274, 142285, 142297, 142319, 142330, 142352, 142386, 142419, 142452, 142474, 142519, 142541, 142585]]
04/05/2022 16:10:40 PM - INFO - update trend: [-0.23272427621308728]
04/05/2022 16:10:40 PM - INFO - estimateQueueDelayDuration [-55.85382629114095] = queueDelayDelta [-0.9308971048523491] * numCount[1001]
04/05/2022 16:10:40 PM - INFO - [in this interval] signal is [Signal.UNDER_USE]
04/05/2022 16:10:40 PM - INFO - [in this interval] adaptiveThresholdGamma is [55.85382629114095]
04/05/2022 16:10:40 PM - INFO - [in this interval] state is [State.HOLD]
04/05/2022 16:10:40 PM - INFO - [in this interval] now real rate is [0.5946774847870183]mbps
04/05/2022 16:10:40 PM - INFO - [in this interval] now real rtt is [3338]
04/05/2022 16:10:40 PM - INFO - [in this interval] aimd control rate is [0.6638764111272506] mbps
04/05/2022 16:10:40 PM - INFO - [in this interval] delay-rate is [0.6638764111272506] mbps
04/05/2022 16:10:40 PM - INFO - average delay [1456.0]
04/05/2022 16:10:40 PM - INFO - average delay [1475.0]
04/05/2022 16:10:40 PM - INFO - average delay [1510.0]
04/05/2022 16:10:40 PM - INFO - average delay [1537.3333333333333]
04/05/2022 16:10:40 PM - INFO - nowTs is [143145], lastTs is [142901]
04/05/2022 16:10:40 PM - INFO - [in this interval] loss-ratio is [0.47619047619047616]
04/05/2022 16:10:40 PM - INFO - [in this interval] group num is [6]
04/05/2022 16:10:40 PM - INFO - [in this interval] delayDelta from group is [[20, 16, 25, -2, -6]]
04/05/2022 16:10:40 PM - INFO - sample List of accDelay : [[-3861.6184819183595, -3870.7566337265234, -3879.380970353871, -3886.942873318484, -3893.5485859866353, -3899.8937273879715, -3905.4043546491744, -3910.963919184257, -3915.8675272658315, -3919.480774539248, -3921.5326970853234, -3921.379427376791, -3921.541484639112, -3918.787336175201, -3914.5086025576807, -3908.6577423019125, -3901.7919680717214, -3893.1127712645493, -3885.501494138094, -3879.2513447242845]]
04/05/2022 16:10:40 PM - INFO - sample List of time: [[142241, 142264, 142274, 142285, 142297, 142319, 142330, 142352, 142386, 142419, 142452, 142474, 142519, 142541, 142585, 142704, 142754, 142780, 142830, 142858]]
04/05/2022 16:10:40 PM - INFO - update trend: [-0.011078020486905423]
04/05/2022 16:10:40 PM - INFO - estimateQueueDelayDuration [-2.6587249168573015] = queueDelayDelta [-0.04431208194762169] * numCount[1000]
04/05/2022 16:10:40 PM - INFO - [in this interval] signal is [Signal.NORMAL]
04/05/2022 16:10:40 PM - INFO - [in this interval] adaptiveThresholdGamma is [54.896314466403844]
04/05/2022 16:10:40 PM - INFO - [in this interval] state is [State.INCREASE]
04/05/2022 16:10:40 PM - INFO - [in this interval] now real rate is [0.437718875502008]mbps
04/05/2022 16:10:40 PM - INFO - [in this interval] now real rtt is [3516]
04/05/2022 16:10:40 PM - INFO - [in this interval] aimd control rate is [0.6675646134112909] mbps
04/05/2022 16:10:40 PM - INFO - [in this interval] delay-rate is [0.6675646134112909] mbps
04/05/2022 16:10:40 PM - INFO - average delay [1559.5]
04/05/2022 16:10:40 PM - INFO - average delay [1572.0]
04/05/2022 16:10:40 PM - INFO - average delay [1580.4]
04/05/2022 16:10:40 PM - INFO - average delay [1577.6]
04/05/2022 16:10:40 PM - INFO - nowTs is [143387], lastTs is [143145]
04/05/2022 16:10:40 PM - INFO - [in this interval] loss-ratio is [0.525]
04/05/2022 16:10:40 PM - INFO - [in this interval] group num is [16]
04/05/2022 16:10:40 PM - INFO - [in this interval] delayDelta from group is [[3, 3, 0, -6, 5, 0, 2, -2, -1, 2, -20, -10, -21, -13, -23]]
04/05/2022 16:10:40 PM - INFO - sample List of accDelay : [[-3908.6577423019125, -3901.7919680717214, -3893.1127712645493, -3885.501494138094, -3879.2513447242845, -3873.326210251856, -3867.69358922667, -3862.624230304003, -3858.6618072736023, -3854.595626546242, -3850.9360638916173, -3847.4424575024555, -3844.4982117522095, -3841.948390576989, -3839.4535515192897, -3839.2081963673604, -3839.9873767306244, -3842.788639057562, -3846.6097751518055, -3852.348797636625]]
04/05/2022 16:10:40 PM - INFO - sample List of time: [[142704, 142754, 142780, 142830, 142858, 142915, 142928, 142941, 142956, 142970, 142985, 143000, 143012, 143025, 143039, 143051, 143061, 143081, 143090, 143102]]
04/05/2022 16:10:40 PM - INFO - update trend: [0.18050105685957887]
04/05/2022 16:10:40 PM - INFO - estimateQueueDelayDuration [43.32025364629893] = queueDelayDelta [0.7220042274383155] * numCount[1001]
04/05/2022 16:10:40 PM - INFO - [in this interval] signal is [Signal.NORMAL]
04/05/2022 16:10:40 PM - INFO - [in this interval] adaptiveThresholdGamma is [54.68794537164195]
04/05/2022 16:10:40 PM - INFO - [in this interval] state is [State.INCREASE]
04/05/2022 16:10:40 PM - INFO - [in this interval] now real rate is [0.5193909465020576]mbps
04/05/2022 16:10:40 PM - INFO - [in this interval] now real rtt is [3390]
04/05/2022 16:10:40 PM - INFO - [in this interval] aimd control rate is [0.6712733057080204] mbps
04/05/2022 16:10:40 PM - INFO - [in this interval] delay-rate is [0.6712733057080204] mbps
04/05/2022 16:10:40 PM - INFO - average delay [1533.3333333333333]
04/05/2022 16:10:40 PM - INFO - average delay [1450.8333333333333]
04/05/2022 16:10:40 PM - INFO - average delay [1438.0]
04/05/2022 16:10:40 PM - INFO - average delay [1425.0]
04/05/2022 16:10:40 PM - INFO - nowTs is [143631], lastTs is [143387]
04/05/2022 16:10:40 PM - INFO - [in this interval] loss-ratio is [0.2962962962962963]
04/05/2022 16:10:40 PM - INFO - [in this interval] group num is [12]
04/05/2022 16:10:40 PM - INFO - [in this interval] delayDelta from group is [[-26, 2, -8, -2, -5, 4, -8, -13, -9, -13, -5]]
04/05/2022 16:10:40 PM - INFO - sample List of accDelay : [[-3847.4424575024555, -3844.4982117522095, -3841.948390576989, -3839.4535515192897, -3839.2081963673604, -3839.9873767306244, -3842.788639057562, -3846.6097751518055, -3852.348797636625, -3860.1139178729627, -3866.902526085666, -3873.8122734770996, -3880.2310461293896, -3886.5079415164505, -3891.7571473648054, -3897.2814326283246, -3903.553289365492, -3910.097960428943, -3917.2881643860487, -3924.2593479474435]]
04/05/2022 16:10:40 PM - INFO - sample List of time: [[143000, 143012, 143025, 143039, 143051, 143061, 143081, 143090, 143102, 143126, 143145, 143157, 143174, 143217, 143232, 143246, 143263, 143280, 143311, 143328]]
04/05/2022 16:10:40 PM - INFO - update trend: [-0.2709047196252424]
04/05/2022 16:10:40 PM - INFO - estimateQueueDelayDuration [-65.01713271005816] = queueDelayDelta [-1.0836188785009695] * numCount[1000]
04/05/2022 16:10:40 PM - INFO - [in this interval] signal is [Signal.UNDER_USE]
04/05/2022 16:10:40 PM - INFO - [in this interval] adaptiveThresholdGamma is [65.01713271005816]
04/05/2022 16:10:40 PM - INFO - [in this interval] state is [State.HOLD]
04/05/2022 16:10:40 PM - INFO - [in this interval] now real rate is [0.671104]mbps
04/05/2022 16:10:40 PM - INFO - [in this interval] now real rtt is [3188]
04/05/2022 16:10:40 PM - INFO - [in this interval] aimd control rate is [0.6712733057080204] mbps
04/05/2022 16:10:40 PM - INFO - [in this interval] delay-rate is [0.6712733057080204] mbps
04/05/2022 16:10:40 PM - INFO - average delay [1397.75]
04/05/2022 16:10:40 PM - INFO - average delay [1374.25]
04/05/2022 16:10:40 PM - INFO - average delay [1387.0]
04/05/2022 16:10:40 PM - INFO - average delay [1453.0]
04/05/2022 16:10:40 PM - INFO - nowTs is [143862], lastTs is [143631]
04/05/2022 16:10:40 PM - INFO - [in this interval] loss-ratio is [0.0]
04/05/2022 16:10:40 PM - INFO - [in this interval] group num is [4]
04/05/2022 16:10:40 PM - INFO - [in this interval] delayDelta from group is [[54, 22, 48]]
04/05/2022 16:10:40 PM - INFO - sample List of accDelay : [[-3839.4535515192897, -3839.2081963673604, -3839.9873767306244, -3842.788639057562, -3846.6097751518055, -3852.348797636625, -3860.1139178729627, -3866.902526085666, -3873.8122734770996, -3880.2310461293896, -3886.5079415164505, -3891.7571473648054, -3897.2814326283246, -3903.553289365492, -3910.097960428943, -3917.2881643860487, -3924.2593479474435, -3925.133413152699, -3923.7200718374293, -3917.648064653686]]
04/05/2022 16:10:40 PM - INFO - sample List of time: [[143039, 143051, 143061, 143081, 143090, 143102, 143126, 143145, 143157, 143174, 143217, 143232, 143246, 143263, 143280, 143311, 143328, 143375, 143484, 143516]]
04/05/2022 16:10:40 PM - INFO - update trend: [-0.2144461756149025]
04/05/2022 16:10:40 PM - INFO - estimateQueueDelayDuration [-51.467082147576605] = queueDelayDelta [-0.85778470245961] * numCount[1001]
04/05/2022 16:10:40 PM - INFO - [in this interval] signal is [Signal.NORMAL]
04/05/2022 16:10:40 PM - INFO - [in this interval] adaptiveThresholdGamma is [64.7732317999335]
04/05/2022 16:10:40 PM - INFO - [in this interval] state is [State.INCREASE]
04/05/2022 16:10:40 PM - INFO - [in this interval] now real rate is [0.5857474949899799]mbps
04/05/2022 16:10:40 PM - INFO - [in this interval] now real rtt is [3410]
04/05/2022 16:10:40 PM - INFO - [in this interval] aimd control rate is [0.6750026018508427] mbps
04/05/2022 16:10:40 PM - INFO - [in this interval] delay-rate is [0.6750026018508427] mbps
04/05/2022 16:10:40 PM - INFO - average delay [1486.0]
04/05/2022 16:10:40 PM - INFO - average delay [1543.0]
04/05/2022 16:10:40 PM - INFO - average delay [1572.3333333333333]
04/05/2022 16:10:40 PM - INFO - average delay [1592.5]
04/05/2022 16:10:40 PM - INFO - nowTs is [144109], lastTs is [143862]
04/05/2022 16:10:40 PM - INFO - [in this interval] loss-ratio is [0.07692307692307693]
04/05/2022 16:10:40 PM - INFO - [in this interval] group num is [6]
04/05/2022 16:10:40 PM - INFO - [in this interval] delayDelta from group is [[3, 9, 32, 17, 4]]
04/05/2022 16:10:40 PM - INFO - sample List of accDelay : [[-3852.348797636625, -3860.1139178729627, -3866.902526085666, -3873.8122734770996, -3880.2310461293896, -3886.5079415164505, -3891.7571473648054, -3897.2814326283246, -3903.553289365492, -3910.097960428943, -3917.2881643860487, -3924.2593479474435, -3925.133413152699, -3923.7200718374293, -3917.648064653686, -3911.8832581883175, -3905.7949323694857, -3897.115439132537, -3887.6038952192835, -3878.643505697355]]
04/05/2022 16:10:40 PM - INFO - sample List of time: [[143102, 143126, 143145, 143157, 143174, 143217, 143232, 143246, 143263, 143280, 143311, 143328, 143375, 143484, 143516, 143661, 143679, 143703, 143760, 143817]]
04/05/2022 16:10:40 PM - INFO - update trend: [-0.03486243954035889]
04/05/2022 16:10:40 PM - INFO - estimateQueueDelayDuration [-8.366985489686133] = queueDelayDelta [-0.13944975816143557] * numCount[1000]
04/05/2022 16:10:40 PM - INFO - [in this interval] signal is [Signal.NORMAL]
04/05/2022 16:10:40 PM - INFO - [in this interval] adaptiveThresholdGamma is [63.75791936634904]
04/05/2022 16:10:40 PM - INFO - [in this interval] state is [State.INCREASE]
04/05/2022 16:10:40 PM - INFO - [in this interval] now real rate is [0.46088798370672096]mbps
04/05/2022 16:10:40 PM - INFO - [in this interval] now real rtt is [3654]
04/05/2022 16:10:40 PM - INFO - [in this interval] aimd control rate is [0.6787526163055696] mbps
04/05/2022 16:10:40 PM - INFO - [in this interval] delay-rate is [0.6787526163055696] mbps
04/05/2022 16:10:40 PM - INFO - average delay [1613.0]
04/05/2022 16:10:40 PM - INFO - average delay [1621.6]
04/05/2022 16:10:40 PM - INFO - average delay [1625.2]
04/05/2022 16:10:40 PM - INFO - average delay [1629.6]
04/05/2022 16:10:40 PM - INFO - nowTs is [144346], lastTs is [144109]
04/05/2022 16:10:40 PM - INFO - [in this interval] loss-ratio is [0.28]
04/05/2022 16:10:40 PM - INFO - [in this interval] group num is [16]
04/05/2022 16:10:40 PM - INFO - [in this interval] delayDelta from group is [[3, -3, 4, -3, 5, 3, 2, 3, -1, -6, 3, -6, -13, -10, -7]]
04/05/2022 16:10:40 PM - INFO - sample List of accDelay : [[-3911.8832581883175, -3905.7949323694857, -3897.115439132537, -3887.6038952192835, -3878.643505697355, -3870.2791551276196, -3863.0512396148574, -3856.146115653372, -3850.2315040880344, -3844.408353679231, -3838.867518311308, -3833.6807664801768, -3828.7126898321594, -3824.3414208489435, -3821.0072787640493, -3817.706550887644, -3815.33589579888, -3814.5023062189916, -3814.7520755970922, -3815.676868037383]]
04/05/2022 16:10:40 PM - INFO - sample List of time: [[143661, 143679, 143703, 143760, 143817, 143849, 143862, 143874, 143888, 143900, 143925, 143938, 143950, 143963, 143977, 143991, 144004, 144018, 144045, 144060]]
04/05/2022 16:10:40 PM - INFO - update trend: [0.27088864409223673]
04/05/2022 16:10:40 PM - INFO - estimateQueueDelayDuration [65.01327458213682] = queueDelayDelta [1.083554576368947] * numCount[1001]
04/05/2022 16:10:40 PM - INFO - [in this interval] signal is [Signal.NORMAL]
04/05/2022 16:10:40 PM - INFO - [in this interval] adaptiveThresholdGamma is [65.01327458213682]
04/05/2022 16:10:40 PM - INFO - [in this interval] state is [State.INCREASE]
04/05/2022 16:10:40 PM - INFO - [in this interval] now real rate is [0.5621322314049587]mbps
04/05/2022 16:10:40 PM - INFO - [in this interval] now real rtt is [3588]
04/05/2022 16:10:40 PM - INFO - [in this interval] aimd control rate is [0.682523464173934] mbps
04/05/2022 16:10:40 PM - INFO - [in this interval] delay-rate is [0.682523464173934] mbps
04/05/2022 16:10:40 PM - INFO - average delay [1606.4]
04/05/2022 16:10:40 PM - INFO - average delay [1585.8]
04/05/2022 16:10:40 PM - INFO - average delay [1584.2]
04/05/2022 16:10:40 PM - INFO - average delay [1541.75]
04/05/2022 16:10:40 PM - INFO - nowTs is [144595], lastTs is [144346]
04/05/2022 16:10:40 PM - INFO - [in this interval] loss-ratio is [0.30434782608695654]
04/05/2022 16:10:40 PM - INFO - [in this interval] group num is [12]
04/05/2022 16:10:40 PM - INFO - [in this interval] delayDelta from group is [[2, 0, -7, -13, -7, -13, -16, -11, 11, -31, -10]]
04/05/2022 16:10:40 PM - INFO - sample List of accDelay : [[-3833.6807664801768, -3828.7126898321594, -3824.3414208489435, -3821.0072787640493, -3817.706550887644, -3815.33589579888, -3814.5023062189916, -3814.7520755970922, -3815.676868037383, -3816.3091812336447, -3816.87826311028, -3818.090436799252, -3820.4813931193266, -3823.333253807394, -3827.1999284266544, -3832.279935583989, -3837.95194202559, -3841.956747823031, -3848.6610730407283, -3855.694965736656]]
04/05/2022 16:10:40 PM - INFO - sample List of time: [[143938, 143950, 143963, 143977, 143991, 144004, 144018, 144045, 144060, 144087, 144139, 144154, 144167, 144179, 144192, 144219, 144233, 144257, 144278, 144302]]
04/05/2022 16:10:40 PM - INFO - update trend: [-0.06300866836813818]
04/05/2022 16:10:40 PM - INFO - estimateQueueDelayDuration [-15.122080408353163] = queueDelayDelta [-0.2520346734725527] * numCount[1000]
04/05/2022 16:10:40 PM - INFO - [in this interval] signal is [Signal.NORMAL]
04/05/2022 16:10:40 PM - INFO - [in this interval] adaptiveThresholdGamma is [64.1152330870087]
04/05/2022 16:10:40 PM - INFO - [in this interval] state is [State.INCREASE]
04/05/2022 16:10:40 PM - INFO - [in this interval] now real rate is [0.6444279835390946]mbps
04/05/2022 16:10:40 PM - INFO - [in this interval] now real rtt is [3396]
04/05/2022 16:10:40 PM - INFO - [in this interval] aimd control rate is [0.6863152611971225] mbps
04/05/2022 16:10:40 PM - INFO - [in this interval] delay-rate is [0.6863152611971225] mbps
04/05/2022 16:10:40 PM - INFO - average delay [1515.0]
04/05/2022 16:10:40 PM - INFO - average delay [1482.0]
04/05/2022 16:10:40 PM - INFO - average delay [1483.0]
04/05/2022 16:10:40 PM - INFO - average delay [1496.0]
04/05/2022 16:10:40 PM - INFO - nowTs is [144830], lastTs is [144595]
04/05/2022 16:10:40 PM - INFO - [in this interval] loss-ratio is [0.09090909090909091]
04/05/2022 16:10:40 PM - INFO - [in this interval] group num is [9]
04/05/2022 16:10:40 PM - INFO - [in this interval] delayDelta from group is [[-10, -5, 14, 5, 12, -9, -9, 23]]
04/05/2022 16:10:40 PM - INFO - sample List of accDelay : [[-3815.676868037383, -3816.3091812336447, -3816.87826311028, -3818.090436799252, -3820.4813931193266, -3823.333253807394, -3827.1999284266544, -3832.279935583989, -3837.95194202559, -3841.956747823031, -3848.6610730407283, -3855.694965736656, -3863.0254691629902, -3870.1229222466914, -3875.110630022022, -3879.09956701982, -3881.4896103178376, -3884.540649286054, -3888.1865843574483, -3889.167925921703]]
04/05/2022 16:10:40 PM - INFO - sample List of time: [[144060, 144087, 144139, 144154, 144167, 144179, 144192, 144219, 144233, 144257, 144278, 144302, 144346, 144371, 144391, 144415, 144435, 144462, 144488, 144514]]
04/05/2022 16:10:40 PM - INFO - update trend: [-0.19743063259771246]
04/05/2022 16:10:40 PM - INFO - estimateQueueDelayDuration [-47.38335182345099] = queueDelayDelta [-0.7897225303908498] * numCount[1000]
04/05/2022 16:10:40 PM - INFO - [in this interval] signal is [Signal.NORMAL]
04/05/2022 16:10:40 PM - INFO - [in this interval] adaptiveThresholdGamma is [63.81405922426467]
04/05/2022 16:10:40 PM - INFO - [in this interval] state is [State.INCREASE]
04/05/2022 16:10:40 PM - INFO - [in this interval] now real rate is [0.5205150905432596]mbps
04/05/2022 16:10:40 PM - INFO - [in this interval] now real rtt is [3416]
04/05/2022 16:10:40 PM - INFO - [in this interval] aimd control rate is [0.6901281237593287] mbps
04/05/2022 16:10:40 PM - INFO - [in this interval] delay-rate is [0.6901281237593287] mbps
04/05/2022 16:10:40 PM - INFO - average delay [1494.6666666666667]
04/05/2022 16:10:40 PM - INFO - average delay [1526.3333333333333]
04/05/2022 16:10:40 PM - INFO - average delay [1546.3333333333333]
04/05/2022 16:10:40 PM - INFO - average delay [1561.6666666666667]
04/05/2022 16:10:40 PM - INFO - nowTs is [145061], lastTs is [144830]
04/05/2022 16:10:40 PM - INFO - [in this interval] loss-ratio is [0.0]
04/05/2022 16:10:40 PM - INFO - [in this interval] group num is [8]
04/05/2022 16:10:40 PM - INFO - [in this interval] delayDelta from group is [[34, -11, 10, 4, 9, 0, -10]]
04/05/2022 16:10:40 PM - INFO - sample List of accDelay : [[-3832.279935583989, -3837.95194202559, -3841.956747823031, -3848.6610730407283, -3855.694965736656, -3863.0254691629902, -3870.1229222466914, -3875.110630022022, -3879.09956701982, -3881.4896103178376, -3884.540649286054, -3888.1865843574483, -3889.167925921703, -3886.651133329533, -3885.4860199965797, -3883.437417996922, -3881.1936761972297, -3878.2743085775064, -3875.6468777197556, -3874.28218994778]]
04/05/2022 16:10:40 PM - INFO - sample List of time: [[144219, 144233, 144257, 144278, 144302, 144346, 144371, 144391, 144415, 144435, 144462, 144488, 144514, 144582, 144651, 144675, 144695, 144719, 144738, 144763]]
04/05/2022 16:10:40 PM - INFO - update trend: [-0.07179424799853472]
04/05/2022 16:10:40 PM - INFO - estimateQueueDelayDuration [-17.230619519648332] = queueDelayDelta [-0.2871769919941389] * numCount[1001]
04/05/2022 16:10:40 PM - INFO - [in this interval] signal is [Signal.NORMAL]
04/05/2022 16:10:40 PM - INFO - [in this interval] adaptiveThresholdGamma is [62.975557309581575]
04/05/2022 16:10:40 PM - INFO - [in this interval] state is [State.INCREASE]
04/05/2022 16:10:40 PM - INFO - [in this interval] now real rate is [0.4281810699588477]mbps
04/05/2022 16:10:40 PM - INFO - [in this interval] now real rtt is [3518]
04/05/2022 16:10:40 PM - INFO - [in this interval] aimd control rate is [0.693962168891325] mbps
04/05/2022 16:10:40 PM - INFO - [in this interval] delay-rate is [0.693962168891325] mbps
04/05/2022 16:10:40 PM - INFO - average delay [1565.6666666666667]
04/05/2022 16:10:40 PM - INFO - average delay [1566.0]
04/05/2022 16:10:40 PM - INFO - average delay [1592.2]
04/05/2022 16:10:40 PM - INFO - average delay [1610.75]
04/05/2022 16:10:40 PM - INFO - nowTs is [145305], lastTs is [145061]
04/05/2022 16:10:40 PM - INFO - [in this interval] loss-ratio is [0.0]
04/05/2022 16:10:40 PM - INFO - [in this interval] group num is [5]
04/05/2022 16:10:40 PM - INFO - [in this interval] delayDelta from group is [[34, 6, -9, 35]]
04/05/2022 16:10:40 PM - INFO - sample List of accDelay : [[-3855.694965736656, -3863.0254691629902, -3870.1229222466914, -3875.110630022022, -3879.09956701982, -3881.4896103178376, -3884.540649286054, -3888.1865843574483, -3889.167925921703, -3886.651133329533, -3885.4860199965797, -3883.437417996922, -3881.1936761972297, -3878.2743085775064, -3875.6468777197556, -3874.28218994778, -3869.6539709530016, -3864.8885738577014, -3861.499716471931, -3854.949744824738]]
04/05/2022 16:10:40 PM - INFO - sample List of time: [[144302, 144346, 144371, 144391, 144415, 144435, 144462, 144488, 144514, 144582, 144651, 144675, 144695, 144719, 144738, 144763, 144846, 144925, 144946, 144967]]
04/05/2022 16:10:40 PM - INFO - update trend: [0.012665242796584706]
04/05/2022 16:10:40 PM - INFO - estimateQueueDelayDuration [3.0396582711803295] = queueDelayDelta [0.050660971186338825] * numCount[1001]
04/05/2022 16:10:40 PM - INFO - [in this interval] signal is [Signal.NORMAL]
04/05/2022 16:10:40 PM - INFO - [in this interval] adaptiveThresholdGamma is [61.89671112689035]
04/05/2022 16:10:40 PM - INFO - [in this interval] state is [State.INCREASE]
04/05/2022 16:10:40 PM - INFO - [in this interval] now real rate is [0.46102213279678067]mbps
04/05/2022 16:10:40 PM - INFO - [in this interval] now real rtt is [3686]
04/05/2022 16:10:40 PM - INFO - [in this interval] aimd control rate is [0.6978175142740546] mbps
04/05/2022 16:10:40 PM - INFO - [in this interval] delay-rate is [0.6978175142740546] mbps
04/05/2022 16:10:40 PM - INFO - average delay [1626.2]
04/05/2022 16:10:40 PM - INFO - average delay [1667.75]
04/05/2022 16:10:40 PM - INFO - average delay [1662.6666666666667]
04/05/2022 16:10:40 PM - INFO - average delay [1625.25]
04/05/2022 16:10:40 PM - INFO - nowTs is [145548], lastTs is [145305]
04/05/2022 16:10:40 PM - INFO - [in this interval] loss-ratio is [0.0]
04/05/2022 16:10:40 PM - INFO - [in this interval] group num is [10]
04/05/2022 16:10:40 PM - INFO - [in this interval] delayDelta from group is [[-8, -8, -12, -13, -7, -11, -14, -12, -14]]
04/05/2022 16:10:40 PM - INFO - sample List of accDelay : [[-3886.651133329533, -3885.4860199965797, -3883.437417996922, -3881.1936761972297, -3878.2743085775064, -3875.6468777197556, -3874.28218994778, -3869.6539709530016, -3864.8885738577014, -3861.499716471931, -3854.949744824738, -3849.854770342264, -3846.0692933080377, -3843.862363977234, -3843.1761275795106, -3843.25851482156, -3844.432663339404, -3846.8893970054637, -3850.3004573049175, -3854.770411574426]]
04/05/2022 16:10:40 PM - INFO - sample List of time: [[144582, 144651, 144675, 144695, 144719, 144738, 144763, 144846, 144925, 144946, 144967, 145079, 145101, 145123, 145146, 145168, 145191, 145215, 145236, 145254]]
04/05/2022 16:10:40 PM - INFO - update trend: [0.06762819591056055]
04/05/2022 16:10:40 PM - INFO - estimateQueueDelayDuration [16.230767018534532] = queueDelayDelta [0.2705127836422422] * numCount[1000]
04/05/2022 16:10:40 PM - INFO - [in this interval] signal is [Signal.NORMAL]
04/05/2022 16:10:40 PM - INFO - [in this interval] adaptiveThresholdGamma is [61.07472413293995]
04/05/2022 16:10:40 PM - INFO - [in this interval] state is [State.INCREASE]
04/05/2022 16:10:40 PM - INFO - [in this interval] now real rate is [0.5343408624229979]mbps
04/05/2022 16:10:40 PM - INFO - [in this interval] now real rtt is [3562]
04/05/2022 16:10:40 PM - INFO - [in this interval] aimd control rate is [0.7016942782422438] mbps
04/05/2022 16:10:40 PM - INFO - [in this interval] delay-rate is [0.7016942782422438] mbps
04/05/2022 16:10:40 PM - INFO - average delay [1589.6666666666667]
04/05/2022 16:10:40 PM - INFO - average delay [1549.3333333333333]
04/05/2022 16:10:40 PM - INFO - average delay [1510.8333333333333]
04/05/2022 16:10:40 PM - INFO - average delay [1478.4]
04/05/2022 16:10:40 PM - INFO - nowTs is [145790], lastTs is [145548]
04/05/2022 16:10:40 PM - INFO - [in this interval] loss-ratio is [0.0]
04/05/2022 16:10:40 PM - INFO - [in this interval] group num is [11]
04/05/2022 16:10:40 PM - INFO - [in this interval] delayDelta from group is [[-10, -15, -14, -10, -13, -13, -6, -7, -7, -13]]
04/05/2022 16:10:40 PM - INFO - sample List of accDelay : [[-3854.949744824738, -3849.854770342264, -3846.0692933080377, -3843.862363977234, -3843.1761275795106, -3843.25851482156, -3844.432663339404, -3846.8893970054637, -3850.3004573049175, -3854.770411574426, -3859.793370416983, -3865.814033375285, -3872.6326300377564, -3879.769367033981, -3887.4924303305825, -3895.7431872975244, -3903.7688685677717, -3911.6919817109942, -3919.522783539895, -3927.870505185905]]
04/05/2022 16:10:40 PM - INFO - sample List of time: [[144967, 145079, 145101, 145123, 145146, 145168, 145191, 145215, 145236, 145254, 145295, 145315, 145335, 145356, 145376, 145398, 145420, 145444, 145472, 145500]]
04/05/2022 16:10:40 PM - INFO - update trend: [-0.1683772730668681]
04/05/2022 16:10:40 PM - INFO - estimateQueueDelayDuration [-40.41054553604834] = queueDelayDelta [-0.6735090922674724] * numCount[1000]
04/05/2022 16:10:40 PM - INFO - [in this interval] signal is [Signal.NORMAL]
04/05/2022 16:10:40 PM - INFO - [in this interval] adaptiveThresholdGamma is [60.7027689181959]
04/05/2022 16:10:40 PM - INFO - [in this interval] state is [State.INCREASE]
04/05/2022 16:10:40 PM - INFO - [in this interval] now real rate is [0.6094618473895582]mbps
04/05/2022 16:10:40 PM - INFO - [in this interval] now real rtt is [3316]
04/05/2022 16:10:40 PM - INFO - [in this interval] aimd control rate is [0.7055925797880341] mbps
04/05/2022 16:10:40 PM - INFO - [in this interval] delay-rate is [0.7055925797880341] mbps
04/05/2022 16:10:40 PM - INFO - average delay [1465.6]
04/05/2022 16:10:40 PM - INFO - average delay [1473.0]
04/05/2022 16:10:40 PM - INFO - average delay [1468.8]
04/05/2022 16:10:40 PM - INFO - average delay [1474.3333333333333]
04/05/2022 16:10:40 PM - INFO - nowTs is [146034], lastTs is [145790]
04/05/2022 16:10:40 PM - INFO - [in this interval] loss-ratio is [0.0]
04/05/2022 16:10:40 PM - INFO - [in this interval] group num is [7]
04/05/2022 16:10:40 PM - INFO - [in this interval] delayDelta from group is [[4, -10, -1, 16, 7, 34]]
04/05/2022 16:10:40 PM - INFO - sample List of accDelay : [[-3844.432663339404, -3846.8893970054637, -3850.3004573049175, -3854.770411574426, -3859.793370416983, -3865.814033375285, -3872.6326300377564, -3879.769367033981, -3887.4924303305825, -3895.7431872975244, -3903.7688685677717, -3911.6919817109942, -3919.522783539895, -3927.870505185905, -3934.9834546673146, -3942.3851092005834, -3949.1465982805253, -3953.6319384524727, -3956.9687446072253, -3956.5718701465025]]
04/05/2022 16:10:40 PM - INFO - sample List of time: [[145191, 145215, 145236, 145254, 145295, 145315, 145335, 145356, 145376, 145398, 145420, 145444, 145472, 145500, 145546, 145575, 145605, 145634, 145685, 145712]]
04/05/2022 16:10:40 PM - INFO - update trend: [-0.2494037080706555]
04/05/2022 16:10:40 PM - INFO - estimateQueueDelayDuration [-59.85688993695732] = queueDelayDelta [-0.997614832282622] * numCount[1000]
04/05/2022 16:10:40 PM - INFO - [in this interval] signal is [Signal.NORMAL]
04/05/2022 16:10:40 PM - INFO - [in this interval] adaptiveThresholdGamma is [60.68754309653361]
04/05/2022 16:10:40 PM - INFO - [in this interval] state is [State.INCREASE]
04/05/2022 16:10:40 PM - INFO - [in this interval] now real rate is [0.5740040241448692]mbps
04/05/2022 16:10:40 PM - INFO - [in this interval] now real rtt is [3454]
04/05/2022 16:10:40 PM - INFO - [in this interval] aimd control rate is [0.7095125385646343] mbps
04/05/2022 16:10:40 PM - INFO - [in this interval] delay-rate is [0.7095125385646343] mbps
04/05/2022 16:10:40 PM - INFO - average delay [1509.0]
04/05/2022 16:10:40 PM - INFO - average delay [1537.0]
04/05/2022 16:10:40 PM - INFO - average delay [1544.0]
04/05/2022 16:10:40 PM - INFO - average delay [1537.6]
04/05/2022 16:10:40 PM - INFO - nowTs is [146272], lastTs is [146034]
04/05/2022 16:10:40 PM - INFO - [in this interval] loss-ratio is [0.0]
04/05/2022 16:10:40 PM - INFO - [in this interval] group num is [7]
04/05/2022 16:10:40 PM - INFO - [in this interval] delayDelta from group is [[5, -7, -2, -5, -3, 0]]
04/05/2022 16:10:40 PM - INFO - sample List of accDelay : [[-3872.6326300377564, -3879.769367033981, -3887.4924303305825, -3895.7431872975244, -3903.7688685677717, -3911.6919817109942, -3919.522783539895, -3927.870505185905, -3934.9834546673146, -3942.3851092005834, -3949.1465982805253, -3953.6319384524727, -3956.9687446072253, -3956.5718701465025, -3955.714683131852, -3955.643214818667, -3955.7788933368, -3956.40100400312, -3957.260903602808, -3958.0348132425274]]
04/05/2022 16:10:40 PM - INFO - sample List of time: [[145335, 145356, 145376, 145398, 145420, 145444, 145472, 145500, 145546, 145575, 145605, 145634, 145685, 145712, 145811, 145851, 145879, 145907, 145937, 145969]]
04/05/2022 16:10:40 PM - INFO - update trend: [-0.12326011995871708]
04/05/2022 16:10:40 PM - INFO - estimateQueueDelayDuration [-29.5824287900921] = queueDelayDelta [-0.4930404798348683] * numCount[1000]
04/05/2022 16:10:40 PM - INFO - [in this interval] signal is [Signal.NORMAL]
04/05/2022 16:10:40 PM - INFO - [in this interval] adaptiveThresholdGamma is [60.127651039017664]
04/05/2022 16:10:40 PM - INFO - [in this interval] state is [State.INCREASE]
04/05/2022 16:10:40 PM - INFO - [in this interval] now real rate is [0.5342044088176353]mbps
04/05/2022 16:10:40 PM - INFO - [in this interval] now real rtt is [3470]
04/05/2022 16:10:40 PM - INFO - [in this interval] aimd control rate is [0.7134542748899934] mbps
04/05/2022 16:10:40 PM - INFO - [in this interval] delay-rate is [0.7134542748899934] mbps
04/05/2022 16:10:40 PM - INFO - average delay [1529.75]
04/05/2022 16:10:40 PM - INFO - average delay [1554.3333333333333]
04/05/2022 16:10:40 PM - INFO - average delay [1572.3333333333333]
04/05/2022 16:10:40 PM - INFO - average delay [1594.25]
04/05/2022 16:10:40 PM - INFO - nowTs is [146505], lastTs is [146272]
04/05/2022 16:10:40 PM - INFO - [in this interval] loss-ratio is [0.0]
04/05/2022 16:10:40 PM - INFO - [in this interval] group num is [6]
04/05/2022 16:10:40 PM - INFO - [in this interval] delayDelta from group is [[15, 21, 15, 0, 24]]
04/05/2022 16:10:40 PM - INFO - sample List of accDelay : [[-3911.6919817109942, -3919.522783539895, -3927.870505185905, -3934.9834546673146, -3942.3851092005834, -3949.1465982805253, -3953.6319384524727, -3956.9687446072253, -3956.5718701465025, -3955.714683131852, -3955.643214818667, -3955.7788933368, -3956.40100400312, -3957.260903602808, -3958.0348132425274, -3957.231331918275, -3954.4081987264476, -3950.367378853803, -3946.730640968423, -3941.0575768715807]]
04/05/2022 16:10:40 PM - INFO - sample List of time: [[145444, 145472, 145500, 145546, 145575, 145605, 145634, 145685, 145712, 145811, 145851, 145879, 145907, 145937, 145969, 146032, 146072, 146133, 146173, 146193]]
04/05/2022 16:10:40 PM - INFO - update trend: [-0.032417108502398914]
04/05/2022 16:10:40 PM - INFO - estimateQueueDelayDuration [-7.780106040575739] = queueDelayDelta [-0.12966843400959566] * numCount[1001]
04/05/2022 16:10:40 PM - INFO - [in this interval] signal is [Signal.NORMAL]
04/05/2022 16:10:40 PM - INFO - [in this interval] adaptiveThresholdGamma is [59.18539522904571]
04/05/2022 16:10:40 PM - INFO - [in this interval] state is [State.INCREASE]
04/05/2022 16:10:40 PM - INFO - [in this interval] now real rate is [0.5658387096774193]mbps
04/05/2022 16:10:40 PM - INFO - [in this interval] now real rtt is [3666]
04/05/2022 16:10:40 PM - INFO - [in this interval] aimd control rate is [0.7174179097504934] mbps
04/05/2022 16:10:40 PM - INFO - [in this interval] delay-rate is [0.7174179097504934] mbps
04/05/2022 16:10:40 PM - INFO - average delay [1617.25]
04/05/2022 16:10:40 PM - INFO - average delay [1617.3333333333333]
04/05/2022 16:10:40 PM - INFO - average delay [1605.0]
04/05/2022 16:10:40 PM - INFO - average delay [1609.6666666666667]
04/05/2022 16:10:40 PM - INFO - nowTs is [146750], lastTs is [146505]
04/05/2022 16:10:40 PM - INFO - [in this interval] loss-ratio is [0.42105263157894735]
04/05/2022 16:10:40 PM - INFO - [in this interval] group num is [9]
04/05/2022 16:10:40 PM - INFO - [in this interval] delayDelta from group is [[-7, -12, 6, -2, 7, -7, -11, -2]]
04/05/2022 16:10:40 PM - INFO - sample List of accDelay : [[-3956.5718701465025, -3955.714683131852, -3955.643214818667, -3955.7788933368, -3956.40100400312, -3957.260903602808, -3958.0348132425274, -3957.231331918275, -3954.4081987264476, -3950.367378853803, -3946.730640968423, -3941.0575768715807, -3936.6518191844225, -3933.8866372659804, -3930.7979735393824, -3928.218176185444, -3925.1963585668996, -3923.1767227102096, -3922.4590504391886, -3922.0131453952695]]
04/05/2022 16:10:40 PM - INFO - sample List of time: [[145712, 145811, 145851, 145879, 145907, 145937, 145969, 146032, 146072, 146133, 146173, 146193, 146255, 146278, 146301, 146347, 146370, 146417, 146440, 146459]]
04/05/2022 16:10:40 PM - INFO - update trend: [0.056871016984225635]
04/05/2022 16:10:40 PM - INFO - estimateQueueDelayDuration [13.649044076214153] = queueDelayDelta [0.22748406793690254] * numCount[1001]
04/05/2022 16:10:40 PM - INFO - [in this interval] signal is [Signal.NORMAL]
04/05/2022 16:10:40 PM - INFO - [in this interval] adaptiveThresholdGamma is [58.36574090829474]
04/05/2022 16:10:40 PM - INFO - [in this interval] state is [State.INCREASE]
04/05/2022 16:10:40 PM - INFO - [in this interval] now real rate is [0.5356430020283975]mbps
04/05/2022 16:10:40 PM - INFO - [in this interval] now real rtt is [3596]
04/05/2022 16:10:40 PM - INFO - [in this interval] aimd control rate is [0.7214035648046627] mbps
04/05/2022 16:10:40 PM - INFO - [in this interval] delay-rate is [0.7214035648046627] mbps
04/05/2022 16:10:40 PM - INFO - average delay [1603.0]
04/05/2022 16:10:40 PM - INFO - average delay [1587.6666666666667]
04/05/2022 16:10:40 PM - INFO - average delay [1549.0]
04/05/2022 16:10:40 PM - INFO - average delay [1498.0]
04/05/2022 16:10:40 PM - INFO - nowTs is [146977], lastTs is [146750]
04/05/2022 16:10:40 PM - INFO - [in this interval] loss-ratio is [0.29411764705882354]
04/05/2022 16:10:40 PM - INFO - [in this interval] group num is [10]
04/05/2022 16:10:40 PM - INFO - [in this interval] delayDelta from group is [[8, -26, -17, -17, -11, -17, -12, 16, -5]]
04/05/2022 16:10:40 PM - INFO - sample List of accDelay : [[-3950.367378853803, -3946.730640968423, -3941.0575768715807, -3936.6518191844225, -3933.8866372659804, -3930.7979735393824, -3928.218176185444, -3925.1963585668996, -3923.1767227102096, -3922.4590504391886, -3922.0131453952695, -3920.8118308557428, -3922.3306477701685, -3925.3975829931514, -3929.8578246938364, -3934.9720422244527, -3941.274838002007, -3948.1473542018066, -3952.732618781626, -3957.359356903464]]
04/05/2022 16:10:40 PM - INFO - sample List of time: [[146133, 146173, 146193, 146255, 146278, 146301, 146347, 146370, 146417, 146440, 146459, 146495, 146513, 146532, 146550, 146568, 146587, 146605, 146628, 146679]]
04/05/2022 16:10:40 PM - INFO - update trend: [-0.0019373628350481328]
04/05/2022 16:10:40 PM - INFO - estimateQueueDelayDuration [-0.4649670804115519] = queueDelayDelta [-0.007749451340192531] * numCount[1000]
04/05/2022 16:10:40 PM - INFO - [in this interval] signal is [Signal.NORMAL]
04/05/2022 16:10:40 PM - INFO - [in this interval] adaptiveThresholdGamma is [57.323526979392845]
04/05/2022 16:10:40 PM - INFO - [in this interval] state is [State.INCREASE]
04/05/2022 16:10:40 PM - INFO - [in this interval] now real rate is [0.5327804878048781]mbps
04/05/2022 16:10:40 PM - INFO - [in this interval] now real rtt is [3420]
04/05/2022 16:10:40 PM - INFO - [in this interval] aimd control rate is [0.7254113623869108] mbps
04/05/2022 16:10:40 PM - INFO - [in this interval] delay-rate is [0.7254113623869108] mbps
04/05/2022 16:10:40 PM - INFO - average delay [1506.6666666666667]
04/05/2022 16:10:40 PM - INFO - average delay [1533.0]
04/05/2022 16:10:40 PM - INFO - average delay [1551.3333333333333]
04/05/2022 16:10:40 PM - INFO - average delay [1563.3333333333333]
04/05/2022 16:10:40 PM - INFO - nowTs is [147227], lastTs is [146977]
04/05/2022 16:10:40 PM - INFO - [in this interval] loss-ratio is [0.0]
04/05/2022 16:10:40 PM - INFO - [in this interval] group num is [6]
04/05/2022 16:10:40 PM - INFO - [in this interval] delayDelta from group is [[14, 21, 7, 6, 12]]
04/05/2022 16:10:40 PM - INFO - sample List of accDelay : [[-3930.7979735393824, -3928.218176185444, -3925.1963585668996, -3923.1767227102096, -3922.4590504391886, -3922.0131453952695, -3920.8118308557428, -3922.3306477701685, -3925.3975829931514, -3929.8578246938364, -3934.9720422244527, -3941.274838002007, -3948.1473542018066, -3952.732618781626, -3957.359356903464, -3960.1234212131176, -3960.511079091806, -3960.159971182625, -3959.2439740643626, -3957.2195766579266]]
04/05/2022 16:10:40 PM - INFO - sample List of time: [[146301, 146347, 146370, 146417, 146440, 146459, 146495, 146513, 146532, 146550, 146568, 146587, 146605, 146628, 146679, 146729, 146778, 146829, 146871, 146912]]
04/05/2022 16:10:40 PM - INFO - update trend: [-0.07823159544624361]
04/05/2022 16:10:40 PM - INFO - estimateQueueDelayDuration [-18.775582907098467] = queueDelayDelta [-0.31292638178497445] * numCount[1001]
04/05/2022 16:10:40 PM - INFO - [in this interval] signal is [Signal.NORMAL]
04/05/2022 16:10:40 PM - INFO - [in this interval] adaptiveThresholdGamma is [56.62966398609154]
04/05/2022 16:10:40 PM - INFO - [in this interval] state is [State.INCREASE]
04/05/2022 16:10:40 PM - INFO - [in this interval] now real rate is [0.5481212121212121]mbps
04/05/2022 16:10:40 PM - INFO - [in this interval] now real rtt is [3580]
04/05/2022 16:10:40 PM - INFO - [in this interval] aimd control rate is [0.7294414255112825] mbps
04/05/2022 16:10:40 PM - INFO - [in this interval] delay-rate is [0.7294414255112825] mbps
04/05/2022 16:10:40 PM - INFO - average delay [1580.6666666666667]
04/05/2022 16:10:40 PM - INFO - average delay [1589.0]
04/05/2022 16:10:40 PM - INFO - average delay [1608.3333333333333]
04/05/2022 16:10:40 PM - INFO - average delay [1636.0]
04/05/2022 16:10:40 PM - INFO - nowTs is [147456], lastTs is [147227]
04/05/2022 16:10:40 PM - INFO - [in this interval] loss-ratio is [0.0]
04/05/2022 16:10:40 PM - INFO - [in this interval] group num is [5]
04/05/2022 16:10:40 PM - INFO - [in this interval] delayDelta from group is [[8, 30, 28, -9]]
04/05/2022 16:10:40 PM - INFO - sample List of accDelay : [[-3922.4590504391886, -3922.0131453952695, -3920.8118308557428, -3922.3306477701685, -3925.3975829931514, -3929.8578246938364, -3934.9720422244527, -3941.274838002007, -3948.1473542018066, -3952.732618781626, -3957.359356903464, -3960.1234212131176, -3960.511079091806, -3960.159971182625, -3959.2439740643626, -3957.2195766579266, -3954.597618992134, -3949.2378570929204, -3941.614071383628, -3935.652664245265]]
04/05/2022 16:10:40 PM - INFO - sample List of time: [[146440, 146459, 146495, 146513, 146532, 146550, 146568, 146587, 146605, 146628, 146679, 146729, 146778, 146829, 146871, 146912, 146996, 147039, 147099, 147162]]
04/05/2022 16:10:40 PM - INFO - update trend: [-0.03653162907141976]
04/05/2022 16:10:40 PM - INFO - estimateQueueDelayDuration [-8.767590977140744] = queueDelayDelta [-0.14612651628567905] * numCount[1001]
04/05/2022 16:10:40 PM - INFO - [in this interval] signal is [Signal.NORMAL]
04/05/2022 16:10:40 PM - INFO - [in this interval] adaptiveThresholdGamma is [55.76814667193043]
04/05/2022 16:10:40 PM - INFO - [in this interval] state is [State.INCREASE]
04/05/2022 16:10:40 PM - INFO - [in this interval] now real rate is [0.4996910229645094]mbps
04/05/2022 16:10:40 PM - INFO - [in this interval] now real rtt is [3708]
04/05/2022 16:10:40 PM - INFO - [in this interval] aimd control rate is [0.7334938778752341] mbps
04/05/2022 16:10:40 PM - INFO - [in this interval] delay-rate is [0.7334938778752341] mbps
04/05/2022 16:10:40 PM - INFO - average delay [1654.6666666666667]
04/05/2022 16:10:40 PM - INFO - average delay [1688.25]
04/05/2022 16:10:40 PM - INFO - average delay [1696.4]
04/05/2022 16:10:40 PM - INFO - average delay [1685.6]
04/05/2022 16:10:40 PM - INFO - nowTs is [147708], lastTs is [147456]
04/05/2022 16:10:40 PM - INFO - [in this interval] loss-ratio is [0.32]
04/05/2022 16:10:40 PM - INFO - [in this interval] group num is [9]
04/05/2022 16:10:40 PM - INFO - [in this interval] delayDelta from group is [[17, -4, -8, -3, -7, -21, -16, -8]]
04/05/2022 16:10:40 PM - INFO - sample List of accDelay : [[-3948.1473542018066, -3952.732618781626, -3957.359356903464, -3960.1234212131176, -3960.511079091806, -3960.159971182625, -3959.2439740643626, -3957.2195766579266, -3954.597618992134, -3949.2378570929204, -3941.614071383628, -3935.652664245265, -3928.5873978207387, -3922.628658038665, -3918.065792234798, -3914.2592130113185, -3911.5332917101864, -3911.1799625391677, -3912.461966285251, -3914.415769656726]]
04/05/2022 16:10:40 PM - INFO - sample List of time: [[146605, 146628, 146679, 146729, 146778, 146829, 146871, 146912, 146996, 147039, 147099, 147162, 147225, 147272, 147298, 147325, 147352, 147380, 147394, 147408]]
04/05/2022 16:10:40 PM - INFO - update trend: [0.06397600170513262]
04/05/2022 16:10:40 PM - INFO - estimateQueueDelayDuration [15.35424040923183] = queueDelayDelta [0.2559040068205305] * numCount[1001]
04/05/2022 16:10:40 PM - INFO - [in this interval] signal is [Signal.NORMAL]
04/05/2022 16:10:40 PM - INFO - [in this interval] adaptiveThresholdGamma is [55.04069635920185]
04/05/2022 16:10:40 PM - INFO - [in this interval] state is [State.INCREASE]
04/05/2022 16:10:40 PM - INFO - [in this interval] now real rate is [0.5326902286902286]mbps
04/05/2022 16:10:40 PM - INFO - [in this interval] now real rtt is [3682]
04/05/2022 16:10:40 PM - INFO - [in this interval] aimd control rate is [0.7375688438634298] mbps
04/05/2022 16:10:40 PM - INFO - [in this interval] delay-rate is [0.7375688438634298] mbps
04/05/2022 16:10:40 PM - INFO - average delay [1653.8]
04/05/2022 16:10:40 PM - INFO - average delay [1588.8333333333333]
04/05/2022 16:10:40 PM - INFO - average delay [1576.5]
04/05/2022 16:10:40 PM - INFO - average delay [1568.1666666666667]
04/05/2022 16:10:40 PM - INFO - nowTs is [147937], lastTs is [147708]
04/05/2022 16:10:40 PM - INFO - [in this interval] loss-ratio is [0.2962962962962963]
04/05/2022 16:10:40 PM - INFO - [in this interval] group num is [9]
04/05/2022 16:10:40 PM - INFO - [in this interval] delayDelta from group is [[-19, -8, -3, -2, -8, -3, -14, 10]]
04/05/2022 16:10:40 PM - INFO - sample List of accDelay : [[-3954.597618992134, -3949.2378570929204, -3941.614071383628, -3935.652664245265, -3928.5873978207387, -3922.628658038665, -3918.065792234798, -3914.2592130113185, -3911.5332917101864, -3911.1799625391677, -3912.461966285251, -3914.415769656726, -3918.074192691053, -3922.166773421948, -3926.1500960797534, -3929.935086471778, -3934.1415778246, -3938.2274200421402, -3943.3046780379264, -3946.874210234134]]
04/05/2022 16:10:40 PM - INFO - sample List of time: [[146996, 147039, 147099, 147162, 147225, 147272, 147298, 147325, 147352, 147380, 147394, 147408, 147446, 147457, 147489, 147521, 147544, 147576, 147608, 147619]]
04/05/2022 16:10:40 PM - INFO - update trend: [0.016698710396086794]
04/05/2022 16:10:40 PM - INFO - estimateQueueDelayDuration [4.007690495060831] = queueDelayDelta [0.06679484158434718] * numCount[1001]
04/05/2022 16:10:40 PM - INFO - [in this interval] signal is [Signal.NORMAL]
04/05/2022 16:10:40 PM - INFO - [in this interval] adaptiveThresholdGamma is [54.12210225364731]
04/05/2022 16:10:40 PM - INFO - [in this interval] state is [State.INCREASE]
04/05/2022 16:10:40 PM - INFO - [in this interval] now real rate is [0.6537380457380457]mbps
04/05/2022 16:10:40 PM - INFO - [in this interval] now real rtt is [3540]
04/05/2022 16:10:40 PM - INFO - [in this interval] aimd control rate is [0.74166644855156] mbps
04/05/2022 16:10:40 PM - INFO - [in this interval] delay-rate is [0.74166644855156] mbps
04/05/2022 16:10:40 PM - INFO - average delay [1560.0]
04/05/2022 16:10:40 PM - INFO - average delay [1602.0]
04/05/2022 16:10:40 PM - INFO - average delay [1640.0]
04/05/2022 16:10:40 PM - INFO - average delay [1657.6666666666667]
04/05/2022 16:10:40 PM - INFO - nowTs is [148194], lastTs is [147937]
04/05/2022 16:10:40 PM - INFO - [in this interval] loss-ratio is [0.35294117647058826]
04/05/2022 16:10:40 PM - INFO - [in this interval] group num is [7]
04/05/2022 16:10:40 PM - INFO - [in this interval] delayDelta from group is [[38, 38, -7, -5, -16, -21]]
04/05/2022 16:10:40 PM - INFO - sample List of accDelay : [[-3918.065792234798, -3914.2592130113185, -3911.5332917101864, -3911.1799625391677, -3912.461966285251, -3914.415769656726, -3918.074192691053, -3922.166773421948, -3926.1500960797534, -3929.935086471778, -3934.1415778246, -3938.2274200421402, -3943.3046780379264, -3946.874210234134, -3946.2867892107206, -3941.958110289648, -3938.7622992606834, -3936.386069334615, -3935.8474624011537, -3937.4627161610383]]
04/05/2022 16:10:40 PM - INFO - sample List of time: [[147298, 147325, 147352, 147380, 147394, 147408, 147446, 147457, 147489, 147521, 147544, 147576, 147608, 147619, 147699, 147767, 147835, 147863, 147893, 147907]]
04/05/2022 16:10:40 PM - INFO - update trend: [-0.05000626006220625]
04/05/2022 16:10:40 PM - INFO - estimateQueueDelayDuration [-12.0015024149295] = queueDelayDelta [-0.200025040248825] * numCount[1001]
04/05/2022 16:10:40 PM - INFO - [in this interval] signal is [Signal.NORMAL]
04/05/2022 16:10:40 PM - INFO - [in this interval] adaptiveThresholdGamma is [53.36393145655039]
04/05/2022 16:10:40 PM - INFO - [in this interval] state is [State.INCREASE]
04/05/2022 16:10:40 PM - INFO - [in this interval] now real rate is [0.5568256513026053]mbps
04/05/2022 16:10:40 PM - INFO - [in this interval] now real rtt is [3654]
04/05/2022 16:10:40 PM - INFO - [in this interval] aimd control rate is [0.7457868177101799] mbps
04/05/2022 16:10:40 PM - INFO - [in this interval] delay-rate is [0.7457868177101799] mbps
04/05/2022 16:10:40 PM - INFO - average delay [1651.4]
04/05/2022 16:10:40 PM - INFO - average delay [1643.25]
04/05/2022 16:10:40 PM - INFO - average delay [1625.4]
04/05/2022 16:10:40 PM - INFO - average delay [1620.6666666666667]
04/05/2022 16:10:40 PM - INFO - nowTs is [148427], lastTs is [148194]
04/05/2022 16:10:40 PM - INFO - [in this interval] loss-ratio is [0.35]
04/05/2022 16:10:40 PM - INFO - [in this interval] group num is [7]
04/05/2022 16:10:40 PM - INFO - [in this interval] delayDelta from group is [[-6, -11, -6, 3, -7, 31]]
04/05/2022 16:10:40 PM - INFO - sample List of accDelay : [[-3918.074192691053, -3922.166773421948, -3926.1500960797534, -3929.935086471778, -3934.1415778246, -3938.2274200421402, -3943.3046780379264, -3946.874210234134, -3946.2867892107206, -3941.958110289648, -3938.7622992606834, -3936.386069334615, -3935.8474624011537, -3937.4627161610383, -3939.516444544934, -3942.464800090441, -3945.718320081397, -3948.346488073257, -3951.4118392659316, -3951.0706553393384]]
04/05/2022 16:10:40 PM - INFO - sample List of time: [[147446, 147457, 147489, 147521, 147544, 147576, 147608, 147619, 147699, 147767, 147835, 147863, 147893, 147907, 147950, 147979, 147993, 148022, 148060, 148083]]
04/05/2022 16:10:40 PM - INFO - update trend: [-0.03086553308653085]
04/05/2022 16:10:40 PM - INFO - estimateQueueDelayDuration [-7.407727940767404] = queueDelayDelta [-0.1234621323461234] * numCount[1001]
04/05/2022 16:10:40 PM - INFO - [in this interval] signal is [Signal.NORMAL]
04/05/2022 16:10:40 PM - INFO - [in this interval] adaptiveThresholdGamma is [52.53671979326629]
04/05/2022 16:10:40 PM - INFO - [in this interval] state is [State.INCREASE]
04/05/2022 16:10:40 PM - INFO - [in this interval] now real rate is [0.4522285714285715]mbps
04/05/2022 16:10:40 PM - INFO - [in this interval] now real rtt is [3710]
04/05/2022 16:10:40 PM - INFO - [in this interval] aimd control rate is [0.7499300778085698] mbps
04/05/2022 16:10:40 PM - INFO - [in this interval] delay-rate is [0.7499300778085698] mbps
04/05/2022 16:10:40 PM - INFO - average delay [1634.6666666666667]
04/05/2022 16:10:40 PM - INFO - average delay [1668.5]
04/05/2022 16:10:40 PM - INFO - average delay [1658.2]
04/05/2022 16:10:40 PM - INFO - average delay [1646.0]
04/05/2022 16:10:40 PM - INFO - nowTs is [148673], lastTs is [148427]
04/05/2022 16:10:40 PM - INFO - [in this interval] loss-ratio is [0.5277777777777778]
04/05/2022 16:10:40 PM - INFO - [in this interval] group num is [11]
04/05/2022 16:10:40 PM - INFO - [in this interval] delayDelta from group is [[13, 3, -18, -3, -6, -6, -11, -6, -14, -8]]
04/05/2022 16:10:40 PM - INFO - sample List of accDelay : [[-3938.7622992606834, -3936.386069334615, -3935.8474624011537, -3937.4627161610383, -3939.516444544934, -3942.464800090441, -3945.718320081397, -3948.346488073257, -3951.4118392659316, -3951.0706553393384, -3949.463589805405, -3947.717230824864, -3947.9455077423777, -3948.4509569681395, -3949.5058612713256, -3951.0552751441933, -3953.5497476297737, -3956.3947728667963, -3960.3552955801165, -3964.719766022105]]
04/05/2022 16:10:40 PM - INFO - sample List of time: [[147835, 147863, 147893, 147907, 147950, 147979, 147993, 148022, 148060, 148083, 148181, 148204, 148242, 148254, 148291, 148315, 148339, 148353, 148367, 148378]]
04/05/2022 16:10:40 PM - INFO - update trend: [-0.036626083981303036]
04/05/2022 16:10:40 PM - INFO - estimateQueueDelayDuration [-8.790260155512728] = queueDelayDelta [-0.14650433592521214] * numCount[1001]
04/05/2022 16:10:40 PM - INFO - [in this interval] signal is [Signal.NORMAL]
04/05/2022 16:10:40 PM - INFO - [in this interval] adaptiveThresholdGamma is [51.74928351978673]
04/05/2022 16:10:40 PM - INFO - [in this interval] state is [State.INCREASE]
04/05/2022 16:10:40 PM - INFO - [in this interval] now real rate is [0.5891602434077079]mbps
04/05/2022 16:10:40 PM - INFO - [in this interval] now real rtt is [3612]
04/05/2022 16:10:40 PM - INFO - [in this interval] aimd control rate is [0.7540963560186174] mbps
04/05/2022 16:10:40 PM - INFO - [in this interval] delay-rate is [0.7540963560186174] mbps
04/05/2022 16:10:40 PM - INFO - average delay [1615.4]
04/05/2022 16:10:40 PM - INFO - average delay [1565.8]
04/05/2022 16:10:40 PM - INFO - average delay [1558.2]
04/05/2022 16:10:40 PM - INFO - average delay [1554.8]
04/05/2022 16:10:40 PM - INFO - nowTs is [148911], lastTs is [148673]
04/05/2022 16:10:40 PM - INFO - [in this interval] loss-ratio is [0.3076923076923077]
04/05/2022 16:10:40 PM - INFO - [in this interval] group num is [9]
04/05/2022 16:10:40 PM - INFO - [in this interval] delayDelta from group is [[-14, -3, 2, 2, -8, 1, 3, -21]]
04/05/2022 16:10:40 PM - INFO - sample List of accDelay : [[-3951.4118392659316, -3951.0706553393384, -3949.463589805405, -3947.717230824864, -3947.9455077423777, -3948.4509569681395, -3949.5058612713256, -3951.0552751441933, -3953.5497476297737, -3956.3947728667963, -3960.3552955801165, -3964.719766022105, -3970.0477894198943, -3975.1430104779047, -3979.5287094301143, -3983.2758384871026, -3987.4482546383924, -3991.103429174553, -3994.0930862570976, -3998.8837776313876]]
04/05/2022 16:10:40 PM - INFO - sample List of time: [[148060, 148083, 148181, 148204, 148242, 148254, 148291, 148315, 148339, 148353, 148367, 148378, 148411, 148432, 148459, 148501, 148528, 148555, 148596, 148624]]
04/05/2022 16:10:40 PM - INFO - update trend: [-0.10068151419810363]
04/05/2022 16:10:40 PM - INFO - estimateQueueDelayDuration [-24.16356340754487] = queueDelayDelta [-0.4027260567924145] * numCount[1001]
04/05/2022 16:10:40 PM - INFO - [in this interval] signal is [Signal.NORMAL]
04/05/2022 16:10:40 PM - INFO - [in this interval] adaptiveThresholdGamma is [51.25274055776637]
04/05/2022 16:10:40 PM - INFO - [in this interval] state is [State.INCREASE]
04/05/2022 16:10:40 PM - INFO - [in this interval] now real rate is [0.6371735537190082]mbps
04/05/2022 16:10:40 PM - INFO - [in this interval] now real rtt is [3488]
04/05/2022 16:10:40 PM - INFO - [in this interval] aimd control rate is [0.7582857802187208] mbps
04/05/2022 16:10:40 PM - INFO - [in this interval] delay-rate is [0.7582857802187208] mbps
04/05/2022 16:10:40 PM - INFO - average delay [1555.2]
04/05/2022 16:10:40 PM - INFO - average delay [1543.75]
04/05/2022 16:10:40 PM - INFO - average delay [1513.8]
04/05/2022 16:10:40 PM - INFO - average delay [1490.4]
04/05/2022 16:10:40 PM - INFO - nowTs is [149145], lastTs is [148911]
04/05/2022 16:10:40 PM - INFO - [in this interval] loss-ratio is [0.37037037037037035]
04/05/2022 16:10:40 PM - INFO - [in this interval] group num is [10]
04/05/2022 16:10:40 PM - INFO - [in this interval] delayDelta from group is [[-11, -11, -12, -16, -3, -7, 3, 0, -22]]
04/05/2022 16:10:40 PM - INFO - sample List of accDelay : [[-3956.3947728667963, -3960.3552955801165, -3964.719766022105, -3970.0477894198943, -3975.1430104779047, -3979.5287094301143, -3983.2758384871026, -3987.4482546383924, -3991.103429174553, -3994.0930862570976, -3998.8837776313876, -4004.2953998682488, -4010.265859881424, -4016.8392738932816, -4024.3553465039536, -4031.4198118535583, -4038.4778306682024, -4044.530047601382, -4049.977042841244, -4057.0793385571196]]
04/05/2022 16:10:40 PM - INFO - sample List of time: [[148353, 148367, 148378, 148411, 148432, 148459, 148501, 148528, 148555, 148596, 148624, 148651, 148680, 148694, 148722, 148736, 148763, 148791, 148834, 148859]]
04/05/2022 16:10:40 PM - INFO - update trend: [-0.18882203294690922]
04/05/2022 16:10:40 PM - INFO - estimateQueueDelayDuration [-45.31728790725821] = queueDelayDelta [-0.7552881317876369] * numCount[1000]
04/05/2022 16:10:40 PM - INFO - [in this interval] signal is [Signal.NORMAL]
04/05/2022 16:10:40 PM - INFO - [in this interval] adaptiveThresholdGamma is [51.145902410057225]
04/05/2022 16:10:40 PM - INFO - [in this interval] state is [State.INCREASE]
04/05/2022 16:10:40 PM - INFO - [in this interval] now real rate is [0.6172307692307692]mbps
04/05/2022 16:10:40 PM - INFO - [in this interval] now real rtt is [3356]
04/05/2022 16:10:40 PM - INFO - [in this interval] aimd control rate is [0.7624984789977136] mbps
04/05/2022 16:10:40 PM - INFO - [in this interval] delay-rate is [0.7624984789977136] mbps
04/05/2022 16:10:40 PM - INFO - average delay [1491.4]
04/05/2022 16:10:40 PM - INFO - average delay [1487.2]
04/05/2022 16:10:40 PM - INFO - average delay [1477.0]
04/05/2022 16:10:40 PM - INFO - average delay [1484.0]
04/05/2022 16:10:40 PM - INFO - nowTs is [149382], lastTs is [149145]
04/05/2022 16:10:40 PM - INFO - [in this interval] loss-ratio is [0.22727272727272727]
04/05/2022 16:10:40 PM - INFO - [in this interval] group num is [8]
04/05/2022 16:10:40 PM - INFO - [in this interval] delayDelta from group is [[-5, -5, -3, 4, -3, 40, 4]]
04/05/2022 16:10:40 PM - INFO - sample List of accDelay : [[-3987.4482546383924, -3991.103429174553, -3994.0930862570976, -3998.8837776313876, -4004.2953998682488, -4010.265859881424, -4016.8392738932816, -4024.3553465039536, -4031.4198118535583, -4038.4778306682024, -4044.530047601382, -4049.977042841244, -4057.0793385571196, -4063.9714047014077, -4070.674264231267, -4077.0068378081405, -4082.3061540273266, -4087.375538624594, -4087.9379847621344, -4088.044186285921]]
04/05/2022 16:10:40 PM - INFO - sample List of time: [[148528, 148555, 148596, 148624, 148651, 148680, 148694, 148722, 148736, 148763, 148791, 148834, 148859, 148897, 148922, 148947, 148984, 149023, 149035, 149090]]
04/05/2022 16:10:40 PM - INFO - update trend: [-0.20847464371049118]
04/05/2022 16:10:40 PM - INFO - estimateQueueDelayDuration [-50.03391449051789] = queueDelayDelta [-0.8338985748419647] * numCount[1001]
04/05/2022 16:10:40 PM - INFO - [in this interval] signal is [Signal.NORMAL]
04/05/2022 16:10:40 PM - INFO - [in this interval] adaptiveThresholdGamma is [51.125886627505515]
04/05/2022 16:10:40 PM - INFO - [in this interval] state is [State.INCREASE]
04/05/2022 16:10:40 PM - INFO - [in this interval] now real rate is [0.6066212424849698]mbps
04/05/2022 16:10:40 PM - INFO - [in this interval] now real rtt is [3460]
04/05/2022 16:10:40 PM - INFO - [in this interval] aimd control rate is [0.766734581658812] mbps
04/05/2022 16:10:40 PM - INFO - [in this interval] delay-rate is [0.766734581658812] mbps
04/05/2022 16:10:40 PM - INFO - average delay [1516.0]
04/05/2022 16:10:40 PM - INFO - average delay [1550.0]
04/05/2022 16:10:40 PM - INFO - average delay [1575.25]
04/05/2022 16:10:40 PM - INFO - average delay [1599.5]
04/05/2022 16:10:40 PM - INFO - nowTs is [149626], lastTs is [149382]
04/05/2022 16:10:40 PM - INFO - [in this interval] loss-ratio is [0.59375]
04/05/2022 16:10:40 PM - INFO - [in this interval] group num is [7]
04/05/2022 16:10:40 PM - INFO - [in this interval] delayDelta from group is [[21, 3, 24, -16, -17, -26]]
04/05/2022 16:10:40 PM - INFO - sample List of accDelay : [[-4016.8392738932816, -4024.3553465039536, -4031.4198118535583, -4038.4778306682024, -4044.530047601382, -4049.977042841244, -4057.0793385571196, -4063.9714047014077, -4070.674264231267, -4077.0068378081405, -4082.3061540273266, -4087.375538624594, -4087.9379847621344, -4088.044186285921, -4086.039767657329, -4083.935790891596, -4079.642211802436, -4077.3779906221926, -4077.0401915599737, -4079.3361724039764]]
04/05/2022 16:10:40 PM - INFO - sample List of time: [[148694, 148722, 148736, 148763, 148791, 148834, 148859, 148897, 148922, 148947, 148984, 149023, 149035, 149090, 149164, 149220, 149238, 149277, 149296, 149314]]
04/05/2022 16:10:40 PM - INFO - update trend: [-0.09110976905876188]
04/05/2022 16:10:40 PM - INFO - estimateQueueDelayDuration [-21.86634457410285] = queueDelayDelta [-0.3644390762350475] * numCount[1001]
04/05/2022 16:10:40 PM - INFO - [in this interval] signal is [Signal.NORMAL]
04/05/2022 16:10:40 PM - INFO - [in this interval] adaptiveThresholdGamma is [50.599214870544266]
04/05/2022 16:10:40 PM - INFO - [in this interval] state is [State.INCREASE]
04/05/2022 16:10:40 PM - INFO - [in this interval] now real rate is [0.5411983805668015]mbps
04/05/2022 16:10:40 PM - INFO - [in this interval] now real rtt is [3508]
04/05/2022 16:10:40 PM - INFO - [in this interval] aimd control rate is [0.7709942182235832] mbps
04/05/2022 16:10:40 PM - INFO - [in this interval] delay-rate is [0.7709942182235832] mbps
04/05/2022 16:10:40 PM - INFO - average delay [1567.5]
04/05/2022 16:10:40 PM - INFO - average delay [1531.6666666666667]
04/05/2022 16:10:40 PM - INFO - average delay [1530.8]
04/05/2022 16:10:40 PM - INFO - average delay [1502.8333333333333]
04/05/2022 16:10:40 PM - INFO - nowTs is [149866], lastTs is [149626]
04/05/2022 16:10:40 PM - INFO - [in this interval] loss-ratio is [0.45454545454545453]
04/05/2022 16:10:40 PM - INFO - [in this interval] group num is [11]
04/05/2022 16:10:40 PM - INFO - [in this interval] delayDelta from group is [[-15, 11, 11, -10, -10, -14, -15, 3, 1, -1]]
04/05/2022 16:10:40 PM - INFO - sample List of accDelay : [[-4082.3061540273266, -4087.375538624594, -4087.9379847621344, -4088.044186285921, -4086.039767657329, -4083.935790891596, -4079.642211802436, -4077.3779906221926, -4077.0401915599737, -4079.3361724039764, -4082.9025551635787, -4085.012299647221, -4085.811069682499, -4087.5299627142485, -4090.0769664428235, -4093.7692697985412, -4098.592342818687, -4102.633108536818, -4106.1697976831365, -4109.452817914823]]
04/05/2022 16:10:40 PM - INFO - sample List of time: [[148984, 149023, 149035, 149090, 149164, 149220, 149238, 149277, 149296, 149314, 149372, 149392, 149418, 149444, 149464, 149484, 149505, 149525, 149538, 149559]]
04/05/2022 16:10:40 PM - INFO - update trend: [-0.029449711166224007]
04/05/2022 16:10:40 PM - INFO - estimateQueueDelayDuration [-7.067930679893761] = queueDelayDelta [-0.11779884466489603] * numCount[1001]
04/05/2022 16:10:40 PM - INFO - [in this interval] signal is [Signal.NORMAL]
04/05/2022 16:10:40 PM - INFO - [in this interval] adaptiveThresholdGamma is [49.815651755112555]
04/05/2022 16:10:40 PM - INFO - [in this interval] state is [State.INCREASE]
04/05/2022 16:10:40 PM - INFO - [in this interval] now real rate is [0.5273223140495867]mbps
04/05/2022 16:10:40 PM - INFO - [in this interval] now real rtt is [3398]
04/05/2022 16:10:40 PM - INFO - [in this interval] aimd control rate is [0.7752775194359365] mbps
04/05/2022 16:10:40 PM - INFO - [in this interval] delay-rate is [0.7752775194359365] mbps
04/05/2022 16:10:40 PM - INFO - average delay [1493.5]
04/05/2022 16:10:40 PM - INFO - average delay [1486.0]
04/05/2022 16:10:40 PM - INFO - average delay [1424.3333333333333]
04/05/2022 16:10:40 PM - INFO - average delay [1401.3333333333333]
04/05/2022 16:10:40 PM - INFO - nowTs is [150108], lastTs is [149866]
04/05/2022 16:10:40 PM - INFO - [in this interval] loss-ratio is [0.3125]
04/05/2022 16:10:40 PM - INFO - [in this interval] group num is [18]
04/05/2022 16:10:40 PM - INFO - [in this interval] delayDelta from group is [[11, -5, -10, -21, -15, -20, -2, 0, -7, -13, 1, 2, -23, -23, -18, 5, -9]]
04/05/2022 16:10:40 PM - INFO - sample List of accDelay : [[-4102.633108536818, -4106.1697976831365, -4109.452817914823, -4111.3075361233405, -4113.476782511007, -4116.429104259906, -4121.186193833915, -4126.967574450524, -4134.170817005472, -4140.853735304925, -4146.868361774433, -4152.98152559699, -4159.783373037291, -4165.805035733562, -4171.024532160206, -4178.0220789441855, -4186.6198710497665, -4196.15788394479, -4204.242095550311, -4212.41788599528]]
04/05/2022 16:10:40 PM - INFO - sample List of time: [[149525, 149538, 149559, 149607, 149628, 149638, 149648, 149657, 149667, 149677, 149690, 149700, 149713, 149735, 149756, 149768, 149780, 149792, 149804, 149824]]
04/05/2022 16:10:40 PM - INFO - update trend: [-0.38442227326971296]
04/05/2022 16:10:40 PM - INFO - estimateQueueDelayDuration [-92.2613455847311] = queueDelayDelta [-1.5376890930788518] * numCount[1000]
04/05/2022 16:10:40 PM - INFO - [in this interval] signal is [Signal.UNDER_USE]
04/05/2022 16:10:40 PM - INFO - [in this interval] adaptiveThresholdGamma is [49.815651755112555]
04/05/2022 16:10:40 PM - INFO - [in this interval] state is [State.HOLD]
04/05/2022 16:10:40 PM - INFO - [in this interval] now real rate is [0.7223070539419087]mbps
04/05/2022 16:10:40 PM - INFO - [in this interval] now real rtt is [3082]
04/05/2022 16:10:40 PM - INFO - [in this interval] aimd control rate is [0.7752775194359365] mbps
04/05/2022 16:10:40 PM - INFO - [in this interval] delay-rate is [0.7752775194359365] mbps
04/05/2022 16:10:40 PM - INFO - average delay [1355.0]
04/05/2022 16:10:40 PM - INFO - average delay [1348.0]
04/05/2022 16:10:40 PM - INFO - average delay [1335.2857142857142]
04/05/2022 16:10:40 PM - INFO - average delay [1316.5714285714287]
04/05/2022 16:10:40 PM - INFO - nowTs is [150335], lastTs is [150108]
04/05/2022 16:10:40 PM - INFO - [in this interval] loss-ratio is [0.16]
04/05/2022 16:10:40 PM - INFO - [in this interval] group num is [16]
04/05/2022 16:10:40 PM - INFO - [in this interval] delayDelta from group is [[-1, 5, 1, 0, 5, -25, -7, 4, -12, -1, -3, 2, -7, -3, -1]]
04/05/2022 16:10:40 PM - INFO - sample List of accDelay : [[-4178.0220789441855, -4186.6198710497665, -4196.15788394479, -4204.242095550311, -4212.41788599528, -4219.876097395752, -4226.088487656178, -4231.57963889056, -4236.521675001504, -4240.469507501353, -4246.522556751218, -4252.670301076097, -4257.803270968487, -4263.622943871638, -4268.960649484475, -4274.064584536027, -4278.458126082424, -4283.112313474182, -4287.601082126764, -4291.740973914088]]
04/05/2022 16:10:40 PM - INFO - sample List of time: [[149768, 149780, 149792, 149804, 149824, 149845, 149854, 149874, 149885, 149895, 149915, 149925, 149953, 149972, 149980, 149989, 150001, 150013, 150021, 150033]]
04/05/2022 16:10:40 PM - INFO - update trend: [-0.3967972825675673]
04/05/2022 16:10:40 PM - INFO - estimateQueueDelayDuration [-95.23134781621616] = queueDelayDelta [-1.5871891302702692] * numCount[1001]
04/05/2022 16:10:40 PM - INFO - [in this interval] signal is [Signal.UNDER_USE]
04/05/2022 16:10:40 PM - INFO - [in this interval] adaptiveThresholdGamma is [49.815651755112555]
04/05/2022 16:10:40 PM - INFO - [in this interval] state is [State.HOLD]
04/05/2022 16:10:40 PM - INFO - [in this interval] now real rate is [0.8563762781186095]mbps
04/05/2022 16:10:40 PM - INFO - [in this interval] now real rtt is [3006]
04/05/2022 16:10:40 PM - INFO - [in this interval] aimd control rate is [0.7752775194359365] mbps
04/05/2022 16:10:40 PM - INFO - [in this interval] delay-rate is [0.7752775194359365] mbps
04/05/2022 16:10:40 PM - INFO - average delay [1307.0]
04/05/2022 16:10:40 PM - INFO - average delay [1315.0]
04/05/2022 16:10:40 PM - INFO - average delay [1334.0]
04/05/2022 16:10:40 PM - INFO - average delay [1345.3333333333333]
04/05/2022 16:10:40 PM - INFO - nowTs is [150598], lastTs is [150335]
04/05/2022 16:10:40 PM - INFO - [in this interval] loss-ratio is [0.0]
04/05/2022 16:10:40 PM - INFO - [in this interval] group num is [12]
04/05/2022 16:10:40 PM - INFO - [in this interval] delayDelta from group is [[15, 6, 9, 2, 0, 15, 1, -4, 4, 4, -19]]
04/05/2022 16:10:40 PM - INFO - sample List of accDelay : [[-4252.670301076097, -4257.803270968487, -4263.622943871638, -4268.960649484475, -4274.064584536027, -4278.458126082424, -4283.112313474182, -4287.601082126764, -4291.740973914088, -4293.966876522679, -4295.370188870411, -4295.733169983369, -4295.859852985032, -4295.973867686529, -4294.576480917876, -4293.218832826089, -4292.39694954348, -4291.257254589133, -4289.83152913022, -4290.448376217198]]
04/05/2022 16:10:40 PM - INFO - sample List of time: [[149925, 149953, 149972, 149980, 149989, 150001, 150013, 150021, 150033, 150082, 150112, 150133, 150162, 150194, 150214, 150244, 150255, 150266, 150280, 150314]]
04/05/2022 16:10:40 PM - INFO - update trend: [-0.08095173872529145]
04/05/2022 16:10:40 PM - INFO - estimateQueueDelayDuration [-19.42841729406995] = queueDelayDelta [-0.3238069549011658] * numCount[1000]
04/05/2022 16:10:40 PM - INFO - [in this interval] signal is [Signal.NORMAL]
04/05/2022 16:10:40 PM - INFO - [in this interval] adaptiveThresholdGamma is [49.26868153481379]
04/05/2022 16:10:40 PM - INFO - [in this interval] state is [State.INCREASE]
04/05/2022 16:10:40 PM - INFO - [in this interval] now real rate is [0.6778448979591837]mbps
04/05/2022 16:10:40 PM - INFO - [in this interval] now real rtt is [3072]
04/05/2022 16:10:40 PM - INFO - [in this interval] aimd control rate is [0.7795846167661361] mbps
04/05/2022 16:10:40 PM - INFO - [in this interval] delay-rate is [0.7795846167661361] mbps
04/05/2022 16:10:40 PM - INFO - average delay [1346.5]
04/05/2022 16:10:40 PM - INFO - average delay [1344.25]
04/05/2022 16:10:40 PM - INFO - average delay [1325.0]
04/05/2022 16:10:40 PM - INFO - average delay [1306.0]
04/05/2022 16:10:40 PM - INFO - nowTs is [150815], lastTs is [150598]
04/05/2022 16:10:40 PM - INFO - [in this interval] loss-ratio is [0.07142857142857142]
04/05/2022 16:10:40 PM - INFO - [in this interval] group num is [11]
04/05/2022 16:10:40 PM - INFO - [in this interval] delayDelta from group is [[-9, 3, -4, -3, -22, -4, -8, -1, 11, 30]]
04/05/2022 16:10:40 PM - INFO - sample List of accDelay : [[-4295.370188870411, -4295.733169983369, -4295.859852985032, -4295.973867686529, -4294.576480917876, -4293.218832826089, -4292.39694954348, -4291.257254589133, -4289.83152913022, -4290.448376217198, -4291.903538595478, -4292.91318473593, -4294.221866262337, -4295.699679636104, -4299.229711672493, -4302.806740505243, -4306.826066454719, -4310.543459809247, -4312.789113828322, -4311.81020244549]]
04/05/2022 16:10:40 PM - INFO - sample List of time: [[150112, 150133, 150162, 150194, 150214, 150244, 150255, 150266, 150280, 150314, 150349, 150360, 150373, 150384, 150396, 150409, 150420, 150432, 150461, 150487]]
04/05/2022 16:10:40 PM - INFO - update trend: [-0.04139963396739751]
04/05/2022 16:10:40 PM - INFO - estimateQueueDelayDuration [-9.935912152175401] = queueDelayDelta [-0.16559853586959003] * numCount[1000]
04/05/2022 16:10:40 PM - INFO - [in this interval] signal is [Signal.NORMAL]
04/05/2022 16:10:40 PM - INFO - [in this interval] adaptiveThresholdGamma is [48.560691685926294]
04/05/2022 16:10:40 PM - INFO - [in this interval] state is [State.INCREASE]
04/05/2022 16:10:40 PM - INFO - [in this interval] now real rate is [0.5271]mbps
04/05/2022 16:10:40 PM - INFO - [in this interval] now real rtt is [3086]
04/05/2022 16:10:40 PM - INFO - [in this interval] aimd control rate is [0.7839156424148369] mbps
04/05/2022 16:10:40 PM - INFO - [in this interval] delay-rate is [0.7839156424148369] mbps
04/05/2022 16:10:40 PM - INFO - average delay [1326.0]
04/05/2022 16:10:40 PM - INFO - average delay [1341.0]
04/05/2022 16:10:40 PM - INFO - average delay [1308.5]
04/05/2022 16:10:40 PM - INFO - average delay [1259.5]
04/05/2022 16:10:40 PM - INFO - nowTs is [151068], lastTs is [150815]
04/05/2022 16:10:40 PM - INFO - [in this interval] loss-ratio is [0.0]
04/05/2022 16:10:40 PM - INFO - [in this interval] group num is [12]
04/05/2022 16:10:40 PM - INFO - [in this interval] delayDelta from group is [[-2, -7, -18, -13, -18, -18, -13, -18, -4, 4, 21]]
04/05/2022 16:10:40 PM - INFO - sample List of accDelay : [[-4292.91318473593, -4294.221866262337, -4295.699679636104, -4299.229711672493, -4302.806740505243, -4306.826066454719, -4310.543459809247, -4312.789113828322, -4311.81020244549, -4311.129182200941, -4311.216263980847, -4313.094637582762, -4316.0851738244855, -4320.576656442037, -4326.418990797833, -4332.97709171805, -4340.6793825462455, -4348.011444291621, -4354.210299862459, -4357.689269876213]]
04/05/2022 16:10:40 PM - INFO - sample List of time: [[150360, 150373, 150384, 150396, 150409, 150420, 150432, 150461, 150487, 150571, 150599, 150627, 150644, 150661, 150678, 150695, 150712, 150729, 150745, 150763]]
04/05/2022 16:10:40 PM - INFO - update trend: [-0.12322750009007846]
04/05/2022 16:10:40 PM - INFO - estimateQueueDelayDuration [-29.57460002161883] = queueDelayDelta [-0.49291000036031385] * numCount[1001]
04/05/2022 16:10:40 PM - INFO - [in this interval] signal is [Signal.NORMAL]
04/05/2022 16:10:40 PM - INFO - [in this interval] adaptiveThresholdGamma is [48.21894203596876]
04/05/2022 16:10:40 PM - INFO - [in this interval] state is [State.INCREASE]
04/05/2022 16:10:40 PM - INFO - [in this interval] now real rate is [0.51305476673428]mbps
04/05/2022 16:10:40 PM - INFO - [in this interval] now real rtt is [2912]
04/05/2022 16:10:40 PM - INFO - [in this interval] aimd control rate is [0.7882707293171416] mbps
04/05/2022 16:10:40 PM - INFO - [in this interval] delay-rate is [0.7882707293171416] mbps
04/05/2022 16:10:40 PM - INFO - average delay [1241.75]
04/05/2022 16:10:40 PM - INFO - average delay [1267.6666666666667]
04/05/2022 16:10:40 PM - INFO - average delay [1310.0]
04/05/2022 16:10:40 PM - INFO - average delay [1353.0]
04/05/2022 16:10:40 PM - INFO - nowTs is [151299], lastTs is [151068]
04/05/2022 16:10:40 PM - INFO - [in this interval] loss-ratio is [0.0]
04/05/2022 16:10:40 PM - INFO - [in this interval] group num is [5]
04/05/2022 16:10:40 PM - INFO - [in this interval] delayDelta from group is [[20, 55, 18, 14]]
04/05/2022 16:10:40 PM - INFO - sample List of accDelay : [[-4302.806740505243, -4306.826066454719, -4310.543459809247, -4312.789113828322, -4311.81020244549, -4311.129182200941, -4311.216263980847, -4313.094637582762, -4316.0851738244855, -4320.576656442037, -4326.418990797833, -4332.97709171805, -4340.6793825462455, -4348.011444291621, -4354.210299862459, -4357.689269876213, -4358.820342888592, -4354.338308599733, -4348.50447773976, -4341.854029965784]]
04/05/2022 16:10:40 PM - INFO - sample List of time: [[150409, 150420, 150432, 150461, 150487, 150571, 150599, 150627, 150644, 150661, 150678, 150695, 150712, 150729, 150745, 150763, 150864, 150890, 150979, 151003]]
04/05/2022 16:10:40 PM - INFO - update trend: [-0.0931132523292079]
04/05/2022 16:10:40 PM - INFO - estimateQueueDelayDuration [-22.347180559009896] = queueDelayDelta [-0.3724530093168316] * numCount[1001]
04/05/2022 16:10:40 PM - INFO - [in this interval] signal is [Signal.NORMAL]
04/05/2022 16:10:40 PM - INFO - [in this interval] adaptiveThresholdGamma is [47.7532503293835]
04/05/2022 16:10:40 PM - INFO - [in this interval] state is [State.INCREASE]
04/05/2022 16:10:40 PM - INFO - [in this interval] now real rate is [0.4480165289256198]mbps
04/05/2022 16:10:40 PM - INFO - [in this interval] now real rtt is [3206]
04/05/2022 16:10:40 PM - INFO - [in this interval] aimd control rate is [0.7926500111466813] mbps
04/05/2022 16:10:40 PM - INFO - [in this interval] delay-rate is [0.7926500111466813] mbps
04/05/2022 16:10:40 PM - INFO - average delay [1387.6666666666667]
04/05/2022 16:10:40 PM - INFO - average delay [1440.0]
04/05/2022 16:10:40 PM - INFO - average delay [1472.0]
04/05/2022 16:10:40 PM - INFO - average delay [1508.0]
04/05/2022 16:10:40 PM - INFO - nowTs is [151553], lastTs is [151299]
04/05/2022 16:10:40 PM - INFO - [in this interval] loss-ratio is [0.16666666666666666]
04/05/2022 16:10:40 PM - INFO - [in this interval] group num is [7]
04/05/2022 16:10:40 PM - INFO - [in this interval] delayDelta from group is [[37, 31, 18, 18, 19, 12]]
04/05/2022 16:10:40 PM - INFO - sample List of accDelay : [[-4311.216263980847, -4313.094637582762, -4316.0851738244855, -4320.576656442037, -4326.418990797833, -4332.97709171805, -4340.6793825462455, -4348.011444291621, -4354.210299862459, -4357.689269876213, -4358.820342888592, -4354.338308599733, -4348.50447773976, -4341.854029965784, -4332.168626969205, -4320.3517642722845, -4307.916587845057, -4294.924929060551, -4281.3324361544965, -4267.899192539047]]
04/05/2022 16:10:40 PM - INFO - sample List of time: [[150599, 150627, 150644, 150661, 150678, 150695, 150712, 150729, 150745, 150763, 150864, 150890, 150979, 151003, 151050, 151097, 151153, 151181, 151209, 151258]]
04/05/2022 16:10:40 PM - INFO - update trend: [0.05520470710829111]
04/05/2022 16:10:40 PM - INFO - estimateQueueDelayDuration [13.249129705989867] = queueDelayDelta [0.22081882843316444] * numCount[1001]
04/05/2022 16:10:40 PM - INFO - [in this interval] signal is [Signal.NORMAL]
04/05/2022 16:10:40 PM - INFO - [in this interval] adaptiveThresholdGamma is [47.13217615816241]
04/05/2022 16:10:40 PM - INFO - [in this interval] state is [State.INCREASE]
04/05/2022 16:10:40 PM - INFO - [in this interval] now real rate is [0.4345731958762886]mbps
04/05/2022 16:10:40 PM - INFO - [in this interval] now real rtt is [3514]
04/05/2022 16:10:40 PM - INFO - [in this interval] aimd control rate is [0.7970536223197183] mbps
04/05/2022 16:10:40 PM - INFO - [in this interval] delay-rate is [0.7970536223197183] mbps
04/05/2022 16:10:40 PM - INFO - average delay [1543.3333333333333]
04/05/2022 16:10:40 PM - INFO - average delay [1562.3333333333333]
04/05/2022 16:10:40 PM - INFO - average delay [1528.0]
04/05/2022 16:10:40 PM - INFO - average delay [1517.0]
04/05/2022 16:10:40 PM - INFO - nowTs is [151794], lastTs is [151553]
04/05/2022 16:10:40 PM - INFO - [in this interval] loss-ratio is [0.1875]
04/05/2022 16:10:40 PM - INFO - [in this interval] group num is [8]
04/05/2022 16:10:40 PM - INFO - [in this interval] delayDelta from group is [[2, 3, -13, -17, -13, 5, 51]]
04/05/2022 16:10:40 PM - INFO - sample List of accDelay : [[-4348.011444291621, -4354.210299862459, -4357.689269876213, -4358.820342888592, -4354.338308599733, -4348.50447773976, -4341.854029965784, -4332.168626969205, -4320.3517642722845, -4307.916587845057, -4294.924929060551, -4281.3324361544965, -4267.899192539047, -4255.609273285142, -4244.248345956628, -4235.323511360965, -4228.9911602248685, -4224.592044202382, -4220.1328397821435, -4211.0195558039295]]
04/05/2022 16:10:40 PM - INFO - sample List of time: [[150729, 150745, 150763, 150864, 150890, 150979, 151003, 151050, 151097, 151153, 151181, 151209, 151258, 151293, 151310, 151328, 151345, 151363, 151380, 151430]]
04/05/2022 16:10:40 PM - INFO - update trend: [0.22400732752828345]
04/05/2022 16:10:40 PM - INFO - estimateQueueDelayDuration [53.76175860678803] = queueDelayDelta [0.8960293101131338] * numCount[1000]
04/05/2022 16:10:40 PM - INFO - [in this interval] signal is [Signal.NORMAL]
04/05/2022 16:10:40 PM - INFO - [in this interval] adaptiveThresholdGamma is [53.76175860678803]
04/05/2022 16:10:40 PM - INFO - [in this interval] state is [State.INCREASE]
04/05/2022 16:10:40 PM - INFO - [in this interval] now real rate is [0.4677979797979798]mbps
04/05/2022 16:10:40 PM - INFO - [in this interval] now real rtt is [3556]
04/05/2022 16:10:40 PM - INFO - [in this interval] aimd control rate is [0.8014816979992724] mbps
04/05/2022 16:10:40 PM - INFO - [in this interval] delay-rate is [0.8014816979992724] mbps
04/05/2022 16:10:40 PM - INFO - average delay [1558.3333333333333]
04/05/2022 16:10:40 PM - INFO - average delay [1584.0]
04/05/2022 16:10:40 PM - INFO - average delay [1577.0]
04/05/2022 16:10:40 PM - INFO - average delay [1587.75]
04/05/2022 16:10:40 PM - INFO - nowTs is [152021], lastTs is [151794]
04/05/2022 16:10:40 PM - INFO - [in this interval] loss-ratio is [0.0]
04/05/2022 16:10:40 PM - INFO - [in this interval] group num is [10]
04/05/2022 16:10:40 PM - INFO - [in this interval] delayDelta from group is [[-8, -8, 23, 8, -18, -17, -13, -17, -18]]
04/05/2022 16:10:40 PM - INFO - sample List of accDelay : [[-4307.916587845057, -4294.924929060551, -4281.3324361544965, -4267.899192539047, -4255.609273285142, -4244.248345956628, -4235.323511360965, -4228.9911602248685, -4224.592044202382, -4220.1328397821435, -4211.0195558039295, -4203.617600223537, -4197.755840201183, -4190.180256181065, -4182.562230562958, -4177.506007506662, -4174.6554067559955, -4173.389866080396, -4173.950879472356, -4176.255791525121]]
04/05/2022 16:10:40 PM - INFO - sample List of time: [[151153, 151181, 151209, 151258, 151293, 151310, 151328, 151345, 151363, 151380, 151430, 151546, 151573, 151600, 151643, 151661, 151678, 151696, 151713, 151731]]
04/05/2022 16:10:40 PM - INFO - update trend: [0.21110568378425817]
04/05/2022 16:10:40 PM - INFO - estimateQueueDelayDuration [50.665364108221965] = queueDelayDelta [0.8444227351370327] * numCount[1001]
04/05/2022 16:10:40 PM - INFO - [in this interval] signal is [Signal.NORMAL]
04/05/2022 16:10:40 PM - INFO - [in this interval] adaptiveThresholdGamma is [53.70602350581384]
04/05/2022 16:10:40 PM - INFO - [in this interval] state is [State.INCREASE]
04/05/2022 16:10:40 PM - INFO - [in this interval] now real rate is [0.5148244897959183]mbps
04/05/2022 16:10:40 PM - INFO - [in this interval] now real rtt is [3440]
04/05/2022 16:10:40 PM - INFO - [in this interval] aimd control rate is [0.8059343740992684] mbps
04/05/2022 16:10:40 PM - INFO - [in this interval] delay-rate is [0.8059343740992684] mbps
04/05/2022 16:10:40 PM - INFO - average delay [1545.25]
04/05/2022 16:10:40 PM - INFO - average delay [1513.75]
04/05/2022 16:10:40 PM - INFO - average delay [1452.7142857142858]
04/05/2022 16:10:40 PM - INFO - average delay [1405.5714285714287]
04/05/2022 16:10:40 PM - INFO - nowTs is [152272], lastTs is [152021]
04/05/2022 16:10:40 PM - INFO - [in this interval] loss-ratio is [0.0]
04/05/2022 16:10:40 PM - INFO - [in this interval] group num is [13]
04/05/2022 16:10:40 PM - INFO - [in this interval] delayDelta from group is [[-2, -17, -17, -12, -18, -18, -12, -17, -18, -11, 0, -15]]
04/05/2022 16:10:40 PM - INFO - sample List of accDelay : [[-4197.755840201183, -4190.180256181065, -4182.562230562958, -4177.506007506662, -4174.6554067559955, -4173.389866080396, -4173.950879472356, -4176.255791525121, -4178.530212372609, -4182.277191135348, -4187.349472021813, -4193.114524819632, -4200.103072337669, -4208.192765103902, -4216.673488593512, -4226.006139734161, -4236.205525760744, -4246.48497318467, -4255.736475866202, -4265.562828279582]]
04/05/2022 16:10:40 PM - INFO - sample List of time: [[151573, 151600, 151643, 151661, 151678, 151696, 151713, 151731, 151766, 151784, 151802, 151820, 151838, 151855, 151872, 151890, 151908, 151925, 151944, 151979]]
04/05/2022 16:10:40 PM - INFO - update trend: [-0.19820422803526216]
04/05/2022 16:10:40 PM - INFO - estimateQueueDelayDuration [-47.56901472846292] = queueDelayDelta [-0.7928169121410487] * numCount[1001]
04/05/2022 16:10:40 PM - INFO - [in this interval] signal is [Signal.NORMAL]
04/05/2022 16:10:40 PM - INFO - [in this interval] adaptiveThresholdGamma is [53.595557347821526]
04/05/2022 16:10:40 PM - INFO - [in this interval] state is [State.INCREASE]
04/05/2022 16:10:40 PM - INFO - [in this interval] now real rate is [0.6142761506276151]mbps
04/05/2022 16:10:40 PM - INFO - [in this interval] now real rtt is [3142]
04/05/2022 16:10:40 PM - INFO - [in this interval] aimd control rate is [0.8104117872887088] mbps
04/05/2022 16:10:40 PM - INFO - [in this interval] delay-rate is [0.8104117872887088] mbps
04/05/2022 16:10:40 PM - INFO - average delay [1375.1666666666667]
04/05/2022 16:10:40 PM - INFO - average delay [1354.0]
04/05/2022 16:10:40 PM - INFO - average delay [1362.6666666666667]
04/05/2022 16:10:40 PM - INFO - average delay [1382.6666666666667]
04/05/2022 16:10:40 PM - INFO - average delay [1401.0]
04/05/2022 16:10:40 PM - INFO - nowTs is [152561], lastTs is [152272]
04/05/2022 16:10:40 PM - INFO - [in this interval] loss-ratio is [0.0]
04/05/2022 16:10:40 PM - INFO - [in this interval] group num is [7]
04/05/2022 16:10:40 PM - INFO - [in this interval] delayDelta from group is [[-1, 13, 17, 22, 16, 0]]
04/05/2022 16:10:40 PM - INFO - sample List of accDelay : [[-4173.950879472356, -4176.255791525121, -4178.530212372609, -4182.277191135348, -4187.349472021813, -4193.114524819632, -4200.103072337669, -4208.192765103902, -4216.673488593512, -4226.006139734161, -4236.205525760744, -4246.48497318467, -4255.736475866202, -4265.562828279582, -4274.506545451624, -4281.255890906462, -4285.630301815816, -4287.367271634234, -4287.330544470811, -4287.2974900237305]]
04/05/2022 16:10:40 PM - INFO - sample List of time: [[151713, 151731, 151766, 151784, 151802, 151820, 151838, 151855, 151872, 151890, 151908, 151925, 151944, 151979, 152021, 152055, 152103, 152150, 152212, 152263]]
04/05/2022 16:10:40 PM - INFO - update trend: [-0.2569464754410801]
04/05/2022 16:10:40 PM - INFO - estimateQueueDelayDuration [-61.66715410585923] = queueDelayDelta [-1.0277859017643205] * numCount[1001]
04/05/2022 16:10:40 PM - INFO - [in this interval] signal is [Signal.UNDER_USE]
04/05/2022 16:10:40 PM - INFO - [in this interval] adaptiveThresholdGamma is [61.66715410585923]
04/05/2022 16:10:40 PM - INFO - [in this interval] state is [State.HOLD]
04/05/2022 16:10:40 PM - INFO - [in this interval] now real rate is [0.5290534979423868]mbps
04/05/2022 16:10:40 PM - INFO - [in this interval] now real rtt is [3260]
04/05/2022 16:10:40 PM - INFO - [in this interval] aimd control rate is [0.8104117872887088] mbps
04/05/2022 16:10:40 PM - INFO - [in this interval] delay-rate is [0.8104117872887088] mbps
04/05/2022 16:10:40 PM - INFO - average delay [1424.6666666666667]
04/05/2022 16:10:40 PM - INFO - average delay [1467.3333333333333]
04/05/2022 16:10:40 PM - INFO - average delay [1503.0]
04/05/2022 16:10:40 PM - INFO - average delay [1538.0]
04/05/2022 16:10:40 PM - INFO - nowTs is [152810], lastTs is [152561]
04/05/2022 16:10:40 PM - INFO - [in this interval] loss-ratio is [0.0]
04/05/2022 16:10:40 PM - INFO - [in this interval] group num is [3]
04/05/2022 16:10:40 PM - INFO - [in this interval] delayDelta from group is [[98, 6]]
04/05/2022 16:10:40 PM - INFO - sample List of accDelay : [[-4178.530212372609, -4182.277191135348, -4187.349472021813, -4193.114524819632, -4200.103072337669, -4208.192765103902, -4216.673488593512, -4226.006139734161, -4236.205525760744, -4246.48497318467, -4255.736475866202, -4265.562828279582, -4274.506545451624, -4281.255890906462, -4285.630301815816, -4287.367271634234, -4287.330544470811, -4287.2974900237305, -4277.467741021357, -4268.020966919222]]
04/05/2022 16:10:40 PM - INFO - sample List of time: [[151766, 151784, 151802, 151820, 151838, 151855, 151872, 151890, 151908, 151925, 151944, 151979, 152021, 152055, 152103, 152150, 152212, 152263, 152383, 152511]]
04/05/2022 16:10:40 PM - INFO - update trend: [-0.15221781200996035]
04/05/2022 16:10:40 PM - INFO - estimateQueueDelayDuration [-36.53227488239048] = queueDelayDelta [-0.6088712480398414] * numCount[1001]
04/05/2022 16:10:40 PM - INFO - [in this interval] signal is [Signal.NORMAL]
04/05/2022 16:10:40 PM - INFO - [in this interval] adaptiveThresholdGamma is [61.214726279836796]
04/05/2022 16:10:40 PM - INFO - [in this interval] state is [State.INCREASE]
04/05/2022 16:10:40 PM - INFO - [in this interval] now real rate is [0.4126639004149378]mbps
04/05/2022 16:10:40 PM - INFO - [in this interval] now real rtt is [3618]
04/05/2022 16:10:40 PM - INFO - [in this interval] aimd control rate is [0.8149140749958682] mbps
04/05/2022 16:10:40 PM - INFO - [in this interval] delay-rate is [0.8149140749958682] mbps
04/05/2022 16:10:40 PM - INFO - average delay [1598.0]
04/05/2022 16:10:40 PM - INFO - average delay [1603.5]
04/05/2022 16:10:40 PM - INFO - average delay [1583.6666666666667]
04/05/2022 16:10:40 PM - INFO - average delay [1571.5]
04/05/2022 16:10:40 PM - INFO - nowTs is [153043], lastTs is [152810]
04/05/2022 16:10:40 PM - INFO - [in this interval] loss-ratio is [0.0]
04/05/2022 16:10:40 PM - INFO - [in this interval] group num is [8]
04/05/2022 16:10:40 PM - INFO - [in this interval] delayDelta from group is [[-7, -7, -2, -13, 0, 14, -15]]
04/05/2022 16:10:40 PM - INFO - sample List of accDelay : [[-4226.006139734161, -4236.205525760744, -4246.48497318467, -4255.736475866202, -4265.562828279582, -4274.506545451624, -4281.255890906462, -4285.630301815816, -4287.367271634234, -4287.330544470811, -4287.2974900237305, -4277.467741021357, -4268.020966919222, -4260.2188702273, -4253.89698320457, -4248.407284884112, -4244.766556395702, -4241.489900756132, -4237.140910680519, -4234.726819612467]]
04/05/2022 16:10:40 PM - INFO - sample List of time: [[151890, 151908, 151925, 151944, 151979, 152021, 152055, 152103, 152150, 152212, 152263, 152383, 152511, 152565, 152593, 152621, 152649, 152671, 152711, 152755]]
04/05/2022 16:10:40 PM - INFO - update trend: [0.01579057580387602]
04/05/2022 16:10:40 PM - INFO - estimateQueueDelayDuration [3.7897381929302445] = queueDelayDelta [0.06316230321550408] * numCount[1000]
04/05/2022 16:10:40 PM - INFO - [in this interval] signal is [Signal.NORMAL]
04/05/2022 16:10:40 PM - INFO - [in this interval] adaptiveThresholdGamma is [60.181076494272475]
04/05/2022 16:10:40 PM - INFO - [in this interval] state is [State.INCREASE]
04/05/2022 16:10:40 PM - INFO - [in this interval] now real rate is [0.48227385892116187]mbps
04/05/2022 16:10:40 PM - INFO - [in this interval] now real rtt is [3554]
04/05/2022 16:10:40 PM - INFO - [in this interval] aimd control rate is [0.8194413754125119] mbps
04/05/2022 16:10:40 PM - INFO - [in this interval] delay-rate is [0.8194413754125119] mbps
04/05/2022 16:10:40 PM - INFO - average delay [1579.2]
04/05/2022 16:10:40 PM - INFO - average delay [1594.75]
04/05/2022 16:10:40 PM - INFO - average delay [1610.4]
04/05/2022 16:10:40 PM - INFO - average delay [1622.6]
04/05/2022 16:10:40 PM - INFO - nowTs is [153295], lastTs is [153043]
04/05/2022 16:10:40 PM - INFO - [in this interval] loss-ratio is [0.0]
04/05/2022 16:10:40 PM - INFO - [in this interval] group num is [6]
04/05/2022 16:10:40 PM - INFO - [in this interval] delayDelta from group is [[9, 15, 9, 10, 15]]
04/05/2022 16:10:40 PM - INFO - sample List of accDelay : [[-4274.506545451624, -4281.255890906462, -4285.630301815816, -4287.367271634234, -4287.330544470811, -4287.2974900237305, -4277.467741021357, -4268.020966919222, -4260.2188702273, -4253.89698320457, -4248.407284884112, -4244.766556395702, -4241.489900756132, -4237.140910680519, -4234.726819612467, -4231.6541376512205, -4227.388723886098, -4222.649851497488, -4217.384866347739, -4211.146379712965]]
04/05/2022 16:10:40 PM - INFO - sample List of time: [[152021, 152055, 152103, 152150, 152212, 152263, 152383, 152511, 152565, 152593, 152621, 152649, 152671, 152711, 152755, 152799, 152843, 152888, 152932, 152977]]
04/05/2022 16:10:40 PM - INFO - update trend: [0.07948381436157734]
04/05/2022 16:10:40 PM - INFO - estimateQueueDelayDuration [19.076115446778562] = queueDelayDelta [0.31793525744630935] * numCount[1001]
04/05/2022 16:10:40 PM - INFO - [in this interval] signal is [Signal.NORMAL]
04/05/2022 16:10:40 PM - INFO - [in this interval] adaptiveThresholdGamma is [59.441187195417584]
04/05/2022 16:10:40 PM - INFO - [in this interval] state is [State.INCREASE]
04/05/2022 16:10:40 PM - INFO - [in this interval] now real rate is [0.5356536082474226]mbps
04/05/2022 16:10:40 PM - INFO - [in this interval] now real rtt is [3718]
04/05/2022 16:10:40 PM - INFO - [in this interval] aimd control rate is [0.823993827498137] mbps
04/05/2022 16:10:40 PM - INFO - [in this interval] delay-rate is [0.823993827498137] mbps
04/05/2022 16:10:40 PM - INFO - average delay [1646.5]
04/05/2022 16:10:40 PM - INFO - average delay [1664.3333333333333]
04/05/2022 16:10:40 PM - INFO - average delay [1685.6666666666667]
04/05/2022 16:10:40 PM - INFO - average delay [1720.6666666666667]
04/05/2022 16:10:40 PM - INFO - nowTs is [153527], lastTs is [153295]
04/05/2022 16:10:40 PM - INFO - [in this interval] loss-ratio is [0.0]
04/05/2022 16:10:40 PM - INFO - [in this interval] group num is [4]
04/05/2022 16:10:40 PM - INFO - [in this interval] delayDelta from group is [[32, 37, 9]]
04/05/2022 16:10:40 PM - INFO - sample List of accDelay : [[-4287.367271634234, -4287.330544470811, -4287.2974900237305, -4277.467741021357, -4268.020966919222, -4260.2188702273, -4253.89698320457, -4248.407284884112, -4244.766556395702, -4241.489900756132, -4237.140910680519, -4234.726819612467, -4231.6541376512205, -4227.388723886098, -4222.649851497488, -4217.384866347739, -4211.146379712965, -4202.331741741669, -4190.698567567502, -4179.328710810752]]
04/05/2022 16:10:40 PM - INFO - sample List of time: [[152150, 152212, 152263, 152383, 152511, 152565, 152593, 152621, 152649, 152671, 152711, 152755, 152799, 152843, 152888, 152932, 152977, 153081, 153148, 153215]]
04/05/2022 16:10:40 PM - INFO - update trend: [0.104382216623118]
04/05/2022 16:10:40 PM - INFO - estimateQueueDelayDuration [25.05173198954832] = queueDelayDelta [0.417528866492472] * numCount[1000]
04/05/2022 16:10:40 PM - INFO - [in this interval] signal is [Signal.NORMAL]
04/05/2022 16:10:40 PM - INFO - [in this interval] adaptiveThresholdGamma is [58.822177001711935]
04/05/2022 16:10:40 PM - INFO - [in this interval] state is [State.INCREASE]
04/05/2022 16:10:40 PM - INFO - [in this interval] now real rate is [0.4927775551102204]mbps
04/05/2022 16:10:40 PM - INFO - [in this interval] now real rtt is [3922]
04/05/2022 16:10:40 PM - INFO - [in this interval] aimd control rate is [0.8285715709842378] mbps
04/05/2022 16:10:40 PM - INFO - [in this interval] delay-rate is [0.8285715709842378] mbps
04/05/2022 16:10:40 PM - INFO - average delay [1752.3333333333333]
04/05/2022 16:10:40 PM - INFO - average delay [1744.25]
04/05/2022 16:10:40 PM - INFO - average delay [1735.0]
04/05/2022 16:10:40 PM - INFO - average delay [1727.75]
04/05/2022 16:10:40 PM - INFO - nowTs is [153771], lastTs is [153527]
04/05/2022 16:10:40 PM - INFO - [in this interval] loss-ratio is [0.36]
04/05/2022 16:10:40 PM - INFO - [in this interval] group num is [8]
04/05/2022 16:10:40 PM - INFO - [in this interval] delayDelta from group is [[-13, -1, -6, -9, 10, -6, 1]]
04/05/2022 16:10:40 PM - INFO - sample List of accDelay : [[-4248.407284884112, -4244.766556395702, -4241.489900756132, -4237.140910680519, -4234.726819612467, -4231.6541376512205, -4227.388723886098, -4222.649851497488, -4217.384866347739, -4211.146379712965, -4202.331741741669, -4190.698567567502, -4179.328710810752, -4170.395839729677, -4162.45625575671, -4155.910630181039, -4150.919567162935, -4145.427610446642, -4141.084849401977, -4137.07636446178]]
04/05/2022 16:10:40 PM - INFO - sample List of time: [[152621, 152649, 152671, 152711, 152755, 152799, 152843, 152888, 152932, 152977, 153081, 153148, 153215, 153287, 153304, 153338, 153372, 153388, 153438, 153462]]
04/05/2022 16:10:40 PM - INFO - update trend: [0.13219651107617938]
04/05/2022 16:10:40 PM - INFO - estimateQueueDelayDuration [31.727162658283053] = queueDelayDelta [0.5287860443047175] * numCount[1001]
04/05/2022 16:10:40 PM - INFO - [in this interval] signal is [Signal.NORMAL]
04/05/2022 16:10:40 PM - INFO - [in this interval] adaptiveThresholdGamma is [58.334466743530214]
04/05/2022 16:10:40 PM - INFO - [in this interval] state is [State.INCREASE]
04/05/2022 16:10:40 PM - INFO - [in this interval] now real rate is [0.4939633401221996]mbps
04/05/2022 16:10:40 PM - INFO - [in this interval] now real rtt is [3870]
04/05/2022 16:10:40 PM - INFO - [in this interval] aimd control rate is [0.8331747463785947] mbps
04/05/2022 16:10:40 PM - INFO - [in this interval] delay-rate is [0.8331747463785947] mbps
04/05/2022 16:10:40 PM - INFO - average delay [1727.0]
04/05/2022 16:10:40 PM - INFO - average delay [1719.0]
04/05/2022 16:10:40 PM - INFO - average delay [1714.6]
04/05/2022 16:10:40 PM - INFO - average delay [1719.0]
04/05/2022 16:10:40 PM - INFO - nowTs is [154007], lastTs is [153771]
04/05/2022 16:10:40 PM - INFO - [in this interval] loss-ratio is [0.15]
04/05/2022 16:10:40 PM - INFO - [in this interval] group num is [7]
04/05/2022 16:10:40 PM - INFO - [in this interval] delayDelta from group is [[1, -6, 2, 11, 9, -1]]
04/05/2022 16:10:40 PM - INFO - sample List of accDelay : [[-4227.388723886098, -4222.649851497488, -4217.384866347739, -4211.146379712965, -4202.331741741669, -4190.698567567502, -4179.328710810752, -4170.395839729677, -4162.45625575671, -4155.910630181039, -4150.919567162935, -4145.427610446642, -4141.084849401977, -4137.07636446178, -4133.368728015602, -4130.631855214042, -4127.968669692637, -4124.471802723374, -4120.424622451036, -4116.882160205932]]
04/05/2022 16:10:40 PM - INFO - sample List of time: [[152843, 152888, 152932, 152977, 153081, 153148, 153215, 153287, 153304, 153338, 153372, 153388, 153438, 153462, 153523, 153559, 153583, 153620, 153666, 153700]]
04/05/2022 16:10:40 PM - INFO - update trend: [0.1377315905481948]
04/05/2022 16:10:40 PM - INFO - estimateQueueDelayDuration [33.055581731566754] = queueDelayDelta [0.5509263621927792] * numCount[1001]
04/05/2022 16:10:40 PM - INFO - [in this interval] signal is [Signal.NORMAL]
04/05/2022 16:10:40 PM - INFO - [in this interval] adaptiveThresholdGamma is [57.87944681331487]
04/05/2022 16:10:40 PM - INFO - [in this interval] state is [State.INCREASE]
04/05/2022 16:10:40 PM - INFO - [in this interval] now real rate is [0.5967002012072435]mbps
04/05/2022 16:10:40 PM - INFO - [in this interval] now real rtt is [3882]
04/05/2022 16:10:40 PM - INFO - [in this interval] aimd control rate is [0.8378034949695868] mbps
04/05/2022 16:10:40 PM - INFO - [in this interval] delay-rate is [0.8378034949695868] mbps
04/05/2022 16:10:40 PM - INFO - average delay [1733.0]
04/05/2022 16:10:40 PM - INFO - average delay [1739.75]
04/05/2022 16:10:40 PM - INFO - average delay [1759.0]
04/05/2022 16:10:40 PM - INFO - average delay [1718.25]
04/05/2022 16:10:40 PM - INFO - nowTs is [154242], lastTs is [154007]
04/05/2022 16:10:40 PM - INFO - [in this interval] loss-ratio is [0.4642857142857143]
04/05/2022 16:10:40 PM - INFO - [in this interval] group num is [9]
04/05/2022 16:10:40 PM - INFO - [in this interval] delayDelta from group is [[21, -15, -21, 0, -20, -20, -15, -11]]
04/05/2022 16:10:40 PM - INFO - sample List of accDelay : [[-4162.45625575671, -4155.910630181039, -4150.919567162935, -4145.427610446642, -4141.084849401977, -4137.07636446178, -4133.368728015602, -4130.631855214042, -4127.968669692637, -4124.471802723374, -4120.424622451036, -4116.882160205932, -4111.593944185339, -4108.334549766805, -4107.501094790125, -4106.750985311112, -4108.075886780001, -4111.268298102001, -4115.6414682918, -4120.67732146262]]
04/05/2022 16:10:40 PM - INFO - sample List of time: [[153304, 153338, 153372, 153388, 153438, 153462, 153523, 153559, 153583, 153620, 153666, 153700, 153785, 153836, 153851, 153865, 153895, 153910, 153925, 153940]]
04/05/2022 16:10:40 PM - INFO - update trend: [0.074124344473121]
04/05/2022 16:10:40 PM - INFO - estimateQueueDelayDuration [17.78984267354904] = queueDelayDelta [0.296497377892484] * numCount[1001]
04/05/2022 16:10:40 PM - INFO - [in this interval] signal is [Signal.NORMAL]
04/05/2022 16:10:40 PM - INFO - [in this interval] adaptiveThresholdGamma is [57.15783393879909]
04/05/2022 16:10:40 PM - INFO - [in this interval] state is [State.INCREASE]
04/05/2022 16:10:40 PM - INFO - [in this interval] now real rate is [0.6101010101010101]mbps
04/05/2022 16:10:40 PM - INFO - [in this interval] now real rtt is [3742]
04/05/2022 16:10:40 PM - INFO - [in this interval] aimd control rate is [0.842457958830529] mbps
04/05/2022 16:10:40 PM - INFO - [in this interval] delay-rate is [0.842457958830529] mbps
04/05/2022 16:10:40 PM - INFO - average delay [1685.6]
04/05/2022 16:10:40 PM - INFO - average delay [1653.8]
04/05/2022 16:10:40 PM - INFO - average delay [1628.3333333333333]
04/05/2022 16:10:40 PM - INFO - average delay [1564.8333333333333]
04/05/2022 16:10:40 PM - INFO - nowTs is [154497], lastTs is [154242]
04/05/2022 16:10:40 PM - INFO - [in this interval] loss-ratio is [0.45]
04/05/2022 16:10:40 PM - INFO - [in this interval] group num is [14]
04/05/2022 16:10:40 PM - INFO - [in this interval] delayDelta from group is [[-14, -4, -19, -14, -9, -24, -20, -17, -9, -19, -24, -13, -19]]
04/05/2022 16:10:40 PM - INFO - sample List of accDelay : [[-4108.334549766805, -4107.501094790125, -4106.750985311112, -4108.075886780001, -4111.268298102001, -4115.6414682918, -4120.67732146262, -4126.609589316358, -4132.348630384722, -4139.41376734625, -4147.172390611625, -4155.055151550463, -4164.549636395416, -4175.094672755875, -4186.285205480288, -4197.256684932259, -4209.031016439033, -4222.02791479513, -4235.025123315617, -4248.622610984055]]
04/05/2022 16:10:40 PM - INFO - sample List of time: [[153836, 153851, 153865, 153895, 153910, 153925, 153940, 153999, 154015, 154051, 154062, 154083, 154104, 154115, 154125, 154148, 154169, 154180, 154191, 154213]]
04/05/2022 16:10:40 PM - INFO - update trend: [-0.3538255449746817]
04/05/2022 16:10:40 PM - INFO - estimateQueueDelayDuration [-84.91813079392361] = queueDelayDelta [-1.4153021798987269] * numCount[1000]
04/05/2022 16:10:40 PM - INFO - [in this interval] signal is [Signal.UNDER_USE]
04/05/2022 16:10:40 PM - INFO - [in this interval] adaptiveThresholdGamma is [57.15783393879909]
04/05/2022 16:10:40 PM - INFO - [in this interval] state is [State.HOLD]
04/05/2022 16:10:40 PM - INFO - [in this interval] now real rate is [0.690334693877551]mbps
04/05/2022 16:10:40 PM - INFO - [in this interval] now real rtt is [3332]
04/05/2022 16:10:40 PM - INFO - [in this interval] aimd control rate is [0.842457958830529] mbps
04/05/2022 16:10:40 PM - INFO - [in this interval] delay-rate is [0.842457958830529] mbps
04/05/2022 16:10:40 PM - INFO - average delay [1497.6666666666667]
04/05/2022 16:10:40 PM - INFO - average delay [1474.5]
04/05/2022 16:10:40 PM - INFO - average delay [1501.5]
04/05/2022 16:10:40 PM - INFO - average delay [1530.5]
04/05/2022 16:10:40 PM - INFO - nowTs is [154723], lastTs is [154497]
04/05/2022 16:10:40 PM - INFO - [in this interval] loss-ratio is [0.3333333333333333]
04/05/2022 16:10:40 PM - INFO - [in this interval] group num is [5]
04/05/2022 16:10:40 PM - INFO - [in this interval] delayDelta from group is [[26, 27, 27, 0]]
04/05/2022 16:10:40 PM - INFO - sample List of accDelay : [[-4111.268298102001, -4115.6414682918, -4120.67732146262, -4126.609589316358, -4132.348630384722, -4139.41376734625, -4147.172390611625, -4155.055151550463, -4164.549636395416, -4175.094672755875, -4186.285205480288, -4197.256684932259, -4209.031016439033, -4222.02791479513, -4235.025123315617, -4248.622610984055, -4258.26034988565, -4264.234314897085, -4266.910883407376, -4269.319795066638]]
04/05/2022 16:10:40 PM - INFO - sample List of time: [[153910, 153925, 153940, 153999, 154015, 154051, 154062, 154083, 154104, 154115, 154125, 154148, 154169, 154180, 154191, 154213, 154235, 154296, 154358, 154420]]
04/05/2022 16:10:40 PM - INFO - update trend: [-0.38871486705601715]
04/05/2022 16:10:40 PM - INFO - estimateQueueDelayDuration [-93.29156809344411] = queueDelayDelta [-1.5548594682240686] * numCount[1000]
04/05/2022 16:10:40 PM - INFO - [in this interval] signal is [Signal.UNDER_USE]
04/05/2022 16:10:40 PM - INFO - [in this interval] adaptiveThresholdGamma is [57.15783393879909]
04/05/2022 16:10:40 PM - INFO - [in this interval] state is [State.HOLD]
04/05/2022 16:10:40 PM - INFO - [in this interval] now real rate is [0.5863709677419355]mbps
04/05/2022 16:10:40 PM - INFO - [in this interval] now real rtt is [3514]
04/05/2022 16:10:40 PM - INFO - [in this interval] aimd control rate is [0.842457958830529] mbps
04/05/2022 16:10:40 PM - INFO - [in this interval] delay-rate is [0.842457958830529] mbps
04/05/2022 16:10:40 PM - INFO - average delay [1557.0]
04/05/2022 16:10:40 PM - INFO - average delay [1550.2]
04/05/2022 16:10:40 PM - INFO - average delay [1535.6]
04/05/2022 16:10:40 PM - INFO - average delay [1511.8]
04/05/2022 16:10:40 PM - INFO - nowTs is [154966], lastTs is [154723]
04/05/2022 16:10:40 PM - INFO - [in this interval] loss-ratio is [0.43333333333333335]
04/05/2022 16:10:40 PM - INFO - [in this interval] group num is [11]
04/05/2022 16:10:40 PM - INFO - [in this interval] delayDelta from group is [[-9, -17, 1, -4, -3, -21, -22, 2, -17, -16]]
04/05/2022 16:10:40 PM - INFO - sample List of accDelay : [[-4186.285205480288, -4197.256684932259, -4209.031016439033, -4222.02791479513, -4235.025123315617, -4248.622610984055, -4258.26034988565, -4264.234314897085, -4266.910883407376, -4269.319795066638, -4272.387815559974, -4276.849034003977, -4280.764130603579, -4284.687717543221, -4288.518945788899, -4294.06705121001, -4301.260346089009, -4307.534311480108, -4314.880880332097, -4323.092792298888]]
04/05/2022 16:10:40 PM - INFO - sample List of time: [[154125, 154148, 154169, 154180, 154191, 154213, 154235, 154296, 154358, 154420, 154464, 154490, 154503, 154544, 154570, 154597, 154611, 154624, 154656, 154674]]
04/05/2022 16:10:40 PM - INFO - update trend: [-0.18866355246199085]
04/05/2022 16:10:40 PM - INFO - estimateQueueDelayDuration [-45.2792525908778] = queueDelayDelta [-0.7546542098479634] * numCount[1000]
04/05/2022 16:10:40 PM - INFO - [in this interval] signal is [Signal.NORMAL]
04/05/2022 16:10:40 PM - INFO - [in this interval] adaptiveThresholdGamma is [56.9440194745365]
04/05/2022 16:10:40 PM - INFO - [in this interval] state is [State.INCREASE]
04/05/2022 16:10:40 PM - INFO - [in this interval] now real rate is [0.538786150712831]mbps
04/05/2022 16:10:40 PM - INFO - [in this interval] now real rtt is [3330]
04/05/2022 16:10:40 PM - INFO - [in this interval] aimd control rate is [0.8471382808240319] mbps
04/05/2022 16:10:40 PM - INFO - [in this interval] delay-rate is [0.8471382808240319] mbps
04/05/2022 16:10:40 PM - INFO - average delay [1481.0]
04/05/2022 16:10:40 PM - INFO - average delay [1449.0]
04/05/2022 16:10:40 PM - INFO - average delay [1451.75]
04/05/2022 16:10:40 PM - INFO - average delay [1448.25]
04/05/2022 16:10:40 PM - INFO - nowTs is [155202], lastTs is [154966]
04/05/2022 16:10:40 PM - INFO - [in this interval] loss-ratio is [0.45454545454545453]
04/05/2022 16:10:40 PM - INFO - [in this interval] group num is [7]
04/05/2022 16:10:40 PM - INFO - [in this interval] delayDelta from group is [[2, 2, 6, -16, 9, 14]]
04/05/2022 16:10:40 PM - INFO - sample List of accDelay : [[-4258.26034988565, -4264.234314897085, -4266.910883407376, -4269.319795066638, -4272.387815559974, -4276.849034003977, -4280.764130603579, -4284.687717543221, -4288.518945788899, -4294.06705121001, -4301.260346089009, -4307.534311480108, -4314.880880332097, -4323.092792298888, -4330.283513068999, -4336.5551617620995, -4341.599645585889, -4347.7396810273, -4352.36571292457, -4355.129141632113]]
04/05/2022 16:10:40 PM - INFO - sample List of time: [[154235, 154296, 154358, 154420, 154464, 154490, 154503, 154544, 154570, 154597, 154611, 154624, 154656, 154674, 154712, 154749, 154786, 154822, 154841, 154885]]
04/05/2022 16:10:40 PM - INFO - update trend: [-0.1720643111782107]
04/05/2022 16:10:40 PM - INFO - estimateQueueDelayDuration [-41.29543468277057] = queueDelayDelta [-0.6882572447128428] * numCount[1000]
04/05/2022 16:10:40 PM - INFO - [in this interval] signal is [Signal.NORMAL]
04/05/2022 16:10:40 PM - INFO - [in this interval] adaptiveThresholdGamma is [56.66234494828472]
04/05/2022 16:10:40 PM - INFO - [in this interval] state is [State.INCREASE]
04/05/2022 16:10:40 PM - INFO - [in this interval] now real rate is [0.6011858037578288]mbps
04/05/2022 16:10:40 PM - INFO - [in this interval] now real rtt is [3342]
04/05/2022 16:10:40 PM - INFO - [in this interval] aimd control rate is [0.8518446046063877] mbps
04/05/2022 16:10:40 PM - INFO - [in this interval] delay-rate is [0.8518446046063877] mbps
04/05/2022 16:10:40 PM - INFO - average delay [1459.0]
04/05/2022 16:10:40 PM - INFO - average delay [1474.0]
04/05/2022 16:10:40 PM - INFO - average delay [1493.0]
04/05/2022 16:10:40 PM - INFO - average delay [1521.3333333333333]
04/05/2022 16:10:40 PM - INFO - nowTs is [155427], lastTs is [155202]
04/05/2022 16:10:40 PM - INFO - [in this interval] loss-ratio is [0.4375]
04/05/2022 16:10:40 PM - INFO - [in this interval] group num is [7]
04/05/2022 16:10:40 PM - INFO - [in this interval] delayDelta from group is [[9, 19, 18, 13, 22, 3]]
04/05/2022 16:10:40 PM - INFO - sample List of accDelay : [[-4280.764130603579, -4284.687717543221, -4288.518945788899, -4294.06705121001, -4301.260346089009, -4307.534311480108, -4314.880880332097, -4323.092792298888, -4330.283513068999, -4336.5551617620995, -4341.599645585889, -4347.7396810273, -4352.36571292457, -4355.129141632113, -4356.716227468902, -4356.244604722012, -4354.020144249811, -4350.71812982483, -4345.546316842347, -4340.591685158111]]
04/05/2022 16:10:40 PM - INFO - sample List of time: [[154503, 154544, 154570, 154597, 154611, 154624, 154656, 154674, 154712, 154749, 154786, 154822, 154841, 154885, 154975, 154994, 155038, 155066, 155094, 155126]]
04/05/2022 16:10:40 PM - INFO - update trend: [-0.11492533199780752]
04/05/2022 16:10:40 PM - INFO - estimateQueueDelayDuration [-27.582079679473807] = queueDelayDelta [-0.4597013279912301] * numCount[1000]
04/05/2022 16:10:40 PM - INFO - [in this interval] signal is [Signal.NORMAL]
04/05/2022 16:10:40 PM - INFO - [in this interval] adaptiveThresholdGamma is [56.138900173446125]
04/05/2022 16:10:40 PM - INFO - [in this interval] state is [State.INCREASE]
04/05/2022 16:10:40 PM - INFO - [in this interval] now real rate is [0.4581526104417671]mbps
04/05/2022 16:10:40 PM - INFO - [in this interval] now real rtt is [3522]
04/05/2022 16:10:40 PM - INFO - [in this interval] aimd control rate is [0.8565770746319787] mbps
04/05/2022 16:10:40 PM - INFO - [in this interval] delay-rate is [0.8565770746319787] mbps
04/05/2022 16:10:40 PM - INFO - average delay [1559.5]
04/05/2022 16:10:40 PM - INFO - average delay [1603.5]
04/05/2022 16:10:40 PM - INFO - average delay [1628.5]
04/05/2022 16:10:40 PM - INFO - average delay [1654.0]
04/05/2022 16:10:40 PM - INFO - nowTs is [155685], lastTs is [155427]
04/05/2022 16:10:40 PM - INFO - [in this interval] loss-ratio is [0.4666666666666667]
04/05/2022 16:10:40 PM - INFO - [in this interval] group num is [6]
04/05/2022 16:10:40 PM - INFO - [in this interval] delayDelta from group is [[21, 7, 15, 18, 60]]
04/05/2022 16:10:40 PM - INFO - sample List of accDelay : [[-4307.534311480108, -4314.880880332097, -4323.092792298888, -4330.283513068999, -4336.5551617620995, -4341.599645585889, -4347.7396810273, -4352.36571292457, -4355.129141632113, -4356.716227468902, -4356.244604722012, -4354.020144249811, -4350.71812982483, -4345.546316842347, -4340.591685158111, -4334.0325166423, -4327.42926497807, -4319.986338480263, -4311.487704632236, -4297.838934169013]]
04/05/2022 16:10:40 PM - INFO - sample List of time: [[154624, 154656, 154674, 154712, 154749, 154786, 154822, 154841, 154885, 154975, 154994, 155038, 155066, 155094, 155126, 155186, 155217, 155249, 155279, 155312]]
04/05/2022 16:10:40 PM - INFO - update trend: [0.007824702719875473]
04/05/2022 16:10:40 PM - INFO - estimateQueueDelayDuration [1.8779286527701136] = queueDelayDelta [0.03129881087950189] * numCount[1001]
04/05/2022 16:10:40 PM - INFO - [in this interval] signal is [Signal.NORMAL]
04/05/2022 16:10:40 PM - INFO - [in this interval] adaptiveThresholdGamma is [55.162202686073954]
04/05/2022 16:10:40 PM - INFO - [in this interval] state is [State.INCREASE]
04/05/2022 16:10:40 PM - INFO - [in this interval] now real rate is [0.34457971014492755]mbps
04/05/2022 16:10:40 PM - INFO - [in this interval] now real rtt is [3828]
04/05/2022 16:10:40 PM - INFO - [in this interval] aimd control rate is [0.8613358361577119] mbps
04/05/2022 16:10:40 PM - INFO - [in this interval] delay-rate is [0.8613358361577119] mbps
04/05/2022 16:10:40 PM - INFO - average delay [1700.0]
04/05/2022 16:10:40 PM - INFO - average delay [1730.5]
04/05/2022 16:10:40 PM - INFO - average delay [1759.0]
04/05/2022 16:10:40 PM - INFO - average delay [1776.0]
04/05/2022 16:10:40 PM - INFO - nowTs is [155925], lastTs is [155685]
04/05/2022 16:10:40 PM - INFO - [in this interval] loss-ratio is [0.5]
04/05/2022 16:10:40 PM - INFO - [in this interval] group num is [5]
04/05/2022 16:10:40 PM - INFO - [in this interval] delayDelta from group is [[4, 22, 6, 43]]
04/05/2022 16:10:40 PM - INFO - sample List of accDelay : [[-4336.5551617620995, -4341.599645585889, -4347.7396810273, -4352.36571292457, -4355.129141632113, -4356.716227468902, -4356.244604722012, -4354.020144249811, -4350.71812982483, -4345.546316842347, -4340.591685158111, -4334.0325166423, -4327.42926497807, -4319.986338480263, -4311.487704632236, -4297.838934169013, -4285.155040752112, -4271.539536676901, -4258.685583009211, -4242.81702470829]]
04/05/2022 16:10:40 PM - INFO - sample List of time: [[154749, 154786, 154822, 154841, 154885, 154975, 154994, 155038, 155066, 155094, 155126, 155186, 155217, 155249, 155279, 155312, 155477, 155506, 155538, 155569]]
04/05/2022 16:10:40 PM - INFO - update trend: [0.11956220295219219]
04/05/2022 16:10:40 PM - INFO - estimateQueueDelayDuration [28.694928708526128] = queueDelayDelta [0.47824881180876877] * numCount[1001]
04/05/2022 16:10:40 PM - INFO - [in this interval] signal is [Signal.NORMAL]
04/05/2022 16:10:40 PM - INFO - [in this interval] adaptiveThresholdGamma is [54.685791754478096]
04/05/2022 16:10:40 PM - INFO - [in this interval] state is [State.INCREASE]
04/05/2022 16:10:40 PM - INFO - [in this interval] now real rate is [0.3106827309236948]mbps
04/05/2022 16:10:40 PM - INFO - [in this interval] now real rtt is [4038]
04/05/2022 16:10:40 PM - INFO - [in this interval] aimd control rate is [0.866121035247477] mbps
04/05/2022 16:10:40 PM - INFO - [in this interval] delay-rate is [0.866121035247477] mbps
04/05/2022 16:10:40 PM - INFO - average delay [1799.0]
04/05/2022 16:10:40 PM - INFO - average delay [1814.3333333333333]
04/05/2022 16:10:40 PM - INFO - average delay [1833.0]
04/05/2022 16:10:40 PM - INFO - average delay [1845.3333333333333]
04/05/2022 16:10:40 PM - INFO - nowTs is [156159], lastTs is [155925]
04/05/2022 16:10:40 PM - INFO - [in this interval] loss-ratio is [0.42105263157894735]
04/05/2022 16:10:40 PM - INFO - [in this interval] group num is [6]
04/05/2022 16:10:40 PM - INFO - [in this interval] delayDelta from group is [[26, 13, -8, 7, 5]]
04/05/2022 16:10:40 PM - INFO - sample List of accDelay : [[-4356.716227468902, -4356.244604722012, -4354.020144249811, -4350.71812982483, -4345.546316842347, -4340.591685158111, -4334.0325166423, -4327.42926497807, -4319.986338480263, -4311.487704632236, -4297.838934169013, -4285.155040752112, -4271.539536676901, -4258.685583009211, -4242.81702470829, -4225.935322237461, -4209.441790013715, -4195.397611012343, -4182.057849911109, -4169.552064919998]]
04/05/2022 16:10:40 PM - INFO - sample List of time: [[154975, 154994, 155038, 155066, 155094, 155126, 155186, 155217, 155249, 155279, 155312, 155477, 155506, 155538, 155569, 155673, 155739, 155782, 155804, 155846]]
04/05/2022 16:10:40 PM - INFO - update trend: [0.21372675194506438]
04/05/2022 16:10:40 PM - INFO - estimateQueueDelayDuration [51.29442046681545] = queueDelayDelta [0.8549070077802575] * numCount[1000]
04/05/2022 16:10:40 PM - INFO - [in this interval] signal is [Signal.NORMAL]
04/05/2022 16:10:40 PM - INFO - [in this interval] adaptiveThresholdGamma is [54.62474707130017]
04/05/2022 16:10:40 PM - INFO - [in this interval] state is [State.INCREASE]
04/05/2022 16:10:40 PM - INFO - [in this interval] now real rate is [0.38246413502109705]mbps
04/05/2022 16:10:40 PM - INFO - [in this interval] now real rtt is [4116]
04/05/2022 16:10:40 PM - INFO - [in this interval] aimd control rate is [0.8697298728943414] mbps
04/05/2022 16:10:40 PM - INFO - [in this interval] delay-rate is [0.8697298728943414] mbps
04/05/2022 16:10:40 PM - INFO - average delay [1849.6666666666665]
04/05/2022 16:10:40 PM - INFO - average delay [1874.6666666666665]
04/05/2022 16:10:40 PM - INFO - average delay [1892.3333333333335]
04/05/2022 16:10:40 PM - INFO - average delay [1925.5]
04/05/2022 16:10:40 PM - INFO - nowTs is [156413], lastTs is [156159]
04/05/2022 16:10:40 PM - INFO - [in this interval] loss-ratio is [0.34782608695652173]
04/05/2022 16:10:40 PM - INFO - [in this interval] group num is [10]
04/05/2022 16:10:40 PM - INFO - [in this interval] delayDelta from group is [[10, 26, 9, 10, 3, -6, 17, 3, 2]]
04/05/2022 16:10:40 PM - INFO - sample List of accDelay : [[-4311.487704632236, -4297.838934169013, -4285.155040752112, -4271.539536676901, -4258.685583009211, -4242.81702470829, -4225.935322237461, -4209.441790013715, -4195.397611012343, -4182.057849911109, -4169.552064919998, -4157.296858427998, -4143.6671725851975, -4130.500455326678, -4117.650409794011, -4105.78536881461, -4095.706831933149, -4084.9361487398337, -4074.9425338658502, -4065.748280479265]]
04/05/2022 16:10:40 PM - INFO - sample List of time: [[155279, 155312, 155477, 155506, 155538, 155569, 155673, 155739, 155782, 155804, 155846, 155906, 155946, 156007, 156026, 156046, 156059, 156073, 156100, 156113]]
04/05/2022 16:10:40 PM - INFO - update trend: [0.29096970303534053]
04/05/2022 16:10:40 PM - INFO - estimateQueueDelayDuration [69.83272872848173] = queueDelayDelta [1.1638788121413621] * numCount[1001]
04/05/2022 16:10:40 PM - INFO - [in this interval] signal is [Signal.NORMAL]
04/05/2022 16:10:40 PM - INFO - [in this interval] adaptiveThresholdGamma is [54.62474707130017]
04/05/2022 16:10:40 PM - INFO - [in this interval] state is [State.INCREASE]
04/05/2022 16:10:40 PM - INFO - [in this interval] now real rate is [0.49703278688524594]mbps
04/05/2022 16:10:40 PM - INFO - [in this interval] now real rtt is [4294]
04/05/2022 16:10:40 PM - INFO - [in this interval] aimd control rate is [0.8733537473647345] mbps
04/05/2022 16:10:40 PM - INFO - [in this interval] delay-rate is [0.8733537473647345] mbps
04/05/2022 16:10:40 PM - INFO - average delay [1939.0]
04/05/2022 16:10:40 PM - INFO - average delay [1957.25]
04/05/2022 16:10:40 PM - INFO - average delay [1972.75]
04/05/2022 16:10:40 PM - INFO - average delay [1962.3333333333335]
04/05/2022 16:10:40 PM - INFO - nowTs is [156639], lastTs is [156413]
04/05/2022 16:10:40 PM - INFO - [in this interval] loss-ratio is [0.5666666666666667]
04/05/2022 16:10:40 PM - INFO - [in this interval] group num is [8]
04/05/2022 16:10:40 PM - INFO - [in this interval] delayDelta from group is [[9, 1, 12, -9, -15, 9, 4]]
04/05/2022 16:10:40 PM - INFO - sample List of accDelay : [[-4209.441790013715, -4195.397611012343, -4182.057849911109, -4169.552064919998, -4157.296858427998, -4143.6671725851975, -4130.500455326678, -4117.650409794011, -4105.78536881461, -4095.706831933149, -4084.9361487398337, -4074.9425338658502, -4065.748280479265, -4056.5734524313384, -4048.216107188204, -4039.4944964693836, -4032.5450468224453, -4027.790542140201, -4022.611487926181, -4017.550339133563]]
04/05/2022 16:10:40 PM - INFO - sample List of time: [[155739, 155782, 155804, 155846, 155906, 155946, 156007, 156026, 156046, 156059, 156073, 156100, 156113, 156165, 156204, 156230, 156252, 156273, 156293, 156337]]
04/05/2022 16:10:40 PM - INFO - update trend: [0.34066656391277056]
04/05/2022 16:10:40 PM - INFO - estimateQueueDelayDuration [81.75997533906494] = queueDelayDelta [1.3626662556510822] * numCount[1000]
04/05/2022 16:10:40 PM - INFO - [in this interval] signal is [Signal.OVER_USE]
04/05/2022 16:10:40 PM - INFO - [in this interval] adaptiveThresholdGamma is [54.62474707130017]
04/05/2022 16:10:40 PM - INFO - [in this interval] state is [State.DECREASE]
04/05/2022 16:10:40 PM - INFO - [in this interval] now real rate is [0.53144]mbps
04/05/2022 16:10:40 PM - INFO - [in this interval] now real rtt is [4346]
04/05/2022 16:10:40 PM - INFO - [in this interval] aimd control rate is [0.451724] mbps
04/05/2022 16:10:40 PM - INFO - [in this interval] delay-rate is [0.451724] mbps
04/05/2022 16:10:40 PM - INFO - average delay [1964.6666666666665]
04/05/2022 16:10:40 PM - INFO - average delay [1924.75]
04/05/2022 16:10:40 PM - INFO - average delay [1885.0]
04/05/2022 16:10:40 PM - INFO - average delay [1847.25]
04/05/2022 16:10:40 PM - INFO - nowTs is [156892], lastTs is [156639]
04/05/2022 16:10:40 PM - INFO - [in this interval] loss-ratio is [0.34146341463414637]
04/05/2022 16:10:40 PM - INFO - [in this interval] group num is [15]
04/05/2022 16:10:40 PM - INFO - [in this interval] delayDelta from group is [[-19, 13, -11, -17, -22, -21, -6, -5, 3, -10, -2, -5, 9, -18]]
04/05/2022 16:10:40 PM - INFO - sample List of accDelay : [[-4048.216107188204, -4039.4944964693836, -4032.5450468224453, -4027.790542140201, -4022.611487926181, -4017.550339133563, -4014.8953052202064, -4011.2057746981855, -4008.9851972283673, -4008.6866775055305, -4010.6180097549773, -4014.4562087794798, -4018.510587901532, -4022.6595291113786, -4026.0935762002405, -4030.184218580216, -4034.0657967221946, -4038.0592170499754, -4040.7532953449777, -4044.97796581048]]
04/05/2022 16:10:40 PM - INFO - sample List of time: [[156204, 156230, 156252, 156273, 156293, 156337, 156395, 156411, 156434, 156448, 156461, 156474, 156498, 156522, 156532, 156545, 156555, 156568, 156578, 156612]]
04/05/2022 16:10:40 PM - INFO - update trend: [0.0020197895976122155]
04/05/2022 16:10:40 PM - INFO - estimateQueueDelayDuration [0.48474950342693174] = queueDelayDelta [0.008079158390448862] * numCount[1000]
04/05/2022 16:10:40 PM - INFO - [in this interval] signal is [Signal.NORMAL]
04/05/2022 16:10:40 PM - INFO - [in this interval] adaptiveThresholdGamma is [53.65022711507845]
04/05/2022 16:10:40 PM - INFO - [in this interval] state is [State.INCREASE]
04/05/2022 16:10:40 PM - INFO - [in this interval] now real rate is [0.6693387423935091]mbps
04/05/2022 16:10:40 PM - INFO - [in this interval] now real rtt is [4052]
04/05/2022 16:10:40 PM - INFO - [in this interval] aimd control rate is [0.45548836666666664] mbps
04/05/2022 16:10:40 PM - INFO - [in this interval] delay-rate is [0.45548836666666664] mbps
04/05/2022 16:10:40 PM - INFO - average delay [1837.125]
04/05/2022 16:10:40 PM - INFO - average delay [1825.0]
04/05/2022 16:10:40 PM - INFO - average delay [1855.0]
04/05/2022 16:10:40 PM - INFO - average delay [1856.6666666666665]
04/05/2022 16:10:40 PM - INFO - nowTs is [157123], lastTs is [156892]
04/05/2022 16:10:40 PM - INFO - [in this interval] loss-ratio is [0.4090909090909091]
04/05/2022 16:10:40 PM - INFO - [in this interval] group num is [10]
04/05/2022 16:10:40 PM - INFO - [in this interval] delayDelta from group is [[-4, 5, 25, 6, -15, 8, -12, -8, 5]]
04/05/2022 16:10:40 PM - INFO - sample List of accDelay : [[-4008.6866775055305, -4010.6180097549773, -4014.4562087794798, -4018.510587901532, -4022.6595291113786, -4026.0935762002405, -4030.184218580216, -4034.0657967221946, -4038.0592170499754, -4040.7532953449777, -4044.97796581048, -4049.1801692294316, -4052.4621523064884, -4052.9159370758393, -4052.724343368255, -4054.0519090314297, -4054.4467181282866, -4056.002046315458, -4058.201841683912, -4059.6816575155203]]
04/05/2022 16:10:40 PM - INFO - sample List of time: [[156448, 156461, 156474, 156498, 156522, 156532, 156545, 156555, 156568, 156578, 156612, 156625, 156661, 156681, 156721, 156742, 156762, 156785, 156808, 156830]]
04/05/2022 16:10:40 PM - INFO - update trend: [-0.1323739422244881]
04/05/2022 16:10:40 PM - INFO - estimateQueueDelayDuration [-31.769746133877142] = queueDelayDelta [-0.5294957688979524] * numCount[1001]
04/05/2022 16:10:40 PM - INFO - [in this interval] signal is [Signal.NORMAL]
04/05/2022 16:10:40 PM - INFO - [in this interval] adaptiveThresholdGamma is [53.25637845741683]
04/05/2022 16:10:40 PM - INFO - [in this interval] state is [State.INCREASE]
04/05/2022 16:10:40 PM - INFO - [in this interval] now real rate is [0.6760661157024794]mbps
04/05/2022 16:10:40 PM - INFO - [in this interval] now real rtt is [4084]
04/05/2022 16:10:40 PM - INFO - [in this interval] aimd control rate is [0.45928410305555556] mbps
04/05/2022 16:10:40 PM - INFO - [in this interval] delay-rate is [0.45928410305555556] mbps
04/05/2022 16:10:40 PM - INFO - average delay [1841.3333333333333]
04/05/2022 16:10:40 PM - INFO - average delay [1836.6666666666667]
04/05/2022 16:10:40 PM - INFO - average delay [1822.3333333333333]
04/05/2022 16:10:40 PM - INFO - average delay [1785.6666666666667]
04/05/2022 16:10:40 PM - INFO - nowTs is [157373], lastTs is [157123]
04/05/2022 16:10:40 PM - INFO - [in this interval] loss-ratio is [0.4090909090909091]
04/05/2022 16:10:40 PM - INFO - [in this interval] group num is [13]
04/05/2022 16:10:40 PM - INFO - [in this interval] delayDelta from group is [[-10, 1, -5, -5, -10, -15, -15, -10, -18, -48, -18, -13]]
04/05/2022 16:10:40 PM - INFO - sample List of accDelay : [[-4052.4621523064884, -4052.9159370758393, -4052.724343368255, -4054.0519090314297, -4054.4467181282866, -4056.002046315458, -4058.201841683912, -4059.6816575155203, -4062.013491763968, -4064.012142587571, -4066.3109283288136, -4068.879835495932, -4072.191851946339, -4076.672666751705, -4082.2054000765343, -4088.184860068881, -4095.3663740619927, -4106.629736655794, -4118.566762990215, -4130.610086691193]]
04/05/2022 16:10:40 PM - INFO - sample List of time: [[156661, 156681, 156721, 156742, 156762, 156785, 156808, 156830, 156871, 156891, 156912, 156932, 156952, 156972, 156992, 157012, 157032, 157049, 157066, 157083]]
04/05/2022 16:10:40 PM - INFO - update trend: [-0.15434940121775736]
04/05/2022 16:10:40 PM - INFO - estimateQueueDelayDuration [-37.043856292261765] = queueDelayDelta [-0.6173976048710295] * numCount[1001]
04/05/2022 16:10:40 PM - INFO - [in this interval] signal is [Signal.NORMAL]
04/05/2022 16:10:40 PM - INFO - [in this interval] adaptiveThresholdGamma is [52.96455305844404]
04/05/2022 16:10:40 PM - INFO - [in this interval] state is [State.INCREASE]
04/05/2022 16:10:40 PM - INFO - [in this interval] now real rate is [0.5317979797979798]mbps
04/05/2022 16:10:40 PM - INFO - [in this interval] now real rtt is [3754]
04/05/2022 16:10:40 PM - INFO - [in this interval] aimd control rate is [0.4631114705810185] mbps
04/05/2022 16:10:40 PM - INFO - [in this interval] delay-rate is [0.4631114705810185] mbps
04/05/2022 16:10:40 PM - INFO - average delay [1707.75]
04/05/2022 16:10:40 PM - INFO - average delay [1640.6666666666667]
04/05/2022 16:10:40 PM - INFO - average delay [1588.25]
04/05/2022 16:10:40 PM - INFO - average delay [1544.75]
04/05/2022 16:10:40 PM - INFO - nowTs is [157603], lastTs is [157373]
04/05/2022 16:10:40 PM - INFO - [in this interval] loss-ratio is [0.3]
04/05/2022 16:10:40 PM - INFO - [in this interval] group num is [14]
04/05/2022 16:10:40 PM - INFO - [in this interval] delayDelta from group is [[-17, -18, -4, -19, -27, -12, -18, -6, 1, -13, -6, 1, -18]]
04/05/2022 16:10:40 PM - INFO - sample List of accDelay : [[-4076.672666751705, -4082.2054000765343, -4088.184860068881, -4095.3663740619927, -4106.629736655794, -4118.566762990215, -4130.610086691193, -4143.149078022074, -4156.234170219866, -4168.41075319788, -4181.269677878092, -4195.5427100902825, -4209.588439081254, -4224.029595173129, -4237.626635655815, -4249.763972090233, -4261.98757488121, -4273.588817393089, -4283.92993565378, -4295.036942088403]]
04/05/2022 16:10:40 PM - INFO - sample List of time: [[156972, 156992, 157012, 157032, 157049, 157066, 157083, 157116, 157134, 157151, 157167, 157183, 157201, 157219, 157236, 157250, 157266, 157283, 157297, 157313]]
04/05/2022 16:10:40 PM - INFO - update trend: [-0.67378628979236]
04/05/2022 16:10:40 PM - INFO - estimateQueueDelayDuration [-161.7087095501664] = queueDelayDelta [-2.69514515916944] * numCount[1000]
04/05/2022 16:10:40 PM - INFO - [in this interval] signal is [Signal.UNDER_USE]
04/05/2022 16:10:40 PM - INFO - [in this interval] adaptiveThresholdGamma is [52.96455305844404]
04/05/2022 16:10:40 PM - INFO - [in this interval] state is [State.HOLD]
04/05/2022 16:10:40 PM - INFO - [in this interval] now real rate is [0.573536]mbps
04/05/2022 16:10:40 PM - INFO - [in this interval] now real rtt is [3404]
04/05/2022 16:10:40 PM - INFO - [in this interval] aimd control rate is [0.4631114705810185] mbps
04/05/2022 16:10:40 PM - INFO - [in this interval] delay-rate is [0.4631114705810185] mbps
04/05/2022 16:10:40 PM - INFO - average delay [1516.5]
04/05/2022 16:10:40 PM - INFO - average delay [1482.75]
04/05/2022 16:10:40 PM - INFO - average delay [1463.4]
04/05/2022 16:10:40 PM - INFO - average delay [1430.3333333333333]
04/05/2022 16:10:40 PM - INFO - nowTs is [157851], lastTs is [157603]
04/05/2022 16:10:40 PM - INFO - [in this interval] loss-ratio is [0.25]
04/05/2022 16:10:40 PM - INFO - [in this interval] group num is [15]
04/05/2022 16:10:40 PM - INFO - [in this interval] delayDelta from group is [[4, -5, -4, -3, -26, -18, -2, 2, -11, -2, -2, -2, -12, -12]]
04/05/2022 16:10:40 PM - INFO - sample List of accDelay : [[-4237.626635655815, -4249.763972090233, -4261.98757488121, -4273.588817393089, -4283.92993565378, -4295.036942088403, -4304.633247879563, -4313.769923091607, -4322.3929307824465, -4330.453637704202, -4340.308273933782, -4350.977446540404, -4360.779701886364, -4369.401731697728, -4378.2615585279555, -4386.43540267516, -4393.991862407644, -4400.992676166879, -4408.493408550192, -4416.444067695173]]
04/05/2022 16:10:40 PM - INFO - sample List of time: [[157236, 157250, 157266, 157283, 157297, 157313, 157346, 157360, 157375, 157421, 157438, 157447, 157464, 157477, 157494, 157508, 157516, 157529, 157547, 157565]]
04/05/2022 16:10:40 PM - INFO - update trend: [-0.5150090884991939]
04/05/2022 16:10:40 PM - INFO - estimateQueueDelayDuration [-123.60218123980654] = queueDelayDelta [-2.0600363539967756] * numCount[1000]
04/05/2022 16:10:40 PM - INFO - [in this interval] signal is [Signal.UNDER_USE]
04/05/2022 16:10:40 PM - INFO - [in this interval] adaptiveThresholdGamma is [52.96455305844404]
04/05/2022 16:10:40 PM - INFO - [in this interval] state is [State.HOLD]
04/05/2022 16:10:40 PM - INFO - [in this interval] now real rate is [0.6555959595959596]mbps
04/05/2022 16:10:40 PM - INFO - [in this interval] now real rtt is [3190]
04/05/2022 16:10:40 PM - INFO - [in this interval] aimd control rate is [0.4631114705810185] mbps
04/05/2022 16:10:40 PM - INFO - [in this interval] delay-rate is [0.4631114705810185] mbps
04/05/2022 16:10:40 PM - INFO - average delay [1408.5]
04/05/2022 16:10:40 PM - INFO - average delay [1383.1666666666667]
04/05/2022 16:10:40 PM - INFO - average delay [1348.6]
04/05/2022 16:10:40 PM - INFO - average delay [1359.8]
04/05/2022 16:10:40 PM - INFO - nowTs is [158094], lastTs is [157851]
04/05/2022 16:10:40 PM - INFO - [in this interval] loss-ratio is [0.045454545454545456]
04/05/2022 16:10:40 PM - INFO - [in this interval] group num is [9]
04/05/2022 16:10:40 PM - INFO - [in this interval] delayDelta from group is [[-17, -12, -12, -12, 25, 14, -19, -7]]
04/05/2022 16:10:40 PM - INFO - sample List of accDelay : [[-4322.3929307824465, -4330.453637704202, -4340.308273933782, -4350.977446540404, -4360.779701886364, -4369.401731697728, -4378.2615585279555, -4386.43540267516, -4393.991862407644, -4400.992676166879, -4408.493408550192, -4416.444067695173, -4425.299660925655, -4434.46969483309, -4443.922725349781, -4453.630452814803, -4459.867407533323, -4464.080666779991, -4469.772600101991, -4475.5953400917915]]
04/05/2022 16:10:40 PM - INFO - sample List of time: [[157375, 157421, 157438, 157447, 157464, 157477, 157494, 157508, 157516, 157529, 157547, 157565, 157596, 157614, 157632, 157655, 157678, 157748, 157787, 157798]]
04/05/2022 16:10:40 PM - INFO - update trend: [-0.3855732939111126]
04/05/2022 16:10:40 PM - INFO - estimateQueueDelayDuration [-92.53759053866703] = queueDelayDelta [-1.5422931756444505] * numCount[1000]
04/05/2022 16:10:40 PM - INFO - [in this interval] signal is [Signal.UNDER_USE]
04/05/2022 16:10:40 PM - INFO - [in this interval] adaptiveThresholdGamma is [52.96455305844404]
04/05/2022 16:10:40 PM - INFO - [in this interval] state is [State.HOLD]
04/05/2022 16:10:40 PM - INFO - [in this interval] now real rate is [0.6562932790224032]mbps
04/05/2022 16:10:40 PM - INFO - [in this interval] now real rtt is [3126]
04/05/2022 16:10:40 PM - INFO - [in this interval] aimd control rate is [0.4631114705810185] mbps
04/05/2022 16:10:40 PM - INFO - [in this interval] delay-rate is [0.4631114705810185] mbps
04/05/2022 16:10:40 PM - INFO - average delay [1370.1666666666667]
04/05/2022 16:10:40 PM - INFO - average delay [1348.0]
04/05/2022 16:10:40 PM - INFO - average delay [1379.0]
04/05/2022 16:10:40 PM - INFO - average delay [1389.3333333333333]
04/05/2022 16:10:40 PM - INFO - nowTs is [158334], lastTs is [158094]
04/05/2022 16:10:40 PM - INFO - [in this interval] loss-ratio is [0.09523809523809523]
04/05/2022 16:10:40 PM - INFO - [in this interval] group num is [6]
04/05/2022 16:10:40 PM - INFO - [in this interval] delayDelta from group is [[42, 6, -13, 25, 16]]
04/05/2022 16:10:40 PM - INFO - sample List of accDelay : [[-4369.401731697728, -4378.2615585279555, -4386.43540267516, -4393.991862407644, -4400.992676166879, -4408.493408550192, -4416.444067695173, -4425.299660925655, -4434.46969483309, -4443.922725349781, -4453.630452814803, -4459.867407533323, -4464.080666779991, -4469.772600101991, -4475.5953400917915, -4476.635806082612, -4476.972225474351, -4478.575002926916, -4477.517502634224, -4474.965752370802]]
04/05/2022 16:10:40 PM - INFO - sample List of time: [[157477, 157494, 157508, 157516, 157529, 157547, 157565, 157596, 157614, 157632, 157655, 157678, 157748, 157787, 157798, 157845, 157937, 157958, 157980, 158020]]
04/05/2022 16:10:40 PM - INFO - update trend: [-0.1914190658464937]
04/05/2022 16:10:40 PM - INFO - estimateQueueDelayDuration [-45.94057580315849] = queueDelayDelta [-0.7656762633859748] * numCount[1001]
04/05/2022 16:10:40 PM - INFO - [in this interval] signal is [Signal.NORMAL]
04/05/2022 16:10:40 PM - INFO - [in this interval] adaptiveThresholdGamma is [52.8381214678489]
04/05/2022 16:10:40 PM - INFO - [in this interval] state is [State.INCREASE]
04/05/2022 16:10:40 PM - INFO - [in this interval] now real rate is [0.6171451612903226]mbps
04/05/2022 16:10:40 PM - INFO - [in this interval] now real rtt is [3256]
04/05/2022 16:10:40 PM - INFO - [in this interval] aimd control rate is [0.46697073283586027] mbps
04/05/2022 16:10:40 PM - INFO - [in this interval] delay-rate is [0.46697073283586027] mbps
04/05/2022 16:10:40 PM - INFO - average delay [1412.2]
04/05/2022 16:10:40 PM - INFO - average delay [1447.75]
04/05/2022 16:10:40 PM - INFO - average delay [1456.6666666666667]
04/05/2022 16:10:40 PM - INFO - average delay [1430.0]
04/05/2022 16:10:40 PM - INFO - nowTs is [158568], lastTs is [158334]
04/05/2022 16:10:40 PM - INFO - [in this interval] loss-ratio is [0.0]
04/05/2022 16:10:40 PM - INFO - [in this interval] group num is [10]
04/05/2022 16:10:40 PM - INFO - [in this interval] delayDelta from group is [[-9, 6, -13, -9, -14, -13, -10, -14, -25]]
04/05/2022 16:10:40 PM - INFO - sample List of accDelay : [[-4443.922725349781, -4453.630452814803, -4459.867407533323, -4464.080666779991, -4469.772600101991, -4475.5953400917915, -4476.635806082612, -4476.972225474351, -4478.575002926916, -4477.517502634224, -4474.965752370802, -4473.569177133722, -4471.71225942035, -4471.341033478315, -4471.9069301304835, -4473.816237117435, -4476.834613405691, -4480.551152065122, -4485.296036858609, -4492.0664331727485]]
04/05/2022 16:10:40 PM - INFO - sample List of time: [[157632, 157655, 157678, 157748, 157787, 157798, 157845, 157937, 157958, 157980, 158020, 158126, 158137, 158158, 158180, 158201, 158222, 158244, 158264, 158285]]
04/05/2022 16:10:40 PM - INFO - update trend: [-0.036381461670973066]
04/05/2022 16:10:40 PM - INFO - estimateQueueDelayDuration [-8.731550801033535] = queueDelayDelta [-0.14552584668389226] * numCount[1000]
04/05/2022 16:10:40 PM - INFO - [in this interval] signal is [Signal.NORMAL]
04/05/2022 16:10:40 PM - INFO - [in this interval] adaptiveThresholdGamma is [52.04420319584622]
04/05/2022 16:10:40 PM - INFO - [in this interval] state is [State.INCREASE]
04/05/2022 16:10:40 PM - INFO - [in this interval] now real rate is [0.6145674044265593]mbps
04/05/2022 16:10:40 PM - INFO - [in this interval] now real rtt is [3134]
04/05/2022 16:10:40 PM - INFO - [in this interval] aimd control rate is [0.47086215560949246] mbps
04/05/2022 16:10:40 PM - INFO - [in this interval] delay-rate is [0.47086215560949246] mbps
04/05/2022 16:10:40 PM - INFO - average delay [1393.0]
04/05/2022 16:10:40 PM - INFO - average delay [1362.0]
04/05/2022 16:10:40 PM - INFO - average delay [1359.6]
04/05/2022 16:10:40 PM - INFO - average delay [1355.4]
04/05/2022 16:10:40 PM - INFO - nowTs is [158807], lastTs is [158568]
04/05/2022 16:10:40 PM - INFO - [in this interval] loss-ratio is [0.0]
04/05/2022 16:10:40 PM - INFO - [in this interval] group num is [9]
04/05/2022 16:10:40 PM - INFO - [in this interval] delayDelta from group is [[-8, -13, 13, 3, -11, -10, -5, -6]]
04/05/2022 16:10:40 PM - INFO - sample List of accDelay : [[-4478.575002926916, -4477.517502634224, -4474.965752370802, -4473.569177133722, -4471.71225942035, -4471.341033478315, -4471.9069301304835, -4473.816237117435, -4476.834613405691, -4480.551152065122, -4485.296036858609, -4492.0664331727485, -4498.959789855473, -4506.4638108699255, -4511.917429782933, -4516.52568680464, -4521.773118124176, -4527.495806311758, -4533.146225680583, -4538.831603112524]]
04/05/2022 16:10:40 PM - INFO - sample List of time: [[157958, 157980, 158020, 158126, 158137, 158158, 158180, 158201, 158222, 158244, 158264, 158285, 158306, 158328, 158350, 158408, 158431, 158455, 158480, 158505]]
04/05/2022 16:10:40 PM - INFO - update trend: [-0.12610353417607306]
04/05/2022 16:10:40 PM - INFO - estimateQueueDelayDuration [-30.264848202257536] = queueDelayDelta [-0.5044141367042922] * numCount[1000]
04/05/2022 16:10:40 PM - INFO - [in this interval] signal is [Signal.NORMAL]
04/05/2022 16:10:40 PM - INFO - [in this interval] adaptiveThresholdGamma is [51.65217480596163]
04/05/2022 16:10:40 PM - INFO - [in this interval] state is [State.INCREASE]
04/05/2022 16:10:40 PM - INFO - [in this interval] now real rate is [0.6290894308943089]mbps
04/05/2022 16:10:40 PM - INFO - [in this interval] now real rtt is [3082]
04/05/2022 16:10:40 PM - INFO - [in this interval] aimd control rate is [0.47478600690623823] mbps
04/05/2022 16:10:40 PM - INFO - [in this interval] delay-rate is [0.47478600690623823] mbps
04/05/2022 16:10:40 PM - INFO - average delay [1341.4]
04/05/2022 16:10:40 PM - INFO - average delay [1341.0]
04/05/2022 16:10:40 PM - INFO - average delay [1345.2]
04/05/2022 16:10:40 PM - INFO - average delay [1372.3333333333333]
04/05/2022 16:10:40 PM - INFO - nowTs is [159047], lastTs is [158807]
04/05/2022 16:10:40 PM - INFO - [in this interval] loss-ratio is [0.0]
04/05/2022 16:10:40 PM - INFO - [in this interval] group num is [8]
04/05/2022 16:10:40 PM - INFO - [in this interval] delayDelta from group is [[-3, 7, 2, 15, 13, 8, 10]]
04/05/2022 16:10:40 PM - INFO - sample List of accDelay : [[-4473.816237117435, -4476.834613405691, -4480.551152065122, -4485.296036858609, -4492.0664331727485, -4498.959789855473, -4506.4638108699255, -4511.917429782933, -4516.52568680464, -4521.773118124176, -4527.495806311758, -4533.146225680583, -4538.831603112524, -4544.248442801272, -4548.423598521145, -4551.981238669031, -4553.683114802127, -4553.914803321915, -4553.323322989724, -4551.790990690752]]
04/05/2022 16:10:40 PM - INFO - sample List of time: [[158201, 158222, 158244, 158264, 158285, 158306, 158328, 158350, 158408, 158431, 158455, 158480, 158505, 158547, 158574, 158616, 158648, 158673, 158711, 158749]]
04/05/2022 16:10:40 PM - INFO - update trend: [-0.1604005615295786]
04/05/2022 16:10:40 PM - INFO - estimateQueueDelayDuration [-38.496134767098866] = queueDelayDelta [-0.6416022461183144] * numCount[1001]
04/05/2022 16:10:40 PM - INFO - [in this interval] signal is [Signal.NORMAL]
04/05/2022 16:10:40 PM - INFO - [in this interval] adaptiveThresholdGamma is [51.4153660852621]
04/05/2022 16:10:40 PM - INFO - [in this interval] state is [State.INCREASE]
04/05/2022 16:10:40 PM - INFO - [in this interval] now real rate is [0.572544]mbps
04/05/2022 16:10:40 PM - INFO - [in this interval] now real rtt is [3202]
04/05/2022 16:10:40 PM - INFO - [in this interval] aimd control rate is [0.4787425569637902] mbps
04/05/2022 16:10:40 PM - INFO - [in this interval] delay-rate is [0.4787425569637902] mbps
04/05/2022 16:10:40 PM - INFO - average delay [1388.0]
04/05/2022 16:10:40 PM - INFO - average delay [1432.0]
04/05/2022 16:10:40 PM - INFO - average delay [1444.25]
04/05/2022 16:10:40 PM - INFO - average delay [1456.5]
04/05/2022 16:10:40 PM - INFO - nowTs is [159291], lastTs is [159047]
04/05/2022 16:10:40 PM - INFO - [in this interval] loss-ratio is [0.0]
04/05/2022 16:10:40 PM - INFO - [in this interval] group num is [9]
04/05/2022 16:10:40 PM - INFO - [in this interval] delayDelta from group is [[27, -3, 10, 12, -14, -13, -5, -10]]
04/05/2022 16:10:40 PM - INFO - sample List of accDelay : [[-4516.52568680464, -4521.773118124176, -4527.495806311758, -4533.146225680583, -4538.831603112524, -4544.248442801272, -4548.423598521145, -4551.981238669031, -4553.683114802127, -4553.914803321915, -4553.323322989724, -4551.790990690752, -4547.711891621677, -4544.340702459509, -4540.306632213558, -4535.475968992203, -4532.528372092983, -4531.175534883684, -4530.457981395316, -4530.8121832557845]]
04/05/2022 16:10:40 PM - INFO - sample List of time: [[158408, 158431, 158455, 158480, 158505, 158547, 158574, 158616, 158648, 158673, 158711, 158749, 158799, 158841, 158873, 158893, 158925, 158946, 158968, 158993]]
04/05/2022 16:10:40 PM - INFO - update trend: [-0.0068579136090478185]
04/05/2022 16:10:40 PM - INFO - estimateQueueDelayDuration [-1.6458992661714764] = queueDelayDelta [-0.027431654436191274] * numCount[1001]
04/05/2022 16:10:40 PM - INFO - [in this interval] signal is [Signal.NORMAL]
04/05/2022 16:10:40 PM - INFO - [in this interval] adaptiveThresholdGamma is [50.51951568251847]
04/05/2022 16:10:40 PM - INFO - [in this interval] state is [State.INCREASE]
04/05/2022 16:10:40 PM - INFO - [in this interval] now real rate is [0.502148893360161]mbps
04/05/2022 16:10:40 PM - INFO - [in this interval] now real rtt is [3250]
04/05/2022 16:10:40 PM - INFO - [in this interval] aimd control rate is [0.4827320782718218] mbps
04/05/2022 16:10:40 PM - INFO - [in this interval] delay-rate is [0.4827320782718218] mbps
04/05/2022 16:10:40 PM - INFO - average delay [1427.2]
04/05/2022 16:10:40 PM - INFO - average delay [1417.0]
04/05/2022 16:10:40 PM - INFO - average delay [1414.0]
04/05/2022 16:10:40 PM - INFO - average delay [1404.0]
04/05/2022 16:10:40 PM - INFO - nowTs is [159531], lastTs is [159291]
04/05/2022 16:10:40 PM - INFO - [in this interval] loss-ratio is [0.047619047619047616]
04/05/2022 16:10:40 PM - INFO - [in this interval] group num is [10]
04/05/2022 16:10:40 PM - INFO - [in this interval] delayDelta from group is [[2, -4, -10, -5, -5, 5, -9, -12, -21]]
04/05/2022 16:10:40 PM - INFO - sample List of accDelay : [[-4553.914803321915, -4553.323322989724, -4551.790990690752, -4547.711891621677, -4544.340702459509, -4540.306632213558, -4535.475968992203, -4532.528372092983, -4531.175534883684, -4530.457981395316, -4530.8121832557845, -4530.930964930206, -4531.437868437186, -4532.8940815934675, -4534.70467343412, -4536.834206090708, -4538.250785481638, -4540.4257069334735, -4543.583136240126, -4548.524822616113]]
04/05/2022 16:10:40 PM - INFO - sample List of time: [[158673, 158711, 158749, 158799, 158841, 158873, 158893, 158925, 158946, 158968, 158993, 159062, 159084, 159120, 159145, 159170, 159180, 159205, 159231, 159249]]
04/05/2022 16:10:40 PM - INFO - update trend: [0.02027375194882823]
04/05/2022 16:10:40 PM - INFO - estimateQueueDelayDuration [4.865700467718775] = queueDelayDelta [0.08109500779531292] * numCount[1000]
04/05/2022 16:10:40 PM - INFO - [in this interval] signal is [Signal.NORMAL]
04/05/2022 16:10:40 PM - INFO - [in this interval] adaptiveThresholdGamma is [49.69774700865207]
04/05/2022 16:10:40 PM - INFO - [in this interval] state is [State.INCREASE]
04/05/2022 16:10:40 PM - INFO - [in this interval] now real rate is [0.5668099173553719]mbps
04/05/2022 16:10:40 PM - INFO - [in this interval] now real rtt is [3130]
04/05/2022 16:10:40 PM - INFO - [in this interval] aimd control rate is [0.48675484559075366] mbps
04/05/2022 16:10:40 PM - INFO - [in this interval] delay-rate is [0.48675484559075366] mbps
04/05/2022 16:10:40 PM - INFO - average delay [1388.0]
04/05/2022 16:10:40 PM - INFO - average delay [1341.0]
04/05/2022 16:10:40 PM - INFO - average delay [1302.7142857142858]
04/05/2022 16:10:40 PM - INFO - average delay [1267.2857142857142]
04/05/2022 16:10:40 PM - INFO - nowTs is [159764], lastTs is [159531]
04/05/2022 16:10:40 PM - INFO - [in this interval] loss-ratio is [0.0]
04/05/2022 16:10:40 PM - INFO - [in this interval] group num is [12]
04/05/2022 16:10:40 PM - INFO - [in this interval] delayDelta from group is [[-17, -12, -17, -16, -7, 4, -16, -16, -11, 2, -5]]
04/05/2022 16:10:40 PM - INFO - sample List of accDelay : [[-4530.930964930206, -4531.437868437186, -4532.8940815934675, -4534.70467343412, -4536.834206090708, -4538.250785481638, -4540.4257069334735, -4543.583136240126, -4548.524822616113, -4554.672340354501, -4561.405106319051, -4569.164595687145, -4577.748136118431, -4586.173322506588, -4593.35599025593, -4601.4203912303365, -4610.278352107303, -4619.350516896573, -4627.315465206915, -4634.983918686224]]
04/05/2022 16:10:40 PM - INFO - sample List of time: [[159062, 159084, 159120, 159145, 159170, 159180, 159205, 159231, 159249, 159267, 159285, 159303, 159321, 159340, 159348, 159367, 159386, 159405, 159424, 159461]]
04/05/2022 16:10:40 PM - INFO - update trend: [-0.287300457022795]
04/05/2022 16:10:40 PM - INFO - estimateQueueDelayDuration [-68.9521096854708] = queueDelayDelta [-1.14920182809118] * numCount[1001]
04/05/2022 16:10:40 PM - INFO - [in this interval] signal is [Signal.UNDER_USE]
04/05/2022 16:10:40 PM - INFO - [in this interval] adaptiveThresholdGamma is [49.69774700865207]
04/05/2022 16:10:40 PM - INFO - [in this interval] state is [State.HOLD]
04/05/2022 16:10:40 PM - INFO - [in this interval] now real rate is [0.6986506024096385]mbps
04/05/2022 16:10:40 PM - INFO - [in this interval] now real rtt is [2916]
04/05/2022 16:10:40 PM - INFO - [in this interval] aimd control rate is [0.48675484559075366] mbps
04/05/2022 16:10:40 PM - INFO - [in this interval] delay-rate is [0.48675484559075366] mbps
04/05/2022 16:10:40 PM - INFO - average delay [1253.2]
04/05/2022 16:10:40 PM - INFO - average delay [1250.5]
04/05/2022 16:10:40 PM - INFO - average delay [1255.75]
04/05/2022 16:10:40 PM - INFO - average delay [1295.5]
04/05/2022 16:10:40 PM - INFO - nowTs is [160006], lastTs is [159764]
04/05/2022 16:10:40 PM - INFO - [in this interval] loss-ratio is [0.0]
04/05/2022 16:10:40 PM - INFO - [in this interval] group num is [7]
04/05/2022 16:10:40 PM - INFO - [in this interval] delayDelta from group is [[-5, 17, 33, 24, -1, -21]]
04/05/2022 16:10:40 PM - INFO - sample List of accDelay : [[-4540.4257069334735, -4543.583136240126, -4548.524822616113, -4554.672340354501, -4561.405106319051, -4569.164595687145, -4577.748136118431, -4586.173322506588, -4593.35599025593, -4601.4203912303365, -4610.278352107303, -4619.350516896573, -4627.315465206915, -4634.983918686224, -4642.385526817601, -4647.346974135841, -4648.5122767222565, -4647.161049050031, -4646.044944145027, -4647.140449730525]]
04/05/2022 16:10:40 PM - INFO - sample List of time: [[159205, 159231, 159249, 159267, 159285, 159303, 159321, 159340, 159348, 159367, 159386, 159405, 159424, 159461, 159521, 159551, 159608, 159661, 159705, 159719]]
04/05/2022 16:10:40 PM - INFO - update trend: [-0.2286755432940832]
04/05/2022 16:10:40 PM - INFO - estimateQueueDelayDuration [-54.882130390579974] = queueDelayDelta [-0.9147021731763328] * numCount[1001]
04/05/2022 16:10:40 PM - INFO - [in this interval] signal is [Signal.UNDER_USE]
04/05/2022 16:10:40 PM - INFO - [in this interval] adaptiveThresholdGamma is [54.882130390579974]
04/05/2022 16:10:40 PM - INFO - [in this interval] state is [State.HOLD]
04/05/2022 16:10:40 PM - INFO - [in this interval] now real rate is [0.7017931034482758]mbps
04/05/2022 16:10:40 PM - INFO - [in this interval] now real rtt is [3010]
04/05/2022 16:10:40 PM - INFO - [in this interval] aimd control rate is [0.48675484559075366] mbps
04/05/2022 16:10:40 PM - INFO - [in this interval] delay-rate is [0.48675484559075366] mbps
04/05/2022 16:10:40 PM - INFO - average delay [1317.0]
04/05/2022 16:10:40 PM - INFO - average delay [1259.25]
04/05/2022 16:10:40 PM - INFO - average delay [1216.4]
04/05/2022 16:10:40 PM - INFO - average delay [1212.5]
04/05/2022 16:10:40 PM - INFO - nowTs is [160239], lastTs is [160006]
04/05/2022 16:10:40 PM - INFO - [in this interval] loss-ratio is [0.0]
04/05/2022 16:10:40 PM - INFO - [in this interval] group num is [10]
04/05/2022 16:10:40 PM - INFO - [in this interval] delayDelta from group is [[-21, -20, -16, -12, -5, 4, -1, -1, -9]]
04/05/2022 16:10:40 PM - INFO - sample List of accDelay : [[-4601.4203912303365, -4610.278352107303, -4619.350516896573, -4627.315465206915, -4634.983918686224, -4642.385526817601, -4647.346974135841, -4648.5122767222565, -4647.161049050031, -4646.044944145027, -4647.140449730525, -4650.226404757473, -4655.003764281726, -4660.903387853553, -4667.413049068198, -4673.771744161379, -4679.094569745241, -4683.985112770717, -4688.486601493645, -4693.437941344281]]
04/05/2022 16:10:40 PM - INFO - sample List of time: [[159367, 159386, 159405, 159424, 159461, 159521, 159551, 159608, 159661, 159705, 159719, 159747, 159761, 159776, 159790, 159818, 159848, 159882, 159916, 159950]]
04/05/2022 16:10:40 PM - INFO - update trend: [-0.12809082258601462]
04/05/2022 16:10:40 PM - INFO - estimateQueueDelayDuration [-30.741797420643508] = queueDelayDelta [-0.5123632903440585] * numCount[1000]
04/05/2022 16:10:40 PM - INFO - [in this interval] signal is [Signal.NORMAL]
04/05/2022 16:10:40 PM - INFO - [in this interval] adaptiveThresholdGamma is [54.44760439712112]
04/05/2022 16:10:40 PM - INFO - [in this interval] state is [State.INCREASE]
04/05/2022 16:10:40 PM - INFO - [in this interval] now real rate is [0.6170285714285715]mbps
04/05/2022 16:10:40 PM - INFO - [in this interval] now real rtt is [2816]
04/05/2022 16:10:40 PM - INFO - [in this interval] aimd control rate is [0.4908111359706766] mbps
04/05/2022 16:10:40 PM - INFO - [in this interval] delay-rate is [0.4908111359706766] mbps
04/05/2022 16:10:40 PM - INFO - average delay [1212.0]
04/05/2022 16:10:40 PM - INFO - average delay [1213.0]
04/05/2022 16:10:40 PM - INFO - average delay [1224.3333333333333]
04/05/2022 16:10:40 PM - INFO - average delay [1231.3333333333333]
04/05/2022 16:10:40 PM - INFO - nowTs is [160494], lastTs is [160239]
04/05/2022 16:10:40 PM - INFO - [in this interval] loss-ratio is [0.0]
04/05/2022 16:10:40 PM - INFO - [in this interval] group num is [7]
04/05/2022 16:10:40 PM - INFO - [in this interval] delayDelta from group is [[-1, 3, 11, 7, 6, 12]]
04/05/2022 16:10:40 PM - INFO - sample List of accDelay : [[-4647.346974135841, -4648.5122767222565, -4647.161049050031, -4646.044944145027, -4647.140449730525, -4650.226404757473, -4655.003764281726, -4660.903387853553, -4667.413049068198, -4673.771744161379, -4679.094569745241, -4683.985112770717, -4688.486601493645, -4693.437941344281, -4697.994147209853, -4701.794732488868, -4704.115259239981, -4705.5037333159835, -4706.153359984385, -4705.538023985947]]
04/05/2022 16:10:40 PM - INFO - sample List of time: [[159551, 159608, 159661, 159705, 159719, 159747, 159761, 159776, 159790, 159818, 159848, 159882, 159916, 159950, 159983, 160017, 160055, 160096, 160138, 160179]]
04/05/2022 16:10:40 PM - INFO - update trend: [-0.12698914201096279]
04/05/2022 16:10:40 PM - INFO - estimateQueueDelayDuration [-30.47739408263107] = queueDelayDelta [-0.5079565680438511] * numCount[1000]
04/05/2022 16:10:40 PM - INFO - [in this interval] signal is [Signal.NORMAL]
04/05/2022 16:10:40 PM - INFO - [in this interval] adaptiveThresholdGamma is [54.016140611460294]
04/05/2022 16:10:40 PM - INFO - [in this interval] state is [State.INCREASE]
04/05/2022 16:10:40 PM - INFO - [in this interval] now real rate is [0.5852786885245902]mbps
04/05/2022 16:10:40 PM - INFO - [in this interval] now real rtt is [2916]
04/05/2022 16:10:40 PM - INFO - [in this interval] aimd control rate is [0.49490122877043224] mbps
04/05/2022 16:10:40 PM - INFO - [in this interval] delay-rate is [0.49490122877043224] mbps
04/05/2022 16:10:40 PM - INFO - average delay [1248.6666666666667]
04/05/2022 16:10:40 PM - INFO - average delay [1253.6666666666667]
04/05/2022 16:10:40 PM - INFO - average delay [1259.25]
04/05/2022 16:10:40 PM - INFO - average delay [1263.25]
04/05/2022 16:10:40 PM - INFO - nowTs is [160713], lastTs is [160494]
04/05/2022 16:10:40 PM - INFO - [in this interval] loss-ratio is [0.0]
04/05/2022 16:10:40 PM - INFO - [in this interval] group num is [6]
04/05/2022 16:10:40 PM - INFO - [in this interval] delayDelta from group is [[1, 5, 2, 1, 6]]
04/05/2022 16:10:40 PM - INFO - sample List of accDelay : [[-4650.226404757473, -4655.003764281726, -4660.903387853553, -4667.413049068198, -4673.771744161379, -4679.094569745241, -4683.985112770717, -4688.486601493645, -4693.437941344281, -4697.994147209853, -4701.794732488868, -4704.115259239981, -4705.5037333159835, -4706.153359984385, -4705.538023985947, -4704.884221587352, -4703.795799428616, -4702.616219485754, -4701.454597537178, -4699.809137783461]]
04/05/2022 16:10:40 PM - INFO - sample List of time: [[159747, 159761, 159776, 159790, 159818, 159848, 159882, 159916, 159950, 159983, 160017, 160055, 160096, 160138, 160179, 160260, 160296, 160331, 160368, 160404]]
04/05/2022 16:10:40 PM - INFO - update trend: [-0.06977383523018546]
04/05/2022 16:10:40 PM - INFO - estimateQueueDelayDuration [-16.74572045524451] = queueDelayDelta [-0.27909534092074184] * numCount[1001]
04/05/2022 16:10:40 PM - INFO - [in this interval] signal is [Signal.NORMAL]
04/05/2022 16:10:40 PM - INFO - [in this interval] adaptiveThresholdGamma is [53.34527304864841]
04/05/2022 16:10:40 PM - INFO - [in this interval] state is [State.INCREASE]
04/05/2022 16:10:40 PM - INFO - [in this interval] now real rate is [0.5675755102040817]mbps
04/05/2022 16:10:40 PM - INFO - [in this interval] now real rtt is [2954]
04/05/2022 16:10:40 PM - INFO - [in this interval] aimd control rate is [0.4990254056768525] mbps
04/05/2022 16:10:40 PM - INFO - [in this interval] delay-rate is [0.4990254056768525] mbps
04/05/2022 16:10:40 PM - INFO - average delay [1267.5]
04/05/2022 16:10:40 PM - INFO - average delay [1291.0]
04/05/2022 16:10:40 PM - INFO - average delay [1336.5]
04/05/2022 16:10:40 PM - INFO - average delay [1362.5]
04/05/2022 16:10:40 PM - INFO - nowTs is [160961], lastTs is [160713]
04/05/2022 16:10:40 PM - INFO - [in this interval] loss-ratio is [0.0]
04/05/2022 16:10:40 PM - INFO - [in this interval] group num is [4]
04/05/2022 16:10:40 PM - INFO - [in this interval] delayDelta from group is [[52, 29, -16]]
04/05/2022 16:10:40 PM - INFO - sample List of accDelay : [[-4667.413049068198, -4673.771744161379, -4679.094569745241, -4683.985112770717, -4688.486601493645, -4693.437941344281, -4697.994147209853, -4701.794732488868, -4704.115259239981, -4705.5037333159835, -4706.153359984385, -4705.538023985947, -4704.884221587352, -4703.795799428616, -4702.616219485754, -4701.454597537178, -4699.809137783461, -4693.128224005115, -4684.215401604603, -4677.793861444143]]
04/05/2022 16:10:40 PM - INFO - sample List of time: [[159790, 159818, 159848, 159882, 159916, 159950, 159983, 160017, 160055, 160096, 160138, 160179, 160260, 160296, 160331, 160368, 160404, 160528, 160615, 160674]]
04/05/2022 16:10:40 PM - INFO - update trend: [-0.011508568431344074]
04/05/2022 16:10:40 PM - INFO - estimateQueueDelayDuration [-2.7620564235225777] = queueDelayDelta [-0.046034273725376294] * numCount[1000]
04/05/2022 16:10:40 PM - INFO - [in this interval] signal is [Signal.NORMAL]
04/05/2022 16:10:40 PM - INFO - [in this interval] adaptiveThresholdGamma is [52.434775149396145]
04/05/2022 16:10:40 PM - INFO - [in this interval] state is [State.INCREASE]
04/05/2022 16:10:40 PM - INFO - [in this interval] now real rate is [0.4548688524590164]mbps
04/05/2022 16:10:40 PM - INFO - [in this interval] now real rtt is [3190]
04/05/2022 16:10:40 PM - INFO - [in this interval] aimd control rate is [0.5031839507241596] mbps
04/05/2022 16:10:40 PM - INFO - [in this interval] delay-rate is [0.5031839507241596] mbps
04/05/2022 16:10:40 PM - INFO - average delay [1402.3333333333333]
04/05/2022 16:10:40 PM - INFO - average delay [1395.2]
04/05/2022 16:10:40 PM - INFO - average delay [1385.8]
04/05/2022 16:10:40 PM - INFO - average delay [1382.75]
04/05/2022 16:10:40 PM - INFO - nowTs is [161190], lastTs is [160961]
04/05/2022 16:10:40 PM - INFO - [in this interval] loss-ratio is [0.0]
04/05/2022 16:10:40 PM - INFO - [in this interval] group num is [7]
04/05/2022 16:10:40 PM - INFO - [in this interval] delayDelta from group is [[-6, -1, -6, -6, 12, 22]]
04/05/2022 16:10:40 PM - INFO - sample List of accDelay : [[-4697.994147209853, -4701.794732488868, -4704.115259239981, -4705.5037333159835, -4706.153359984385, -4705.538023985947, -4704.884221587352, -4703.795799428616, -4702.616219485754, -4701.454597537178, -4699.809137783461, -4693.128224005115, -4684.215401604603, -4677.793861444143, -4672.614475299728, -4668.053027769755, -4664.54772499278, -4661.992952493501, -4658.493657244151, -4653.144291519736]]
04/05/2022 16:10:40 PM - INFO - sample List of time: [[159983, 160017, 160055, 160096, 160138, 160179, 160260, 160296, 160331, 160368, 160404, 160528, 160615, 160674, 160702, 160731, 160760, 160789, 160818, 160860]]
04/05/2022 16:10:40 PM - INFO - update trend: [0.05721014433033498]
04/05/2022 16:10:40 PM - INFO - estimateQueueDelayDuration [13.730434639280395] = queueDelayDelta [0.22884057732133992] * numCount[1000]
04/05/2022 16:10:40 PM - INFO - [in this interval] signal is [Signal.NORMAL]
04/05/2022 16:10:40 PM - INFO - [in this interval] adaptiveThresholdGamma is [51.73809702021406]
04/05/2022 16:10:40 PM - INFO - [in this interval] state is [State.INCREASE]
04/05/2022 16:10:40 PM - INFO - [in this interval] now real rate is [0.48421818181818177]mbps
04/05/2022 16:10:40 PM - INFO - [in this interval] now real rtt is [3238]
04/05/2022 16:10:40 PM - INFO - [in this interval] aimd control rate is [0.5073771503135276] mbps
04/05/2022 16:10:40 PM - INFO - [in this interval] delay-rate is [0.5073771503135276] mbps
04/05/2022 16:10:40 PM - INFO - average delay [1404.0]
04/05/2022 16:10:40 PM - INFO - average delay [1429.5]
04/05/2022 16:10:40 PM - INFO - average delay [1457.5]
04/05/2022 16:10:40 PM - INFO - nowTs is [161396], lastTs is [161190]
04/05/2022 16:10:40 PM - INFO - [in this interval] loss-ratio is [0.0]
04/05/2022 16:10:40 PM - INFO - [in this interval] group num is [5]
04/05/2022 16:10:40 PM - INFO - [in this interval] delayDelta from group is [[27, -4, -5, 1]]
04/05/2022 16:10:40 PM - INFO - sample List of accDelay : [[-4706.153359984385, -4705.538023985947, -4704.884221587352, -4703.795799428616, -4702.616219485754, -4701.454597537178, -4699.809137783461, -4693.128224005115, -4684.215401604603, -4677.793861444143, -4672.614475299728, -4668.053027769755, -4664.54772499278, -4661.992952493501, -4658.493657244151, -4653.144291519736, -4645.629862367762, -4639.266876130986, -4634.040188517887, -4629.236169666099]]
04/05/2022 16:10:40 PM - INFO - sample List of time: [[160138, 160179, 160260, 160296, 160331, 160368, 160404, 160528, 160615, 160674, 160702, 160731, 160760, 160789, 160818, 160860, 160974, 161031, 161062, 161092]]
04/05/2022 16:10:40 PM - INFO - update trend: [0.08510709372197958]
04/05/2022 16:10:40 PM - INFO - estimateQueueDelayDuration [20.4257024932751] = queueDelayDelta [0.34042837488791833] * numCount[1000]
04/05/2022 16:10:40 PM - INFO - [in this interval] signal is [Signal.NORMAL]
04/05/2022 16:10:40 PM - INFO - [in this interval] adaptiveThresholdGamma is [51.17447391872916]
04/05/2022 16:10:40 PM - INFO - [in this interval] state is [State.INCREASE]
04/05/2022 16:10:40 PM - INFO - [in this interval] now real rate is [0.619948275862069]mbps
04/05/2022 16:10:40 PM - INFO - [in this interval] now real rtt is [3320]
04/05/2022 16:10:40 PM - INFO - [in this interval] aimd control rate is [0.511605293232807] mbps
04/05/2022 16:10:40 PM - INFO - [in this interval] delay-rate is [0.511605293232807] mbps
04/05/2022 16:10:40 PM - INFO - average delay [1454.5]
04/05/2022 16:10:40 PM - INFO - average delay [1443.5]
04/05/2022 16:10:40 PM - INFO - average delay [1435.2]
04/05/2022 16:10:40 PM - INFO - average delay [1418.2]
04/05/2022 16:10:40 PM - INFO - nowTs is [161632], lastTs is [161396]
04/05/2022 16:10:40 PM - INFO - [in this interval] loss-ratio is [0.0]
04/05/2022 16:10:40 PM - INFO - [in this interval] group num is [9]
04/05/2022 16:10:40 PM - INFO - [in this interval] delayDelta from group is [[-8, -3, -8, -7, -2, -6, -6, -11]]
04/05/2022 16:10:40 PM - INFO - sample List of accDelay : [[-4684.215401604603, -4677.793861444143, -4672.614475299728, -4668.053027769755, -4664.54772499278, -4661.992952493501, -4658.493657244151, -4653.144291519736, -4645.629862367762, -4639.266876130986, -4634.040188517887, -4629.236169666099, -4625.712552699489, -4622.84129742954, -4621.057167686586, -4620.151450917927, -4619.536305826134, -4619.5826752435205, -4620.224407719168, -4621.901966947251]]
04/05/2022 16:10:40 PM - INFO - sample List of time: [[160615, 160674, 160702, 160731, 160760, 160789, 160818, 160860, 160974, 161031, 161062, 161092, 161150, 161177, 161204, 161231, 161259, 161287, 161316, 161345]]
04/05/2022 16:10:40 PM - INFO - update trend: [0.09206374193647687]
04/05/2022 16:10:40 PM - INFO - estimateQueueDelayDuration [22.09529806475445] = queueDelayDelta [0.3682549677459075] * numCount[1000]
04/05/2022 16:10:40 PM - INFO - [in this interval] signal is [Signal.NORMAL]
04/05/2022 16:10:40 PM - INFO - [in this interval] adaptiveThresholdGamma is [50.65104875335762]
04/05/2022 16:10:40 PM - INFO - [in this interval] state is [State.INCREASE]
04/05/2022 16:10:40 PM - INFO - [in this interval] now real rate is [0.637370741482966]mbps
04/05/2022 16:10:40 PM - INFO - [in this interval] now real rtt is [3202]
04/05/2022 16:10:40 PM - INFO - [in this interval] aimd control rate is [0.5158686706764137] mbps
04/05/2022 16:10:40 PM - INFO - [in this interval] delay-rate is [0.5158686706764137] mbps
04/05/2022 16:10:40 PM - INFO - average delay [1408.4]
04/05/2022 16:10:40 PM - INFO - average delay [1398.75]
04/05/2022 16:10:40 PM - INFO - average delay [1403.6666666666667]
04/05/2022 16:10:40 PM - INFO - average delay [1421.0]
04/05/2022 16:10:40 PM - INFO - nowTs is [161855], lastTs is [161632]
04/05/2022 16:10:40 PM - INFO - [in this interval] loss-ratio is [0.0]
04/05/2022 16:10:40 PM - INFO - [in this interval] group num is [6]
04/05/2022 16:10:40 PM - INFO - [in this interval] delayDelta from group is [[-7, -6, 20, 16, 16]]
04/05/2022 16:10:40 PM - INFO - sample List of accDelay : [[-4661.992952493501, -4658.493657244151, -4653.144291519736, -4645.629862367762, -4639.266876130986, -4634.040188517887, -4629.236169666099, -4625.712552699489, -4622.84129742954, -4621.057167686586, -4620.151450917927, -4619.536305826134, -4619.5826752435205, -4620.224407719168, -4621.901966947251, -4624.111770252525, -4626.700593227273, -4627.030533904546, -4625.727480514091, -4622.954732462683]]
04/05/2022 16:10:40 PM - INFO - sample List of time: [[160789, 160818, 160860, 160974, 161031, 161062, 161092, 161150, 161177, 161204, 161231, 161259, 161287, 161316, 161345, 161373, 161401, 161430, 161480, 161531]]
04/05/2022 16:10:40 PM - INFO - update trend: [0.05221615709963127]
04/05/2022 16:10:40 PM - INFO - estimateQueueDelayDuration [12.531877703911505] = queueDelayDelta [0.20886462839852507] * numCount[1001]
04/05/2022 16:10:40 PM - INFO - [in this interval] signal is [Signal.NORMAL]
04/05/2022 16:10:40 PM - INFO - [in this interval] adaptiveThresholdGamma is [49.96490367446759]
04/05/2022 16:10:40 PM - INFO - [in this interval] state is [State.INCREASE]
04/05/2022 16:10:40 PM - INFO - [in this interval] now real rate is [0.6539102040816327]mbps
04/05/2022 16:10:40 PM - INFO - [in this interval] now real rtt is [3298]
04/05/2022 16:10:40 PM - INFO - [in this interval] aimd control rate is [0.5201675762653839] mbps
04/05/2022 16:10:40 PM - INFO - [in this interval] delay-rate is [0.5201675762653839] mbps
04/05/2022 16:10:40 PM - INFO - average delay [1437.0]
04/05/2022 16:10:40 PM - INFO - average delay [1461.0]
04/05/2022 16:10:40 PM - INFO - average delay [1473.0]
04/05/2022 16:10:40 PM - INFO - average delay [1497.6666666666667]
04/05/2022 16:10:40 PM - INFO - nowTs is [162114], lastTs is [161855]
04/05/2022 16:10:40 PM - INFO - [in this interval] loss-ratio is [0.0]
04/05/2022 16:10:40 PM - INFO - [in this interval] group num is [6]
04/05/2022 16:10:40 PM - INFO - [in this interval] delayDelta from group is [[11, 12, 16, 10, -6]]
04/05/2022 16:10:40 PM - INFO - sample List of accDelay : [[-4634.040188517887, -4629.236169666099, -4625.712552699489, -4622.84129742954, -4621.057167686586, -4620.151450917927, -4619.536305826134, -4619.5826752435205, -4620.224407719168, -4621.901966947251, -4624.111770252525, -4626.700593227273, -4627.030533904546, -4625.727480514091, -4622.954732462683, -4619.359259216414, -4614.923333294772, -4609.330999965295, -4603.297899968765, -4598.468109971888]]
04/05/2022 16:10:40 PM - INFO - sample List of time: [[161062, 161092, 161150, 161177, 161204, 161231, 161259, 161287, 161316, 161345, 161373, 161401, 161430, 161480, 161531, 161633, 161679, 161726, 161772, 161817]]
04/05/2022 16:10:40 PM - INFO - update trend: [0.02897029445217441]
04/05/2022 16:10:40 PM - INFO - estimateQueueDelayDuration [6.952870668521858] = queueDelayDelta [0.11588117780869764] * numCount[1000]
04/05/2022 16:10:40 PM - INFO - [in this interval] signal is [Signal.NORMAL]
04/05/2022 16:10:40 PM - INFO - [in this interval] adaptiveThresholdGamma is [49.19068708036057]
04/05/2022 16:10:40 PM - INFO - [in this interval] state is [State.INCREASE]
04/05/2022 16:10:40 PM - INFO - [in this interval] now real rate is [0.5046935483870968]mbps
04/05/2022 16:10:40 PM - INFO - [in this interval] now real rtt is [3426]
04/05/2022 16:10:40 PM - INFO - [in this interval] aimd control rate is [0.5245023060675954] mbps
04/05/2022 16:10:40 PM - INFO - [in this interval] delay-rate is [0.5245023060675954] mbps
04/05/2022 16:10:40 PM - INFO - average delay [1511.3333333333333]
04/05/2022 16:10:40 PM - INFO - average delay [1529.0]
04/05/2022 16:10:40 PM - INFO - average delay [1533.6666666666667]
04/05/2022 16:10:40 PM - INFO - average delay [1549.0]
04/05/2022 16:10:40 PM - INFO - nowTs is [162351], lastTs is [162114]
04/05/2022 16:10:40 PM - INFO - [in this interval] loss-ratio is [0.0]
04/05/2022 16:10:40 PM - INFO - [in this interval] group num is [7]
04/05/2022 16:10:40 PM - INFO - [in this interval] delayDelta from group is [[9, 5, 5, 11, 3, -11]]
04/05/2022 16:10:40 PM - INFO - sample List of accDelay : [[-4619.536305826134, -4619.5826752435205, -4620.224407719168, -4621.901966947251, -4624.111770252525, -4626.700593227273, -4627.030533904546, -4625.727480514091, -4622.954732462683, -4619.359259216414, -4614.923333294772, -4609.330999965295, -4603.297899968765, -4598.468109971888, -4593.221298974699, -4587.999169077229, -4582.799252169507, -4577.019326952556, -4571.5173942573, -4567.6656548315705]]
04/05/2022 16:10:40 PM - INFO - sample List of time: [[161259, 161287, 161316, 161345, 161373, 161401, 161430, 161480, 161531, 161633, 161679, 161726, 161772, 161817, 161861, 161900, 161940, 161980, 162021, 162059]]
04/05/2022 16:10:40 PM - INFO - update trend: [0.06786677591613104]
04/05/2022 16:10:40 PM - INFO - estimateQueueDelayDuration [16.288026219871448] = queueDelayDelta [0.27146710366452415] * numCount[1000]
04/05/2022 16:10:40 PM - INFO - [in this interval] signal is [Signal.NORMAL]
04/05/2022 16:10:40 PM - INFO - [in this interval] adaptiveThresholdGamma is [48.598439184871765]
04/05/2022 16:10:40 PM - INFO - [in this interval] state is [State.INCREASE]
04/05/2022 16:10:40 PM - INFO - [in this interval] now real rate is [0.514241935483871]mbps
04/05/2022 16:10:40 PM - INFO - [in this interval] now real rtt is [3500]
04/05/2022 16:10:40 PM - INFO - [in this interval] aimd control rate is [0.5288731586181586] mbps
04/05/2022 16:10:40 PM - INFO - [in this interval] delay-rate is [0.5288731586181586] mbps
04/05/2022 16:10:40 PM - INFO - average delay [1554.25]
04/05/2022 16:10:40 PM - INFO - average delay [1562.6666666666667]
04/05/2022 16:10:40 PM - INFO - average delay [1548.5]
04/05/2022 16:10:40 PM - INFO - average delay [1502.5]
04/05/2022 16:10:40 PM - INFO - nowTs is [162595], lastTs is [162351]
04/05/2022 16:10:40 PM - INFO - [in this interval] loss-ratio is [0.21052631578947367]
04/05/2022 16:10:40 PM - INFO - [in this interval] group num is [10]
04/05/2022 16:10:40 PM - INFO - [in this interval] delayDelta from group is [[6, -12, -17, -12, -17, -3, -4, -7, -8]]
04/05/2022 16:10:40 PM - INFO - sample List of accDelay : [[-4619.359259216414, -4614.923333294772, -4609.330999965295, -4603.297899968765, -4598.468109971888, -4593.221298974699, -4587.999169077229, -4582.799252169507, -4577.019326952556, -4571.5173942573, -4567.6656548315705, -4563.599089348413, -4561.139180413572, -4560.625262372214, -4561.362736134993, -4563.726462521494, -4566.153816269345, -4568.7384346424105, -4571.764591178169, -4575.288132060352]]
04/05/2022 16:10:40 PM - INFO - sample List of time: [[161633, 161679, 161726, 161772, 161817, 161861, 161900, 161940, 161980, 162021, 162059, 162096, 162132, 162150, 162168, 162186, 162204, 162241, 162267, 162295]]
04/05/2022 16:10:40 PM - INFO - update trend: [0.08500884268978415]
04/05/2022 16:10:40 PM - INFO - estimateQueueDelayDuration [20.402122245548195] = queueDelayDelta [0.3400353707591366] * numCount[1001]
04/05/2022 16:10:40 PM - INFO - [in this interval] signal is [Signal.NORMAL]
04/05/2022 16:10:40 PM - INFO - [in this interval] adaptiveThresholdGamma is [48.09090547996394]
04/05/2022 16:10:40 PM - INFO - [in this interval] state is [State.INCREASE]
04/05/2022 16:10:40 PM - INFO - [in this interval] now real rate is [0.6306528066528067]mbps
04/05/2022 16:10:40 PM - INFO - [in this interval] now real rtt is [3378]
04/05/2022 16:10:40 PM - INFO - [in this interval] aimd control rate is [0.5332804349399767] mbps
04/05/2022 16:10:40 PM - INFO - [in this interval] delay-rate is [0.5332804349399767] mbps
04/05/2022 16:10:40 PM - INFO - average delay [1491.6]
04/05/2022 16:10:40 PM - INFO - average delay [1477.0]
04/05/2022 16:10:40 PM - INFO - average delay [1460.2]
04/05/2022 16:10:40 PM - INFO - average delay [1423.0]
04/05/2022 16:10:40 PM - INFO - nowTs is [162819], lastTs is [162595]
04/05/2022 16:10:40 PM - INFO - [in this interval] loss-ratio is [0.17647058823529413]
04/05/2022 16:10:40 PM - INFO - [in this interval] group num is [9]
04/05/2022 16:10:40 PM - INFO - [in this interval] delayDelta from group is [[-8, -8, -11, -22, -15, 4, 4, -11]]
04/05/2022 16:10:40 PM - INFO - sample List of accDelay : [[-4577.019326952556, -4571.5173942573, -4567.6656548315705, -4563.599089348413, -4561.139180413572, -4560.625262372214, -4561.362736134993, -4563.726462521494, -4566.153816269345, -4568.7384346424105, -4571.764591178169, -4575.288132060352, -4579.259318854317, -4583.633386968885, -4588.670048271996, -4595.403043444796, -4602.962739100316, -4609.3664651902845, -4614.729818671256, -4620.65683680413]]
04/05/2022 16:10:40 PM - INFO - sample List of time: [[161980, 162021, 162059, 162096, 162132, 162150, 162168, 162186, 162204, 162241, 162267, 162295, 162348, 162375, 162402, 162416, 162429, 162449, 162488, 162527]]
04/05/2022 16:10:40 PM - INFO - update trend: [-0.09632134966667849]
04/05/2022 16:10:40 PM - INFO - estimateQueueDelayDuration [-23.11712392000284] = queueDelayDelta [-0.38528539866671396] * numCount[1001]
04/05/2022 16:10:40 PM - INFO - [in this interval] signal is [Signal.NORMAL]
04/05/2022 16:10:40 PM - INFO - [in this interval] adaptiveThresholdGamma is [47.64137741188464]
04/05/2022 16:10:40 PM - INFO - [in this interval] state is [State.INCREASE]
04/05/2022 16:10:40 PM - INFO - [in this interval] now real rate is [0.7008131416837783]mbps
04/05/2022 16:10:40 PM - INFO - [in this interval] now real rtt is [3236]
04/05/2022 16:10:40 PM - INFO - [in this interval] aimd control rate is [0.5377244385644765] mbps
04/05/2022 16:10:40 PM - INFO - [in this interval] delay-rate is [0.5377244385644765] mbps
04/05/2022 16:10:40 PM - INFO - average delay [1421.5]
04/05/2022 16:10:40 PM - INFO - average delay [1432.75]
04/05/2022 16:10:40 PM - INFO - average delay [1439.5]
04/05/2022 16:10:40 PM - INFO - average delay [1447.75]
04/05/2022 16:10:40 PM - INFO - nowTs is [163068], lastTs is [162819]
04/05/2022 16:10:40 PM - INFO - [in this interval] loss-ratio is [0.0]
04/05/2022 16:10:40 PM - INFO - [in this interval] group num is [7]
04/05/2022 16:10:40 PM - INFO - [in this interval] delayDelta from group is [[9, 4, 3, 8, 3, 3]]
04/05/2022 16:10:40 PM - INFO - sample List of accDelay : [[-4561.362736134993, -4563.726462521494, -4566.153816269345, -4568.7384346424105, -4571.764591178169, -4575.288132060352, -4579.259318854317, -4583.633386968885, -4588.670048271996, -4595.403043444796, -4602.962739100316, -4609.3664651902845, -4614.729818671256, -4620.65683680413, -4625.091153123717, -4628.682037811346, -4631.613834030212, -4633.452450627191, -4634.807205564472, -4635.726485008025]]
04/05/2022 16:10:40 PM - INFO - sample List of time: [[162168, 162186, 162204, 162241, 162267, 162295, 162348, 162375, 162402, 162416, 162429, 162449, 162488, 162527, 162565, 162604, 162643, 162681, 162719, 162757]]
04/05/2022 16:10:40 PM - INFO - update trend: [-0.145817922345074]
04/05/2022 16:10:40 PM - INFO - estimateQueueDelayDuration [-34.99630136281776] = queueDelayDelta [-0.583271689380296] * numCount[1001]
04/05/2022 16:10:40 PM - INFO - [in this interval] signal is [Signal.NORMAL]
04/05/2022 16:10:40 PM - INFO - [in this interval] adaptiveThresholdGamma is [47.41376604300144]
04/05/2022 16:10:40 PM - INFO - [in this interval] state is [State.INCREASE]
04/05/2022 16:10:40 PM - INFO - [in this interval] now real rate is [0.66944]mbps
04/05/2022 16:10:40 PM - INFO - [in this interval] now real rtt is [3324]
04/05/2022 16:10:40 PM - INFO - [in this interval] aimd control rate is [0.5422054755525137] mbps
04/05/2022 16:10:40 PM - INFO - [in this interval] delay-rate is [0.5422054755525137] mbps
04/05/2022 16:10:40 PM - INFO - average delay [1453.5]
04/05/2022 16:10:40 PM - INFO - average delay [1464.5]
04/05/2022 16:10:40 PM - INFO - average delay [1486.5]
04/05/2022 16:10:40 PM - INFO - average delay [1515.5]
04/05/2022 16:10:40 PM - INFO - nowTs is [163299], lastTs is [163068]
04/05/2022 16:10:40 PM - INFO - [in this interval] loss-ratio is [0.0]
04/05/2022 16:10:40 PM - INFO - [in this interval] group num is [4]
04/05/2022 16:10:40 PM - INFO - [in this interval] delayDelta from group is [[28, 29, 34]]
04/05/2022 16:10:40 PM - INFO - sample List of accDelay : [[-4568.7384346424105, -4571.764591178169, -4575.288132060352, -4579.259318854317, -4583.633386968885, -4588.670048271996, -4595.403043444796, -4602.962739100316, -4609.3664651902845, -4614.729818671256, -4620.65683680413, -4625.091153123717, -4628.682037811346, -4631.613834030212, -4633.452450627191, -4634.807205564472, -4635.726485008025, -4633.753836507221, -4629.078452856499, -4621.470607570849]]
04/05/2022 16:10:40 PM - INFO - sample List of time: [[162241, 162267, 162295, 162348, 162375, 162402, 162416, 162429, 162449, 162488, 162527, 162565, 162604, 162643, 162681, 162719, 162757, 162835, 162898, 162962]]
04/05/2022 16:10:40 PM - INFO - update trend: [-0.0968622242775152]
04/05/2022 16:10:40 PM - INFO - estimateQueueDelayDuration [-23.246933826603648] = queueDelayDelta [-0.3874488971100608] * numCount[1000]
04/05/2022 16:10:40 PM - INFO - [in this interval] signal is [Signal.NORMAL]
04/05/2022 16:10:40 PM - INFO - [in this interval] adaptiveThresholdGamma is [46.97876306310628]
04/05/2022 16:10:40 PM - INFO - [in this interval] state is [State.INCREASE]
04/05/2022 16:10:40 PM - INFO - [in this interval] now real rate is [0.5202725450901804]mbps
04/05/2022 16:10:40 PM - INFO - [in this interval] now real rtt is [3526]
04/05/2022 16:10:40 PM - INFO - [in this interval] aimd control rate is [0.5467238545154514] mbps
04/05/2022 16:10:40 PM - INFO - [in this interval] delay-rate is [0.5467238545154514] mbps
04/05/2022 16:10:40 PM - INFO - average delay [1549.5]
04/05/2022 16:10:40 PM - INFO - average delay [1572.6666666666667]
04/05/2022 16:10:40 PM - INFO - average delay [1571.3333333333333]
04/05/2022 16:10:40 PM - INFO - average delay [1558.6666666666667]
04/05/2022 16:10:40 PM - INFO - nowTs is [163554], lastTs is [163299]
04/05/2022 16:10:40 PM - INFO - [in this interval] loss-ratio is [0.26666666666666666]
04/05/2022 16:10:40 PM - INFO - [in this interval] group num is [8]
04/05/2022 16:10:40 PM - INFO - [in this interval] delayDelta from group is [[-9, 7, -8, -14, -9, 8, -3]]
04/05/2022 16:10:40 PM - INFO - sample List of accDelay : [[-4602.962739100316, -4609.3664651902845, -4614.729818671256, -4620.65683680413, -4625.091153123717, -4628.682037811346, -4631.613834030212, -4633.452450627191, -4634.807205564472, -4635.726485008025, -4633.753836507221, -4629.078452856499, -4621.470607570849, -4615.523546813764, -4609.471192132388, -4604.824072919149, -4602.041665627235, -4600.437499064512, -4598.193749158061, -4596.474374242254]]
04/05/2022 16:10:40 PM - INFO - sample List of time: [[162429, 162449, 162488, 162527, 162565, 162604, 162643, 162681, 162719, 162757, 162835, 162898, 162962, 163079, 163100, 163142, 163164, 163185, 163206, 163254]]
04/05/2022 16:10:40 PM - INFO - update trend: [0.023955348390351097]
04/05/2022 16:10:40 PM - INFO - estimateQueueDelayDuration [5.7492836136842635] = queueDelayDelta [0.09582139356140439] * numCount[1001]
04/05/2022 16:10:40 PM - INFO - [in this interval] signal is [Signal.NORMAL]
04/05/2022 16:10:40 PM - INFO - [in this interval] adaptiveThresholdGamma is [46.23663243301668]
04/05/2022 16:10:40 PM - INFO - [in this interval] state is [State.INCREASE]
04/05/2022 16:10:40 PM - INFO - [in this interval] now real rate is [0.47328395061728395]mbps
04/05/2022 16:10:40 PM - INFO - [in this interval] now real rtt is [3506]
04/05/2022 16:10:40 PM - INFO - [in this interval] aimd control rate is [0.5512798866364134] mbps
04/05/2022 16:10:40 PM - INFO - [in this interval] delay-rate is [0.5512798866364134] mbps
04/05/2022 16:10:40 PM - INFO - average delay [1547.6666666666667]
04/05/2022 16:10:40 PM - INFO - average delay [1560.5]
04/05/2022 16:10:40 PM - INFO - average delay [1548.5]
04/05/2022 16:10:40 PM - INFO - average delay [1547.0]
04/05/2022 16:10:40 PM - INFO - nowTs is [163783], lastTs is [163554]
04/05/2022 16:10:40 PM - INFO - [in this interval] loss-ratio is [0.35294117647058826]
04/05/2022 16:10:40 PM - INFO - [in this interval] group num is [5]
04/05/2022 16:10:40 PM - INFO - [in this interval] delayDelta from group is [[-15, -7, 19, 9]]
04/05/2022 16:10:40 PM - INFO - sample List of accDelay : [[-4625.091153123717, -4628.682037811346, -4631.613834030212, -4633.452450627191, -4634.807205564472, -4635.726485008025, -4633.753836507221, -4629.078452856499, -4621.470607570849, -4615.523546813764, -4609.471192132388, -4604.824072919149, -4602.041665627235, -4600.437499064512, -4598.193749158061, -4596.474374242254, -4596.4269368180285, -4597.084243136226, -4595.7758188226035, -4593.698236940343]]
04/05/2022 16:10:40 PM - INFO - sample List of time: [[162565, 162604, 162643, 162681, 162719, 162757, 162835, 162898, 162962, 163079, 163100, 163142, 163164, 163185, 163206, 163254, 163334, 163389, 163407, 163466]]
04/05/2022 16:10:40 PM - INFO - update trend: [0.0517599635386695]
04/05/2022 16:10:40 PM - INFO - estimateQueueDelayDuration [12.422391249280679] = queueDelayDelta [0.207039854154678] * numCount[1001]
04/05/2022 16:10:40 PM - INFO - [in this interval] signal is [Signal.NORMAL]
04/05/2022 16:10:40 PM - INFO - [in this interval] adaptiveThresholdGamma is [45.627976091709435]
04/05/2022 16:10:40 PM - INFO - [in this interval] state is [State.INCREASE]
04/05/2022 16:10:40 PM - INFO - [in this interval] now real rate is [0.48233057851239675]mbps
04/05/2022 16:10:40 PM - INFO - [in this interval] now real rtt is [3554]
04/05/2022 16:10:40 PM - INFO - [in this interval] aimd control rate is [0.5558738856917168] mbps
04/05/2022 16:10:40 PM - INFO - [in this interval] delay-rate is [0.5558738856917168] mbps
04/05/2022 16:10:40 PM - INFO - average delay [1568.3333333333333]
04/05/2022 16:10:40 PM - INFO - average delay [1584.3333333333333]
04/05/2022 16:10:40 PM - INFO - average delay [1603.6666666666667]
04/05/2022 16:10:40 PM - INFO - average delay [1623.6666666666667]
04/05/2022 16:10:40 PM - INFO - nowTs is [164020], lastTs is [163783]
04/05/2022 16:10:40 PM - INFO - [in this interval] loss-ratio is [0.21428571428571427]
04/05/2022 16:10:40 PM - INFO - [in this interval] group num is [5]
04/05/2022 16:10:40 PM - INFO - [in this interval] delayDelta from group is [[27, 7, 17, 7]]
04/05/2022 16:10:40 PM - INFO - sample List of accDelay : [[-4634.807205564472, -4635.726485008025, -4633.753836507221, -4629.078452856499, -4621.470607570849, -4615.523546813764, -4609.471192132388, -4604.824072919149, -4602.041665627235, -4600.437499064512, -4598.193749158061, -4596.474374242254, -4596.4269368180285, -4597.084243136226, -4595.7758188226035, -4593.698236940343, -4589.128413246309, -4584.3155719216775, -4578.284014729509, -4572.155613256558]]
04/05/2022 16:10:40 PM - INFO - sample List of time: [[162719, 162757, 162835, 162898, 162962, 163079, 163100, 163142, 163164, 163185, 163206, 163254, 163334, 163389, 163407, 163466, 163554, 163621, 163663, 163705]]
04/05/2022 16:10:40 PM - INFO - update trend: [0.06121120310497629]
04/05/2022 16:10:40 PM - INFO - estimateQueueDelayDuration [14.69068874519431] = queueDelayDelta [0.24484481241990516] * numCount[1001]
04/05/2022 16:10:40 PM - INFO - [in this interval] signal is [Signal.NORMAL]
04/05/2022 16:10:40 PM - INFO - [in this interval] adaptiveThresholdGamma is [45.07110491947216]
04/05/2022 16:10:40 PM - INFO - [in this interval] state is [State.INCREASE]
04/05/2022 16:10:40 PM - INFO - [in this interval] now real rate is [0.4180446247464503]mbps
04/05/2022 16:10:40 PM - INFO - [in this interval] now real rtt is [3708]
04/05/2022 16:10:40 PM - INFO - [in this interval] aimd control rate is [0.5605061680724811] mbps
04/05/2022 16:10:40 PM - INFO - [in this interval] delay-rate is [0.5605061680724811] mbps
04/05/2022 16:10:40 PM - INFO - average delay [1644.6666666666667]
04/05/2022 16:10:40 PM - INFO - average delay [1659.3333333333333]
04/05/2022 16:10:40 PM - INFO - average delay [1678.0]
04/05/2022 16:10:40 PM - INFO - average delay [1681.0]
04/05/2022 16:10:40 PM - INFO - nowTs is [164262], lastTs is [164020]
04/05/2022 16:10:40 PM - INFO - [in this interval] loss-ratio is [0.2222222222222222]
04/05/2022 16:10:40 PM - INFO - [in this interval] group num is [6]
04/05/2022 16:10:40 PM - INFO - [in this interval] delayDelta from group is [[6, 3, 7, 6, -3]]
04/05/2022 16:10:40 PM - INFO - sample List of accDelay : [[-4615.523546813764, -4609.471192132388, -4604.824072919149, -4602.041665627235, -4600.437499064512, -4598.193749158061, -4596.474374242254, -4596.4269368180285, -4597.084243136226, -4595.7758188226035, -4593.698236940343, -4589.128413246309, -4584.3155719216775, -4578.284014729509, -4572.155613256558, -4566.040051930902, -4560.236046737812, -4554.312442064031, -4548.381197857628, -4543.343078071865]]
04/05/2022 16:10:40 PM - INFO - sample List of time: [[163079, 163100, 163142, 163164, 163185, 163206, 163254, 163334, 163389, 163407, 163466, 163554, 163621, 163663, 163705, 163810, 163846, 163879, 163926, 163957]]
04/05/2022 16:10:40 PM - INFO - update trend: [0.06789095420258491]
04/05/2022 16:10:40 PM - INFO - estimateQueueDelayDuration [16.293829008620378] = queueDelayDelta [0.27156381681033964] * numCount[1000]
04/05/2022 16:10:40 PM - INFO - [in this interval] signal is [Signal.NORMAL]
04/05/2022 16:10:40 PM - INFO - [in this interval] adaptiveThresholdGamma is [44.55311395307683]
04/05/2022 16:10:40 PM - INFO - [in this interval] state is [State.INCREASE]
04/05/2022 16:10:40 PM - INFO - [in this interval] now real rate is [0.43914822546972865]mbps
04/05/2022 16:10:40 PM - INFO - [in this interval] now real rtt is [3792]
04/05/2022 16:10:40 PM - INFO - [in this interval] aimd control rate is [0.5651770528064184] mbps
04/05/2022 16:10:40 PM - INFO - [in this interval] delay-rate is [0.5651770528064184] mbps
04/05/2022 16:10:40 PM - INFO - average delay [1689.5]
04/05/2022 16:10:40 PM - INFO - average delay [1707.0]
04/05/2022 16:10:40 PM - INFO - average delay [1723.0]
04/05/2022 16:10:40 PM - INFO - average delay [1741.0]
04/05/2022 16:10:40 PM - INFO - nowTs is [164512], lastTs is [164262]
04/05/2022 16:10:40 PM - INFO - [in this interval] loss-ratio is [0.0]
04/05/2022 16:10:40 PM - INFO - [in this interval] group num is [7]
04/05/2022 16:10:40 PM - INFO - [in this interval] delayDelta from group is [[12, 17, 12, 10, 27, 11]]
04/05/2022 16:10:40 PM - INFO - sample List of accDelay : [[-4596.474374242254, -4596.4269368180285, -4597.084243136226, -4595.7758188226035, -4593.698236940343, -4589.128413246309, -4584.3155719216775, -4578.284014729509, -4572.155613256558, -4566.040051930902, -4560.236046737812, -4554.312442064031, -4548.381197857628, -4543.343078071865, -4537.608770264678, -4530.74789323821, -4523.3731039143895, -4515.735793522951, -4506.162214170656, -4496.44599275359]]
04/05/2022 16:10:40 PM - INFO - sample List of time: [[163254, 163334, 163389, 163407, 163466, 163554, 163621, 163663, 163705, 163810, 163846, 163879, 163926, 163957, 164005, 164052, 164099, 164146, 164166, 164218]]
04/05/2022 16:10:40 PM - INFO - update trend: [0.10515468088986975]
04/05/2022 16:10:40 PM - INFO - estimateQueueDelayDuration [25.23712341356874] = queueDelayDelta [0.420618723559479] * numCount[1000]
04/05/2022 16:10:40 PM - INFO - [in this interval] signal is [Signal.NORMAL]
04/05/2022 16:10:40 PM - INFO - [in this interval] adaptiveThresholdGamma is [44.20542612336568]
04/05/2022 16:10:40 PM - INFO - [in this interval] state is [State.INCREASE]
04/05/2022 16:10:40 PM - INFO - [in this interval] now real rate is [0.5163414634146342]mbps
04/05/2022 16:10:40 PM - INFO - [in this interval] now real rtt is [3992]
04/05/2022 16:10:40 PM - INFO - [in this interval] aimd control rate is [0.5698868615798053] mbps
04/05/2022 16:10:40 PM - INFO - [in this interval] delay-rate is [0.5698868615798053] mbps
04/05/2022 16:10:40 PM - INFO - average delay [1779.5]
04/05/2022 16:10:40 PM - INFO - average delay [1802.3333333333333]
04/05/2022 16:10:40 PM - INFO - average delay [1790.0]
04/05/2022 16:10:40 PM - INFO - average delay [1800.8]
04/05/2022 16:10:40 PM - INFO - nowTs is [164746], lastTs is [164512]
04/05/2022 16:10:40 PM - INFO - [in this interval] loss-ratio is [0.3181818181818182]
04/05/2022 16:10:40 PM - INFO - [in this interval] group num is [7]
04/05/2022 16:10:40 PM - INFO - [in this interval] delayDelta from group is [[-16, 3, 13, -6, -1, 11]]
04/05/2022 16:10:40 PM - INFO - sample List of accDelay : [[-4584.3155719216775, -4578.284014729509, -4572.155613256558, -4566.040051930902, -4560.236046737812, -4554.312442064031, -4548.381197857628, -4543.343078071865, -4537.608770264678, -4530.74789323821, -4523.3731039143895, -4515.735793522951, -4506.162214170656, -4496.44599275359, -4489.301393478231, -4482.571254130408, -4475.214128717367, -4469.19271584563, -4463.873444261068, -4457.98609983496]]
04/05/2022 16:10:40 PM - INFO - sample List of time: [[163621, 163663, 163705, 163810, 163846, 163879, 163926, 163957, 164005, 164052, 164099, 164146, 164166, 164218, 164274, 164288, 164331, 164374, 164403, 164432]]
04/05/2022 16:10:40 PM - INFO - update trend: [0.1593446050139075]
04/05/2022 16:10:40 PM - INFO - estimateQueueDelayDuration [38.2427052033378] = queueDelayDelta [0.63737842005563] * numCount[1000]
04/05/2022 16:10:40 PM - INFO - [in this interval] signal is [Signal.NORMAL]
04/05/2022 16:10:40 PM - INFO - [in this interval] adaptiveThresholdGamma is [44.09809714680518]
04/05/2022 16:10:40 PM - INFO - [in this interval] state is [State.INCREASE]
04/05/2022 16:10:40 PM - INFO - [in this interval] now real rate is [0.541648]mbps
04/05/2022 16:10:40 PM - INFO - [in this interval] now real rtt is [4030]
04/05/2022 16:10:40 PM - INFO - [in this interval] aimd control rate is [0.5746359187596369] mbps
04/05/2022 16:10:40 PM - INFO - [in this interval] delay-rate is [0.5746359187596369] mbps
04/05/2022 16:10:40 PM - INFO - average delay [1801.0]
04/05/2022 16:10:40 PM - INFO - average delay [1832.5]
04/05/2022 16:10:40 PM - INFO - average delay [1852.3333333333335]
04/05/2022 16:10:40 PM - INFO - average delay [1867.6666666666665]
04/05/2022 16:10:40 PM - INFO - nowTs is [164981], lastTs is [164746]
04/05/2022 16:10:40 PM - INFO - [in this interval] loss-ratio is [0.3076923076923077]
04/05/2022 16:10:40 PM - INFO - [in this interval] group num is [7]
04/05/2022 16:10:40 PM - INFO - [in this interval] delayDelta from group is [[5, 10, 23, 4, 12, -4]]
04/05/2022 16:10:40 PM - INFO - sample List of accDelay : [[-4548.381197857628, -4543.343078071865, -4537.608770264678, -4530.74789323821, -4523.3731039143895, -4515.735793522951, -4506.162214170656, -4496.44599275359, -4489.301393478231, -4482.571254130408, -4475.214128717367, -4469.19271584563, -4463.873444261068, -4457.98609983496, -4452.187489851464, -4445.968740866318, -4438.071866779686, -4430.564680101717, -4422.608212091545, -4415.847390882391]]
04/05/2022 16:10:40 PM - INFO - sample List of time: [[163926, 163957, 164005, 164052, 164099, 164146, 164166, 164218, 164274, 164288, 164331, 164374, 164403, 164432, 164493, 164523, 164543, 164601, 164630, 164682]]
04/05/2022 16:10:40 PM - INFO - update trend: [0.1798392092994258]
04/05/2022 16:10:40 PM - INFO - estimateQueueDelayDuration [43.16141023186219] = queueDelayDelta [0.7193568371977032] * numCount[1000]
04/05/2022 16:10:40 PM - INFO - [in this interval] signal is [Signal.NORMAL]
04/05/2022 16:10:40 PM - INFO - [in this interval] adaptiveThresholdGamma is [44.081236782336205]
04/05/2022 16:10:40 PM - INFO - [in this interval] state is [State.INCREASE]
04/05/2022 16:10:40 PM - INFO - [in this interval] now real rate is [0.48625306122448975]mbps
04/05/2022 16:10:40 PM - INFO - [in this interval] now real rtt is [4160]
04/05/2022 16:10:40 PM - INFO - [in this interval] aimd control rate is [0.5794245514159673] mbps
04/05/2022 16:10:40 PM - INFO - [in this interval] delay-rate is [0.5794245514159673] mbps
04/05/2022 16:10:40 PM - INFO - average delay [1875.6666666666665]
04/05/2022 16:10:40 PM - INFO - average delay [1897.0]
04/05/2022 16:10:40 PM - INFO - average delay [1901.25]
04/05/2022 16:10:40 PM - INFO - average delay [1880.0]
04/05/2022 16:10:40 PM - INFO - nowTs is [165226], lastTs is [164981]
04/05/2022 16:10:40 PM - INFO - [in this interval] loss-ratio is [0.4090909090909091]
04/05/2022 16:10:40 PM - INFO - [in this interval] group num is [9]
04/05/2022 16:10:40 PM - INFO - [in this interval] delayDelta from group is [[1, 13, -17, -12, -1, 5, -13, -18]]
04/05/2022 16:10:40 PM - INFO - sample List of accDelay : [[-4489.301393478231, -4482.571254130408, -4475.214128717367, -4469.19271584563, -4463.873444261068, -4457.98609983496, -4452.187489851464, -4445.968740866318, -4438.071866779686, -4430.564680101717, -4422.608212091545, -4415.847390882391, -4409.662651794151, -4402.796386614737, -4398.316747953263, -4395.485073157936, -4393.036565842143, -4390.332909257929, -4389.199618332136, -4389.979656498923]]
04/05/2022 16:10:40 PM - INFO - sample List of time: [[164274, 164288, 164331, 164374, 164403, 164432, 164493, 164523, 164543, 164601, 164630, 164682, 164735, 164761, 164814, 164832, 164850, 164884, 164919, 164936]]
04/05/2022 16:10:40 PM - INFO - update trend: [0.15516914800055492]
04/05/2022 16:10:40 PM - INFO - estimateQueueDelayDuration [37.24059552013318] = queueDelayDelta [0.6206765920022197] * numCount[1000]
04/05/2022 16:10:40 PM - INFO - [in this interval] signal is [Signal.NORMAL]
04/05/2022 16:10:40 PM - INFO - [in this interval] adaptiveThresholdGamma is [43.95810523961655]
04/05/2022 16:10:40 PM - INFO - [in this interval] state is [State.INCREASE]
04/05/2022 16:10:40 PM - INFO - [in this interval] now real rate is [0.44552]mbps
04/05/2022 16:10:40 PM - INFO - [in this interval] now real rtt is [4120]
04/05/2022 16:10:40 PM - INFO - [in this interval] aimd control rate is [0.5826435767016115] mbps
04/05/2022 16:10:40 PM - INFO - [in this interval] delay-rate is [0.5826435767016115] mbps
04/05/2022 16:10:40 PM - INFO - average delay [1875.5]
04/05/2022 16:10:40 PM - INFO - average delay [1868.25]
04/05/2022 16:10:40 PM - INFO - average delay [1872.25]
04/05/2022 16:10:40 PM - INFO - average delay [1877.5]
04/05/2022 16:10:40 PM - INFO - nowTs is [165464], lastTs is [165226]
04/05/2022 16:10:40 PM - INFO - [in this interval] loss-ratio is [0.2777777777777778]
04/05/2022 16:10:40 PM - INFO - [in this interval] group num is [7]
04/05/2022 16:10:40 PM - INFO - [in this interval] delayDelta from group is [[-5, 9, -2, 8, 22, -11]]
04/05/2022 16:10:40 PM - INFO - sample List of accDelay : [[-4452.187489851464, -4445.968740866318, -4438.071866779686, -4430.564680101717, -4422.608212091545, -4415.847390882391, -4409.662651794151, -4402.796386614737, -4398.316747953263, -4395.485073157936, -4393.036565842143, -4390.332909257929, -4389.199618332136, -4389.979656498923, -4391.181690849031, -4391.363521764128, -4391.727169587714, -4391.254452628943, -4388.629007366048, -4387.3661066294435]]
04/05/2022 16:10:40 PM - INFO - sample List of time: [[164493, 164523, 164543, 164601, 164630, 164682, 164735, 164761, 164814, 164832, 164850, 164884, 164919, 164936, 164970, 165005, 165039, 165077, 165115, 165172]]
04/05/2022 16:10:40 PM - INFO - update trend: [0.09363259813711121]
04/05/2022 16:10:40 PM - INFO - estimateQueueDelayDuration [22.47182355290669] = queueDelayDelta [0.37453039254844483] * numCount[1000]
04/05/2022 16:10:40 PM - INFO - [in this interval] signal is [Signal.NORMAL]
04/05/2022 16:10:40 PM - INFO - [in this interval] adaptiveThresholdGamma is [43.571352169255775]
04/05/2022 16:10:40 PM - INFO - [in this interval] state is [State.INCREASE]
04/05/2022 16:10:40 PM - INFO - [in this interval] now real rate is [0.4654741200828157]mbps
04/05/2022 16:10:40 PM - INFO - [in this interval] now real rtt is [4196]
04/05/2022 16:10:40 PM - INFO - [in this interval] aimd control rate is [0.585880485461065] mbps
04/05/2022 16:10:40 PM - INFO - [in this interval] delay-rate is [0.585880485461065] mbps
04/05/2022 16:10:40 PM - INFO - average delay [1894.5]
04/05/2022 16:10:40 PM - INFO - average delay [1906.3333333333335]
04/05/2022 16:10:40 PM - INFO - average delay [1906.6666666666665]
04/05/2022 16:10:40 PM - INFO - average delay [1922.6666666666665]
04/05/2022 16:10:40 PM - INFO - nowTs is [165696], lastTs is [165464]
04/05/2022 16:10:40 PM - INFO - [in this interval] loss-ratio is [0.5833333333333334]
04/05/2022 16:10:40 PM - INFO - [in this interval] group num is [8]
04/05/2022 16:10:40 PM - INFO - [in this interval] delayDelta from group is [[-16, 0, 11, -5, 16, 15, -13]]
04/05/2022 16:10:40 PM - INFO - sample List of accDelay : [[-4402.796386614737, -4398.316747953263, -4395.485073157936, -4393.036565842143, -4390.332909257929, -4389.199618332136, -4389.979656498923, -4391.181690849031, -4391.363521764128, -4391.727169587714, -4391.254452628943, -4388.629007366048, -4387.3661066294435, -4387.829495966499, -4388.246546369849, -4387.521891732864, -4387.3697025595775, -4385.632732303619, -4382.569459073257, -4381.112513165932]]
04/05/2022 16:10:40 PM - INFO - sample List of time: [[164761, 164814, 164832, 164850, 164884, 164919, 164936, 164970, 165005, 165039, 165077, 165115, 165172, 165210, 165229, 165259, 165280, 165300, 165351, 165381]]
04/05/2022 16:10:40 PM - INFO - update trend: [0.022199798619920434]
04/05/2022 16:10:40 PM - INFO - estimateQueueDelayDuration [5.327951668780904] = queueDelayDelta [0.08879919447968174] * numCount[1001]
04/05/2022 16:10:40 PM - INFO - [in this interval] signal is [Signal.NORMAL]
04/05/2022 16:10:40 PM - INFO - [in this interval] adaptiveThresholdGamma is [42.88297096024723]
04/05/2022 16:10:40 PM - INFO - [in this interval] state is [State.INCREASE]
04/05/2022 16:10:40 PM - INFO - [in this interval] now real rate is [0.42993018480492806]mbps
04/05/2022 16:10:40 PM - INFO - [in this interval] now real rtt is [4250]
04/05/2022 16:10:40 PM - INFO - [in this interval] aimd control rate is [0.5891353770469598] mbps
04/05/2022 16:10:40 PM - INFO - [in this interval] delay-rate is [0.5891353770469598] mbps
04/05/2022 16:10:40 PM - INFO - average delay [1924.0]
04/05/2022 16:10:40 PM - INFO - average delay [1926.0]
04/05/2022 16:10:40 PM - INFO - average delay [1954.0]
04/05/2022 16:10:40 PM - INFO - average delay [1959.0]
04/05/2022 16:10:40 PM - INFO - nowTs is [165949], lastTs is [165696]
04/05/2022 16:10:40 PM - INFO - [in this interval] loss-ratio is [0.6086956521739131]
04/05/2022 16:10:40 PM - INFO - [in this interval] group num is [9]
04/05/2022 16:10:40 PM - INFO - [in this interval] delayDelta from group is [[20, 13, 10, 0, 14, -23, -14, -8]]
04/05/2022 16:10:40 PM - INFO - sample List of accDelay : [[-4391.363521764128, -4391.727169587714, -4391.254452628943, -4388.629007366048, -4387.3661066294435, -4387.829495966499, -4388.246546369849, -4387.521891732864, -4387.3697025595775, -4385.632732303619, -4382.569459073257, -4381.112513165932, -4377.8012618493385, -4373.521135664405, -4368.669022097964, -4364.302119888168, -4358.971907899351, -4356.474717109416, -4355.627245398475, -4355.664520858627]]
04/05/2022 16:10:40 PM - INFO - sample List of time: [[165005, 165039, 165077, 165115, 165172, 165210, 165229, 165259, 165280, 165300, 165351, 165381, 165444, 165484, 165512, 165552, 165592, 165631, 165648, 165664]]
04/05/2022 16:10:40 PM - INFO - update trend: [0.05941859465483876]
04/05/2022 16:10:40 PM - INFO - estimateQueueDelayDuration [14.260462717161301] = queueDelayDelta [0.23767437861935503] * numCount[1001]
04/05/2022 16:10:40 PM - INFO - [in this interval] signal is [Signal.NORMAL]
04/05/2022 16:10:40 PM - INFO - [in this interval] adaptiveThresholdGamma is [42.36776581187168]
04/05/2022 16:10:40 PM - INFO - [in this interval] state is [State.INCREASE]
04/05/2022 16:10:40 PM - INFO - [in this interval] now real rate is [0.39442474226804125]mbps
04/05/2022 16:10:40 PM - INFO - [in this interval] now real rtt is [4256]
04/05/2022 16:10:40 PM - INFO - [in this interval] aimd control rate is [0.5924083513638875] mbps
04/05/2022 16:10:40 PM - INFO - [in this interval] delay-rate is [0.5924083513638875] mbps
04/05/2022 16:10:40 PM - INFO - average delay [1946.75]
04/05/2022 16:10:40 PM - INFO - average delay [1901.6]
04/05/2022 16:10:40 PM - INFO - average delay [1871.4]
04/05/2022 16:10:40 PM - INFO - average delay [1855.75]
04/05/2022 16:10:40 PM - INFO - nowTs is [166190], lastTs is [165949]
04/05/2022 16:10:40 PM - INFO - [in this interval] loss-ratio is [0.46875]
04/05/2022 16:10:40 PM - INFO - [in this interval] group num is [14]
04/05/2022 16:10:40 PM - INFO - [in this interval] delayDelta from group is [[-23, -8, -4, -11, -12, -1, -8, -17, -3, -2, -12, -13, 8]]
04/05/2022 16:10:40 PM - INFO - sample List of accDelay : [[-4373.521135664405, -4368.669022097964, -4364.302119888168, -4358.971907899351, -4356.474717109416, -4355.627245398475, -4355.664520858627, -4357.998068772764, -4360.898261895488, -4363.908435705939, -4367.7175921353455, -4372.345832921811, -4376.61124962963, -4381.250124666667, -4387.1251122, -4392.71260098, -4397.941340882, -4403.8472067938, -4410.46248611442, -4415.616237502978]]
04/05/2022 16:10:40 PM - INFO - sample List of time: [[165484, 165512, 165552, 165592, 165631, 165648, 165664, 165688, 165700, 165712, 165723, 165747, 165770, 165804, 165821, 165839, 165851, 165869, 165887, 165899]]
04/05/2022 16:10:40 PM - INFO - update trend: [-0.11822168758176864]
04/05/2022 16:10:40 PM - INFO - estimateQueueDelayDuration [-28.373205019624475] = queueDelayDelta [-0.47288675032707456] * numCount[1000]
04/05/2022 16:10:40 PM - INFO - [in this interval] signal is [Signal.NORMAL]
04/05/2022 16:10:40 PM - INFO - [in this interval] adaptiveThresholdGamma is [42.11586371761123]
04/05/2022 16:10:40 PM - INFO - [in this interval] state is [State.INCREASE]
04/05/2022 16:10:40 PM - INFO - [in this interval] now real rate is [0.5289716599190283]mbps
04/05/2022 16:10:40 PM - INFO - [in this interval] now real rtt is [4048]
04/05/2022 16:10:40 PM - INFO - [in this interval] aimd control rate is [0.5956995088714645] mbps
04/05/2022 16:10:40 PM - INFO - [in this interval] delay-rate is [0.5956995088714645] mbps
04/05/2022 16:10:40 PM - INFO - average delay [1827.5]
04/05/2022 16:10:40 PM - INFO - average delay [1817.0]
04/05/2022 16:10:40 PM - INFO - average delay [1811.5]
04/05/2022 16:10:40 PM - INFO - average delay [1811.6666666666667]
04/05/2022 16:10:40 PM - INFO - nowTs is [166417], lastTs is [166190]
04/05/2022 16:10:40 PM - INFO - [in this interval] loss-ratio is [0.23076923076923078]
04/05/2022 16:10:40 PM - INFO - [in this interval] group num is [6]
04/05/2022 16:10:40 PM - INFO - [in this interval] delayDelta from group is [[-13, 0, -13, 39, 7]]
04/05/2022 16:10:40 PM - INFO - sample List of accDelay : [[-4355.627245398475, -4355.664520858627, -4357.998068772764, -4360.898261895488, -4363.908435705939, -4367.7175921353455, -4372.345832921811, -4376.61124962963, -4381.250124666667, -4387.1251122, -4392.71260098, -4397.941340882, -4403.8472067938, -4410.46248611442, -4415.616237502978, -4421.55461375268, -4426.899152377412, -4433.009237139671, -4434.608313425704, -4435.347482083134]]
04/05/2022 16:10:40 PM - INFO - sample List of time: [[165648, 165664, 165688, 165700, 165712, 165723, 165747, 165770, 165804, 165821, 165839, 165851, 165869, 165887, 165899, 165964, 165981, 166016, 166033, 166107]]
04/05/2022 16:10:40 PM - INFO - update trend: [-0.2108177467634096]
04/05/2022 16:10:40 PM - INFO - estimateQueueDelayDuration [-50.596259223218304] = queueDelayDelta [-0.8432709870536385] * numCount[1001]
04/05/2022 16:10:40 PM - INFO - [in this interval] signal is [Signal.UNDER_USE]
04/05/2022 16:10:40 PM - INFO - [in this interval] adaptiveThresholdGamma is [50.596259223218304]
04/05/2022 16:10:40 PM - INFO - [in this interval] state is [State.HOLD]
04/05/2022 16:10:40 PM - INFO - [in this interval] now real rate is [0.6085645161290324]mbps
04/05/2022 16:10:40 PM - INFO - [in this interval] now real rtt is [4102]
04/05/2022 16:10:40 PM - INFO - [in this interval] aimd control rate is [0.5956995088714645] mbps
04/05/2022 16:10:40 PM - INFO - [in this interval] delay-rate is [0.5956995088714645] mbps
04/05/2022 16:10:40 PM - INFO - average delay [1847.5]
04/05/2022 16:10:40 PM - INFO - average delay [1869.0]
04/05/2022 16:10:40 PM - INFO - average delay [1897.0]
04/05/2022 16:10:40 PM - INFO - average delay [1879.5]
04/05/2022 16:10:40 PM - INFO - nowTs is [166672], lastTs is [166417]
04/05/2022 16:10:40 PM - INFO - [in this interval] loss-ratio is [0.2777777777777778]
04/05/2022 16:10:40 PM - INFO - [in this interval] group num is [8]
04/05/2022 16:10:40 PM - INFO - [in this interval] delayDelta from group is [[24, -11, -17, -5, -9, -7, 11]]
04/05/2022 16:10:40 PM - INFO - sample List of accDelay : [[-4376.61124962963, -4381.250124666667, -4387.1251122, -4392.71260098, -4397.941340882, -4403.8472067938, -4410.46248611442, -4415.616237502978, -4421.55461375268, -4426.899152377412, -4433.009237139671, -4434.608313425704, -4435.347482083134, -4433.612733874821, -4433.151460487339, -4434.436314438605, -4436.092682994745, -4438.48341469527, -4441.335073225743, -4442.801565903169]]
04/05/2022 16:10:40 PM - INFO - sample List of time: [[165770, 165804, 165821, 165839, 165851, 165869, 165887, 165899, 165964, 165981, 166016, 166033, 166107, 166218, 166272, 166291, 166309, 166334, 166360, 166373]]
04/05/2022 16:10:40 PM - INFO - update trend: [-0.08873186983540463]
04/05/2022 16:10:40 PM - INFO - estimateQueueDelayDuration [-21.29564876049711] = queueDelayDelta [-0.3549274793416185] * numCount[1000]
04/05/2022 16:10:40 PM - INFO - [in this interval] signal is [Signal.NORMAL]
04/05/2022 16:10:40 PM - INFO - [in this interval] adaptiveThresholdGamma is [50.06884823488932]
04/05/2022 16:10:40 PM - INFO - [in this interval] state is [State.INCREASE]
04/05/2022 16:10:40 PM - INFO - [in this interval] now real rate is [0.512672]mbps
04/05/2022 16:10:40 PM - INFO - [in this interval] now real rtt is [4142]
04/05/2022 16:10:40 PM - INFO - [in this interval] aimd control rate is [0.5990089505874171] mbps
04/05/2022 16:10:40 PM - INFO - [in this interval] delay-rate is [0.5990089505874171] mbps
04/05/2022 16:10:40 PM - INFO - average delay [1862.1999999999998]
04/05/2022 16:10:40 PM - INFO - average delay [1829.0]
04/05/2022 16:10:40 PM - INFO - average delay [1807.2]
04/05/2022 16:10:40 PM - INFO - average delay [1778.6]
04/05/2022 16:10:40 PM - INFO - nowTs is [166911], lastTs is [166672]
04/05/2022 16:10:40 PM - INFO - [in this interval] loss-ratio is [0.5714285714285714]
04/05/2022 16:10:40 PM - INFO - [in this interval] group num is [13]
04/05/2022 16:10:40 PM - INFO - [in this interval] delayDelta from group is [[-23, -1, -17, -4, -21, -3, -12, 3, -7, -1, -17, -11]]
04/05/2022 16:10:40 PM - INFO - sample List of accDelay : [[-4435.347482083134, -4433.612733874821, -4433.151460487339, -4434.436314438605, -4436.092682994745, -4438.48341469527, -4441.335073225743, -4442.801565903169, -4446.421409312852, -4449.779268381567, -4454.5013415434105, -4459.15120738907, -4465.436086650163, -4471.392477985147, -4477.953230186632, -4483.557907167969, -4489.302116451172, -4494.571904806055, -4501.014714325449, -4507.913242892904]]
04/05/2022 16:10:40 PM - INFO - sample List of time: [[166107, 166218, 166272, 166291, 166309, 166334, 166360, 166373, 166412, 166424, 166463, 166476, 166502, 166516, 166543, 166556, 166569, 166582, 166596, 166609]]
04/05/2022 16:10:40 PM - INFO - update trend: [-0.16061580742541318]
04/05/2022 16:10:40 PM - INFO - estimateQueueDelayDuration [-38.54779378209916] = queueDelayDelta [-0.6424632297016527] * numCount[1000]
04/05/2022 16:10:40 PM - INFO - [in this interval] signal is [Signal.NORMAL]
04/05/2022 16:10:40 PM - INFO - [in this interval] adaptiveThresholdGamma is [49.8614692547391]
04/05/2022 16:10:40 PM - INFO - [in this interval] state is [State.INCREASE]
04/05/2022 16:10:40 PM - INFO - [in this interval] now real rate is [0.5847935222672066]mbps
04/05/2022 16:10:40 PM - INFO - [in this interval] now real rtt is [3880]
04/05/2022 16:10:40 PM - INFO - [in this interval] aimd control rate is [0.6023367780906806] mbps
04/05/2022 16:10:40 PM - INFO - [in this interval] delay-rate is [0.6023367780906806] mbps
04/05/2022 16:10:40 PM - INFO - average delay [1752.6]
04/05/2022 16:10:40 PM - INFO - average delay [1708.8]
04/05/2022 16:10:40 PM - INFO - average delay [1660.1666666666667]
04/05/2022 16:10:40 PM - INFO - average delay [1610.6666666666667]
04/05/2022 16:10:40 PM - INFO - nowTs is [167137], lastTs is [166911]
04/05/2022 16:10:40 PM - INFO - [in this interval] loss-ratio is [0.574468085106383]
04/05/2022 16:10:40 PM - INFO - [in this interval] group num is [16]
04/05/2022 16:10:40 PM - INFO - [in this interval] delayDelta from group is [[-14, -14, -11, -19, -5, -10, -15, -19, -6, -10, 0, -15, -5, -10, -2]]
04/05/2022 16:10:40 PM - INFO - sample List of accDelay : [[-4483.557907167969, -4489.302116451172, -4494.571904806055, -4501.014714325449, -4507.913242892904, -4515.521918603614, -4523.769726743252, -4532.292754068927, -4541.863478662034, -4550.977130795831, -4560.179417716247, -4569.961475944623, -4580.665328350161, -4590.898795515145, -4601.108915963631, -4610.298024367268, -4620.068221930542, -4629.361399737488, -4638.725259763739, -4647.352733787365]]
04/05/2022 16:10:40 PM - INFO - sample List of time: [[166556, 166569, 166582, 166596, 166609, 166659, 166670, 166691, 166705, 166726, 166736, 166746, 166766, 166777, 166786, 166796, 166806, 166816, 166826, 166836]]
04/05/2022 16:10:40 PM - INFO - update trend: [-0.5648471786446274]
04/05/2022 16:10:40 PM - INFO - estimateQueueDelayDuration [-135.5633228747106] = queueDelayDelta [-2.2593887145785096] * numCount[1001]
04/05/2022 16:10:40 PM - INFO - [in this interval] signal is [Signal.UNDER_USE]
04/05/2022 16:10:40 PM - INFO - [in this interval] adaptiveThresholdGamma is [49.8614692547391]
04/05/2022 16:10:40 PM - INFO - [in this interval] state is [State.HOLD]
04/05/2022 16:10:40 PM - INFO - [in this interval] now real rate is [0.7035437881873727]mbps
04/05/2022 16:10:40 PM - INFO - [in this interval] now real rtt is [3542]
04/05/2022 16:10:40 PM - INFO - [in this interval] aimd control rate is [0.6023367780906806] mbps
04/05/2022 16:10:40 PM - INFO - [in this interval] delay-rate is [0.6023367780906806] mbps
04/05/2022 16:10:40 PM - INFO - average delay [1583.6]
04/05/2022 16:10:40 PM - INFO - average delay [1581.0]
04/05/2022 16:10:40 PM - INFO - average delay [1599.3333333333333]
04/05/2022 16:10:40 PM - INFO - average delay [1604.75]
04/05/2022 16:10:40 PM - INFO - nowTs is [167396], lastTs is [167137]
04/05/2022 16:10:40 PM - INFO - [in this interval] loss-ratio is [0.6176470588235294]
04/05/2022 16:10:40 PM - INFO - [in this interval] group num is [10]
04/05/2022 16:10:40 PM - INFO - [in this interval] delayDelta from group is [[14, 29, -2, -6, -5, -23, -12, -16, -18]]
04/05/2022 16:10:40 PM - INFO - sample List of accDelay : [[-4550.977130795831, -4560.179417716247, -4569.961475944623, -4580.665328350161, -4590.898795515145, -4601.108915963631, -4610.298024367268, -4620.068221930542, -4629.361399737488, -4638.725259763739, -4647.352733787365, -4653.7174604086285, -4656.545714367766, -4659.291142930989, -4662.36202863789, -4665.625825774101, -4670.863243196692, -4676.776918877023, -4683.69922698932, -4691.7293042903875]]
04/05/2022 16:10:40 PM - INFO - sample List of time: [[166726, 166736, 166746, 166766, 166777, 166786, 166796, 166806, 166816, 166826, 166836, 166892, 166921, 166980, 167008, 167037, 167062, 167074, 167087, 167111]]
04/05/2022 16:10:40 PM - INFO - update trend: [-0.2977712710483145]
04/05/2022 16:10:40 PM - INFO - estimateQueueDelayDuration [-71.46510505159549] = queueDelayDelta [-1.191085084193258] * numCount[1000]
04/05/2022 16:10:40 PM - INFO - [in this interval] signal is [Signal.UNDER_USE]
04/05/2022 16:10:40 PM - INFO - [in this interval] adaptiveThresholdGamma is [49.8614692547391]
04/05/2022 16:10:40 PM - INFO - [in this interval] state is [State.HOLD]
04/05/2022 16:10:40 PM - INFO - [in this interval] now real rate is [0.5944242424242424]mbps
04/05/2022 16:10:40 PM - INFO - [in this interval] now real rtt is [3470]
04/05/2022 16:10:40 PM - INFO - [in this interval] aimd control rate is [0.6023367780906806] mbps
04/05/2022 16:10:40 PM - INFO - [in this interval] delay-rate is [0.6023367780906806] mbps
04/05/2022 16:10:40 PM - INFO - average delay [1555.8]
04/05/2022 16:10:40 PM - INFO - average delay [1501.25]
04/05/2022 16:10:40 PM - INFO - average delay [1481.2]
04/05/2022 16:10:40 PM - INFO - average delay [1502.6666666666667]
04/05/2022 16:10:40 PM - INFO - nowTs is [167632], lastTs is [167396]
04/05/2022 16:10:40 PM - INFO - [in this interval] loss-ratio is [0.5588235294117647]
04/05/2022 16:10:40 PM - INFO - [in this interval] group num is [8]
04/05/2022 16:10:40 PM - INFO - [in this interval] delayDelta from group is [[-23, -10, 1, 9, 11, 16, 7]]
04/05/2022 16:10:40 PM - INFO - sample List of accDelay : [[-4620.068221930542, -4629.361399737488, -4638.725259763739, -4647.352733787365, -4653.7174604086285, -4656.545714367766, -4659.291142930989, -4662.36202863789, -4665.625825774101, -4670.863243196692, -4676.776918877023, -4683.69922698932, -4691.7293042903875, -4701.256373861349, -4710.830736475214, -4719.347662827693, -4726.112896544923, -4731.101606890432, -4733.9914462013885, -4735.89230158125]]
04/05/2022 16:10:40 PM - INFO - sample List of time: [[166806, 166816, 166826, 166836, 166892, 166921, 166980, 167008, 167037, 167062, 167074, 167087, 167111, 167148, 167160, 167185, 167221, 167255, 167276, 167317]]
04/05/2022 16:10:40 PM - INFO - update trend: [-0.2192232879263444]
04/05/2022 16:10:40 PM - INFO - estimateQueueDelayDuration [-52.613589102322656] = queueDelayDelta [-0.8768931517053776] * numCount[1001]
04/05/2022 16:10:40 PM - INFO - [in this interval] signal is [Signal.UNDER_USE]
04/05/2022 16:10:40 PM - INFO - [in this interval] adaptiveThresholdGamma is [52.613589102322656]
04/05/2022 16:10:40 PM - INFO - [in this interval] state is [State.HOLD]
04/05/2022 16:10:40 PM - INFO - [in this interval] now real rate is [0.4695434343434344]mbps
04/05/2022 16:10:40 PM - INFO - [in this interval] now real rtt is [3462]
04/05/2022 16:10:40 PM - INFO - [in this interval] aimd control rate is [0.6023367780906806] mbps
04/05/2022 16:10:40 PM - INFO - [in this interval] delay-rate is [0.6023367780906806] mbps
04/05/2022 16:10:40 PM - INFO - average delay [1521.6666666666667]
04/05/2022 16:10:40 PM - INFO - average delay [1559.5]
04/05/2022 16:10:40 PM - INFO - average delay [1577.0]
04/05/2022 16:10:40 PM - INFO - average delay [1615.0]
04/05/2022 16:10:40 PM - INFO - average delay [1637.5]
04/05/2022 16:10:40 PM - INFO - nowTs is [167922], lastTs is [167632]
04/05/2022 16:10:40 PM - INFO - [in this interval] loss-ratio is [0.4666666666666667]
04/05/2022 16:10:40 PM - INFO - [in this interval] group num is [4]
04/05/2022 16:10:40 PM - INFO - [in this interval] delayDelta from group is [[10, 54, 80]]
04/05/2022 16:10:40 PM - INFO - sample List of accDelay : [[-4647.352733787365, -4653.7174604086285, -4656.545714367766, -4659.291142930989, -4662.36202863789, -4665.625825774101, -4670.863243196692, -4676.776918877023, -4683.69922698932, -4691.7293042903875, -4701.256373861349, -4710.830736475214, -4719.347662827693, -4726.112896544923, -4731.101606890432, -4733.9914462013885, -4735.89230158125, -4736.603071423125, -4731.842764280812, -4719.558487852731]]
04/05/2022 16:10:40 PM - INFO - sample List of time: [[166836, 166892, 166921, 166980, 167008, 167037, 167062, 167074, 167087, 167111, 167148, 167160, 167185, 167221, 167255, 167276, 167317, 167410, 167440, 167524]]
04/05/2022 16:10:40 PM - INFO - update trend: [-0.15707167307453865]
04/05/2022 16:10:40 PM - INFO - estimateQueueDelayDuration [-37.69720153788928] = queueDelayDelta [-0.6282866922981546] * numCount[1000]
04/05/2022 16:10:40 PM - INFO - [in this interval] signal is [Signal.NORMAL]
04/05/2022 16:10:40 PM - INFO - [in this interval] adaptiveThresholdGamma is [52.345094126162856]
04/05/2022 16:10:40 PM - INFO - [in this interval] state is [State.INCREASE]
04/05/2022 16:10:40 PM - INFO - [in this interval] now real rate is [0.3907893660531697]mbps
04/05/2022 16:10:40 PM - INFO - [in this interval] now real rtt is [3832]
04/05/2022 16:10:40 PM - INFO - [in this interval] aimd control rate is [0.6056830935245178] mbps
04/05/2022 16:10:40 PM - INFO - [in this interval] delay-rate is [0.6056830935245178] mbps
04/05/2022 16:10:40 PM - INFO - average delay [1698.0]
04/05/2022 16:10:40 PM - INFO - average delay [1713.25]
04/05/2022 16:10:40 PM - INFO - average delay [1720.6666666666667]
04/05/2022 16:10:40 PM - INFO - average delay [1736.0]
04/05/2022 16:10:40 PM - INFO - nowTs is [168170], lastTs is [167922]
04/05/2022 16:10:40 PM - INFO - [in this interval] loss-ratio is [0.5555555555555556]
04/05/2022 16:10:40 PM - INFO - [in this interval] group num is [10]
04/05/2022 16:10:40 PM - INFO - [in this interval] delayDelta from group is [[11, 1, -10, 22, 11, 3, -7, -12, -22]]
04/05/2022 16:10:40 PM - INFO - sample List of accDelay : [[-4691.7293042903875, -4701.256373861349, -4710.830736475214, -4719.347662827693, -4726.112896544923, -4731.101606890432, -4733.9914462013885, -4735.89230158125, -4736.603071423125, -4731.842764280812, -4719.558487852731, -4707.402639067458, -4696.362375160712, -4687.426137644641, -4677.183523880177, -4666.865171492159, -4657.278654342943, -4649.350788908649, -4643.415710017784, -4640.274139016005]]
04/05/2022 16:10:40 PM - INFO - sample List of time: [[167111, 167148, 167160, 167185, 167221, 167255, 167276, 167317, 167410, 167440, 167524, 167665, 167686, 167702, 167717, 167759, 167800, 167823, 167846, 167879]]
04/05/2022 16:10:40 PM - INFO - update trend: [0.0914711142416119]
04/05/2022 16:10:40 PM - INFO - estimateQueueDelayDuration [21.95306741798686] = queueDelayDelta [0.3658844569664476] * numCount[1001]
04/05/2022 16:10:40 PM - INFO - [in this interval] signal is [Signal.NORMAL]
04/05/2022 16:10:40 PM - INFO - [in this interval] adaptiveThresholdGamma is [51.79803764541569]
04/05/2022 16:10:40 PM - INFO - [in this interval] state is [State.INCREASE]
04/05/2022 16:10:40 PM - INFO - [in this interval] now real rate is [0.4037782340862423]mbps
04/05/2022 16:10:40 PM - INFO - [in this interval] now real rtt is [3808]
04/05/2022 16:10:40 PM - INFO - [in this interval] aimd control rate is [0.6090479995996538] mbps
04/05/2022 16:10:40 PM - INFO - [in this interval] delay-rate is [0.6090479995996538] mbps
04/05/2022 16:10:40 PM - INFO - average delay [1722.6666666666667]
04/05/2022 16:10:40 PM - INFO - average delay [1701.5]
04/05/2022 16:10:40 PM - INFO - average delay [1700.0]
04/05/2022 16:10:40 PM - INFO - average delay [1711.75]
04/05/2022 16:10:40 PM - INFO - nowTs is [168402], lastTs is [168170]
04/05/2022 16:10:40 PM - INFO - [in this interval] loss-ratio is [0.25]
04/05/2022 16:10:40 PM - INFO - [in this interval] group num is [10]
04/05/2022 16:10:40 PM - INFO - [in this interval] delayDelta from group is [[-3, 0, 18, -4, -15, -19, -9, 5, -14]]
04/05/2022 16:10:40 PM - INFO - sample List of accDelay : [[-4731.842764280812, -4719.558487852731, -4707.402639067458, -4696.362375160712, -4687.426137644641, -4677.183523880177, -4666.865171492159, -4657.278654342943, -4649.350788908649, -4643.415710017784, -4640.274139016005, -4637.746725114405, -4635.472052602965, -4631.6248473426685, -4628.562362608402, -4627.306126347561, -4628.075513712805, -4629.667962341525, -4630.601166107372, -4632.841049496635]]
04/05/2022 16:10:40 PM - INFO - sample List of time: [[167440, 167524, 167665, 167686, 167702, 167717, 167759, 167800, 167823, 167846, 167879, 167930, 167967, 168002, 168035, 168051, 168066, 168082, 168098, 168113]]
04/05/2022 16:10:40 PM - INFO - update trend: [0.16331741553575166]
04/05/2022 16:10:40 PM - INFO - estimateQueueDelayDuration [39.1961797285804] = queueDelayDelta [0.6532696621430066] * numCount[1000]
04/05/2022 16:10:40 PM - INFO - [in this interval] signal is [Signal.NORMAL]
04/05/2022 16:10:40 PM - INFO - [in this interval] adaptiveThresholdGamma is [51.571204202912654]
04/05/2022 16:10:40 PM - INFO - [in this interval] state is [State.INCREASE]
04/05/2022 16:10:40 PM - INFO - [in this interval] now real rate is [0.5061666666666667]mbps
04/05/2022 16:10:40 PM - INFO - [in this interval] now real rtt is [3742]
04/05/2022 16:10:40 PM - INFO - [in this interval] aimd control rate is [0.6124315995974298] mbps
04/05/2022 16:10:40 PM - INFO - [in this interval] delay-rate is [0.6124315995974298] mbps
04/05/2022 16:10:40 PM - INFO - average delay [1681.25]
04/05/2022 16:10:40 PM - INFO - average delay [1635.5]
04/05/2022 16:10:40 PM - INFO - average delay [1635.0]
04/05/2022 16:10:40 PM - INFO - average delay [1645.0]
04/05/2022 16:10:40 PM - INFO - nowTs is [168653], lastTs is [168402]
04/05/2022 16:10:40 PM - INFO - [in this interval] loss-ratio is [0.0]
04/05/2022 16:10:40 PM - INFO - [in this interval] group num is [7]
04/05/2022 16:10:40 PM - INFO - [in this interval] delayDelta from group is [[-20, -4, 17, -3, -4, 75]]
04/05/2022 16:10:40 PM - INFO - sample List of accDelay : [[-4666.865171492159, -4657.278654342943, -4649.350788908649, -4643.415710017784, -4640.274139016005, -4637.746725114405, -4635.472052602965, -4631.6248473426685, -4628.562362608402, -4627.306126347561, -4628.075513712805, -4629.667962341525, -4630.601166107372, -4632.841049496635, -4636.856944546971, -4640.871250092274, -4642.784125083047, -4644.805712574743, -4647.025141317268, -4641.522627185542]]
04/05/2022 16:10:40 PM - INFO - sample List of time: [[167759, 167800, 167823, 167846, 167879, 167930, 167967, 168002, 168035, 168051, 168066, 168082, 168098, 168113, 168144, 168159, 168175, 168207, 168234, 168265]]
04/05/2022 16:10:40 PM - INFO - update trend: [0.029463436605525486]
04/05/2022 16:10:40 PM - INFO - estimateQueueDelayDuration [7.071224785326117] = queueDelayDelta [0.11785374642210195] * numCount[1000]
04/05/2022 16:10:40 PM - INFO - [in this interval] signal is [Signal.NORMAL]
04/05/2022 16:10:40 PM - INFO - [in this interval] adaptiveThresholdGamma is [50.77020457339609]
04/05/2022 16:10:40 PM - INFO - [in this interval] state is [State.INCREASE]
04/05/2022 16:10:40 PM - INFO - [in this interval] now real rate is [0.5152960662525881]mbps
04/05/2022 16:10:40 PM - INFO - [in this interval] now real rtt is [3824]
04/05/2022 16:10:40 PM - INFO - [in this interval] aimd control rate is [0.6158339973729711] mbps
04/05/2022 16:10:40 PM - INFO - [in this interval] delay-rate is [0.6158339973729711] mbps
04/05/2022 16:10:40 PM - INFO - average delay [1694.0]
04/05/2022 16:10:40 PM - INFO - average delay [1733.5]
04/05/2022 16:10:40 PM - INFO - average delay [1772.6]
04/05/2022 16:10:40 PM - INFO - average delay [1782.4]
04/05/2022 16:10:40 PM - INFO - nowTs is [168887], lastTs is [168653]
04/05/2022 16:10:40 PM - INFO - [in this interval] loss-ratio is [0.0]
04/05/2022 16:10:40 PM - INFO - [in this interval] group num is [9]
04/05/2022 16:10:40 PM - INFO - [in this interval] delayDelta from group is [[5, 7, 5, 9, 1, -1, -3, -7]]
04/05/2022 16:10:40 PM - INFO - sample List of accDelay : [[-4628.562362608402, -4627.306126347561, -4628.075513712805, -4629.667962341525, -4630.601166107372, -4632.841049496635, -4636.856944546971, -4640.871250092274, -4642.784125083047, -4644.805712574743, -4647.025141317268, -4641.522627185542, -4636.0703644669875, -4630.463328020289, -4624.91699521826, -4619.025295696434, -4613.622766126791, -4608.8604895141125, -4604.874440562701, -4601.986996506432]]
04/05/2022 16:10:40 PM - INFO - sample List of time: [[168035, 168051, 168066, 168082, 168098, 168113, 168144, 168159, 168175, 168207, 168234, 168265, 168463, 168478, 168500, 168515, 168564, 168575, 168589, 168601]]
04/05/2022 16:10:40 PM - INFO - update trend: [0.0406212753897712]
04/05/2022 16:10:40 PM - INFO - estimateQueueDelayDuration [9.749106093545088] = queueDelayDelta [0.1624851015590848] * numCount[1000]
04/05/2022 16:10:40 PM - INFO - [in this interval] signal is [Signal.NORMAL]
04/05/2022 16:10:40 PM - INFO - [in this interval] adaptiveThresholdGamma is [50.03182480075878]
04/05/2022 16:10:40 PM - INFO - [in this interval] state is [State.INCREASE]
04/05/2022 16:10:40 PM - INFO - [in this interval] now real rate is [0.5906309278350516]mbps
04/05/2022 16:10:40 PM - INFO - [in this interval] now real rtt is [3972]
04/05/2022 16:10:40 PM - INFO - [in this interval] aimd control rate is [0.6192552973583765] mbps
04/05/2022 16:10:40 PM - INFO - [in this interval] delay-rate is [0.6192552973583765] mbps
04/05/2022 16:10:40 PM - INFO - average delay [1793.6]
04/05/2022 16:10:40 PM - INFO - average delay [1804.0]
04/05/2022 16:10:40 PM - INFO - average delay [1802.75]
04/05/2022 16:10:40 PM - INFO - average delay [1755.75]
04/05/2022 16:10:40 PM - INFO - nowTs is [169125], lastTs is [168887]
04/05/2022 16:10:40 PM - INFO - [in this interval] loss-ratio is [0.4827586206896552]
04/05/2022 16:10:40 PM - INFO - [in this interval] group num is [12]
04/05/2022 16:10:40 PM - INFO - [in this interval] delayDelta from group is [[30, -24, -9, -19, -9, -26, -10, 0, -2, -17, -20]]
04/05/2022 16:10:40 PM - INFO - sample List of accDelay : [[-4641.522627185542, -4636.0703644669875, -4630.463328020289, -4624.91699521826, -4619.025295696434, -4613.622766126791, -4608.8604895141125, -4604.874440562701, -4601.986996506432, -4596.388296855788, -4593.74946717021, -4592.274520453188, -4592.84706840787, -4594.262361567083, -4598.136125410375, -4602.622512869338, -4606.660261582404, -4610.494235424164, -4615.644811881747, -4622.280330693572]]
04/05/2022 16:10:40 PM - INFO - sample List of time: [[168265, 168463, 168478, 168500, 168515, 168564, 168575, 168589, 168601, 168638, 168688, 168704, 168720, 168736, 168752, 168771, 168791, 168806, 168824, 168842]]
04/05/2022 16:10:40 PM - INFO - update trend: [0.06262668608241972]
04/05/2022 16:10:40 PM - INFO - estimateQueueDelayDuration [15.030404659780734] = queueDelayDelta [0.2505067443296789] * numCount[1001]
04/05/2022 16:10:40 PM - INFO - [in this interval] signal is [Signal.NORMAL]
04/05/2022 16:10:40 PM - INFO - [in this interval] adaptiveThresholdGamma is [49.40179923822117]
04/05/2022 16:10:40 PM - INFO - [in this interval] state is [State.INCREASE]
04/05/2022 16:10:40 PM - INFO - [in this interval] now real rate is [0.6015515151515152]mbps
04/05/2022 16:10:40 PM - INFO - [in this interval] now real rtt is [3788]
04/05/2022 16:10:40 PM - INFO - [in this interval] aimd control rate is [0.622695604565923] mbps
04/05/2022 16:10:40 PM - INFO - [in this interval] delay-rate is [0.622695604565923] mbps
04/05/2022 16:10:40 PM - INFO - average delay [1718.0]
04/05/2022 16:10:40 PM - INFO - average delay [1713.5]
04/05/2022 16:10:40 PM - INFO - average delay [1710.3333333333333]
04/05/2022 16:10:40 PM - INFO - average delay [1679.0]
04/05/2022 16:10:40 PM - INFO - nowTs is [169353], lastTs is [169125]
04/05/2022 16:10:40 PM - INFO - [in this interval] loss-ratio is [0.4]
04/05/2022 16:10:40 PM - INFO - [in this interval] group num is [11]
04/05/2022 16:10:40 PM - INFO - [in this interval] delayDelta from group is [[14, -9, -11, -11, -10, -2, -17, -5, 5, 0]]
04/05/2022 16:10:40 PM - INFO - sample List of accDelay : [[-4593.74946717021, -4592.274520453188, -4592.84706840787, -4594.262361567083, -4598.136125410375, -4602.622512869338, -4606.660261582404, -4610.494235424164, -4615.644811881747, -4622.280330693572, -4626.852297624215, -4631.867067861794, -4637.480361075614, -4643.632324968053, -4650.1690924712475, -4656.252183224124, -4663.4269649017115, -4670.384268411541, -4676.145841570387, -4681.331257413349]]
04/05/2022 16:10:40 PM - INFO - sample List of time: [[168688, 168704, 168720, 168736, 168752, 168771, 168791, 168806, 168824, 168842, 168886, 168920, 168941, 168975, 168989, 168999, 169012, 169025, 169035, 169060]]
04/05/2022 16:10:40 PM - INFO - update trend: [-0.23717262665870237]
04/05/2022 16:10:40 PM - INFO - estimateQueueDelayDuration [-56.92143039808857] = queueDelayDelta [-0.9486905066348095] * numCount[1001]
04/05/2022 16:10:40 PM - INFO - [in this interval] signal is [Signal.UNDER_USE]
04/05/2022 16:10:40 PM - INFO - [in this interval] adaptiveThresholdGamma is [56.92143039808857]
04/05/2022 16:10:40 PM - INFO - [in this interval] state is [State.HOLD]
04/05/2022 16:10:40 PM - INFO - [in this interval] now real rate is [0.6531649694501018]mbps
04/05/2022 16:10:40 PM - INFO - [in this interval] now real rtt is [3734]
04/05/2022 16:10:40 PM - INFO - [in this interval] aimd control rate is [0.622695604565923] mbps
04/05/2022 16:10:40 PM - INFO - [in this interval] delay-rate is [0.622695604565923] mbps
04/05/2022 16:10:40 PM - INFO - average delay [1665.75]
04/05/2022 16:10:40 PM - INFO - average delay [1649.0]
04/05/2022 16:10:40 PM - INFO - average delay [1626.25]
04/05/2022 16:10:40 PM - INFO - average delay [1589.0]
04/05/2022 16:10:40 PM - INFO - nowTs is [169615], lastTs is [169353]
04/05/2022 16:10:40 PM - INFO - [in this interval] loss-ratio is [0.59375]
04/05/2022 16:10:40 PM - INFO - [in this interval] group num is [10]
04/05/2022 16:10:40 PM - INFO - [in this interval] delayDelta from group is [[11, -15, -15, -52, 23, -14, -31, 26, 4]]
04/05/2022 16:10:40 PM - INFO - sample List of accDelay : [[-4622.280330693572, -4626.852297624215, -4631.867067861794, -4637.480361075614, -4643.632324968053, -4650.1690924712475, -4656.252183224124, -4663.4269649017115, -4670.384268411541, -4676.145841570387, -4681.331257413349, -4684.898131672014, -4689.608318504812, -4695.347486654331, -4705.712737988898, -4712.741464190009, -4720.467317771008, -4730.520585993907, -4736.968527394516, -4742.371674655065]]
04/05/2022 16:10:40 PM - INFO - sample List of time: [[168842, 168886, 168920, 168941, 168975, 168989, 168999, 169012, 169025, 169035, 169060, 169105, 169146, 169166, 169191, 169204, 169247, 169268, 169282, 169328]]
04/05/2022 16:10:40 PM - INFO - update trend: [-0.2630800253918231]
04/05/2022 16:10:40 PM - INFO - estimateQueueDelayDuration [-63.13920609403755] = queueDelayDelta [-1.0523201015672925] * numCount[1000]
04/05/2022 16:10:40 PM - INFO - [in this interval] signal is [Signal.UNDER_USE]
04/05/2022 16:10:40 PM - INFO - [in this interval] adaptiveThresholdGamma is [63.13920609403755]
04/05/2022 16:10:40 PM - INFO - [in this interval] state is [State.HOLD]
04/05/2022 16:10:40 PM - INFO - [in this interval] now real rate is [0.551024]mbps
04/05/2022 16:10:40 PM - INFO - [in this interval] now real rtt is [3568]
04/05/2022 16:10:40 PM - INFO - [in this interval] aimd control rate is [0.622695604565923] mbps
04/05/2022 16:10:40 PM - INFO - [in this interval] delay-rate is [0.622695604565923] mbps
04/05/2022 16:10:40 PM - INFO - average delay [1575.6666666666667]
04/05/2022 16:10:40 PM - INFO - average delay [1582.0]
04/05/2022 16:10:40 PM - INFO - average delay [1587.0]
04/05/2022 16:10:40 PM - INFO - average delay [1606.0]
04/05/2022 16:10:40 PM - INFO - nowTs is [169854], lastTs is [169615]
04/05/2022 16:10:40 PM - INFO - [in this interval] loss-ratio is [0.1875]
04/05/2022 16:10:40 PM - INFO - [in this interval] group num is [10]
04/05/2022 16:10:40 PM - INFO - [in this interval] delayDelta from group is [[4, -8, 23, 18, -10, -2, -38, -30, -14]]
04/05/2022 16:10:40 PM - INFO - sample List of accDelay : [[-4676.145841570387, -4681.331257413349, -4684.898131672014, -4689.608318504812, -4695.347486654331, -4705.712737988898, -4712.741464190009, -4720.467317771008, -4730.520585993907, -4736.968527394516, -4742.371674655065, -4746.834507189559, -4751.651056470603, -4753.685950823543, -4753.717355741189, -4754.745620167069, -4755.871058150362, -4760.683952335326, -4768.015557101793, -4776.014001391614]]
04/05/2022 16:10:40 PM - INFO - sample List of time: [[169035, 169060, 169105, 169146, 169166, 169191, 169204, 169247, 169268, 169282, 169328, 169363, 169377, 169404, 169452, 169485, 169500, 169533, 169550, 169565]]
04/05/2022 16:10:40 PM - INFO - update trend: [-0.18320655503228273]
04/05/2022 16:10:40 PM - INFO - estimateQueueDelayDuration [-43.96957320774786] = queueDelayDelta [-0.7328262201291309] * numCount[1001]
04/05/2022 16:10:40 PM - INFO - [in this interval] signal is [Signal.NORMAL]
04/05/2022 16:10:40 PM - INFO - [in this interval] adaptiveThresholdGamma is [62.79415270208433]
04/05/2022 16:10:40 PM - INFO - [in this interval] state is [State.INCREASE]
04/05/2022 16:10:40 PM - INFO - [in this interval] now real rate is [0.48112605042016804]mbps
04/05/2022 16:10:40 PM - INFO - [in this interval] now real rtt is [3446]
04/05/2022 16:10:40 PM - INFO - [in this interval] aimd control rate is [0.6261550245912892] mbps
04/05/2022 16:10:40 PM - INFO - [in this interval] delay-rate is [0.6261550245912892] mbps
04/05/2022 16:10:40 PM - INFO - average delay [1558.0]
04/05/2022 16:10:40 PM - INFO - average delay [1495.0]
04/05/2022 16:10:40 PM - INFO - average delay [1528.0]
04/05/2022 16:10:40 PM - INFO - average delay [1561.75]
04/05/2022 16:10:40 PM - INFO - nowTs is [170086], lastTs is [169854]
04/05/2022 16:10:40 PM - INFO - [in this interval] loss-ratio is [0.14285714285714285]
04/05/2022 16:10:40 PM - INFO - [in this interval] group num is [6]
04/05/2022 16:10:40 PM - INFO - [in this interval] delayDelta from group is [[10, 48, 12, 19, -8]]
04/05/2022 16:10:40 PM - INFO - sample List of accDelay : [[-4705.712737988898, -4712.741464190009, -4720.467317771008, -4730.520585993907, -4736.968527394516, -4742.371674655065, -4746.834507189559, -4751.651056470603, -4753.685950823543, -4753.717355741189, -4754.745620167069, -4755.871058150362, -4760.683952335326, -4768.015557101793, -4776.014001391614, -4782.212601252453, -4782.991341127208, -4782.492207014488, -4780.142986313039, -4778.828687681735]]
04/05/2022 16:10:40 PM - INFO - sample List of time: [[169191, 169204, 169247, 169268, 169282, 169328, 169363, 169377, 169404, 169452, 169485, 169500, 169533, 169550, 169565, 169597, 169652, 169720, 169742, 169791]]
04/05/2022 16:10:40 PM - INFO - update trend: [-0.12312115836826341]
04/05/2022 16:10:40 PM - INFO - estimateQueueDelayDuration [-29.54907800838322] = queueDelayDelta [-0.49248463347305366] * numCount[1000]
04/05/2022 16:10:40 PM - INFO - [in this interval] signal is [Signal.NORMAL]
04/05/2022 16:10:40 PM - INFO - [in this interval] adaptiveThresholdGamma is [62.19574135759771]
04/05/2022 16:10:40 PM - INFO - [in this interval] state is [State.INCREASE]
04/05/2022 16:10:40 PM - INFO - [in this interval] now real rate is [0.5315628865979382]mbps
04/05/2022 16:10:40 PM - INFO - [in this interval] now real rtt is [3570]
04/05/2022 16:10:40 PM - INFO - [in this interval] aimd control rate is [0.6296336636167964] mbps
04/05/2022 16:10:40 PM - INFO - [in this interval] delay-rate is [0.6296336636167964] mbps
04/05/2022 16:10:40 PM - INFO - average delay [1580.0]
04/05/2022 16:10:40 PM - INFO - average delay [1558.3333333333333]
04/05/2022 16:10:40 PM - INFO - average delay [1499.5]
04/05/2022 16:10:40 PM - INFO - average delay [1450.75]
04/05/2022 16:10:40 PM - INFO - nowTs is [170335], lastTs is [170086]
04/05/2022 16:10:40 PM - INFO - [in this interval] loss-ratio is [0.0]
04/05/2022 16:10:40 PM - INFO - [in this interval] group num is [14]
04/05/2022 16:10:40 PM - INFO - [in this interval] delayDelta from group is [[-19, -18, -14, -19, -18, -13, -18, -17, -13, -17, -18, -10, -14]]
04/05/2022 16:10:40 PM - INFO - sample List of accDelay : [[-4768.015557101793, -4776.014001391614, -4782.212601252453, -4782.991341127208, -4782.492207014488, -4780.142986313039, -4778.828687681735, -4779.545818913561, -4781.991237022205, -4785.5921133199845, -4790.732901987986, -4797.159611789188, -4804.2436506102695, -4812.419285549242, -4821.477356994318, -4830.929621294887, -4841.136659165399, -4852.122993248859, -4863.010693923972, -4874.209624531575]]
04/05/2022 16:10:40 PM - INFO - sample List of time: [[169550, 169565, 169597, 169652, 169720, 169742, 169791, 169835, 169851, 169868, 169884, 169900, 169917, 169934, 169951, 169969, 169986, 170004, 170021, 170041]]
04/05/2022 16:10:40 PM - INFO - update trend: [-0.1686382148892818]
04/05/2022 16:10:40 PM - INFO - estimateQueueDelayDuration [-40.47317157342763] = queueDelayDelta [-0.6745528595571272] * numCount[1001]
04/05/2022 16:10:40 PM - INFO - [in this interval] signal is [Signal.NORMAL]
04/05/2022 16:10:40 PM - INFO - [in this interval] adaptiveThresholdGamma is [61.80473510148265]
04/05/2022 16:10:40 PM - INFO - [in this interval] state is [State.INCREASE]
04/05/2022 16:10:40 PM - INFO - [in this interval] now real rate is [0.5837907444668008]mbps
04/05/2022 16:10:40 PM - INFO - [in this interval] now real rtt is [3138]
04/05/2022 16:10:40 PM - INFO - [in this interval] aimd control rate is [0.6331316284146674] mbps
04/05/2022 16:10:40 PM - INFO - [in this interval] delay-rate is [0.6331316284146674] mbps
04/05/2022 16:10:40 PM - INFO - average delay [1381.1666666666667]
04/05/2022 16:10:40 PM - INFO - average delay [1342.4]
04/05/2022 16:10:40 PM - INFO - average delay [1322.0]
04/05/2022 16:10:40 PM - INFO - average delay [1304.6]
04/05/2022 16:10:40 PM - INFO - nowTs is [170560], lastTs is [170335]
04/05/2022 16:10:40 PM - INFO - [in this interval] loss-ratio is [0.0]
04/05/2022 16:10:40 PM - INFO - [in this interval] group num is [9]
04/05/2022 16:10:40 PM - INFO - [in this interval] delayDelta from group is [[-8, -10, -12, -6, -8, -9, -7, -7]]
04/05/2022 16:10:40 PM - INFO - sample List of accDelay : [[-4781.991237022205, -4785.5921133199845, -4790.732901987986, -4797.159611789188, -4804.2436506102695, -4812.419285549242, -4821.477356994318, -4830.929621294887, -4841.136659165399, -4852.122993248859, -4863.010693923972, -4874.209624531575, -4885.088662078418, -4895.879795870576, -4906.7918162835185, -4917.212634655167, -4927.39137118965, -4937.452234070685, -4947.2070106636165, -4956.686309597255]]
04/05/2022 16:10:40 PM - INFO - sample List of time: [[169851, 169868, 169884, 169900, 169917, 169934, 169951, 169969, 169986, 170004, 170021, 170041, 170084, 170106, 170131, 170154, 170178, 170205, 170231, 170259]]
04/05/2022 16:10:40 PM - INFO - update trend: [-0.4511573592337789]
04/05/2022 16:10:40 PM - INFO - estimateQueueDelayDuration [-108.27776621610694] = queueDelayDelta [-1.8046294369351157] * numCount[1001]
04/05/2022 16:10:40 PM - INFO - [in this interval] signal is [Signal.UNDER_USE]
04/05/2022 16:10:40 PM - INFO - [in this interval] adaptiveThresholdGamma is [61.80473510148265]
04/05/2022 16:10:40 PM - INFO - [in this interval] state is [State.HOLD]
04/05/2022 16:10:40 PM - INFO - [in this interval] now real rate is [0.6303387096774193]mbps
04/05/2022 16:10:40 PM - INFO - [in this interval] now real rtt is [2978]
04/05/2022 16:10:40 PM - INFO - [in this interval] aimd control rate is [0.6331316284146674] mbps
04/05/2022 16:10:40 PM - INFO - [in this interval] delay-rate is [0.6331316284146674] mbps
04/05/2022 16:10:40 PM - INFO - average delay [1291.0]
04/05/2022 16:10:40 PM - INFO - average delay [1312.0]
04/05/2022 16:10:40 PM - INFO - average delay [1340.8]
04/05/2022 16:10:40 PM - INFO - average delay [1324.5]
04/05/2022 16:10:40 PM - INFO - nowTs is [170808], lastTs is [170560]
04/05/2022 16:10:40 PM - INFO - [in this interval] loss-ratio is [0.0]
04/05/2022 16:10:40 PM - INFO - [in this interval] group num is [7]
04/05/2022 16:10:40 PM - INFO - [in this interval] delayDelta from group is [[-1, -7, -15, -10, 0, -9]]
04/05/2022 16:10:40 PM - INFO - sample List of accDelay : [[-4821.477356994318, -4830.929621294887, -4841.136659165399, -4852.122993248859, -4863.010693923972, -4874.209624531575, -4885.088662078418, -4895.879795870576, -4906.7918162835185, -4917.212634655167, -4927.39137118965, -4937.452234070685, -4947.2070106636165, -4956.686309597255, -4965.31767863753, -4973.785910773777, -4982.907319696399, -4992.1165877267595, -5000.4049289540835, -5008.764436058675]]
04/05/2022 16:10:40 PM - INFO - sample List of time: [[169951, 169969, 169986, 170004, 170021, 170041, 170084, 170106, 170131, 170154, 170178, 170205, 170231, 170259, 170382, 170411, 170439, 170459, 170479, 170524]]
04/05/2022 16:10:40 PM - INFO - update trend: [-0.30721404470990404]
04/05/2022 16:10:40 PM - INFO - estimateQueueDelayDuration [-73.73137073037697] = queueDelayDelta [-1.2288561788396162] * numCount[1001]
04/05/2022 16:10:40 PM - INFO - [in this interval] signal is [Signal.UNDER_USE]
04/05/2022 16:10:40 PM - INFO - [in this interval] adaptiveThresholdGamma is [73.73137073037697]
04/05/2022 16:10:40 PM - INFO - [in this interval] state is [State.HOLD]
04/05/2022 16:10:40 PM - INFO - [in this interval] now real rate is [0.671336032388664]mbps
04/05/2022 16:10:40 PM - INFO - [in this interval] now real rtt is [3014]
04/05/2022 16:10:40 PM - INFO - [in this interval] aimd control rate is [0.6331316284146674] mbps
04/05/2022 16:10:40 PM - INFO - [in this interval] delay-rate is [0.6331316284146674] mbps
04/05/2022 16:10:40 PM - INFO - average delay [1308.0]
04/05/2022 16:10:40 PM - INFO - average delay [1299.8]
04/05/2022 16:10:40 PM - INFO - average delay [1282.0]
04/05/2022 16:10:40 PM - INFO - average delay [1283.5]
04/05/2022 16:10:40 PM - INFO - nowTs is [171046], lastTs is [170808]
04/05/2022 16:10:40 PM - INFO - [in this interval] loss-ratio is [0.0]
04/05/2022 16:10:40 PM - INFO - [in this interval] group num is [8]
04/05/2022 16:10:40 PM - INFO - [in this interval] delayDelta from group is [[-7, -12, -12, 1, 8, -1, 35]]
04/05/2022 16:10:40 PM - INFO - sample List of accDelay : [[-4895.879795870576, -4906.7918162835185, -4917.212634655167, -4927.39137118965, -4937.452234070685, -4947.2070106636165, -4956.686309597255, -4965.31767863753, -4973.785910773777, -4982.907319696399, -4992.1165877267595, -5000.4049289540835, -5008.764436058675, -5016.987992452807, -5025.5891932075265, -5034.530273886774, -5042.477246498096, -5048.829521848287, -5054.646569663459, -5056.381912697113]]
04/05/2022 16:10:40 PM - INFO - sample List of time: [[170106, 170131, 170154, 170178, 170205, 170231, 170259, 170382, 170411, 170439, 170459, 170479, 170524, 170546, 170569, 170592, 170615, 170626, 170654, 170688]]
04/05/2022 16:10:40 PM - INFO - update trend: [-0.2635493259670679]
04/05/2022 16:10:40 PM - INFO - estimateQueueDelayDuration [-63.251838232096304] = queueDelayDelta [-1.0541973038682717] * numCount[1000]
04/05/2022 16:10:40 PM - INFO - [in this interval] signal is [Signal.NORMAL]
04/05/2022 16:10:40 PM - INFO - [in this interval] adaptiveThresholdGamma is [73.54273914540791]
04/05/2022 16:10:40 PM - INFO - [in this interval] state is [State.INCREASE]
04/05/2022 16:10:40 PM - INFO - [in this interval] now real rate is [0.719952]mbps
04/05/2022 16:10:40 PM - INFO - [in this interval] now real rtt is [3050]
04/05/2022 16:10:40 PM - INFO - [in this interval] aimd control rate is [0.6366490263503045] mbps
04/05/2022 16:10:40 PM - INFO - [in this interval] delay-rate is [0.6366490263503045] mbps
04/05/2022 16:10:40 PM - INFO - average delay [1307.0]
04/05/2022 16:10:40 PM - INFO - average delay [1343.2]
04/05/2022 16:10:40 PM - INFO - average delay [1349.3333333333333]
04/05/2022 16:10:40 PM - INFO - average delay [1327.4]
04/05/2022 16:10:40 PM - INFO - nowTs is [171290], lastTs is [171046]
04/05/2022 16:10:40 PM - INFO - [in this interval] loss-ratio is [0.13043478260869565]
04/05/2022 16:10:40 PM - INFO - [in this interval] group num is [10]
04/05/2022 16:10:40 PM - INFO - [in this interval] delayDelta from group is [[7, -2, 4, -12, -16, -10, -5, -10, -17]]
04/05/2022 16:10:40 PM - INFO - sample List of accDelay : [[-4982.907319696399, -4992.1165877267595, -5000.4049289540835, -5008.764436058675, -5016.987992452807, -5025.5891932075265, -5034.530273886774, -5042.477246498096, -5048.829521848287, -5054.646569663459, -5056.381912697113, -5057.243721427401, -5058.219349284661, -5058.697414356195, -5060.327672920575, -5063.394905628518, -5067.155415065667, -5071.039873559101, -5075.53588620319, -5081.282297582871]]
04/05/2022 16:10:40 PM - INFO - sample List of time: [[170439, 170459, 170479, 170524, 170546, 170569, 170592, 170615, 170626, 170654, 170688, 170808, 170825, 170853, 170892, 170905, 170929, 170954, 170979, 171004]]
04/05/2022 16:10:40 PM - INFO - update trend: [-0.14065242319066731]
04/05/2022 16:10:40 PM - INFO - estimateQueueDelayDuration [-33.75658156576016] = queueDelayDelta [-0.5626096927626693] * numCount[1001]
04/05/2022 16:10:40 PM - INFO - [in this interval] signal is [Signal.NORMAL]
04/05/2022 16:10:40 PM - INFO - [in this interval] adaptiveThresholdGamma is [72.82658830897425]
04/05/2022 16:10:40 PM - INFO - [in this interval] state is [State.INCREASE]
04/05/2022 16:10:40 PM - INFO - [in this interval] now real rate is [0.7215415821501014]mbps
04/05/2022 16:10:40 PM - INFO - [in this interval] now real rtt is [2978]
04/05/2022 16:10:40 PM - INFO - [in this interval] aimd control rate is [0.6401859653855839] mbps
04/05/2022 16:10:40 PM - INFO - [in this interval] delay-rate is [0.6401859653855839] mbps
04/05/2022 16:10:40 PM - INFO - average delay [1303.8]
04/05/2022 16:10:40 PM - INFO - average delay [1297.0]
04/05/2022 16:10:40 PM - INFO - average delay [1324.3333333333333]
04/05/2022 16:10:40 PM - INFO - average delay [1354.6666666666667]
04/05/2022 16:10:40 PM - INFO - nowTs is [171530], lastTs is [171290]
04/05/2022 16:10:40 PM - INFO - [in this interval] loss-ratio is [0.16666666666666666]
04/05/2022 16:10:40 PM - INFO - [in this interval] group num is [6]
04/05/2022 16:10:40 PM - INFO - [in this interval] delayDelta from group is [[23, 43, 2, -4, -1]]
04/05/2022 16:10:40 PM - INFO - sample List of accDelay : [[-5025.5891932075265, -5034.530273886774, -5042.477246498096, -5048.829521848287, -5054.646569663459, -5056.381912697113, -5057.243721427401, -5058.219349284661, -5058.697414356195, -5060.327672920575, -5063.394905628518, -5067.155415065667, -5071.039873559101, -5075.53588620319, -5081.282297582871, -5084.154067824585, -5082.438661042126, -5080.694794937914, -5079.5253154441225, -5078.57278389971]]
04/05/2022 16:10:40 PM - INFO - sample List of time: [[170569, 170592, 170615, 170626, 170654, 170688, 170808, 170825, 170853, 170892, 170905, 170929, 170954, 170979, 171004, 171029, 171082, 171165, 171192, 171218]]
04/05/2022 16:10:40 PM - INFO - update trend: [-0.07447876482623751]
04/05/2022 16:10:40 PM - INFO - estimateQueueDelayDuration [-17.874903558297003] = queueDelayDelta [-0.29791505930495005] * numCount[1000]
04/05/2022 16:10:40 PM - INFO - [in this interval] signal is [Signal.NORMAL]
04/05/2022 16:10:40 PM - INFO - [in this interval] adaptiveThresholdGamma is [71.83745798346206]
04/05/2022 16:10:40 PM - INFO - [in this interval] state is [State.INCREASE]
04/05/2022 16:10:40 PM - INFO - [in this interval] now real rate is [0.5611900826446281]mbps
04/05/2022 16:10:40 PM - INFO - [in this interval] now real rtt is [3118]
04/05/2022 16:10:40 PM - INFO - [in this interval] aimd control rate is [0.6437425540821705] mbps
04/05/2022 16:10:40 PM - INFO - [in this interval] delay-rate is [0.6437425540821705] mbps
04/05/2022 16:10:40 PM - INFO - average delay [1356.6666666666667]
04/05/2022 16:10:40 PM - INFO - average delay [1340.6]
04/05/2022 16:10:40 PM - INFO - average delay [1329.6]
04/05/2022 16:10:40 PM - INFO - average delay [1331.6]
04/05/2022 16:10:40 PM - INFO - nowTs is [171760], lastTs is [171530]
04/05/2022 16:10:40 PM - INFO - [in this interval] loss-ratio is [0.058823529411764705]
04/05/2022 16:10:40 PM - INFO - [in this interval] group num is [8]
04/05/2022 16:10:40 PM - INFO - [in this interval] delayDelta from group is [[-5, -9, 0, 2, -7, 4, -6]]
04/05/2022 16:10:40 PM - INFO - sample List of accDelay : [[-5058.219349284661, -5058.697414356195, -5060.327672920575, -5063.394905628518, -5067.155415065667, -5071.039873559101, -5075.53588620319, -5081.282297582871, -5084.154067824585, -5082.438661042126, -5080.694794937914, -5079.5253154441225, -5078.57278389971, -5078.215505509739, -5078.793954958765, -5079.314559462889, -5079.583103516599, -5080.524793164939, -5080.972313848445, -5081.975082463601]]
04/05/2022 16:10:40 PM - INFO - sample List of time: [[170825, 170853, 170892, 170905, 170929, 170954, 170979, 171004, 171029, 171082, 171165, 171192, 171218, 171283, 171308, 171334, 171374, 171401, 171429, 171468]]
04/05/2022 16:10:40 PM - INFO - update trend: [-0.030101515224253212]
04/05/2022 16:10:40 PM - INFO - estimateQueueDelayDuration [-7.224363653820771] = queueDelayDelta [-0.12040606089701285] * numCount[1001]
04/05/2022 16:10:40 PM - INFO - [in this interval] signal is [Signal.NORMAL]
04/05/2022 16:10:40 PM - INFO - [in this interval] adaptiveThresholdGamma is [70.67442228552852]
04/05/2022 16:10:40 PM - INFO - [in this interval] state is [State.INCREASE]
04/05/2022 16:10:40 PM - INFO - [in this interval] now real rate is [0.5566060606060607]mbps
04/05/2022 16:10:40 PM - INFO - [in this interval] now real rtt is [3058]
04/05/2022 16:10:40 PM - INFO - [in this interval] aimd control rate is [0.6473189016048492] mbps
04/05/2022 16:10:40 PM - INFO - [in this interval] delay-rate is [0.6473189016048492] mbps
04/05/2022 16:10:40 PM - INFO - average delay [1328.75]
04/05/2022 16:10:40 PM - INFO - average delay [1341.0]
04/05/2022 16:10:40 PM - INFO - average delay [1353.6666666666667]
04/05/2022 16:10:40 PM - INFO - average delay [1358.6666666666667]
04/05/2022 16:10:40 PM - INFO - nowTs is [171997], lastTs is [171760]
04/05/2022 16:10:40 PM - INFO - [in this interval] loss-ratio is [0.0]
04/05/2022 16:10:40 PM - INFO - [in this interval] group num is [6]
04/05/2022 16:10:40 PM - INFO - [in this interval] delayDelta from group is [[4, 5, 10, 6, 23]]
04/05/2022 16:10:40 PM - INFO - sample List of accDelay : [[-5071.039873559101, -5075.53588620319, -5081.282297582871, -5084.154067824585, -5082.438661042126, -5080.694794937914, -5079.5253154441225, -5078.57278389971, -5078.215505509739, -5078.793954958765, -5079.314559462889, -5079.583103516599, -5080.524793164939, -5080.972313848445, -5081.975082463601, -5082.477574217241, -5082.429816795518, -5081.386835115965, -5079.8481516043685, -5076.163336443932]]
04/05/2022 16:10:40 PM - INFO - sample List of time: [[170954, 170979, 171004, 171029, 171082, 171165, 171192, 171218, 171283, 171308, 171334, 171374, 171401, 171429, 171468, 171506, 171545, 171585, 171625, 171666]]
04/05/2022 16:10:40 PM - INFO - update trend: [-0.0032894336311130507]
04/05/2022 16:10:40 PM - INFO - estimateQueueDelayDuration [-0.7894640714671322] = queueDelayDelta [-0.013157734524452203] * numCount[1000]
04/05/2022 16:10:40 PM - INFO - [in this interval] signal is [Signal.NORMAL]
04/05/2022 16:10:40 PM - INFO - [in this interval] adaptiveThresholdGamma is [69.41649303767542]
04/05/2022 16:10:40 PM - INFO - [in this interval] state is [State.INCREASE]
04/05/2022 16:10:40 PM - INFO - [in this interval] now real rate is [0.5662333333333334]mbps
04/05/2022 16:10:40 PM - INFO - [in this interval] now real rtt is [3182]
04/05/2022 16:10:40 PM - INFO - [in this interval] aimd control rate is [0.6509151177248761] mbps
04/05/2022 16:10:40 PM - INFO - [in this interval] delay-rate is [0.6509151177248761] mbps
04/05/2022 16:10:40 PM - INFO - average delay [1375.0]
04/05/2022 16:10:40 PM - INFO - average delay [1406.0]
04/05/2022 16:10:40 PM - INFO - average delay [1430.0]
04/05/2022 16:10:40 PM - INFO - average delay [1440.25]
04/05/2022 16:10:40 PM - INFO - nowTs is [172254], lastTs is [171997]
04/05/2022 16:10:40 PM - INFO - [in this interval] loss-ratio is [0.0]
04/05/2022 16:10:40 PM - INFO - [in this interval] group num is [6]
04/05/2022 16:10:40 PM - INFO - [in this interval] delayDelta from group is [[24, 1, 8, 3, -1]]
04/05/2022 16:10:40 PM - INFO - sample List of accDelay : [[-5080.694794937914, -5079.5253154441225, -5078.57278389971, -5078.215505509739, -5078.793954958765, -5079.314559462889, -5079.583103516599, -5080.524793164939, -5080.972313848445, -5081.975082463601, -5082.477574217241, -5082.429816795518, -5081.386835115965, -5079.8481516043685, -5076.163336443932, -5070.4470027995385, -5065.202302519585, -5059.682072267627, -5054.413865040864, -5049.772478536778]]
04/05/2022 16:10:40 PM - INFO - sample List of time: [[171165, 171192, 171218, 171283, 171308, 171334, 171374, 171401, 171429, 171468, 171506, 171545, 171585, 171625, 171666, 171781, 171840, 171876, 171914, 171952]]
04/05/2022 16:10:40 PM - INFO - update trend: [0.03109745681756536]
04/05/2022 16:10:40 PM - INFO - estimateQueueDelayDuration [7.463389636215687] = queueDelayDelta [0.12438982727026145] * numCount[1001]
04/05/2022 16:10:40 PM - INFO - [in this interval] signal is [Signal.NORMAL]
04/05/2022 16:10:40 PM - INFO - [in this interval] adaptiveThresholdGamma is [68.30133717644915]
04/05/2022 16:10:40 PM - INFO - [in this interval] state is [State.INCREASE]
04/05/2022 16:10:40 PM - INFO - [in this interval] now real rate is [0.4019595141700405]mbps
04/05/2022 16:10:40 PM - INFO - [in this interval] now real rtt is [3306]
04/05/2022 16:10:40 PM - INFO - [in this interval] aimd control rate is [0.6545313128233475] mbps
04/05/2022 16:10:40 PM - INFO - [in this interval] delay-rate is [0.6545313128233475] mbps
04/05/2022 16:10:40 PM - INFO - average delay [1449.0]
04/05/2022 16:10:40 PM - INFO - average delay [1483.5]
04/05/2022 16:10:40 PM - INFO - average delay [1509.6666666666667]
04/05/2022 16:10:40 PM - INFO - average delay [1559.6666666666667]
04/05/2022 16:10:40 PM - INFO - nowTs is [172489], lastTs is [172254]
04/05/2022 16:10:40 PM - INFO - [in this interval] loss-ratio is [0.0]
04/05/2022 16:10:40 PM - INFO - [in this interval] group num is [8]
04/05/2022 16:10:40 PM - INFO - [in this interval] delayDelta from group is [[17, 37, 16, 29, 9, -15, -10]]
04/05/2022 16:10:40 PM - INFO - sample List of accDelay : [[-5080.524793164939, -5080.972313848445, -5081.975082463601, -5082.477574217241, -5082.429816795518, -5081.386835115965, -5079.8481516043685, -5076.163336443932, -5070.4470027995385, -5065.202302519585, -5059.682072267627, -5054.413865040864, -5049.772478536778, -5043.8952306831, -5034.905707614789, -5025.2151368533105, -5013.593623167979, -5002.234260851181, -4993.5108347660625, -4986.659751289457]]
04/05/2022 16:10:40 PM - INFO - sample List of time: [[171401, 171429, 171468, 171506, 171545, 171585, 171625, 171666, 171781, 171840, 171876, 171914, 171952, 172008, 172035, 172087, 172113, 172157, 172176, 172196]]
04/05/2022 16:10:40 PM - INFO - update trend: [0.11014761526468844]
04/05/2022 16:10:40 PM - INFO - estimateQueueDelayDuration [26.435427663525225] = queueDelayDelta [0.44059046105875377] * numCount[1000]
04/05/2022 16:10:40 PM - INFO - [in this interval] signal is [Signal.NORMAL]
04/05/2022 16:10:40 PM - INFO - [in this interval] adaptiveThresholdGamma is [67.54775080521652]
04/05/2022 16:10:40 PM - INFO - [in this interval] state is [State.INCREASE]
04/05/2022 16:10:40 PM - INFO - [in this interval] now real rate is [0.4082764227642276]mbps
04/05/2022 16:10:40 PM - INFO - [in this interval] now real rtt is [3516]
04/05/2022 16:10:40 PM - INFO - [in this interval] aimd control rate is [0.6581675978945883] mbps
04/05/2022 16:10:40 PM - INFO - [in this interval] delay-rate is [0.6581675978945883] mbps
04/05/2022 16:10:40 PM - INFO - average delay [1570.75]
04/05/2022 16:10:40 PM - INFO - average delay [1514.75]
04/05/2022 16:10:40 PM - INFO - average delay [1485.25]
04/05/2022 16:10:40 PM - INFO - average delay [1482.5]
04/05/2022 16:10:40 PM - INFO - nowTs is [172734], lastTs is [172489]
04/05/2022 16:10:40 PM - INFO - [in this interval] loss-ratio is [0.0]
04/05/2022 16:10:40 PM - INFO - [in this interval] group num is [10]
04/05/2022 16:10:40 PM - INFO - [in this interval] delayDelta from group is [[-20, -15, -12, -8, 3, -3, -3, -1, -16]]
04/05/2022 16:10:40 PM - INFO - sample List of accDelay : [[-5065.202302519585, -5059.682072267627, -5054.413865040864, -5049.772478536778, -5043.8952306831, -5034.905707614789, -5025.2151368533105, -5013.593623167979, -5002.234260851181, -4993.5108347660625, -4986.659751289457, -4982.4937761605115, -4980.244398544461, -4979.419958690015, -4979.4779628210135, -4979.230166538912, -4979.307149885021, -4979.67643489652, -4980.108791406868, -4982.097912266181]]
04/05/2022 16:10:40 PM - INFO - sample List of time: [[171840, 171876, 171914, 171952, 172008, 172035, 172087, 172113, 172157, 172176, 172196, 172236, 172251, 172266, 172289, 172321, 172354, 172386, 172418, 172447]]
04/05/2022 16:10:40 PM - INFO - update trend: [0.16696220800445052]
04/05/2022 16:10:40 PM - INFO - estimateQueueDelayDuration [40.07092992106813] = queueDelayDelta [0.6678488320178021] * numCount[1001]
04/05/2022 16:10:40 PM - INFO - [in this interval] signal is [Signal.NORMAL]
04/05/2022 16:10:40 PM - INFO - [in this interval] adaptiveThresholdGamma is [67.05316802930186]
04/05/2022 16:10:40 PM - INFO - [in this interval] state is [State.INCREASE]
04/05/2022 16:10:40 PM - INFO - [in this interval] now real rate is [0.5404166666666667]mbps
04/05/2022 16:10:40 PM - INFO - [in this interval] now real rtt is [3336]
04/05/2022 16:10:40 PM - INFO - [in this interval] aimd control rate is [0.6618240845495583] mbps
04/05/2022 16:10:40 PM - INFO - [in this interval] delay-rate is [0.6618240845495583] mbps
04/05/2022 16:10:40 PM - INFO - average delay [1477.4]
04/05/2022 16:10:40 PM - INFO - average delay [1465.25]
04/05/2022 16:10:40 PM - INFO - average delay [1467.8]
04/05/2022 16:10:40 PM - INFO - average delay [1475.6]
04/05/2022 16:10:40 PM - INFO - nowTs is [172968], lastTs is [172734]
04/05/2022 16:10:40 PM - INFO - [in this interval] loss-ratio is [0.0]
04/05/2022 16:10:40 PM - INFO - [in this interval] group num is [8]
04/05/2022 16:10:40 PM - INFO - [in this interval] delayDelta from group is [[-8, -3, 9, 13, -8, 10, 8]]
04/05/2022 16:10:40 PM - INFO - sample List of accDelay : [[-5013.593623167979, -5002.234260851181, -4993.5108347660625, -4986.659751289457, -4982.4937761605115, -4980.244398544461, -4979.419958690015, -4979.4779628210135, -4979.230166538912, -4979.307149885021, -4979.67643489652, -4980.108791406868, -4982.097912266181, -4984.688121039563, -4987.319308935606, -4988.787378042046, -4988.808640237841, -4989.627776214057, -4989.364998592651, -4988.328498733386]]
04/05/2022 16:10:40 PM - INFO - sample List of time: [[172113, 172157, 172176, 172196, 172236, 172251, 172266, 172289, 172321, 172354, 172386, 172418, 172447, 172474, 172501, 172528, 172557, 172585, 172612, 172657]]
04/05/2022 16:10:40 PM - INFO - update trend: [0.01327686761832394]
04/05/2022 16:10:40 PM - INFO - estimateQueueDelayDuration [3.1864482283977456] = queueDelayDelta [0.05310747047329576] * numCount[1000]
04/05/2022 16:10:40 PM - INFO - [in this interval] signal is [Signal.NORMAL]
04/05/2022 16:10:40 PM - INFO - [in this interval] adaptiveThresholdGamma is [65.90356707288558]
04/05/2022 16:10:40 PM - INFO - [in this interval] state is [State.INCREASE]
04/05/2022 16:10:40 PM - INFO - [in this interval] now real rate is [0.6275911823647294]mbps
04/05/2022 16:10:40 PM - INFO - [in this interval] now real rtt is [3394]
04/05/2022 16:10:40 PM - INFO - [in this interval] aimd control rate is [0.6655008850192782] mbps
04/05/2022 16:10:40 PM - INFO - [in this interval] delay-rate is [0.6655008850192782] mbps
04/05/2022 16:10:40 PM - INFO - average delay [1486.0]
04/05/2022 16:10:40 PM - INFO - average delay [1492.0]
04/05/2022 16:10:40 PM - INFO - average delay [1500.5]
04/05/2022 16:10:40 PM - INFO - average delay [1507.0]
04/05/2022 16:10:40 PM - INFO - nowTs is [173215], lastTs is [172968]
04/05/2022 16:10:40 PM - INFO - [in this interval] loss-ratio is [0.0]
04/05/2022 16:10:40 PM - INFO - [in this interval] group num is [7]
04/05/2022 16:10:40 PM - INFO - [in this interval] delayDelta from group is [[6, 2, 2, 10, 5, -10]]
04/05/2022 16:10:40 PM - INFO - sample List of accDelay : [[-4979.419958690015, -4979.4779628210135, -4979.230166538912, -4979.307149885021, -4979.67643489652, -4980.108791406868, -4982.097912266181, -4984.688121039563, -4987.319308935606, -4988.787378042046, -4988.808640237841, -4989.627776214057, -4989.364998592651, -4988.328498733386, -4986.7956488600485, -4985.2160839740445, -4983.5944755766395, -4981.135028018975, -4978.421525217078, -4976.97937269537]]
04/05/2022 16:10:40 PM - INFO - sample List of time: [[172266, 172289, 172321, 172354, 172386, 172418, 172447, 172474, 172501, 172528, 172557, 172585, 172612, 172657, 172732, 172768, 172805, 172842, 172882, 172922]]
04/05/2022 16:10:40 PM - INFO - update trend: [-0.0027591620747294955]
04/05/2022 16:10:40 PM - INFO - estimateQueueDelayDuration [-0.6621988979350789] = queueDelayDelta [-0.011036648298917982] * numCount[1000]
04/05/2022 16:10:40 PM - INFO - [in this interval] signal is [Signal.NORMAL]
04/05/2022 16:10:40 PM - INFO - [in this interval] adaptiveThresholdGamma is [64.72922244573647]
04/05/2022 16:10:40 PM - INFO - [in this interval] state is [State.INCREASE]
04/05/2022 16:10:40 PM - INFO - [in this interval] now real rate is [0.5939717171717172]mbps
04/05/2022 16:10:40 PM - INFO - [in this interval] now real rtt is [3428]
04/05/2022 16:10:40 PM - INFO - [in this interval] aimd control rate is [0.6691981121582742] mbps
04/05/2022 16:10:40 PM - INFO - [in this interval] delay-rate is [0.6691981121582742] mbps
04/05/2022 16:10:40 PM - INFO - average delay [1515.6666666666667]
04/05/2022 16:10:40 PM - INFO - average delay [1530.0]
04/05/2022 16:10:40 PM - INFO - average delay [1553.5]
04/05/2022 16:10:40 PM - INFO - average delay [1571.0]
04/05/2022 16:10:40 PM - INFO - nowTs is [173451], lastTs is [173215]
04/05/2022 16:10:40 PM - INFO - [in this interval] loss-ratio is [0.0]
04/05/2022 16:10:40 PM - INFO - [in this interval] group num is [7]
04/05/2022 16:10:40 PM - INFO - [in this interval] delayDelta from group is [[24, 5, 19, 0, 4, -1]]
04/05/2022 16:10:40 PM - INFO - sample List of accDelay : [[-4982.097912266181, -4984.688121039563, -4987.319308935606, -4988.787378042046, -4988.808640237841, -4989.627776214057, -4989.364998592651, -4988.328498733386, -4986.7956488600485, -4985.2160839740445, -4983.5944755766395, -4981.135028018975, -4978.421525217078, -4976.97937269537, -4973.2814354258335, -4969.45329188325, -4964.107962694925, -4959.297166425433, -4954.5674497828895, -4950.410704804601]]
04/05/2022 16:10:40 PM - INFO - sample List of time: [[172447, 172474, 172501, 172528, 172557, 172585, 172612, 172657, 172732, 172768, 172805, 172842, 172882, 172922, 172962, 173021, 173041, 173075, 173110, 173144]]
04/05/2022 16:10:40 PM - INFO - update trend: [0.04661486082385415]
04/05/2022 16:10:40 PM - INFO - estimateQueueDelayDuration [11.187566597724997] = queueDelayDelta [0.1864594432954166] * numCount[1000]
04/05/2022 16:10:40 PM - INFO - [in this interval] signal is [Signal.NORMAL]
04/05/2022 16:10:40 PM - INFO - [in this interval] adaptiveThresholdGamma is [63.76547264047226]
04/05/2022 16:10:40 PM - INFO - [in this interval] state is [State.INCREASE]
04/05/2022 16:10:40 PM - INFO - [in this interval] now real rate is [0.5276024844720497]mbps
04/05/2022 16:10:40 PM - INFO - [in this interval] now real rtt is [3560]
04/05/2022 16:10:40 PM - INFO - [in this interval] aimd control rate is [0.6729158794480423] mbps
04/05/2022 16:10:40 PM - INFO - [in this interval] delay-rate is [0.6729158794480423] mbps
04/05/2022 16:10:40 PM - INFO - average delay [1574.5]
04/05/2022 16:10:40 PM - INFO - average delay [1572.3333333333333]
04/05/2022 16:10:40 PM - INFO - average delay [1586.3333333333333]
04/05/2022 16:10:40 PM - INFO - average delay [1608.6666666666667]
04/05/2022 16:10:40 PM - INFO - nowTs is [173674], lastTs is [173451]
04/05/2022 16:10:40 PM - INFO - [in this interval] loss-ratio is [0.0]
04/05/2022 16:10:40 PM - INFO - [in this interval] group num is [5]
04/05/2022 16:10:40 PM - INFO - [in this interval] delayDelta from group is [[16, 22, 22, 4]]
04/05/2022 16:10:40 PM - INFO - sample List of accDelay : [[-4988.808640237841, -4989.627776214057, -4989.364998592651, -4988.328498733386, -4986.7956488600485, -4985.2160839740445, -4983.5944755766395, -4981.135028018975, -4978.421525217078, -4976.97937269537, -4973.2814354258335, -4969.45329188325, -4964.107962694925, -4959.297166425433, -4954.5674497828895, -4950.410704804601, -4945.069634324141, -4938.062670891727, -4929.556403802555, -4921.500763422299]]
04/05/2022 16:10:40 PM - INFO - sample List of time: [[172557, 172585, 172612, 172657, 172732, 172768, 172805, 172842, 172882, 172922, 172962, 173021, 173041, 173075, 173110, 173144, 173212, 173258, 173315, 173372]]
04/05/2022 16:10:40 PM - INFO - update trend: [0.08260427624546833]
04/05/2022 16:10:40 PM - INFO - estimateQueueDelayDuration [19.825026298912398] = queueDelayDelta [0.3304171049818733] * numCount[1000]
04/05/2022 16:10:40 PM - INFO - [in this interval] signal is [Signal.NORMAL]
04/05/2022 16:10:40 PM - INFO - [in this interval] adaptiveThresholdGamma is [62.97454460632418]
04/05/2022 16:10:40 PM - INFO - [in this interval] state is [State.INCREASE]
04/05/2022 16:10:40 PM - INFO - [in this interval] now real rate is [0.4733947895791583]mbps
04/05/2022 16:10:40 PM - INFO - [in this interval] now real rtt is [3686]
04/05/2022 16:10:40 PM - INFO - [in this interval] aimd control rate is [0.6766543010005315] mbps
04/05/2022 16:10:40 PM - INFO - [in this interval] delay-rate is [0.6766543010005315] mbps
04/05/2022 16:10:40 PM - INFO - average delay [1632.6666666666667]
04/05/2022 16:10:40 PM - INFO - average delay [1660.0]
04/05/2022 16:10:40 PM - INFO - average delay [1661.0]
04/05/2022 16:10:40 PM - INFO - average delay [1660.5]
04/05/2022 16:10:40 PM - INFO - nowTs is [173927], lastTs is [173674]
04/05/2022 16:10:40 PM - INFO - [in this interval] loss-ratio is [0.06666666666666667]
04/05/2022 16:10:40 PM - INFO - [in this interval] group num is [8]
04/05/2022 16:10:40 PM - INFO - [in this interval] delayDelta from group is [[-1, -1, 4, -2, -1, -9, -1]]
04/05/2022 16:10:40 PM - INFO - sample List of accDelay : [[-4981.135028018975, -4978.421525217078, -4976.97937269537, -4973.2814354258335, -4969.45329188325, -4964.107962694925, -4959.297166425433, -4954.5674497828895, -4950.410704804601, -4945.069634324141, -4938.062670891727, -4929.556403802555, -4921.500763422299, -4914.350687080069, -4908.015618372063, -4901.914056534856, -4896.622650881371, -4891.960385793233, -4888.664347213909, -4885.797912492519]]
04/05/2022 16:10:40 PM - INFO - sample List of time: [[172842, 172882, 172922, 172962, 173021, 173041, 173075, 173110, 173144, 173212, 173258, 173315, 173372, 173430, 173464, 173498, 173532, 173565, 173599, 173615]]
04/05/2022 16:10:40 PM - INFO - update trend: [0.12915705190450924]
04/05/2022 16:10:40 PM - INFO - estimateQueueDelayDuration [30.997692457082216] = queueDelayDelta [0.516628207618037] * numCount[1001]
04/05/2022 16:10:40 PM - INFO - [in this interval] signal is [Signal.NORMAL]
04/05/2022 16:10:40 PM - INFO - [in this interval] adaptiveThresholdGamma is [62.39896126763782]
04/05/2022 16:10:40 PM - INFO - [in this interval] state is [State.INCREASE]
04/05/2022 16:10:40 PM - INFO - [in this interval] now real rate is [0.4832616632860041]mbps
04/05/2022 16:10:40 PM - INFO - [in this interval] now real rtt is [3712]
04/05/2022 16:10:40 PM - INFO - [in this interval] aimd control rate is [0.6804134915616457] mbps
04/05/2022 16:10:40 PM - INFO - [in this interval] delay-rate is [0.6804134915616457] mbps
04/05/2022 16:10:40 PM - INFO - average delay [1654.5]
04/05/2022 16:10:40 PM - INFO - average delay [1657.6666666666667]
04/05/2022 16:10:40 PM - INFO - average delay [1658.0]
04/05/2022 16:10:40 PM - INFO - average delay [1658.0]
04/05/2022 16:10:40 PM - INFO - nowTs is [174160], lastTs is [173927]
04/05/2022 16:10:40 PM - INFO - [in this interval] loss-ratio is [0.23076923076923078]
04/05/2022 16:10:40 PM - INFO - [in this interval] group num is [7]
04/05/2022 16:10:40 PM - INFO - [in this interval] delayDelta from group is [[-3, 4, -8, 10, -1, -7]]
04/05/2022 16:10:40 PM - INFO - sample List of accDelay : [[-4959.297166425433, -4954.5674497828895, -4950.410704804601, -4945.069634324141, -4938.062670891727, -4929.556403802555, -4921.500763422299, -4914.350687080069, -4908.015618372063, -4901.914056534856, -4896.622650881371, -4891.960385793233, -4888.664347213909, -4885.797912492519, -4883.518121243267, -4881.06630911894, -4879.6596782070455, -4877.393710386341, -4875.454339347707, -4874.408905412936]]
04/05/2022 16:10:40 PM - INFO - sample List of time: [[173075, 173110, 173144, 173212, 173258, 173315, 173372, 173430, 173464, 173498, 173532, 173565, 173599, 173615, 173697, 173719, 173763, 173785, 173830, 173859]]
04/05/2022 16:10:40 PM - INFO - update trend: [0.11619186945535218]
04/05/2022 16:10:40 PM - INFO - estimateQueueDelayDuration [27.886048669284524] = queueDelayDelta [0.4647674778214087] * numCount[1001]
04/05/2022 16:10:40 PM - INFO - [in this interval] signal is [Signal.NORMAL]
04/05/2022 16:10:40 PM - INFO - [in this interval] adaptiveThresholdGamma is [61.77772884086746]
04/05/2022 16:10:40 PM - INFO - [in this interval] state is [State.INCREASE]
04/05/2022 16:10:40 PM - INFO - [in this interval] now real rate is [0.5001646090534979]mbps
04/05/2022 16:10:40 PM - INFO - [in this interval] now real rtt is [3718]
04/05/2022 16:10:40 PM - INFO - [in this interval] aimd control rate is [0.6841935665147658] mbps
04/05/2022 16:10:40 PM - INFO - [in this interval] delay-rate is [0.6841935665147658] mbps
04/05/2022 16:10:40 PM - INFO - average delay [1664.0]
04/05/2022 16:10:40 PM - INFO - average delay [1684.5]
04/05/2022 16:10:40 PM - INFO - average delay [1689.6666666666667]
04/05/2022 16:10:40 PM - INFO - average delay [1718.5]
04/05/2022 16:10:40 PM - INFO - average delay [1741.5]
04/05/2022 16:10:40 PM - INFO - nowTs is [174457], lastTs is [174160]
04/05/2022 16:10:40 PM - INFO - [in this interval] loss-ratio is [0.1]
04/05/2022 16:10:40 PM - INFO - [in this interval] group num is [6]
04/05/2022 16:10:40 PM - INFO - [in this interval] delayDelta from group is [[3, 17, 32, 47, 9]]
04/05/2022 16:10:40 PM - INFO - sample List of accDelay : [[-4929.556403802555, -4921.500763422299, -4914.350687080069, -4908.015618372063, -4901.914056534856, -4896.622650881371, -4891.960385793233, -4888.664347213909, -4885.797912492519, -4883.518121243267, -4881.06630911894, -4879.6596782070455, -4877.393710386341, -4875.454339347707, -4874.408905412936, -4873.168014871642, -4870.351213384478, -4864.616092046031, -4854.754482841428, -4844.979034557286]]
04/05/2022 16:10:40 PM - INFO - sample List of time: [[173315, 173372, 173430, 173464, 173498, 173532, 173565, 173599, 173615, 173697, 173719, 173763, 173785, 173830, 173859, 173916, 173944, 174001, 174068, 174145]]
04/05/2022 16:10:40 PM - INFO - update trend: [0.08813701319244115]
04/05/2022 16:10:40 PM - INFO - estimateQueueDelayDuration [21.152883166185877] = queueDelayDelta [0.3525480527697646] * numCount[1000]
04/05/2022 16:10:40 PM - INFO - [in this interval] signal is [Signal.NORMAL]
04/05/2022 16:10:40 PM - INFO - [in this interval] adaptiveThresholdGamma is [61.04648161872319]
04/05/2022 16:10:40 PM - INFO - [in this interval] state is [State.INCREASE]
04/05/2022 16:10:40 PM - INFO - [in this interval] now real rate is [0.374735112936345]mbps
04/05/2022 16:10:40 PM - INFO - [in this interval] now real rtt is [3982]
04/05/2022 16:10:40 PM - INFO - [in this interval] aimd control rate is [0.6879946418842924] mbps
04/05/2022 16:10:40 PM - INFO - [in this interval] delay-rate is [0.6879946418842924] mbps
04/05/2022 16:10:40 PM - INFO - average delay [1786.5]
04/05/2022 16:10:40 PM - INFO - average delay [1796.0]
04/05/2022 16:10:40 PM - INFO - average delay [1833.5]
04/05/2022 16:10:40 PM - INFO - average delay [1864.5]
04/05/2022 16:10:40 PM - INFO - nowTs is [174698], lastTs is [174457]
04/05/2022 16:10:40 PM - INFO - [in this interval] loss-ratio is [0.125]
04/05/2022 16:10:40 PM - INFO - [in this interval] group num is [4]
04/05/2022 16:10:40 PM - INFO - [in this interval] delayDelta from group is [[33, 31, 3]]
04/05/2022 16:10:40 PM - INFO - sample List of accDelay : [[-4908.015618372063, -4901.914056534856, -4896.622650881371, -4891.960385793233, -4888.664347213909, -4885.797912492519, -4883.518121243267, -4881.06630911894, -4879.6596782070455, -4877.393710386341, -4875.454339347707, -4874.408905412936, -4873.168014871642, -4870.351213384478, -4864.616092046031, -4854.754482841428, -4844.979034557286, -4832.881131101557, -4818.893017991401, -4806.003716192261]]
04/05/2022 16:10:40 PM - INFO - sample List of time: [[173464, 173498, 173532, 173565, 173599, 173615, 173697, 173719, 173763, 173785, 173830, 173859, 173916, 173944, 174001, 174068, 174145, 174263, 174326, 174392]]
04/05/2022 16:10:40 PM - INFO - update trend: [0.0937971987171883]
04/05/2022 16:10:40 PM - INFO - estimateQueueDelayDuration [22.51132769212519] = queueDelayDelta [0.3751887948687532] * numCount[1001]
04/05/2022 16:10:40 PM - INFO - [in this interval] signal is [Signal.NORMAL]
04/05/2022 16:10:40 PM - INFO - [in this interval] adaptiveThresholdGamma is [60.35284884804443]
04/05/2022 16:10:40 PM - INFO - [in this interval] state is [State.INCREASE]
04/05/2022 16:10:40 PM - INFO - [in this interval] now real rate is [0.3269189189189189]mbps
04/05/2022 16:10:40 PM - INFO - [in this interval] now real rtt is [4194]
04/05/2022 16:10:40 PM - INFO - [in this interval] aimd control rate is [0.691816834339205] mbps
04/05/2022 16:10:40 PM - INFO - [in this interval] delay-rate is [0.691816834339205] mbps
04/05/2022 16:10:40 PM - INFO - average delay [1895.5]
04/05/2022 16:10:40 PM - INFO - average delay [1926.0]
04/05/2022 16:10:40 PM - INFO - average delay [1930.6666666666665]
04/05/2022 16:10:40 PM - INFO - average delay [1945.6666666666665]
04/05/2022 16:10:40 PM - INFO - nowTs is [174939], lastTs is [174698]
04/05/2022 16:10:40 PM - INFO - [in this interval] loss-ratio is [0.0]
04/05/2022 16:10:40 PM - INFO - [in this interval] group num is [6]
04/05/2022 16:10:40 PM - INFO - [in this interval] delayDelta from group is [[9, 5, 5, 10, 14]]
04/05/2022 16:10:40 PM - INFO - sample List of accDelay : [[-4885.797912492519, -4883.518121243267, -4881.06630911894, -4879.6596782070455, -4877.393710386341, -4875.454339347707, -4874.408905412936, -4873.168014871642, -4870.351213384478, -4864.616092046031, -4854.754482841428, -4844.979034557286, -4832.881131101557, -4818.893017991401, -4806.003716192261, -4793.503344573035, -4781.753010115732, -4770.677709104159, -4759.709938193742, -4748.4389443743685]]
04/05/2022 16:10:40 PM - INFO - sample List of time: [[173615, 173697, 173719, 173763, 173785, 173830, 173859, 173916, 173944, 174001, 174068, 174145, 174263, 174326, 174392, 174458, 174497, 174537, 174577, 174617]]
04/05/2022 16:10:40 PM - INFO - update trend: [0.13549914676371566]
04/05/2022 16:10:40 PM - INFO - estimateQueueDelayDuration [32.51979522329176] = queueDelayDelta [0.5419965870548626] * numCount[1000]
04/05/2022 16:10:40 PM - INFO - [in this interval] signal is [Signal.NORMAL]
04/05/2022 16:10:40 PM - INFO - [in this interval] adaptiveThresholdGamma is [59.851853882798885]
04/05/2022 16:10:40 PM - INFO - [in this interval] state is [State.INCREASE]
04/05/2022 16:10:40 PM - INFO - [in this interval] now real rate is [0.4261410788381743]mbps
04/05/2022 16:10:40 PM - INFO - [in this interval] now real rtt is [4336]
04/05/2022 16:10:40 PM - INFO - [in this interval] aimd control rate is [0.6956602611966451] mbps
04/05/2022 16:10:40 PM - INFO - [in this interval] delay-rate is [0.6956602611966451] mbps
04/05/2022 16:10:40 PM - INFO - average delay [1955.3333333333335]
04/05/2022 16:10:40 PM - INFO - average delay [1981.5]
04/05/2022 16:10:40 PM - INFO - average delay [2005.0]
04/05/2022 16:10:40 PM - INFO - average delay [2020.5]
04/05/2022 16:10:40 PM - INFO - nowTs is [175176], lastTs is [174939]
04/05/2022 16:10:40 PM - INFO - [in this interval] loss-ratio is [0.1111111111111111]
04/05/2022 16:10:40 PM - INFO - [in this interval] group num is [5]
04/05/2022 16:10:40 PM - INFO - [in this interval] delayDelta from group is [[29, 0, 18, 4]]
04/05/2022 16:10:40 PM - INFO - sample List of accDelay : [[-4877.393710386341, -4875.454339347707, -4874.408905412936, -4873.168014871642, -4870.351213384478, -4864.616092046031, -4854.754482841428, -4844.979034557286, -4832.881131101557, -4818.893017991401, -4806.003716192261, -4793.503344573035, -4781.753010115732, -4770.677709104159, -4759.709938193742, -4748.4389443743685, -4735.395049936932, -4723.655544943239, -4711.289990448915, -4699.760991404024]]
04/05/2022 16:10:40 PM - INFO - sample List of time: [[173785, 173830, 173859, 173916, 173944, 174001, 174068, 174145, 174263, 174326, 174392, 174458, 174497, 174537, 174577, 174617, 174727, 174786, 174816, 174874]]
04/05/2022 16:10:40 PM - INFO - update trend: [0.16834879601531053]
04/05/2022 16:10:40 PM - INFO - estimateQueueDelayDuration [40.40371104367453] = queueDelayDelta [0.6733951840612421] * numCount[1000]
04/05/2022 16:10:40 PM - INFO - [in this interval] signal is [Signal.NORMAL]
04/05/2022 16:10:40 PM - INFO - [in this interval] adaptiveThresholdGamma is [59.50178731169465]
04/05/2022 16:10:40 PM - INFO - [in this interval] state is [State.INCREASE]
04/05/2022 16:10:40 PM - INFO - [in this interval] now real rate is [0.46107112970711295]mbps
04/05/2022 16:10:40 PM - INFO - [in this interval] now real rtt is [4490]
04/05/2022 16:10:40 PM - INFO - [in this interval] aimd control rate is [0.6995250404255153] mbps
04/05/2022 16:10:40 PM - INFO - [in this interval] delay-rate is [0.6995250404255153] mbps
04/05/2022 16:10:40 PM - INFO - average delay [2034.6666666666665]
04/05/2022 16:10:40 PM - INFO - average delay [2050.5]
04/05/2022 16:10:40 PM - INFO - average delay [2069.3333333333335]
04/05/2022 16:10:40 PM - INFO - average delay [2087.5]
04/05/2022 16:10:40 PM - INFO - nowTs is [175415], lastTs is [175176]
04/05/2022 16:10:40 PM - INFO - [in this interval] loss-ratio is [0.2727272727272727]
04/05/2022 16:10:40 PM - INFO - [in this interval] group num is [5]
04/05/2022 16:10:40 PM - INFO - [in this interval] delayDelta from group is [[23, 4, -3, 23]]
04/05/2022 16:10:40 PM - INFO - sample List of accDelay : [[-4870.351213384478, -4864.616092046031, -4854.754482841428, -4844.979034557286, -4832.881131101557, -4818.893017991401, -4806.003716192261, -4793.503344573035, -4781.753010115732, -4770.677709104159, -4759.709938193742, -4748.4389443743685, -4735.395049936932, -4723.655544943239, -4711.289990448915, -4699.760991404024, -4687.084892263622, -4675.27640303726, -4664.948762733534, -4653.353886460181]]
04/05/2022 16:10:40 PM - INFO - sample List of time: [[173944, 174001, 174068, 174145, 174263, 174326, 174392, 174458, 174497, 174537, 174577, 174617, 174727, 174786, 174816, 174874, 174960, 175018, 175047, 175079]]
04/05/2022 16:10:40 PM - INFO - update trend: [0.19469045153569442]
04/05/2022 16:10:40 PM - INFO - estimateQueueDelayDuration [46.72570836856666] = queueDelayDelta [0.7787618061427777] * numCount[1000]
04/05/2022 16:10:40 PM - INFO - [in this interval] signal is [Signal.NORMAL]
04/05/2022 16:10:40 PM - INFO - [in this interval] adaptiveThresholdGamma is [59.271817890718346]
04/05/2022 16:10:40 PM - INFO - [in this interval] state is [State.INCREASE]
04/05/2022 16:10:40 PM - INFO - [in this interval] now real rate is [0.4001512605042017]mbps
04/05/2022 16:10:40 PM - INFO - [in this interval] now real rtt is [4618]
04/05/2022 16:10:40 PM - INFO - [in this interval] aimd control rate is [0.7034112906501017] mbps
04/05/2022 16:10:40 PM - INFO - [in this interval] delay-rate is [0.7034112906501017] mbps
04/05/2022 16:10:40 PM - INFO - average delay [2095.5]
04/05/2022 16:10:40 PM - INFO - average delay [2114.5]
04/05/2022 16:10:40 PM - INFO - average delay [2125.6666666666665]
04/05/2022 16:10:40 PM - INFO - average delay [2107.5]
04/05/2022 16:10:40 PM - INFO - nowTs is [175671], lastTs is [175415]
04/05/2022 16:10:40 PM - INFO - [in this interval] loss-ratio is [0.3157894736842105]
04/05/2022 16:10:40 PM - INFO - [in this interval] group num is [9]
04/05/2022 16:10:40 PM - INFO - [in this interval] delayDelta from group is [[23, -13, -2, -14, -6, 3, -13, -54]]
04/05/2022 16:10:40 PM - INFO - sample List of accDelay : [[-4781.753010115732, -4770.677709104159, -4759.709938193742, -4748.4389443743685, -4735.395049936932, -4723.655544943239, -4711.289990448915, -4699.760991404024, -4687.084892263622, -4675.27640303726, -4664.948762733534, -4653.353886460181, -4640.618497814163, -4630.456648032747, -4621.510983229473, -4614.859884906526, -4609.473896415873, -4604.326506774286, -4600.993856096857, -4603.394470487171]]
04/05/2022 16:10:40 PM - INFO - sample List of time: [[174497, 174537, 174577, 174617, 174727, 174786, 174816, 174874, 174960, 175018, 175047, 175079, 175174, 175237, 175254, 175287, 175303, 175337, 175370, 175387]]
04/05/2022 16:10:40 PM - INFO - update trend: [0.20448908691594553]
04/05/2022 16:10:40 PM - INFO - estimateQueueDelayDuration [49.077380859826924] = queueDelayDelta [0.8179563476637821] * numCount[1000]
04/05/2022 16:10:40 PM - INFO - [in this interval] signal is [Signal.NORMAL]
04/05/2022 16:10:40 PM - INFO - [in this interval] adaptiveThresholdGamma is [59.0883180241623]
04/05/2022 16:10:40 PM - INFO - [in this interval] state is [State.INCREASE]
04/05/2022 16:10:40 PM - INFO - [in this interval] now real rate is [0.5009777777777777]mbps
04/05/2022 16:10:40 PM - INFO - [in this interval] now real rtt is [4480]
04/05/2022 16:10:40 PM - INFO - [in this interval] aimd control rate is [0.7073191311537134] mbps
04/05/2022 16:10:40 PM - INFO - [in this interval] delay-rate is [0.7073191311537134] mbps
04/05/2022 16:10:40 PM - INFO - average delay [2084.0]
04/05/2022 16:10:40 PM - INFO - average delay [2027.25]
04/05/2022 16:10:40 PM - INFO - average delay [2022.6666666666665]
04/05/2022 16:10:40 PM - INFO - average delay [2044.3333333333335]
04/05/2022 16:10:40 PM - INFO - nowTs is [175893], lastTs is [175671]
04/05/2022 16:10:40 PM - INFO - [in this interval] loss-ratio is [0.4117647058823529]
04/05/2022 16:10:40 PM - INFO - [in this interval] group num is [6]
04/05/2022 16:10:40 PM - INFO - [in this interval] delayDelta from group is [[-23, -2, -3, 45, 19]]
04/05/2022 16:10:40 PM - INFO - sample List of accDelay : [[-4723.655544943239, -4711.289990448915, -4699.760991404024, -4687.084892263622, -4675.27640303726, -4664.948762733534, -4653.353886460181, -4640.618497814163, -4630.456648032747, -4621.510983229473, -4614.859884906526, -4609.473896415873, -4604.326506774286, -4600.993856096857, -4603.394470487171, -4607.855023438454, -4612.069521094609, -4616.162568985148, -4615.346312086634, -4612.71168087797]]
04/05/2022 16:10:40 PM - INFO - sample List of time: [[174786, 174816, 174874, 174960, 175018, 175047, 175079, 175174, 175237, 175254, 175287, 175303, 175337, 175370, 175387, 175409, 175421, 175459, 175486, 175566]]
04/05/2022 16:10:40 PM - INFO - update trend: [0.16083151231555615]
04/05/2022 16:10:40 PM - INFO - estimateQueueDelayDuration [38.599562955733475] = queueDelayDelta [0.6433260492622246] * numCount[1001]
04/05/2022 16:10:40 PM - INFO - [in this interval] signal is [Signal.NORMAL]
04/05/2022 16:10:40 PM - INFO - [in this interval] adaptiveThresholdGamma is [58.71952043293058]
04/05/2022 16:10:40 PM - INFO - [in this interval] state is [State.INCREASE]
04/05/2022 16:10:40 PM - INFO - [in this interval] now real rate is [0.49650209205020923]mbps
04/05/2022 16:10:40 PM - INFO - [in this interval] now real rtt is [4574]
04/05/2022 16:10:40 PM - INFO - [in this interval] aimd control rate is [0.7112486818823451] mbps
04/05/2022 16:10:40 PM - INFO - [in this interval] delay-rate is [0.7112486818823451] mbps
04/05/2022 16:10:40 PM - INFO - average delay [2073.3333333333335]
04/05/2022 16:10:40 PM - INFO - average delay [2095.0]
04/05/2022 16:10:40 PM - INFO - average delay [2111.75]
04/05/2022 16:10:40 PM - INFO - nowTs is [176094], lastTs is [175893]
04/05/2022 16:10:40 PM - INFO - [in this interval] loss-ratio is [0.2857142857142857]
04/05/2022 16:10:40 PM - INFO - [in this interval] group num is [5]
04/05/2022 16:10:40 PM - INFO - [in this interval] delayDelta from group is [[23, 4, -6, 4]]
04/05/2022 16:10:40 PM - INFO - sample List of accDelay : [[-4675.27640303726, -4664.948762733534, -4653.353886460181, -4640.618497814163, -4630.456648032747, -4621.510983229473, -4614.859884906526, -4609.473896415873, -4604.326506774286, -4600.993856096857, -4603.394470487171, -4607.855023438454, -4612.069521094609, -4616.162568985148, -4615.346312086634, -4612.71168087797, -4608.040512790174, -4603.436461511156, -4599.892815360041, -4596.303533824037]]
04/05/2022 16:10:40 PM - INFO - sample List of time: [[175018, 175047, 175079, 175174, 175237, 175254, 175287, 175303, 175337, 175370, 175387, 175409, 175421, 175459, 175486, 175566, 175666, 175724, 175763, 175782]]
04/05/2022 16:10:40 PM - INFO - update trend: [0.07884402391337957]
04/05/2022 16:10:40 PM - INFO - estimateQueueDelayDuration [18.922565739211095] = queueDelayDelta [0.31537609565351826] * numCount[1001]
04/05/2022 16:10:40 PM - INFO - [in this interval] signal is [Signal.NORMAL]
04/05/2022 16:10:40 PM - INFO - [in this interval] adaptiveThresholdGamma is [58.003175248443625]
04/05/2022 16:10:40 PM - INFO - [in this interval] state is [State.INCREASE]
04/05/2022 16:10:40 PM - INFO - [in this interval] now real rate is [0.4437355371900827]mbps
04/05/2022 16:10:40 PM - INFO - [in this interval] now real rtt is [4656]
04/05/2022 16:10:40 PM - INFO - [in this interval] aimd control rate is [0.7152000634483581] mbps
04/05/2022 16:10:40 PM - INFO - [in this interval] delay-rate is [0.7152000634483581] mbps
04/05/2022 16:10:40 PM - INFO - average delay [2122.5]
04/05/2022 16:10:40 PM - INFO - average delay [2138.3333333333335]
04/05/2022 16:10:40 PM - INFO - average delay [2134.25]
04/05/2022 16:10:40 PM - INFO - average delay [2139.0]
04/05/2022 16:10:40 PM - INFO - nowTs is [176329], lastTs is [176094]
04/05/2022 16:10:40 PM - INFO - [in this interval] loss-ratio is [0.35]
04/05/2022 16:10:40 PM - INFO - [in this interval] group num is [8]
04/05/2022 16:10:40 PM - INFO - [in this interval] delayDelta from group is [[1, -7, 15, -12, 2, 7, -20]]
04/05/2022 16:10:40 PM - INFO - sample List of accDelay : [[-4609.473896415873, -4604.326506774286, -4600.993856096857, -4603.394470487171, -4607.855023438454, -4612.069521094609, -4616.162568985148, -4615.346312086634, -4612.71168087797, -4608.040512790174, -4603.436461511156, -4599.892815360041, -4596.303533824037, -4592.973180441633, -4590.67586239747, -4587.108276157724, -4585.097448541951, -4583.087703687756, -4580.578933318981, -4580.321039987083]]
04/05/2022 16:10:40 PM - INFO - sample List of time: [[175303, 175337, 175370, 175387, 175409, 175421, 175459, 175486, 175566, 175666, 175724, 175763, 175782, 175840, 175876, 175894, 175949, 175967, 176004, 176041]]
04/05/2022 16:10:40 PM - INFO - update trend: [0.040270448921268125]
04/05/2022 16:10:40 PM - INFO - estimateQueueDelayDuration [9.66490774110435] = queueDelayDelta [0.1610817956850725] * numCount[1000]
04/05/2022 16:10:40 PM - INFO - [in this interval] signal is [Signal.NORMAL]
04/05/2022 16:10:40 PM - INFO - [in this interval] adaptiveThresholdGamma is [57.13308643331152]
04/05/2022 16:10:40 PM - INFO - [in this interval] state is [State.INCREASE]
04/05/2022 16:10:40 PM - INFO - [in this interval] now real rate is [0.4316408163265307]mbps
04/05/2022 16:10:40 PM - INFO - [in this interval] now real rtt is [4656]
04/05/2022 16:10:40 PM - INFO - [in this interval] aimd control rate is [0.7191733971341823] mbps
04/05/2022 16:10:40 PM - INFO - [in this interval] delay-rate is [0.7191733971341823] mbps
04/05/2022 16:10:40 PM - INFO - average delay [2136.5]
04/05/2022 16:10:40 PM - INFO - average delay [2097.75]
04/05/2022 16:10:40 PM - INFO - average delay [2078.75]
04/05/2022 16:10:40 PM - INFO - average delay [2015.0]
04/05/2022 16:10:40 PM - INFO - nowTs is [176565], lastTs is [176329]
04/05/2022 16:10:40 PM - INFO - [in this interval] loss-ratio is [0.6341463414634146]
04/05/2022 16:10:40 PM - INFO - [in this interval] group num is [12]
04/05/2022 16:10:40 PM - INFO - [in this interval] delayDelta from group is [[-2, -24, 3, 0, -46, 6, -40, -4, -16, -26, -1]]
04/05/2022 16:10:40 PM - INFO - sample List of accDelay : [[-4599.892815360041, -4596.303533824037, -4592.973180441633, -4590.67586239747, -4587.108276157724, -4585.097448541951, -4583.087703687756, -4580.578933318981, -4580.321039987083, -4580.288935988375, -4582.660042389537, -4584.494038150584, -4586.144634335526, -4592.230170901973, -4597.107153811776, -4605.496438430599, -4613.4467945875385, -4622.2021151287845, -4632.681903615906, -4642.213713254316]]
04/05/2022 16:10:40 PM - INFO - sample List of time: [[175763, 175782, 175840, 175876, 175894, 175949, 175967, 176004, 176041, 176072, 176090, 176121, 176139, 176154, 176173, 176189, 176204, 176235, 176249, 176263]]
04/05/2022 16:10:40 PM - INFO - update trend: [-0.05876651696714576]
04/05/2022 16:10:40 PM - INFO - estimateQueueDelayDuration [-14.103964072114982] = queueDelayDelta [-0.23506606786858303] * numCount[1001]
04/05/2022 16:10:40 PM - INFO - [in this interval] signal is [Signal.NORMAL]
04/05/2022 16:10:40 PM - INFO - [in this interval] adaptiveThresholdGamma is [56.35856223080998]
04/05/2022 16:10:40 PM - INFO - [in this interval] state is [State.INCREASE]
04/05/2022 16:10:40 PM - INFO - [in this interval] now real rate is [0.5093767820773931]mbps
04/05/2022 16:10:40 PM - INFO - [in this interval] now real rtt is [4328]
04/05/2022 16:10:40 PM - INFO - [in this interval] aimd control rate is [0.7231688048960389] mbps
04/05/2022 16:10:40 PM - INFO - [in this interval] delay-rate is [0.7231688048960389] mbps
04/05/2022 16:10:40 PM - INFO - average delay [1975.4]
04/05/2022 16:10:40 PM - INFO - average delay [1925.5]
04/05/2022 16:10:40 PM - INFO - average delay [1883.0]
04/05/2022 16:10:40 PM - INFO - average delay [1873.0]
04/05/2022 16:10:40 PM - INFO - nowTs is [176807], lastTs is [176565]
04/05/2022 16:10:40 PM - INFO - [in this interval] loss-ratio is [0.42857142857142855]
04/05/2022 16:10:40 PM - INFO - [in this interval] group num is [9]
04/05/2022 16:10:40 PM - INFO - [in this interval] delayDelta from group is [[-21, -6, -16, -21, 2, -11, 11, 15]]
04/05/2022 16:10:40 PM - INFO - sample List of accDelay : [[-4580.321039987083, -4580.288935988375, -4582.660042389537, -4584.494038150584, -4586.144634335526, -4592.230170901973, -4597.107153811776, -4605.496438430599, -4613.4467945875385, -4622.2021151287845, -4632.681903615906, -4642.213713254316, -4652.892341928884, -4663.103107735996, -4673.8927969623965, -4685.703517266157, -4696.133165539542, -4706.619848985587, -4714.957864087029, -4720.962077678326]]
04/05/2022 16:10:40 PM - INFO - sample List of time: [[176041, 176072, 176090, 176121, 176139, 176154, 176173, 176189, 176204, 176235, 176249, 176263, 176306, 176320, 176349, 176363, 176377, 176419, 176433, 176484]]
04/05/2022 16:10:40 PM - INFO - update trend: [-0.3772802518351799]
04/05/2022 16:10:40 PM - INFO - estimateQueueDelayDuration [-90.54726044044317] = queueDelayDelta [-1.5091210073407195] * numCount[1001]
04/05/2022 16:10:40 PM - INFO - [in this interval] signal is [Signal.UNDER_USE]
04/05/2022 16:10:40 PM - INFO - [in this interval] adaptiveThresholdGamma is [56.35856223080998]
04/05/2022 16:10:40 PM - INFO - [in this interval] state is [State.HOLD]
04/05/2022 16:10:40 PM - INFO - [in this interval] now real rate is [0.5485273833671399]mbps
04/05/2022 16:10:40 PM - INFO - [in this interval] now real rtt is [4202]
04/05/2022 16:10:40 PM - INFO - [in this interval] aimd control rate is [0.7231688048960389] mbps
04/05/2022 16:10:40 PM - INFO - [in this interval] delay-rate is [0.7231688048960389] mbps
04/05/2022 16:10:40 PM - INFO - average delay [1887.25]
04/05/2022 16:10:40 PM - INFO - average delay [1886.6666666666665]
04/05/2022 16:10:40 PM - INFO - average delay [1879.4]
04/05/2022 16:10:40 PM - INFO - average delay [1832.6666666666667]
04/05/2022 16:10:40 PM - INFO - nowTs is [177045], lastTs is [176807]
04/05/2022 16:10:40 PM - INFO - [in this interval] loss-ratio is [0.4375]
04/05/2022 16:10:40 PM - INFO - [in this interval] group num is [11]
04/05/2022 16:10:40 PM - INFO - [in this interval] delayDelta from group is [[-1, -5, 3, -24, -12, -19, -24, -12, -13, -7]]
04/05/2022 16:10:40 PM - INFO - sample List of accDelay : [[-4632.681903615906, -4642.213713254316, -4652.892341928884, -4663.103107735996, -4673.8927969623965, -4685.703517266157, -4696.133165539542, -4706.619848985587, -4714.957864087029, -4720.962077678326, -4726.465869910493, -4731.9192829194435, -4736.527354627499, -4743.0746191647495, -4750.167157248275, -4758.450441523448, -4768.305397371103, -4778.374857633992, -4788.737371870593, -4798.763634683533]]
04/05/2022 16:10:40 PM - INFO - sample List of time: [[176249, 176263, 176306, 176320, 176349, 176363, 176377, 176419, 176433, 176484, 176551, 176585, 176620, 176648, 176659, 176682, 176693, 176704, 176727, 176749]]
04/05/2022 16:10:40 PM - INFO - update trend: [-0.2803059726383653]
04/05/2022 16:10:40 PM - INFO - estimateQueueDelayDuration [-67.27343343320767] = queueDelayDelta [-1.1212238905534613] * numCount[1001]
04/05/2022 16:10:40 PM - INFO - [in this interval] signal is [Signal.UNDER_USE]
04/05/2022 16:10:40 PM - INFO - [in this interval] adaptiveThresholdGamma is [67.27343343320767]
04/05/2022 16:10:40 PM - INFO - [in this interval] state is [State.HOLD]
04/05/2022 16:10:40 PM - INFO - [in this interval] now real rate is [0.5832064777327934]mbps
04/05/2022 16:10:40 PM - INFO - [in this interval] now real rtt is [3958]
04/05/2022 16:10:40 PM - INFO - [in this interval] aimd control rate is [0.7231688048960389] mbps
04/05/2022 16:10:40 PM - INFO - [in this interval] delay-rate is [0.7231688048960389] mbps
04/05/2022 16:10:40 PM - INFO - average delay [1783.3333333333333]
04/05/2022 16:10:40 PM - INFO - average delay [1737.2]
04/05/2022 16:10:40 PM - INFO - average delay [1707.5]
04/05/2022 16:10:40 PM - INFO - average delay [1698.6666666666667]
04/05/2022 16:10:40 PM - INFO - nowTs is [177290], lastTs is [177045]
04/05/2022 16:10:40 PM - INFO - [in this interval] loss-ratio is [0.5806451612903226]
04/05/2022 16:10:40 PM - INFO - [in this interval] group num is [9]
04/05/2022 16:10:40 PM - INFO - [in this interval] delayDelta from group is [[-6, -10, -33, -7, 10, -12, -7, 29]]
04/05/2022 16:10:40 PM - INFO - sample List of accDelay : [[-4714.957864087029, -4720.962077678326, -4726.465869910493, -4731.9192829194435, -4736.527354627499, -4743.0746191647495, -4750.167157248275, -4758.450441523448, -4768.305397371103, -4778.374857633992, -4788.737371870593, -4798.763634683533, -4808.387271215181, -4818.048544093663, -4830.043689684297, -4841.539320715867, -4850.88538864428, -4860.496849779852, -4869.847164801867, -4875.36244832168]]
04/05/2022 16:10:40 PM - INFO - sample List of time: [[176433, 176484, 176551, 176585, 176620, 176648, 176659, 176682, 176693, 176704, 176727, 176749, 176783, 176807, 176822, 176834, 176857, 176902, 176925, 176948]]
04/05/2022 16:10:40 PM - INFO - update trend: [-0.3618399484494355]
04/05/2022 16:10:40 PM - INFO - estimateQueueDelayDuration [-86.84158762786453] = queueDelayDelta [-1.447359793797742] * numCount[1001]
04/05/2022 16:10:40 PM - INFO - [in this interval] signal is [Signal.UNDER_USE]
04/05/2022 16:10:40 PM - INFO - [in this interval] adaptiveThresholdGamma is [67.27343343320767]
04/05/2022 16:10:40 PM - INFO - [in this interval] state is [State.HOLD]
04/05/2022 16:10:40 PM - INFO - [in this interval] now real rate is [0.547184]mbps
04/05/2022 16:10:40 PM - INFO - [in this interval] now real rtt is [3838]
04/05/2022 16:10:40 PM - INFO - [in this interval] aimd control rate is [0.7231688048960389] mbps
04/05/2022 16:10:40 PM - INFO - [in this interval] delay-rate is [0.7231688048960389] mbps
04/05/2022 16:10:40 PM - INFO - average delay [1699.3333333333333]
04/05/2022 16:10:40 PM - INFO - average delay [1732.0]
04/05/2022 16:10:40 PM - INFO - average delay [1742.0]
04/05/2022 16:10:40 PM - INFO - average delay [1746.25]
04/05/2022 16:10:40 PM - INFO - nowTs is [177524], lastTs is [177290]
04/05/2022 16:10:40 PM - INFO - [in this interval] loss-ratio is [0.3333333333333333]
04/05/2022 16:10:40 PM - INFO - [in this interval] group num is [9]
04/05/2022 16:10:40 PM - INFO - [in this interval] delayDelta from group is [[6, 0, 21, -5, 6, 10, 0, -9]]
04/05/2022 16:10:40 PM - INFO - sample List of accDelay : [[-4768.305397371103, -4778.374857633992, -4788.737371870593, -4798.763634683533, -4808.387271215181, -4818.048544093663, -4830.043689684297, -4841.539320715867, -4850.88538864428, -4860.496849779852, -4869.847164801867, -4875.36244832168, -4879.726203489512, -4883.653583140561, -4885.088224826505, -4886.879402343855, -4887.891462109469, -4887.8023158985225, -4887.72208430867, -4888.549875877803]]
04/05/2022 16:10:40 PM - INFO - sample List of time: [[176693, 176704, 176727, 176749, 176783, 176807, 176822, 176834, 176857, 176902, 176925, 176948, 177047, 177063, 177083, 177114, 177144, 177190, 177210, 177225]]
04/05/2022 16:10:40 PM - INFO - update trend: [-0.2139089829344691]
04/05/2022 16:10:40 PM - INFO - estimateQueueDelayDuration [-51.33815590427259] = queueDelayDelta [-0.8556359317378764] * numCount[1001]
04/05/2022 16:10:40 PM - INFO - [in this interval] signal is [Signal.NORMAL]
04/05/2022 16:10:40 PM - INFO - [in this interval] adaptiveThresholdGamma is [66.98659843768684]
04/05/2022 16:10:40 PM - INFO - [in this interval] state is [State.INCREASE]
04/05/2022 16:10:40 PM - INFO - [in this interval] now real rate is [0.5206530612244897]mbps
04/05/2022 16:10:40 PM - INFO - [in this interval] now real rtt is [3916]
04/05/2022 16:10:40 PM - INFO - [in this interval] aimd control rate is [0.7271864093676834] mbps
04/05/2022 16:10:40 PM - INFO - [in this interval] delay-rate is [0.7271864093676834] mbps
04/05/2022 16:10:40 PM - INFO - average delay [1760.0]
04/05/2022 16:10:40 PM - INFO - average delay [1698.6666666666667]
04/05/2022 16:10:40 PM - INFO - average delay [1620.8333333333333]
04/05/2022 16:10:40 PM - INFO - average delay [1573.6666666666667]
04/05/2022 16:10:40 PM - INFO - nowTs is [177754], lastTs is [177524]
04/05/2022 16:10:40 PM - INFO - [in this interval] loss-ratio is [0.6122448979591837]
04/05/2022 16:10:40 PM - INFO - [in this interval] group num is [15]
04/05/2022 16:10:40 PM - INFO - [in this interval] delayDelta from group is [[-15, -18, -20, -19, -25, 0, -10, -4, -10, -20, -14, -15, -20, 4]]
04/05/2022 16:10:40 PM - INFO - sample List of accDelay : [[-4885.088224826505, -4886.879402343855, -4887.891462109469, -4887.8023158985225, -4887.72208430867, -4888.549875877803, -4890.794888290024, -4894.615399461021, -4900.053859514919, -4906.848473563427, -4915.463626207085, -4923.217263586377, -4931.19553722774, -4938.775983504966, -4946.598385154469, -4955.638546639022, -4965.17469197512, -4975.257222777609, -4986.331500499848, -4995.898350449863]]
04/05/2022 16:10:40 PM - INFO - sample List of time: [[177083, 177114, 177144, 177190, 177210, 177225, 177262, 177277, 177299, 177309, 177320, 177330, 177340, 177350, 177361, 177371, 177391, 177412, 177422, 177437]]
04/05/2022 16:10:40 PM - INFO - update trend: [-0.31713861776795255]
04/05/2022 16:10:40 PM - INFO - estimateQueueDelayDuration [-76.11326826430862] = queueDelayDelta [-1.2685544710718102] * numCount[1001]
04/05/2022 16:10:40 PM - INFO - [in this interval] signal is [Signal.UNDER_USE]
04/05/2022 16:10:40 PM - INFO - [in this interval] adaptiveThresholdGamma is [76.11326826430862]
04/05/2022 16:10:40 PM - INFO - [in this interval] state is [State.HOLD]
04/05/2022 16:10:40 PM - INFO - [in this interval] now real rate is [0.6347268993839835]mbps
04/05/2022 16:10:40 PM - INFO - [in this interval] now real rtt is [3496]
04/05/2022 16:10:40 PM - INFO - [in this interval] aimd control rate is [0.7271864093676834] mbps
04/05/2022 16:10:40 PM - INFO - [in this interval] delay-rate is [0.7271864093676834] mbps
04/05/2022 16:10:40 PM - INFO - average delay [1546.75]
04/05/2022 16:10:40 PM - INFO - average delay [1538.3333333333333]
04/05/2022 16:10:40 PM - INFO - average delay [1538.0]
04/05/2022 16:10:40 PM - INFO - average delay [1524.8]
04/05/2022 16:10:40 PM - INFO - nowTs is [178009], lastTs is [177754]
04/05/2022 16:10:40 PM - INFO - [in this interval] loss-ratio is [0.4]
04/05/2022 16:10:40 PM - INFO - [in this interval] group num is [12]
04/05/2022 16:10:40 PM - INFO - [in this interval] delayDelta from group is [[-13, 6, -3, 6, 2, -13, -4, 1, -1, -12, -1]]
04/05/2022 16:10:40 PM - INFO - sample List of accDelay : [[-4923.217263586377, -4931.19553722774, -4938.775983504966, -4946.598385154469, -4955.638546639022, -4965.17469197512, -4975.257222777609, -4986.331500499848, -4995.898350449863, -5005.808515404877, -5014.1276638643885, -5021.91489747795, -5028.323407730155, -5033.89106695714, -5040.2019602614255, -5046.281764235284, -5051.653587811756, -5056.58822903058, -5062.229406127522, -5067.40646551477]]
04/05/2022 16:10:40 PM - INFO - sample List of time: [[177330, 177340, 177350, 177361, 177371, 177391, 177412, 177422, 177437, 177503, 177525, 177541, 177563, 177579, 177601, 177623, 177639, 177655, 177679, 177712]]
04/05/2022 16:10:40 PM - INFO - update trend: [-0.36730558431542215]
04/05/2022 16:10:40 PM - INFO - estimateQueueDelayDuration [-88.15334023570132] = queueDelayDelta [-1.4692223372616886] * numCount[1000]
04/05/2022 16:10:40 PM - INFO - [in this interval] signal is [Signal.UNDER_USE]
04/05/2022 16:10:40 PM - INFO - [in this interval] adaptiveThresholdGamma is [88.15334023570132]
04/05/2022 16:10:40 PM - INFO - [in this interval] state is [State.HOLD]
04/05/2022 16:10:40 PM - INFO - [in this interval] now real rate is [0.6645333333333333]mbps
04/05/2022 16:10:40 PM - INFO - [in this interval] now real rtt is [3426]
04/05/2022 16:10:40 PM - INFO - [in this interval] aimd control rate is [0.7271864093676834] mbps
04/05/2022 16:10:40 PM - INFO - [in this interval] delay-rate is [0.7271864093676834] mbps
04/05/2022 16:10:40 PM - INFO - average delay [1511.4]
04/05/2022 16:10:40 PM - INFO - average delay [1487.0]
04/05/2022 16:10:40 PM - INFO - average delay [1484.25]
04/05/2022 16:10:40 PM - INFO - average delay [1495.3333333333333]
04/05/2022 16:10:40 PM - INFO - nowTs is [178234], lastTs is [178009]
04/05/2022 16:10:40 PM - INFO - [in this interval] loss-ratio is [0.5806451612903226]
04/05/2022 16:10:40 PM - INFO - [in this interval] group num is [10]
04/05/2022 16:10:40 PM - INFO - [in this interval] delayDelta from group is [[3, -14, -3, 2, 10, 13, -10, 9, 4]]
04/05/2022 16:10:40 PM - INFO - sample List of accDelay : [[-5005.808515404877, -5014.1276638643885, -5021.91489747795, -5028.323407730155, -5033.89106695714, -5040.2019602614255, -5046.281764235284, -5051.653587811756, -5056.58822903058, -5062.229406127522, -5067.40646551477, -5071.765818963293, -5077.0892370669635, -5082.180313360267, -5086.562282024241, -5089.506053821817, -5090.855448439635, -5093.069903595672, -5094.162913236105, -5094.746621912494]]
04/05/2022 16:10:40 PM - INFO - sample List of time: [[177503, 177525, 177541, 177563, 177579, 177601, 177623, 177639, 177655, 177679, 177712, 177752, 177795, 177811, 177823, 177835, 177860, 177903, 177923, 177942]]
04/05/2022 16:10:40 PM - INFO - update trend: [-0.19908181975871778]
04/05/2022 16:10:40 PM - INFO - estimateQueueDelayDuration [-47.779636742092265] = queueDelayDelta [-0.7963272790348711] * numCount[1001]
04/05/2022 16:10:40 PM - INFO - [in this interval] signal is [Signal.NORMAL]
04/05/2022 16:10:40 PM - INFO - [in this interval] adaptiveThresholdGamma is [87.42661357281636]
04/05/2022 16:10:40 PM - INFO - [in this interval] state is [State.INCREASE]
04/05/2022 16:10:40 PM - INFO - [in this interval] now real rate is [0.5817833333333332]mbps
04/05/2022 16:10:40 PM - INFO - [in this interval] now real rtt is [3416]
04/05/2022 16:10:40 PM - INFO - [in this interval] aimd control rate is [0.7312263338641706] mbps
04/05/2022 16:10:40 PM - INFO - [in this interval] delay-rate is [0.7312263338641706] mbps
04/05/2022 16:10:40 PM - INFO - average delay [1503.0]
04/05/2022 16:10:40 PM - INFO - average delay [1518.3333333333333]
04/05/2022 16:10:40 PM - INFO - average delay [1520.3333333333333]
04/05/2022 16:10:40 PM - INFO - average delay [1507.5]
04/05/2022 16:10:40 PM - INFO - nowTs is [178493], lastTs is [178234]
04/05/2022 16:10:40 PM - INFO - [in this interval] loss-ratio is [0.5238095238095238]
04/05/2022 16:10:40 PM - INFO - [in this interval] group num is [10]
04/05/2022 16:10:40 PM - INFO - [in this interval] delayDelta from group is [[0, 4, 4, -10, -5, -5, -1, -3, -4]]
04/05/2022 16:10:40 PM - INFO - sample List of accDelay : [[-5062.229406127522, -5067.40646551477, -5071.765818963293, -5077.0892370669635, -5082.180313360267, -5086.562282024241, -5089.506053821817, -5090.855448439635, -5093.069903595672, -5094.162913236105, -5094.746621912494, -5095.271959721245, -5095.344763749121, -5095.010287374209, -5095.709258636788, -5096.838332773109, -5098.354499495798, -5099.819049546219, -5101.437144591597, -5103.293430132438]]
04/05/2022 16:10:40 PM - INFO - sample List of time: [[177679, 177712, 177752, 177795, 177811, 177823, 177835, 177860, 177903, 177923, 177942, 177985, 178005, 178024, 178043, 178073, 178103, 178133, 178162, 178194]]
04/05/2022 16:10:40 PM - INFO - update trend: [-0.06870348217272773]
04/05/2022 16:10:40 PM - INFO - estimateQueueDelayDuration [-16.488835721454656] = queueDelayDelta [-0.2748139286909109] * numCount[1000]
04/05/2022 16:10:40 PM - INFO - [in this interval] signal is [Signal.NORMAL]
04/05/2022 16:10:40 PM - INFO - [in this interval] adaptiveThresholdGamma is [86.14973357149185]
04/05/2022 16:10:40 PM - INFO - [in this interval] state is [State.INCREASE]
04/05/2022 16:10:40 PM - INFO - [in this interval] now real rate is [0.46338709677419354]mbps
04/05/2022 16:10:40 PM - INFO - [in this interval] now real rtt is [3394]
04/05/2022 16:10:40 PM - INFO - [in this interval] aimd control rate is [0.7352887023856383] mbps
04/05/2022 16:10:40 PM - INFO - [in this interval] delay-rate is [0.7352887023856383] mbps
04/05/2022 16:10:40 PM - INFO - average delay [1500.6666666666667]
04/05/2022 16:10:40 PM - INFO - average delay [1523.5]
04/05/2022 16:10:40 PM - INFO - average delay [1520.0]
04/05/2022 16:10:40 PM - INFO - average delay [1541.75]
04/05/2022 16:10:40 PM - INFO - nowTs is [178732], lastTs is [178493]
04/05/2022 16:10:40 PM - INFO - [in this interval] loss-ratio is [0.0]
04/05/2022 16:10:40 PM - INFO - [in this interval] group num is [8]
04/05/2022 16:10:40 PM - INFO - [in this interval] delayDelta from group is [[1, 3, -16, 26, 3, 30, 21]]
04/05/2022 16:10:40 PM - INFO - sample List of accDelay : [[-5090.855448439635, -5093.069903595672, -5094.162913236105, -5094.746621912494, -5095.271959721245, -5095.344763749121, -5095.010287374209, -5095.709258636788, -5096.838332773109, -5098.354499495798, -5099.819049546219, -5101.437144591597, -5103.293430132438, -5104.864087119194, -5105.977678407275, -5108.579910566547, -5108.321919509892, -5107.789727558903, -5104.310754803013, -5099.079679322712]]
04/05/2022 16:10:40 PM - INFO - sample List of time: [[177860, 177903, 177923, 177942, 177985, 178005, 178024, 178043, 178073, 178103, 178133, 178162, 178194, 178251, 178267, 178285, 178304, 178350, 178368, 178428]]
04/05/2022 16:10:40 PM - INFO - update trend: [-0.028320259215160053]
04/05/2022 16:10:40 PM - INFO - estimateQueueDelayDuration [-6.7968622116384125] = queueDelayDelta [-0.11328103686064021] * numCount[1001]
04/05/2022 16:10:40 PM - INFO - [in this interval] signal is [Signal.NORMAL]
04/05/2022 16:10:40 PM - INFO - [in this interval] adaptiveThresholdGamma is [84.72138188701449]
04/05/2022 16:10:40 PM - INFO - [in this interval] state is [State.INCREASE]
04/05/2022 16:10:40 PM - INFO - [in this interval] now real rate is [0.4259759036144578]mbps
04/05/2022 16:10:40 PM - INFO - [in this interval] now real rtt is [3582]
04/05/2022 16:10:40 PM - INFO - [in this interval] aimd control rate is [0.739373639621114] mbps
04/05/2022 16:10:40 PM - INFO - [in this interval] delay-rate is [0.739373639621114] mbps
04/05/2022 16:10:40 PM - INFO - average delay [1573.6666666666667]
04/05/2022 16:10:40 PM - INFO - average delay [1617.0]
04/05/2022 16:10:40 PM - INFO - average delay [1661.5]
04/05/2022 16:10:40 PM - INFO - average delay [1717.0]
04/05/2022 16:10:40 PM - INFO - nowTs is [178968], lastTs is [178732]
04/05/2022 16:10:40 PM - INFO - [in this interval] loss-ratio is [0.3333333333333333]
04/05/2022 16:10:40 PM - INFO - [in this interval] group num is [7]
04/05/2022 16:10:40 PM - INFO - [in this interval] delayDelta from group is [[55, 29, 4, -6, -8, -13]]
04/05/2022 16:10:40 PM - INFO - sample List of accDelay : [[-5095.010287374209, -5095.709258636788, -5096.838332773109, -5098.354499495798, -5099.819049546219, -5101.437144591597, -5103.293430132438, -5104.864087119194, -5105.977678407275, -5108.579910566547, -5108.321919509892, -5107.789727558903, -5104.310754803013, -5099.079679322712, -5088.87171139044, -5076.784540251397, -5065.506086226257, -5055.955477603631, -5048.159929843268, -5042.443936858941]]
04/05/2022 16:10:40 PM - INFO - sample List of time: [[178024, 178043, 178073, 178103, 178133, 178162, 178194, 178251, 178267, 178285, 178304, 178350, 178368, 178428, 178529, 178599, 178643, 178657, 178671, 178683]]
04/05/2022 16:10:40 PM - INFO - update trend: [0.07072734299183685]
04/05/2022 16:10:40 PM - INFO - estimateQueueDelayDuration [16.974562318040842] = queueDelayDelta [0.2829093719673474] * numCount[1001]
04/05/2022 16:10:40 PM - INFO - [in this interval] signal is [Signal.NORMAL]
04/05/2022 16:10:40 PM - INFO - [in this interval] adaptiveThresholdGamma is [83.50193913477297]
04/05/2022 16:10:40 PM - INFO - [in this interval] state is [State.INCREASE]
04/05/2022 16:10:40 PM - INFO - [in this interval] now real rate is [0.43471157894736845]mbps
04/05/2022 16:10:40 PM - INFO - [in this interval] now real rtt is [3824]
04/05/2022 16:10:40 PM - INFO - [in this interval] aimd control rate is [0.7434812709523424] mbps
04/05/2022 16:10:40 PM - INFO - [in this interval] delay-rate is [0.7434812709523424] mbps
04/05/2022 16:10:40 PM - INFO - average delay [1728.8]
04/05/2022 16:10:40 PM - INFO - average delay [1643.4285714285713]
04/05/2022 16:10:40 PM - INFO - average delay [1528.4]
04/05/2022 16:10:40 PM - INFO - average delay [1526.5]
04/05/2022 16:10:40 PM - INFO - nowTs is [179189], lastTs is [178968]
04/05/2022 16:10:40 PM - INFO - [in this interval] loss-ratio is [0.4482758620689655]
04/05/2022 16:10:40 PM - INFO - [in this interval] group num is [13]
04/05/2022 16:10:40 PM - INFO - [in this interval] delayDelta from group is [[-13, -7, -38, -28, -24, -27, -23, -10, -16, 10, 33, -3]]
04/05/2022 16:10:40 PM - INFO - sample List of accDelay : [[-5104.310754803013, -5099.079679322712, -5088.87171139044, -5076.784540251397, -5065.506086226257, -5055.955477603631, -5048.159929843268, -5042.443936858941, -5038.599543173047, -5035.8395888557425, -5037.155629970168, -5041.140066973151, -5047.126060275836, -5055.213454248253, -5064.792108823427, -5074.412897941085, -5084.671608146977, -5092.904447332279, -5097.014002599051, -5101.012602339146]]
04/05/2022 16:10:40 PM - INFO - sample List of time: [[178368, 178428, 178529, 178599, 178643, 178657, 178671, 178683, 178707, 178719, 178732, 178739, 178746, 178752, 178760, 178772, 178797, 178811, 178836, 178889]]
04/05/2022 16:10:40 PM - INFO - update trend: [0.04051629050880274]
04/05/2022 16:10:40 PM - INFO - estimateQueueDelayDuration [9.723909722112657] = queueDelayDelta [0.16206516203521096] * numCount[1001]
04/05/2022 16:10:40 PM - INFO - [in this interval] signal is [Signal.NORMAL]
04/05/2022 16:10:40 PM - INFO - [in this interval] adaptiveThresholdGamma is [82.17393460534508]
04/05/2022 16:10:40 PM - INFO - [in this interval] state is [State.INCREASE]
04/05/2022 16:10:40 PM - INFO - [in this interval] now real rate is [0.4487540983606558]mbps
04/05/2022 16:10:40 PM - INFO - [in this interval] now real rtt is [3516]
04/05/2022 16:10:40 PM - INFO - [in this interval] aimd control rate is [0.7476117224576332] mbps
04/05/2022 16:10:40 PM - INFO - [in this interval] delay-rate is [0.7476117224576332] mbps
04/05/2022 16:10:40 PM - INFO - average delay [1553.0]
04/05/2022 16:10:40 PM - INFO - average delay [1589.6666666666667]
04/05/2022 16:10:40 PM - INFO - average delay [1628.3333333333333]
04/05/2022 16:10:40 PM - INFO - nowTs is [179394], lastTs is [179189]
04/05/2022 16:10:40 PM - INFO - [in this interval] loss-ratio is [0.0]
04/05/2022 16:10:40 PM - INFO - [in this interval] group num is [4]
04/05/2022 16:10:40 PM - INFO - [in this interval] delayDelta from group is [[55, 43, 20]]
04/05/2022 16:10:40 PM - INFO - sample List of accDelay : [[-5076.784540251397, -5065.506086226257, -5055.955477603631, -5048.159929843268, -5042.443936858941, -5038.599543173047, -5035.8395888557425, -5037.155629970168, -5041.140066973151, -5047.126060275836, -5055.213454248253, -5064.792108823427, -5074.412897941085, -5084.671608146977, -5092.904447332279, -5097.014002599051, -5101.012602339146, -5099.111342105231, -5093.100207894708, -5085.690187105237]]
04/05/2022 16:10:40 PM - INFO - sample List of time: [[178599, 178643, 178657, 178671, 178683, 178707, 178719, 178732, 178739, 178746, 178752, 178760, 178772, 178797, 178811, 178836, 178889, 178943, 179023, 179086]]
04/05/2022 16:10:40 PM - INFO - update trend: [-0.11867736094036932]
04/05/2022 16:10:40 PM - INFO - estimateQueueDelayDuration [-28.482566625688637] = queueDelayDelta [-0.4747094437614773] * numCount[1000]
04/05/2022 16:10:40 PM - INFO - [in this interval] signal is [Signal.NORMAL]
04/05/2022 16:10:40 PM - INFO - [in this interval] adaptiveThresholdGamma is [81.20748998171126]
04/05/2022 16:10:40 PM - INFO - [in this interval] state is [State.INCREASE]
04/05/2022 16:10:40 PM - INFO - [in this interval] now real rate is [0.49812244897959185]mbps
04/05/2022 16:10:40 PM - INFO - [in this interval] now real rtt is [3786]
04/05/2022 16:10:40 PM - INFO - [in this interval] aimd control rate is [0.7517651209157312] mbps
04/05/2022 16:10:40 PM - INFO - [in this interval] delay-rate is [0.7517651209157312] mbps
04/05/2022 16:10:40 PM - INFO - average delay [1676.5]
04/05/2022 16:10:40 PM - INFO - average delay [1715.6666666666667]
04/05/2022 16:10:40 PM - INFO - average delay [1741.0]
04/05/2022 16:10:40 PM - INFO - average delay [1773.5]
04/05/2022 16:10:40 PM - INFO - nowTs is [179629], lastTs is [179394]
04/05/2022 16:10:40 PM - INFO - [in this interval] loss-ratio is [0.0]
04/05/2022 16:10:40 PM - INFO - [in this interval] group num is [7]
04/05/2022 16:10:40 PM - INFO - [in this interval] delayDelta from group is [[34, 7, 16, 8, 10, 37]]
04/05/2022 16:10:40 PM - INFO - sample List of accDelay : [[-5035.8395888557425, -5037.155629970168, -5041.140066973151, -5047.126060275836, -5055.213454248253, -5064.792108823427, -5074.412897941085, -5084.671608146977, -5092.904447332279, -5097.014002599051, -5101.012602339146, -5099.111342105231, -5093.100207894708, -5085.690187105237, -5075.621168394713, -5065.859051555242, -5055.473146399718, -5045.325831759746, -5035.193248583771, -5022.373923725393]]
04/05/2022 16:10:40 PM - INFO - sample List of time: [[178719, 178732, 178739, 178746, 178752, 178760, 178772, 178797, 178811, 178836, 178889, 178943, 179023, 179086, 179139, 179193, 179210, 179246, 179264, 179284]]
04/05/2022 16:10:40 PM - INFO - update trend: [0.01907812280416257]
04/05/2022 16:10:40 PM - INFO - estimateQueueDelayDuration [4.578749472999017] = queueDelayDelta [0.07631249121665028] * numCount[1000]
04/05/2022 16:10:40 PM - INFO - [in this interval] signal is [Signal.NORMAL]
04/05/2022 16:10:40 PM - INFO - [in this interval] adaptiveThresholdGamma is [79.82817265255444]
04/05/2022 16:10:40 PM - INFO - [in this interval] state is [State.INCREASE]
04/05/2022 16:10:40 PM - INFO - [in this interval] now real rate is [0.4277322515212982]mbps
04/05/2022 16:10:40 PM - INFO - [in this interval] now real rtt is [4036]
04/05/2022 16:10:40 PM - INFO - [in this interval] aimd control rate is [0.7559415938097075] mbps
04/05/2022 16:10:40 PM - INFO - [in this interval] delay-rate is [0.7559415938097075] mbps
04/05/2022 16:10:40 PM - INFO - average delay [1798.5]
04/05/2022 16:10:40 PM - INFO - average delay [1839.0]
04/05/2022 16:10:40 PM - INFO - average delay [1869.0]
04/05/2022 16:10:40 PM - INFO - average delay [1867.0]
04/05/2022 16:10:40 PM - INFO - nowTs is [179868], lastTs is [179629]
04/05/2022 16:10:40 PM - INFO - [in this interval] loss-ratio is [0.2777777777777778]
04/05/2022 16:10:40 PM - INFO - [in this interval] group num is [7]
04/05/2022 16:10:40 PM - INFO - [in this interval] delayDelta from group is [[21, 5, 4, -20, -16, 16]]
04/05/2022 16:10:40 PM - INFO - sample List of accDelay : [[-5074.412897941085, -5084.671608146977, -5092.904447332279, -5097.014002599051, -5101.012602339146, -5099.111342105231, -5093.100207894708, -5085.690187105237, -5075.621168394713, -5065.859051555242, -5055.473146399718, -5045.325831759746, -5035.193248583771, -5022.373923725393, -5008.7365313528535, -4995.962878217568, -4984.066590395811, -4975.35993135623, -4969.123938220608, -4961.9115443985465]]
04/05/2022 16:10:40 PM - INFO - sample List of time: [[178772, 178797, 178811, 178836, 178889, 178943, 179023, 179086, 179139, 179193, 179210, 179246, 179264, 179284, 179410, 179446, 179481, 179500, 179520, 179539]]
04/05/2022 16:10:40 PM - INFO - update trend: [0.16931113996677885]
04/05/2022 16:10:40 PM - INFO - estimateQueueDelayDuration [40.63467359202692] = queueDelayDelta [0.6772445598671154] * numCount[1000]
04/05/2022 16:10:40 PM - INFO - [in this interval] signal is [Signal.NORMAL]
04/05/2022 16:10:40 PM - INFO - [in this interval] adaptiveThresholdGamma is [79.12268966946495]
04/05/2022 16:10:40 PM - INFO - [in this interval] state is [State.INCREASE]
04/05/2022 16:10:40 PM - INFO - [in this interval] now real rate is [0.4798536585365854]mbps
04/05/2022 16:10:40 PM - INFO - [in this interval] now real rtt is [4124]
04/05/2022 16:10:40 PM - INFO - [in this interval] aimd control rate is [0.7601412693308724] mbps
04/05/2022 16:10:40 PM - INFO - [in this interval] delay-rate is [0.7601412693308724] mbps
04/05/2022 16:10:40 PM - INFO - average delay [1847.0]
04/05/2022 16:10:40 PM - INFO - average delay [1861.3333333333335]
04/05/2022 16:10:40 PM - INFO - average delay [1863.25]
04/05/2022 16:10:40 PM - INFO - average delay [1863.5]
04/05/2022 16:10:40 PM - INFO - nowTs is [180114], lastTs is [179868]
04/05/2022 16:10:40 PM - INFO - [in this interval] loss-ratio is [0.0]
04/05/2022 16:10:40 PM - INFO - [in this interval] group num is [9]
04/05/2022 16:10:40 PM - INFO - [in this interval] delayDelta from group is [[-13, 9, -9, 10, -4, 25, 10, 10]]
04/05/2022 16:10:40 PM - INFO - sample List of accDelay : [[-5075.621168394713, -5065.859051555242, -5055.473146399718, -5045.325831759746, -5035.193248583771, -5022.373923725393, -5008.7365313528535, -4995.962878217568, -4984.066590395811, -4975.35993135623, -4969.123938220608, -4961.9115443985465, -4956.720389958692, -4951.148350962823, -4947.033515866541, -4942.330164279887, -4938.497147851898, -4932.547433066708, -4926.192689760037, -4919.473420784033]]
04/05/2022 16:10:40 PM - INFO - sample List of time: [[179139, 179193, 179210, 179246, 179264, 179284, 179410, 179446, 179481, 179500, 179520, 179539, 179633, 179650, 179669, 179685, 179705, 179721, 179786, 179806]]
04/05/2022 16:10:40 PM - INFO - update trend: [0.23118996016844653]
04/05/2022 16:10:40 PM - INFO - estimateQueueDelayDuration [55.48559044042717] = queueDelayDelta [0.9247598406737861] * numCount[1000]
04/05/2022 16:10:40 PM - INFO - [in this interval] signal is [Signal.NORMAL]
04/05/2022 16:10:40 PM - INFO - [in this interval] adaptiveThresholdGamma is [78.69722188334227]
04/05/2022 16:10:40 PM - INFO - [in this interval] state is [State.INCREASE]
04/05/2022 16:10:40 PM - INFO - [in this interval] now real rate is [0.5253278350515463]mbps
04/05/2022 16:10:40 PM - INFO - [in this interval] now real rtt is [4216]
04/05/2022 16:10:40 PM - INFO - [in this interval] aimd control rate is [0.7643642763827107] mbps
04/05/2022 16:10:40 PM - INFO - [in this interval] delay-rate is [0.7643642763827107] mbps
04/05/2022 16:10:40 PM - INFO - average delay [1897.0]
04/05/2022 16:10:40 PM - INFO - average delay [1915.3333333333335]
04/05/2022 16:10:40 PM - INFO - average delay [1887.75]
04/05/2022 16:10:40 PM - INFO - average delay [1827.0]
04/05/2022 16:10:40 PM - INFO - nowTs is [180336], lastTs is [180114]
04/05/2022 16:10:40 PM - INFO - [in this interval] loss-ratio is [0.4583333333333333]
04/05/2022 16:10:40 PM - INFO - [in this interval] group num is [12]
04/05/2022 16:10:40 PM - INFO - [in this interval] delayDelta from group is [[-7, -6, 1, -14, -14, -19, -2, -29, -18, -1, -8]]
04/05/2022 16:10:40 PM - INFO - sample List of accDelay : [[-4961.9115443985465, -4956.720389958692, -4951.148350962823, -4947.033515866541, -4942.330164279887, -4938.497147851898, -4932.547433066708, -4926.192689760037, -4919.473420784033, -4914.126078705629, -4909.913470835066, -4906.02212375156, -4903.919911376404, -4903.427920238763, -4904.885128214887, -4906.396615393399, -4910.656953854059, -4916.291258468653, -4921.4621326217875, -4926.91591935961]]
04/05/2022 16:10:40 PM - INFO - sample List of time: [[179539, 179633, 179650, 179669, 179685, 179705, 179721, 179786, 179806, 179860, 179873, 179892, 179908, 179924, 179940, 179956, 179974, 179990, 180007, 180041]]
04/05/2022 16:10:40 PM - INFO - update trend: [0.10940440174785297]
04/05/2022 16:10:40 PM - INFO - estimateQueueDelayDuration [26.257056419484712] = queueDelayDelta [0.4376176069914119] * numCount[1001]
04/05/2022 16:10:40 PM - INFO - [in this interval] signal is [Signal.NORMAL]
04/05/2022 16:10:40 PM - INFO - [in this interval] adaptiveThresholdGamma is [77.75329890499283]
04/05/2022 16:10:40 PM - INFO - [in this interval] state is [State.INCREASE]
04/05/2022 16:10:40 PM - INFO - [in this interval] now real rate is [0.58040081799591]mbps
04/05/2022 16:10:40 PM - INFO - [in this interval] now real rtt is [4010]
04/05/2022 16:10:40 PM - INFO - [in this interval] aimd control rate is [0.7686107445848369] mbps
04/05/2022 16:10:40 PM - INFO - [in this interval] delay-rate is [0.7686107445848369] mbps
04/05/2022 16:10:40 PM - INFO - average delay [1808.25]
04/05/2022 16:10:40 PM - INFO - average delay [1798.0]
04/05/2022 16:10:40 PM - INFO - average delay [1784.0]
04/05/2022 16:10:40 PM - INFO - average delay [1741.6666666666667]
04/05/2022 16:10:40 PM - INFO - nowTs is [180589], lastTs is [180336]
04/05/2022 16:10:40 PM - INFO - [in this interval] loss-ratio is [0.23529411764705882]
04/05/2022 16:10:40 PM - INFO - [in this interval] group num is [12]
04/05/2022 16:10:40 PM - INFO - [in this interval] delayDelta from group is [[19, 1, -34, -13, -8, -12, -19, -14, -20, -19, -14]]
04/05/2022 16:10:40 PM - INFO - sample List of accDelay : [[-4906.02212375156, -4903.919911376404, -4903.427920238763, -4904.885128214887, -4906.396615393399, -4910.656953854059, -4916.291258468653, -4921.4621326217875, -4926.91591935961, -4929.924327423649, -4932.531894681284, -4938.278705213156, -4944.750834691841, -4951.375751222657, -4958.538176100391, -4966.884358490352, -4975.795922641317, -4985.816330377185, -4996.734697339467, -5007.96122760552]]
04/05/2022 16:10:40 PM - INFO - sample List of time: [[179892, 179908, 179924, 179940, 179956, 179974, 179990, 180007, 180041, 180084, 180128, 180149, 180170, 180192, 180214, 180237, 180253, 180269, 180284, 180300]]
04/05/2022 16:10:40 PM - INFO - update trend: [-0.22589983428486446]
04/05/2022 16:10:40 PM - INFO - estimateQueueDelayDuration [-54.21596022836747] = queueDelayDelta [-0.9035993371394578] * numCount[1000]
04/05/2022 16:10:40 PM - INFO - [in this interval] signal is [Signal.NORMAL]
04/05/2022 16:10:40 PM - INFO - [in this interval] adaptiveThresholdGamma is [77.32962680881357]
04/05/2022 16:10:40 PM - INFO - [in this interval] state is [State.INCREASE]
04/05/2022 16:10:40 PM - INFO - [in this interval] now real rate is [0.5664939271255061]mbps
04/05/2022 16:10:40 PM - INFO - [in this interval] now real rtt is [3716]
04/05/2022 16:10:40 PM - INFO - [in this interval] aimd control rate is [0.7728808042769749] mbps
04/05/2022 16:10:40 PM - INFO - [in this interval] delay-rate is [0.7728808042769749] mbps
04/05/2022 16:10:40 PM - INFO - average delay [1683.0]
04/05/2022 16:10:40 PM - INFO - average delay [1612.5]
04/05/2022 16:10:40 PM - INFO - average delay [1562.5]
04/05/2022 16:10:40 PM - INFO - average delay [1544.5]
04/05/2022 16:10:40 PM - INFO - nowTs is [180830], lastTs is [180589]
04/05/2022 16:10:40 PM - INFO - [in this interval] loss-ratio is [0.0]
04/05/2022 16:10:40 PM - INFO - [in this interval] group num is [11]
04/05/2022 16:10:40 PM - INFO - [in this interval] delayDelta from group is [[-19, -13, -19, -18, -13, -18, 7, 9, -1, 21]]
04/05/2022 16:10:40 PM - INFO - sample List of accDelay : [[-4932.531894681284, -4938.278705213156, -4944.750834691841, -4951.375751222657, -4958.538176100391, -4966.884358490352, -4975.795922641317, -4985.816330377185, -4996.734697339467, -5007.96122760552, -5019.965104844969, -5032.068594360471, -5044.861734924424, -5058.175561431982, -5071.458005288783, -5085.212204759905, -5096.890984283915, -5106.501885855524, -5115.251697269971, -5121.026527542975]]
04/05/2022 16:10:40 PM - INFO - sample List of time: [[180128, 180149, 180170, 180192, 180214, 180237, 180253, 180269, 180284, 180300, 180331, 180347, 180364, 180380, 180397, 180414, 180431, 180453, 180482, 180511]]
04/05/2022 16:10:40 PM - INFO - update trend: [-0.5549852620586699]
04/05/2022 16:10:40 PM - INFO - estimateQueueDelayDuration [-133.19646289408078] = queueDelayDelta [-2.2199410482346797] * numCount[1000]
04/05/2022 16:10:40 PM - INFO - [in this interval] signal is [Signal.UNDER_USE]
04/05/2022 16:10:40 PM - INFO - [in this interval] adaptiveThresholdGamma is [77.32962680881357]
04/05/2022 16:10:40 PM - INFO - [in this interval] state is [State.HOLD]
04/05/2022 16:10:40 PM - INFO - [in this interval] now real rate is [0.5386558704453441]mbps
04/05/2022 16:10:40 PM - INFO - [in this interval] now real rtt is [3548]
04/05/2022 16:10:40 PM - INFO - [in this interval] aimd control rate is [0.7728808042769749] mbps
04/05/2022 16:10:40 PM - INFO - [in this interval] delay-rate is [0.7728808042769749] mbps
04/05/2022 16:10:40 PM - INFO - average delay [1561.25]
04/05/2022 16:10:40 PM - INFO - average delay [1599.0]
04/05/2022 16:10:40 PM - INFO - average delay [1618.25]
04/05/2022 16:10:40 PM - INFO - average delay [1642.6666666666667]
04/05/2022 16:10:40 PM - INFO - nowTs is [181064], lastTs is [180830]
04/05/2022 16:10:40 PM - INFO - [in this interval] loss-ratio is [0.0]
04/05/2022 16:10:40 PM - INFO - [in this interval] group num is [5]
04/05/2022 16:10:40 PM - INFO - [in this interval] delayDelta from group is [[11, 19, 19, -9]]
04/05/2022 16:10:40 PM - INFO - sample List of accDelay : [[-4958.538176100391, -4966.884358490352, -4975.795922641317, -4985.816330377185, -4996.734697339467, -5007.96122760552, -5019.965104844969, -5032.068594360471, -5044.861734924424, -5058.175561431982, -5071.458005288783, -5085.212204759905, -5096.890984283915, -5106.501885855524, -5115.251697269971, -5121.026527542975, -5125.123874788677, -5126.91148730981, -5126.6203385788285, -5127.258304720946]]
04/05/2022 16:10:40 PM - INFO - sample List of time: [[180214, 180237, 180253, 180269, 180284, 180300, 180331, 180347, 180364, 180380, 180397, 180414, 180431, 180453, 180482, 180511, 180621, 180662, 180711, 180765]]
04/05/2022 16:10:40 PM - INFO - update trend: [-0.33807493268286515]
04/05/2022 16:10:40 PM - INFO - estimateQueueDelayDuration [-81.13798384388764] = queueDelayDelta [-1.3522997307314606] * numCount[1000]
04/05/2022 16:10:40 PM - INFO - [in this interval] signal is [Signal.UNDER_USE]
04/05/2022 16:10:40 PM - INFO - [in this interval] adaptiveThresholdGamma is [81.13798384388764]
04/05/2022 16:10:40 PM - INFO - [in this interval] state is [State.HOLD]
04/05/2022 16:10:40 PM - INFO - [in this interval] now real rate is [0.45323014256619143]mbps
04/05/2022 16:10:40 PM - INFO - [in this interval] now real rtt is [3726]
04/05/2022 16:10:40 PM - INFO - [in this interval] aimd control rate is [0.7728808042769749] mbps
04/05/2022 16:10:40 PM - INFO - [in this interval] delay-rate is [0.7728808042769749] mbps
04/05/2022 16:10:40 PM - INFO - average delay [1660.3333333333333]
04/05/2022 16:10:40 PM - INFO - average delay [1690.3333333333333]
04/05/2022 16:10:40 PM - INFO - average delay [1686.25]
04/05/2022 16:10:40 PM - INFO - average delay [1686.5]
04/05/2022 16:10:40 PM - INFO - nowTs is [181300], lastTs is [181064]
04/05/2022 16:10:40 PM - INFO - [in this interval] loss-ratio is [0.0]
04/05/2022 16:10:40 PM - INFO - [in this interval] group num is [7]
04/05/2022 16:10:40 PM - INFO - [in this interval] delayDelta from group is [[11, -2, -7, 3, 0, 1]]
04/05/2022 16:10:40 PM - INFO - sample List of accDelay : [[-5019.965104844969, -5032.068594360471, -5044.861734924424, -5058.175561431982, -5071.458005288783, -5085.212204759905, -5096.890984283915, -5106.501885855524, -5115.251697269971, -5121.026527542975, -5125.123874788677, -5126.91148730981, -5126.6203385788285, -5127.258304720946, -5126.732474248852, -5126.459226823967, -5126.91330414157, -5127.021973727413, -5127.119776354672, -5127.107798719205]]
04/05/2022 16:10:40 PM - INFO - sample List of time: [[180331, 180347, 180364, 180380, 180397, 180414, 180431, 180453, 180482, 180511, 180621, 180662, 180711, 180765, 180816, 180857, 180890, 180923, 180956, 180991]]
04/05/2022 16:10:40 PM - INFO - update trend: [-0.12307816234361466]
04/05/2022 16:10:40 PM - INFO - estimateQueueDelayDuration [-29.53875896246752] = queueDelayDelta [-0.4923126493744586] * numCount[1000]
04/05/2022 16:10:40 PM - INFO - [in this interval] signal is [Signal.NORMAL]
04/05/2022 16:10:40 PM - INFO - [in this interval] adaptiveThresholdGamma is [80.20919779602208]
04/05/2022 16:10:40 PM - INFO - [in this interval] state is [State.INCREASE]
04/05/2022 16:10:40 PM - INFO - [in this interval] now real rate is [0.40277484787018253]mbps
04/05/2022 16:10:40 PM - INFO - [in this interval] now real rtt is [3788]
04/05/2022 16:10:40 PM - INFO - [in this interval] aimd control rate is [0.777174586522958] mbps
04/05/2022 16:10:40 PM - INFO - [in this interval] delay-rate is [0.777174586522958] mbps
04/05/2022 16:10:40 PM - INFO - average delay [1687.25]
04/05/2022 16:10:40 PM - INFO - average delay [1685.0]
04/05/2022 16:10:40 PM - INFO - average delay [1674.0]
04/05/2022 16:10:40 PM - INFO - average delay [1663.8]
04/05/2022 16:10:40 PM - INFO - nowTs is [181544], lastTs is [181300]
04/05/2022 16:10:40 PM - INFO - [in this interval] loss-ratio is [0.0]
04/05/2022 16:10:40 PM - INFO - [in this interval] group num is [8]
04/05/2022 16:10:40 PM - INFO - [in this interval] delayDelta from group is [[-7, -7, -2, -6, -7, -2, 8]]
04/05/2022 16:10:40 PM - INFO - sample List of accDelay : [[-5106.501885855524, -5115.251697269971, -5121.026527542975, -5125.123874788677, -5126.91148730981, -5126.6203385788285, -5127.258304720946, -5126.732474248852, -5126.459226823967, -5126.91330414157, -5127.021973727413, -5127.119776354672, -5127.107798719205, -5127.797018847284, -5129.1173169625545, -5130.505585266299, -5132.355026739669, -5134.719524065702, -5137.047571659132, -5138.342814493219]]
04/05/2022 16:10:40 PM - INFO - sample List of time: [[180453, 180482, 180511, 180621, 180662, 180711, 180765, 180816, 180857, 180890, 180923, 180956, 180991, 181059, 181087, 181115, 181143, 181172, 181200, 181228]]
04/05/2022 16:10:40 PM - INFO - update trend: [-0.02440391272854305]
04/05/2022 16:10:40 PM - INFO - estimateQueueDelayDuration [-5.856939054850332] = queueDelayDelta [-0.0976156509141722] * numCount[1001]
04/05/2022 16:10:40 PM - INFO - [in this interval] signal is [Signal.NORMAL]
04/05/2022 16:10:40 PM - INFO - [in this interval] adaptiveThresholdGamma is [78.87085713868099]
04/05/2022 16:10:40 PM - INFO - [in this interval] state is [State.INCREASE]
04/05/2022 16:10:40 PM - INFO - [in this interval] now real rate is [0.55765]mbps
04/05/2022 16:10:40 PM - INFO - [in this interval] now real rtt is [3746]
04/05/2022 16:10:40 PM - INFO - [in this interval] aimd control rate is [0.7814922231147522] mbps
04/05/2022 16:10:40 PM - INFO - [in this interval] delay-rate is [0.7814922231147522] mbps
04/05/2022 16:10:40 PM - INFO - average delay [1662.75]
04/05/2022 16:10:40 PM - INFO - average delay [1673.6666666666667]
04/05/2022 16:10:40 PM - INFO - average delay [1672.0]
04/05/2022 16:10:40 PM - INFO - average delay [1687.6666666666667]
04/05/2022 16:10:40 PM - INFO - nowTs is [181785], lastTs is [181544]
04/05/2022 16:10:40 PM - INFO - [in this interval] loss-ratio is [0.21428571428571427]
04/05/2022 16:10:40 PM - INFO - [in this interval] group num is [7]
04/05/2022 16:10:40 PM - INFO - [in this interval] delayDelta from group is [[-3, 3, 22, 2, 15, 0]]
04/05/2022 16:10:40 PM - INFO - sample List of accDelay : [[-5127.258304720946, -5126.732474248852, -5126.459226823967, -5126.91330414157, -5127.021973727413, -5127.119776354672, -5127.107798719205, -5127.797018847284, -5129.1173169625545, -5130.505585266299, -5132.355026739669, -5134.719524065702, -5137.047571659132, -5138.342814493219, -5139.808533043897, -5140.827679739507, -5139.544911765557, -5138.190420589002, -5135.471378530103, -5133.024240677092]]
04/05/2022 16:10:40 PM - INFO - sample List of time: [[180765, 180816, 180857, 180890, 180923, 180956, 180991, 181059, 181087, 181115, 181143, 181172, 181200, 181228, 181313, 181335, 181378, 181440, 181462, 181487]]
04/05/2022 16:10:40 PM - INFO - update trend: [-0.019730979455296328]
04/05/2022 16:10:40 PM - INFO - estimateQueueDelayDuration [-4.7354350692711185] = queueDelayDelta [-0.07892391782118531] * numCount[1001]
04/05/2022 16:10:40 PM - INFO - [in this interval] signal is [Signal.NORMAL]
04/05/2022 16:10:40 PM - INFO - [in this interval] adaptiveThresholdGamma is [77.53641954143161]
04/05/2022 16:10:40 PM - INFO - [in this interval] state is [State.INCREASE]
04/05/2022 16:10:40 PM - INFO - [in this interval] now real rate is [0.563101030927835]mbps
04/05/2022 16:10:40 PM - INFO - [in this interval] now real rtt is [3838]
04/05/2022 16:10:40 PM - INFO - [in this interval] aimd control rate is [0.7858338465765008] mbps
04/05/2022 16:10:40 PM - INFO - [in this interval] delay-rate is [0.7858338465765008] mbps
04/05/2022 16:10:40 PM - INFO - average delay [1714.0]
04/05/2022 16:10:40 PM - INFO - average delay [1717.5]
04/05/2022 16:10:40 PM - INFO - average delay [1738.3333333333333]
04/05/2022 16:10:40 PM - INFO - average delay [1761.0]
04/05/2022 16:10:40 PM - INFO - nowTs is [182033], lastTs is [181785]
04/05/2022 16:10:40 PM - INFO - [in this interval] loss-ratio is [0.42857142857142855]
04/05/2022 16:10:40 PM - INFO - [in this interval] group num is [5]
04/05/2022 16:10:40 PM - INFO - [in this interval] delayDelta from group is [[19, 33, 32, 6]]
04/05/2022 16:10:40 PM - INFO - sample List of accDelay : [[-5127.021973727413, -5127.119776354672, -5127.107798719205, -5127.797018847284, -5129.1173169625545, -5130.505585266299, -5132.355026739669, -5134.719524065702, -5137.047571659132, -5138.342814493219, -5139.808533043897, -5140.827679739507, -5139.544911765557, -5138.190420589002, -5135.471378530103, -5133.024240677092, -5128.921816609383, -5121.929634948445, -5112.4366714536, -5103.29300430824]]
04/05/2022 16:10:40 PM - INFO - sample List of time: [[180923, 180956, 180991, 181059, 181087, 181115, 181143, 181172, 181200, 181228, 181313, 181335, 181378, 181440, 181462, 181487, 181560, 181609, 181677, 181719]]
04/05/2022 16:10:40 PM - INFO - update trend: [0.013731341529973616]
04/05/2022 16:10:40 PM - INFO - estimateQueueDelayDuration [3.2955219671936677] = queueDelayDelta [0.054925366119894466] * numCount[1001]
04/05/2022 16:10:40 PM - INFO - [in this interval] signal is [Signal.NORMAL]
04/05/2022 16:10:40 PM - INFO - [in this interval] adaptiveThresholdGamma is [76.20008338509533]
04/05/2022 16:10:40 PM - INFO - [in this interval] state is [State.INCREASE]
04/05/2022 16:10:40 PM - INFO - [in this interval] now real rate is [0.4111411042944785]mbps
04/05/2022 16:10:40 PM - INFO - [in this interval] now real rtt is [4034]
04/05/2022 16:10:40 PM - INFO - [in this interval] aimd control rate is [0.7901995901685925] mbps
04/05/2022 16:10:40 PM - INFO - [in this interval] delay-rate is [0.7901995901685925] mbps
04/05/2022 16:10:40 PM - INFO - average delay [1814.0]
04/05/2022 16:10:40 PM - INFO - average delay [1840.0]
04/05/2022 16:10:40 PM - INFO - average delay [1839.5]
04/05/2022 16:10:40 PM - INFO - average delay [1819.0]
04/05/2022 16:10:40 PM - INFO - nowTs is [182269], lastTs is [182033]
04/05/2022 16:10:40 PM - INFO - [in this interval] loss-ratio is [0.1]
04/05/2022 16:10:40 PM - INFO - [in this interval] group num is [8]
04/05/2022 16:10:40 PM - INFO - [in this interval] delayDelta from group is [[5, -11, -5, -10, -10, 1, 28]]
04/05/2022 16:10:40 PM - INFO - sample List of accDelay : [[-5134.719524065702, -5137.047571659132, -5138.342814493219, -5139.808533043897, -5140.827679739507, -5139.544911765557, -5138.190420589002, -5135.471378530103, -5133.024240677092, -5128.921816609383, -5121.929634948445, -5112.4366714536, -5103.29300430824, -5094.563703877417, -5087.807333489675, -5082.226600140708, -5078.2039401266375, -5075.583546113974, -5073.125191502577, -5068.112672352319]]
04/05/2022 16:10:40 PM - INFO - sample List of time: [[181172, 181200, 181228, 181313, 181335, 181378, 181440, 181462, 181487, 181560, 181609, 181677, 181719, 181798, 181838, 181862, 181887, 181912, 181937, 181958]]
04/05/2022 16:10:40 PM - INFO - update trend: [0.09605989452892735]
04/05/2022 16:10:40 PM - INFO - estimateQueueDelayDuration [23.054374686942566] = queueDelayDelta [0.3842395781157094] * numCount[1000]
04/05/2022 16:10:40 PM - INFO - [in this interval] signal is [Signal.NORMAL]
04/05/2022 16:10:40 PM - INFO - [in this interval] adaptiveThresholdGamma is [75.24346062852858]
04/05/2022 16:10:40 PM - INFO - [in this interval] state is [State.INCREASE]
04/05/2022 16:10:40 PM - INFO - [in this interval] now real rate is [0.3766280991735537]mbps
04/05/2022 16:10:40 PM - INFO - [in this interval] now real rtt is [4076]
04/05/2022 16:10:40 PM - INFO - [in this interval] aimd control rate is [0.7945895878917513] mbps
04/05/2022 16:10:40 PM - INFO - [in this interval] delay-rate is [0.7945895878917513] mbps
04/05/2022 16:10:40 PM - INFO - average delay [1819.0]
04/05/2022 16:10:40 PM - INFO - average delay [1838.0]
04/05/2022 16:10:40 PM - INFO - average delay [1854.25]
04/05/2022 16:10:40 PM - INFO - average delay [1871.6666666666665]
04/05/2022 16:10:40 PM - INFO - nowTs is [182513], lastTs is [182269]
04/05/2022 16:10:40 PM - INFO - [in this interval] loss-ratio is [0.0]
04/05/2022 16:10:40 PM - INFO - [in this interval] group num is [5]
04/05/2022 16:10:40 PM - INFO - [in this interval] delayDelta from group is [[17, 15, 17, 10]]
04/05/2022 16:10:40 PM - INFO - sample List of accDelay : [[-5140.827679739507, -5139.544911765557, -5138.190420589002, -5135.471378530103, -5133.024240677092, -5128.921816609383, -5121.929634948445, -5112.4366714536, -5103.29300430824, -5094.563703877417, -5087.807333489675, -5082.226600140708, -5078.2039401266375, -5075.583546113974, -5073.125191502577, -5068.112672352319, -5061.901405117087, -5054.811264605378, -5046.73013814484, -5038.457124330355]]
04/05/2022 16:10:40 PM - INFO - sample List of time: [[181335, 181378, 181440, 181462, 181487, 181560, 181609, 181677, 181719, 181798, 181838, 181862, 181887, 181912, 181937, 181958, 182046, 182103, 182143, 182200]]
04/05/2022 16:10:40 PM - INFO - update trend: [0.12653531258457146]
04/05/2022 16:10:40 PM - INFO - estimateQueueDelayDuration [30.36847502029715] = queueDelayDelta [0.5061412503382858] * numCount[1000]
04/05/2022 16:10:40 PM - INFO - [in this interval] signal is [Signal.NORMAL]
04/05/2022 16:10:40 PM - INFO - [in this interval] adaptiveThresholdGamma is [74.43571088758041]
04/05/2022 16:10:40 PM - INFO - [in this interval] state is [State.INCREASE]
04/05/2022 16:10:40 PM - INFO - [in this interval] now real rate is [0.4724166666666667]mbps
04/05/2022 16:10:40 PM - INFO - [in this interval] now real rtt is [4214]
04/05/2022 16:10:40 PM - INFO - [in this interval] aimd control rate is [0.7990039744911499] mbps
04/05/2022 16:10:40 PM - INFO - [in this interval] delay-rate is [0.7990039744911499] mbps
04/05/2022 16:10:40 PM - INFO - average delay [1895.0]
04/05/2022 16:10:40 PM - INFO - average delay [1906.6666666666665]
04/05/2022 16:10:40 PM - INFO - average delay [1916.25]
04/05/2022 16:10:40 PM - INFO - average delay [1911.25]
04/05/2022 16:10:40 PM - INFO - nowTs is [182751], lastTs is [182513]
04/05/2022 16:10:40 PM - INFO - [in this interval] loss-ratio is [0.25]
04/05/2022 16:10:40 PM - INFO - [in this interval] group num is [9]
04/05/2022 16:10:40 PM - INFO - [in this interval] delayDelta from group is [[2, 3, 4, 3, -33, -15, -19, -15]]
04/05/2022 16:10:40 PM - INFO - sample List of accDelay : [[-5103.29300430824, -5094.563703877417, -5087.807333489675, -5082.226600140708, -5078.2039401266375, -5075.583546113974, -5073.125191502577, -5068.112672352319, -5061.901405117087, -5054.811264605378, -5046.73013814484, -5038.457124330355, -5030.81141189732, -5023.630270707587, -5016.767243636828, -5010.290519273146, -5007.761467345831, -5006.985320611248, -5008.186788550123, -5010.768109695111]]
04/05/2022 16:10:40 PM - INFO - sample List of time: [[181719, 181798, 181838, 181862, 181887, 181912, 181937, 181958, 182046, 182103, 182143, 182200, 182278, 182315, 182333, 182352, 182390, 182427, 182437, 182458]]
04/05/2022 16:10:40 PM - INFO - update trend: [0.13454696220612297]
04/05/2022 16:10:40 PM - INFO - estimateQueueDelayDuration [32.29127092946951] = queueDelayDelta [0.5381878488244919] * numCount[1000]
04/05/2022 16:10:40 PM - INFO - [in this interval] signal is [Signal.NORMAL]
04/05/2022 16:10:40 PM - INFO - [in this interval] adaptiveThresholdGamma is [73.67711096833442]
04/05/2022 16:10:40 PM - INFO - [in this interval] state is [State.INCREASE]
04/05/2022 16:10:40 PM - INFO - [in this interval] now real rate is [0.5763485477178423]mbps
04/05/2022 16:10:40 PM - INFO - [in this interval] now real rtt is [4090]
04/05/2022 16:10:40 PM - INFO - [in this interval] aimd control rate is [0.8034428854605452] mbps
04/05/2022 16:10:40 PM - INFO - [in this interval] delay-rate is [0.8034428854605452] mbps
04/05/2022 16:10:40 PM - INFO - average delay [1862.1666666666665]
04/05/2022 16:10:40 PM - INFO - average delay [1812.0]
04/05/2022 16:10:40 PM - INFO - average delay [1731.5714285714287]
04/05/2022 16:10:40 PM - INFO - average delay [1673.0]
04/05/2022 16:10:40 PM - INFO - nowTs is [182993], lastTs is [182751]
04/05/2022 16:10:40 PM - INFO - [in this interval] loss-ratio is [0.16]
04/05/2022 16:10:40 PM - INFO - [in this interval] group num is [13]
04/05/2022 16:10:40 PM - INFO - [in this interval] delayDelta from group is [[-15, -21, -21, -21, -20, -21, -20, -16, -10, -1, 1, -7]]
04/05/2022 16:10:40 PM - INFO - sample List of accDelay : [[-5030.81141189732, -5023.630270707587, -5016.767243636828, -5010.290519273146, -5007.761467345831, -5006.985320611248, -5008.186788550123, -5010.768109695111, -5014.5912987256, -5020.13216885304, -5027.218951967736, -5035.697056770962, -5045.327351093866, -5056.09461598448, -5067.785154386032, -5079.906638947429, -5091.815975052686, -5102.634377547417, -5112.270939792675, -5121.643845813407]]
04/05/2022 16:10:40 PM - INFO - sample List of time: [[182278, 182315, 182333, 182352, 182390, 182427, 182437, 182458, 182497, 182517, 182526, 182535, 182554, 182564, 182573, 182593, 182612, 182632, 182666, 182702]]
04/05/2022 16:10:40 PM - INFO - update trend: [-0.2575795557670394]
04/05/2022 16:10:40 PM - INFO - estimateQueueDelayDuration [-61.819093384089456] = queueDelayDelta [-1.0303182230681576] * numCount[1000]
04/05/2022 16:10:40 PM - INFO - [in this interval] signal is [Signal.NORMAL]
04/05/2022 16:10:40 PM - INFO - [in this interval] adaptiveThresholdGamma is [73.463666651818]
04/05/2022 16:10:40 PM - INFO - [in this interval] state is [State.INCREASE]
04/05/2022 16:10:40 PM - INFO - [in this interval] now real rate is [0.629712]mbps
04/05/2022 16:10:40 PM - INFO - [in this interval] now real rtt is [3724]
04/05/2022 16:10:40 PM - INFO - [in this interval] aimd control rate is [0.807906457046437] mbps
04/05/2022 16:10:40 PM - INFO - [in this interval] delay-rate is [0.807906457046437] mbps
04/05/2022 16:10:40 PM - INFO - average delay [1664.0]
04/05/2022 16:10:40 PM - INFO - average delay [1669.6666666666667]
04/05/2022 16:10:40 PM - INFO - average delay [1669.0]
04/05/2022 16:10:40 PM - INFO - average delay [1675.0]
04/05/2022 16:10:40 PM - INFO - nowTs is [183216], lastTs is [182993]
04/05/2022 16:10:40 PM - INFO - [in this interval] loss-ratio is [0.0]
04/05/2022 16:10:40 PM - INFO - [in this interval] group num is [7]
04/05/2022 16:10:40 PM - INFO - [in this interval] delayDelta from group is [[0, 0, 5, 6, 5, -5]]
04/05/2022 16:10:40 PM - INFO - sample List of accDelay : [[-5008.186788550123, -5010.768109695111, -5014.5912987256, -5020.13216885304, -5027.218951967736, -5035.697056770962, -5045.327351093866, -5056.09461598448, -5067.785154386032, -5079.906638947429, -5091.815975052686, -5102.634377547417, -5112.270939792675, -5121.643845813407, -5130.079461232066, -5137.671515108859, -5144.004363597973, -5149.103927238176, -5153.193534514358, -5157.374181062923]]
04/05/2022 16:10:40 PM - INFO - sample List of time: [[182437, 182458, 182497, 182517, 182526, 182535, 182554, 182564, 182573, 182593, 182612, 182632, 182666, 182702, 182737, 182772, 182807, 182842, 182883, 182923]]
04/05/2022 16:10:40 PM - INFO - update trend: [-0.3550062181993498]
04/05/2022 16:10:40 PM - INFO - estimateQueueDelayDuration [-85.20149236784395] = queueDelayDelta [-1.4200248727973992] * numCount[1000]
04/05/2022 16:10:40 PM - INFO - [in this interval] signal is [Signal.UNDER_USE]
04/05/2022 16:10:40 PM - INFO - [in this interval] adaptiveThresholdGamma is [85.20149236784395]
04/05/2022 16:10:40 PM - INFO - [in this interval] state is [State.HOLD]
04/05/2022 16:10:40 PM - INFO - [in this interval] now real rate is [0.5458909090909091]mbps
04/05/2022 16:10:40 PM - INFO - [in this interval] now real rtt is [3770]
04/05/2022 16:10:40 PM - INFO - [in this interval] aimd control rate is [0.807906457046437] mbps
04/05/2022 16:10:40 PM - INFO - [in this interval] delay-rate is [0.807906457046437] mbps
04/05/2022 16:10:40 PM - INFO - average delay [1683.3333333333333]
04/05/2022 16:10:40 PM - INFO - average delay [1699.6666666666667]
04/05/2022 16:10:40 PM - INFO - average delay [1706.75]
04/05/2022 16:10:40 PM - INFO - average delay [1689.4]
04/05/2022 16:10:40 PM - INFO - nowTs is [183464], lastTs is [183216]
04/05/2022 16:10:40 PM - INFO - [in this interval] loss-ratio is [0.0]
04/05/2022 16:10:40 PM - INFO - [in this interval] group num is [9]
04/05/2022 16:10:40 PM - INFO - [in this interval] delayDelta from group is [[6, 8, -4, -10, -10, -3, -9, -16]]
04/05/2022 16:10:40 PM - INFO - sample List of accDelay : [[-5067.785154386032, -5079.906638947429, -5091.815975052686, -5102.634377547417, -5112.270939792675, -5121.643845813407, -5130.079461232066, -5137.671515108859, -5144.004363597973, -5149.103927238176, -5153.193534514358, -5157.374181062923, -5160.53676295663, -5162.583086660967, -5164.824777994871, -5167.842300195383, -5171.558070175845, -5175.202263158261, -5179.382036842435, -5184.743833158192]]
04/05/2022 16:10:40 PM - INFO - sample List of time: [[182573, 182593, 182612, 182632, 182666, 182702, 182737, 182772, 182807, 182842, 182883, 182923, 182964, 183005, 183048, 183074, 183099, 183124, 183151, 183177]]
04/05/2022 16:10:40 PM - INFO - update trend: [-0.16126033291210773]
04/05/2022 16:10:40 PM - INFO - estimateQueueDelayDuration [-38.70247989890586] = queueDelayDelta [-0.6450413316484309] * numCount[1000]
04/05/2022 16:10:40 PM - INFO - [in this interval] signal is [Signal.NORMAL]
04/05/2022 16:10:40 PM - INFO - [in this interval] adaptiveThresholdGamma is [84.36451014340307]
04/05/2022 16:10:40 PM - INFO - [in this interval] state is [State.INCREASE]
04/05/2022 16:10:40 PM - INFO - [in this interval] now real rate is [0.4798854805725971]mbps
04/05/2022 16:10:40 PM - INFO - [in this interval] now real rtt is [3726]
04/05/2022 16:10:40 PM - INFO - [in this interval] aimd control rate is [0.8123948262522506] mbps
04/05/2022 16:10:40 PM - INFO - [in this interval] delay-rate is [0.8123948262522506] mbps
04/05/2022 16:10:40 PM - INFO - average delay [1676.0]
04/05/2022 16:10:40 PM - INFO - average delay [1662.0]
04/05/2022 16:10:40 PM - INFO - average delay [1656.0]
04/05/2022 16:10:40 PM - INFO - average delay [1633.4]
04/05/2022 16:10:40 PM - INFO - nowTs is [183709], lastTs is [183464]
04/05/2022 16:10:40 PM - INFO - [in this interval] loss-ratio is [0.2]
04/05/2022 16:10:40 PM - INFO - [in this interval] group num is [11]
04/05/2022 16:10:40 PM - INFO - [in this interval] delayDelta from group is [[-3, -2, -7, -6, -11, -4, -11, -19, -28, -42]]
04/05/2022 16:10:40 PM - INFO - sample List of accDelay : [[-5153.193534514358, -5157.374181062923, -5160.53676295663, -5162.583086660967, -5164.824777994871, -5167.842300195383, -5171.558070175845, -5175.202263158261, -5179.382036842435, -5184.743833158192, -5189.869449842372, -5194.682504858135, -5199.714254372321, -5204.842828935089, -5210.55854604158, -5216.1026914374215, -5222.19242229368, -5229.573180064312, -5239.01586205788, -5251.714275852093]]
04/05/2022 16:10:40 PM - INFO - sample List of time: [[182883, 182923, 182964, 183005, 183048, 183074, 183099, 183124, 183151, 183177, 183204, 183231, 183269, 183292, 183316, 183340, 183366, 183390, 183401, 183413]]
04/05/2022 16:10:40 PM - INFO - update trend: [-0.16905046156154796]
04/05/2022 16:10:40 PM - INFO - estimateQueueDelayDuration [-40.57211077477151] = queueDelayDelta [-0.6762018462461918] * numCount[1000]
04/05/2022 16:10:40 PM - INFO - [in this interval] signal is [Signal.NORMAL]
04/05/2022 16:10:40 PM - INFO - [in this interval] adaptiveThresholdGamma is [83.5762469547677]
04/05/2022 16:10:40 PM - INFO - [in this interval] state is [State.INCREASE]
04/05/2022 16:10:40 PM - INFO - [in this interval] now real rate is [0.6304097363083163]mbps
04/05/2022 16:10:40 PM - INFO - [in this interval] now real rtt is [3476]
04/05/2022 16:10:40 PM - INFO - [in this interval] aimd control rate is [0.8169081308425409] mbps
04/05/2022 16:10:40 PM - INFO - [in this interval] delay-rate is [0.8169081308425409] mbps
04/05/2022 16:10:40 PM - INFO - average delay [1584.0]
04/05/2022 16:10:40 PM - INFO - average delay [1539.0]
04/05/2022 16:10:40 PM - INFO - average delay [1560.6666666666667]
04/05/2022 16:10:40 PM - INFO - average delay [1572.3333333333333]
04/05/2022 16:10:40 PM - INFO - nowTs is [183952], lastTs is [183709]
04/05/2022 16:10:40 PM - INFO - [in this interval] loss-ratio is [0.3888888888888889]
04/05/2022 16:10:40 PM - INFO - [in this interval] group num is [9]
04/05/2022 16:10:40 PM - INFO - [in this interval] delayDelta from group is [[5, 13, -3, 10, 8, -10, -6, -14]]
04/05/2022 16:10:40 PM - INFO - sample List of accDelay : [[-5179.382036842435, -5184.743833158192, -5189.869449842372, -5194.682504858135, -5199.714254372321, -5204.842828935089, -5210.55854604158, -5216.1026914374215, -5222.19242229368, -5229.573180064312, -5239.01586205788, -5251.714275852093, -5262.642848266883, -5271.178563440196, -5279.160707096176, -5285.344636386559, -5290.110172747904, -5295.399155473114, -5300.759239925802, -5306.983315933222]]
04/05/2022 16:10:40 PM - INFO - sample List of time: [[183151, 183177, 183204, 183231, 183269, 183292, 183316, 183340, 183366, 183390, 183401, 183413, 183481, 183511, 183534, 183556, 183586, 183609, 183629, 183663]]
04/05/2022 16:10:40 PM - INFO - update trend: [-0.2681539967346471]
04/05/2022 16:10:40 PM - INFO - estimateQueueDelayDuration [-64.35695921631532] = queueDelayDelta [-1.0726159869385885] * numCount[1000]
04/05/2022 16:10:40 PM - INFO - [in this interval] signal is [Signal.NORMAL]
04/05/2022 16:10:40 PM - INFO - [in this interval] adaptiveThresholdGamma is [83.23029977547556]
04/05/2022 16:10:40 PM - INFO - [in this interval] state is [State.INCREASE]
04/05/2022 16:10:40 PM - INFO - [in this interval] now real rate is [0.5638852459016394]mbps
04/05/2022 16:10:40 PM - INFO - [in this interval] now real rtt is [3502]
04/05/2022 16:10:40 PM - INFO - [in this interval] aimd control rate is [0.8214465093472217] mbps
04/05/2022 16:10:40 PM - INFO - [in this interval] delay-rate is [0.8214465093472217] mbps
04/05/2022 16:10:40 PM - INFO - average delay [1560.25]
04/05/2022 16:10:40 PM - INFO - average delay [1560.0]
04/05/2022 16:10:40 PM - INFO - average delay [1555.5]
04/05/2022 16:10:40 PM - INFO - average delay [1555.25]
04/05/2022 16:10:40 PM - INFO - nowTs is [184198], lastTs is [183952]
04/05/2022 16:10:40 PM - INFO - [in this interval] loss-ratio is [0.0]
04/05/2022 16:10:40 PM - INFO - [in this interval] group num is [9]
04/05/2022 16:10:40 PM - INFO - [in this interval] delayDelta from group is [[3, -3, -2, 3, -5, -8, -2, -16]]
04/05/2022 16:10:40 PM - INFO - sample List of accDelay : [[-5222.19242229368, -5229.573180064312, -5239.01586205788, -5251.714275852093, -5262.642848266883, -5271.178563440196, -5279.160707096176, -5285.344636386559, -5290.110172747904, -5295.399155473114, -5300.759239925802, -5306.983315933222, -5312.2849843399, -5317.356485905911, -5322.1208373153195, -5326.108753583788, -5330.197878225409, -5334.678090402868, -5338.910281362581, -5344.319253226324]]
04/05/2022 16:10:40 PM - INFO - sample List of time: [[183366, 183390, 183401, 183413, 183481, 183511, 183534, 183556, 183586, 183609, 183629, 183663, 183695, 183728, 183760, 183793, 183826, 183856, 183883, 183911]]
04/05/2022 16:10:40 PM - INFO - update trend: [-0.21073514862469245]
04/05/2022 16:10:40 PM - INFO - estimateQueueDelayDuration [-50.576435669926184] = queueDelayDelta [-0.8429405944987698] * numCount[1000]
04/05/2022 16:10:40 PM - INFO - [in this interval] signal is [Signal.NORMAL]
04/05/2022 16:10:40 PM - INFO - [in this interval] adaptiveThresholdGamma is [82.64253022157567]
04/05/2022 16:10:40 PM - INFO - [in this interval] state is [State.INCREASE]
04/05/2022 16:10:40 PM - INFO - [in this interval] now real rate is [0.45817586912065444]mbps
04/05/2022 16:10:40 PM - INFO - [in this interval] now real rtt is [3464]
04/05/2022 16:10:40 PM - INFO - [in this interval] aimd control rate is [0.8260101010658174] mbps
04/05/2022 16:10:40 PM - INFO - [in this interval] delay-rate is [0.8260101010658174] mbps
04/05/2022 16:10:40 PM - INFO - average delay [1542.0]
04/05/2022 16:10:40 PM - INFO - average delay [1530.5]
04/05/2022 16:10:40 PM - INFO - average delay [1521.2]
04/05/2022 16:10:40 PM - INFO - average delay [1509.2]
04/05/2022 16:10:40 PM - INFO - nowTs is [184422], lastTs is [184198]
04/05/2022 16:10:40 PM - INFO - [in this interval] loss-ratio is [0.1111111111111111]
04/05/2022 16:10:40 PM - INFO - [in this interval] group num is [9]
04/05/2022 16:10:40 PM - INFO - [in this interval] delayDelta from group is [[-6, -2, -7, -7, -4, -8, 8, 2]]
04/05/2022 16:10:40 PM - INFO - sample List of accDelay : [[-5290.110172747904, -5295.399155473114, -5300.759239925802, -5306.983315933222, -5312.2849843399, -5317.356485905911, -5322.1208373153195, -5326.108753583788, -5330.197878225409, -5334.678090402868, -5338.910281362581, -5344.319253226324, -5349.787327903691, -5354.908595113322, -5360.21773560199, -5365.695962041791, -5371.026365837612, -5376.623729253851, -5380.861356328465, -5384.475220695619]]
04/05/2022 16:10:40 PM - INFO - sample List of time: [[183586, 183609, 183629, 183663, 183695, 183728, 183760, 183793, 183826, 183856, 183883, 183911, 183938, 183967, 183995, 184023, 184051, 184077, 184104, 184122]]
04/05/2022 16:10:40 PM - INFO - update trend: [-0.16920462314848708]
04/05/2022 16:10:40 PM - INFO - estimateQueueDelayDuration [-40.6091095556369] = queueDelayDelta [-0.6768184925939483] * numCount[1000]
04/05/2022 16:10:40 PM - INFO - [in this interval] signal is [Signal.NORMAL]
04/05/2022 16:10:40 PM - INFO - [in this interval] adaptiveThresholdGamma is [81.88592864958878]
04/05/2022 16:10:40 PM - INFO - [in this interval] state is [State.INCREASE]
04/05/2022 16:10:40 PM - INFO - [in this interval] now real rate is [0.5475720164609055]mbps
04/05/2022 16:10:40 PM - INFO - [in this interval] now real rtt is [3432]
04/05/2022 16:10:40 PM - INFO - [in this interval] aimd control rate is [0.8305990460717386] mbps
04/05/2022 16:10:40 PM - INFO - [in this interval] delay-rate is [0.8305990460717386] mbps
04/05/2022 16:10:40 PM - INFO - average delay [1508.2]
04/05/2022 16:10:40 PM - INFO - average delay [1532.8]
04/05/2022 16:10:40 PM - INFO - average delay [1541.6]
04/05/2022 16:10:40 PM - INFO - average delay [1541.2]
04/05/2022 16:10:40 PM - INFO - nowTs is [184667], lastTs is [184422]
04/05/2022 16:10:40 PM - INFO - [in this interval] loss-ratio is [0.0]
04/05/2022 16:10:40 PM - INFO - [in this interval] group num is [10]
04/05/2022 16:10:40 PM - INFO - [in this interval] delayDelta from group is [[3, 9, -7, -3, 2, 2, 13, -3, 11]]
04/05/2022 16:10:40 PM - INFO - sample List of accDelay : [[-5334.678090402868, -5338.910281362581, -5344.319253226324, -5349.787327903691, -5354.908595113322, -5360.21773560199, -5365.695962041791, -5371.026365837612, -5376.623729253851, -5380.861356328465, -5384.475220695619, -5387.427698626057, -5389.184928763451, -5391.466435887106, -5393.819792298395, -5395.7378130685565, -5397.264031761701, -5397.337628585531, -5397.703865726979, -5396.933479154281]]
04/05/2022 16:10:40 PM - INFO - sample List of time: [[183856, 183883, 183911, 183938, 183967, 183995, 184023, 184051, 184077, 184104, 184122, 184197, 184210, 184249, 184277, 184304, 184316, 184328, 184356, 184368]]
04/05/2022 16:10:40 PM - INFO - update trend: [-0.12295964663039839]
04/05/2022 16:10:40 PM - INFO - estimateQueueDelayDuration [-29.510315191295614] = queueDelayDelta [-0.49183858652159357] * numCount[1001]
04/05/2022 16:10:40 PM - INFO - [in this interval] signal is [Signal.NORMAL]
04/05/2022 16:10:40 PM - INFO - [in this interval] adaptiveThresholdGamma is [80.9431676073395]
04/05/2022 16:10:40 PM - INFO - [in this interval] state is [State.INCREASE]
04/05/2022 16:10:40 PM - INFO - [in this interval] now real rate is [0.5933038229376258]mbps
04/05/2022 16:10:40 PM - INFO - [in this interval] now real rtt is [3532]
04/05/2022 16:10:40 PM - INFO - [in this interval] aimd control rate is [0.8352134852165816] mbps
04/05/2022 16:10:40 PM - INFO - [in this interval] delay-rate is [0.8352134852165816] mbps
04/05/2022 16:10:40 PM - INFO - average delay [1557.0]
04/05/2022 16:10:40 PM - INFO - average delay [1566.25]
04/05/2022 16:10:40 PM - INFO - average delay [1560.5]
04/05/2022 16:10:40 PM - INFO - average delay [1553.8]
04/05/2022 16:10:40 PM - INFO - nowTs is [184903], lastTs is [184667]
04/05/2022 16:10:40 PM - INFO - [in this interval] loss-ratio is [0.0]
04/05/2022 16:10:40 PM - INFO - [in this interval] group num is [9]
04/05/2022 16:10:40 PM - INFO - [in this interval] delayDelta from group is [[-3, -3, -3, -1, -6, -5, -1, -15]]
04/05/2022 16:10:40 PM - INFO - sample List of accDelay : [[-5376.623729253851, -5380.861356328465, -5384.475220695619, -5387.427698626057, -5389.184928763451, -5391.466435887106, -5393.819792298395, -5395.7378130685565, -5397.264031761701, -5397.337628585531, -5397.703865726979, -5396.933479154281, -5396.540131238853, -5396.486118114968, -5396.7375063034715, -5397.063755673124, -5397.957380105812, -5399.261642095231, -5400.535477885708, -5403.181930097137]]
04/05/2022 16:10:40 PM - INFO - sample List of time: [[184077, 184104, 184122, 184197, 184210, 184249, 184277, 184304, 184316, 184328, 184356, 184368, 184407, 184434, 184466, 184498, 184527, 184556, 184586, 184615]]
04/05/2022 16:10:40 PM - INFO - update trend: [-0.0379587918397051]
04/05/2022 16:10:40 PM - INFO - estimateQueueDelayDuration [-9.110110041529225] = queueDelayDelta [-0.1518351673588204] * numCount[1001]
04/05/2022 16:10:40 PM - INFO - [in this interval] signal is [Signal.NORMAL]
04/05/2022 16:10:40 PM - INFO - [in this interval] adaptiveThresholdGamma is [79.65017257115493]
04/05/2022 16:10:40 PM - INFO - [in this interval] state is [State.INCREASE]
04/05/2022 16:10:40 PM - INFO - [in this interval] now real rate is [0.5580121212121212]mbps
04/05/2022 16:10:40 PM - INFO - [in this interval] now real rtt is [3474]
04/05/2022 16:10:40 PM - INFO - [in this interval] aimd control rate is [0.8398535601344514] mbps
04/05/2022 16:10:40 PM - INFO - [in this interval] delay-rate is [0.8398535601344514] mbps
04/05/2022 16:10:40 PM - INFO - average delay [1545.4]
04/05/2022 16:10:40 PM - INFO - average delay [1563.5]
04/05/2022 16:10:40 PM - INFO - average delay [1593.5]
04/05/2022 16:10:40 PM - INFO - average delay [1623.5]
04/05/2022 16:10:40 PM - INFO - nowTs is [185142], lastTs is [184903]
04/05/2022 16:10:40 PM - INFO - [in this interval] loss-ratio is [0.0]
04/05/2022 16:10:40 PM - INFO - [in this interval] group num is [5]
04/05/2022 16:10:40 PM - INFO - [in this interval] delayDelta from group is [[27, 33, 28, -10]]
04/05/2022 16:10:40 PM - INFO - sample List of accDelay : [[-5389.184928763451, -5391.466435887106, -5393.819792298395, -5395.7378130685565, -5397.264031761701, -5397.337628585531, -5397.703865726979, -5396.933479154281, -5396.540131238853, -5396.486118114968, -5396.7375063034715, -5397.063755673124, -5397.957380105812, -5399.261642095231, -5400.535477885708, -5403.181930097137, -5402.863737087424, -5399.277363378682, -5393.249627040814, -5388.824664336732]]
04/05/2022 16:10:40 PM - INFO - sample List of time: [[184210, 184249, 184277, 184304, 184316, 184328, 184356, 184368, 184407, 184434, 184466, 184498, 184527, 184556, 184586, 184615, 184661, 184723, 184786, 184849]]
04/05/2022 16:10:40 PM - INFO - update trend: [-0.004640912674279822]
04/05/2022 16:10:40 PM - INFO - estimateQueueDelayDuration [-1.1138190418271572] = queueDelayDelta [-0.018563650697119287] * numCount[1001]
04/05/2022 16:10:40 PM - INFO - [in this interval] signal is [Signal.NORMAL]
04/05/2022 16:10:40 PM - INFO - [in this interval] adaptiveThresholdGamma is [78.23651820762703]
04/05/2022 16:10:40 PM - INFO - [in this interval] state is [State.INCREASE]
04/05/2022 16:10:40 PM - INFO - [in this interval] now real rate is [0.3922617586912065]mbps
04/05/2022 16:10:40 PM - INFO - [in this interval] now real rtt is [3682]
04/05/2022 16:10:40 PM - INFO - [in this interval] aimd control rate is [0.8445194132463095] mbps
04/05/2022 16:10:40 PM - INFO - [in this interval] delay-rate is [0.8445194132463095] mbps
04/05/2022 16:10:40 PM - INFO - average delay [1638.6666666666667]
04/05/2022 16:10:40 PM - INFO - average delay [1657.6666666666667]
04/05/2022 16:10:40 PM - INFO - average delay [1663.0]
04/05/2022 16:10:40 PM - INFO - average delay [1680.0]
04/05/2022 16:10:40 PM - INFO - nowTs is [185388], lastTs is [185142]
04/05/2022 16:10:40 PM - INFO - [in this interval] loss-ratio is [0.0]
04/05/2022 16:10:40 PM - INFO - [in this interval] group num is [7]
04/05/2022 16:10:40 PM - INFO - [in this interval] delayDelta from group is [[10, 5, 6, 12, 7, -9]]
04/05/2022 16:10:40 PM - INFO - sample List of accDelay : [[-5397.703865726979, -5396.933479154281, -5396.540131238853, -5396.486118114968, -5396.7375063034715, -5397.063755673124, -5397.957380105812, -5399.261642095231, -5400.535477885708, -5403.181930097137, -5402.863737087424, -5399.277363378682, -5393.249627040814, -5388.824664336732, -5383.842197903058, -5378.857978112752, -5373.772180301477, -5367.99496227133, -5362.095466044197, -5357.6859194397775]]
04/05/2022 16:10:40 PM - INFO - sample List of time: [[184356, 184368, 184407, 184434, 184466, 184498, 184527, 184556, 184586, 184615, 184661, 184723, 184786, 184849, 184889, 184929, 184969, 185010, 185052, 185094]]
04/05/2022 16:10:40 PM - INFO - update trend: [0.048699006920187415]
04/05/2022 16:10:40 PM - INFO - estimateQueueDelayDuration [11.68776166084498] = queueDelayDelta [0.19479602768074966] * numCount[1001]
04/05/2022 16:10:40 PM - INFO - [in this interval] signal is [Signal.NORMAL]
04/05/2022 16:10:40 PM - INFO - [in this interval] adaptiveThresholdGamma is [77.03864058978495]
04/05/2022 16:10:40 PM - INFO - [in this interval] state is [State.INCREASE]
04/05/2022 16:10:40 PM - INFO - [in this interval] now real rate is [0.329872]mbps
04/05/2022 16:10:40 PM - INFO - [in this interval] now real rtt is [3774]
04/05/2022 16:10:40 PM - INFO - [in this interval] aimd control rate is [0.8492111877643445] mbps
04/05/2022 16:10:40 PM - INFO - [in this interval] delay-rate is [0.8492111877643445] mbps
04/05/2022 16:10:40 PM - INFO - average delay [1687.6666666666667]
04/05/2022 16:10:40 PM - INFO - average delay [1706.0]
04/05/2022 16:10:40 PM - INFO - average delay [1715.3333333333333]
04/05/2022 16:10:40 PM - INFO - average delay [1711.0]
04/05/2022 16:10:40 PM - INFO - nowTs is [185626], lastTs is [185388]
04/05/2022 16:10:40 PM - INFO - [in this interval] loss-ratio is [0.0]
04/05/2022 16:10:40 PM - INFO - [in this interval] group num is [9]
04/05/2022 16:10:40 PM - INFO - [in this interval] delayDelta from group is [[13, 7, -2, -6, -10, -7, 9, -7]]
04/05/2022 16:10:40 PM - INFO - sample List of accDelay : [[-5400.535477885708, -5403.181930097137, -5402.863737087424, -5399.277363378682, -5393.249627040814, -5388.824664336732, -5383.842197903058, -5378.857978112752, -5373.772180301477, -5367.99496227133, -5362.095466044197, -5357.6859194397775, -5352.4173274958, -5346.975594746221, -5342.278035271599, -5338.650231744439, -5336.385208569995, -5335.046687712996, -5332.942018941696, -5331.747817047526]]
04/05/2022 16:10:40 PM - INFO - sample List of time: [[184586, 184615, 184661, 184723, 184786, 184849, 184889, 184929, 184969, 185010, 185052, 185094, 185136, 185179, 185221, 185254, 185278, 185303, 185316, 185340]]
04/05/2022 16:10:40 PM - INFO - update trend: [0.10457005671891595]
04/05/2022 16:10:40 PM - INFO - estimateQueueDelayDuration [25.096813612539826] = queueDelayDelta [0.4182802268756638] * numCount[1001]
04/05/2022 16:10:40 PM - INFO - [in this interval] signal is [Signal.NORMAL]
04/05/2022 16:10:40 PM - INFO - [in this interval] adaptiveThresholdGamma is [76.10368770419454]
04/05/2022 16:10:40 PM - INFO - [in this interval] state is [State.INCREASE]
04/05/2022 16:10:40 PM - INFO - [in this interval] now real rate is [0.44841322314049586]mbps
04/05/2022 16:10:40 PM - INFO - [in this interval] now real rtt is [3800]
04/05/2022 16:10:40 PM - INFO - [in this interval] aimd control rate is [0.8539290276963686] mbps
04/05/2022 16:10:40 PM - INFO - [in this interval] delay-rate is [0.8539290276963686] mbps
04/05/2022 16:10:40 PM - INFO - average delay [1702.0]
04/05/2022 16:10:40 PM - INFO - average delay [1721.6]
04/05/2022 16:10:40 PM - INFO - average delay [1740.75]
04/05/2022 16:10:40 PM - INFO - average delay [1765.0]
04/05/2022 16:10:40 PM - INFO - nowTs is [185855], lastTs is [185626]
04/05/2022 16:10:40 PM - INFO - [in this interval] loss-ratio is [0.0]
04/05/2022 16:10:40 PM - INFO - [in this interval] group num is [7]
04/05/2022 16:10:40 PM - INFO - [in this interval] delayDelta from group is [[2, 20, 9, 15, 13, 0]]
04/05/2022 16:10:40 PM - INFO - sample List of accDelay : [[-5383.842197903058, -5378.857978112752, -5373.772180301477, -5367.99496227133, -5362.095466044197, -5357.6859194397775, -5352.4173274958, -5346.975594746221, -5342.278035271599, -5338.650231744439, -5336.385208569995, -5335.046687712996, -5332.942018941696, -5331.747817047526, -5330.473035342773, -5327.325731808495, -5323.593158627646, -5318.733842764881, -5313.060458488393, -5307.954412639554]]
04/05/2022 16:10:40 PM - INFO - sample List of time: [[184889, 184929, 184969, 185010, 185052, 185094, 185136, 185179, 185221, 185254, 185278, 185303, 185316, 185340, 185403, 185415, 185450, 185494, 185539, 185562]]
04/05/2022 16:10:40 PM - INFO - update trend: [0.10586391626262415]
04/05/2022 16:10:40 PM - INFO - estimateQueueDelayDuration [25.407339903029794] = queueDelayDelta [0.4234556650504966] * numCount[1001]
04/05/2022 16:10:40 PM - INFO - [in this interval] signal is [Signal.NORMAL]
04/05/2022 16:10:40 PM - INFO - [in this interval] adaptiveThresholdGamma is [75.19115344377357]
04/05/2022 16:10:40 PM - INFO - [in this interval] state is [State.INCREASE]
04/05/2022 16:10:40 PM - INFO - [in this interval] now real rate is [0.48722950819672134]mbps
04/05/2022 16:10:40 PM - INFO - [in this interval] now real rtt is [3978]
04/05/2022 16:10:40 PM - INFO - [in this interval] aimd control rate is [0.8586730778502374] mbps
04/05/2022 16:10:40 PM - INFO - [in this interval] delay-rate is [0.8586730778502374] mbps
04/05/2022 16:10:40 PM - INFO - average delay [1784.6666666666667]
04/05/2022 16:10:40 PM - INFO - average delay [1802.5]
04/05/2022 16:10:40 PM - INFO - average delay [1808.8333333333333]
04/05/2022 16:10:40 PM - INFO - average delay [1777.142857142857]
04/05/2022 16:10:40 PM - INFO - nowTs is [186102], lastTs is [185855]
04/05/2022 16:10:40 PM - INFO - [in this interval] loss-ratio is [0.045454545454545456]
04/05/2022 16:10:40 PM - INFO - [in this interval] group num is [11]
04/05/2022 16:10:40 PM - INFO - [in this interval] delayDelta from group is [[7, 4, 1, 0, -21, -10, -16, -14, -10, -15]]
04/05/2022 16:10:40 PM - INFO - sample List of accDelay : [[-5336.385208569995, -5335.046687712996, -5332.942018941696, -5331.747817047526, -5330.473035342773, -5327.325731808495, -5323.593158627646, -5318.733842764881, -5313.060458488393, -5307.954412639554, -5302.658971375598, -5297.493074238038, -5292.743766814235, -5288.469390132811, -5286.722451119529, -5286.150206007576, -5287.235185406818, -5289.611666866136, -5292.750500179523, -5297.075450161572]]
04/05/2022 16:10:40 PM - INFO - sample List of time: [[185278, 185303, 185316, 185340, 185403, 185415, 185450, 185494, 185539, 185562, 185603, 185645, 185689, 185700, 185710, 185729, 185749, 185768, 185789, 185809]]
04/05/2022 16:10:40 PM - INFO - update trend: [0.10220149106737617]
04/05/2022 16:10:40 PM - INFO - estimateQueueDelayDuration [24.52835785617028] = queueDelayDelta [0.40880596426950466] * numCount[1001]
04/05/2022 16:10:40 PM - INFO - [in this interval] signal is [Signal.NORMAL]
04/05/2022 16:10:40 PM - INFO - [in this interval] adaptiveThresholdGamma is [74.27922312319672]
04/05/2022 16:10:40 PM - INFO - [in this interval] state is [State.INCREASE]
04/05/2022 16:10:40 PM - INFO - [in this interval] now real rate is [0.5551247443762781]mbps
04/05/2022 16:10:40 PM - INFO - [in this interval] now real rtt is [3862]
04/05/2022 16:10:40 PM - INFO - [in this interval] aimd control rate is [0.8634434838382943] mbps
04/05/2022 16:10:40 PM - INFO - [in this interval] delay-rate is [0.8634434838382943] mbps
04/05/2022 16:10:40 PM - INFO - average delay [1741.6666666666667]
04/05/2022 16:10:40 PM - INFO - average delay [1728.6666666666667]
04/05/2022 16:10:40 PM - INFO - average delay [1743.3333333333333]
04/05/2022 16:10:40 PM - INFO - average delay [1748.3333333333333]
04/05/2022 16:10:40 PM - INFO - nowTs is [186342], lastTs is [186102]
04/05/2022 16:10:40 PM - INFO - [in this interval] loss-ratio is [0.0]
04/05/2022 16:10:40 PM - INFO - [in this interval] group num is [7]
04/05/2022 16:10:40 PM - INFO - [in this interval] delayDelta from group is [[10, 5, 5, 10, -8, -16]]
04/05/2022 16:10:40 PM - INFO - sample List of accDelay : [[-5323.593158627646, -5318.733842764881, -5313.060458488393, -5307.954412639554, -5302.658971375598, -5297.493074238038, -5292.743766814235, -5288.469390132811, -5286.722451119529, -5286.150206007576, -5287.235185406818, -5289.611666866136, -5292.750500179523, -5297.075450161572, -5299.967905145415, -5302.071114630873, -5303.464003167786, -5303.7176028510075, -5304.745842565907, -5307.271258309316]]
04/05/2022 16:10:40 PM - INFO - sample List of time: [[185450, 185494, 185539, 185562, 185603, 185645, 185689, 185700, 185710, 185729, 185749, 185768, 185789, 185809, 185868, 185908, 185948, 185988, 186028, 186055]]
04/05/2022 16:10:40 PM - INFO - update trend: [0.016396202474835298]
04/05/2022 16:10:40 PM - INFO - estimateQueueDelayDuration [3.9350885939604714] = queueDelayDelta [0.06558480989934119] * numCount[1001]
04/05/2022 16:10:40 PM - INFO - [in this interval] signal is [Signal.NORMAL]
04/05/2022 16:10:40 PM - INFO - [in this interval] adaptiveThresholdGamma is [73.01302870167046]
04/05/2022 16:10:40 PM - INFO - [in this interval] state is [State.INCREASE]
04/05/2022 16:10:40 PM - INFO - [in this interval] now real rate is [0.5158932238193019]mbps
04/05/2022 16:10:40 PM - INFO - [in this interval] now real rtt is [3882]
04/05/2022 16:10:40 PM - INFO - [in this interval] aimd control rate is [0.8682403920818403] mbps
04/05/2022 16:10:40 PM - INFO - [in this interval] delay-rate is [0.8682403920818403] mbps
04/05/2022 16:10:40 PM - INFO - average delay [1753.0]
04/05/2022 16:10:40 PM - INFO - average delay [1740.8]
04/05/2022 16:10:40 PM - INFO - average delay [1729.0]
04/05/2022 16:10:40 PM - INFO - average delay [1717.4]
04/05/2022 16:10:40 PM - INFO - nowTs is [186590], lastTs is [186342]
04/05/2022 16:10:40 PM - INFO - [in this interval] loss-ratio is [0.0]
04/05/2022 16:10:40 PM - INFO - [in this interval] group num is [9]
04/05/2022 16:10:40 PM - INFO - [in this interval] delayDelta from group is [[-3, -6, -8, -3, -7, -5, 3, -1]]
04/05/2022 16:10:40 PM - INFO - sample List of accDelay : [[-5286.722451119529, -5286.150206007576, -5287.235185406818, -5289.611666866136, -5292.750500179523, -5297.075450161572, -5299.967905145415, -5302.071114630873, -5303.464003167786, -5303.7176028510075, -5304.745842565907, -5307.271258309316, -5309.844132478385, -5312.759719230547, -5316.183747307492, -5319.565372576743, -5323.308835319069, -5327.177951787162, -5330.360156608445, -5333.324140947601]]
04/05/2022 16:10:40 PM - INFO - sample List of time: [[185710, 185729, 185749, 185768, 185789, 185809, 185868, 185908, 185948, 185988, 186028, 186055, 186082, 186109, 186138, 186165, 186192, 186220, 186250, 186283]]
04/05/2022 16:10:40 PM - INFO - update trend: [-0.07661605695567027]
04/05/2022 16:10:40 PM - INFO - estimateQueueDelayDuration [-18.387853669360865] = queueDelayDelta [-0.30646422782268107] * numCount[1001]
04/05/2022 16:10:40 PM - INFO - [in this interval] signal is [Signal.NORMAL]
04/05/2022 16:10:40 PM - INFO - [in this interval] adaptiveThresholdGamma is [72.02977555108889]
04/05/2022 16:10:40 PM - INFO - [in this interval] state is [State.INCREASE]
04/05/2022 16:10:40 PM - INFO - [in this interval] now real rate is [0.4643694779116466]mbps
04/05/2022 16:10:40 PM - INFO - [in this interval] now real rtt is [3838]
04/05/2022 16:10:40 PM - INFO - [in this interval] aimd control rate is [0.8718580603821813] mbps
04/05/2022 16:10:40 PM - INFO - [in this interval] delay-rate is [0.8718580603821813] mbps
04/05/2022 16:10:40 PM - INFO - average delay [1713.75]
04/05/2022 16:10:40 PM - INFO - average delay [1710.6666666666667]
04/05/2022 16:10:40 PM - INFO - average delay [1725.3333333333333]
04/05/2022 16:10:40 PM - INFO - average delay [1753.0]
04/05/2022 16:10:40 PM - INFO - nowTs is [186834], lastTs is [186590]
04/05/2022 16:10:40 PM - INFO - [in this interval] loss-ratio is [0.0]
04/05/2022 16:10:40 PM - INFO - [in this interval] group num is [7]
04/05/2022 16:10:40 PM - INFO - [in this interval] delayDelta from group is [[4, 17, 15, 35, 15, 15]]
04/05/2022 16:10:40 PM - INFO - sample List of accDelay : [[-5299.967905145415, -5302.071114630873, -5303.464003167786, -5303.7176028510075, -5304.745842565907, -5307.271258309316, -5309.844132478385, -5312.759719230547, -5316.183747307492, -5319.565372576743, -5323.308835319069, -5327.177951787162, -5330.360156608445, -5333.324140947601, -5335.591726852841, -5335.932554167557, -5334.739298750801, -5330.165368875721, -5324.548831988148, -5317.9939487893325]]
04/05/2022 16:10:40 PM - INFO - sample List of time: [[185868, 185908, 185948, 185988, 186028, 186055, 186082, 186109, 186138, 186165, 186192, 186220, 186250, 186283, 186350, 186384, 186436, 186461, 186511, 186536]]
04/05/2022 16:10:40 PM - INFO - update trend: [-0.051015543248339276]
04/05/2022 16:10:40 PM - INFO - estimateQueueDelayDuration [-12.243730379601427] = queueDelayDelta [-0.2040621729933571] * numCount[1001]
04/05/2022 16:10:40 PM - INFO - [in this interval] signal is [Signal.NORMAL]
04/05/2022 16:10:40 PM - INFO - [in this interval] adaptiveThresholdGamma is [70.95362673800211]
04/05/2022 16:10:40 PM - INFO - [in this interval] state is [State.INCREASE]
04/05/2022 16:10:40 PM - INFO - [in this interval] now real rate is [0.49242276422764225]mbps
04/05/2022 16:10:40 PM - INFO - [in this interval] now real rtt is [4036]
04/05/2022 16:10:40 PM - INFO - [in this interval] aimd control rate is [0.8754908023004404] mbps
04/05/2022 16:10:40 PM - INFO - [in this interval] delay-rate is [0.8754908023004404] mbps
04/05/2022 16:10:40 PM - INFO - average delay [1803.0]
04/05/2022 16:10:40 PM - INFO - average delay [1829.3333333333333]
04/05/2022 16:10:40 PM - INFO - average delay [1799.5]
04/05/2022 16:10:40 PM - INFO - average delay [1748.0]
04/05/2022 16:10:40 PM - INFO - nowTs is [187058], lastTs is [186834]
04/05/2022 16:10:40 PM - INFO - [in this interval] loss-ratio is [0.0]
04/05/2022 16:10:40 PM - INFO - [in this interval] group num is [9]
04/05/2022 16:10:40 PM - INFO - [in this interval] delayDelta from group is [[-16, -16, -14, -18, -17, -3, -4, 1]]
04/05/2022 16:10:40 PM - INFO - sample List of accDelay : [[-5316.183747307492, -5319.565372576743, -5323.308835319069, -5327.177951787162, -5330.360156608445, -5333.324140947601, -5335.591726852841, -5335.932554167557, -5334.739298750801, -5330.165368875721, -5324.548831988148, -5317.9939487893325, -5313.694553910399, -5311.425098519359, -5310.782588667424, -5312.004329800681, -5314.803896820613, -5317.623507138552, -5320.5611564246965, -5323.105040782228]]
04/05/2022 16:10:40 PM - INFO - sample List of time: [[186138, 186165, 186192, 186220, 186250, 186283, 186350, 186384, 186436, 186461, 186511, 186536, 186597, 186616, 186635, 186651, 186668, 186686, 186713, 186749]]
04/05/2022 16:10:40 PM - INFO - update trend: [0.01937678997843499]
04/05/2022 16:10:40 PM - INFO - estimateQueueDelayDuration [4.650429594824398] = queueDelayDelta [0.07750715991373996] * numCount[1001]
04/05/2022 16:10:40 PM - INFO - [in this interval] signal is [Signal.NORMAL]
04/05/2022 16:10:40 PM - INFO - [in this interval] adaptiveThresholdGamma is [69.76016918942491]
04/05/2022 16:10:40 PM - INFO - [in this interval] state is [State.INCREASE]
04/05/2022 16:10:40 PM - INFO - [in this interval] now real rate is [0.4853443298969072]mbps
04/05/2022 16:10:40 PM - INFO - [in this interval] now real rtt is [3904]
04/05/2022 16:10:40 PM - INFO - [in this interval] aimd control rate is [0.8791386806433589] mbps
04/05/2022 16:10:40 PM - INFO - [in this interval] delay-rate is [0.8791386806433589] mbps
04/05/2022 16:10:40 PM - INFO - average delay [1745.0]
04/05/2022 16:10:40 PM - INFO - average delay [1752.0]
04/05/2022 16:10:40 PM - INFO - average delay [1733.0]
04/05/2022 16:10:40 PM - INFO - average delay [1715.5]
04/05/2022 16:10:40 PM - INFO - nowTs is [187307], lastTs is [187058]
04/05/2022 16:10:40 PM - INFO - [in this interval] loss-ratio is [0.16666666666666666]
04/05/2022 16:10:40 PM - INFO - [in this interval] group num is [8]
04/05/2022 16:10:40 PM - INFO - [in this interval] delayDelta from group is [[0, -3, -33, -2, -9, -7, -3]]
04/05/2022 16:10:40 PM - INFO - sample List of accDelay : [[-5335.932554167557, -5334.739298750801, -5330.165368875721, -5324.548831988148, -5317.9939487893325, -5313.694553910399, -5311.425098519359, -5310.782588667424, -5312.004329800681, -5314.803896820613, -5317.623507138552, -5320.5611564246965, -5323.105040782228, -5325.394536704005, -5327.755083033604, -5333.179574730244, -5338.26161725722, -5343.735455531498, -5349.361909978348, -5354.725718980514]]
04/05/2022 16:10:40 PM - INFO - sample List of time: [[186384, 186436, 186461, 186511, 186536, 186597, 186616, 186635, 186651, 186668, 186686, 186713, 186749, 186821, 186856, 186888, 186920, 186953, 186969, 187002]]
04/05/2022 16:10:40 PM - INFO - update trend: [-0.03478268389686129]
04/05/2022 16:10:40 PM - INFO - estimateQueueDelayDuration [-8.34784413524671] = queueDelayDelta [-0.13913073558744515] * numCount[1000]
04/05/2022 16:10:40 PM - INFO - [in this interval] signal is [Signal.NORMAL]
04/05/2022 16:10:40 PM - INFO - [in this interval] adaptiveThresholdGamma is [68.65474733844971]
04/05/2022 16:10:40 PM - INFO - [in this interval] state is [State.INCREASE]
04/05/2022 16:10:40 PM - INFO - [in this interval] now real rate is [0.5515983935742972]mbps
04/05/2022 16:10:40 PM - INFO - [in this interval] now real rtt is [3802]
04/05/2022 16:10:40 PM - INFO - [in this interval] aimd control rate is [0.8828017584793728] mbps
04/05/2022 16:10:40 PM - INFO - [in this interval] delay-rate is [0.8828017584793728] mbps
04/05/2022 16:10:40 PM - INFO - average delay [1696.75]
04/05/2022 16:10:40 PM - INFO - average delay [1713.5]
04/05/2022 16:10:40 PM - INFO - average delay [1728.3333333333333]
04/05/2022 16:10:40 PM - INFO - average delay [1753.0]
04/05/2022 16:10:40 PM - INFO - nowTs is [187550], lastTs is [187307]
04/05/2022 16:10:40 PM - INFO - [in this interval] loss-ratio is [0.0]
04/05/2022 16:10:40 PM - INFO - [in this interval] group num is [5]
04/05/2022 16:10:40 PM - INFO - [in this interval] delayDelta from group is [[17, 18, 24, -4]]
04/05/2022 16:10:40 PM - INFO - sample List of accDelay : [[-5317.9939487893325, -5313.694553910399, -5311.425098519359, -5310.782588667424, -5312.004329800681, -5314.803896820613, -5317.623507138552, -5320.5611564246965, -5323.105040782228, -5325.394536704005, -5327.755083033604, -5333.179574730244, -5338.26161725722, -5343.735455531498, -5349.361909978348, -5354.725718980514, -5357.853147082462, -5358.867832374216, -5357.381049136794, -5356.442944223115]]
04/05/2022 16:10:40 PM - INFO - sample List of time: [[186536, 186597, 186616, 186635, 186651, 186668, 186686, 186713, 186749, 186821, 186856, 186888, 186920, 186953, 186969, 187002, 187087, 187139, 187192, 187246]]
04/05/2022 16:10:40 PM - INFO - update trend: [-0.08133671269899806]
04/05/2022 16:10:40 PM - INFO - estimateQueueDelayDuration [-19.520811047759533] = queueDelayDelta [-0.32534685079599224] * numCount[1000]
04/05/2022 16:10:40 PM - INFO - [in this interval] signal is [Signal.NORMAL]
04/05/2022 16:10:40 PM - INFO - [in this interval] adaptiveThresholdGamma is [67.77033648521729]
04/05/2022 16:10:40 PM - INFO - [in this interval] state is [State.INCREASE]
04/05/2022 16:10:40 PM - INFO - [in this interval] now real rate is [0.5028780487804878]mbps
04/05/2022 16:10:40 PM - INFO - [in this interval] now real rtt is [3958]
04/05/2022 16:10:40 PM - INFO - [in this interval] aimd control rate is [0.8864800991397036] mbps
04/05/2022 16:10:40 PM - INFO - [in this interval] delay-rate is [0.8864800991397036] mbps
04/05/2022 16:10:40 PM - INFO - average delay [1773.25]
04/05/2022 16:10:40 PM - INFO - average delay [1747.75]
04/05/2022 16:10:40 PM - INFO - average delay [1721.25]
04/05/2022 16:10:40 PM - INFO - average delay [1700.75]
04/05/2022 16:10:40 PM - INFO - nowTs is [187790], lastTs is [187550]
04/05/2022 16:10:40 PM - INFO - [in this interval] loss-ratio is [0.21052631578947367]
04/05/2022 16:10:40 PM - INFO - [in this interval] group num is [10]
04/05/2022 16:10:40 PM - INFO - [in this interval] delayDelta from group is [[-14, -8, -14, -13, -8, -3, 1, -3, -14]]
04/05/2022 16:10:40 PM - INFO - sample List of accDelay : [[-5325.394536704005, -5327.755083033604, -5333.179574730244, -5338.26161725722, -5343.735455531498, -5349.361909978348, -5354.725718980514, -5357.853147082462, -5358.867832374216, -5357.381049136794, -5356.442944223115, -5356.998649800803, -5358.298784820723, -5360.868906338651, -5364.482015704786, -5368.533814134307, -5372.480432720877, -5375.932389448789, -5379.33915050391, -5383.805235453518]]
04/05/2022 16:10:40 PM - INFO - sample List of time: [[186821, 186856, 186888, 186920, 186953, 186969, 187002, 187087, 187139, 187192, 187246, 187293, 187309, 187341, 187357, 187374, 187406, 187438, 187469, 187501]]
04/05/2022 16:10:40 PM - INFO - update trend: [-0.06813425972227918]
04/05/2022 16:10:40 PM - INFO - estimateQueueDelayDuration [-16.352222333347004] = queueDelayDelta [-0.27253703888911673] * numCount[1001]
04/05/2022 16:10:40 PM - INFO - [in this interval] signal is [Signal.NORMAL]
04/05/2022 16:10:40 PM - INFO - [in this interval] adaptiveThresholdGamma is [66.84481043048362]
04/05/2022 16:10:40 PM - INFO - [in this interval] state is [State.INCREASE]
04/05/2022 16:10:40 PM - INFO - [in this interval] now real rate is [0.530997995991984]mbps
04/05/2022 16:10:40 PM - INFO - [in this interval] now real rtt is [3778]
04/05/2022 16:10:40 PM - INFO - [in this interval] aimd control rate is [0.8901737662194523] mbps
04/05/2022 16:10:40 PM - INFO - [in this interval] delay-rate is [0.8901737662194523] mbps
04/05/2022 16:10:40 PM - INFO - average delay [1697.5]
04/05/2022 16:10:40 PM - INFO - average delay [1694.5]
04/05/2022 16:10:40 PM - INFO - average delay [1690.5]
04/05/2022 16:10:40 PM - INFO - average delay [1681.3333333333333]
04/05/2022 16:10:40 PM - INFO - nowTs is [188032], lastTs is [187790]
04/05/2022 16:10:40 PM - INFO - [in this interval] loss-ratio is [0.23529411764705882]
04/05/2022 16:10:40 PM - INFO - [in this interval] group num is [9]
04/05/2022 16:10:40 PM - INFO - [in this interval] delayDelta from group is [[1, -3, -4, -9, 13, -18, -2, -12]]
04/05/2022 16:10:40 PM - INFO - sample List of accDelay : [[-5358.867832374216, -5357.381049136794, -5356.442944223115, -5356.998649800803, -5358.298784820723, -5360.868906338651, -5364.482015704786, -5368.533814134307, -5372.480432720877, -5375.932389448789, -5379.33915050391, -5383.805235453518, -5387.724711908167, -5391.55224071735, -5395.397016645616, -5399.757314981054, -5402.381583482949, -5406.543425134654, -5410.489082621189, -5415.24017435907]]
04/05/2022 16:10:40 PM - INFO - sample List of time: [[187139, 187192, 187246, 187293, 187309, 187341, 187357, 187374, 187406, 187438, 187469, 187501, 187533, 187564, 187596, 187627, 187643, 187666, 187713, 187736]]
04/05/2022 16:10:40 PM - INFO - update trend: [-0.11015981366122844]
04/05/2022 16:10:40 PM - INFO - estimateQueueDelayDuration [-26.438355278694825] = queueDelayDelta [-0.44063925464491377] * numCount[1001]
04/05/2022 16:10:40 PM - INFO - [in this interval] signal is [Signal.NORMAL]
04/05/2022 16:10:40 PM - INFO - [in this interval] adaptiveThresholdGamma is [66.11749423775142]
04/05/2022 16:10:40 PM - INFO - [in this interval] state is [State.INCREASE]
04/05/2022 16:10:40 PM - INFO - [in this interval] now real rate is [0.5976338028169014]mbps
04/05/2022 16:10:40 PM - INFO - [in this interval] now real rtt is [3732]
04/05/2022 16:10:40 PM - INFO - [in this interval] aimd control rate is [0.8938828235787001] mbps
04/05/2022 16:10:40 PM - INFO - [in this interval] delay-rate is [0.8938828235787001] mbps
04/05/2022 16:10:40 PM - INFO - average delay [1674.6666666666667]
04/05/2022 16:10:40 PM - INFO - average delay [1681.0]
04/05/2022 16:10:40 PM - INFO - average delay [1690.3333333333333]
04/05/2022 16:10:40 PM - INFO - average delay [1698.3333333333333]
04/05/2022 16:10:40 PM - INFO - nowTs is [188257], lastTs is [188032]
04/05/2022 16:10:40 PM - INFO - [in this interval] loss-ratio is [0.16666666666666666]
04/05/2022 16:10:40 PM - INFO - [in this interval] group num is [7]
04/05/2022 16:10:40 PM - INFO - [in this interval] delayDelta from group is [[12, -2, 4, 9, -3, -13]]
04/05/2022 16:10:40 PM - INFO - sample List of accDelay : [[-5364.482015704786, -5368.533814134307, -5372.480432720877, -5375.932389448789, -5379.33915050391, -5383.805235453518, -5387.724711908167, -5391.55224071735, -5395.397016645616, -5399.757314981054, -5402.381583482949, -5406.543425134654, -5410.489082621189, -5415.24017435907, -5418.316156923163, -5421.284541230847, -5423.556087107762, -5424.700478396986, -5426.030430557288, -5428.527387501559]]
04/05/2022 16:10:40 PM - INFO - sample List of time: [[187357, 187374, 187406, 187438, 187469, 187501, 187533, 187564, 187596, 187627, 187643, 187666, 187713, 187736, 187782, 187829, 187852, 187896, 187940, 187962]]
04/05/2022 16:10:40 PM - INFO - update trend: [-0.10885651836302865]
04/05/2022 16:10:40 PM - INFO - estimateQueueDelayDuration [-26.125564407126877] = queueDelayDelta [-0.4354260734521146] * numCount[1001]
04/05/2022 16:10:40 PM - INFO - [in this interval] signal is [Signal.NORMAL]
04/05/2022 16:10:40 PM - INFO - [in this interval] adaptiveThresholdGamma is [65.39763950080017]
04/05/2022 16:10:40 PM - INFO - [in this interval] state is [State.INCREASE]
04/05/2022 16:10:40 PM - INFO - [in this interval] now real rate is [0.523943887775551]mbps
04/05/2022 16:10:40 PM - INFO - [in this interval] now real rtt is [3782]
04/05/2022 16:10:40 PM - INFO - [in this interval] aimd control rate is [0.8976073353436113] mbps
04/05/2022 16:10:40 PM - INFO - [in this interval] delay-rate is [0.8976073353436113] mbps
04/05/2022 16:10:40 PM - INFO - average delay [1700.6666666666667]
04/05/2022 16:10:40 PM - INFO - average delay [1708.6666666666667]
04/05/2022 16:10:40 PM - INFO - average delay [1702.6666666666667]
04/05/2022 16:10:40 PM - INFO - average delay [1701.6666666666667]
04/05/2022 16:10:40 PM - INFO - nowTs is [188506], lastTs is [188257]
04/05/2022 16:10:40 PM - INFO - [in this interval] loss-ratio is [0.21428571428571427]
04/05/2022 16:10:40 PM - INFO - [in this interval] group num is [8]
04/05/2022 16:10:40 PM - INFO - [in this interval] delayDelta from group is [[10, -3, -12, 5, -1, 5, -7]]
04/05/2022 16:10:40 PM - INFO - sample List of accDelay : [[-5391.55224071735, -5395.397016645616, -5399.757314981054, -5402.381583482949, -5406.543425134654, -5410.489082621189, -5415.24017435907, -5418.316156923163, -5421.284541230847, -5423.556087107762, -5424.700478396986, -5426.030430557288, -5428.527387501559, -5429.774648751403, -5431.197183876263, -5433.677465488636, -5435.409718939773, -5437.068747045795, -5438.061872341215, -5439.655685107094]]
04/05/2022 16:10:40 PM - INFO - sample List of time: [[187564, 187596, 187627, 187643, 187666, 187713, 187736, 187782, 187829, 187852, 187896, 187940, 187962, 188006, 188051, 188073, 188096, 188141, 188165, 188210]]
04/05/2022 16:10:40 PM - INFO - update trend: [-0.07047456234648157]
04/05/2022 16:10:40 PM - INFO - estimateQueueDelayDuration [-16.913894963155577] = queueDelayDelta [-0.2818982493859263] * numCount[1000]
04/05/2022 16:10:40 PM - INFO - [in this interval] signal is [Signal.NORMAL]
04/05/2022 16:10:40 PM - INFO - [in this interval] adaptiveThresholdGamma is [64.52493209912257]
04/05/2022 16:10:40 PM - INFO - [in this interval] state is [State.INCREASE]
04/05/2022 16:10:40 PM - INFO - [in this interval] now real rate is [0.4802092555331992]mbps
04/05/2022 16:10:40 PM - INFO - [in this interval] now real rtt is [3810]
04/05/2022 16:10:40 PM - INFO - [in this interval] aimd control rate is [0.9013473659075429] mbps
04/05/2022 16:10:40 PM - INFO - [in this interval] delay-rate is [0.9013473659075429] mbps
04/05/2022 16:10:40 PM - INFO - average delay [1704.0]
04/05/2022 16:10:40 PM - INFO - average delay [1695.3333333333333]
04/05/2022 16:10:40 PM - INFO - average delay [1703.6666666666667]
04/05/2022 16:10:40 PM - INFO - average delay [1685.0]
04/05/2022 16:10:40 PM - INFO - nowTs is [188741], lastTs is [188506]
04/05/2022 16:10:40 PM - INFO - [in this interval] loss-ratio is [0.26666666666666666]
04/05/2022 16:10:40 PM - INFO - [in this interval] group num is [6]
04/05/2022 16:10:40 PM - INFO - [in this interval] delayDelta from group is [[5, 10, -20, 11, 1]]
04/05/2022 16:10:40 PM - INFO - sample List of accDelay : [[-5410.489082621189, -5415.24017435907, -5418.316156923163, -5421.284541230847, -5423.556087107762, -5424.700478396986, -5426.030430557288, -5428.527387501559, -5429.774648751403, -5431.197183876263, -5433.677465488636, -5435.409718939773, -5437.068747045795, -5438.061872341215, -5439.655685107094, -5440.590116596384, -5440.431104936745, -5442.287994443071, -5442.859194998764, -5443.273275498887]]
04/05/2022 16:10:40 PM - INFO - sample List of time: [[187713, 187736, 187782, 187829, 187852, 187896, 187940, 187962, 188006, 188051, 188073, 188096, 188141, 188165, 188210, 188256, 188301, 188346, 188391, 188437]]
04/05/2022 16:10:40 PM - INFO - update trend: [-0.043406826812638126]
04/05/2022 16:10:40 PM - INFO - estimateQueueDelayDuration [-10.417638435033151] = queueDelayDelta [-0.1736273072505525] * numCount[1001]
04/05/2022 16:10:40 PM - INFO - [in this interval] signal is [Signal.NORMAL]
04/05/2022 16:10:40 PM - INFO - [in this interval] adaptiveThresholdGamma is [63.551000813168955]
04/05/2022 16:10:40 PM - INFO - [in this interval] state is [State.INCREASE]
04/05/2022 16:10:40 PM - INFO - [in this interval] now real rate is [0.5043636363636363]mbps
04/05/2022 16:10:40 PM - INFO - [in this interval] now real rtt is [3810]
04/05/2022 16:10:40 PM - INFO - [in this interval] aimd control rate is [0.9051029799321578] mbps
04/05/2022 16:10:40 PM - INFO - [in this interval] delay-rate is [0.9051029799321578] mbps
04/05/2022 16:10:40 PM - INFO - average delay [1697.5]
04/05/2022 16:10:40 PM - INFO - average delay [1679.5]
04/05/2022 16:10:40 PM - INFO - average delay [1657.75]
04/05/2022 16:10:40 PM - INFO - average delay [1647.5]
04/05/2022 16:10:40 PM - INFO - nowTs is [188990], lastTs is [188741]
04/05/2022 16:10:40 PM - INFO - [in this interval] loss-ratio is [0.17647058823529413]
04/05/2022 16:10:40 PM - INFO - [in this interval] group num is [8]
04/05/2022 16:10:40 PM - INFO - [in this interval] delayDelta from group is [[-34, -3, -4, -9, -8, 15, 0]]
04/05/2022 16:10:40 PM - INFO - sample List of accDelay : [[-5428.527387501559, -5429.774648751403, -5431.197183876263, -5433.677465488636, -5435.409718939773, -5437.068747045795, -5438.061872341215, -5439.655685107094, -5440.590116596384, -5440.431104936745, -5442.287994443071, -5442.859194998764, -5443.273275498887, -5447.045947948998, -5450.741353154098, -5454.467217838688, -5458.72049605482, -5463.348446449338, -5466.013601804404, -5468.412241623963]]
04/05/2022 16:10:40 PM - INFO - sample List of time: [[187962, 188006, 188051, 188073, 188096, 188141, 188165, 188210, 188256, 188301, 188346, 188391, 188437, 188500, 188531, 188563, 188594, 188610, 188642, 188692]]
04/05/2022 16:10:40 PM - INFO - update trend: [-0.04900056403433475]
04/05/2022 16:10:40 PM - INFO - estimateQueueDelayDuration [-11.76013536824034] = queueDelayDelta [-0.196002256137339] * numCount[1000]
04/05/2022 16:10:40 PM - INFO - [in this interval] signal is [Signal.NORMAL]
04/05/2022 16:10:40 PM - INFO - [in this interval] adaptiveThresholdGamma is [62.61876523516024]
04/05/2022 16:10:40 PM - INFO - [in this interval] state is [State.INCREASE]
04/05/2022 16:10:40 PM - INFO - [in this interval] now real rate is [0.585900826446281]mbps
04/05/2022 16:10:40 PM - INFO - [in this interval] now real rtt is [3718]
04/05/2022 16:10:40 PM - INFO - [in this interval] aimd control rate is [0.9088742423485417] mbps
04/05/2022 16:10:40 PM - INFO - [in this interval] delay-rate is [0.9088742423485417] mbps
04/05/2022 16:10:40 PM - INFO - average delay [1652.3333333333333]
04/05/2022 16:10:40 PM - INFO - average delay [1659.0]
04/05/2022 16:10:40 PM - INFO - average delay [1656.6666666666667]
04/05/2022 16:10:40 PM - INFO - average delay [1659.3333333333333]
04/05/2022 16:10:40 PM - INFO - nowTs is [189209], lastTs is [188990]
04/05/2022 16:10:40 PM - INFO - [in this interval] loss-ratio is [0.42857142857142855]
04/05/2022 16:10:40 PM - INFO - [in this interval] group num is [6]
04/05/2022 16:10:40 PM - INFO - [in this interval] delayDelta from group is [[-6, 1, 7, 4, 3]]
04/05/2022 16:10:40 PM - INFO - sample List of accDelay : [[-5437.068747045795, -5438.061872341215, -5439.655685107094, -5440.590116596384, -5440.431104936745, -5442.287994443071, -5442.859194998764, -5443.273275498887, -5447.045947948998, -5450.741353154098, -5454.467217838688, -5458.72049605482, -5463.348446449338, -5466.013601804404, -5468.412241623963, -5471.171017461567, -5473.553915715411, -5474.99852414387, -5475.898671729483, -5476.408804556535]]
04/05/2022 16:10:40 PM - INFO - sample List of time: [[188141, 188165, 188210, 188256, 188301, 188346, 188391, 188437, 188500, 188531, 188563, 188594, 188610, 188642, 188692, 188767, 188791, 188812, 188869, 188903]]
04/05/2022 16:10:40 PM - INFO - update trend: [-0.05935157787806851]
04/05/2022 16:10:40 PM - INFO - estimateQueueDelayDuration [-14.244378690736442] = queueDelayDelta [-0.23740631151227404] * numCount[1001]
04/05/2022 16:10:40 PM - INFO - [in this interval] signal is [Signal.NORMAL]
04/05/2022 16:10:40 PM - INFO - [in this interval] adaptiveThresholdGamma is [61.74802627736061]
04/05/2022 16:10:40 PM - INFO - [in this interval] state is [State.INCREASE]
04/05/2022 16:10:40 PM - INFO - [in this interval] now real rate is [0.5509579158316633]mbps
04/05/2022 16:10:40 PM - INFO - [in this interval] now real rtt is [3756]
04/05/2022 16:10:40 PM - INFO - [in this interval] aimd control rate is [0.9126612183583273] mbps
04/05/2022 16:10:40 PM - INFO - [in this interval] delay-rate is [0.9126612183583273] mbps
04/05/2022 16:10:40 PM - INFO - average delay [1676.5]
04/05/2022 16:10:40 PM - INFO - average delay [1677.0]
04/05/2022 16:10:40 PM - INFO - average delay [1695.6666666666667]
04/05/2022 16:10:40 PM - INFO - nowTs is [189411], lastTs is [189209]
04/05/2022 16:10:40 PM - INFO - [in this interval] loss-ratio is [0.2222222222222222]
04/05/2022 16:10:40 PM - INFO - [in this interval] group num is [4]
04/05/2022 16:10:40 PM - INFO - [in this interval] delayDelta from group is [[28, 20, 15]]
04/05/2022 16:10:40 PM - INFO - sample List of accDelay : [[-5440.590116596384, -5440.431104936745, -5442.287994443071, -5442.859194998764, -5443.273275498887, -5447.045947948998, -5450.741353154098, -5454.467217838688, -5458.72049605482, -5463.348446449338, -5466.013601804404, -5468.412241623963, -5471.171017461567, -5473.553915715411, -5474.99852414387, -5475.898671729483, -5476.408804556535, -5474.067924100882, -5469.961131690794, -5464.765018521715]]
04/05/2022 16:10:40 PM - INFO - sample List of time: [[188256, 188301, 188346, 188391, 188437, 188500, 188531, 188563, 188594, 188610, 188642, 188692, 188767, 188791, 188812, 188869, 188903, 188970, 189038, 189088]]
04/05/2022 16:10:40 PM - INFO - update trend: [-0.04820220841352155]
04/05/2022 16:10:40 PM - INFO - estimateQueueDelayDuration [-11.568530019245172] = queueDelayDelta [-0.1928088336540862] * numCount[1000]
04/05/2022 16:10:40 PM - INFO - [in this interval] signal is [Signal.NORMAL]
04/05/2022 16:10:40 PM - INFO - [in this interval] adaptiveThresholdGamma is [60.844795344714534]
04/05/2022 16:10:40 PM - INFO - [in this interval] state is [State.INCREASE]
04/05/2022 16:10:40 PM - INFO - [in this interval] now real rate is [0.42390322580645157]mbps
04/05/2022 16:10:40 PM - INFO - [in this interval] now real rtt is [3880]
04/05/2022 16:10:40 PM - INFO - [in this interval] aimd control rate is [0.9164639734348203] mbps
04/05/2022 16:10:40 PM - INFO - [in this interval] delay-rate is [0.9164639734348203] mbps
04/05/2022 16:10:40 PM - INFO - average delay [1728.3333333333333]
04/05/2022 16:10:40 PM - INFO - average delay [1732.0]
04/05/2022 16:10:40 PM - INFO - average delay [1744.25]
04/05/2022 16:10:40 PM - INFO - average delay [1736.4]
04/05/2022 16:10:40 PM - INFO - nowTs is [189650], lastTs is [189411]
04/05/2022 16:10:40 PM - INFO - [in this interval] loss-ratio is [0.2727272727272727]
04/05/2022 16:10:40 PM - INFO - [in this interval] group num is [12]
04/05/2022 16:10:40 PM - INFO - [in this interval] delayDelta from group is [[14, 2, -11, -4, 2, 2, -12, -10, 3, -19, -18]]
04/05/2022 16:10:40 PM - INFO - sample List of accDelay : [[-5468.412241623963, -5471.171017461567, -5473.553915715411, -5474.99852414387, -5475.898671729483, -5476.408804556535, -5474.067924100882, -5469.961131690794, -5464.765018521715, -5458.688516669544, -5453.019665002589, -5449.017698502331, -5445.815928652098, -5442.734335786888, -5439.760902208199, -5438.284811987379, -5437.956330788641, -5437.360697709777, -5438.7246279388, -5441.75216514492]]
04/05/2022 16:10:40 PM - INFO - sample List of time: [[188692, 188767, 188791, 188812, 188869, 188903, 188970, 189038, 189088, 189163, 189212, 189249, 189273, 189284, 189296, 189308, 189321, 189331, 189354, 189365]]
04/05/2022 16:10:40 PM - INFO - update trend: [0.06238333003833554]
04/05/2022 16:10:40 PM - INFO - estimateQueueDelayDuration [14.97199920920053] = queueDelayDelta [0.24953332015334215] * numCount[1001]
04/05/2022 16:10:40 PM - INFO - [in this interval] signal is [Signal.NORMAL]
04/05/2022 16:10:40 PM - INFO - [in this interval] adaptiveThresholdGamma is [60.019085014275284]
04/05/2022 16:10:40 PM - INFO - [in this interval] state is [State.INCREASE]
04/05/2022 16:10:40 PM - INFO - [in this interval] now real rate is [0.5770464135021097]mbps
04/05/2022 16:10:40 PM - INFO - [in this interval] now real rtt is [3768]
04/05/2022 16:10:40 PM - INFO - [in this interval] aimd control rate is [0.920282573324132] mbps
04/05/2022 16:10:40 PM - INFO - [in this interval] delay-rate is [0.920282573324132] mbps
04/05/2022 16:10:40 PM - INFO - average delay [1711.1666666666667]
04/05/2022 16:10:40 PM - INFO - average delay [1656.6]
04/05/2022 16:10:40 PM - INFO - average delay [1631.6666666666667]
04/05/2022 16:10:40 PM - INFO - average delay [1639.6666666666667]
04/05/2022 16:10:40 PM - INFO - nowTs is [189879], lastTs is [189650]
04/05/2022 16:10:40 PM - INFO - [in this interval] loss-ratio is [0.4]
04/05/2022 16:10:40 PM - INFO - [in this interval] group num is [10]
04/05/2022 16:10:40 PM - INFO - [in this interval] delayDelta from group is [[-18, -18, -17, -6, 16, -5, -12, -6, -11]]
04/05/2022 16:10:40 PM - INFO - sample List of accDelay : [[-5458.688516669544, -5453.019665002589, -5449.017698502331, -5445.815928652098, -5442.734335786888, -5439.760902208199, -5438.284811987379, -5437.956330788641, -5437.360697709777, -5438.7246279388, -5441.75216514492, -5446.276948630428, -5452.149253767385, -5459.134328390646, -5466.020895551582, -5470.618805996423, -5475.256925396781, -5480.631232857103, -5486.068109571393, -5492.061298614253]]
04/05/2022 16:10:40 PM - INFO - sample List of time: [[189163, 189212, 189249, 189273, 189284, 189296, 189308, 189321, 189331, 189354, 189365, 189388, 189400, 189412, 189435, 189459, 189510, 189535, 189558, 189582]]
04/05/2022 16:10:40 PM - INFO - update trend: [-0.11379207301306313]
04/05/2022 16:10:40 PM - INFO - estimateQueueDelayDuration [-27.310097523135152] = queueDelayDelta [-0.4551682920522525] * numCount[1000]
04/05/2022 16:10:40 PM - INFO - [in this interval] signal is [Signal.NORMAL]
04/05/2022 16:10:40 PM - INFO - [in this interval] adaptiveThresholdGamma is [59.43032323943476]
04/05/2022 16:10:40 PM - INFO - [in this interval] state is [State.INCREASE]
04/05/2022 16:10:40 PM - INFO - [in this interval] now real rate is [0.6588073022312374]mbps
04/05/2022 16:10:40 PM - INFO - [in this interval] now real rtt is [3626]
04/05/2022 16:10:40 PM - INFO - [in this interval] aimd control rate is [0.9241170840463159] mbps
04/05/2022 16:10:40 PM - INFO - [in this interval] delay-rate is [0.9241170840463159] mbps
04/05/2022 16:10:40 PM - INFO - average delay [1622.3333333333333]
04/05/2022 16:10:40 PM - INFO - average delay [1600.3333333333333]
04/05/2022 16:10:40 PM - INFO - average delay [1547.2857142857142]
04/05/2022 16:10:40 PM - INFO - average delay [1491.5]
04/05/2022 16:10:40 PM - INFO - nowTs is [190129], lastTs is [189879]
04/05/2022 16:10:40 PM - INFO - [in this interval] loss-ratio is [0.21875]
04/05/2022 16:10:40 PM - INFO - [in this interval] group num is [15]
04/05/2022 16:10:40 PM - INFO - [in this interval] delayDelta from group is [[-18, -12, -19, -3, -8, -19, -20, -11, -19, -20, -12, -8, -21, -13]]
04/05/2022 16:10:40 PM - INFO - sample List of accDelay : [[-5466.020895551582, -5470.618805996423, -5475.256925396781, -5480.631232857103, -5486.068109571393, -5492.061298614253, -5499.255168752828, -5506.9296518775445, -5515.73668668979, -5523.963018020811, -5532.16671621873, -5541.450044596857, -5551.805040137171, -5562.2245361234545, -5573.50208251111, -5585.651874259999, -5597.786686833999, -5609.508018150599, -5622.1572163355395, -5634.8414947019855]]
04/05/2022 16:10:40 PM - INFO - sample List of time: [[189435, 189459, 189510, 189535, 189558, 189582, 189629, 189641, 189664, 189680, 189692, 189699, 189715, 189730, 189749, 189765, 189780, 189808, 189820, 189839]]
04/05/2022 16:10:40 PM - INFO - update trend: [-0.4287023990541283]
04/05/2022 16:10:40 PM - INFO - estimateQueueDelayDuration [-102.8885757729908] = queueDelayDelta [-1.7148095962165133] * numCount[1000]
04/05/2022 16:10:40 PM - INFO - [in this interval] signal is [Signal.UNDER_USE]
04/05/2022 16:10:40 PM - INFO - [in this interval] adaptiveThresholdGamma is [59.43032323943476]
04/05/2022 16:10:40 PM - INFO - [in this interval] state is [State.HOLD]
04/05/2022 16:10:40 PM - INFO - [in this interval] now real rate is [0.7189409368635438]mbps
04/05/2022 16:10:40 PM - INFO - [in this interval] now real rtt is [3256]
04/05/2022 16:10:40 PM - INFO - [in this interval] aimd control rate is [0.9241170840463159] mbps
04/05/2022 16:10:40 PM - INFO - [in this interval] delay-rate is [0.9241170840463159] mbps
04/05/2022 16:10:40 PM - INFO - average delay [1450.6666666666667]
04/05/2022 16:10:40 PM - INFO - average delay [1422.8]
04/05/2022 16:10:40 PM - INFO - average delay [1427.8]
04/05/2022 16:10:40 PM - INFO - average delay [1419.0]
04/05/2022 16:10:40 PM - INFO - nowTs is [190366], lastTs is [190129]
04/05/2022 16:10:40 PM - INFO - [in this interval] loss-ratio is [0.047619047619047616]
04/05/2022 16:10:40 PM - INFO - [in this interval] group num is [11]
04/05/2022 16:10:40 PM - INFO - [in this interval] delayDelta from group is [[-8, 0, 2, 7, -8, -12, 18, -1, -12, -20]]
04/05/2022 16:10:40 PM - INFO - sample List of accDelay : [[-5532.16671621873, -5541.450044596857, -5551.805040137171, -5562.2245361234545, -5573.50208251111, -5585.651874259999, -5597.786686833999, -5609.508018150599, -5622.1572163355395, -5634.8414947019855, -5647.057345231787, -5658.051610708608, -5667.746449637747, -5675.771804673973, -5683.7946242065755, -5692.215161785918, -5697.9936456073265, -5703.294281046594, -5709.264852941935, -5716.638367647742]]
04/05/2022 16:10:40 PM - INFO - sample List of time: [[189692, 189699, 189715, 189730, 189749, 189765, 189780, 189808, 189820, 189839, 189867, 189889, 189929, 189946, 189968, 189990, 190013, 190046, 190065, 190083]]
04/05/2022 16:10:40 PM - INFO - update trend: [-0.46343522979273183]
04/05/2022 16:10:40 PM - INFO - estimateQueueDelayDuration [-111.22445515025564] = queueDelayDelta [-1.8537409191709273] * numCount[1000]
04/05/2022 16:10:40 PM - INFO - [in this interval] signal is [Signal.UNDER_USE]
04/05/2022 16:10:40 PM - INFO - [in this interval] adaptiveThresholdGamma is [59.43032323943476]
04/05/2022 16:10:40 PM - INFO - [in this interval] state is [State.HOLD]
04/05/2022 16:10:40 PM - INFO - [in this interval] now real rate is [0.7420616016427105]mbps
04/05/2022 16:10:40 PM - INFO - [in this interval] now real rtt is [3200]
04/05/2022 16:10:40 PM - INFO - [in this interval] aimd control rate is [0.9241170840463159] mbps
04/05/2022 16:10:40 PM - INFO - [in this interval] delay-rate is [0.9241170840463159] mbps
04/05/2022 16:10:40 PM - INFO - average delay [1421.3333333333333]
04/05/2022 16:10:40 PM - INFO - average delay [1391.0]
04/05/2022 16:10:40 PM - INFO - average delay [1383.0]
04/05/2022 16:10:40 PM - INFO - average delay [1358.8333333333333]
04/05/2022 16:10:40 PM - INFO - nowTs is [190614], lastTs is [190366]
04/05/2022 16:10:40 PM - INFO - [in this interval] loss-ratio is [0.14814814814814814]
04/05/2022 16:10:40 PM - INFO - [in this interval] group num is [13]
04/05/2022 16:10:40 PM - INFO - [in this interval] delayDelta from group is [[-16, 6, 4, -6, -12, 1, -20, -15, -21, -2, -30, -10]]
04/05/2022 16:10:40 PM - INFO - sample List of accDelay : [[-5667.746449637747, -5675.771804673973, -5683.7946242065755, -5692.215161785918, -5697.9936456073265, -5703.294281046594, -5709.264852941935, -5716.638367647742, -5724.8745308829675, -5731.6870777946715, -5737.418370015204, -5743.176533013684, -5749.5588797123155, -5755.202991741084, -5762.282692566976, -5770.154423310278, -5779.33898097925, -5787.805082881325, -5798.424574593192, -5808.982117133873]]
04/05/2022 16:10:40 PM - INFO - sample List of time: [[189929, 189946, 189968, 189990, 190013, 190046, 190065, 190083, 190102, 190121, 190152, 190171, 190190, 190208, 190244, 190254, 190274, 190283, 190301, 190321]]
04/05/2022 16:10:40 PM - INFO - update trend: [-0.32982702191240215]
04/05/2022 16:10:40 PM - INFO - estimateQueueDelayDuration [-79.15848525897651] = queueDelayDelta [-1.3193080876496086] * numCount[1000]
04/05/2022 16:10:40 PM - INFO - [in this interval] signal is [Signal.UNDER_USE]
04/05/2022 16:10:40 PM - INFO - [in this interval] adaptiveThresholdGamma is [59.43032323943476]
04/05/2022 16:10:40 PM - INFO - [in this interval] state is [State.HOLD]
04/05/2022 16:10:40 PM - INFO - [in this interval] now real rate is [0.6722969072164949]mbps
04/05/2022 16:10:40 PM - INFO - [in this interval] now real rtt is [2966]
04/05/2022 16:10:40 PM - INFO - [in this interval] aimd control rate is [0.9241170840463159] mbps
04/05/2022 16:10:40 PM - INFO - [in this interval] delay-rate is [0.9241170840463159] mbps
04/05/2022 16:10:40 PM - INFO - average delay [1296.6666666666667]
04/05/2022 16:10:40 PM - INFO - average delay [1266.8]
04/05/2022 16:10:40 PM - INFO - average delay [1241.6]
04/05/2022 16:10:40 PM - INFO - average delay [1217.2]
04/05/2022 16:10:40 PM - INFO - nowTs is [190852], lastTs is [190614]
04/05/2022 16:10:40 PM - INFO - [in this interval] loss-ratio is [0.25]
04/05/2022 16:10:40 PM - INFO - [in this interval] group num is [12]
04/05/2022 16:10:40 PM - INFO - [in this interval] delayDelta from group is [[-10, -16, -10, 3, -18, 7, -16, -8, -8, -3, -21]]
04/05/2022 16:10:40 PM - INFO - sample List of accDelay : [[-5743.176533013684, -5749.5588797123155, -5755.202991741084, -5762.282692566976, -5770.154423310278, -5779.33898097925, -5787.805082881325, -5798.424574593192, -5808.982117133873, -5819.483905420485, -5830.5355148784365, -5841.481963390593, -5851.033767051534, -5861.430390346381, -5870.087351311743, -5879.478616180569, -5888.730754562512, -5897.857679106261, -5906.371911195635, -5916.134720076071]]
04/05/2022 16:10:40 PM - INFO - sample List of time: [[190171, 190190, 190208, 190244, 190254, 190274, 190283, 190301, 190321, 190359, 190379, 190388, 190408, 190426, 190443, 190470, 190484, 190511, 190538, 190565]]
04/05/2022 16:10:40 PM - INFO - update trend: [-0.47135587270126683]
04/05/2022 16:10:40 PM - INFO - estimateQueueDelayDuration [-113.12540944830404] = queueDelayDelta [-1.8854234908050673] * numCount[1001]
04/05/2022 16:10:40 PM - INFO - [in this interval] signal is [Signal.UNDER_USE]
04/05/2022 16:10:40 PM - INFO - [in this interval] adaptiveThresholdGamma is [59.43032323943476]
04/05/2022 16:10:40 PM - INFO - [in this interval] state is [State.HOLD]
04/05/2022 16:10:40 PM - INFO - [in this interval] now real rate is [0.6183225806451613]mbps
04/05/2022 16:10:40 PM - INFO - [in this interval] now real rtt is [2772]
04/05/2022 16:10:40 PM - INFO - [in this interval] aimd control rate is [0.9241170840463159] mbps
04/05/2022 16:10:40 PM - INFO - [in this interval] delay-rate is [0.9241170840463159] mbps
04/05/2022 16:10:40 PM - INFO - average delay [1198.4]
04/05/2022 16:10:40 PM - INFO - average delay [1195.6666666666667]
04/05/2022 16:10:40 PM - INFO - average delay [1211.25]
04/05/2022 16:10:40 PM - INFO - average delay [1222.0]
04/05/2022 16:10:40 PM - INFO - nowTs is [191071], lastTs is [190852]
04/05/2022 16:10:40 PM - INFO - [in this interval] loss-ratio is [0.07692307692307693]
04/05/2022 16:10:40 PM - INFO - [in this interval] group num is [6]
04/05/2022 16:10:40 PM - INFO - [in this interval] delayDelta from group is [[11, 16, 3, 2, 8]]
04/05/2022 16:10:40 PM - INFO - sample List of accDelay : [[-5779.33898097925, -5787.805082881325, -5798.424574593192, -5808.982117133873, -5819.483905420485, -5830.5355148784365, -5841.481963390593, -5851.033767051534, -5861.430390346381, -5870.087351311743, -5879.478616180569, -5888.730754562512, -5897.857679106261, -5906.371911195635, -5916.134720076071, -5923.821248068464, -5929.139123261618, -5933.6252109354555, -5937.46268984191, -5940.116420857719]]
04/05/2022 16:10:40 PM - INFO - sample List of time: [[190274, 190283, 190301, 190321, 190359, 190379, 190388, 190408, 190426, 190443, 190470, 190484, 190511, 190538, 190565, 190593, 190649, 190685, 190723, 190760]]
04/05/2022 16:10:40 PM - INFO - update trend: [-0.34793651978542356]
04/05/2022 16:10:40 PM - INFO - estimateQueueDelayDuration [-83.50476474850166] = queueDelayDelta [-1.3917460791416942] * numCount[1000]
04/05/2022 16:10:40 PM - INFO - [in this interval] signal is [Signal.UNDER_USE]
04/05/2022 16:10:40 PM - INFO - [in this interval] adaptiveThresholdGamma is [59.43032323943476]
04/05/2022 16:10:40 PM - INFO - [in this interval] state is [State.HOLD]
04/05/2022 16:10:40 PM - INFO - [in this interval] now real rate is [0.49451911468812876]mbps
04/05/2022 16:10:40 PM - INFO - [in this interval] now real rtt is [2880]
04/05/2022 16:10:40 PM - INFO - [in this interval] aimd control rate is [0.9241170840463159] mbps
04/05/2022 16:10:40 PM - INFO - [in this interval] delay-rate is [0.9241170840463159] mbps
04/05/2022 16:10:40 PM - INFO - average delay [1226.75]
04/05/2022 16:10:40 PM - INFO - average delay [1248.0]
04/05/2022 16:10:40 PM - INFO - average delay [1285.0]
04/05/2022 16:10:40 PM - INFO - average delay [1315.25]
04/05/2022 16:10:40 PM - INFO - nowTs is [191334], lastTs is [191071]
04/05/2022 16:10:40 PM - INFO - [in this interval] loss-ratio is [0.0]
04/05/2022 16:10:40 PM - INFO - [in this interval] group num is [7]
04/05/2022 16:10:40 PM - INFO - [in this interval] delayDelta from group is [[20, 17, 1, 29, 1, 3]]
04/05/2022 16:10:40 PM - INFO - sample List of accDelay : [[-5841.481963390593, -5851.033767051534, -5861.430390346381, -5870.087351311743, -5879.478616180569, -5888.730754562512, -5897.857679106261, -5906.371911195635, -5916.134720076071, -5923.821248068464, -5929.139123261618, -5933.6252109354555, -5937.46268984191, -5940.116420857719, -5940.504778771947, -5939.154300894752, -5937.838870805277, -5933.75498372475, -5929.979485352274, -5926.281536817048]]
04/05/2022 16:10:40 PM - INFO - sample List of time: [[190388, 190408, 190426, 190443, 190470, 190484, 190511, 190538, 190565, 190593, 190649, 190685, 190723, 190760, 190865, 190900, 190927, 190948, 190997, 191023]]
04/05/2022 16:10:40 PM - INFO - update trend: [-0.1254373354480059]
04/05/2022 16:10:40 PM - INFO - estimateQueueDelayDuration [-30.104960507521415] = queueDelayDelta [-0.5017493417920236] * numCount[1000]
04/05/2022 16:10:40 PM - INFO - [in this interval] signal is [Signal.NORMAL]
04/05/2022 16:10:40 PM - INFO - [in this interval] adaptiveThresholdGamma is [58.90246671026032]
04/05/2022 16:10:40 PM - INFO - [in this interval] state is [State.INCREASE]
04/05/2022 16:10:40 PM - INFO - [in this interval] now real rate is [0.4454516129032258]mbps
04/05/2022 16:10:40 PM - INFO - [in this interval] now real rtt is [3066]
04/05/2022 16:10:40 PM - INFO - [in this interval] aimd control rate is [0.9279675718965088] mbps
04/05/2022 16:10:40 PM - INFO - [in this interval] delay-rate is [0.9279675718965088] mbps
04/05/2022 16:10:40 PM - INFO - average delay [1325.5]
04/05/2022 16:10:40 PM - INFO - average delay [1339.5]
04/05/2022 16:10:40 PM - INFO - average delay [1341.3333333333333]
04/05/2022 16:10:40 PM - INFO - average delay [1364.3333333333333]
04/05/2022 16:10:40 PM - INFO - nowTs is [191564], lastTs is [191334]
04/05/2022 16:10:40 PM - INFO - [in this interval] loss-ratio is [0.0]
04/05/2022 16:10:40 PM - INFO - [in this interval] group num is [6]
04/05/2022 16:10:40 PM - INFO - [in this interval] delayDelta from group is [[7, -2, 18, 37, 30]]
04/05/2022 16:10:40 PM - INFO - sample List of accDelay : [[-5888.730754562512, -5897.857679106261, -5906.371911195635, -5916.134720076071, -5923.821248068464, -5929.139123261618, -5933.6252109354555, -5937.46268984191, -5940.116420857719, -5940.504778771947, -5939.154300894752, -5937.838870805277, -5933.75498372475, -5929.979485352274, -5926.281536817048, -5922.253383135343, -5918.828044821809, -5913.945240339628, -5905.850716305666, -5895.565644675099]]
04/05/2022 16:10:40 PM - INFO - sample List of time: [[190484, 190511, 190538, 190565, 190593, 190649, 190685, 190723, 190760, 190865, 190900, 190927, 190948, 190997, 191023, 191076, 191108, 191141, 191194, 191246]]
04/05/2022 16:10:40 PM - INFO - update trend: [-0.005100498373149551]
04/05/2022 16:10:40 PM - INFO - estimateQueueDelayDuration [-1.2241196095558924] = queueDelayDelta [-0.020401993492598205] * numCount[1001]
04/05/2022 16:10:40 PM - INFO - [in this interval] signal is [Signal.NORMAL]
04/05/2022 16:10:40 PM - INFO - [in this interval] adaptiveThresholdGamma is [57.86425646244764]
04/05/2022 16:10:40 PM - INFO - [in this interval] state is [State.INCREASE]
04/05/2022 16:10:40 PM - INFO - [in this interval] now real rate is [0.4654604462474645]mbps
04/05/2022 16:10:40 PM - INFO - [in this interval] now real rtt is [3266]
04/05/2022 16:10:40 PM - INFO - [in this interval] aimd control rate is [0.9318341034460775] mbps
04/05/2022 16:10:40 PM - INFO - [in this interval] delay-rate is [0.9318341034460775] mbps
04/05/2022 16:10:40 PM - INFO - average delay [1416.75]
04/05/2022 16:10:40 PM - INFO - average delay [1451.3333333333333]
04/05/2022 16:10:40 PM - INFO - average delay [1477.75]
04/05/2022 16:10:40 PM - INFO - average delay [1490.5]
04/05/2022 16:10:40 PM - INFO - nowTs is [191810], lastTs is [191564]
04/05/2022 16:10:40 PM - INFO - [in this interval] loss-ratio is [0.0]
04/05/2022 16:10:40 PM - INFO - [in this interval] group num is [8]
04/05/2022 16:10:40 PM - INFO - [in this interval] delayDelta from group is [[8, 30, 7, 0, 15, 6, 0]]
04/05/2022 16:10:40 PM - INFO - sample List of accDelay : [[-5937.46268984191, -5940.116420857719, -5940.504778771947, -5939.154300894752, -5937.838870805277, -5933.75498372475, -5929.979485352274, -5926.281536817048, -5922.253383135343, -5918.828044821809, -5913.945240339628, -5905.850716305666, -5895.565644675099, -5885.509080207589, -5873.458172186831, -5861.912354968148, -5851.521119471334, -5840.6690075242, -5830.30210677178, -5820.971896094602]]
04/05/2022 16:10:40 PM - INFO - sample List of time: [[190723, 190760, 190865, 190900, 190927, 190948, 190997, 191023, 191076, 191108, 191141, 191194, 191246, 191306, 191329, 191384, 191416, 191431, 191461, 191507]]
04/05/2022 16:10:40 PM - INFO - update trend: [0.1571573483839342]
04/05/2022 16:10:40 PM - INFO - estimateQueueDelayDuration [37.7177636121442] = queueDelayDelta [0.6286293935357368] * numCount[1000]
04/05/2022 16:10:40 PM - INFO - [in this interval] signal is [Signal.NORMAL]
04/05/2022 16:10:40 PM - INFO - [in this interval] adaptiveThresholdGamma is [57.50161959114218]
04/05/2022 16:10:40 PM - INFO - [in this interval] state is [State.INCREASE]
04/05/2022 16:10:40 PM - INFO - [in this interval] now real rate is [0.4550243902439024]mbps
04/05/2022 16:10:40 PM - INFO - [in this interval] now real rtt is [3418]
04/05/2022 16:10:40 PM - INFO - [in this interval] aimd control rate is [0.9357167455437696] mbps
04/05/2022 16:10:40 PM - INFO - [in this interval] delay-rate is [0.9357167455437696] mbps
04/05/2022 16:10:40 PM - INFO - average delay [1502.75]
04/05/2022 16:10:40 PM - INFO - average delay [1511.25]
04/05/2022 16:10:40 PM - INFO - average delay [1525.8]
04/05/2022 16:10:40 PM - INFO - average delay [1512.5]
04/05/2022 16:10:40 PM - INFO - nowTs is [192047], lastTs is [191810]
04/05/2022 16:10:40 PM - INFO - [in this interval] loss-ratio is [0.0]
04/05/2022 16:10:40 PM - INFO - [in this interval] group num is [10]
04/05/2022 16:10:40 PM - INFO - [in this interval] delayDelta from group is [[21, 3, -9, 10, -8, -13, -12, -7, -12]]
04/05/2022 16:10:40 PM - INFO - sample List of accDelay : [[-5918.828044821809, -5913.945240339628, -5905.850716305666, -5895.565644675099, -5885.509080207589, -5873.458172186831, -5861.912354968148, -5851.521119471334, -5840.6690075242, -5830.30210677178, -5820.971896094602, -5810.474706485142, -5800.727235836628, -5792.854512252965, -5784.769061027669, -5778.292154924902, -5773.762939432412, -5770.886645489171, -5768.997980940254, -5768.498182846229]]
04/05/2022 16:10:40 PM - INFO - sample List of time: [[191108, 191141, 191194, 191246, 191306, 191329, 191384, 191416, 191431, 191461, 191507, 191566, 191597, 191625, 191641, 191661, 191683, 191705, 191728, 191751]]
04/05/2022 16:10:40 PM - INFO - update trend: [0.25849357309590204]
04/05/2022 16:10:40 PM - INFO - estimateQueueDelayDuration [62.03845754301649] = queueDelayDelta [1.0339742923836082] * numCount[1001]
04/05/2022 16:10:40 PM - INFO - [in this interval] signal is [Signal.NORMAL]
04/05/2022 16:10:40 PM - INFO - [in this interval] adaptiveThresholdGamma is [62.03845754301649]
04/05/2022 16:10:40 PM - INFO - [in this interval] state is [State.INCREASE]
04/05/2022 16:10:40 PM - INFO - [in this interval] now real rate is [0.5044658634538153]mbps
04/05/2022 16:10:40 PM - INFO - [in this interval] now real rtt is [3362]
04/05/2022 16:10:40 PM - INFO - [in this interval] aimd control rate is [0.9396155653168686] mbps
04/05/2022 16:10:40 PM - INFO - [in this interval] delay-rate is [0.9396155653168686] mbps
04/05/2022 16:10:40 PM - INFO - average delay [1485.5]
04/05/2022 16:10:40 PM - INFO - average delay [1456.2]
04/05/2022 16:10:40 PM - INFO - average delay [1448.75]
04/05/2022 16:10:40 PM - INFO - average delay [1489.0]
04/05/2022 16:10:40 PM - INFO - nowTs is [192285], lastTs is [192047]
04/05/2022 16:10:40 PM - INFO - [in this interval] loss-ratio is [0.0]
04/05/2022 16:10:40 PM - INFO - [in this interval] group num is [6]
04/05/2022 16:10:40 PM - INFO - [in this interval] delayDelta from group is [[-6, -8, 36, 43, 5]]
04/05/2022 16:10:40 PM - INFO - sample List of accDelay : [[-5873.458172186831, -5861.912354968148, -5851.521119471334, -5840.6690075242, -5830.30210677178, -5820.971896094602, -5810.474706485142, -5800.727235836628, -5792.854512252965, -5784.769061027669, -5778.292154924902, -5773.762939432412, -5770.886645489171, -5768.997980940254, -5768.498182846229, -5768.648364561606, -5769.583528105446, -5766.825175294902, -5760.042657765412, -5753.4383919888705]]
04/05/2022 16:10:40 PM - INFO - sample List of time: [[191329, 191384, 191416, 191431, 191461, 191507, 191566, 191597, 191625, 191641, 191661, 191683, 191705, 191728, 191751, 191797, 191821, 191848, 191934, 191997]]
04/05/2022 16:10:40 PM - INFO - update trend: [0.1877777847244197]
04/05/2022 16:10:40 PM - INFO - estimateQueueDelayDuration [45.066668333860726] = queueDelayDelta [0.7511111388976788] * numCount[1000]
04/05/2022 16:10:40 PM - INFO - [in this interval] signal is [Signal.NORMAL]
04/05/2022 16:10:40 PM - INFO - [in this interval] adaptiveThresholdGamma is [61.732965337251684]
04/05/2022 16:10:40 PM - INFO - [in this interval] state is [State.INCREASE]
04/05/2022 16:10:40 PM - INFO - [in this interval] now real rate is [0.538530612244898]mbps
04/05/2022 16:10:40 PM - INFO - [in this interval] now real rtt is [3478]
04/05/2022 16:10:40 PM - INFO - [in this interval] aimd control rate is [0.9435306301723556] mbps
04/05/2022 16:10:40 PM - INFO - [in this interval] delay-rate is [0.9435306301723556] mbps
04/05/2022 16:10:40 PM - INFO - average delay [1523.25]
04/05/2022 16:10:40 PM - INFO - average delay [1520.5714285714287]
04/05/2022 16:10:40 PM - INFO - average delay [1463.75]
04/05/2022 16:10:40 PM - INFO - average delay [1418.125]
04/05/2022 16:10:40 PM - INFO - nowTs is [192532], lastTs is [192285]
04/05/2022 16:10:40 PM - INFO - [in this interval] loss-ratio is [0.0]
04/05/2022 16:10:40 PM - INFO - [in this interval] group num is [16]
04/05/2022 16:10:40 PM - INFO - [in this interval] delayDelta from group is [[-2, -15, 3, -26, -26, -3, -11, -15, -14, -3, -19, -19, -17, -17, -20]]
04/05/2022 16:10:40 PM - INFO - sample List of accDelay : [[-5768.648364561606, -5769.583528105446, -5766.825175294902, -5760.042657765412, -5753.4383919888705, -5747.694552789984, -5744.025097510987, -5740.422587759888, -5739.780328983899, -5741.80229608551, -5743.922066476959, -5746.929859829263, -5751.136873846336, -5756.323186461703, -5761.290867815533, -5767.661781033979, -5775.2956029305815, -5783.866042637523, -5793.279438373771, -5803.751494536395]]
04/05/2022 16:10:40 PM - INFO - sample List of time: [[191797, 191821, 191848, 191934, 191997, 192028, 192036, 192046, 192079, 192088, 192097, 192104, 192113, 192138, 192164, 192181, 192197, 192213, 192231, 192249]]
04/05/2022 16:10:40 PM - INFO - update trend: [-0.039312525545453496]
04/05/2022 16:10:40 PM - INFO - estimateQueueDelayDuration [-9.435006130908839] = queueDelayDelta [-0.15725010218181398] * numCount[1001]
04/05/2022 16:10:40 PM - INFO - [in this interval] signal is [Signal.NORMAL]
04/05/2022 16:10:40 PM - INFO - [in this interval] adaptiveThresholdGamma is [60.79160207153751]
04/05/2022 16:10:40 PM - INFO - [in this interval] state is [State.INCREASE]
04/05/2022 16:10:40 PM - INFO - [in this interval] now real rate is [0.6573521126760563]mbps
04/05/2022 16:10:40 PM - INFO - [in this interval] now real rtt is [3062]
04/05/2022 16:10:40 PM - INFO - [in this interval] aimd control rate is [0.9474620077980737] mbps
04/05/2022 16:10:40 PM - INFO - [in this interval] delay-rate is [0.9474620077980737] mbps
04/05/2022 16:10:40 PM - INFO - average delay [1360.4285714285713]
04/05/2022 16:10:40 PM - INFO - average delay [1313.3333333333333]
04/05/2022 16:10:40 PM - INFO - average delay [1271.8333333333333]
04/05/2022 16:10:40 PM - INFO - average delay [1239.8333333333333]
04/05/2022 16:10:40 PM - INFO - nowTs is [192768], lastTs is [192532]
04/05/2022 16:10:40 PM - INFO - [in this interval] loss-ratio is [0.0]
04/05/2022 16:10:40 PM - INFO - [in this interval] group num is [11]
04/05/2022 16:10:40 PM - INFO - [in this interval] delayDelta from group is [[-11, -15, -16, -11, -14, -15, -9, -14, 10, -3]]
04/05/2022 16:10:40 PM - INFO - sample List of accDelay : [[-5743.922066476959, -5746.929859829263, -5751.136873846336, -5756.323186461703, -5761.290867815533, -5767.661781033979, -5775.2956029305815, -5783.866042637523, -5793.279438373771, -5803.751494536395, -5814.276345082755, -5825.248710574479, -5836.723839517032, -5848.151455565328, -5859.836310008795, -5871.852679007916, -5883.567411107124, -5895.510669996412, -5905.259602996771, -5914.333642697095]]
04/05/2022 16:10:40 PM - INFO - sample List of time: [[192097, 192104, 192113, 192138, 192164, 192181, 192197, 192213, 192231, 192249, 192268, 192287, 192307, 192326, 192345, 192366, 192386, 192407, 192428, 192473]]
04/05/2022 16:10:40 PM - INFO - update trend: [-0.4961065223753864]
04/05/2022 16:10:40 PM - INFO - estimateQueueDelayDuration [-119.06556537009273] = queueDelayDelta [-1.9844260895015455] * numCount[1001]
04/05/2022 16:10:40 PM - INFO - [in this interval] signal is [Signal.UNDER_USE]
04/05/2022 16:10:40 PM - INFO - [in this interval] adaptiveThresholdGamma is [60.79160207153751]
04/05/2022 16:10:40 PM - INFO - [in this interval] state is [State.HOLD]
04/05/2022 16:10:40 PM - INFO - [in this interval] now real rate is [0.7266345381526104]mbps
04/05/2022 16:10:40 PM - INFO - [in this interval] now real rtt is [2874]
04/05/2022 16:10:40 PM - INFO - [in this interval] aimd control rate is [0.9474620077980737] mbps
04/05/2022 16:10:40 PM - INFO - [in this interval] delay-rate is [0.9474620077980737] mbps
04/05/2022 16:10:40 PM - INFO - average delay [1233.3333333333333]
04/05/2022 16:10:40 PM - INFO - average delay [1251.5]
04/05/2022 16:10:40 PM - INFO - average delay [1266.3333333333333]
04/05/2022 16:10:40 PM - INFO - average delay [1282.0]
04/05/2022 16:10:40 PM - INFO - nowTs is [193015], lastTs is [192768]
04/05/2022 16:10:40 PM - INFO - [in this interval] loss-ratio is [0.0]
04/05/2022 16:10:40 PM - INFO - [in this interval] group num is [6]
04/05/2022 16:10:40 PM - INFO - [in this interval] delayDelta from group is [[10, 11, 14, 10, 9]]
04/05/2022 16:10:40 PM - INFO - sample List of accDelay : [[-5767.661781033979, -5775.2956029305815, -5783.866042637523, -5793.279438373771, -5803.751494536395, -5814.276345082755, -5825.248710574479, -5836.723839517032, -5848.151455565328, -5859.836310008795, -5871.852679007916, -5883.567411107124, -5895.510669996412, -5905.259602996771, -5914.333642697095, -5921.500278427386, -5926.850250584647, -5930.265225526182, -5932.338702973564, -5933.304832676207]]
04/05/2022 16:10:40 PM - INFO - sample List of time: [[192181, 192197, 192213, 192231, 192249, 192268, 192287, 192307, 192326, 192345, 192366, 192386, 192407, 192428, 192473, 192518, 192563, 192609, 192653, 192698]]
04/05/2022 16:10:40 PM - INFO - update trend: [-0.3509951414685417]
04/05/2022 16:10:40 PM - INFO - estimateQueueDelayDuration [-84.23883395245001] = queueDelayDelta [-1.4039805658741669] * numCount[1000]
04/05/2022 16:10:40 PM - INFO - [in this interval] signal is [Signal.UNDER_USE]
04/05/2022 16:10:40 PM - INFO - [in this interval] adaptiveThresholdGamma is [60.79160207153751]
04/05/2022 16:10:40 PM - INFO - [in this interval] state is [State.HOLD]
04/05/2022 16:10:40 PM - INFO - [in this interval] now real rate is [0.5271561866125761]mbps
04/05/2022 16:10:40 PM - INFO - [in this interval] now real rtt is [3018]
04/05/2022 16:10:40 PM - INFO - [in this interval] aimd control rate is [0.9474620077980737] mbps
04/05/2022 16:10:40 PM - INFO - [in this interval] delay-rate is [0.9474620077980737] mbps
04/05/2022 16:10:40 PM - INFO - average delay [1300.3333333333333]
04/05/2022 16:10:40 PM - INFO - average delay [1315.5]
04/05/2022 16:10:40 PM - INFO - average delay [1324.25]
04/05/2022 16:10:40 PM - INFO - average delay [1321.0]
04/05/2022 16:10:40 PM - INFO - nowTs is [193242], lastTs is [193015]
04/05/2022 16:10:40 PM - INFO - [in this interval] loss-ratio is [0.0]
04/05/2022 16:10:40 PM - INFO - [in this interval] group num is [7]
04/05/2022 16:10:40 PM - INFO - [in this interval] delayDelta from group is [[10, -6, 0, -4, -3, -10]]
04/05/2022 16:10:40 PM - INFO - sample List of accDelay : [[-5825.248710574479, -5836.723839517032, -5848.151455565328, -5859.836310008795, -5871.852679007916, -5883.567411107124, -5895.510669996412, -5905.259602996771, -5914.333642697095, -5921.500278427386, -5926.850250584647, -5930.265225526182, -5932.338702973564, -5933.304832676207, -5933.174349408587, -5933.656914467729, -5934.091223020956, -5934.882100718861, -5935.893890646975, -5937.804501582277]]
04/05/2022 16:10:40 PM - INFO - sample List of time: [[192287, 192307, 192326, 192345, 192366, 192386, 192407, 192428, 192473, 192518, 192563, 192609, 192653, 192698, 192787, 192832, 192861, 192891, 192922, 192954]]
04/05/2022 16:10:40 PM - INFO - update trend: [-0.13817439348896238]
04/05/2022 16:10:40 PM - INFO - estimateQueueDelayDuration [-33.16185443735097] = queueDelayDelta [-0.5526975739558495] * numCount[1000]
04/05/2022 16:10:40 PM - INFO - [in this interval] signal is [Signal.NORMAL]
04/05/2022 16:10:40 PM - INFO - [in this interval] adaptiveThresholdGamma is [60.29426661412215]
04/05/2022 16:10:40 PM - INFO - [in this interval] state is [State.INCREASE]
04/05/2022 16:10:40 PM - INFO - [in this interval] now real rate is [0.4429516129032258]mbps
04/05/2022 16:10:40 PM - INFO - [in this interval] now real rtt is [3022]
04/05/2022 16:10:40 PM - INFO - [in this interval] aimd control rate is [0.9514097661638989] mbps
04/05/2022 16:10:40 PM - INFO - [in this interval] delay-rate is [0.9514097661638989] mbps
04/05/2022 16:10:40 PM - INFO - average delay [1316.5]
04/05/2022 16:10:40 PM - INFO - average delay [1313.75]
04/05/2022 16:10:40 PM - INFO - average delay [1313.5]
04/05/2022 16:10:40 PM - INFO - average delay [1314.25]
04/05/2022 16:10:40 PM - INFO - nowTs is [193497], lastTs is [193242]
04/05/2022 16:10:40 PM - INFO - [in this interval] loss-ratio is [0.0]
04/05/2022 16:10:40 PM - INFO - [in this interval] group num is [8]
04/05/2022 16:10:40 PM - INFO - [in this interval] delayDelta from group is [[-3, -2, 3, 0, 1, 5, 0]]
04/05/2022 16:10:40 PM - INFO - sample List of accDelay : [[-5905.259602996771, -5914.333642697095, -5921.500278427386, -5926.850250584647, -5930.265225526182, -5932.338702973564, -5933.304832676207, -5933.174349408587, -5933.656914467729, -5934.091223020956, -5934.882100718861, -5935.893890646975, -5937.804501582277, -5939.82405142405, -5941.841646281645, -5943.35748165348, -5944.7217334881325, -5945.849560139319, -5946.364604125387, -5946.828143712848]]
04/05/2022 16:10:40 PM - INFO - sample List of time: [[192428, 192473, 192518, 192563, 192609, 192653, 192698, 192787, 192832, 192861, 192891, 192922, 192954, 192985, 193017, 193050, 193083, 193118, 193154, 193189]]
04/05/2022 16:10:40 PM - INFO - update trend: [-0.042416467219119215]
04/05/2022 16:10:40 PM - INFO - estimateQueueDelayDuration [-10.179952132588612] = queueDelayDelta [-0.16966586887647686] * numCount[1001]
04/05/2022 16:10:40 PM - INFO - [in this interval] signal is [Signal.NORMAL]
04/05/2022 16:10:40 PM - INFO - [in this interval] adaptiveThresholdGamma is [59.39220895345455]
04/05/2022 16:10:40 PM - INFO - [in this interval] state is [State.INCREASE]
04/05/2022 16:10:40 PM - INFO - [in this interval] now real rate is [0.5483983402489626]mbps
04/05/2022 16:10:40 PM - INFO - [in this interval] now real rtt is [3052]
04/05/2022 16:10:40 PM - INFO - [in this interval] aimd control rate is [0.9553739735229153] mbps
04/05/2022 16:10:40 PM - INFO - [in this interval] delay-rate is [0.9553739735229153] mbps
04/05/2022 16:10:40 PM - INFO - average delay [1319.5]
04/05/2022 16:10:40 PM - INFO - average delay [1318.6666666666667]
04/05/2022 16:10:40 PM - INFO - average delay [1322.5]
04/05/2022 16:10:40 PM - INFO - average delay [1323.0]
04/05/2022 16:10:40 PM - INFO - nowTs is [193727], lastTs is [193497]
04/05/2022 16:10:40 PM - INFO - [in this interval] loss-ratio is [0.0]
04/05/2022 16:10:40 PM - INFO - [in this interval] group num is [7]
04/05/2022 16:10:40 PM - INFO - [in this interval] delayDelta from group is [[4, -1, -1, 4, -1, -4]]
04/05/2022 16:10:40 PM - INFO - sample List of accDelay : [[-5933.304832676207, -5933.174349408587, -5933.656914467729, -5934.091223020956, -5934.882100718861, -5935.893890646975, -5937.804501582277, -5939.82405142405, -5941.841646281645, -5943.35748165348, -5944.7217334881325, -5945.849560139319, -5946.364604125387, -5946.828143712848, -5946.845329341563, -5946.9607964074075, -5947.164716766667, -5946.9482450900005, -5946.853420581001, -5947.168078522901]]
04/05/2022 16:10:40 PM - INFO - sample List of time: [[192698, 192787, 192832, 192861, 192891, 192922, 192954, 192985, 193017, 193050, 193083, 193118, 193154, 193189, 193258, 193292, 193326, 193360, 193394, 193428]]
04/05/2022 16:10:40 PM - INFO - update trend: [-0.024407930887499537]
04/05/2022 16:10:40 PM - INFO - estimateQueueDelayDuration [-5.857903412999889] = queueDelayDelta [-0.09763172354999815] * numCount[1001]
04/05/2022 16:10:40 PM - INFO - [in this interval] signal is [Signal.NORMAL]
04/05/2022 16:10:40 PM - INFO - [in this interval] adaptiveThresholdGamma is [58.42859145372636]
04/05/2022 16:10:40 PM - INFO - [in this interval] state is [State.INCREASE]
04/05/2022 16:10:40 PM - INFO - [in this interval] now real rate is [0.582496]mbps
04/05/2022 16:10:40 PM - INFO - [in this interval] now real rtt is [3052]
04/05/2022 16:10:40 PM - INFO - [in this interval] aimd control rate is [0.959354698412594] mbps
04/05/2022 16:10:40 PM - INFO - [in this interval] delay-rate is [0.959354698412594] mbps
04/05/2022 16:10:40 PM - INFO - average delay [1324.6666666666667]
04/05/2022 16:10:40 PM - INFO - average delay [1349.0]
04/05/2022 16:10:40 PM - INFO - average delay [1363.3333333333333]
04/05/2022 16:10:40 PM - INFO - average delay [1382.6666666666667]
04/05/2022 16:10:40 PM - INFO - nowTs is [193958], lastTs is [193727]
04/05/2022 16:10:40 PM - INFO - [in this interval] loss-ratio is [0.0]
04/05/2022 16:10:40 PM - INFO - [in this interval] group num is [5]
04/05/2022 16:10:40 PM - INFO - [in this interval] delayDelta from group is [[23, 20, 18, 13]]
04/05/2022 16:10:40 PM - INFO - sample List of accDelay : [[-5934.882100718861, -5935.893890646975, -5937.804501582277, -5939.82405142405, -5941.841646281645, -5943.35748165348, -5944.7217334881325, -5945.849560139319, -5946.364604125387, -5946.828143712848, -5946.845329341563, -5946.9607964074075, -5947.164716766667, -5946.9482450900005, -5946.853420581001, -5947.168078522901, -5945.151270670611, -5941.336143603549, -5936.102529243194, -5930.0922763188755]]
04/05/2022 16:10:40 PM - INFO - sample List of time: [[192891, 192922, 192954, 192985, 193017, 193050, 193083, 193118, 193154, 193189, 193258, 193292, 193326, 193360, 193394, 193428, 193481, 193534, 193589, 193642]]
04/05/2022 16:10:40 PM - INFO - update trend: [-0.001319420016204019]
04/05/2022 16:10:40 PM - INFO - estimateQueueDelayDuration [-0.31666080388896456] = queueDelayDelta [-0.005277680064816076] * numCount[1001]
04/05/2022 16:10:40 PM - INFO - [in this interval] signal is [Signal.NORMAL]
04/05/2022 16:10:40 PM - INFO - [in this interval] adaptiveThresholdGamma is [57.38257670202929]
04/05/2022 16:10:40 PM - INFO - [in this interval] state is [State.INCREASE]
04/05/2022 16:10:40 PM - INFO - [in this interval] now real rate is [0.5051451612903225]mbps
04/05/2022 16:10:40 PM - INFO - [in this interval] now real rtt is [3244]
04/05/2022 16:10:40 PM - INFO - [in this interval] aimd control rate is [0.9633520096559798] mbps
04/05/2022 16:10:40 PM - INFO - [in this interval] delay-rate is [0.9633520096559798] mbps
04/05/2022 16:10:40 PM - INFO - average delay [1412.3333333333333]
04/05/2022 16:10:40 PM - INFO - average delay [1421.3333333333333]
04/05/2022 16:10:40 PM - INFO - average delay [1441.3333333333333]
04/05/2022 16:10:40 PM - INFO - average delay [1454.0]
04/05/2022 16:10:40 PM - INFO - nowTs is [194201], lastTs is [193958]
04/05/2022 16:10:40 PM - INFO - [in this interval] loss-ratio is [0.0]
04/05/2022 16:10:40 PM - INFO - [in this interval] group num is [6]
04/05/2022 16:10:40 PM - INFO - [in this interval] delayDelta from group is [[9, 12, -8, 25, 28]]
04/05/2022 16:10:40 PM - INFO - sample List of accDelay : [[-5943.35748165348, -5944.7217334881325, -5945.849560139319, -5946.364604125387, -5946.828143712848, -5946.845329341563, -5946.9607964074075, -5947.164716766667, -5946.9482450900005, -5946.853420581001, -5947.168078522901, -5945.151270670611, -5941.336143603549, -5936.102529243194, -5930.0922763188755, -5923.783048686988, -5916.90474381829, -5911.514269436461, -5904.162842492816, -5894.746558243534]]
04/05/2022 16:10:40 PM - INFO - sample List of time: [[193050, 193083, 193118, 193154, 193189, 193258, 193292, 193326, 193360, 193394, 193428, 193481, 193534, 193589, 193642, 193728, 193771, 193814, 193835, 193866]]
04/05/2022 16:10:40 PM - INFO - update trend: [0.05241025015437667]
04/05/2022 16:10:40 PM - INFO - estimateQueueDelayDuration [12.578460037050402] = queueDelayDelta [0.20964100061750668] * numCount[1000]
04/05/2022 16:10:40 PM - INFO - [in this interval] signal is [Signal.NORMAL]
04/05/2022 16:10:40 PM - INFO - [in this interval] adaptiveThresholdGamma is [56.57610260205967]
04/05/2022 16:10:40 PM - INFO - [in this interval] state is [State.INCREASE]
04/05/2022 16:10:40 PM - INFO - [in this interval] now real rate is [0.428736]mbps
04/05/2022 16:10:40 PM - INFO - [in this interval] now real rtt is [3392]
04/05/2022 16:10:40 PM - INFO - [in this interval] aimd control rate is [0.9673659763628797] mbps
04/05/2022 16:10:40 PM - INFO - [in this interval] delay-rate is [0.9673659763628797] mbps
04/05/2022 16:10:40 PM - INFO - average delay [1483.0]
04/05/2022 16:10:40 PM - INFO - average delay [1515.0]
04/05/2022 16:10:40 PM - INFO - average delay [1542.0]
04/05/2022 16:10:40 PM - INFO - average delay [1562.0]
04/05/2022 16:10:40 PM - INFO - nowTs is [194454], lastTs is [194201]
04/05/2022 16:10:40 PM - INFO - [in this interval] loss-ratio is [0.0]
04/05/2022 16:10:40 PM - INFO - [in this interval] group num is [4]
04/05/2022 16:10:40 PM - INFO - [in this interval] delayDelta from group is [[27, 52, 17]]
04/05/2022 16:10:40 PM - INFO - sample List of accDelay : [[-5946.364604125387, -5946.828143712848, -5946.845329341563, -5946.9607964074075, -5947.164716766667, -5946.9482450900005, -5946.853420581001, -5947.168078522901, -5945.151270670611, -5941.336143603549, -5936.102529243194, -5930.0922763188755, -5923.783048686988, -5916.90474381829, -5911.514269436461, -5904.162842492816, -5894.746558243534, -5883.571902419181, -5868.314712177264, -5852.883240959537]]
04/05/2022 16:10:40 PM - INFO - sample List of time: [[193154, 193189, 193258, 193292, 193326, 193360, 193394, 193428, 193481, 193534, 193589, 193642, 193728, 193771, 193814, 193835, 193866, 193990, 194052, 194139]]
04/05/2022 16:10:40 PM - INFO - update trend: [0.09228900553882086]
04/05/2022 16:10:40 PM - INFO - estimateQueueDelayDuration [22.149361329317006] = queueDelayDelta [0.3691560221552834] * numCount[1001]
04/05/2022 16:10:40 PM - INFO - [in this interval] signal is [Signal.NORMAL]
04/05/2022 16:10:40 PM - INFO - [in this interval] adaptiveThresholdGamma is [55.956421259150304]
04/05/2022 16:10:40 PM - INFO - [in this interval] state is [State.INCREASE]
04/05/2022 16:10:40 PM - INFO - [in this interval] now real rate is [0.3749193548387097]mbps
04/05/2022 16:10:40 PM - INFO - [in this interval] now real rtt is [3648]
04/05/2022 16:10:40 PM - INFO - [in this interval] aimd control rate is [0.9713966679310585] mbps
04/05/2022 16:10:40 PM - INFO - [in this interval] delay-rate is [0.9713966679310585] mbps
04/05/2022 16:10:40 PM - INFO - average delay [1615.5]
04/05/2022 16:10:40 PM - INFO - average delay [1661.0]
04/05/2022 16:10:40 PM - INFO - average delay [1676.6666666666667]
04/05/2022 16:10:40 PM - INFO - average delay [1672.8]
04/05/2022 16:10:40 PM - INFO - nowTs is [194687], lastTs is [194454]
04/05/2022 16:10:40 PM - INFO - [in this interval] loss-ratio is [0.0]
04/05/2022 16:10:40 PM - INFO - [in this interval] group num is [7]
04/05/2022 16:10:40 PM - INFO - [in this interval] delayDelta from group is [[24, -5, 0, -6, -6, -11]]
04/05/2022 16:10:40 PM - INFO - sample List of accDelay : [[-5946.853420581001, -5947.168078522901, -5945.151270670611, -5941.336143603549, -5936.102529243194, -5930.0922763188755, -5923.783048686988, -5916.90474381829, -5911.514269436461, -5904.162842492816, -5894.746558243534, -5883.571902419181, -5868.314712177264, -5852.883240959537, -5836.594916863583, -5822.435425177226, -5809.691882659503, -5798.822694393553, -5789.640424954198, -5782.476382458779]]
04/05/2022 16:10:40 PM - INFO - sample List of time: [[193394, 193428, 193481, 193534, 193589, 193642, 193728, 193771, 193814, 193835, 193866, 193990, 194052, 194139, 194223, 194282, 194312, 194342, 194371, 194400]]
04/05/2022 16:10:40 PM - INFO - update trend: [0.1662990590957208]
04/05/2022 16:10:40 PM - INFO - estimateQueueDelayDuration [39.91177418297299] = queueDelayDelta [0.6651962363828832] * numCount[1001]
04/05/2022 16:10:40 PM - INFO - [in this interval] signal is [Signal.NORMAL]
04/05/2022 16:10:40 PM - INFO - [in this interval] adaptiveThresholdGamma is [55.667617611779114]
04/05/2022 16:10:40 PM - INFO - [in this interval] state is [State.INCREASE]
04/05/2022 16:10:40 PM - INFO - [in this interval] now real rate is [0.42954732510288063]mbps
04/05/2022 16:10:40 PM - INFO - [in this interval] now real rtt is [3714]
04/05/2022 16:10:40 PM - INFO - [in this interval] aimd control rate is [0.9754441540474378] mbps
04/05/2022 16:10:40 PM - INFO - [in this interval] delay-rate is [0.9754441540474378] mbps
04/05/2022 16:10:40 PM - INFO - average delay [1664.2]
04/05/2022 16:10:40 PM - INFO - average delay [1657.5]
04/05/2022 16:10:40 PM - INFO - average delay [1654.75]
04/05/2022 16:10:40 PM - INFO - average delay [1651.0]
04/05/2022 16:10:40 PM - INFO - nowTs is [194929], lastTs is [194687]
04/05/2022 16:10:40 PM - INFO - [in this interval] loss-ratio is [0.0]
04/05/2022 16:10:40 PM - INFO - [in this interval] group num is [8]
04/05/2022 16:10:40 PM - INFO - [in this interval] delayDelta from group is [[-3, -3, 1, -3, -3, 1, 3]]
04/05/2022 16:10:40 PM - INFO - sample List of accDelay : [[-5916.90474381829, -5911.514269436461, -5904.162842492816, -5894.746558243534, -5883.571902419181, -5868.314712177264, -5852.883240959537, -5836.594916863583, -5822.435425177226, -5809.691882659503, -5798.822694393553, -5789.640424954198, -5782.476382458779, -5776.3287442129, -5771.09586979161, -5766.28628281245, -5762.257654531204, -5758.931889078083, -5755.838700170275, -5752.754830153248]]
04/05/2022 16:10:40 PM - INFO - sample List of time: [[193771, 193814, 193835, 193866, 193990, 194052, 194139, 194223, 194282, 194312, 194342, 194371, 194400, 194428, 194460, 194492, 194523, 194555, 194587, 194618]]
04/05/2022 16:10:40 PM - INFO - update trend: [0.2080440071810595]
04/05/2022 16:10:40 PM - INFO - estimateQueueDelayDuration [49.93056172345428] = queueDelayDelta [0.832176028724238] * numCount[1000]
04/05/2022 16:10:40 PM - INFO - [in this interval] signal is [Signal.NORMAL]
04/05/2022 16:10:40 PM - INFO - [in this interval] adaptiveThresholdGamma is [55.564350605789265]
04/05/2022 16:10:40 PM - INFO - [in this interval] state is [State.INCREASE]
04/05/2022 16:10:40 PM - INFO - [in this interval] now real rate is [0.6089263157894738]mbps
04/05/2022 16:10:40 PM - INFO - [in this interval] now real rtt is [3718]
04/05/2022 16:10:40 PM - INFO - [in this interval] aimd control rate is [0.9795085046893022] mbps
04/05/2022 16:10:40 PM - INFO - [in this interval] delay-rate is [0.9795085046893022] mbps
04/05/2022 16:10:40 PM - INFO - average delay [1650.75]
04/05/2022 16:10:40 PM - INFO - average delay [1660.0]
04/05/2022 16:10:40 PM - INFO - average delay [1671.3333333333333]
04/05/2022 16:10:40 PM - INFO - average delay [1688.3333333333333]
04/05/2022 16:10:40 PM - INFO - nowTs is [195160], lastTs is [194929]
04/05/2022 16:10:40 PM - INFO - [in this interval] loss-ratio is [0.0]
04/05/2022 16:10:40 PM - INFO - [in this interval] group num is [6]
04/05/2022 16:10:40 PM - INFO - [in this interval] delayDelta from group is [[13, 8, 9, 8, -10]]
04/05/2022 16:10:40 PM - INFO - sample List of accDelay : [[-5868.314712177264, -5852.883240959537, -5836.594916863583, -5822.435425177226, -5809.691882659503, -5798.822694393553, -5789.640424954198, -5782.476382458779, -5776.3287442129, -5771.09586979161, -5766.28628281245, -5762.257654531204, -5758.931889078083, -5755.838700170275, -5752.754830153248, -5748.679347137923, -5744.211412424131, -5739.290271181718, -5734.061244063546, -5730.355119657192]]
04/05/2022 16:10:40 PM - INFO - sample List of time: [[194052, 194139, 194223, 194282, 194312, 194342, 194371, 194400, 194428, 194460, 194492, 194523, 194555, 194587, 194618, 194699, 194742, 194785, 194829, 194867]]
04/05/2022 16:10:40 PM - INFO - update trend: [0.16814485632637283]
04/05/2022 16:10:40 PM - INFO - estimateQueueDelayDuration [40.35476551832948] = queueDelayDelta [0.6725794253054913] * numCount[1001]
04/05/2022 16:10:40 PM - INFO - [in this interval] signal is [Signal.NORMAL]
04/05/2022 16:10:40 PM - INFO - [in this interval] adaptiveThresholdGamma is [55.29057807421499]
04/05/2022 16:10:40 PM - INFO - [in this interval] state is [State.INCREASE]
04/05/2022 16:10:40 PM - INFO - [in this interval] now real rate is [0.5907843942505134]mbps
04/05/2022 16:10:40 PM - INFO - [in this interval] now real rtt is [3790]
04/05/2022 16:10:40 PM - INFO - [in this interval] aimd control rate is [0.9835897901255076] mbps
04/05/2022 16:10:40 PM - INFO - [in this interval] delay-rate is [0.9835897901255076] mbps
04/05/2022 16:10:40 PM - INFO - average delay [1697.0]
04/05/2022 16:10:40 PM - INFO - average delay [1706.3333333333333]
04/05/2022 16:10:40 PM - INFO - average delay [1715.75]
04/05/2022 16:10:40 PM - INFO - average delay [1723.3333333333333]
04/05/2022 16:10:40 PM - INFO - nowTs is [195402], lastTs is [195160]
04/05/2022 16:10:40 PM - INFO - [in this interval] loss-ratio is [0.0]
04/05/2022 16:10:40 PM - INFO - [in this interval] group num is [7]
04/05/2022 16:10:40 PM - INFO - [in this interval] delayDelta from group is [[3, 9, 4, 6, 14, -8]]
04/05/2022 16:10:40 PM - INFO - sample List of accDelay : [[-5789.640424954198, -5782.476382458779, -5776.3287442129, -5771.09586979161, -5766.28628281245, -5762.257654531204, -5758.931889078083, -5755.838700170275, -5752.754830153248, -5748.679347137923, -5744.211412424131, -5739.290271181718, -5734.061244063546, -5730.355119657192, -5726.719607691472, -5722.547646922325, -5718.392882230093, -5714.053594007084, -5708.748234606375, -5704.773411145738]]
04/05/2022 16:10:40 PM - INFO - sample List of time: [[194371, 194400, 194428, 194460, 194492, 194523, 194555, 194587, 194618, 194699, 194742, 194785, 194829, 194867, 194906, 194944, 194983, 195022, 195063, 195107]]
04/05/2022 16:10:40 PM - INFO - update trend: [0.10505595177863929]
04/05/2022 16:10:40 PM - INFO - estimateQueueDelayDuration [25.213428426873428] = queueDelayDelta [0.42022380711455715] * numCount[1001]
04/05/2022 16:10:40 PM - INFO - [in this interval] signal is [Signal.NORMAL]
04/05/2022 16:10:40 PM - INFO - [in this interval] adaptiveThresholdGamma is [54.74918938056285]
04/05/2022 16:10:40 PM - INFO - [in this interval] state is [State.INCREASE]
04/05/2022 16:10:40 PM - INFO - [in this interval] now real rate is [0.5282101010101009]mbps
04/05/2022 16:10:40 PM - INFO - [in this interval] now real rtt is [3874]
04/05/2022 16:10:40 PM - INFO - [in this interval] aimd control rate is [0.9876880809176973] mbps
04/05/2022 16:10:40 PM - INFO - [in this interval] delay-rate is [0.9876880809176973] mbps
04/05/2022 16:10:40 PM - INFO - average delay [1736.6666666666667]
04/05/2022 16:10:40 PM - INFO - average delay [1754.0]
04/05/2022 16:10:40 PM - INFO - average delay [1769.0]
04/05/2022 16:10:40 PM - INFO - average delay [1779.0]
04/05/2022 16:10:40 PM - INFO - nowTs is [195648], lastTs is [195402]
04/05/2022 16:10:40 PM - INFO - [in this interval] loss-ratio is [0.0]
04/05/2022 16:10:40 PM - INFO - [in this interval] group num is [6]
04/05/2022 16:10:40 PM - INFO - [in this interval] delayDelta from group is [[10, 14, 10, 11, 15]]
04/05/2022 16:10:40 PM - INFO - sample List of accDelay : [[-5762.257654531204, -5758.931889078083, -5755.838700170275, -5752.754830153248, -5748.679347137923, -5744.211412424131, -5739.290271181718, -5734.061244063546, -5730.355119657192, -5726.719607691472, -5722.547646922325, -5718.392882230093, -5714.053594007084, -5708.748234606375, -5704.773411145738, -5700.196070031164, -5694.676463028048, -5688.708816725243, -5682.237935052719, -5674.914141547447]]
04/05/2022 16:10:40 PM - INFO - sample List of time: [[194523, 194555, 194587, 194618, 194699, 194742, 194785, 194829, 194867, 194906, 194944, 194983, 195022, 195063, 195107, 195150, 195195, 195239, 195284, 195330]]
04/05/2022 16:10:40 PM - INFO - update trend: [0.1053908180835154]
04/05/2022 16:10:40 PM - INFO - estimateQueueDelayDuration [25.293796340043695] = queueDelayDelta [0.4215632723340616] * numCount[1000]
04/05/2022 16:10:40 PM - INFO - [in this interval] signal is [Signal.NORMAL]
04/05/2022 16:10:40 PM - INFO - [in this interval] adaptiveThresholdGamma is [54.2189923058335]
04/05/2022 16:10:40 PM - INFO - [in this interval] state is [State.INCREASE]
04/05/2022 16:10:40 PM - INFO - [in this interval] now real rate is [0.5232786885245901]mbps
04/05/2022 16:10:40 PM - INFO - [in this interval] now real rtt is [4026]
04/05/2022 16:10:40 PM - INFO - [in this interval] aimd control rate is [0.991803447921521] mbps
04/05/2022 16:10:40 PM - INFO - [in this interval] delay-rate is [0.991803447921521] mbps
04/05/2022 16:10:40 PM - INFO - average delay [1802.0]
04/05/2022 16:10:40 PM - INFO - average delay [1814.0]
04/05/2022 16:10:40 PM - INFO - average delay [1776.25]
04/05/2022 16:10:40 PM - INFO - average delay [1763.5]
04/05/2022 16:10:40 PM - INFO - nowTs is [195895], lastTs is [195648]
04/05/2022 16:10:40 PM - INFO - [in this interval] loss-ratio is [0.3157894736842105]
04/05/2022 16:10:40 PM - INFO - [in this interval] group num is [9]
04/05/2022 16:10:40 PM - INFO - [in this interval] delayDelta from group is [[-37, -5, -12, 1, -12, -4, -7, -17]]
04/05/2022 16:10:40 PM - INFO - sample List of accDelay : [[-5730.355119657192, -5726.719607691472, -5722.547646922325, -5718.392882230093, -5714.053594007084, -5708.748234606375, -5704.773411145738, -5700.196070031164, -5694.676463028048, -5688.708816725243, -5682.237935052719, -5674.914141547447, -5672.022727392703, -5669.920454653433, -5669.22840918809, -5668.505568269281, -5669.055011442352, -5669.949510298117, -5671.454559268305, -5674.509103341475]]
04/05/2022 16:10:40 PM - INFO - sample List of time: [[194867, 194906, 194944, 194983, 195022, 195063, 195107, 195150, 195195, 195239, 195284, 195330, 195420, 195443, 195478, 195496, 195532, 195550, 195586, 195604]]
04/05/2022 16:10:40 PM - INFO - update trend: [0.08784913078897434]
04/05/2022 16:10:40 PM - INFO - estimateQueueDelayDuration [21.08379138935384] = queueDelayDelta [0.35139652315589737] * numCount[1000]
04/05/2022 16:10:40 PM - INFO - [in this interval] signal is [Signal.NORMAL]
04/05/2022 16:10:40 PM - INFO - [in this interval] adaptiveThresholdGamma is [53.62255868933687]
04/05/2022 16:10:40 PM - INFO - [in this interval] state is [State.INCREASE]
04/05/2022 16:10:40 PM - INFO - [in this interval] now real rate is [0.5512697768762678]mbps
04/05/2022 16:10:40 PM - INFO - [in this interval] now real rtt is [3860]
04/05/2022 16:10:40 PM - INFO - [in this interval] aimd control rate is [0.9959359622878607] mbps
04/05/2022 16:10:40 PM - INFO - [in this interval] delay-rate is [0.9959359622878607] mbps
04/05/2022 16:10:40 PM - INFO - average delay [1743.0]
04/05/2022 16:10:40 PM - INFO - average delay [1739.5]
04/05/2022 16:10:40 PM - INFO - average delay [1692.3333333333333]
04/05/2022 16:10:40 PM - INFO - average delay [1638.3333333333333]
04/05/2022 16:10:40 PM - INFO - nowTs is [196116], lastTs is [195895]
04/05/2022 16:10:40 PM - INFO - [in this interval] loss-ratio is [0.5454545454545454]
04/05/2022 16:10:40 PM - INFO - [in this interval] group num is [10]
04/05/2022 16:10:40 PM - INFO - [in this interval] delayDelta from group is [[-7, -13, -42, -8, -12, -13, -42, -12, -8]]
04/05/2022 16:10:40 PM - INFO - sample List of accDelay : [[-5688.708816725243, -5682.237935052719, -5674.914141547447, -5672.022727392703, -5669.920454653433, -5669.22840918809, -5668.505568269281, -5669.055011442352, -5669.949510298117, -5671.454559268305, -5674.509103341475, -5677.958193007327, -5682.362373706595, -5690.526136335935, -5698.673522702342, -5707.206170432108, -5716.185553388897, -5728.466998050007, -5740.720298245005, -5752.548268420504]]
04/05/2022 16:10:40 PM - INFO - sample List of time: [[195239, 195284, 195330, 195420, 195443, 195478, 195496, 195532, 195550, 195586, 195604, 195640, 195663, 195685, 195708, 195730, 195753, 195775, 195798, 195821]]
04/05/2022 16:10:40 PM - INFO - update trend: [-0.1020765601744233]
04/05/2022 16:10:40 PM - INFO - estimateQueueDelayDuration [-24.498374441861593] = queueDelayDelta [-0.4083062406976932] * numCount[1001]
04/05/2022 16:10:40 PM - INFO - [in this interval] signal is [Signal.NORMAL]
04/05/2022 16:10:40 PM - INFO - [in this interval] adaptiveThresholdGamma is [53.09832337288231]
04/05/2022 16:10:40 PM - INFO - [in this interval] state is [State.INCREASE]
04/05/2022 16:10:40 PM - INFO - [in this interval] now real rate is [0.564806517311609]mbps
04/05/2022 16:10:40 PM - INFO - [in this interval] now real rtt is [3572]
04/05/2022 16:10:40 PM - INFO - [in this interval] aimd control rate is [1.00008569546406] mbps
04/05/2022 16:10:40 PM - INFO - [in this interval] delay-rate is [1.00008569546406] mbps
04/05/2022 16:10:40 PM - INFO - average delay [1595.3333333333333]
04/05/2022 16:10:40 PM - INFO - average delay [1574.0]
04/05/2022 16:10:40 PM - INFO - average delay [1591.6666666666667]
04/05/2022 16:10:40 PM - INFO - average delay [1611.6666666666667]
04/05/2022 16:10:40 PM - INFO - average delay [1630.5]
04/05/2022 16:10:40 PM - INFO - nowTs is [196424], lastTs is [196116]
04/05/2022 16:10:40 PM - INFO - [in this interval] loss-ratio is [0.15384615384615385]
04/05/2022 16:10:40 PM - INFO - [in this interval] group num is [6]
04/05/2022 16:10:40 PM - INFO - [in this interval] delayDelta from group is [[14, 20, 15, 26, 43]]
04/05/2022 16:10:40 PM - INFO - sample List of accDelay : [[-5669.22840918809, -5668.505568269281, -5669.055011442352, -5669.949510298117, -5671.454559268305, -5674.509103341475, -5677.958193007327, -5682.362373706595, -5690.526136335935, -5698.673522702342, -5707.206170432108, -5716.185553388897, -5728.466998050007, -5740.720298245005, -5752.548268420504, -5761.793441578454, -5768.114097420608, -5772.302687678548, -5773.472418910693, -5770.2251770196235]]
04/05/2022 16:10:40 PM - INFO - sample List of time: [[195478, 195496, 195532, 195550, 195586, 195604, 195640, 195663, 195685, 195708, 195730, 195753, 195775, 195798, 195821, 195868, 195917, 195967, 196017, 196078]]
04/05/2022 16:10:40 PM - INFO - update trend: [-0.22764491424442893]
04/05/2022 16:10:40 PM - INFO - estimateQueueDelayDuration [-54.634779418662944] = queueDelayDelta [-0.9105796569777157] * numCount[1000]
04/05/2022 16:10:40 PM - INFO - [in this interval] signal is [Signal.UNDER_USE]
04/05/2022 16:10:40 PM - INFO - [in this interval] adaptiveThresholdGamma is [54.634779418662944]
04/05/2022 16:10:40 PM - INFO - [in this interval] state is [State.HOLD]
04/05/2022 16:10:40 PM - INFO - [in this interval] now real rate is [0.4644918032786885]mbps
04/05/2022 16:10:40 PM - INFO - [in this interval] now real rtt is [3778]
04/05/2022 16:10:40 PM - INFO - [in this interval] aimd control rate is [1.00008569546406] mbps
04/05/2022 16:10:40 PM - INFO - [in this interval] delay-rate is [1.00008569546406] mbps
04/05/2022 16:10:40 PM - INFO - average delay [1673.0]
04/05/2022 16:10:40 PM - INFO - average delay [1711.0]
04/05/2022 16:10:40 PM - INFO - average delay [1736.3333333333333]
04/05/2022 16:10:40 PM - INFO - average delay [1740.0]
04/05/2022 16:10:40 PM - INFO - nowTs is [196671], lastTs is [196424]
04/05/2022 16:10:40 PM - INFO - [in this interval] loss-ratio is [0.09090909090909091]
04/05/2022 16:10:40 PM - INFO - [in this interval] group num is [6]
04/05/2022 16:10:40 PM - INFO - [in this interval] delayDelta from group is [[21, -5, -1, 4, -5]]
04/05/2022 16:10:40 PM - INFO - sample List of accDelay : [[-5674.509103341475, -5677.958193007327, -5682.362373706595, -5690.526136335935, -5698.673522702342, -5707.206170432108, -5716.185553388897, -5728.466998050007, -5740.720298245005, -5752.548268420504, -5761.793441578454, -5768.114097420608, -5772.302687678548, -5773.472418910693, -5770.2251770196235, -5765.2026593176615, -5761.182393385896, -5757.6641540473065, -5754.097738642576, -5751.387964778318]]
04/05/2022 16:10:40 PM - INFO - sample List of time: [[195604, 195640, 195663, 195685, 195708, 195730, 195753, 195775, 195798, 195821, 195868, 195917, 195967, 196017, 196078, 196224, 196280, 196300, 196339, 196378]]
04/05/2022 16:10:40 PM - INFO - update trend: [-0.10123652909888795]
04/05/2022 16:10:40 PM - INFO - estimateQueueDelayDuration [-24.296766983733107] = queueDelayDelta [-0.4049461163955518] * numCount[1001]
04/05/2022 16:10:40 PM - INFO - [in this interval] signal is [Signal.NORMAL]
04/05/2022 16:10:40 PM - INFO - [in this interval] adaptiveThresholdGamma is [54.08869519483421]
04/05/2022 16:10:40 PM - INFO - [in this interval] state is [State.INCREASE]
04/05/2022 16:10:40 PM - INFO - [in this interval] now real rate is [0.45274012474012476]mbps
04/05/2022 16:10:40 PM - INFO - [in this interval] now real rtt is [3882]
04/05/2022 16:10:40 PM - INFO - [in this interval] aimd control rate is [1.0042527191951602] mbps
04/05/2022 16:10:40 PM - INFO - [in this interval] delay-rate is [1.0042527191951602] mbps
04/05/2022 16:10:40 PM - INFO - average delay [1740.0]
04/05/2022 16:10:40 PM - INFO - average delay [1751.0]
04/05/2022 16:10:40 PM - INFO - average delay [1752.3333333333333]
04/05/2022 16:10:40 PM - INFO - average delay [1769.0]
04/05/2022 16:10:40 PM - INFO - nowTs is [196905], lastTs is [196671]
04/05/2022 16:10:40 PM - INFO - [in this interval] loss-ratio is [0.29411764705882354]
04/05/2022 16:10:40 PM - INFO - [in this interval] group num is [7]
04/05/2022 16:10:40 PM - INFO - [in this interval] delayDelta from group is [[4, 0, 15, 0, 10, -9]]
04/05/2022 16:10:40 PM - INFO - sample List of accDelay : [[-5716.185553388897, -5728.466998050007, -5740.720298245005, -5752.548268420504, -5761.793441578454, -5768.114097420608, -5772.302687678548, -5773.472418910693, -5770.2251770196235, -5765.2026593176615, -5761.182393385896, -5757.6641540473065, -5754.097738642576, -5751.387964778318, -5748.549168300487, -5745.994251470438, -5742.194826323394, -5738.775343691055, -5734.69780932195, -5731.928028389755]]
04/05/2022 16:10:40 PM - INFO - sample List of time: [[195753, 195775, 195798, 195821, 195868, 195917, 195967, 196017, 196078, 196224, 196280, 196300, 196339, 196378, 196417, 196451, 196491, 196531, 196571, 196611]]
04/05/2022 16:10:40 PM - INFO - update trend: [0.0068034599708062995]
04/05/2022 16:10:40 PM - INFO - estimateQueueDelayDuration [1.632830392993512] = queueDelayDelta [0.027213839883225198] * numCount[1001]
04/05/2022 16:10:40 PM - INFO - [in this interval] signal is [Signal.NORMAL]
04/05/2022 16:10:40 PM - INFO - [in this interval] adaptiveThresholdGamma is [53.144489628401075]
04/05/2022 16:10:40 PM - INFO - [in this interval] state is [State.INCREASE]
04/05/2022 16:10:40 PM - INFO - [in this interval] now real rate is [0.46834095634095635]mbps
04/05/2022 16:10:40 PM - INFO - [in this interval] now real rtt is [3950]
04/05/2022 16:10:40 PM - INFO - [in this interval] aimd control rate is [1.0084371055251402] mbps
04/05/2022 16:10:40 PM - INFO - [in this interval] delay-rate is [1.0084371055251402] mbps
04/05/2022 16:10:40 PM - INFO - average delay [1774.3333333333333]
04/05/2022 16:10:40 PM - INFO - average delay [1796.0]
04/05/2022 16:10:40 PM - INFO - average delay [1809.3333333333333]
04/05/2022 16:10:40 PM - INFO - average delay [1836.6666666666667]
04/05/2022 16:10:40 PM - INFO - nowTs is [197151], lastTs is [196905]
04/05/2022 16:10:40 PM - INFO - [in this interval] loss-ratio is [0.26666666666666666]
04/05/2022 16:10:40 PM - INFO - [in this interval] group num is [6]
04/05/2022 16:10:40 PM - INFO - [in this interval] delayDelta from group is [[16, 12, 36, 6, -12]]
04/05/2022 16:10:40 PM - INFO - sample List of accDelay : [[-5768.114097420608, -5772.302687678548, -5773.472418910693, -5770.2251770196235, -5765.2026593176615, -5761.182393385896, -5757.6641540473065, -5754.097738642576, -5751.387964778318, -5748.549168300487, -5745.994251470438, -5742.194826323394, -5738.775343691055, -5734.69780932195, -5731.928028389755, -5727.83522555078, -5722.951702995701, -5714.956532696132, -5707.1608794265185, -5701.344791483866]]
04/05/2022 16:10:40 PM - INFO - sample List of time: [[195917, 195967, 196017, 196078, 196224, 196280, 196300, 196339, 196378, 196417, 196451, 196491, 196531, 196571, 196611, 196655, 196701, 196748, 196819, 196860]]
04/05/2022 16:10:40 PM - INFO - update trend: [0.07526788662888753]
04/05/2022 16:10:40 PM - INFO - estimateQueueDelayDuration [18.064292790933006] = queueDelayDelta [0.3010715465155501] * numCount[1000]
04/05/2022 16:10:40 PM - INFO - [in this interval] signal is [Signal.NORMAL]
04/05/2022 16:10:40 PM - INFO - [in this interval] adaptiveThresholdGamma is [52.51304608532665]
04/05/2022 16:10:40 PM - INFO - [in this interval] state is [State.INCREASE]
04/05/2022 16:10:40 PM - INFO - [in this interval] now real rate is [0.420128]mbps
04/05/2022 16:10:40 PM - INFO - [in this interval] now real rtt is [4102]
04/05/2022 16:10:40 PM - INFO - [in this interval] aimd control rate is [1.0126389267981615] mbps
04/05/2022 16:10:40 PM - INFO - [in this interval] delay-rate is [1.0126389267981615] mbps
04/05/2022 16:10:40 PM - INFO - average delay [1855.25]
04/05/2022 16:10:40 PM - INFO - average delay [1867.0]
04/05/2022 16:10:40 PM - INFO - average delay [1875.25]
04/05/2022 16:10:40 PM - INFO - average delay [1881.75]
04/05/2022 16:10:40 PM - INFO - nowTs is [197384], lastTs is [197151]
04/05/2022 16:10:40 PM - INFO - [in this interval] loss-ratio is [0.3157894736842105]
04/05/2022 16:10:40 PM - INFO - [in this interval] group num is [7]
04/05/2022 16:10:40 PM - INFO - [in this interval] delayDelta from group is [[6, 15, -12, 19, -13, 0]]
04/05/2022 16:10:40 PM - INFO - sample List of accDelay : [[-5757.6641540473065, -5754.097738642576, -5751.387964778318, -5748.549168300487, -5745.994251470438, -5742.194826323394, -5738.775343691055, -5734.69780932195, -5731.928028389755, -5727.83522555078, -5722.951702995701, -5714.956532696132, -5707.1608794265185, -5701.344791483866, -5695.51031233548, -5688.759281101932, -5683.883352991739, -5677.595017692565, -5673.235515923308, -5669.311964330977]]
04/05/2022 16:10:40 PM - INFO - sample List of time: [[196300, 196339, 196378, 196417, 196451, 196491, 196531, 196571, 196611, 196655, 196701, 196748, 196819, 196860, 196896, 196932, 196987, 197005, 197059, 197076]]
04/05/2022 16:10:40 PM - INFO - update trend: [0.1148686429461964]
04/05/2022 16:10:40 PM - INFO - estimateQueueDelayDuration [27.568474307087136] = queueDelayDelta [0.4594745717847856] * numCount[1000]
04/05/2022 16:10:40 PM - INFO - [in this interval] signal is [Signal.NORMAL]
04/05/2022 16:10:40 PM - INFO - [in this interval] adaptiveThresholdGamma is [52.06404379331834]
04/05/2022 16:10:40 PM - INFO - [in this interval] state is [State.INCREASE]
04/05/2022 16:10:40 PM - INFO - [in this interval] now real rate is [0.42056]mbps
04/05/2022 16:10:40 PM - INFO - [in this interval] now real rtt is [4168]
04/05/2022 16:10:40 PM - INFO - [in this interval] aimd control rate is [1.0168582556598207] mbps
04/05/2022 16:10:40 PM - INFO - [in this interval] delay-rate is [1.0168582556598207] mbps
04/05/2022 16:10:40 PM - INFO - average delay [1883.0]
04/05/2022 16:10:40 PM - INFO - average delay [1886.25]
04/05/2022 16:10:40 PM - INFO - average delay [1888.75]
04/05/2022 16:10:40 PM - INFO - average delay [1876.6]
04/05/2022 16:10:40 PM - INFO - nowTs is [197624], lastTs is [197384]
04/05/2022 16:10:40 PM - INFO - [in this interval] loss-ratio is [0.34782608695652173]
04/05/2022 16:10:40 PM - INFO - [in this interval] group num is [9]
04/05/2022 16:10:40 PM - INFO - [in this interval] delayDelta from group is [[-7, 12, -12, -3, -1, -10, 5, -21]]
04/05/2022 16:10:40 PM - INFO - sample List of accDelay : [[-5731.928028389755, -5727.83522555078, -5722.951702995701, -5714.956532696132, -5707.1608794265185, -5701.344791483866, -5695.51031233548, -5688.759281101932, -5683.883352991739, -5677.595017692565, -5673.235515923308, -5669.311964330977, -5666.48076789788, -5662.732691108092, -5660.559421997283, -5658.903479797555, -5657.513131817799, -5657.26181863602, -5656.535636772418, -5657.982073095176]]
04/05/2022 16:10:40 PM - INFO - sample List of time: [[196611, 196655, 196701, 196748, 196819, 196860, 196896, 196932, 196987, 197005, 197059, 197076, 197128, 197146, 197198, 197216, 197248, 197277, 197307, 197337]]
04/05/2022 16:10:40 PM - INFO - update trend: [0.1132698170872829]
04/05/2022 16:10:40 PM - INFO - estimateQueueDelayDuration [27.184756100947894] = queueDelayDelta [0.4530792683491316] * numCount[1000]
04/05/2022 16:10:40 PM - INFO - [in this interval] signal is [Signal.NORMAL]
04/05/2022 16:10:40 PM - INFO - [in this interval] adaptiveThresholdGamma is [51.616216614855674]
04/05/2022 16:10:40 PM - INFO - [in this interval] state is [State.INCREASE]
04/05/2022 16:10:40 PM - INFO - [in this interval] now real rate is [0.5023869653767821]mbps
04/05/2022 16:10:40 PM - INFO - [in this interval] now real rtt is [4118]
04/05/2022 16:10:40 PM - INFO - [in this interval] aimd control rate is [1.0210951650584033] mbps
04/05/2022 16:10:40 PM - INFO - [in this interval] delay-rate is [1.0210951650584033] mbps
04/05/2022 16:10:40 PM - INFO - average delay [1868.8000000000002]
04/05/2022 16:10:40 PM - INFO - average delay [1869.0]
04/05/2022 16:10:40 PM - INFO - average delay [1861.0]
04/05/2022 16:10:40 PM - INFO - average delay [1861.8000000000002]
04/05/2022 16:10:40 PM - INFO - nowTs is [197871], lastTs is [197624]
04/05/2022 16:10:40 PM - INFO - [in this interval] loss-ratio is [0.32]
04/05/2022 16:10:40 PM - INFO - [in this interval] group num is [10]
04/05/2022 16:10:40 PM - INFO - [in this interval] delayDelta from group is [[5, -10, 2, -3, 4, -3, 2, -17, -8]]
04/05/2022 16:10:40 PM - INFO - sample List of accDelay : [[-5677.595017692565, -5673.235515923308, -5669.311964330977, -5666.48076789788, -5662.732691108092, -5660.559421997283, -5658.903479797555, -5657.513131817799, -5657.26181863602, -5656.535636772418, -5657.982073095176, -5658.783865785659, -5660.505479207093, -5661.854931286383, -5663.369438157745, -5664.332494341971, -5665.4992449077745, -5666.349320416997, -5668.814388375298, -5671.832949537768]]
04/05/2022 16:10:40 PM - INFO - sample List of time: [[197005, 197059, 197076, 197128, 197146, 197198, 197216, 197248, 197277, 197307, 197337, 197366, 197411, 197426, 197468, 197495, 197534, 197551, 197568, 197581]]
04/05/2022 16:10:40 PM - INFO - update trend: [0.0051767107715546806]
04/05/2022 16:10:40 PM - INFO - estimateQueueDelayDuration [1.2424105851731233] = queueDelayDelta [0.020706843086218722] * numCount[1001]
04/05/2022 16:10:40 PM - INFO - [in this interval] signal is [Signal.NORMAL]
04/05/2022 16:10:40 PM - INFO - [in this interval] adaptiveThresholdGamma is [50.70948810632139]
04/05/2022 16:10:40 PM - INFO - [in this interval] state is [State.INCREASE]
04/05/2022 16:10:40 PM - INFO - [in this interval] now real rate is [0.5819301848049281]mbps
04/05/2022 16:10:40 PM - INFO - [in this interval] now real rtt is [4092]
04/05/2022 16:10:40 PM - INFO - [in this interval] aimd control rate is [1.0253497282461466] mbps
04/05/2022 16:10:40 PM - INFO - [in this interval] delay-rate is [1.0253497282461466] mbps
04/05/2022 16:10:40 PM - INFO - average delay [1860.0]
04/05/2022 16:10:40 PM - INFO - average delay [1851.3333333333335]
04/05/2022 16:10:40 PM - INFO - average delay [1855.6666666666665]
04/05/2022 16:10:40 PM - INFO - average delay [1864.3333333333335]
04/05/2022 16:10:40 PM - INFO - nowTs is [198114], lastTs is [197871]
04/05/2022 16:10:40 PM - INFO - [in this interval] loss-ratio is [0.47619047619047616]
04/05/2022 16:10:40 PM - INFO - [in this interval] group num is [8]
04/05/2022 16:10:40 PM - INFO - [in this interval] delayDelta from group is [[-17, 13, -4, 20, -10, 22, 4]]
04/05/2022 16:10:40 PM - INFO - sample List of accDelay : [[-5657.513131817799, -5657.26181863602, -5656.535636772418, -5657.982073095176, -5658.783865785659, -5660.505479207093, -5661.854931286383, -5663.369438157745, -5664.332494341971, -5665.4992449077745, -5666.349320416997, -5668.814388375298, -5671.832949537768, -5676.249654583991, -5678.9246891255925, -5681.7322202130335, -5682.25899819173, -5683.733098372557, -5682.859788535301, -5681.673809681772]]
04/05/2022 16:10:40 PM - INFO - sample List of time: [[197248, 197277, 197307, 197337, 197366, 197411, 197426, 197468, 197495, 197534, 197551, 197568, 197581, 197623, 197636, 197664, 197685, 197735, 197755, 197812]]
04/05/2022 16:10:40 PM - INFO - update trend: [-0.057710567190527196]
04/05/2022 16:10:40 PM - INFO - estimateQueueDelayDuration [-13.850536125726528] = queueDelayDelta [-0.23084226876210878] * numCount[1000]
04/05/2022 16:10:40 PM - INFO - [in this interval] signal is [Signal.NORMAL]
04/05/2022 16:10:40 PM - INFO - [in this interval] adaptiveThresholdGamma is [50.04602697067068]
04/05/2022 16:10:40 PM - INFO - [in this interval] state is [State.INCREASE]
04/05/2022 16:10:40 PM - INFO - [in this interval] now real rate is [0.5379428571428572]mbps
04/05/2022 16:10:40 PM - INFO - [in this interval] now real rtt is [4178]
04/05/2022 16:10:40 PM - INFO - [in this interval] aimd control rate is [1.0296220187805054] mbps
04/05/2022 16:10:40 PM - INFO - [in this interval] delay-rate is [1.0296220187805054] mbps
04/05/2022 16:10:40 PM - INFO - average delay [1878.6666666666665]
04/05/2022 16:10:40 PM - INFO - average delay [1885.0]
04/05/2022 16:10:40 PM - INFO - average delay [1897.3333333333335]
04/05/2022 16:10:40 PM - INFO - average delay [1897.6666666666665]
04/05/2022 16:10:40 PM - INFO - nowTs is [198338], lastTs is [198114]
04/05/2022 16:10:40 PM - INFO - [in this interval] loss-ratio is [0.7333333333333333]
04/05/2022 16:10:40 PM - INFO - [in this interval] group num is [8]
04/05/2022 16:10:40 PM - INFO - [in this interval] delayDelta from group is [[18, 1, 8, -7, -2, -20, -1]]
04/05/2022 16:10:40 PM - INFO - sample List of accDelay : [[-5663.369438157745, -5664.332494341971, -5665.4992449077745, -5666.349320416997, -5668.814388375298, -5671.832949537768, -5676.249654583991, -5678.9246891255925, -5681.7322202130335, -5682.25899819173, -5683.733098372557, -5682.859788535301, -5681.673809681772, -5678.806428713595, -5676.125785842235, -5672.913207258011, -5670.72188653221, -5668.949697878989, -5669.354728091091, -5669.819255281981]]
04/05/2022 16:10:40 PM - INFO - sample List of time: [[197468, 197495, 197534, 197551, 197568, 197581, 197623, 197636, 197664, 197685, 197735, 197755, 197812, 197868, 197896, 197922, 197950, 197978, 198006, 198031]]
04/05/2022 16:10:40 PM - INFO - update trend: [-0.00771998605647157]
04/05/2022 16:10:40 PM - INFO - estimateQueueDelayDuration [-1.8527966535531768] = queueDelayDelta [-0.03087994422588628] * numCount[1001]
04/05/2022 16:10:40 PM - INFO - [in this interval] signal is [Signal.NORMAL]
04/05/2022 16:10:40 PM - INFO - [in this interval] adaptiveThresholdGamma is [49.17854882496257]
04/05/2022 16:10:40 PM - INFO - [in this interval] state is [State.INCREASE]
04/05/2022 16:10:40 PM - INFO - [in this interval] now real rate is [0.4488692152917505]mbps
04/05/2022 16:10:40 PM - INFO - [in this interval] now real rtt is [4146]
04/05/2022 16:10:40 PM - INFO - [in this interval] aimd control rate is [1.033912110525424] mbps
04/05/2022 16:10:40 PM - INFO - [in this interval] delay-rate is [1.033912110525424] mbps
04/05/2022 16:10:40 PM - INFO - average delay [1880.3333333333335]
04/05/2022 16:10:40 PM - INFO - average delay [1874.5]
04/05/2022 16:10:40 PM - INFO - average delay [1908.0]
04/05/2022 16:10:40 PM - INFO - average delay [1912.0]
04/05/2022 16:10:40 PM - INFO - nowTs is [198588], lastTs is [198338]
04/05/2022 16:10:40 PM - INFO - [in this interval] loss-ratio is [0.26666666666666666]
04/05/2022 16:10:40 PM - INFO - [in this interval] group num is [7]
04/05/2022 16:10:40 PM - INFO - [in this interval] delayDelta from group is [[34, 4, 7, -12, -14, -8]]
04/05/2022 16:10:40 PM - INFO - sample List of accDelay : [[-5676.249654583991, -5678.9246891255925, -5681.7322202130335, -5682.25899819173, -5683.733098372557, -5682.859788535301, -5681.673809681772, -5678.806428713595, -5676.125785842235, -5672.913207258011, -5670.72188653221, -5668.949697878989, -5669.354728091091, -5669.819255281981, -5666.837329753783, -5663.753596778404, -5660.278237100563, -5658.350413390506, -5658.015372051455, -5658.513834846311]]
04/05/2022 16:10:40 PM - INFO - sample List of time: [[197623, 197636, 197664, 197685, 197735, 197755, 197812, 197868, 197896, 197922, 197950, 197978, 198006, 198031, 198099, 198168, 198202, 198249, 198262, 198288]]
04/05/2022 16:10:40 PM - INFO - update trend: [0.038034579702348]
04/05/2022 16:10:40 PM - INFO - estimateQueueDelayDuration [9.128299128563519] = queueDelayDelta [0.152138318809392] * numCount[1001]
04/05/2022 16:10:40 PM - INFO - [in this interval] signal is [Signal.NORMAL]
04/05/2022 16:10:40 PM - INFO - [in this interval] adaptiveThresholdGamma is [48.457644330427385]
04/05/2022 16:10:40 PM - INFO - [in this interval] state is [State.INCREASE]
04/05/2022 16:10:40 PM - INFO - [in this interval] now real rate is [0.44528270042194096]mbps
04/05/2022 16:10:40 PM - INFO - [in this interval] now real rtt is [4166]
04/05/2022 16:10:40 PM - INFO - [in this interval] aimd control rate is [1.0382200776526134] mbps
04/05/2022 16:10:40 PM - INFO - [in this interval] delay-rate is [1.0382200776526134] mbps
04/05/2022 16:10:40 PM - INFO - average delay [1887.4]
04/05/2022 16:10:40 PM - INFO - average delay [1860.0]
04/05/2022 16:10:40 PM - INFO - average delay [1817.8]
04/05/2022 16:10:40 PM - INFO - average delay [1766.4]
04/05/2022 16:10:40 PM - INFO - nowTs is [198831], lastTs is [198588]
04/05/2022 16:10:40 PM - INFO - [in this interval] loss-ratio is [0.4375]
04/05/2022 16:10:40 PM - INFO - [in this interval] group num is [13]
04/05/2022 16:10:40 PM - INFO - [in this interval] delayDelta from group is [[-17, -14, -17, -17, -10, -34, -14, -10, -38, -5, -14, -23]]
04/05/2022 16:10:40 PM - INFO - sample List of accDelay : [[-5669.354728091091, -5669.819255281981, -5666.837329753783, -5663.753596778404, -5660.278237100563, -5658.350413390506, -5658.015372051455, -5658.513834846311, -5660.66245136168, -5663.996206225512, -5668.69658560296, -5674.626927042665, -5680.9642343383985, -5690.067810904558, -5699.661029814102, -5709.294926832692, -5721.765434149423, -5733.48889073448, -5745.4400016610325, -5758.49600149493]]
04/05/2022 16:10:40 PM - INFO - sample List of time: [[198006, 198031, 198099, 198168, 198202, 198249, 198262, 198288, 198341, 198354, 198380, 198393, 198406, 198431, 198462, 198488, 198503, 198515, 198530, 198546]]
04/05/2022 16:10:40 PM - INFO - update trend: [-0.13958506326236095]
04/05/2022 16:10:40 PM - INFO - estimateQueueDelayDuration [-33.50041518296663] = queueDelayDelta [-0.5583402530494438] * numCount[1001]
04/05/2022 16:10:40 PM - INFO - [in this interval] signal is [Signal.NORMAL]
04/05/2022 16:10:40 PM - INFO - [in this interval] adaptiveThresholdGamma is [48.18841420577309]
04/05/2022 16:10:40 PM - INFO - [in this interval] state is [State.INCREASE]
04/05/2022 16:10:40 PM - INFO - [in this interval] now real rate is [0.6005192697768763]mbps
04/05/2022 16:10:40 PM - INFO - [in this interval] now real rtt is [3732]
04/05/2022 16:10:40 PM - INFO - [in this interval] aimd control rate is [1.0425459946428326] mbps
04/05/2022 16:10:40 PM - INFO - [in this interval] delay-rate is [1.0425459946428326] mbps
04/05/2022 16:10:40 PM - INFO - average delay [1702.4]
04/05/2022 16:10:40 PM - INFO - average delay [1653.75]
04/05/2022 16:10:40 PM - INFO - average delay [1634.5]
04/05/2022 16:10:40 PM - INFO - average delay [1606.0]
04/05/2022 16:10:40 PM - INFO - nowTs is [199066], lastTs is [198831]
04/05/2022 16:10:40 PM - INFO - [in this interval] loss-ratio is [0.45161290322580644]
04/05/2022 16:10:40 PM - INFO - [in this interval] group num is [14]
04/05/2022 16:10:40 PM - INFO - [in this interval] delayDelta from group is [[-20, -15, -4, -3, -4, -13, -9, -10, -12, 3, -13, 3, -18]]
04/05/2022 16:10:40 PM - INFO - sample List of accDelay : [[-5690.067810904558, -5699.661029814102, -5709.294926832692, -5721.765434149423, -5733.48889073448, -5745.4400016610325, -5758.49600149493, -5772.246401345437, -5786.121761210894, -5799.009585089805, -5810.908626580825, -5822.017763922742, -5833.315987530468, -5844.384388777421, -5855.345949899679, -5866.411354909711, -5876.070219418741, -5886.063197476866, -5894.75687772918, -5904.3811899562625]]
04/05/2022 16:10:40 PM - INFO - sample List of time: [[198431, 198462, 198488, 198503, 198515, 198530, 198546, 198573, 198588, 198603, 198634, 198646, 198662, 198679, 198705, 198730, 198743, 198756, 198768, 198781]]
04/05/2022 16:10:40 PM - INFO - update trend: [-0.6316231802027938]
04/05/2022 16:10:40 PM - INFO - estimateQueueDelayDuration [-151.58956324867052] = queueDelayDelta [-2.5264927208111754] * numCount[1000]
04/05/2022 16:10:40 PM - INFO - [in this interval] signal is [Signal.UNDER_USE]
04/05/2022 16:10:40 PM - INFO - [in this interval] adaptiveThresholdGamma is [48.18841420577309]
04/05/2022 16:10:40 PM - INFO - [in this interval] state is [State.HOLD]
04/05/2022 16:10:40 PM - INFO - [in this interval] now real rate is [0.7093604887983705]mbps
04/05/2022 16:10:40 PM - INFO - [in this interval] now real rtt is [3532]
04/05/2022 16:10:40 PM - INFO - [in this interval] aimd control rate is [1.0425459946428326] mbps
04/05/2022 16:10:40 PM - INFO - [in this interval] delay-rate is [1.0425459946428326] mbps
04/05/2022 16:10:40 PM - INFO - average delay [1583.2]
04/05/2022 16:10:40 PM - INFO - average delay [1564.0]
04/05/2022 16:10:40 PM - INFO - average delay [1568.75]
04/05/2022 16:10:40 PM - INFO - average delay [1572.75]
04/05/2022 16:10:40 PM - INFO - nowTs is [199308], lastTs is [199066]
04/05/2022 16:10:40 PM - INFO - [in this interval] loss-ratio is [0.375]
04/05/2022 16:10:40 PM - INFO - [in this interval] group num is [9]
04/05/2022 16:10:40 PM - INFO - [in this interval] delayDelta from group is [[-12, 2, 4, 4, 8, -3, 23, 8]]
04/05/2022 16:10:40 PM - INFO - sample List of accDelay : [[-5786.121761210894, -5799.009585089805, -5810.908626580825, -5822.017763922742, -5833.315987530468, -5844.384388777421, -5855.345949899679, -5866.411354909711, -5876.070219418741, -5886.063197476866, -5894.75687772918, -5904.3811899562625, -5914.243070960637, -5922.918763864573, -5930.326887478115, -5936.594198730304, -5941.434778857274, -5946.091300971547, -5947.982170874392, -5948.883953786953]]
04/05/2022 16:10:40 PM - INFO - sample List of time: [[198588, 198603, 198634, 198646, 198662, 198679, 198705, 198730, 198743, 198756, 198768, 198781, 198806, 198819, 198831, 198865, 198899, 198917, 198934, 199002]]
04/05/2022 16:10:40 PM - INFO - update trend: [-0.4455913939221041]
04/05/2022 16:10:40 PM - INFO - estimateQueueDelayDuration [-106.94193454130499] = queueDelayDelta [-1.7823655756884165] * numCount[1000]
04/05/2022 16:10:40 PM - INFO - [in this interval] signal is [Signal.UNDER_USE]
04/05/2022 16:10:40 PM - INFO - [in this interval] adaptiveThresholdGamma is [48.18841420577309]
04/05/2022 16:10:40 PM - INFO - [in this interval] state is [State.HOLD]
04/05/2022 16:10:40 PM - INFO - [in this interval] now real rate is [0.5972678936605317]mbps
04/05/2022 16:10:40 PM - INFO - [in this interval] now real rtt is [3616]
04/05/2022 16:10:40 PM - INFO - [in this interval] aimd control rate is [1.0425459946428326] mbps
04/05/2022 16:10:40 PM - INFO - [in this interval] delay-rate is [1.0425459946428326] mbps
04/05/2022 16:10:40 PM - INFO - average delay [1596.75]
04/05/2022 16:10:40 PM - INFO - average delay [1585.25]
04/05/2022 16:10:40 PM - INFO - average delay [1583.0]
04/05/2022 16:10:40 PM - INFO - average delay [1581.0]
04/05/2022 16:10:40 PM - INFO - nowTs is [199554], lastTs is [199308]
04/05/2022 16:10:40 PM - INFO - [in this interval] loss-ratio is [0.37037037037037035]
04/05/2022 16:10:40 PM - INFO - [in this interval] group num is [13]
04/05/2022 16:10:40 PM - INFO - [in this interval] delayDelta from group is [[-3, -3, -1, 2, 1, -6, -13, 17, -9, -8, -4, -14]]
04/05/2022 16:10:40 PM - INFO - sample List of accDelay : [[-5914.243070960637, -5922.918763864573, -5930.326887478115, -5936.594198730304, -5941.434778857274, -5946.091300971547, -5947.982170874392, -5948.883953786953, -5949.995558408257, -5951.296002567432, -5952.566402310688, -5953.50976207962, -5954.258785871658, -5955.5329072844925, -5957.979616556044, -5958.48165490044, -5959.8334894103955, -5961.850140469356, -5964.065126422421, -5967.458613780179]]
04/05/2022 16:10:40 PM - INFO - sample List of time: [[198806, 198819, 198831, 198865, 198899, 198917, 198934, 199002, 199052, 199064, 199076, 199120, 199132, 199148, 199177, 199189, 199221, 199237, 199249, 199265]]
04/05/2022 16:10:40 PM - INFO - update trend: [-0.08223153583902981]
04/05/2022 16:10:40 PM - INFO - estimateQueueDelayDuration [-19.735568601367156] = queueDelayDelta [-0.32892614335611925] * numCount[1000]
04/05/2022 16:10:40 PM - INFO - [in this interval] signal is [Signal.NORMAL]
04/05/2022 16:10:40 PM - INFO - [in this interval] adaptiveThresholdGamma is [47.67626298489379]
04/05/2022 16:10:40 PM - INFO - [in this interval] state is [State.INCREASE]
04/05/2022 16:10:40 PM - INFO - [in this interval] now real rate is [0.616576]mbps
04/05/2022 16:10:40 PM - INFO - [in this interval] now real rtt is [3508]
04/05/2022 16:10:40 PM - INFO - [in this interval] aimd control rate is [1.0468899362871777] mbps
04/05/2022 16:10:40 PM - INFO - [in this interval] delay-rate is [1.0468899362871777] mbps
04/05/2022 16:10:40 PM - INFO - average delay [1568.5]
04/05/2022 16:10:40 PM - INFO - average delay [1529.0]
04/05/2022 16:10:40 PM - INFO - average delay [1484.2]
04/05/2022 16:10:40 PM - INFO - average delay [1437.0]
04/05/2022 16:10:40 PM - INFO - nowTs is [199796], lastTs is [199554]
04/05/2022 16:10:40 PM - INFO - [in this interval] loss-ratio is [0.6]
04/05/2022 16:10:40 PM - INFO - [in this interval] group num is [14]
04/05/2022 16:10:40 PM - INFO - [in this interval] delayDelta from group is [[-16, -8, -18, -29, -5, -9, -23, -22, -16, -21, -16, -20, -47]]
04/05/2022 16:10:40 PM - INFO - sample List of accDelay : [[-5955.5329072844925, -5957.979616556044, -5958.48165490044, -5959.8334894103955, -5961.850140469356, -5964.065126422421, -5967.458613780179, -5972.11275240216, -5977.101477161944, -5983.39132944575, -5991.9521965011745, -6000.156976851057, -6008.4412791659515, -6018.1971512493565, -6029.177436124422, -6040.659692511979, -6053.093723260781, -6065.8843509347025, -6079.395915841233, -6096.25632425711]]
04/05/2022 16:10:40 PM - INFO - sample List of time: [[199148, 199177, 199189, 199221, 199237, 199249, 199265, 199293, 199327, 199339, 199351, 199367, 199402, 199418, 199430, 199443, 199457, 199471, 199495, 199510]]
04/05/2022 16:10:40 PM - INFO - update trend: [-0.3737716354111782]
04/05/2022 16:10:40 PM - INFO - estimateQueueDelayDuration [-89.70519249868276] = queueDelayDelta [-1.4950865416447128] * numCount[1001]
04/05/2022 16:10:40 PM - INFO - [in this interval] signal is [Signal.UNDER_USE]
04/05/2022 16:10:40 PM - INFO - [in this interval] adaptiveThresholdGamma is [47.67626298489379]
04/05/2022 16:10:40 PM - INFO - [in this interval] state is [State.HOLD]
04/05/2022 16:10:40 PM - INFO - [in this interval] now real rate is [0.7281311475409836]mbps
04/05/2022 16:10:40 PM - INFO - [in this interval] now real rtt is [2992]
04/05/2022 16:10:40 PM - INFO - [in this interval] aimd control rate is [1.0468899362871777] mbps
04/05/2022 16:10:40 PM - INFO - [in this interval] delay-rate is [1.0468899362871777] mbps
04/05/2022 16:10:40 PM - INFO - average delay [1347.8]
04/05/2022 16:10:40 PM - INFO - average delay [1280.5]
04/05/2022 16:10:40 PM - INFO - average delay [1276.8]
04/05/2022 16:10:40 PM - INFO - average delay [1273.5]
04/05/2022 16:10:40 PM - INFO - nowTs is [200033], lastTs is [199796]
04/05/2022 16:10:40 PM - INFO - [in this interval] loss-ratio is [0.5151515151515151]
04/05/2022 16:10:40 PM - INFO - [in this interval] group num is [13]
04/05/2022 16:10:40 PM - INFO - [in this interval] delayDelta from group is [[4, -2, -2, 3, -7, 3, -8, 2, 14, -2, 3, 1]]
04/05/2022 16:10:40 PM - INFO - sample List of accDelay : [[-6008.4412791659515, -6018.1971512493565, -6029.177436124422, -6040.659692511979, -6053.093723260781, -6065.8843509347025, -6079.395915841233, -6096.25632425711, -6111.030691831398, -6124.527622648258, -6136.874860383433, -6147.68737434509, -6158.118636910581, -6167.206773219523, -6176.18609589757, -6184.067486307814, -6189.760737677032, -6195.084663909329, -6199.576197518396, -6203.5185777665565]]
04/05/2022 16:10:40 PM - INFO - sample List of time: [[199402, 199418, 199430, 199443, 199457, 199471, 199495, 199510, 199536, 199550, 199563, 199576, 199589, 199602, 199615, 199627, 199644, 199678, 199711, 199744]]
04/05/2022 16:10:40 PM - INFO - update trend: [-0.6456598058948925]
04/05/2022 16:10:40 PM - INFO - estimateQueueDelayDuration [-154.9583534147742] = queueDelayDelta [-2.58263922357957] * numCount[1001]
04/05/2022 16:10:40 PM - INFO - [in this interval] signal is [Signal.UNDER_USE]
04/05/2022 16:10:40 PM - INFO - [in this interval] adaptiveThresholdGamma is [47.67626298489379]
04/05/2022 16:10:40 PM - INFO - [in this interval] state is [State.HOLD]
04/05/2022 16:10:40 PM - INFO - [in this interval] now real rate is [0.7268686868686868]mbps
04/05/2022 16:10:40 PM - INFO - [in this interval] now real rtt is [2976]
04/05/2022 16:10:40 PM - INFO - [in this interval] aimd control rate is [1.0468899362871777] mbps
04/05/2022 16:10:40 PM - INFO - [in this interval] delay-rate is [1.0468899362871777] mbps
04/05/2022 16:10:40 PM - INFO - average delay [1282.25]
04/05/2022 16:10:40 PM - INFO - average delay [1294.6666666666667]
04/05/2022 16:10:40 PM - INFO - average delay [1303.75]
04/05/2022 16:10:40 PM - INFO - average delay [1331.5]
04/05/2022 16:10:40 PM - INFO - nowTs is [200267], lastTs is [200033]
04/05/2022 16:10:40 PM - INFO - [in this interval] loss-ratio is [0.09090909090909091]
04/05/2022 16:10:40 PM - INFO - [in this interval] group num is [7]
04/05/2022 16:10:40 PM - INFO - [in this interval] delayDelta from group is [[-3, 18, 20, 16, 15, 0]]
04/05/2022 16:10:40 PM - INFO - sample List of accDelay : [[-6079.395915841233, -6096.25632425711, -6111.030691831398, -6124.527622648258, -6136.874860383433, -6147.68737434509, -6158.118636910581, -6167.206773219523, -6176.18609589757, -6184.067486307814, -6189.760737677032, -6195.084663909329, -6199.576197518396, -6203.5185777665565, -6207.366719989901, -6209.030047990911, -6208.52704319182, -6206.474338872638, -6203.1269049853745, -6200.114214486837]]
04/05/2022 16:10:40 PM - INFO - sample List of time: [[199495, 199510, 199536, 199550, 199563, 199576, 199589, 199602, 199615, 199627, 199644, 199678, 199711, 199744, 199793, 199810, 199843, 199893, 199944, 199969]]
04/05/2022 16:10:40 PM - INFO - update trend: [-0.2285707557135306]
04/05/2022 16:10:40 PM - INFO - estimateQueueDelayDuration [-54.85698137124734] = queueDelayDelta [-0.9142830228541224] * numCount[1001]
04/05/2022 16:10:40 PM - INFO - [in this interval] signal is [Signal.UNDER_USE]
04/05/2022 16:10:40 PM - INFO - [in this interval] adaptiveThresholdGamma is [54.85698137124734]
04/05/2022 16:10:40 PM - INFO - [in this interval] state is [State.HOLD]
04/05/2022 16:10:40 PM - INFO - [in this interval] now real rate is [0.5841603206412824]mbps
04/05/2022 16:10:40 PM - INFO - [in this interval] now real rtt is [3134]
04/05/2022 16:10:40 PM - INFO - [in this interval] aimd control rate is [1.0468899362871777] mbps
04/05/2022 16:10:40 PM - INFO - [in this interval] delay-rate is [1.0468899362871777] mbps
04/05/2022 16:10:40 PM - INFO - average delay [1362.0]
04/05/2022 16:10:40 PM - INFO - average delay [1398.3333333333333]
04/05/2022 16:10:40 PM - INFO - average delay [1393.0]
04/05/2022 16:10:40 PM - INFO - average delay [1377.0]
04/05/2022 16:10:40 PM - INFO - nowTs is [200506], lastTs is [200267]
04/05/2022 16:10:40 PM - INFO - [in this interval] loss-ratio is [0.4666666666666667]
04/05/2022 16:10:40 PM - INFO - [in this interval] group num is [16]
04/05/2022 16:10:40 PM - INFO - [in this interval] delayDelta from group is [[10, -1, -5, -5, -2, -1, -17, 4, -1, 3, -6, -1, -1, -2, -26]]
04/05/2022 16:10:40 PM - INFO - sample List of accDelay : [[-6209.030047990911, -6208.52704319182, -6206.474338872638, -6203.1269049853745, -6200.114214486837, -6196.4027930381535, -6193.162513734338, -6190.746262360904, -6189.071636124814, -6187.764472512334, -6186.6880252611, -6187.4192227349895, -6187.677300461491, -6188.009570415341, -6188.008613373807, -6188.607752036426, -6189.246976832784, -6189.922279149505, -6190.730051234555, -6194.057046111099]]
04/05/2022 16:10:40 PM - INFO - sample List of time: [[199810, 199843, 199893, 199944, 199969, 200019, 200044, 200058, 200073, 200088, 200101, 200115, 200128, 200142, 200156, 200169, 200183, 200197, 200211, 200224]]
04/05/2022 16:10:40 PM - INFO - update trend: [0.05420102095931788]
04/05/2022 16:10:40 PM - INFO - estimateQueueDelayDuration [13.00824503023629] = queueDelayDelta [0.2168040838372715] * numCount[1000]
04/05/2022 16:10:40 PM - INFO - [in this interval] signal is [Signal.NORMAL]
04/05/2022 16:10:40 PM - INFO - [in this interval] adaptiveThresholdGamma is [54.103704117109146]
04/05/2022 16:10:40 PM - INFO - [in this interval] state is [State.INCREASE]
04/05/2022 16:10:40 PM - INFO - [in this interval] now real rate is [0.5768179959100206]mbps
04/05/2022 16:10:40 PM - INFO - [in this interval] now real rtt is [3082]
04/05/2022 16:10:40 PM - INFO - [in this interval] aimd control rate is [1.0512519776883744] mbps
04/05/2022 16:10:40 PM - INFO - [in this interval] delay-rate is [1.0512519776883744] mbps
04/05/2022 16:10:40 PM - INFO - average delay [1363.6]
04/05/2022 16:10:40 PM - INFO - average delay [1345.5]
04/05/2022 16:10:40 PM - INFO - average delay [1363.3333333333333]
04/05/2022 16:10:40 PM - INFO - average delay [1380.0]
04/05/2022 16:10:40 PM - INFO - nowTs is [200747], lastTs is [200506]
04/05/2022 16:10:40 PM - INFO - [in this interval] loss-ratio is [0.3157894736842105]
04/05/2022 16:10:40 PM - INFO - [in this interval] group num is [9]
04/05/2022 16:10:40 PM - INFO - [in this interval] delayDelta from group is [[29, -4, 16, 6, -5, 9, 2, -8]]
04/05/2022 16:10:40 PM - INFO - sample List of accDelay : [[-6189.071636124814, -6187.764472512334, -6186.6880252611, -6187.4192227349895, -6187.677300461491, -6188.009570415341, -6188.008613373807, -6188.607752036426, -6189.246976832784, -6189.922279149505, -6190.730051234555, -6194.057046111099, -6194.151341499989, -6194.6362073499895, -6193.472586614991, -6191.825327953492, -6190.8427951581425, -6189.0585156423285, -6187.252664078096, -6186.427397670286]]
04/05/2022 16:10:40 PM - INFO - sample List of time: [[200073, 200088, 200101, 200115, 200128, 200142, 200156, 200169, 200183, 200197, 200211, 200224, 200259, 200303, 200324, 200385, 200406, 200426, 200450, 200462]]
04/05/2022 16:10:40 PM - INFO - update trend: [-0.004714465889955373]
04/05/2022 16:10:40 PM - INFO - estimateQueueDelayDuration [-1.1314718135892896] = queueDelayDelta [-0.018857863559821494] * numCount[1000]
04/05/2022 16:10:40 PM - INFO - [in this interval] signal is [Signal.NORMAL]
04/05/2022 16:10:40 PM - INFO - [in this interval] adaptiveThresholdGamma is [53.15020393564579]
04/05/2022 16:10:40 PM - INFO - [in this interval] state is [State.INCREASE]
04/05/2022 16:10:40 PM - INFO - [in this interval] now real rate is [0.5762833333333333]mbps
04/05/2022 16:10:40 PM - INFO - [in this interval] now real rtt is [3174]
04/05/2022 16:10:40 PM - INFO - [in this interval] aimd control rate is [1.0556321942620759] mbps
04/05/2022 16:10:40 PM - INFO - [in this interval] delay-rate is [1.0556321942620759] mbps
04/05/2022 16:10:40 PM - INFO - average delay [1388.6]
04/05/2022 16:10:40 PM - INFO - average delay [1365.6]
04/05/2022 16:10:40 PM - INFO - average delay [1358.25]
04/05/2022 16:10:40 PM - INFO - average delay [1332.5]
04/05/2022 16:10:40 PM - INFO - nowTs is [200986], lastTs is [200747]
04/05/2022 16:10:40 PM - INFO - [in this interval] loss-ratio is [0.0625]
04/05/2022 16:10:40 PM - INFO - [in this interval] group num is [10]
04/05/2022 16:10:40 PM - INFO - [in this interval] delayDelta from group is [[-9, -15, -4, 15, -13, -14, -8, 8, 22]]
04/05/2022 16:10:40 PM - INFO - sample List of accDelay : [[-6189.922279149505, -6190.730051234555, -6194.057046111099, -6194.151341499989, -6194.6362073499895, -6193.472586614991, -6191.825327953492, -6190.8427951581425, -6189.0585156423285, -6187.252664078096, -6186.427397670286, -6186.584657903258, -6188.226192112932, -6190.1035729016385, -6190.293215611475, -6191.7638940503275, -6194.487504645294, -6197.738754180765, -6199.864878762688, -6199.57839088642]]
04/05/2022 16:10:40 PM - INFO - sample List of time: [[200197, 200211, 200224, 200259, 200303, 200324, 200385, 200406, 200426, 200450, 200462, 200486, 200502, 200517, 200528, 200568, 200585, 200601, 200628, 200676]]
04/05/2022 16:10:40 PM - INFO - update trend: [-0.007701904304647828]
04/05/2022 16:10:40 PM - INFO - estimateQueueDelayDuration [-1.8484570331154786] = queueDelayDelta [-0.03080761721859131] * numCount[1001]
04/05/2022 16:10:40 PM - INFO - [in this interval] signal is [Signal.NORMAL]
04/05/2022 16:10:40 PM - INFO - [in this interval] adaptiveThresholdGamma is [52.22677249140025]
04/05/2022 16:10:40 PM - INFO - [in this interval] state is [State.INCREASE]
04/05/2022 16:10:40 PM - INFO - [in this interval] now real rate is [0.5459468302658487]mbps
04/05/2022 16:10:40 PM - INFO - [in this interval] now real rtt is [3132]
04/05/2022 16:10:40 PM - INFO - [in this interval] aimd control rate is [1.060030661738168] mbps
04/05/2022 16:10:40 PM - INFO - [in this interval] delay-rate is [1.060030661738168] mbps
04/05/2022 16:10:40 PM - INFO - average delay [1356.0]
04/05/2022 16:10:40 PM - INFO - average delay [1381.0]
04/05/2022 16:10:40 PM - INFO - average delay [1387.6666666666667]
04/05/2022 16:10:40 PM - INFO - average delay [1401.3333333333333]
04/05/2022 16:10:40 PM - INFO - nowTs is [201218], lastTs is [200986]
04/05/2022 16:10:40 PM - INFO - [in this interval] loss-ratio is [0.0]
04/05/2022 16:10:40 PM - INFO - [in this interval] group num is [9]
04/05/2022 16:10:40 PM - INFO - [in this interval] delayDelta from group is [[-6, 4, 9, 8, 5, -15, 25, 0]]
04/05/2022 16:10:40 PM - INFO - sample List of accDelay : [[-6189.0585156423285, -6187.252664078096, -6186.427397670286, -6186.584657903258, -6188.226192112932, -6190.1035729016385, -6190.293215611475, -6191.7638940503275, -6194.487504645294, -6197.738754180765, -6199.864878762688, -6199.57839088642, -6199.920551797778, -6199.828496618, -6198.8456469562, -6197.16108226058, -6195.1449740345215, -6194.830476631069, -6192.047428967962, -6189.542686071166]]
04/05/2022 16:10:40 PM - INFO - sample List of time: [[200426, 200450, 200462, 200486, 200502, 200517, 200528, 200568, 200585, 200601, 200628, 200676, 200750, 200774, 200798, 200822, 200845, 200865, 200885, 200925]]
04/05/2022 16:10:40 PM - INFO - update trend: [-0.016085841426297296]
04/05/2022 16:10:40 PM - INFO - estimateQueueDelayDuration [-3.860601942311351] = queueDelayDelta [-0.06434336570518918] * numCount[1001]
04/05/2022 16:10:40 PM - INFO - [in this interval] signal is [Signal.NORMAL]
04/05/2022 16:10:40 PM - INFO - [in this interval] adaptiveThresholdGamma is [51.356181421516645]
04/05/2022 16:10:40 PM - INFO - [in this interval] state is [State.INCREASE]
04/05/2022 16:10:40 PM - INFO - [in this interval] now real rate is [0.5791676767676767]mbps
04/05/2022 16:10:40 PM - INFO - [in this interval] now real rtt is [3236]
04/05/2022 16:10:40 PM - INFO - [in this interval] aimd control rate is [1.064447456162077] mbps
04/05/2022 16:10:40 PM - INFO - [in this interval] delay-rate is [1.064447456162077] mbps
04/05/2022 16:10:40 PM - INFO - average delay [1413.0]
04/05/2022 16:10:40 PM - INFO - average delay [1431.6666666666667]
04/05/2022 16:10:40 PM - INFO - average delay [1460.0]
04/05/2022 16:10:40 PM - INFO - average delay [1488.3333333333333]
04/05/2022 16:10:40 PM - INFO - nowTs is [201471], lastTs is [201218]
04/05/2022 16:10:40 PM - INFO - [in this interval] loss-ratio is [0.0]
04/05/2022 16:10:40 PM - INFO - [in this interval] group num is [7]
04/05/2022 16:10:40 PM - INFO - [in this interval] delayDelta from group is [[25, -5, 37, 36, 15, 0]]
04/05/2022 16:10:40 PM - INFO - sample List of accDelay : [[-6190.293215611475, -6191.7638940503275, -6194.487504645294, -6197.738754180765, -6199.864878762688, -6199.57839088642, -6199.920551797778, -6199.828496618, -6198.8456469562, -6197.16108226058, -6195.1449740345215, -6194.830476631069, -6192.047428967962, -6189.542686071166, -6184.788417464049, -6181.009575717644, -6173.90861814588, -6163.9177563312915, -6153.425980698162, -6143.983382628346]]
04/05/2022 16:10:40 PM - INFO - sample List of time: [[200528, 200568, 200585, 200601, 200628, 200676, 200750, 200774, 200798, 200822, 200845, 200865, 200885, 200925, 200985, 201025, 201045, 201097, 201148, 201173]]
04/05/2022 16:10:40 PM - INFO - update trend: [0.06367723996997358]
04/05/2022 16:10:40 PM - INFO - estimateQueueDelayDuration [15.28253759279366] = queueDelayDelta [0.25470895987989434] * numCount[1001]
04/05/2022 16:10:40 PM - INFO - [in this interval] signal is [Signal.NORMAL]
04/05/2022 16:10:40 PM - INFO - [in this interval] adaptiveThresholdGamma is [50.70685583259963]
04/05/2022 16:10:40 PM - INFO - [in this interval] state is [State.INCREASE]
04/05/2022 16:10:40 PM - INFO - [in this interval] now real rate is [0.5203212851405623]mbps
04/05/2022 16:10:40 PM - INFO - [in this interval] now real rtt is [3482]
04/05/2022 16:10:40 PM - INFO - [in this interval] aimd control rate is [1.0688826538960854] mbps
04/05/2022 16:10:40 PM - INFO - [in this interval] delay-rate is [1.0688826538960854] mbps
04/05/2022 16:10:40 PM - INFO - average delay [1536.0]
04/05/2022 16:10:40 PM - INFO - average delay [1574.6666666666667]
04/05/2022 16:10:40 PM - INFO - average delay [1589.6]
04/05/2022 16:10:40 PM - INFO - average delay [1577.4]
04/05/2022 16:10:40 PM - INFO - nowTs is [201704], lastTs is [201471]
04/05/2022 16:10:40 PM - INFO - [in this interval] loss-ratio is [0.3181818181818182]
04/05/2022 16:10:40 PM - INFO - [in this interval] group num is [13]
04/05/2022 16:10:40 PM - INFO - [in this interval] delayDelta from group is [[13, 0, -1, -6, 0, -2, -15, -7, 0, -16, 4, -1]]
04/05/2022 16:10:40 PM - INFO - sample List of accDelay : [[-6192.047428967962, -6189.542686071166, -6184.788417464049, -6181.009575717644, -6173.90861814588, -6163.9177563312915, -6153.425980698162, -6143.983382628346, -6134.185044365511, -6125.36653992896, -6117.529885936065, -6111.076897342458, -6105.269207608213, -6100.242286847392, -6097.2180581626535, -6095.196252346388, -6093.376627111749, -6093.338964400575, -6092.905067960517, -6092.614561164465]]
04/05/2022 16:10:40 PM - INFO - sample List of time: [[200885, 200925, 200985, 201025, 201045, 201097, 201148, 201173, 201247, 201275, 201290, 201304, 201318, 201333, 201346, 201361, 201374, 201389, 201403, 201417]]
04/05/2022 16:10:40 PM - INFO - update trend: [0.21818608088648683]
04/05/2022 16:10:40 PM - INFO - estimateQueueDelayDuration [52.364659412756836] = queueDelayDelta [0.8727443235459473] * numCount[1001]
04/05/2022 16:10:40 PM - INFO - [in this interval] signal is [Signal.NORMAL]
04/05/2022 16:10:40 PM - INFO - [in this interval] adaptiveThresholdGamma is [52.364659412756836]
04/05/2022 16:10:40 PM - INFO - [in this interval] state is [State.INCREASE]
04/05/2022 16:10:40 PM - INFO - [in this interval] now real rate is [0.6048888888888889]mbps
04/05/2022 16:10:40 PM - INFO - [in this interval] now real rtt is [3498]
04/05/2022 16:10:40 PM - INFO - [in this interval] aimd control rate is [1.0733363316206526] mbps
04/05/2022 16:10:40 PM - INFO - [in this interval] delay-rate is [1.0733363316206526] mbps
04/05/2022 16:10:40 PM - INFO - average delay [1553.8]
04/05/2022 16:10:40 PM - INFO - average delay [1532.75]
04/05/2022 16:10:40 PM - INFO - average delay [1486.25]
04/05/2022 16:10:40 PM - INFO - average delay [1455.0]
04/05/2022 16:10:40 PM - INFO - nowTs is [201917], lastTs is [201704]
04/05/2022 16:10:40 PM - INFO - [in this interval] loss-ratio is [0.07692307692307693]
04/05/2022 16:10:40 PM - INFO - [in this interval] group num is [11]
04/05/2022 16:10:40 PM - INFO - [in this interval] delayDelta from group is [[-17, -12, -18, -17, -12, -16, -6, -7, -17, -17]]
04/05/2022 16:10:40 PM - INFO - sample List of accDelay : [[-6117.529885936065, -6111.076897342458, -6105.269207608213, -6100.242286847392, -6097.2180581626535, -6095.196252346388, -6093.376627111749, -6093.338964400575, -6092.905067960517, -6092.614561164465, -6094.053105048019, -6096.547794543217, -6100.593015088895, -6105.933713580005, -6111.940342222004, -6118.946307999803, -6125.851677199823, -6132.76650947984, -6140.689858531856, -6149.5208726786705]]
04/05/2022 16:10:40 PM - INFO - sample List of time: [[201290, 201304, 201318, 201333, 201346, 201361, 201374, 201389, 201403, 201417, 201448, 201466, 201484, 201501, 201519, 201537, 201556, 201590, 201608, 201626]]
04/05/2022 16:10:40 PM - INFO - update trend: [-0.1105709017935173]
04/05/2022 16:10:40 PM - INFO - estimateQueueDelayDuration [-26.537016430444154] = queueDelayDelta [-0.4422836071740692] * numCount[1001]
04/05/2022 16:10:40 PM - INFO - [in this interval] signal is [Signal.NORMAL]
04/05/2022 16:10:40 PM - INFO - [in this interval] adaptiveThresholdGamma is [51.89976183907521]
04/05/2022 16:10:40 PM - INFO - [in this interval] state is [State.INCREASE]
04/05/2022 16:10:40 PM - INFO - [in this interval] now real rate is [0.6484516129032258]mbps
04/05/2022 16:10:40 PM - INFO - [in this interval] now real rtt is [3234]
04/05/2022 16:10:40 PM - INFO - [in this interval] aimd control rate is [1.0778085663357384] mbps
04/05/2022 16:10:40 PM - INFO - [in this interval] delay-rate is [1.0778085663357384] mbps
04/05/2022 16:10:40 PM - INFO - average delay [1440.0]
04/05/2022 16:10:40 PM - INFO - average delay [1429.5]
04/05/2022 16:10:40 PM - INFO - average delay [1442.5]
04/05/2022 16:10:40 PM - INFO - nowTs is [202120], lastTs is [201917]
04/05/2022 16:10:40 PM - INFO - [in this interval] loss-ratio is [0.0]
04/05/2022 16:10:40 PM - INFO - [in this interval] group num is [3]
04/05/2022 16:10:40 PM - INFO - [in this interval] delayDelta from group is [[5, 93]]
04/05/2022 16:10:40 PM - INFO - sample List of accDelay : [[-6105.269207608213, -6100.242286847392, -6097.2180581626535, -6095.196252346388, -6093.376627111749, -6093.338964400575, -6092.905067960517, -6092.614561164465, -6094.053105048019, -6096.547794543217, -6100.593015088895, -6105.933713580005, -6111.940342222004, -6118.946307999803, -6125.851677199823, -6132.76650947984, -6140.689858531856, -6149.5208726786705, -6156.968785410803, -6154.371906869723]]
04/05/2022 16:10:40 PM - INFO - sample List of time: [[201318, 201333, 201346, 201361, 201374, 201389, 201403, 201417, 201448, 201466, 201484, 201501, 201519, 201537, 201556, 201590, 201608, 201626, 201684, 201724]]
04/05/2022 16:10:40 PM - INFO - update trend: [-0.16934514845157853]
04/05/2022 16:10:40 PM - INFO - estimateQueueDelayDuration [-40.64283562837885] = queueDelayDelta [-0.6773805938063141] * numCount[1001]
04/05/2022 16:10:40 PM - INFO - [in this interval] signal is [Signal.NORMAL]
04/05/2022 16:10:40 PM - INFO - [in this interval] adaptiveThresholdGamma is [51.697137167282676]
04/05/2022 16:10:40 PM - INFO - [in this interval] state is [State.INCREASE]
04/05/2022 16:10:40 PM - INFO - [in this interval] now real rate is [0.5096460905349794]mbps
04/05/2022 16:10:40 PM - INFO - [in this interval] now real rtt is [3450]
04/05/2022 16:10:40 PM - INFO - [in this interval] aimd control rate is [1.0822994353621374] mbps
04/05/2022 16:10:40 PM - INFO - [in this interval] delay-rate is [1.0822994353621374] mbps
04/05/2022 16:10:40 PM - INFO - average delay [1507.0]
04/05/2022 16:10:40 PM - INFO - average delay [1551.0]
04/05/2022 16:10:40 PM - INFO - average delay [1584.0]
04/05/2022 16:10:40 PM - INFO - average delay [1577.25]
04/05/2022 16:10:40 PM - INFO - nowTs is [202365], lastTs is [202120]
04/05/2022 16:10:40 PM - INFO - [in this interval] loss-ratio is [0.0]
04/05/2022 16:10:40 PM - INFO - [in this interval] group num is [10]
04/05/2022 16:10:40 PM - INFO - [in this interval] delayDelta from group is [[33, 6, -2, -17, -13, 2, -3, -17, -13]]
04/05/2022 16:10:40 PM - INFO - sample List of accDelay : [[-6096.547794543217, -6100.593015088895, -6105.933713580005, -6111.940342222004, -6118.946307999803, -6125.851677199823, -6132.76650947984, -6140.689858531856, -6149.5208726786705, -6156.968785410803, -6154.371906869723, -6148.734716182751, -6143.061244564476, -6138.155120108027, -6135.439608097226, -6134.295647287503, -6133.066082558753, -6132.259474302878, -6133.23352687259, -6135.410174185331]]
04/05/2022 16:10:40 PM - INFO - sample List of time: [[201466, 201484, 201501, 201519, 201537, 201556, 201590, 201608, 201626, 201684, 201724, 201901, 201954, 201970, 201988, 202006, 202023, 202040, 202057, 202075]]
04/05/2022 16:10:40 PM - INFO - update trend: [-0.03717338729206805]
04/05/2022 16:10:40 PM - INFO - estimateQueueDelayDuration [-8.921612950096332] = queueDelayDelta [-0.1486935491682722] * numCount[1000]
04/05/2022 16:10:40 PM - INFO - [in this interval] signal is [Signal.NORMAL]
04/05/2022 16:10:40 PM - INFO - [in this interval] adaptiveThresholdGamma is [50.92717773137332]
04/05/2022 16:10:40 PM - INFO - [in this interval] state is [State.INCREASE]
04/05/2022 16:10:40 PM - INFO - [in this interval] now real rate is [0.5033553719008265]mbps
04/05/2022 16:10:40 PM - INFO - [in this interval] now real rtt is [3470]
04/05/2022 16:10:40 PM - INFO - [in this interval] aimd control rate is [1.086809016342813] mbps
04/05/2022 16:10:40 PM - INFO - [in this interval] delay-rate is [1.086809016342813] mbps
04/05/2022 16:10:40 PM - INFO - average delay [1554.0]
04/05/2022 16:10:40 PM - INFO - average delay [1496.5]
04/05/2022 16:10:40 PM - INFO - average delay [1501.857142857143]
04/05/2022 16:10:40 PM - INFO - average delay [1501.1666666666667]
04/05/2022 16:10:40 PM - INFO - nowTs is [202608], lastTs is [202365]
04/05/2022 16:10:40 PM - INFO - [in this interval] loss-ratio is [0.043478260869565216]
04/05/2022 16:10:40 PM - INFO - [in this interval] group num is [11]
04/05/2022 16:10:40 PM - INFO - [in this interval] delayDelta from group is [[-16, -12, 28, -10, 4, -2, -17, -15, -10, -24]]
04/05/2022 16:10:40 PM - INFO - sample List of accDelay : [[-6154.371906869723, -6148.734716182751, -6143.061244564476, -6138.155120108027, -6135.439608097226, -6134.295647287503, -6133.066082558753, -6132.259474302878, -6133.23352687259, -6135.410174185331, -6138.969156766798, -6143.372241090118, -6144.535016981106, -6146.5815152829955, -6148.023363754695, -6149.521027379226, -6152.568924641304, -6156.812032177174, -6161.630828959456, -6168.367746063511]]
04/05/2022 16:10:40 PM - INFO - sample List of time: [[201724, 201901, 201954, 201970, 201988, 202006, 202023, 202040, 202057, 202075, 202109, 202128, 202146, 202214, 202234, 202248, 202266, 202284, 202304, 202324]]
04/05/2022 16:10:40 PM - INFO - update trend: [-0.03163167819665781]
04/05/2022 16:10:40 PM - INFO - estimateQueueDelayDuration [-7.591602767197875] = queueDelayDelta [-0.12652671278663125] * numCount[1000]
04/05/2022 16:10:40 PM - INFO - [in this interval] signal is [Signal.NORMAL]
04/05/2022 16:10:40 PM - INFO - [in this interval] adaptiveThresholdGamma is [50.14713738201816]
04/05/2022 16:10:40 PM - INFO - [in this interval] state is [State.INCREASE]
04/05/2022 16:10:40 PM - INFO - [in this interval] now real rate is [0.6789016393442623]mbps
04/05/2022 16:10:40 PM - INFO - [in this interval] now real rtt is [3286]
04/05/2022 16:10:40 PM - INFO - [in this interval] aimd control rate is [1.0913373872442413] mbps
04/05/2022 16:10:40 PM - INFO - [in this interval] delay-rate is [1.0913373872442413] mbps
04/05/2022 16:10:40 PM - INFO - average delay [1467.1666666666667]
04/05/2022 16:10:40 PM - INFO - average delay [1428.6666666666667]
04/05/2022 16:10:40 PM - INFO - average delay [1400.8]
04/05/2022 16:10:40 PM - INFO - average delay [1390.75]
04/05/2022 16:10:40 PM - INFO - nowTs is [202845], lastTs is [202608]
04/05/2022 16:10:40 PM - INFO - [in this interval] loss-ratio is [0.0]
04/05/2022 16:10:40 PM - INFO - [in this interval] group num is [10]
04/05/2022 16:10:40 PM - INFO - [in this interval] delayDelta from group is [[-15, -9, -13, -13, 1, -4, -3, 1, -18]]
04/05/2022 16:10:40 PM - INFO - sample List of accDelay : [[-6135.410174185331, -6138.969156766798, -6143.372241090118, -6144.535016981106, -6146.5815152829955, -6148.023363754695, -6149.521027379226, -6152.568924641304, -6156.812032177174, -6161.630828959456, -6168.367746063511, -6175.930971457159, -6183.637874311444, -6191.8740868803, -6200.58667819227, -6208.328010373043, -6215.695209335739, -6222.625688402165, -6228.763119561948, -6236.086807605753]]
04/05/2022 16:10:40 PM - INFO - sample List of time: [[202075, 202109, 202128, 202146, 202214, 202234, 202248, 202266, 202284, 202304, 202324, 202345, 202365, 202386, 202408, 202430, 202461, 202492, 202524, 202555]]
04/05/2022 16:10:40 PM - INFO - update trend: [-0.22714543663526854]
04/05/2022 16:10:40 PM - INFO - estimateQueueDelayDuration [-54.51490479246445] = queueDelayDelta [-0.9085817465410742] * numCount[1001]
04/05/2022 16:10:40 PM - INFO - [in this interval] signal is [Signal.UNDER_USE]
04/05/2022 16:10:40 PM - INFO - [in this interval] adaptiveThresholdGamma is [54.51490479246445]
04/05/2022 16:10:40 PM - INFO - [in this interval] state is [State.HOLD]
04/05/2022 16:10:40 PM - INFO - [in this interval] now real rate is [0.6737706237424548]mbps
04/05/2022 16:10:40 PM - INFO - [in this interval] now real rtt is [3160]
04/05/2022 16:10:40 PM - INFO - [in this interval] aimd control rate is [1.0913373872442413] mbps
04/05/2022 16:10:40 PM - INFO - [in this interval] delay-rate is [1.0913373872442413] mbps
04/05/2022 16:10:40 PM - INFO - average delay [1389.5]
04/05/2022 16:10:40 PM - INFO - average delay [1387.0]
04/05/2022 16:10:40 PM - INFO - average delay [1379.0]
04/05/2022 16:10:40 PM - INFO - average delay [1366.6]
04/05/2022 16:10:40 PM - INFO - nowTs is [203086], lastTs is [202845]
04/05/2022 16:10:40 PM - INFO - [in this interval] loss-ratio is [0.0]
04/05/2022 16:10:40 PM - INFO - [in this interval] group num is [9]
04/05/2022 16:10:40 PM - INFO - [in this interval] delayDelta from group is [[-2, 0, -9, -8, -5, -4, -3, -9]]
04/05/2022 16:10:40 PM - INFO - sample List of accDelay : [[-6156.812032177174, -6161.630828959456, -6168.367746063511, -6175.930971457159, -6183.637874311444, -6191.8740868803, -6200.58667819227, -6208.328010373043, -6215.695209335739, -6222.625688402165, -6228.763119561948, -6236.086807605753, -6242.878126845178, -6248.990314160659, -6255.391282744594, -6261.952154470135, -6268.3569390231205, -6274.521245120809, -6280.369120608729, -6286.532208547856]]
04/05/2022 16:10:40 PM - INFO - sample List of time: [[202284, 202304, 202324, 202345, 202365, 202386, 202408, 202430, 202461, 202492, 202524, 202555, 202588, 202621, 202651, 202677, 202704, 202734, 202765, 202797]]
04/05/2022 16:10:40 PM - INFO - update trend: [-0.25012009482118513]
04/05/2022 16:10:40 PM - INFO - estimateQueueDelayDuration [-60.028822757084434] = queueDelayDelta [-1.0004803792847405] * numCount[1001]
04/05/2022 16:10:40 PM - INFO - [in this interval] signal is [Signal.UNDER_USE]
04/05/2022 16:10:40 PM - INFO - [in this interval] adaptiveThresholdGamma is [60.028822757084434]
04/05/2022 16:10:40 PM - INFO - [in this interval] state is [State.HOLD]
04/05/2022 16:10:40 PM - INFO - [in this interval] now real rate is [0.6456753507014028]mbps
04/05/2022 16:10:40 PM - INFO - [in this interval] now real rtt is [3112]
04/05/2022 16:10:40 PM - INFO - [in this interval] aimd control rate is [1.0913373872442413] mbps
04/05/2022 16:10:40 PM - INFO - [in this interval] delay-rate is [1.0913373872442413] mbps
04/05/2022 16:10:40 PM - INFO - average delay [1360.75]
04/05/2022 16:10:40 PM - INFO - average delay [1368.5]
04/05/2022 16:10:40 PM - INFO - average delay [1399.5]
04/05/2022 16:10:40 PM - INFO - average delay [1433.5]
04/05/2022 16:10:40 PM - INFO - nowTs is [203329], lastTs is [203086]
04/05/2022 16:10:40 PM - INFO - [in this interval] loss-ratio is [0.0]
04/05/2022 16:10:40 PM - INFO - [in this interval] group num is [4]
04/05/2022 16:10:40 PM - INFO - [in this interval] delayDelta from group is [[31, 31, 60]]
04/05/2022 16:10:40 PM - INFO - sample List of accDelay : [[-6175.930971457159, -6183.637874311444, -6191.8740868803, -6200.58667819227, -6208.328010373043, -6215.695209335739, -6222.625688402165, -6228.763119561948, -6236.086807605753, -6242.878126845178, -6248.990314160659, -6255.391282744594, -6261.952154470135, -6268.3569390231205, -6274.521245120809, -6280.369120608729, -6286.532208547856, -6288.97898769307, -6288.081088923763, -6281.272980031386]]
04/05/2022 16:10:40 PM - INFO - sample List of time: [[202345, 202365, 202386, 202408, 202430, 202461, 202492, 202524, 202555, 202588, 202621, 202651, 202677, 202704, 202734, 202765, 202797, 202829, 202895, 202961]]
04/05/2022 16:10:40 PM - INFO - update trend: [-0.19464413283418544]
04/05/2022 16:10:40 PM - INFO - estimateQueueDelayDuration [-46.71459188020451] = queueDelayDelta [-0.7785765313367418] * numCount[1000]
04/05/2022 16:10:40 PM - INFO - [in this interval] signal is [Signal.NORMAL]
04/05/2022 16:10:40 PM - INFO - [in this interval] adaptiveThresholdGamma is [59.78916660130059]
04/05/2022 16:10:40 PM - INFO - [in this interval] state is [State.INCREASE]
04/05/2022 16:10:40 PM - INFO - [in this interval] now real rate is [0.5144297520661157]mbps
04/05/2022 16:10:40 PM - INFO - [in this interval] now real rtt is [3378]
04/05/2022 16:10:40 PM - INFO - [in this interval] aimd control rate is [1.0958846263577589] mbps
04/05/2022 16:10:40 PM - INFO - [in this interval] delay-rate is [1.0958846263577589] mbps
04/05/2022 16:10:40 PM - INFO - average delay [1478.0]
04/05/2022 16:10:40 PM - INFO - average delay [1499.5]
04/05/2022 16:10:40 PM - INFO - average delay [1524.0]
04/05/2022 16:10:40 PM - INFO - average delay [1560.3333333333333]
04/05/2022 16:10:40 PM - INFO - nowTs is [203566], lastTs is [203329]
04/05/2022 16:10:40 PM - INFO - [in this interval] loss-ratio is [0.0]
04/05/2022 16:10:40 PM - INFO - [in this interval] group num is [3]
04/05/2022 16:10:40 PM - INFO - [in this interval] delayDelta from group is [[22, 63]]
04/05/2022 16:10:40 PM - INFO - sample List of accDelay : [[-6191.8740868803, -6200.58667819227, -6208.328010373043, -6215.695209335739, -6222.625688402165, -6228.763119561948, -6236.086807605753, -6242.878126845178, -6248.990314160659, -6255.391282744594, -6261.952154470135, -6268.3569390231205, -6274.521245120809, -6280.369120608729, -6286.532208547856, -6288.97898769307, -6288.081088923763, -6281.272980031386, -6272.9456820282485, -6259.151113825424]]
04/05/2022 16:10:40 PM - INFO - sample List of time: [[202386, 202408, 202430, 202461, 202492, 202524, 202555, 202588, 202621, 202651, 202677, 202704, 202734, 202765, 202797, 202829, 202895, 202961, 203133, 203185]]
04/05/2022 16:10:40 PM - INFO - update trend: [-0.10663284685643713]
04/05/2022 16:10:40 PM - INFO - estimateQueueDelayDuration [-25.591883245544913] = queueDelayDelta [-0.42653138742574853] * numCount[1000]
04/05/2022 16:10:40 PM - INFO - [in this interval] signal is [Signal.NORMAL]
04/05/2022 16:10:40 PM - INFO - [in this interval] adaptiveThresholdGamma is [59.17361550089699]
04/05/2022 16:10:40 PM - INFO - [in this interval] state is [State.INCREASE]
04/05/2022 16:10:40 PM - INFO - [in this interval] now real rate is [0.44567741935483873]mbps
04/05/2022 16:10:40 PM - INFO - [in this interval] now real rtt is [3632]
04/05/2022 16:10:40 PM - INFO - [in this interval] aimd control rate is [1.1004508123009162] mbps
04/05/2022 16:10:40 PM - INFO - [in this interval] delay-rate is [1.1004508123009162] mbps
04/05/2022 16:10:40 PM - INFO - average delay [1595.0]
04/05/2022 16:10:40 PM - INFO - average delay [1559.1666666666667]
04/05/2022 16:10:40 PM - INFO - average delay [1492.6]
04/05/2022 16:10:40 PM - INFO - average delay [1492.75]
04/05/2022 16:10:40 PM - INFO - nowTs is [203802], lastTs is [203566]
04/05/2022 16:10:40 PM - INFO - [in this interval] loss-ratio is [0.3333333333333333]
04/05/2022 16:10:40 PM - INFO - [in this interval] group num is [9]
04/05/2022 16:10:40 PM - INFO - [in this interval] delayDelta from group is [[-9, -49, -19, -13, -7, 16, 11, -15]]
04/05/2022 16:10:40 PM - INFO - sample List of accDelay : [[-6248.990314160659, -6255.391282744594, -6261.952154470135, -6268.3569390231205, -6274.521245120809, -6280.369120608729, -6286.532208547856, -6288.97898769307, -6288.081088923763, -6281.272980031386, -6272.9456820282485, -6259.151113825424, -6247.636002442881, -6242.172402198594, -6239.155161978734, -6237.739645780861, -6237.165681202775, -6235.049113082498, -6232.044201774248, -6230.839781596824]]
04/05/2022 16:10:40 PM - INFO - sample List of time: [[202621, 202651, 202677, 202704, 202734, 202765, 202797, 202829, 202895, 202961, 203133, 203185, 203314, 203335, 203356, 203367, 203389, 203422, 203468, 203514]]
04/05/2022 16:10:40 PM - INFO - update trend: [0.04621259819786151]
04/05/2022 16:10:40 PM - INFO - estimateQueueDelayDuration [11.091023567486763] = queueDelayDelta [0.18485039279144605] * numCount[1000]
04/05/2022 16:10:40 PM - INFO - [in this interval] signal is [Signal.NORMAL]
04/05/2022 16:10:40 PM - INFO - [in this interval] adaptiveThresholdGamma is [58.308128846095606]
04/05/2022 16:10:40 PM - INFO - [in this interval] state is [State.INCREASE]
04/05/2022 16:10:40 PM - INFO - [in this interval] now real rate is [0.535952]mbps
04/05/2022 16:10:40 PM - INFO - [in this interval] now real rtt is [3404]
04/05/2022 16:10:40 PM - INFO - [in this interval] aimd control rate is [1.1050360240188366] mbps
04/05/2022 16:10:40 PM - INFO - [in this interval] delay-rate is [1.1050360240188366] mbps
04/05/2022 16:10:40 PM - INFO - average delay [1504.0]
04/05/2022 16:10:40 PM - INFO - average delay [1524.75]
04/05/2022 16:10:40 PM - INFO - average delay [1529.25]
04/05/2022 16:10:40 PM - INFO - average delay [1544.25]
04/05/2022 16:10:40 PM - INFO - nowTs is [204047], lastTs is [203802]
04/05/2022 16:10:40 PM - INFO - [in this interval] loss-ratio is [0.125]
04/05/2022 16:10:40 PM - INFO - [in this interval] group num is [6]
04/05/2022 16:10:40 PM - INFO - [in this interval] delayDelta from group is [[6, 7, 9, 23, 9]]
04/05/2022 16:10:40 PM - INFO - sample List of accDelay : [[-6280.369120608729, -6286.532208547856, -6288.97898769307, -6288.081088923763, -6281.272980031386, -6272.9456820282485, -6259.151113825424, -6247.636002442881, -6242.172402198594, -6239.155161978734, -6237.739645780861, -6237.165681202775, -6235.049113082498, -6232.044201774248, -6230.839781596824, -6229.155803437141, -6226.9402230934265, -6224.046200784084, -6219.141580705676, -6213.827422635108]]
04/05/2022 16:10:40 PM - INFO - sample List of time: [[202765, 202797, 202829, 202895, 202961, 203133, 203185, 203314, 203335, 203356, 203367, 203389, 203422, 203468, 203514, 203560, 203591, 203638, 203677, 203735]]
04/05/2022 16:10:40 PM - INFO - update trend: [0.08073116881215182]
04/05/2022 16:10:40 PM - INFO - estimateQueueDelayDuration [19.375480514916436] = queueDelayDelta [0.3229246752486073] * numCount[1001]
04/05/2022 16:10:40 PM - INFO - [in this interval] signal is [Signal.NORMAL]
04/05/2022 16:10:40 PM - INFO - [in this interval] adaptiveThresholdGamma is [57.60734117613438]
04/05/2022 16:10:40 PM - INFO - [in this interval] state is [State.INCREASE]
04/05/2022 16:10:40 PM - INFO - [in this interval] now real rate is [0.546112]mbps
04/05/2022 16:10:40 PM - INFO - [in this interval] now real rtt is [3564]
04/05/2022 16:10:40 PM - INFO - [in this interval] aimd control rate is [1.109640340785582] mbps
04/05/2022 16:10:40 PM - INFO - [in this interval] delay-rate is [1.109640340785582] mbps
04/05/2022 16:10:40 PM - INFO - average delay [1568.75]
04/05/2022 16:10:40 PM - INFO - average delay [1583.6666666666667]
04/05/2022 16:10:40 PM - INFO - average delay [1595.5]
04/05/2022 16:10:40 PM - INFO - average delay [1610.75]
04/05/2022 16:10:40 PM - INFO - nowTs is [204289], lastTs is [204047]
04/05/2022 16:10:40 PM - INFO - [in this interval] loss-ratio is [0.11764705882352941]
04/05/2022 16:10:40 PM - INFO - [in this interval] group num is [6]
04/05/2022 16:10:40 PM - INFO - [in this interval] delayDelta from group is [[5, 6, 12, 16, -15]]
04/05/2022 16:10:40 PM - INFO - sample List of accDelay : [[-6272.9456820282485, -6259.151113825424, -6247.636002442881, -6242.172402198594, -6239.155161978734, -6237.739645780861, -6237.165681202775, -6235.049113082498, -6232.044201774248, -6230.839781596824, -6229.155803437141, -6226.9402230934265, -6224.046200784084, -6219.141580705676, -6213.827422635108, -6208.544680371597, -6203.190212334437, -6197.171191100993, -6190.154071990894, -6185.338664791805]]
04/05/2022 16:10:40 PM - INFO - sample List of time: [[203133, 203185, 203314, 203335, 203356, 203367, 203389, 203422, 203468, 203514, 203560, 203591, 203638, 203677, 203735, 203832, 203862, 203908, 203955, 204001]]
04/05/2022 16:10:40 PM - INFO - update trend: [0.0850582756037027]
04/05/2022 16:10:40 PM - INFO - estimateQueueDelayDuration [20.41398614488865] = queueDelayDelta [0.3402331024148108] * numCount[1000]
04/05/2022 16:10:40 PM - INFO - [in this interval] signal is [Signal.NORMAL]
04/05/2022 16:10:40 PM - INFO - [in this interval] adaptiveThresholdGamma is [56.937860785571964]
04/05/2022 16:10:40 PM - INFO - [in this interval] state is [State.INCREASE]
04/05/2022 16:10:40 PM - INFO - [in this interval] now real rate is [0.5207392197125257]mbps
04/05/2022 16:10:40 PM - INFO - [in this interval] now real rtt is [3648]
04/05/2022 16:10:40 PM - INFO - [in this interval] aimd control rate is [1.114263842205522] mbps
04/05/2022 16:10:40 PM - INFO - [in this interval] delay-rate is [1.114263842205522] mbps
04/05/2022 16:10:40 PM - INFO - average delay [1626.0]
04/05/2022 16:10:40 PM - INFO - average delay [1652.5]
04/05/2022 16:10:40 PM - INFO - average delay [1681.5]
04/05/2022 16:10:40 PM - INFO - average delay [1725.0]
04/05/2022 16:10:40 PM - INFO - nowTs is [204520], lastTs is [204289]
04/05/2022 16:10:40 PM - INFO - [in this interval] loss-ratio is [0.0]
04/05/2022 16:10:40 PM - INFO - [in this interval] group num is [3]
04/05/2022 16:10:40 PM - INFO - [in this interval] delayDelta from group is [[57, 63]]
04/05/2022 16:10:40 PM - INFO - sample List of accDelay : [[-6247.636002442881, -6242.172402198594, -6239.155161978734, -6237.739645780861, -6237.165681202775, -6235.049113082498, -6232.044201774248, -6230.839781596824, -6229.155803437141, -6226.9402230934265, -6224.046200784084, -6219.141580705676, -6213.827422635108, -6208.544680371597, -6203.190212334437, -6197.171191100993, -6190.154071990894, -6185.338664791805, -6175.304798312624, -6159.9743184813615]]
04/05/2022 16:10:40 PM - INFO - sample List of time: [[203314, 203335, 203356, 203367, 203389, 203422, 203468, 203514, 203560, 203591, 203638, 203677, 203735, 203832, 203862, 203908, 203955, 204001, 204062, 204154]]
04/05/2022 16:10:40 PM - INFO - update trend: [0.0896414461882447]
04/05/2022 16:10:40 PM - INFO - estimateQueueDelayDuration [21.513947085178728] = queueDelayDelta [0.3585657847529788] * numCount[1000]
04/05/2022 16:10:40 PM - INFO - [in this interval] signal is [Signal.NORMAL]
04/05/2022 16:10:40 PM - INFO - [in this interval] adaptiveThresholdGamma is [56.30023033896489]
04/05/2022 16:10:40 PM - INFO - [in this interval] state is [State.INCREASE]
04/05/2022 16:10:40 PM - INFO - [in this interval] now real rate is [0.4343042596348884]mbps
04/05/2022 16:10:40 PM - INFO - [in this interval] now real rtt is [3970]
04/05/2022 16:10:40 PM - INFO - [in this interval] aimd control rate is [1.1189066082147114] mbps
04/05/2022 16:10:40 PM - INFO - [in this interval] delay-rate is [1.1189066082147114] mbps
04/05/2022 16:10:40 PM - INFO - average delay [1772.0]
04/05/2022 16:10:40 PM - INFO - average delay [1794.6666666666667]
04/05/2022 16:10:40 PM - INFO - average delay [1812.6666666666667]
04/05/2022 16:10:40 PM - INFO - average delay [1833.3333333333333]
04/05/2022 16:10:40 PM - INFO - nowTs is [204760], lastTs is [204520]
04/05/2022 16:10:40 PM - INFO - [in this interval] loss-ratio is [0.2857142857142857]
04/05/2022 16:10:40 PM - INFO - [in this interval] group num is [6]
04/05/2022 16:10:40 PM - INFO - [in this interval] delayDelta from group is [[17, 21, 8, -11, -11]]
04/05/2022 16:10:40 PM - INFO - sample List of accDelay : [[-6235.049113082498, -6232.044201774248, -6230.839781596824, -6229.155803437141, -6226.9402230934265, -6224.046200784084, -6219.141580705676, -6213.827422635108, -6208.544680371597, -6203.190212334437, -6197.171191100993, -6190.154071990894, -6185.338664791805, -6175.304798312624, -6159.9743184813615, -6144.476886633225, -6128.429197969903, -6113.186278172912, -6100.5676503556215, -6090.310885320059]]
04/05/2022 16:10:40 PM - INFO - sample List of time: [[203422, 203468, 203514, 203560, 203591, 203638, 203677, 203735, 203832, 203862, 203908, 203955, 204001, 204062, 204154, 204298, 204350, 204401, 204449, 204468]]
04/05/2022 16:10:40 PM - INFO - update trend: [0.13275850392388527]
04/05/2022 16:10:40 PM - INFO - estimateQueueDelayDuration [31.862040941732467] = queueDelayDelta [0.5310340156955411] * numCount[1001]
04/05/2022 16:10:40 PM - INFO - [in this interval] signal is [Signal.NORMAL]
04/05/2022 16:10:40 PM - INFO - [in this interval] adaptiveThresholdGamma is [55.860342929814706]
04/05/2022 16:10:40 PM - INFO - [in this interval] state is [State.INCREASE]
04/05/2022 16:10:40 PM - INFO - [in this interval] now real rate is [0.36717695473251033]mbps
04/05/2022 16:10:40 PM - INFO - [in this interval] now real rtt is [4060]
04/05/2022 16:10:40 PM - INFO - [in this interval] aimd control rate is [1.1235687190822727] mbps
04/05/2022 16:10:40 PM - INFO - [in this interval] delay-rate is [1.1235687190822727] mbps
04/05/2022 16:10:40 PM - INFO - average delay [1840.25]
04/05/2022 16:10:40 PM - INFO - average delay [1842.6666666666667]
04/05/2022 16:10:40 PM - INFO - average delay [1848.0]
04/05/2022 16:10:40 PM - INFO - average delay [1860.0]
04/05/2022 16:10:40 PM - INFO - nowTs is [205001], lastTs is [204760]
04/05/2022 16:10:40 PM - INFO - [in this interval] loss-ratio is [0.0]
04/05/2022 16:10:40 PM - INFO - [in this interval] group num is [6]
04/05/2022 16:10:40 PM - INFO - [in this interval] delayDelta from group is [[3, 3, 8, 14, 23]]
04/05/2022 16:10:40 PM - INFO - sample List of accDelay : [[-6224.046200784084, -6219.141580705676, -6213.827422635108, -6208.544680371597, -6203.190212334437, -6197.171191100993, -6190.154071990894, -6185.338664791805, -6175.304798312624, -6159.9743184813615, -6144.476886633225, -6128.429197969903, -6113.186278172912, -6100.5676503556215, -6090.310885320059, -6080.779796788053, -6071.9018171092475, -6063.1116353983225, -6053.800471858491, -6043.120424672642]]
04/05/2022 16:10:40 PM - INFO - sample List of time: [[203638, 203677, 203735, 203832, 203862, 203908, 203955, 204001, 204062, 204154, 204298, 204350, 204401, 204449, 204468, 204507, 204545, 204583, 204621, 204670]]
04/05/2022 16:10:40 PM - INFO - update trend: [0.17786144866115458]
04/05/2022 16:10:40 PM - INFO - estimateQueueDelayDuration [42.6867476786771] = queueDelayDelta [0.7114457946446183] * numCount[1000]
04/05/2022 16:10:40 PM - INFO - [in this interval] signal is [Signal.NORMAL]
04/05/2022 16:10:40 PM - INFO - [in this interval] adaptiveThresholdGamma is [55.62321821529423]
04/05/2022 16:10:40 PM - INFO - [in this interval] state is [State.INCREASE]
04/05/2022 16:10:40 PM - INFO - [in this interval] now real rate is [0.4364906444906445]mbps
04/05/2022 16:10:40 PM - INFO - [in this interval] now real rtt is [4192]
04/05/2022 16:10:40 PM - INFO - [in this interval] aimd control rate is [1.1282502554117824] mbps
04/05/2022 16:10:40 PM - INFO - [in this interval] delay-rate is [1.1282502554117824] mbps
04/05/2022 16:10:40 PM - INFO - average delay [1880.3333333333335]
04/05/2022 16:10:40 PM - INFO - average delay [1912.0]
04/05/2022 16:10:40 PM - INFO - average delay [1931.3333333333335]
04/05/2022 16:10:40 PM - INFO - average delay [1954.3333333333335]
04/05/2022 16:10:40 PM - INFO - nowTs is [205242], lastTs is [205001]
04/05/2022 16:10:40 PM - INFO - [in this interval] loss-ratio is [0.18181818181818182]
04/05/2022 16:10:40 PM - INFO - [in this interval] group num is [6]
04/05/2022 16:10:40 PM - INFO - [in this interval] delayDelta from group is [[23, 16, -5, -11, -5]]
04/05/2022 16:10:40 PM - INFO - sample List of accDelay : [[-6197.171191100993, -6190.154071990894, -6185.338664791805, -6175.304798312624, -6159.9743184813615, -6144.476886633225, -6128.429197969903, -6113.186278172912, -6100.5676503556215, -6090.310885320059, -6080.779796788053, -6071.9018171092475, -6063.1116353983225, -6053.800471858491, -6043.120424672642, -6031.208382205377, -6018.88754398484, -6008.298789586356, -5999.868910627721, -5992.782019564948]]
04/05/2022 16:10:40 PM - INFO - sample List of time: [[203908, 203955, 204001, 204062, 204154, 204298, 204350, 204401, 204449, 204468, 204507, 204545, 204583, 204621, 204670, 204786, 204844, 204895, 204920, 204944]]
04/05/2022 16:10:40 PM - INFO - update trend: [0.20290874801559716]
04/05/2022 16:10:40 PM - INFO - estimateQueueDelayDuration [48.698099523743316] = queueDelayDelta [0.8116349920623886] * numCount[1001]
04/05/2022 16:10:40 PM - INFO - [in this interval] signal is [Signal.NORMAL]
04/05/2022 16:10:40 PM - INFO - [in this interval] adaptiveThresholdGamma is [55.498566078846316]
04/05/2022 16:10:40 PM - INFO - [in this interval] state is [State.INCREASE]
04/05/2022 16:10:40 PM - INFO - [in this interval] now real rate is [0.43500414937759335]mbps
04/05/2022 16:10:40 PM - INFO - [in this interval] now real rtt is [4284]
04/05/2022 16:10:40 PM - INFO - [in this interval] aimd control rate is [1.1329512981426648] mbps
04/05/2022 16:10:40 PM - INFO - [in this interval] delay-rate is [1.1329512981426648] mbps
04/05/2022 16:10:40 PM - INFO - average delay [1949.0]
04/05/2022 16:10:40 PM - INFO - average delay [1959.5]
04/05/2022 16:10:40 PM - INFO - average delay [1925.75]
04/05/2022 16:10:40 PM - INFO - average delay [1888.25]
04/05/2022 16:10:40 PM - INFO - nowTs is [205492], lastTs is [205242]
04/05/2022 16:10:40 PM - INFO - [in this interval] loss-ratio is [0.3]
04/05/2022 16:10:40 PM - INFO - [in this interval] group num is [11]
04/05/2022 16:10:40 PM - INFO - [in this interval] delayDelta from group is [[-5, -5, -19, -15, -7, -14, -15, -8, -3, -9]]
04/05/2022 16:10:40 PM - INFO - sample List of accDelay : [[-6080.779796788053, -6071.9018171092475, -6063.1116353983225, -6053.800471858491, -6043.120424672642, -6031.208382205377, -6018.88754398484, -6008.298789586356, -5999.868910627721, -5992.782019564948, -5986.903817608453, -5982.113435847607, -5979.702092262847, -5979.031883036563, -5979.128694732907, -5980.615825259616, -5983.454242733655, -5986.808818460289, -5990.127936614261, -5994.015142952834]]
04/05/2022 16:10:40 PM - INFO - sample List of time: [[204507, 204545, 204583, 204621, 204670, 204786, 204844, 204895, 204920, 204944, 204994, 205019, 205044, 205060, 205075, 205108, 205124, 205139, 205171, 205203]]
04/05/2022 16:10:40 PM - INFO - update trend: [0.14684480841663883]
04/05/2022 16:10:40 PM - INFO - estimateQueueDelayDuration [35.24275401999332] = queueDelayDelta [0.5873792336665553] * numCount[1001]
04/05/2022 16:10:40 PM - INFO - [in this interval] signal is [Signal.NORMAL]
04/05/2022 16:10:40 PM - INFO - [in this interval] adaptiveThresholdGamma is [55.13396146178696]
04/05/2022 16:10:40 PM - INFO - [in this interval] state is [State.INCREASE]
04/05/2022 16:10:40 PM - INFO - [in this interval] now real rate is [0.4975152749490835]mbps
04/05/2022 16:10:40 PM - INFO - [in this interval] now real rtt is [4124]
04/05/2022 16:10:40 PM - INFO - [in this interval] aimd control rate is [1.1376719285515926] mbps
04/05/2022 16:10:40 PM - INFO - [in this interval] delay-rate is [1.1376719285515926] mbps
04/05/2022 16:10:40 PM - INFO - average delay [1866.75]
04/05/2022 16:10:40 PM - INFO - average delay [1869.3333333333335]
04/05/2022 16:10:40 PM - INFO - average delay [1870.5]
04/05/2022 16:10:40 PM - INFO - average delay [1869.25]
04/05/2022 16:10:40 PM - INFO - nowTs is [205726], lastTs is [205492]
04/05/2022 16:10:40 PM - INFO - [in this interval] loss-ratio is [0.23529411764705882]
04/05/2022 16:10:40 PM - INFO - [in this interval] group num is [9]
04/05/2022 16:10:40 PM - INFO - [in this interval] delayDelta from group is [[1, 2, 7, -12, -3, 10, -1, -1]]
04/05/2022 16:10:40 PM - INFO - sample List of accDelay : [[-5999.868910627721, -5992.782019564948, -5986.903817608453, -5982.113435847607, -5979.702092262847, -5979.031883036563, -5979.128694732907, -5980.615825259616, -5983.454242733655, -5986.808818460289, -5990.127936614261, -5994.015142952834, -5997.413628657551, -6000.272265791797, -6002.145039212617, -6005.030535291355, -6007.927481762219, -6009.534733585997, -6011.081260227397, -6012.573134204658]]
04/05/2022 16:10:40 PM - INFO - sample List of time: [[204920, 204944, 204994, 205019, 205044, 205060, 205075, 205108, 205124, 205139, 205171, 205203, 205235, 205271, 205308, 205345, 205363, 205400, 205420, 205439]]
04/05/2022 16:10:40 PM - INFO - update trend: [-0.05537964314423091]
04/05/2022 16:10:40 PM - INFO - estimateQueueDelayDuration [-13.291114354615418] = queueDelayDelta [-0.22151857257692364] * numCount[1001]
04/05/2022 16:10:40 PM - INFO - [in this interval] signal is [Signal.NORMAL]
04/05/2022 16:10:40 PM - INFO - [in this interval] adaptiveThresholdGamma is [54.38079021385787]
04/05/2022 16:10:40 PM - INFO - [in this interval] state is [State.INCREASE]
04/05/2022 16:10:40 PM - INFO - [in this interval] now real rate is [0.6029090909090908]mbps
04/05/2022 16:10:40 PM - INFO - [in this interval] now real rtt is [4152]
04/05/2022 16:10:40 PM - INFO - [in this interval] aimd control rate is [1.1424122282538909] mbps
04/05/2022 16:10:40 PM - INFO - [in this interval] delay-rate is [1.1424122282538909] mbps
04/05/2022 16:10:40 PM - INFO - average delay [1874.75]
04/05/2022 16:10:40 PM - INFO - average delay [1844.0]
04/05/2022 16:10:40 PM - INFO - average delay [1802.8333333333333]
04/05/2022 16:10:40 PM - INFO - average delay [1751.1666666666667]
04/05/2022 16:10:40 PM - INFO - nowTs is [205964], lastTs is [205726]
04/05/2022 16:10:40 PM - INFO - [in this interval] loss-ratio is [0.3548387096774194]
04/05/2022 16:10:40 PM - INFO - [in this interval] group num is [12]
04/05/2022 16:10:40 PM - INFO - [in this interval] delayDelta from group is [[-23, -11, -12, -12, -42, -12, -5, -3, -11, -10, -4]]
04/05/2022 16:10:40 PM - INFO - sample List of accDelay : [[-5994.015142952834, -5997.413628657551, -6000.272265791797, -6002.145039212617, -6005.030535291355, -6007.927481762219, -6009.534733585997, -6011.081260227397, -6012.573134204658, -6016.215820784192, -6020.594238705773, -6025.734814835196, -6031.561333351676, -6041.005200016509, -6050.704680014858, -6059.934212013372, -6068.540790812036, -6077.386711730833, -6086.348040557749, -6094.813236501974]]
04/05/2022 16:10:40 PM - INFO - sample List of time: [[205203, 205235, 205271, 205308, 205345, 205363, 205400, 205420, 205439, 205466, 205478, 205502, 205525, 205548, 205571, 205594, 205604, 205616, 205640, 205665]]
04/05/2022 16:10:40 PM - INFO - update trend: [-0.20977110449121047]
04/05/2022 16:10:40 PM - INFO - estimateQueueDelayDuration [-50.34506507789052] = queueDelayDelta [-0.8390844179648419] * numCount[1000]
04/05/2022 16:10:40 PM - INFO - [in this interval] signal is [Signal.NORMAL]
04/05/2022 16:10:40 PM - INFO - [in this interval] adaptiveThresholdGamma is [54.30814716141046]
04/05/2022 16:10:40 PM - INFO - [in this interval] state is [State.INCREASE]
04/05/2022 16:10:40 PM - INFO - [in this interval] now real rate is [0.7088196721311475]mbps
04/05/2022 16:10:40 PM - INFO - [in this interval] now real rtt is [3858]
04/05/2022 16:10:40 PM - INFO - [in this interval] aimd control rate is [1.1471722792049488] mbps
04/05/2022 16:10:40 PM - INFO - [in this interval] delay-rate is [1.1471722792049488] mbps
04/05/2022 16:10:40 PM - INFO - average delay [1730.4]
04/05/2022 16:10:40 PM - INFO - average delay [1701.2]
04/05/2022 16:10:40 PM - INFO - average delay [1667.6]
04/05/2022 16:10:40 PM - INFO - average delay [1621.5]
04/05/2022 16:10:40 PM - INFO - nowTs is [206208], lastTs is [205964]
04/05/2022 16:10:40 PM - INFO - [in this interval] loss-ratio is [0.34782608695652173]
04/05/2022 16:10:40 PM - INFO - [in this interval] group num is [11]
04/05/2022 16:10:40 PM - INFO - [in this interval] delayDelta from group is [[-6, 1, -22, -17, -18, -22, -22, -4, -10, 11]]
04/05/2022 16:10:40 PM - INFO - sample List of accDelay : [[-6020.594238705773, -6025.734814835196, -6031.561333351676, -6041.005200016509, -6050.704680014858, -6059.934212013372, -6068.540790812036, -6077.386711730833, -6086.348040557749, -6094.813236501974, -6103.031912851777, -6110.328721566599, -6119.09584940994, -6128.686264468945, -6139.117638022051, -6150.705874219846, -6163.335286797861, -6175.101758118075, -6186.691582306268, -6196.0224240756415]]
04/05/2022 16:10:40 PM - INFO - sample List of time: [[205478, 205502, 205525, 205548, 205571, 205594, 205604, 205616, 205640, 205665, 205704, 205743, 205769, 205782, 205795, 205807, 205820, 205833, 205859, 205884]]
04/05/2022 16:10:40 PM - INFO - update trend: [-0.42350338654550446]
04/05/2022 16:10:40 PM - INFO - estimateQueueDelayDuration [-101.64081277092107] = queueDelayDelta [-1.6940135461820178] * numCount[1000]
04/05/2022 16:10:40 PM - INFO - [in this interval] signal is [Signal.UNDER_USE]
04/05/2022 16:10:40 PM - INFO - [in this interval] adaptiveThresholdGamma is [54.30814716141046]
04/05/2022 16:10:40 PM - INFO - [in this interval] state is [State.HOLD]
04/05/2022 16:10:40 PM - INFO - [in this interval] now real rate is [0.700274193548387]mbps
04/05/2022 16:10:40 PM - INFO - [in this interval] now real rtt is [3606]
04/05/2022 16:10:40 PM - INFO - [in this interval] aimd control rate is [1.1471722792049488] mbps
04/05/2022 16:10:40 PM - INFO - [in this interval] delay-rate is [1.1471722792049488] mbps
04/05/2022 16:10:40 PM - INFO - average delay [1592.6666666666667]
04/05/2022 16:10:40 PM - INFO - average delay [1599.0]
04/05/2022 16:10:40 PM - INFO - average delay [1583.3333333333333]
04/05/2022 16:10:40 PM - INFO - average delay [1559.4]
04/05/2022 16:10:40 PM - INFO - nowTs is [206455], lastTs is [206208]
04/05/2022 16:10:40 PM - INFO - [in this interval] loss-ratio is [0.3333333333333333]
04/05/2022 16:10:40 PM - INFO - [in this interval] group num is [10]
04/05/2022 16:10:40 PM - INFO - [in this interval] delayDelta from group is [[-10, -14, 9, -16, -11, -3, -5, -15, -14]]
04/05/2022 16:10:40 PM - INFO - sample List of accDelay : [[-6094.813236501974, -6103.031912851777, -6110.328721566599, -6119.09584940994, -6128.686264468945, -6139.117638022051, -6150.705874219846, -6163.335286797861, -6175.101758118075, -6186.691582306268, -6196.0224240756415, -6205.420181668078, -6215.27816350127, -6223.250347151143, -6232.025312436028, -6241.022781192425, -6249.420503073183, -6257.478452765865, -6266.230607489279, -6275.50754674035]]
04/05/2022 16:10:40 PM - INFO - sample List of time: [[205665, 205704, 205743, 205769, 205782, 205795, 205807, 205820, 205833, 205859, 205884, 205961, 205986, 206012, 206051, 206065, 206094, 206121, 206151, 206166]]
04/05/2022 16:10:40 PM - INFO - update trend: [-0.36306312887760495]
04/05/2022 16:10:40 PM - INFO - estimateQueueDelayDuration [-87.13515093062519] = queueDelayDelta [-1.4522525155104198] * numCount[1001]
04/05/2022 16:10:40 PM - INFO - [in this interval] signal is [Signal.UNDER_USE]
04/05/2022 16:10:40 PM - INFO - [in this interval] adaptiveThresholdGamma is [54.30814716141046]
04/05/2022 16:10:40 PM - INFO - [in this interval] state is [State.HOLD]
04/05/2022 16:10:40 PM - INFO - [in this interval] now real rate is [0.5691242362525458]mbps
04/05/2022 16:10:40 PM - INFO - [in this interval] now real rtt is [3450]
04/05/2022 16:10:40 PM - INFO - [in this interval] aimd control rate is [1.1471722792049488] mbps
04/05/2022 16:10:40 PM - INFO - [in this interval] delay-rate is [1.1471722792049488] mbps
04/05/2022 16:10:40 PM - INFO - average delay [1540.5]
04/05/2022 16:10:40 PM - INFO - average delay [1519.0]
04/05/2022 16:10:40 PM - INFO - average delay [1507.6666666666667]
04/05/2022 16:10:40 PM - INFO - average delay [1473.6666666666667]
04/05/2022 16:10:40 PM - INFO - nowTs is [206688], lastTs is [206455]
04/05/2022 16:10:40 PM - INFO - [in this interval] loss-ratio is [0.42857142857142855]
04/05/2022 16:10:40 PM - INFO - [in this interval] group num is [10]
04/05/2022 16:10:40 PM - INFO - [in this interval] delayDelta from group is [[-14, -4, -10, -8, -14, -10, -14, 1, -4]]
04/05/2022 16:10:40 PM - INFO - sample List of accDelay : [[-6186.691582306268, -6196.0224240756415, -6205.420181668078, -6215.27816350127, -6223.250347151143, -6232.025312436028, -6241.022781192425, -6249.420503073183, -6257.478452765865, -6266.230607489279, -6275.50754674035, -6285.256792066316, -6294.431112859685, -6303.688001573716, -6312.819201416344, -6322.43728127471, -6332.093553147239, -6342.184197832516, -6351.165778049264, -6359.649200244337]]
04/05/2022 16:10:40 PM - INFO - sample List of time: [[205859, 205884, 205961, 205986, 206012, 206051, 206065, 206094, 206121, 206151, 206166, 206197, 206213, 206249, 206269, 206291, 206312, 206332, 206353, 206394]]
04/05/2022 16:10:40 PM - INFO - update trend: [-0.3396733132178445]
04/05/2022 16:10:40 PM - INFO - estimateQueueDelayDuration [-81.52159517228267] = queueDelayDelta [-1.358693252871378] * numCount[1000]
04/05/2022 16:10:40 PM - INFO - [in this interval] signal is [Signal.UNDER_USE]
04/05/2022 16:10:40 PM - INFO - [in this interval] adaptiveThresholdGamma is [54.30814716141046]
04/05/2022 16:10:40 PM - INFO - [in this interval] state is [State.HOLD]
04/05/2022 16:10:40 PM - INFO - [in this interval] now real rate is [0.5509833333333334]mbps
04/05/2022 16:10:40 PM - INFO - [in this interval] now real rtt is [3316]
04/05/2022 16:10:40 PM - INFO - [in this interval] aimd control rate is [1.1471722792049488] mbps
04/05/2022 16:10:40 PM - INFO - [in this interval] delay-rate is [1.1471722792049488] mbps
04/05/2022 16:10:40 PM - INFO - average delay [1455.6666666666667]
04/05/2022 16:10:40 PM - INFO - average delay [1429.25]
04/05/2022 16:10:40 PM - INFO - average delay [1404.4]
04/05/2022 16:10:40 PM - INFO - average delay [1397.0]
04/05/2022 16:10:40 PM - INFO - nowTs is [206921], lastTs is [206688]
04/05/2022 16:10:40 PM - INFO - [in this interval] loss-ratio is [0.23809523809523808]
04/05/2022 16:10:40 PM - INFO - [in this interval] group num is [10]
04/05/2022 16:10:40 PM - INFO - [in this interval] delayDelta from group is [[-13, -11, -12, -6, -2, -6, 4, -11, -1]]
04/05/2022 16:10:40 PM - INFO - sample List of accDelay : [[-6266.230607489279, -6275.50754674035, -6285.256792066316, -6294.431112859685, -6303.688001573716, -6312.819201416344, -6322.43728127471, -6332.093553147239, -6342.184197832516, -6351.165778049264, -6359.649200244337, -6368.584280219903, -6377.725852197913, -6387.153266978122, -6396.23794028031, -6404.614146252279, -6412.752731627052, -6419.677458464346, -6427.009712617912, -6433.70874135612]]
04/05/2022 16:10:40 PM - INFO - sample List of time: [[206151, 206166, 206197, 206213, 206249, 206269, 206291, 206312, 206332, 206353, 206394, 206436, 206463, 206477, 206505, 206534, 206562, 206576, 206590, 206619]]
04/05/2022 16:10:40 PM - INFO - update trend: [-0.3501376593011541]
04/05/2022 16:10:40 PM - INFO - estimateQueueDelayDuration [-84.03303823227698] = queueDelayDelta [-1.4005506372046164] * numCount[1001]
04/05/2022 16:10:40 PM - INFO - [in this interval] signal is [Signal.UNDER_USE]
04/05/2022 16:10:40 PM - INFO - [in this interval] adaptiveThresholdGamma is [54.30814716141046]
04/05/2022 16:10:40 PM - INFO - [in this interval] state is [State.HOLD]
04/05/2022 16:10:40 PM - INFO - [in this interval] now real rate is [0.6457142857142857]mbps
04/05/2022 16:10:40 PM - INFO - [in this interval] now real rtt is [3172]
04/05/2022 16:10:40 PM - INFO - [in this interval] aimd control rate is [1.1471722792049488] mbps
04/05/2022 16:10:40 PM - INFO - [in this interval] delay-rate is [1.1471722792049488] mbps
04/05/2022 16:10:40 PM - INFO - average delay [1384.6]
04/05/2022 16:10:40 PM - INFO - average delay [1378.25]
04/05/2022 16:10:40 PM - INFO - average delay [1361.0]
04/05/2022 16:10:40 PM - INFO - average delay [1303.25]
04/05/2022 16:10:40 PM - INFO - nowTs is [207164], lastTs is [206921]
04/05/2022 16:10:40 PM - INFO - [in this interval] loss-ratio is [0.41379310344827586]
04/05/2022 16:10:40 PM - INFO - [in this interval] group num is [15]
04/05/2022 16:10:40 PM - INFO - [in this interval] delayDelta from group is [[-19, -9, 0, 1, -4, -5, -14, -15, -20, -20, -15, -14, -13, 9]]
04/05/2022 16:10:40 PM - INFO - sample List of accDelay : [[-6396.23794028031, -6404.614146252279, -6412.752731627052, -6419.677458464346, -6427.009712617912, -6433.70874135612, -6441.637867220508, -6449.674080498457, -6456.906672448612, -6463.316005203751, -6469.484404683376, -6475.535964215039, -6482.382367793534, -6490.0441310141805, -6498.939717912762, -6508.945746121485, -6519.451171509337, -6530.306054358403, -6541.375448922563, -6550.4379040303065]]
04/05/2022 16:10:40 PM - INFO - sample List of time: [[206505, 206534, 206562, 206576, 206590, 206619, 206664, 206680, 206696, 206711, 206727, 206743, 206758, 206774, 206789, 206804, 206819, 206834, 206855, 206867]]
04/05/2022 16:10:40 PM - INFO - update trend: [-0.41055203273213736]
04/05/2022 16:10:40 PM - INFO - estimateQueueDelayDuration [-98.53248785571297] = queueDelayDelta [-1.6422081309285494] * numCount[1001]
04/05/2022 16:10:40 PM - INFO - [in this interval] signal is [Signal.UNDER_USE]
04/05/2022 16:10:40 PM - INFO - [in this interval] adaptiveThresholdGamma is [54.30814716141046]
04/05/2022 16:10:40 PM - INFO - [in this interval] state is [State.HOLD]
04/05/2022 16:10:40 PM - INFO - [in this interval] now real rate is [0.7250382293762575]mbps
04/05/2022 16:10:40 PM - INFO - [in this interval] now real rtt is [2918]
04/05/2022 16:10:40 PM - INFO - [in this interval] aimd control rate is [1.1471722792049488] mbps
04/05/2022 16:10:40 PM - INFO - [in this interval] delay-rate is [1.1471722792049488] mbps
04/05/2022 16:10:40 PM - INFO - average delay [1259.0]
04/05/2022 16:10:40 PM - INFO - average delay [1240.6666666666667]
04/05/2022 16:10:40 PM - INFO - average delay [1252.8333333333333]
04/05/2022 16:10:40 PM - INFO - average delay [1260.2]
04/05/2022 16:10:40 PM - INFO - nowTs is [207401], lastTs is [207164]
04/05/2022 16:10:40 PM - INFO - [in this interval] loss-ratio is [0.0]
04/05/2022 16:10:40 PM - INFO - [in this interval] group num is [7]
04/05/2022 16:10:40 PM - INFO - [in this interval] delayDelta from group is [[-11, 18, 2, 4, 22, 9]]
04/05/2022 16:10:40 PM - INFO - sample List of accDelay : [[-6441.637867220508, -6449.674080498457, -6456.906672448612, -6463.316005203751, -6469.484404683376, -6475.535964215039, -6482.382367793534, -6490.0441310141805, -6498.939717912762, -6508.945746121485, -6519.451171509337, -6530.306054358403, -6541.375448922563, -6550.4379040303065, -6559.694113627276, -6566.224702264549, -6571.902232038095, -6576.612008834285, -6578.650807950857, -6579.585727155772]]
04/05/2022 16:10:40 PM - INFO - sample List of time: [[206664, 206680, 206696, 206711, 206727, 206743, 206758, 206774, 206789, 206804, 206819, 206834, 206855, 206867, 206914, 206938, 206996, 207008, 207027, 207094]]
04/05/2022 16:10:40 PM - INFO - update trend: [-0.36709037162385566]
04/05/2022 16:10:40 PM - INFO - estimateQueueDelayDuration [-88.10168918972536] = queueDelayDelta [-1.4683614864954226] * numCount[1001]
04/05/2022 16:10:40 PM - INFO - [in this interval] signal is [Signal.UNDER_USE]
04/05/2022 16:10:40 PM - INFO - [in this interval] adaptiveThresholdGamma is [54.30814716141046]
04/05/2022 16:10:40 PM - INFO - [in this interval] state is [State.HOLD]
04/05/2022 16:10:40 PM - INFO - [in this interval] now real rate is [0.7334354838709677]mbps
04/05/2022 16:10:40 PM - INFO - [in this interval] now real rtt is [2992]
04/05/2022 16:10:40 PM - INFO - [in this interval] aimd control rate is [1.1471722792049488] mbps
04/05/2022 16:10:40 PM - INFO - [in this interval] delay-rate is [1.1471722792049488] mbps
04/05/2022 16:10:40 PM - INFO - average delay [1285.0]
04/05/2022 16:10:40 PM - INFO - average delay [1307.75]
04/05/2022 16:10:40 PM - INFO - average delay [1317.0]
04/05/2022 16:10:40 PM - INFO - average delay [1336.5]
04/05/2022 16:10:40 PM - INFO - nowTs is [207651], lastTs is [207401]
04/05/2022 16:10:40 PM - INFO - [in this interval] loss-ratio is [0.0]
04/05/2022 16:10:40 PM - INFO - [in this interval] group num is [8]
04/05/2022 16:10:40 PM - INFO - [in this interval] delayDelta from group is [[-1, -1, 16, 14, 1, -3, 5]]
04/05/2022 16:10:40 PM - INFO - sample List of accDelay : [[-6490.0441310141805, -6498.939717912762, -6508.945746121485, -6519.451171509337, -6530.306054358403, -6541.375448922563, -6550.4379040303065, -6559.694113627276, -6566.224702264549, -6571.902232038095, -6576.612008834285, -6578.650807950857, -6579.585727155772, -6580.527154440194, -6581.474438996174, -6580.7269950965565, -6578.654295586901, -6576.68886602821, -6575.219979425389, -6573.39798148285]]
04/05/2022 16:10:40 PM - INFO - sample List of time: [[206774, 206789, 206804, 206819, 206834, 206855, 206867, 206914, 206938, 206996, 207008, 207027, 207094, 207182, 207216, 207235, 207266, 207315, 207346, 207363]]
04/05/2022 16:10:40 PM - INFO - update trend: [-0.11801846313253489]
04/05/2022 16:10:40 PM - INFO - estimateQueueDelayDuration [-28.324431151808373] = queueDelayDelta [-0.47207385253013956] * numCount[1000]
04/05/2022 16:10:40 PM - INFO - [in this interval] signal is [Signal.NORMAL]
04/05/2022 16:10:40 PM - INFO - [in this interval] adaptiveThresholdGamma is [53.840440273237625]
04/05/2022 16:10:40 PM - INFO - [in this interval] state is [State.INCREASE]
04/05/2022 16:10:40 PM - INFO - [in this interval] now real rate is [0.6389258517034068]mbps
04/05/2022 16:10:40 PM - INFO - [in this interval] now real rtt is [3102]
04/05/2022 16:10:40 PM - INFO - [in this interval] aimd control rate is [1.1519521637016361] mbps
04/05/2022 16:10:40 PM - INFO - [in this interval] delay-rate is [1.1519521637016361] mbps
04/05/2022 16:10:40 PM - INFO - average delay [1346.0]
04/05/2022 16:10:40 PM - INFO - average delay [1343.25]
04/05/2022 16:10:40 PM - INFO - average delay [1353.4]
04/05/2022 16:10:40 PM - INFO - average delay [1342.8]
04/05/2022 16:10:40 PM - INFO - nowTs is [207893], lastTs is [207651]
04/05/2022 16:10:40 PM - INFO - [in this interval] loss-ratio is [0.2608695652173913]
04/05/2022 16:10:40 PM - INFO - [in this interval] group num is [9]
04/05/2022 16:10:40 PM - INFO - [in this interval] delayDelta from group is [[-7, 18, -2, -4, 2, -11, 1, 13]]
04/05/2022 16:10:40 PM - INFO - sample List of accDelay : [[-6566.224702264549, -6571.902232038095, -6576.612008834285, -6578.650807950857, -6579.585727155772, -6580.527154440194, -6581.474438996174, -6580.7269950965565, -6578.654295586901, -6576.68886602821, -6575.219979425389, -6573.39798148285, -6572.458183334565, -6569.8123650011075, -6567.631128500997, -6566.068015650897, -6564.461214085807, -6564.115092677226, -6563.703583409504, -6562.033225068553]]
04/05/2022 16:10:40 PM - INFO - sample List of time: [[206938, 206996, 207008, 207027, 207094, 207182, 207216, 207235, 207266, 207315, 207346, 207363, 207395, 207413, 207456, 207484, 207500, 207512, 207536, 207577]]
04/05/2022 16:10:40 PM - INFO - update trend: [0.01947523809538794]
04/05/2022 16:10:40 PM - INFO - estimateQueueDelayDuration [4.674057142893106] = queueDelayDelta [0.07790095238155176] * numCount[1000]
04/05/2022 16:10:40 PM - INFO - [in this interval] signal is [Signal.NORMAL]
04/05/2022 16:10:40 PM - INFO - [in this interval] adaptiveThresholdGamma is [52.955445376891426]
04/05/2022 16:10:40 PM - INFO - [in this interval] state is [State.INCREASE]
04/05/2022 16:10:40 PM - INFO - [in this interval] now real rate is [0.5607317073170731]mbps
04/05/2022 16:10:40 PM - INFO - [in this interval] now real rtt is [3116]
04/05/2022 16:10:40 PM - INFO - [in this interval] aimd control rate is [1.1567519643837263] mbps
04/05/2022 16:10:40 PM - INFO - [in this interval] delay-rate is [1.1567519643837263] mbps
04/05/2022 16:10:40 PM - INFO - average delay [1346.2]
04/05/2022 16:10:40 PM - INFO - average delay [1364.6666666666667]
04/05/2022 16:10:40 PM - INFO - average delay [1365.0]
04/05/2022 16:10:40 PM - INFO - average delay [1368.25]
04/05/2022 16:10:40 PM - INFO - nowTs is [208133], lastTs is [207893]
04/05/2022 16:10:40 PM - INFO - [in this interval] loss-ratio is [0.16666666666666666]
04/05/2022 16:10:40 PM - INFO - [in this interval] group num is [11]
04/05/2022 16:10:40 PM - INFO - [in this interval] delayDelta from group is [[5, -5, 4, -1, 4, -5, -4, 19, -15, 0]]
04/05/2022 16:10:40 PM - INFO - sample List of accDelay : [[-6575.219979425389, -6573.39798148285, -6572.458183334565, -6569.8123650011075, -6567.631128500997, -6566.068015650897, -6564.461214085807, -6564.115092677226, -6563.703583409504, -6562.033225068553, -6560.029902561698, -6558.726912305528, -6557.154221074975, -6555.8387989674775, -6554.25491907073, -6553.329427163657, -6552.896484447291, -6550.606836002562, -6550.046152402306, -6549.541537162076]]
04/05/2022 16:10:40 PM - INFO - sample List of time: [[207346, 207363, 207395, 207413, 207456, 207484, 207500, 207512, 207536, 207577, 207633, 207663, 207683, 207697, 207726, 207745, 207760, 207781, 207810, 207825]]
04/05/2022 16:10:40 PM - INFO - update trend: [0.05141319157288875]
04/05/2022 16:10:40 PM - INFO - estimateQueueDelayDuration [12.3391659774933] = queueDelayDelta [0.205652766291555] * numCount[1000]
04/05/2022 16:10:40 PM - INFO - [in this interval] signal is [Signal.NORMAL]
04/05/2022 16:10:40 PM - INFO - [in this interval] adaptiveThresholdGamma is [52.22435234770226]
04/05/2022 16:10:40 PM - INFO - [in this interval] state is [State.INCREASE]
04/05/2022 16:10:40 PM - INFO - [in this interval] now real rate is [0.5516136820925553]mbps
04/05/2022 16:10:40 PM - INFO - [in this interval] now real rtt is [3136]
04/05/2022 16:10:40 PM - INFO - [in this interval] aimd control rate is [1.1606078042650052] mbps
04/05/2022 16:10:40 PM - INFO - [in this interval] delay-rate is [1.1606078042650052] mbps
04/05/2022 16:10:40 PM - INFO - average delay [1369.5]
04/05/2022 16:10:40 PM - INFO - average delay [1390.0]
04/05/2022 16:10:40 PM - INFO - average delay [1404.25]
04/05/2022 16:10:40 PM - INFO - average delay [1419.75]
04/05/2022 16:10:40 PM - INFO - nowTs is [208372], lastTs is [208133]
04/05/2022 16:10:40 PM - INFO - [in this interval] loss-ratio is [0.13333333333333333]
04/05/2022 16:10:40 PM - INFO - [in this interval] group num is [9]
04/05/2022 16:10:40 PM - INFO - [in this interval] delayDelta from group is [[26, -1, 0, 4, 6, 18, 18, 23]]
04/05/2022 16:10:40 PM - INFO - sample List of accDelay : [[-6563.703583409504, -6562.033225068553, -6560.029902561698, -6558.726912305528, -6557.154221074975, -6555.8387989674775, -6554.25491907073, -6553.329427163657, -6552.896484447291, -6550.606836002562, -6550.046152402306, -6549.541537162076, -6546.487383445868, -6543.838645101281, -6541.454780591153, -6538.909302532038, -6536.018372278834, -6531.616535050951, -6525.854881545855, -6518.369393391269]]
04/05/2022 16:10:40 PM - INFO - sample List of time: [[207536, 207577, 207633, 207663, 207683, 207697, 207726, 207745, 207760, 207781, 207810, 207825, 207875, 207916, 207930, 207950, 207964, 207985, 208033, 208061]]
04/05/2022 16:10:40 PM - INFO - update trend: [0.07730697593897108]
04/05/2022 16:10:40 PM - INFO - estimateQueueDelayDuration [18.55367422535306] = queueDelayDelta [0.3092279037558843] * numCount[1000]
04/05/2022 16:10:40 PM - INFO - [in this interval] signal is [Signal.NORMAL]
04/05/2022 16:10:40 PM - INFO - [in this interval] adaptiveThresholdGamma is [51.61828014149997]
04/05/2022 16:10:40 PM - INFO - [in this interval] state is [State.INCREASE]
04/05/2022 16:10:40 PM - INFO - [in this interval] now real rate is [0.497336048879837]mbps
04/05/2022 16:10:40 PM - INFO - [in this interval] now real rtt is [3344]
04/05/2022 16:10:40 PM - INFO - [in this interval] aimd control rate is [1.1644764969458887] mbps
04/05/2022 16:10:40 PM - INFO - [in this interval] delay-rate is [1.1644764969458887] mbps
04/05/2022 16:10:40 PM - INFO - average delay [1458.0]
04/05/2022 16:10:40 PM - INFO - average delay [1470.0]
04/05/2022 16:10:40 PM - INFO - average delay [1505.6666666666667]
04/05/2022 16:10:40 PM - INFO - average delay [1529.25]
04/05/2022 16:10:40 PM - INFO - nowTs is [208614], lastTs is [208372]
04/05/2022 16:10:40 PM - INFO - [in this interval] loss-ratio is [0.0]
04/05/2022 16:10:40 PM - INFO - [in this interval] group num is [7]
04/05/2022 16:10:40 PM - INFO - [in this interval] delayDelta from group is [[13, 41, 2, 4, -9, -16]]
04/05/2022 16:10:40 PM - INFO - sample List of accDelay : [[-6554.25491907073, -6553.329427163657, -6552.896484447291, -6550.606836002562, -6550.046152402306, -6549.541537162076, -6546.487383445868, -6543.838645101281, -6541.454780591153, -6538.909302532038, -6536.018372278834, -6531.616535050951, -6525.854881545855, -6518.369393391269, -6510.332454052143, -6498.999208646928, -6488.5992877822355, -6478.839359004012, -6470.955423103611, -6465.459880793251]]
04/05/2022 16:10:40 PM - INFO - sample List of time: [[207726, 207745, 207760, 207781, 207810, 207825, 207875, 207916, 207930, 207950, 207964, 207985, 208033, 208061, 208136, 208164, 208230, 208272, 208296, 208322]]
04/05/2022 16:10:40 PM - INFO - update trend: [0.14911747802884473]
04/05/2022 16:10:40 PM - INFO - estimateQueueDelayDuration [35.78819472692273] = queueDelayDelta [0.5964699121153789] * numCount[1000]
04/05/2022 16:10:40 PM - INFO - [in this interval] signal is [Signal.NORMAL]
04/05/2022 16:10:40 PM - INFO - [in this interval] adaptiveThresholdGamma is [51.333338604037586]
04/05/2022 16:10:40 PM - INFO - [in this interval] state is [State.INCREASE]
04/05/2022 16:10:40 PM - INFO - [in this interval] now real rate is [0.4771070707070707]mbps
04/05/2022 16:10:40 PM - INFO - [in this interval] now real rtt is [3428]
04/05/2022 16:10:40 PM - INFO - [in this interval] aimd control rate is [1.1683580852690416] mbps
04/05/2022 16:10:40 PM - INFO - [in this interval] delay-rate is [1.1683580852690416] mbps
04/05/2022 16:10:40 PM - INFO - average delay [1525.4]
04/05/2022 16:10:40 PM - INFO - average delay [1530.5]
04/05/2022 16:10:40 PM - INFO - average delay [1535.75]
04/05/2022 16:10:40 PM - INFO - average delay [1567.0]
04/05/2022 16:10:40 PM - INFO - average delay [1592.5]
04/05/2022 16:10:40 PM - INFO - nowTs is [208910], lastTs is [208614]
04/05/2022 16:10:40 PM - INFO - [in this interval] loss-ratio is [0.0]
04/05/2022 16:10:40 PM - INFO - [in this interval] group num is [7]
04/05/2022 16:10:40 PM - INFO - [in this interval] delayDelta from group is [[7, -14, -6, 31, 51, 61]]
04/05/2022 16:10:40 PM - INFO - sample List of accDelay : [[-6546.487383445868, -6543.838645101281, -6541.454780591153, -6538.909302532038, -6536.018372278834, -6531.616535050951, -6525.854881545855, -6518.369393391269, -6510.332454052143, -6498.999208646928, -6488.5992877822355, -6478.839359004012, -6470.955423103611, -6465.459880793251, -6459.813892713925, -6456.132503442533, -6453.419253098279, -6447.877327788451, -6437.789595009606, -6422.610635508645]]
04/05/2022 16:10:40 PM - INFO - sample List of time: [[207875, 207916, 207930, 207950, 207964, 207985, 208033, 208061, 208136, 208164, 208230, 208272, 208296, 208322, 208382, 208404, 208425, 208444, 208485, 208561]]
04/05/2022 16:10:40 PM - INFO - update trend: [0.1844915622677987]
04/05/2022 16:10:40 PM - INFO - estimateQueueDelayDuration [44.27797494427169] = queueDelayDelta [0.7379662490711948] * numCount[1000]
04/05/2022 16:10:40 PM - INFO - [in this interval] signal is [Signal.NORMAL]
04/05/2022 16:10:40 PM - INFO - [in this interval] adaptiveThresholdGamma is [51.2063420581618]
04/05/2022 16:10:40 PM - INFO - [in this interval] state is [State.INCREASE]
04/05/2022 16:10:40 PM - INFO - [in this interval] now real rate is [0.435754756871036]mbps
04/05/2022 16:10:40 PM - INFO - [in this interval] now real rtt is [3740]
04/05/2022 16:10:40 PM - INFO - [in this interval] aimd control rate is [1.1722526122199384] mbps
04/05/2022 16:10:40 PM - INFO - [in this interval] delay-rate is [1.1722526122199384] mbps
04/05/2022 16:10:40 PM - INFO - average delay [1653.5]
04/05/2022 16:10:40 PM - INFO - average delay [1697.0]
04/05/2022 16:10:40 PM - INFO - average delay [1747.0]
04/05/2022 16:10:40 PM - INFO - average delay [1777.5]
04/05/2022 16:10:40 PM - INFO - nowTs is [209137], lastTs is [208910]
04/05/2022 16:10:40 PM - INFO - [in this interval] loss-ratio is [0.0]
04/05/2022 16:10:40 PM - INFO - [in this interval] group num is [3]
04/05/2022 16:10:40 PM - INFO - [in this interval] delayDelta from group is [[61, 58]]
04/05/2022 16:10:40 PM - INFO - sample List of accDelay : [[-6541.454780591153, -6538.909302532038, -6536.018372278834, -6531.616535050951, -6525.854881545855, -6518.369393391269, -6510.332454052143, -6498.999208646928, -6488.5992877822355, -6478.839359004012, -6470.955423103611, -6465.459880793251, -6459.813892713925, -6456.132503442533, -6453.419253098279, -6447.877327788451, -6437.789595009606, -6422.610635508645, -6402.84957195778, -6379.264614762003]]
04/05/2022 16:10:40 PM - INFO - sample List of time: [[207930, 207950, 207964, 207985, 208033, 208061, 208136, 208164, 208230, 208272, 208296, 208322, 208382, 208404, 208425, 208444, 208485, 208561, 208715, 208791]]
04/05/2022 16:10:40 PM - INFO - update trend: [0.18613597292922693]
04/05/2022 16:10:40 PM - INFO - estimateQueueDelayDuration [44.67263350301446] = queueDelayDelta [0.7445438917169077] * numCount[1000]
04/05/2022 16:10:40 PM - INFO - [in this interval] signal is [Signal.NORMAL]
04/05/2022 16:10:40 PM - INFO - [in this interval] adaptiveThresholdGamma is [51.08873530416915]
04/05/2022 16:10:40 PM - INFO - [in this interval] state is [State.INCREASE]
04/05/2022 16:10:40 PM - INFO - [in this interval] now real rate is [0.3405311203319502]mbps
04/05/2022 16:10:40 PM - INFO - [in this interval] now real rtt is [4104]
04/05/2022 16:10:40 PM - INFO - [in this interval] aimd control rate is [1.176160120927338] mbps
04/05/2022 16:10:40 PM - INFO - [in this interval] delay-rate is [1.176160120927338] mbps
04/05/2022 16:10:40 PM - INFO - average delay [1836.5]
04/05/2022 16:10:40 PM - INFO - average delay [1879.5]
04/05/2022 16:10:40 PM - INFO - average delay [1880.5]
04/05/2022 16:10:40 PM - INFO - average delay [1889.75]
04/05/2022 16:10:40 PM - INFO - nowTs is [209394], lastTs is [209137]
04/05/2022 16:10:40 PM - INFO - [in this interval] loss-ratio is [0.0]
04/05/2022 16:10:40 PM - INFO - [in this interval] group num is [8]
04/05/2022 16:10:40 PM - INFO - [in this interval] delayDelta from group is [[9, 3, 9, 5, -10, -9, -18]]
04/05/2022 16:10:40 PM - INFO - sample List of accDelay : [[-6498.999208646928, -6488.5992877822355, -6478.839359004012, -6470.955423103611, -6465.459880793251, -6459.813892713925, -6456.132503442533, -6453.419253098279, -6447.877327788451, -6437.789595009606, -6422.610635508645, -6402.84957195778, -6379.264614762003, -6357.138153285802, -6336.924337957222, -6317.8319041615, -6300.14871374535, -6285.233842370815, -6272.7104581337335, -6263.23941232036]]
04/05/2022 16:10:40 PM - INFO - sample List of time: [[208164, 208230, 208272, 208296, 208322, 208382, 208404, 208425, 208444, 208485, 208561, 208715, 208791, 208902, 208941, 208979, 209023, 209058, 209083, 209109]]
04/05/2022 16:10:40 PM - INFO - update trend: [0.23838998542002135]
04/05/2022 16:10:40 PM - INFO - estimateQueueDelayDuration [57.213596500805124] = queueDelayDelta [0.9535599416800854] * numCount[1001]
04/05/2022 16:10:40 PM - INFO - [in this interval] signal is [Signal.NORMAL]
04/05/2022 16:10:40 PM - INFO - [in this interval] adaptiveThresholdGamma is [57.213596500805124]
04/05/2022 16:10:40 PM - INFO - [in this interval] state is [State.INCREASE]
04/05/2022 16:10:40 PM - INFO - [in this interval] now real rate is [0.34763636363636363]mbps
04/05/2022 16:10:40 PM - INFO - [in this interval] now real rtt is [4128]
04/05/2022 16:10:40 PM - INFO - [in this interval] aimd control rate is [1.1800806546637626] mbps
04/05/2022 16:10:40 PM - INFO - [in this interval] delay-rate is [1.1800806546637626] mbps
04/05/2022 16:10:40 PM - INFO - average delay [1876.8000000000002]
04/05/2022 16:10:40 PM - INFO - average delay [1862.25]
04/05/2022 16:10:40 PM - INFO - average delay [1848.6]
04/05/2022 16:10:40 PM - INFO - average delay [1840.25]
04/05/2022 16:10:40 PM - INFO - nowTs is [209625], lastTs is [209394]
04/05/2022 16:10:40 PM - INFO - [in this interval] loss-ratio is [0.0]
04/05/2022 16:10:40 PM - INFO - [in this interval] group num is [9]
04/05/2022 16:10:40 PM - INFO - [in this interval] delayDelta from group is [[-8, -9, -3, -6, -4, 1, -4, -19]]
04/05/2022 16:10:40 PM - INFO - sample List of accDelay : [[-6447.877327788451, -6437.789595009606, -6422.610635508645, -6402.84957195778, -6379.264614762003, -6357.138153285802, -6336.924337957222, -6317.8319041615, -6300.14871374535, -6285.233842370815, -6272.7104581337335, -6263.23941232036, -6255.5154710883235, -6249.4639239794915, -6244.317531581542, -6240.285778423388, -6237.05720058105, -6234.051480522945, -6231.746332470651, -6231.571699223587]]
04/05/2022 16:10:40 PM - INFO - sample List of time: [[208444, 208485, 208561, 208715, 208791, 208902, 208941, 208979, 209023, 209058, 209083, 209109, 209134, 209161, 209187, 209214, 209243, 209274, 209305, 209336]]
04/05/2022 16:10:40 PM - INFO - update trend: [0.2744429214464295]
04/05/2022 16:10:40 PM - INFO - estimateQueueDelayDuration [65.86630114714308] = queueDelayDelta [1.097771685785718] * numCount[1001]
04/05/2022 16:10:40 PM - INFO - [in this interval] signal is [Signal.OVER_USE]
04/05/2022 16:10:40 PM - INFO - [in this interval] adaptiveThresholdGamma is [65.86630114714308]
04/05/2022 16:10:40 PM - INFO - [in this interval] state is [State.DECREASE]
04/05/2022 16:10:40 PM - INFO - [in this interval] now real rate is [0.44042622950819676]mbps
04/05/2022 16:10:40 PM - INFO - [in this interval] now real rtt is [4050]
04/05/2022 16:10:40 PM - INFO - [in this interval] aimd control rate is [0.3743622950819673] mbps
04/05/2022 16:10:40 PM - INFO - [in this interval] delay-rate is [0.3743622950819673] mbps
04/05/2022 16:10:40 PM - INFO - average delay [1836.25]
04/05/2022 16:10:40 PM - INFO - average delay [1835.75]
04/05/2022 16:10:40 PM - INFO - average delay [1836.0]
04/05/2022 16:10:40 PM - INFO - average delay [1853.0]
04/05/2022 16:10:40 PM - INFO - nowTs is [209864], lastTs is [209625]
04/05/2022 16:10:40 PM - INFO - [in this interval] loss-ratio is [0.0]
04/05/2022 16:10:40 PM - INFO - [in this interval] group num is [6]
04/05/2022 16:10:40 PM - INFO - [in this interval] delayDelta from group is [[4, 0, -1, 40, 15]]
04/05/2022 16:10:40 PM - INFO - sample List of accDelay : [[-6357.138153285802, -6336.924337957222, -6317.8319041615, -6300.14871374535, -6285.233842370815, -6272.7104581337335, -6263.23941232036, -6255.5154710883235, -6249.4639239794915, -6244.317531581542, -6240.285778423388, -6237.05720058105, -6234.051480522945, -6231.746332470651, -6231.571699223587, -6231.014529301228, -6230.513076371106, -6230.161768733995, -6225.845591860595, -6220.461032674535]]
04/05/2022 16:10:40 PM - INFO - sample List of time: [[208902, 208941, 208979, 209023, 209058, 209083, 209109, 209134, 209161, 209187, 209214, 209243, 209274, 209305, 209336, 209368, 209402, 209437, 209471, 209556]]
04/05/2022 16:10:40 PM - INFO - update trend: [0.19289598741742903]
04/05/2022 16:10:40 PM - INFO - estimateQueueDelayDuration [46.295036980182964] = queueDelayDelta [0.7715839496697161] * numCount[1000]
04/05/2022 16:10:40 PM - INFO - [in this interval] signal is [Signal.NORMAL]
04/05/2022 16:10:40 PM - INFO - [in this interval] adaptiveThresholdGamma is [65.5140183921378]
04/05/2022 16:10:40 PM - INFO - [in this interval] state is [State.INCREASE]
04/05/2022 16:10:40 PM - INFO - [in this interval] now real rate is [0.49173333333333336]mbps
04/05/2022 16:10:40 PM - INFO - [in this interval] now real rtt is [4198]
04/05/2022 16:10:40 PM - INFO - [in this interval] aimd control rate is [0.377481980874317] mbps
04/05/2022 16:10:40 PM - INFO - [in this interval] delay-rate is [0.377481980874317] mbps
04/05/2022 16:10:40 PM - INFO - average delay [1884.0]
04/05/2022 16:10:40 PM - INFO - average delay [1892.0]
04/05/2022 16:10:40 PM - INFO - average delay [1898.0]
04/05/2022 16:10:40 PM - INFO - average delay [1868.8000000000002]
04/05/2022 16:10:40 PM - INFO - nowTs is [210111], lastTs is [209864]
04/05/2022 16:10:40 PM - INFO - [in this interval] loss-ratio is [0.0]
04/05/2022 16:10:40 PM - INFO - [in this interval] group num is [11]
04/05/2022 16:10:40 PM - INFO - [in this interval] delayDelta from group is [[-5, 18, -7, -13, -7, -15, -11, -6, 10, -17]]
04/05/2022 16:10:40 PM - INFO - sample List of accDelay : [[-6240.285778423388, -6237.05720058105, -6234.051480522945, -6231.746332470651, -6231.571699223587, -6231.014529301228, -6230.513076371106, -6230.161768733995, -6225.845591860595, -6220.461032674535, -6216.114929407082, -6210.403436466374, -6205.963092819737, -6203.266783537762, -6201.540105183985, -6201.486094665586, -6202.537485199027, -6204.083736679125, -6204.475363011213, -6206.527826710091]]
04/05/2022 16:10:40 PM - INFO - sample List of time: [[209214, 209243, 209274, 209305, 209336, 209368, 209402, 209437, 209471, 209556, 209626, 209641, 209674, 209697, 209719, 209742, 209767, 209791, 209800, 209825]]
04/05/2022 16:10:40 PM - INFO - update trend: [0.0655199409538351]
04/05/2022 16:10:40 PM - INFO - estimateQueueDelayDuration [15.724785828920426] = queueDelayDelta [0.2620797638153404] * numCount[1000]
04/05/2022 16:10:40 PM - INFO - [in this interval] signal is [Signal.NORMAL]
04/05/2022 16:10:40 PM - INFO - [in this interval] adaptiveThresholdGamma is [64.61781220599988]
04/05/2022 16:10:40 PM - INFO - [in this interval] state is [State.INCREASE]
04/05/2022 16:10:40 PM - INFO - [in this interval] now real rate is [0.5928230452674897]mbps
04/05/2022 16:10:40 PM - INFO - [in this interval] now real rtt is [4092]
04/05/2022 16:10:40 PM - INFO - [in this interval] aimd control rate is [0.38062766404826964] mbps
04/05/2022 16:10:40 PM - INFO - [in this interval] delay-rate is [0.38062766404826964] mbps
04/05/2022 16:10:40 PM - INFO - average delay [1854.8333333333335]
04/05/2022 16:10:40 PM - INFO - average delay [1850.0]
04/05/2022 16:10:40 PM - INFO - average delay [1855.0]
04/05/2022 16:10:40 PM - INFO - average delay [1852.5]
04/05/2022 16:10:40 PM - INFO - nowTs is [210341], lastTs is [210111]
04/05/2022 16:10:40 PM - INFO - [in this interval] loss-ratio is [0.21052631578947367]
04/05/2022 16:10:40 PM - INFO - [in this interval] group num is [8]
04/05/2022 16:10:40 PM - INFO - [in this interval] delayDelta from group is [[7, 1, 7, -4, -33, -11, -15]]
04/05/2022 16:10:40 PM - INFO - sample List of accDelay : [[-6230.161768733995, -6225.845591860595, -6220.461032674535, -6216.114929407082, -6210.403436466374, -6205.963092819737, -6203.266783537762, -6201.540105183985, -6201.486094665586, -6202.537485199027, -6204.083736679125, -6204.475363011213, -6206.527826710091, -6207.675044039082, -6208.607539635174, -6208.746785671657, -6209.272107104491, -6213.044896394042, -6217.540406754638, -6223.086366079175]]
04/05/2022 16:10:40 PM - INFO - sample List of time: [[209437, 209471, 209556, 209626, 209641, 209674, 209697, 209719, 209742, 209767, 209791, 209800, 209825, 209851, 209893, 209924, 209966, 209997, 210029, 210048]]
04/05/2022 16:10:40 PM - INFO - update trend: [0.013670668285041232]
04/05/2022 16:10:40 PM - INFO - estimateQueueDelayDuration [3.2809603884098957] = queueDelayDelta [0.05468267314016493] * numCount[1001]
04/05/2022 16:10:40 PM - INFO - [in this interval] signal is [Signal.NORMAL]
04/05/2022 16:10:40 PM - INFO - [in this interval] adaptiveThresholdGamma is [63.51374887328326]
04/05/2022 16:10:40 PM - INFO - [in this interval] state is [State.INCREASE]
04/05/2022 16:10:40 PM - INFO - [in this interval] now real rate is [0.6800161616161616]mbps
04/05/2022 16:10:40 PM - INFO - [in this interval] now real rtt is [4012]
04/05/2022 16:10:40 PM - INFO - [in this interval] aimd control rate is [0.38379956124867187] mbps
04/05/2022 16:10:40 PM - INFO - [in this interval] delay-rate is [0.38379956124867187] mbps
04/05/2022 16:10:40 PM - INFO - average delay [1820.0]
04/05/2022 16:10:40 PM - INFO - average delay [1804.3333333333333]
04/05/2022 16:10:40 PM - INFO - average delay [1802.75]
04/05/2022 16:10:40 PM - INFO - average delay [1771.0]
04/05/2022 16:10:40 PM - INFO - nowTs is [210585], lastTs is [210341]
04/05/2022 16:10:40 PM - INFO - [in this interval] loss-ratio is [0.3684210526315789]
04/05/2022 16:10:40 PM - INFO - [in this interval] group num is [10]
04/05/2022 16:10:40 PM - INFO - [in this interval] delayDelta from group is [[0, -6, 4, -15, -16, -10, -16, -3, 8]]
04/05/2022 16:10:40 PM - INFO - sample List of accDelay : [[-6202.537485199027, -6204.083736679125, -6204.475363011213, -6206.527826710091, -6207.675044039082, -6208.607539635174, -6208.746785671657, -6209.272107104491, -6213.044896394042, -6217.540406754638, -6223.086366079175, -6228.077729471258, -6233.1699565241315, -6237.352960871718, -6242.617664784547, -6248.955898306092, -6255.660308475482, -6263.294277627934, -6270.464849865141, -6276.118364878627]]
04/05/2022 16:10:40 PM - INFO - sample List of time: [[209767, 209791, 209800, 209825, 209851, 209893, 209924, 209966, 209997, 210029, 210048, 210106, 210126, 210145, 210164, 210184, 210203, 210223, 210242, 210274]]
04/05/2022 16:10:40 PM - INFO - update trend: [-0.1344360132924112]
04/05/2022 16:10:40 PM - INFO - estimateQueueDelayDuration [-32.26464319017869] = queueDelayDelta [-0.5377440531696448] * numCount[1000]
04/05/2022 16:10:40 PM - INFO - [in this interval] signal is [Signal.NORMAL]
04/05/2022 16:10:40 PM - INFO - [in this interval] adaptiveThresholdGamma is [62.95126497098738]
04/05/2022 16:10:40 PM - INFO - [in this interval] state is [State.INCREASE]
04/05/2022 16:10:40 PM - INFO - [in this interval] now real rate is [0.5986372745490981]mbps
04/05/2022 16:10:40 PM - INFO - [in this interval] now real rtt is [3910]
04/05/2022 16:10:40 PM - INFO - [in this interval] aimd control rate is [0.3869978909257441] mbps
04/05/2022 16:10:40 PM - INFO - [in this interval] delay-rate is [0.3869978909257441] mbps
04/05/2022 16:10:40 PM - INFO - average delay [1746.0]
04/05/2022 16:10:40 PM - INFO - average delay [1764.0]
04/05/2022 16:10:40 PM - INFO - average delay [1792.0]
04/05/2022 16:10:40 PM - INFO - average delay [1778.0]
04/05/2022 16:10:40 PM - INFO - nowTs is [210833], lastTs is [210585]
04/05/2022 16:10:40 PM - INFO - [in this interval] loss-ratio is [0.4]
04/05/2022 16:10:40 PM - INFO - [in this interval] group num is [7]
04/05/2022 16:10:40 PM - INFO - [in this interval] delayDelta from group is [[28, -35, -11, -5, -11, -10]]
04/05/2022 16:10:40 PM - INFO - sample List of accDelay : [[-6208.746785671657, -6209.272107104491, -6213.044896394042, -6217.540406754638, -6223.086366079175, -6228.077729471258, -6233.1699565241315, -6237.352960871718, -6242.617664784547, -6248.955898306092, -6255.660308475482, -6263.294277627934, -6270.464849865141, -6276.118364878627, -6278.406528390764, -6283.9658755516875, -6290.069287996519, -6296.062359196867, -6302.55612327718, -6309.400510949461]]
04/05/2022 16:10:40 PM - INFO - sample List of time: [[209924, 209966, 209997, 210029, 210048, 210106, 210126, 210145, 210164, 210184, 210203, 210223, 210242, 210274, 210374, 210437, 210462, 210486, 210511, 210535]]
04/05/2022 16:10:40 PM - INFO - update trend: [-0.1693900143239648]
04/05/2022 16:10:40 PM - INFO - estimateQueueDelayDuration [-40.653603437751556] = queueDelayDelta [-0.6775600572958592] * numCount[1000]
04/05/2022 16:10:40 PM - INFO - [in this interval] signal is [Signal.NORMAL]
04/05/2022 16:10:40 PM - INFO - [in this interval] adaptiveThresholdGamma is [62.549907063389135]
04/05/2022 16:10:40 PM - INFO - [in this interval] state is [State.INCREASE]
04/05/2022 16:10:40 PM - INFO - [in this interval] now real rate is [0.46956097560975607]mbps
04/05/2022 16:10:40 PM - INFO - [in this interval] now real rtt is [3866]
04/05/2022 16:10:40 PM - INFO - [in this interval] aimd control rate is [0.3902228733501253] mbps
04/05/2022 16:10:40 PM - INFO - [in this interval] delay-rate is [0.3902228733501253] mbps
04/05/2022 16:10:40 PM - INFO - average delay [1743.3333333333333]
04/05/2022 16:10:40 PM - INFO - average delay [1717.0]
04/05/2022 16:10:40 PM - INFO - average delay [1657.5]
04/05/2022 16:10:40 PM - INFO - average delay [1620.25]
04/05/2022 16:10:40 PM - INFO - nowTs is [211070], lastTs is [210833]
04/05/2022 16:10:40 PM - INFO - [in this interval] loss-ratio is [0.5333333333333333]
04/05/2022 16:10:40 PM - INFO - [in this interval] group num is [10]
04/05/2022 16:10:40 PM - INFO - [in this interval] delayDelta from group is [[-10, -43, -2, -25, -10, -4, -4, 0, -19]]
04/05/2022 16:10:40 PM - INFO - sample List of accDelay : [[-6248.955898306092, -6255.660308475482, -6263.294277627934, -6270.464849865141, -6276.118364878627, -6278.406528390764, -6283.9658755516875, -6290.069287996519, -6296.062359196867, -6302.55612327718, -6309.400510949461, -6316.560459854514, -6327.304413869063, -6337.173972482156, -6348.556575233941, -6359.800917710547, -6370.320825939492, -6380.188743345543, -6389.069869010988, -6398.9628821098895]]
04/05/2022 16:10:40 PM - INFO - sample List of time: [[210184, 210203, 210223, 210242, 210274, 210374, 210437, 210462, 210486, 210511, 210535, 210584, 210609, 210626, 210659, 210674, 210689, 210720, 210751, 210781]]
04/05/2022 16:10:40 PM - INFO - update trend: [-0.22851251593266317]
04/05/2022 16:10:40 PM - INFO - estimateQueueDelayDuration [-54.84300382383916] = queueDelayDelta [-0.9140500637306527] * numCount[1001]
04/05/2022 16:10:40 PM - INFO - [in this interval] signal is [Signal.NORMAL]
04/05/2022 16:10:40 PM - INFO - [in this interval] adaptiveThresholdGamma is [62.41118280507724]
04/05/2022 16:10:40 PM - INFO - [in this interval] state is [State.INCREASE]
04/05/2022 16:10:40 PM - INFO - [in this interval] now real rate is [0.4669360824742268]mbps
04/05/2022 16:10:40 PM - INFO - [in this interval] now real rtt is [3610]
04/05/2022 16:10:40 PM - INFO - [in this interval] aimd control rate is [0.393474730628043] mbps
04/05/2022 16:10:40 PM - INFO - [in this interval] delay-rate is [0.393474730628043] mbps
04/05/2022 16:10:40 PM - INFO - average delay [1615.5]
04/05/2022 16:10:40 PM - INFO - average delay [1614.25]
04/05/2022 16:10:40 PM - INFO - average delay [1594.8]
04/05/2022 16:10:40 PM - INFO - average delay [1569.8]
04/05/2022 16:10:40 PM - INFO - nowTs is [211304], lastTs is [211070]
04/05/2022 16:10:40 PM - INFO - [in this interval] loss-ratio is [0.37037037037037035]
04/05/2022 16:10:40 PM - INFO - [in this interval] group num is [10]
04/05/2022 16:10:40 PM - INFO - [in this interval] delayDelta from group is [[2, -16, -3, -8, -17, -8, -7, -3, -21]]
04/05/2022 16:10:40 PM - INFO - sample List of accDelay : [[-6302.55612327718, -6309.400510949461, -6316.560459854514, -6327.304413869063, -6337.173972482156, -6348.556575233941, -6359.800917710547, -6370.320825939492, -6380.188743345543, -6389.069869010988, -6398.9628821098895, -6407.666593898901, -6417.09993450901, -6425.88994105811, -6434.600946952299, -6444.140852257069, -6453.526767031362, -6462.674090328226, -6471.2066812954035, -6480.986013165863]]
04/05/2022 16:10:40 PM - INFO - sample List of time: [[210511, 210535, 210584, 210609, 210626, 210659, 210674, 210689, 210720, 210751, 210781, 210812, 210854, 210868, 210895, 210922, 210935, 210962, 210990, 211017]]
04/05/2022 16:10:40 PM - INFO - update trend: [-0.3605840524646749]
04/05/2022 16:10:40 PM - INFO - estimateQueueDelayDuration [-86.54017259152198] = queueDelayDelta [-1.4423362098586996] * numCount[1000]
04/05/2022 16:10:40 PM - INFO - [in this interval] signal is [Signal.UNDER_USE]
04/05/2022 16:10:40 PM - INFO - [in this interval] adaptiveThresholdGamma is [62.41118280507724]
04/05/2022 16:10:40 PM - INFO - [in this interval] state is [State.HOLD]
04/05/2022 16:10:40 PM - INFO - [in this interval] now real rate is [0.581983870967742]mbps
04/05/2022 16:10:40 PM - INFO - [in this interval] now real rtt is [3478]
04/05/2022 16:10:40 PM - INFO - [in this interval] aimd control rate is [0.393474730628043] mbps
04/05/2022 16:10:40 PM - INFO - [in this interval] delay-rate is [0.393474730628043] mbps
04/05/2022 16:10:40 PM - INFO - average delay [1551.4]
04/05/2022 16:10:40 PM - INFO - average delay [1527.0]
04/05/2022 16:10:40 PM - INFO - average delay [1521.25]
04/05/2022 16:10:40 PM - INFO - average delay [1518.0]
04/05/2022 16:10:40 PM - INFO - nowTs is [211548], lastTs is [211304]
04/05/2022 16:10:40 PM - INFO - [in this interval] loss-ratio is [0.32]
04/05/2022 16:10:40 PM - INFO - [in this interval] group num is [8]
04/05/2022 16:10:40 PM - INFO - [in this interval] delayDelta from group is [[1, -4, -4, 1, -4, -3, -3]]
04/05/2022 16:10:40 PM - INFO - sample List of accDelay : [[-6370.320825939492, -6380.188743345543, -6389.069869010988, -6398.9628821098895, -6407.666593898901, -6417.09993450901, -6425.88994105811, -6434.600946952299, -6444.140852257069, -6453.526767031362, -6462.674090328226, -6471.2066812954035, -6480.986013165863, -6489.687411849277, -6497.9186706643495, -6505.726803597914, -6512.654123238123, -6519.28871091431, -6525.559839822879, -6531.503855840591]]
04/05/2022 16:10:40 PM - INFO - sample List of time: [[210689, 210720, 210751, 210781, 210812, 210854, 210868, 210895, 210922, 210935, 210962, 210990, 211017, 211061, 211092, 211123, 211154, 211185, 211216, 211253]]
04/05/2022 16:10:40 PM - INFO - update trend: [-0.2999328675659318]
04/05/2022 16:10:40 PM - INFO - estimateQueueDelayDuration [-71.98388821582363] = queueDelayDelta [-1.1997314702637272] * numCount[1001]
04/05/2022 16:10:40 PM - INFO - [in this interval] signal is [Signal.UNDER_USE]
04/05/2022 16:10:40 PM - INFO - [in this interval] adaptiveThresholdGamma is [71.98388821582363]
04/05/2022 16:10:40 PM - INFO - [in this interval] state is [State.HOLD]
04/05/2022 16:10:40 PM - INFO - [in this interval] now real rate is [0.6339271255060729]mbps
04/05/2022 16:10:40 PM - INFO - [in this interval] now real rtt is [3436]
04/05/2022 16:10:40 PM - INFO - [in this interval] aimd control rate is [0.393474730628043] mbps
04/05/2022 16:10:40 PM - INFO - [in this interval] delay-rate is [0.393474730628043] mbps
04/05/2022 16:10:40 PM - INFO - average delay [1514.8333333333333]
04/05/2022 16:10:40 PM - INFO - average delay [1513.0]
04/05/2022 16:10:40 PM - INFO - average delay [1508.0]
04/05/2022 16:10:40 PM - INFO - average delay [1497.4]
04/05/2022 16:10:40 PM - INFO - nowTs is [211792], lastTs is [211548]
04/05/2022 16:10:40 PM - INFO - [in this interval] loss-ratio is [0.09090909090909091]
04/05/2022 16:10:40 PM - INFO - [in this interval] group num is [8]
04/05/2022 16:10:40 PM - INFO - [in this interval] delayDelta from group is [[-2, -2, -3, -7, -8, 10, 11]]
04/05/2022 16:10:40 PM - INFO - sample List of accDelay : [[-6434.600946952299, -6444.140852257069, -6453.526767031362, -6462.674090328226, -6471.2066812954035, -6480.986013165863, -6489.687411849277, -6497.9186706643495, -6505.726803597914, -6512.654123238123, -6519.28871091431, -6525.559839822879, -6531.503855840591, -6537.053470256532, -6542.248123230878, -6547.223310907791, -6552.400979817011, -6557.86088183531, -6561.774793651779, -6564.197314286601]]
04/05/2022 16:10:40 PM - INFO - sample List of time: [[210895, 210922, 210935, 210962, 210990, 211017, 211061, 211092, 211123, 211154, 211185, 211216, 211253, 211285, 211318, 211351, 211373, 211406, 211428, 211473]]
04/05/2022 16:10:40 PM - INFO - update trend: [-0.22024644382641526]
04/05/2022 16:10:40 PM - INFO - estimateQueueDelayDuration [-52.859146518339664] = queueDelayDelta [-0.880985775305661] * numCount[1000]
04/05/2022 16:10:40 PM - INFO - [in this interval] signal is [Signal.NORMAL]
04/05/2022 16:10:40 PM - INFO - [in this interval] adaptiveThresholdGamma is [71.63964286526891]
04/05/2022 16:10:40 PM - INFO - [in this interval] state is [State.INCREASE]
04/05/2022 16:10:40 PM - INFO - [in this interval] now real rate is [0.6958196721311475]mbps
04/05/2022 16:10:40 PM - INFO - [in this interval] now real rtt is [3444]
04/05/2022 16:10:40 PM - INFO - [in this interval] aimd control rate is [0.39675368671661004] mbps
04/05/2022 16:10:40 PM - INFO - [in this interval] delay-rate is [0.39675368671661004] mbps
04/05/2022 16:10:40 PM - INFO - average delay [1510.25]
04/05/2022 16:10:40 PM - INFO - average delay [1510.75]
04/05/2022 16:10:40 PM - INFO - average delay [1505.25]
04/05/2022 16:10:40 PM - INFO - average delay [1504.5]
04/05/2022 16:10:40 PM - INFO - nowTs is [212032], lastTs is [211792]
04/05/2022 16:10:40 PM - INFO - [in this interval] loss-ratio is [0.21052631578947367]
04/05/2022 16:10:40 PM - INFO - [in this interval] group num is [9]
04/05/2022 16:10:40 PM - INFO - [in this interval] delayDelta from group is [[-10, 5, 0, -3, 2, -1, -1, -2]]
04/05/2022 16:10:40 PM - INFO - sample List of accDelay : [[-6505.726803597914, -6512.654123238123, -6519.28871091431, -6525.559839822879, -6531.503855840591, -6537.053470256532, -6542.248123230878, -6547.223310907791, -6552.400979817011, -6557.86088183531, -6561.774793651779, -6564.197314286601, -6567.37758285794, -6569.739824572147, -6571.865842114932, -6574.079257903439, -6575.8713321130945, -6577.584198901785, -6579.225779011606, -6580.903201110446]]
04/05/2022 16:10:40 PM - INFO - sample List of time: [[211123, 211154, 211185, 211216, 211253, 211285, 211318, 211351, 211373, 211406, 211428, 211473, 211549, 211564, 211579, 211609, 211641, 211673, 211707, 211741]]
04/05/2022 16:10:40 PM - INFO - update trend: [-0.11896598335635783]
04/05/2022 16:10:40 PM - INFO - estimateQueueDelayDuration [-28.551836005525878] = queueDelayDelta [-0.4758639334254313] * numCount[1000]
04/05/2022 16:10:40 PM - INFO - [in this interval] signal is [Signal.NORMAL]
04/05/2022 16:10:40 PM - INFO - [in this interval] adaptiveThresholdGamma is [70.86406234179354]
04/05/2022 16:10:40 PM - INFO - [in this interval] state is [State.INCREASE]
04/05/2022 16:10:40 PM - INFO - [in this interval] now real rate is [0.684880808080808]mbps
04/05/2022 16:10:40 PM - INFO - [in this interval] now real rtt is [3414]
04/05/2022 16:10:40 PM - INFO - [in this interval] aimd control rate is [0.40005996743924843] mbps
04/05/2022 16:10:40 PM - INFO - [in this interval] delay-rate is [0.40005996743924843] mbps
04/05/2022 16:10:40 PM - INFO - average delay [1505.75]
04/05/2022 16:10:40 PM - INFO - average delay [1503.0]
04/05/2022 16:10:40 PM - INFO - average delay [1481.0]
04/05/2022 16:10:40 PM - INFO - average delay [1488.0]
04/05/2022 16:10:40 PM - INFO - nowTs is [212267], lastTs is [212032]
04/05/2022 16:10:40 PM - INFO - [in this interval] loss-ratio is [0.6296296296296297]
04/05/2022 16:10:40 PM - INFO - [in this interval] group num is [9]
04/05/2022 16:10:40 PM - INFO - [in this interval] delayDelta from group is [[-18, -18, -13, 14, 4, -4, -13, -6]]
04/05/2022 16:10:40 PM - INFO - sample List of accDelay : [[-6552.400979817011, -6557.86088183531, -6561.774793651779, -6564.197314286601, -6567.37758285794, -6569.739824572147, -6571.865842114932, -6574.079257903439, -6575.8713321130945, -6577.584198901785, -6579.225779011606, -6580.903201110446, -6584.212880999402, -6588.9915928994615, -6594.592433609516, -6598.233190248564, -6601.109871223707, -6604.098884101337, -6608.088995691203, -6612.280096122083]]
04/05/2022 16:10:40 PM - INFO - sample List of time: [[211373, 211406, 211428, 211473, 211549, 211564, 211579, 211609, 211641, 211673, 211707, 211741, 211778, 211795, 211812, 211829, 211863, 211897, 211923, 211970]]
04/05/2022 16:10:40 PM - INFO - update trend: [-0.09459765216010038]
04/05/2022 16:10:40 PM - INFO - estimateQueueDelayDuration [-22.70343651842409] = queueDelayDelta [-0.3783906086404015] * numCount[1000]
04/05/2022 16:10:40 PM - INFO - [in this interval] signal is [Signal.NORMAL]
04/05/2022 16:10:40 PM - INFO - [in this interval] adaptiveThresholdGamma is [69.99717107697289]
04/05/2022 16:10:40 PM - INFO - [in this interval] state is [State.INCREASE]
04/05/2022 16:10:40 PM - INFO - [in this interval] now real rate is [0.5116244897959183]mbps
04/05/2022 16:10:40 PM - INFO - [in this interval] now real rtt is [3334]
04/05/2022 16:10:40 PM - INFO - [in this interval] aimd control rate is [0.40339380050124224] mbps
04/05/2022 16:10:40 PM - INFO - [in this interval] delay-rate is [0.40339380050124224] mbps
04/05/2022 16:10:40 PM - INFO - average delay [1464.6666666666667]
04/05/2022 16:10:40 PM - INFO - average delay [1489.3333333333333]
04/05/2022 16:10:40 PM - INFO - average delay [1497.6666666666667]
04/05/2022 16:10:40 PM - INFO - average delay [1504.3333333333333]
04/05/2022 16:10:40 PM - INFO - nowTs is [212505], lastTs is [212267]
04/05/2022 16:10:40 PM - INFO - [in this interval] loss-ratio is [0.0]
04/05/2022 16:10:40 PM - INFO - [in this interval] group num is [6]
04/05/2022 16:10:40 PM - INFO - [in this interval] delayDelta from group is [[14, 7, 5, 10, 14]]
04/05/2022 16:10:40 PM - INFO - sample List of accDelay : [[-6569.739824572147, -6571.865842114932, -6574.079257903439, -6575.8713321130945, -6577.584198901785, -6579.225779011606, -6580.903201110446, -6584.212880999402, -6588.9915928994615, -6594.592433609516, -6598.233190248564, -6601.109871223707, -6604.098884101337, -6608.088995691203, -6612.280096122083, -6614.652086509874, -6616.0868778588865, -6616.878190072997, -6616.590371065698, -6614.931333959128]]
04/05/2022 16:10:40 PM - INFO - sample List of time: [[211564, 211579, 211609, 211641, 211673, 211707, 211741, 211778, 211795, 211812, 211829, 211863, 211897, 211923, 211970, 212017, 212061, 212103, 212143, 212183]]
04/05/2022 16:10:40 PM - INFO - update trend: [-0.08787558841272428]
04/05/2022 16:10:40 PM - INFO - estimateQueueDelayDuration [-21.090141219053827] = queueDelayDelta [-0.3515023536508971] * numCount[1001]
04/05/2022 16:10:40 PM - INFO - [in this interval] signal is [Signal.NORMAL]
04/05/2022 16:10:40 PM - INFO - [in this interval] adaptiveThresholdGamma is [69.11684453953035]
04/05/2022 16:10:40 PM - INFO - [in this interval] state is [State.INCREASE]
04/05/2022 16:10:40 PM - INFO - [in this interval] now real rate is [0.40193890020366596]mbps
04/05/2022 16:10:40 PM - INFO - [in this interval] now real rtt is [3470]
04/05/2022 16:10:40 PM - INFO - [in this interval] aimd control rate is [0.40675541550541927] mbps
04/05/2022 16:10:40 PM - INFO - [in this interval] delay-rate is [0.40675541550541927] mbps
04/05/2022 16:10:40 PM - INFO - average delay [1522.3333333333333]
04/05/2022 16:10:40 PM - INFO - average delay [1537.0]
04/05/2022 16:10:40 PM - INFO - average delay [1516.4]
04/05/2022 16:10:40 PM - INFO - average delay [1493.6666666666667]
04/05/2022 16:10:40 PM - INFO - nowTs is [212747], lastTs is [212505]
04/05/2022 16:10:40 PM - INFO - [in this interval] loss-ratio is [0.47058823529411764]
04/05/2022 16:10:40 PM - INFO - [in this interval] group num is [15]
04/05/2022 16:10:40 PM - INFO - [in this interval] delayDelta from group is [[-4, -10, 0, 0, -10, 1, -25, 1, -4, -1, 2, -2, -4, 28]]
04/05/2022 16:10:40 PM - INFO - sample List of accDelay : [[-6612.280096122083, -6614.652086509874, -6616.0868778588865, -6616.878190072997, -6616.590371065698, -6614.931333959128, -6613.838200563215, -6613.854380506893, -6613.8689424562035, -6613.882048210583, -6614.893843389525, -6615.704459050572, -6618.934013145516, -6621.740611830964, -6624.666550647868, -6627.399895583081, -6629.659906024774, -6631.893915422296, -6634.304523880066, -6633.67407149206]]
04/05/2022 16:10:40 PM - INFO - sample List of time: [[211970, 212017, 212061, 212103, 212143, 212183, 212247, 212263, 212278, 212288, 212303, 212318, 212349, 212359, 212370, 212381, 212390, 212412, 212420, 212431]]
04/05/2022 16:10:40 PM - INFO - update trend: [-0.03781837944546716]
04/05/2022 16:10:40 PM - INFO - estimateQueueDelayDuration [-9.076411066912119] = queueDelayDelta [-0.15127351778186865] * numCount[1001]
04/05/2022 16:10:40 PM - INFO - [in this interval] signal is [Signal.NORMAL]
04/05/2022 16:10:40 PM - INFO - [in this interval] adaptiveThresholdGamma is [68.03611673702322]
04/05/2022 16:10:40 PM - INFO - [in this interval] state is [State.INCREASE]
04/05/2022 16:10:40 PM - INFO - [in this interval] now real rate is [0.52355]mbps
04/05/2022 16:10:40 PM - INFO - [in this interval] now real rtt is [3434]
04/05/2022 16:10:40 PM - INFO - [in this interval] aimd control rate is [0.4101450439679644] mbps
04/05/2022 16:10:40 PM - INFO - [in this interval] delay-rate is [0.4101450439679644] mbps
04/05/2022 16:10:40 PM - INFO - average delay [1498.75]
04/05/2022 16:10:40 PM - INFO - average delay [1532.0]
04/05/2022 16:10:40 PM - INFO - average delay [1559.5]
04/05/2022 16:10:40 PM - INFO - average delay [1579.0]
04/05/2022 16:10:40 PM - INFO - nowTs is [212985], lastTs is [212747]
04/05/2022 16:10:40 PM - INFO - [in this interval] loss-ratio is [0.18181818181818182]
04/05/2022 16:10:40 PM - INFO - [in this interval] group num is [8]
04/05/2022 16:10:40 PM - INFO - [in this interval] delayDelta from group is [[2, 19, 39, 17, 4, -7, 0]]
04/05/2022 16:10:40 PM - INFO - sample List of accDelay : [[-6613.854380506893, -6613.8689424562035, -6613.882048210583, -6614.893843389525, -6615.704459050572, -6618.934013145516, -6621.740611830964, -6624.666550647868, -6627.399895583081, -6629.659906024774, -6631.893915422296, -6634.304523880066, -6633.67407149206, -6632.906664342854, -6630.3159979085685, -6624.084398117712, -6616.7759583059415, -6609.798362475347, -6604.218526227812, -6599.19667360503]]
04/05/2022 16:10:40 PM - INFO - sample List of time: [[212263, 212278, 212288, 212303, 212318, 212349, 212359, 212370, 212381, 212390, 212412, 212420, 212431, 212503, 212525, 212554, 212623, 212665, 212679, 212697]]
04/05/2022 16:10:40 PM - INFO - update trend: [0.020522582012886984]
04/05/2022 16:10:40 PM - INFO - estimateQueueDelayDuration [4.925419683092876] = queueDelayDelta [0.08209032805154794] * numCount[1000]
04/05/2022 16:10:40 PM - INFO - [in this interval] signal is [Signal.NORMAL]
04/05/2022 16:10:40 PM - INFO - [in this interval] adaptiveThresholdGamma is [66.90012419005248]
04/05/2022 16:10:40 PM - INFO - [in this interval] state is [State.INCREASE]
04/05/2022 16:10:40 PM - INFO - [in this interval] now real rate is [0.5212333333333333]mbps
04/05/2022 16:10:40 PM - INFO - [in this interval] now real rtt is [3610]
04/05/2022 16:10:40 PM - INFO - [in this interval] aimd control rate is [0.4135629193343641] mbps
04/05/2022 16:10:40 PM - INFO - [in this interval] delay-rate is [0.4135629193343641] mbps
04/05/2022 16:10:40 PM - INFO - average delay [1607.5]
04/05/2022 16:10:40 PM - INFO - average delay [1615.75]
04/05/2022 16:10:40 PM - INFO - average delay [1614.5]
04/05/2022 16:10:40 PM - INFO - average delay [1633.0]
04/05/2022 16:10:40 PM - INFO - nowTs is [213228], lastTs is [212985]
04/05/2022 16:10:40 PM - INFO - [in this interval] loss-ratio is [0.14285714285714285]
04/05/2022 16:10:40 PM - INFO - [in this interval] group num is [12]
04/05/2022 16:10:40 PM - INFO - [in this interval] delayDelta from group is [[3, -5, 8, -1, 0, -10, 2, 14, 16, 19, 13]]
04/05/2022 16:10:40 PM - INFO - sample List of accDelay : [[-6634.304523880066, -6633.67407149206, -6632.906664342854, -6630.3159979085685, -6624.084398117712, -6616.7759583059415, -6609.798362475347, -6604.218526227812, -6599.19667360503, -6594.377006244527, -6590.5393056200755, -6586.285375058068, -6582.556837552261, -6579.201153797035, -6577.181038417331, -6575.162934575598, -6571.946641118038, -6567.451977006234, -6561.506779305611, -6554.8561013750505]]
04/05/2022 16:10:40 PM - INFO - sample List of time: [[212420, 212431, 212503, 212525, 212554, 212623, 212665, 212679, 212697, 212726, 212744, 212759, 212777, 212791, 212806, 212821, 212838, 212867, 212898, 212927]]
04/05/2022 16:10:40 PM - INFO - update trend: [0.16798386437639135]
04/05/2022 16:10:40 PM - INFO - estimateQueueDelayDuration [40.31612745033392] = queueDelayDelta [0.6719354575055654] * numCount[1001]
04/05/2022 16:10:40 PM - INFO - [in this interval] signal is [Signal.NORMAL]
04/05/2022 16:10:40 PM - INFO - [in this interval] adaptiveThresholdGamma is [66.42161224873755]
04/05/2022 16:10:40 PM - INFO - [in this interval] state is [State.INCREASE]
04/05/2022 16:10:40 PM - INFO - [in this interval] now real rate is [0.4103118503118503]mbps
04/05/2022 16:10:40 PM - INFO - [in this interval] now real rtt is [3746]
04/05/2022 16:10:40 PM - INFO - [in this interval] aimd control rate is [0.41700927699548385] mbps
04/05/2022 16:10:40 PM - INFO - [in this interval] delay-rate is [0.41700927699548385] mbps
04/05/2022 16:10:40 PM - INFO - average delay [1658.0]
04/05/2022 16:10:40 PM - INFO - average delay [1699.0]
04/05/2022 16:10:40 PM - INFO - average delay [1710.3333333333333]
04/05/2022 16:10:40 PM - INFO - average delay [1731.6666666666667]
04/05/2022 16:10:40 PM - INFO - nowTs is [213468], lastTs is [213228]
04/05/2022 16:10:40 PM - INFO - [in this interval] loss-ratio is [0.09090909090909091]
04/05/2022 16:10:40 PM - INFO - [in this interval] group num is [10]
04/05/2022 16:10:40 PM - INFO - [in this interval] delayDelta from group is [[4, 13, 2, 12, 2, 7, 7, 2, 12]]
04/05/2022 16:10:40 PM - INFO - sample List of accDelay : [[-6594.377006244527, -6590.5393056200755, -6586.285375058068, -6582.556837552261, -6579.201153797035, -6577.181038417331, -6575.162934575598, -6571.946641118038, -6567.451977006234, -6561.506779305611, -6554.8561013750505, -6548.4704912375455, -6541.423442113792, -6534.881097902413, -6527.792988112172, -6521.213689300955, -6514.592320370859, -6507.933088333773, -6501.739779500396, -6494.965801550356]]
04/05/2022 16:10:40 PM - INFO - sample List of time: [[212726, 212744, 212759, 212777, 212791, 212806, 212821, 212838, 212867, 212898, 212927, 212984, 213013, 213041, 213063, 213085, 213107, 213129, 213151, 213173]]
04/05/2022 16:10:40 PM - INFO - update trend: [0.2092219631057513]
04/05/2022 16:10:40 PM - INFO - estimateQueueDelayDuration [50.21327114538031] = queueDelayDelta [0.8368878524230052] * numCount[1000]
04/05/2022 16:10:40 PM - INFO - [in this interval] signal is [Signal.NORMAL]
04/05/2022 16:10:40 PM - INFO - [in this interval] adaptiveThresholdGamma is [66.12986210887712]
04/05/2022 16:10:40 PM - INFO - [in this interval] state is [State.INCREASE]
04/05/2022 16:10:40 PM - INFO - [in this interval] now real rate is [0.43768674698795185]mbps
04/05/2022 16:10:40 PM - INFO - [in this interval] now real rtt is [3916]
04/05/2022 16:10:40 PM - INFO - [in this interval] aimd control rate is [0.42048435430377956] mbps
04/05/2022 16:10:40 PM - INFO - [in this interval] delay-rate is [0.42048435430377956] mbps
04/05/2022 16:10:40 PM - INFO - average delay [1749.3333333333333]
04/05/2022 16:10:40 PM - INFO - average delay [1765.3333333333333]
04/05/2022 16:10:40 PM - INFO - average delay [1718.75]
04/05/2022 16:10:40 PM - INFO - average delay [1689.0]
04/05/2022 16:10:40 PM - INFO - nowTs is [213712], lastTs is [213468]
04/05/2022 16:10:40 PM - INFO - [in this interval] loss-ratio is [0.0]
04/05/2022 16:10:40 PM - INFO - [in this interval] group num is [13]
04/05/2022 16:10:40 PM - INFO - [in this interval] delayDelta from group is [[13, -10, -20, -14, -20, -5, -15, -10, 5, -19, -14, -4]]
04/05/2022 16:10:40 PM - INFO - sample List of accDelay : [[-6541.423442113792, -6534.881097902413, -6527.792988112172, -6521.213689300955, -6514.592320370859, -6507.933088333773, -6501.739779500396, -6494.965801550356, -6487.569221395321, -6481.91229925579, -6478.82106933021, -6477.438962397189, -6478.19506615747, -6479.375559541723, -6481.938003587551, -6485.244203228796, -6487.719782905917, -6491.847804615325, -6496.9630241537925, -6501.966721738413]]
04/05/2022 16:10:40 PM - INFO - sample List of time: [[213013, 213041, 213063, 213085, 213107, 213129, 213151, 213173, 213217, 213240, 213255, 213270, 213286, 213301, 213331, 213346, 213361, 213376, 213392, 213408]]
04/05/2022 16:10:40 PM - INFO - update trend: [0.1226133398978547]
04/05/2022 16:10:40 PM - INFO - estimateQueueDelayDuration [29.427201575485128] = queueDelayDelta [0.4904533595914188] * numCount[1000]
04/05/2022 16:10:40 PM - INFO - [in this interval] signal is [Signal.NORMAL]
04/05/2022 16:10:40 PM - INFO - [in this interval] adaptiveThresholdGamma is [65.46921421927607]
04/05/2022 16:10:40 PM - INFO - [in this interval] state is [State.INCREASE]
04/05/2022 16:10:40 PM - INFO - [in this interval] now real rate is [0.480793388429752]mbps
04/05/2022 16:10:40 PM - INFO - [in this interval] now real rtt is [3694]
04/05/2022 16:10:40 PM - INFO - [in this interval] aimd control rate is [0.4239883905896444] mbps
04/05/2022 16:10:40 PM - INFO - [in this interval] delay-rate is [0.4239883905896444] mbps
04/05/2022 16:10:40 PM - INFO - average delay [1649.75]
04/05/2022 16:10:40 PM - INFO - average delay [1621.75]
04/05/2022 16:10:40 PM - INFO - average delay [1544.2]
04/05/2022 16:10:40 PM - INFO - average delay [1538.8]
04/05/2022 16:10:40 PM - INFO - nowTs is [213947], lastTs is [213712]
04/05/2022 16:10:40 PM - INFO - [in this interval] loss-ratio is [0.0]
04/05/2022 16:10:40 PM - INFO - [in this interval] group num is [14]
04/05/2022 16:10:40 PM - INFO - [in this interval] delayDelta from group is [[3, -18, -22, -21, -17, -20, -3, 3, 5, 3, -10, -13, -7]]
04/05/2022 16:10:40 PM - INFO - sample List of accDelay : [[-6479.375559541723, -6481.938003587551, -6485.244203228796, -6487.719782905917, -6491.847804615325, -6496.9630241537925, -6501.966721738413, -6506.170049564572, -6511.753044608115, -6518.977740147303, -6527.579966132573, -6537.0219695193155, -6547.519772567384, -6557.267795310646, -6565.741015779581, -6572.866914201623, -6578.980222781461, -6585.482200503315, -6592.633980452983, -6599.770582407685]]
04/05/2022 16:10:40 PM - INFO - sample List of time: [[213301, 213331, 213346, 213361, 213376, 213392, 213408, 213451, 213464, 213476, 213489, 213503, 213516, 213531, 213573, 213586, 213601, 213614, 213629, 213651]]
04/05/2022 16:10:40 PM - INFO - update trend: [-0.3725383816520782]
04/05/2022 16:10:40 PM - INFO - estimateQueueDelayDuration [-89.40921159649876] = queueDelayDelta [-1.4901535266083128] * numCount[1001]
04/05/2022 16:10:40 PM - INFO - [in this interval] signal is [Signal.UNDER_USE]
04/05/2022 16:10:40 PM - INFO - [in this interval] adaptiveThresholdGamma is [65.46921421927607]
04/05/2022 16:10:40 PM - INFO - [in this interval] state is [State.HOLD]
04/05/2022 16:10:40 PM - INFO - [in this interval] now real rate is [0.6411858037578287]mbps
04/05/2022 16:10:40 PM - INFO - [in this interval] now real rtt is [3434]
04/05/2022 16:10:40 PM - INFO - [in this interval] aimd control rate is [0.4239883905896444] mbps
04/05/2022 16:10:40 PM - INFO - [in this interval] delay-rate is [0.4239883905896444] mbps
04/05/2022 16:10:40 PM - INFO - average delay [1526.0]
04/05/2022 16:10:40 PM - INFO - average delay [1543.6666666666667]
04/05/2022 16:10:40 PM - INFO - average delay [1572.0]
04/05/2022 16:10:40 PM - INFO - average delay [1600.6666666666667]
04/05/2022 16:10:40 PM - INFO - nowTs is [214188], lastTs is [213947]
04/05/2022 16:10:40 PM - INFO - [in this interval] loss-ratio is [0.0]
04/05/2022 16:10:40 PM - INFO - [in this interval] group num is [7]
04/05/2022 16:10:40 PM - INFO - [in this interval] delayDelta from group is [[63, -8, -6, -10, -10, -16]]
04/05/2022 16:10:40 PM - INFO - sample List of accDelay : [[-6501.966721738413, -6506.170049564572, -6511.753044608115, -6518.977740147303, -6527.579966132573, -6537.0219695193155, -6547.519772567384, -6557.267795310646, -6565.741015779581, -6572.866914201623, -6578.980222781461, -6585.482200503315, -6592.633980452983, -6599.770582407685, -6599.893524166917, -6600.804171750225, -6602.223754575202, -6604.5013791176825, -6607.551241205914, -6611.896117085324]]
04/05/2022 16:10:40 PM - INFO - sample List of time: [[213408, 213451, 213464, 213476, 213489, 213503, 213516, 213531, 213573, 213586, 213601, 213614, 213629, 213651, 213712, 213805, 213827, 213851, 213876, 213901]]
04/05/2022 16:10:40 PM - INFO - update trend: [-0.21964589569398862]
04/05/2022 16:10:40 PM - INFO - estimateQueueDelayDuration [-52.71501496655727] = queueDelayDelta [-0.8785835827759545] * numCount[1001]
04/05/2022 16:10:40 PM - INFO - [in this interval] signal is [Signal.NORMAL]
04/05/2022 16:10:40 PM - INFO - [in this interval] adaptiveThresholdGamma is [65.23963863272714]
04/05/2022 16:10:40 PM - INFO - [in this interval] state is [State.INCREASE]
04/05/2022 16:10:40 PM - INFO - [in this interval] now real rate is [0.6024065040650406]mbps
04/05/2022 16:10:40 PM - INFO - [in this interval] now real rtt is [3516]
04/05/2022 16:10:40 PM - INFO - [in this interval] aimd control rate is [0.42752162717789144] mbps
04/05/2022 16:10:40 PM - INFO - [in this interval] delay-rate is [0.42752162717789144] mbps
04/05/2022 16:10:40 PM - INFO - average delay [1572.0]
04/05/2022 16:10:40 PM - INFO - average delay [1559.25]
04/05/2022 16:10:40 PM - INFO - average delay [1553.75]
04/05/2022 16:10:40 PM - INFO - average delay [1557.3333333333333]
04/05/2022 16:10:40 PM - INFO - nowTs is [214412], lastTs is [214188]
04/05/2022 16:10:40 PM - INFO - [in this interval] loss-ratio is [0.0]
04/05/2022 16:10:40 PM - INFO - [in this interval] group num is [6]
04/05/2022 16:10:40 PM - INFO - [in this interval] delayDelta from group is [[-6, -4, 1, 6, 38]]
04/05/2022 16:10:40 PM - INFO - sample List of accDelay : [[-6537.0219695193155, -6547.519772567384, -6557.267795310646, -6565.741015779581, -6572.866914201623, -6578.980222781461, -6585.482200503315, -6592.633980452983, -6599.770582407685, -6599.893524166917, -6600.804171750225, -6602.223754575202, -6604.5013791176825, -6607.551241205914, -6611.896117085324, -6616.406505376791, -6620.865854839111, -6624.7792693552, -6627.70134241968, -6626.531208177712]]
04/05/2022 16:10:40 PM - INFO - sample List of time: [[213503, 213516, 213531, 213573, 213586, 213601, 213614, 213629, 213651, 213712, 213805, 213827, 213851, 213876, 213901, 213929, 213958, 213989, 214020, 214061]]
04/05/2022 16:10:40 PM - INFO - update trend: [-0.1341639774301838]
04/05/2022 16:10:40 PM - INFO - estimateQueueDelayDuration [-32.19935458324411] = queueDelayDelta [-0.5366559097207352] * numCount[1000]
04/05/2022 16:10:40 PM - INFO - [in this interval] signal is [Signal.NORMAL]
04/05/2022 16:10:40 PM - INFO - [in this interval] adaptiveThresholdGamma is [64.64491351983644]
04/05/2022 16:10:40 PM - INFO - [in this interval] state is [State.INCREASE]
04/05/2022 16:10:40 PM - INFO - [in this interval] now real rate is [0.4529344262295082]mbps
04/05/2022 16:10:40 PM - INFO - [in this interval] now real rtt is [3614]
04/05/2022 16:10:40 PM - INFO - [in this interval] aimd control rate is [0.43108430740437387] mbps
04/05/2022 16:10:40 PM - INFO - [in this interval] delay-rate is [0.43108430740437387] mbps
04/05/2022 16:10:40 PM - INFO - average delay [1584.3333333333333]
04/05/2022 16:10:40 PM - INFO - average delay [1646.3333333333333]
04/05/2022 16:10:40 PM - INFO - average delay [1674.25]
04/05/2022 16:10:40 PM - INFO - average delay [1680.75]
04/05/2022 16:10:40 PM - INFO - nowTs is [214665], lastTs is [214412]
04/05/2022 16:10:40 PM - INFO - [in this interval] loss-ratio is [0.0]
04/05/2022 16:10:40 PM - INFO - [in this interval] group num is [4]
04/05/2022 16:10:40 PM - INFO - [in this interval] delayDelta from group is [[37, -5, 53]]
04/05/2022 16:10:40 PM - INFO - sample List of accDelay : [[-6565.741015779581, -6572.866914201623, -6578.980222781461, -6585.482200503315, -6592.633980452983, -6599.770582407685, -6599.893524166917, -6600.804171750225, -6602.223754575202, -6604.5013791176825, -6607.551241205914, -6611.896117085324, -6616.406505376791, -6620.865854839111, -6624.7792693552, -6627.70134241968, -6626.531208177712, -6621.77808735994, -6618.0002786239465, -6609.300250761551]]
04/05/2022 16:10:40 PM - INFO - sample List of time: [[213573, 213586, 213601, 213614, 213629, 213651, 213712, 213805, 213827, 213851, 213876, 213901, 213929, 213958, 213989, 214020, 214061, 214192, 214244, 214274]]
04/05/2022 16:10:40 PM - INFO - update trend: [-0.06649204462104719]
04/05/2022 16:10:40 PM - INFO - estimateQueueDelayDuration [-15.958090709051325] = queueDelayDelta [-0.26596817848418874] * numCount[1001]
04/05/2022 16:10:40 PM - INFO - [in this interval] signal is [Signal.NORMAL]
04/05/2022 16:10:40 PM - INFO - [in this interval] adaptiveThresholdGamma is [63.768550709242305]
04/05/2022 16:10:40 PM - INFO - [in this interval] state is [State.INCREASE]
04/05/2022 16:10:40 PM - INFO - [in this interval] now real rate is [0.40599592668024437]mbps
04/05/2022 16:10:40 PM - INFO - [in this interval] now real rtt is [3870]
04/05/2022 16:10:40 PM - INFO - [in this interval] aimd control rate is [0.4346766766327437] mbps
04/05/2022 16:10:40 PM - INFO - [in this interval] delay-rate is [0.4346766766327437] mbps
04/05/2022 16:10:40 PM - INFO - average delay [1716.4]
04/05/2022 16:10:40 PM - INFO - average delay [1762.25]
04/05/2022 16:10:40 PM - INFO - average delay [1783.6]
04/05/2022 16:10:40 PM - INFO - average delay [1779.2]
04/05/2022 16:10:40 PM - INFO - nowTs is [214911], lastTs is [214665]
04/05/2022 16:10:40 PM - INFO - [in this interval] loss-ratio is [0.0]
04/05/2022 16:10:40 PM - INFO - [in this interval] group num is [7]
04/05/2022 16:10:40 PM - INFO - [in this interval] delayDelta from group is [[15, -4, -3, -8, 0, 2]]
04/05/2022 16:10:40 PM - INFO - sample List of accDelay : [[-6599.893524166917, -6600.804171750225, -6602.223754575202, -6604.5013791176825, -6607.551241205914, -6611.896117085324, -6616.406505376791, -6620.865854839111, -6624.7792693552, -6627.70134241968, -6626.531208177712, -6621.77808735994, -6618.0002786239465, -6609.300250761551, -6599.970225685396, -6591.973203116857, -6585.075882805171, -6579.668294524654, -6574.801465072189, -6570.22131856497]]
04/05/2022 16:10:40 PM - INFO - sample List of time: [[213712, 213805, 213827, 213851, 213876, 213901, 213929, 213958, 213989, 214020, 214061, 214192, 214244, 214274, 214451, 214491, 214517, 214544, 214571, 214611]]
04/05/2022 16:10:40 PM - INFO - update trend: [0.03605075169518672]
04/05/2022 16:10:40 PM - INFO - estimateQueueDelayDuration [8.652180406844813] = queueDelayDelta [0.14420300678074688] * numCount[1001]
04/05/2022 16:10:40 PM - INFO - [in this interval] signal is [Signal.NORMAL]
04/05/2022 16:10:40 PM - INFO - [in this interval] adaptiveThresholdGamma is [62.77645604379915]
04/05/2022 16:10:40 PM - INFO - [in this interval] state is [State.INCREASE]
04/05/2022 16:10:40 PM - INFO - [in this interval] now real rate is [0.4561122244488978]mbps
04/05/2022 16:10:40 PM - INFO - [in this interval] now real rtt is [3962]
04/05/2022 16:10:40 PM - INFO - [in this interval] aimd control rate is [0.4382989822713499] mbps
04/05/2022 16:10:40 PM - INFO - [in this interval] delay-rate is [0.4382989822713499] mbps
04/05/2022 16:10:40 PM - INFO - average delay [1771.6]
04/05/2022 16:10:40 PM - INFO - average delay [1769.3333333333333]
04/05/2022 16:10:40 PM - INFO - average delay [1776.0]
04/05/2022 16:10:40 PM - INFO - average delay [1780.5]
04/05/2022 16:10:40 PM - INFO - nowTs is [215147], lastTs is [214911]
04/05/2022 16:10:40 PM - INFO - [in this interval] loss-ratio is [0.0]
04/05/2022 16:10:40 PM - INFO - [in this interval] group num is [7]
04/05/2022 16:10:40 PM - INFO - [in this interval] delayDelta from group is [[1, 6, 1, 1, 5, 2]]
04/05/2022 16:10:40 PM - INFO - sample List of accDelay : [[-6616.406505376791, -6620.865854839111, -6624.7792693552, -6627.70134241968, -6626.531208177712, -6621.77808735994, -6618.0002786239465, -6609.300250761551, -6599.970225685396, -6591.973203116857, -6585.075882805171, -6579.668294524654, -6574.801465072189, -6570.22131856497, -6565.999186708473, -6561.599268037626, -6557.5393412338635, -6553.7854071104775, -6549.90686639943, -6546.216179759487]]
04/05/2022 16:10:40 PM - INFO - sample List of time: [[213929, 213958, 213989, 214020, 214061, 214192, 214244, 214274, 214451, 214491, 214517, 214544, 214571, 214611, 214673, 214709, 214745, 214781, 214817, 214852]]
04/05/2022 16:10:40 PM - INFO - update trend: [0.08941446465422208]
04/05/2022 16:10:40 PM - INFO - estimateQueueDelayDuration [21.4594715170133] = queueDelayDelta [0.3576578586168883] * numCount[1001]
04/05/2022 16:10:40 PM - INFO - [in this interval] signal is [Signal.NORMAL]
04/05/2022 16:10:40 PM - INFO - [in this interval] adaptiveThresholdGamma is [62.03275032231701]
04/05/2022 16:10:40 PM - INFO - [in this interval] state is [State.INCREASE]
04/05/2022 16:10:40 PM - INFO - [in this interval] now real rate is [0.4673225806451613]mbps
04/05/2022 16:10:40 PM - INFO - [in this interval] now real rtt is [3994]
04/05/2022 16:10:40 PM - INFO - [in this interval] aimd control rate is [0.44195147379027777] mbps
04/05/2022 16:10:40 PM - INFO - [in this interval] delay-rate is [0.44195147379027777] mbps
04/05/2022 16:10:40 PM - INFO - average delay [1790.25]
04/05/2022 16:10:40 PM - INFO - average delay [1770.6666666666667]
04/05/2022 16:10:40 PM - INFO - average delay [1767.3333333333333]
04/05/2022 16:10:40 PM - INFO - average delay [1761.25]
04/05/2022 16:10:40 PM - INFO - nowTs is [215397], lastTs is [215147]
04/05/2022 16:10:40 PM - INFO - [in this interval] loss-ratio is [0.36363636363636365]
04/05/2022 16:10:40 PM - INFO - [in this interval] group num is [12]
04/05/2022 16:10:40 PM - INFO - [in this interval] delayDelta from group is [[-12, 8, -7, -11, 1, 0, -20, -15, -20, -20, -17]]
04/05/2022 16:10:40 PM - INFO - sample List of accDelay : [[-6579.668294524654, -6574.801465072189, -6570.22131856497, -6565.999186708473, -6561.599268037626, -6557.5393412338635, -6553.7854071104775, -6549.90686639943, -6546.216179759487, -6544.094561783539, -6541.385105605184, -6539.646595044665, -6539.181935540199, -6538.663741986179, -6538.197367787561, -6539.777631008805, -6542.699867907924, -6547.329881117132, -6553.496893005418, -6560.747203704877]]
04/05/2022 16:10:40 PM - INFO - sample List of time: [[214544, 214571, 214611, 214673, 214709, 214745, 214781, 214817, 214852, 214907, 214925, 214973, 214996, 215015, 215036, 215051, 215066, 215081, 215096, 215111]]
04/05/2022 16:10:40 PM - INFO - update trend: [0.05492827456348047]
04/05/2022 16:10:40 PM - INFO - estimateQueueDelayDuration [13.182785895235313] = queueDelayDelta [0.21971309825392188] * numCount[1000]
04/05/2022 16:10:40 PM - INFO - [in this interval] signal is [Signal.NORMAL]
04/05/2022 16:10:40 PM - INFO - [in this interval] adaptiveThresholdGamma is [61.153450962629535]
04/05/2022 16:10:40 PM - INFO - [in this interval] state is [State.INCREASE]
04/05/2022 16:10:40 PM - INFO - [in this interval] now real rate is [0.476032]mbps
04/05/2022 16:10:40 PM - INFO - [in this interval] now real rtt is [3734]
04/05/2022 16:10:40 PM - INFO - [in this interval] aimd control rate is [0.44563440273853006] mbps
04/05/2022 16:10:40 PM - INFO - [in this interval] delay-rate is [0.44563440273853006] mbps
04/05/2022 16:10:40 PM - INFO - average delay [1703.6]
04/05/2022 16:10:40 PM - INFO - average delay [1670.6666666666667]
04/05/2022 16:10:40 PM - INFO - average delay [1661.25]
04/05/2022 16:10:40 PM - INFO - average delay [1662.25]
04/05/2022 16:10:40 PM - INFO - nowTs is [215616], lastTs is [215397]
04/05/2022 16:10:40 PM - INFO - [in this interval] loss-ratio is [0.0]
04/05/2022 16:10:40 PM - INFO - [in this interval] group num is [7]
04/05/2022 16:10:40 PM - INFO - [in this interval] delayDelta from group is [[-9, -5, 1, 2, 2, 10]]
04/05/2022 16:10:40 PM - INFO - sample List of accDelay : [[-6553.7854071104775, -6549.90686639943, -6546.216179759487, -6544.094561783539, -6541.385105605184, -6539.646595044665, -6539.181935540199, -6538.663741986179, -6538.197367787561, -6539.777631008805, -6542.699867907924, -6547.329881117132, -6553.496893005418, -6560.747203704877, -6568.17248333439, -6575.35523500095, -6581.719711500855, -6587.247740350769, -6592.022966315692, -6595.3206696841235]]
04/05/2022 16:10:40 PM - INFO - sample List of time: [[214781, 214817, 214852, 214907, 214925, 214973, 214996, 215015, 215036, 215051, 215066, 215081, 215096, 215111, 215137, 215168, 215198, 215229, 215266, 215303]]
04/05/2022 16:10:40 PM - INFO - update trend: [-0.10027877943690723]
04/05/2022 16:10:40 PM - INFO - estimateQueueDelayDuration [-24.066907064857734] = queueDelayDelta [-0.4011151177476289] * numCount[1000]
04/05/2022 16:10:40 PM - INFO - [in this interval] signal is [Signal.NORMAL]
04/05/2022 16:10:40 PM - INFO - [in this interval] adaptiveThresholdGamma is [60.485893172469645]
04/05/2022 16:10:40 PM - INFO - [in this interval] state is [State.INCREASE]
04/05/2022 16:10:40 PM - INFO - [in this interval] now real rate is [0.5392912423625256]mbps
04/05/2022 16:10:40 PM - INFO - [in this interval] now real rtt is [3762]
04/05/2022 16:10:40 PM - INFO - [in this interval] aimd control rate is [0.44934802276135116] mbps
04/05/2022 16:10:40 PM - INFO - [in this interval] delay-rate is [0.44934802276135116] mbps
04/05/2022 16:10:40 PM - INFO - average delay [1669.0]
04/05/2022 16:10:40 PM - INFO - average delay [1685.3333333333333]
04/05/2022 16:10:40 PM - INFO - average delay [1692.5]
04/05/2022 16:10:40 PM - INFO - average delay [1692.75]
04/05/2022 16:10:40 PM - INFO - nowTs is [215864], lastTs is [215616]
04/05/2022 16:10:40 PM - INFO - [in this interval] loss-ratio is [0.0]
04/05/2022 16:10:40 PM - INFO - [in this interval] group num is [7]
04/05/2022 16:10:40 PM - INFO - [in this interval] delayDelta from group is [[7, 7, -1, -1, 3, -7]]
04/05/2022 16:10:40 PM - INFO - sample List of accDelay : [[-6539.181935540199, -6538.663741986179, -6538.197367787561, -6539.777631008805, -6542.699867907924, -6547.329881117132, -6553.496893005418, -6560.747203704877, -6568.17248333439, -6575.35523500095, -6581.719711500855, -6587.247740350769, -6592.022966315692, -6595.3206696841235, -6597.588602715711, -6598.929742444139, -6600.236768199726, -6601.513091379754, -6602.361782241778, -6603.8256040176]]
04/05/2022 16:10:40 PM - INFO - sample List of time: [[214996, 215015, 215036, 215051, 215066, 215081, 215096, 215111, 215137, 215168, 215198, 215229, 215266, 215303, 215383, 215425, 215462, 215496, 215530, 215563]]
04/05/2022 16:10:40 PM - INFO - update trend: [-0.12896479061251376]
04/05/2022 16:10:40 PM - INFO - estimateQueueDelayDuration [-30.951549747003302] = queueDelayDelta [-0.515859162450055] * numCount[1000]
04/05/2022 16:10:40 PM - INFO - [in this interval] signal is [Signal.NORMAL]
04/05/2022 16:10:40 PM - INFO - [in this interval] adaptiveThresholdGamma is [59.95427499081125]
04/05/2022 16:10:40 PM - INFO - [in this interval] state is [State.INCREASE]
04/05/2022 16:10:40 PM - INFO - [in this interval] now real rate is [0.5858585858585859]mbps
04/05/2022 16:10:40 PM - INFO - [in this interval] now real rtt is [3788]
04/05/2022 16:10:40 PM - INFO - [in this interval] aimd control rate is [0.4530925896176957] mbps
04/05/2022 16:10:40 PM - INFO - [in this interval] delay-rate is [0.4530925896176957] mbps
04/05/2022 16:10:40 PM - INFO - average delay [1692.25]
04/05/2022 16:10:40 PM - INFO - average delay [1679.2]
04/05/2022 16:10:40 PM - INFO - average delay [1670.2]
04/05/2022 16:10:40 PM - INFO - average delay [1663.25]
04/05/2022 16:10:40 PM - INFO - nowTs is [216114], lastTs is [215864]
04/05/2022 16:10:40 PM - INFO - [in this interval] loss-ratio is [0.0]
04/05/2022 16:10:40 PM - INFO - [in this interval] group num is [9]
04/05/2022 16:10:40 PM - INFO - [in this interval] delayDelta from group is [[-2, -6, -5, -1, -5, -4, 0, -15]]
04/05/2022 16:10:40 PM - INFO - sample List of accDelay : [[-6568.17248333439, -6575.35523500095, -6581.719711500855, -6587.247740350769, -6592.022966315692, -6595.3206696841235, -6597.588602715711, -6598.929742444139, -6600.236768199726, -6601.513091379754, -6602.361782241778, -6603.8256040176, -6605.34304361584, -6607.308739254256, -6609.57786532883, -6611.720078795946, -6614.148070916352, -6616.733263824716, -6619.0599374422445, -6622.65394369802]]
04/05/2022 16:10:40 PM - INFO - sample List of time: [[215137, 215168, 215198, 215229, 215266, 215303, 215383, 215425, 215462, 215496, 215530, 215563, 215619, 215647, 215676, 215706, 215735, 215765, 215796, 215826]]
04/05/2022 16:10:40 PM - INFO - update trend: [-0.061620707481317205]
04/05/2022 16:10:40 PM - INFO - estimateQueueDelayDuration [-14.78896979551613] = queueDelayDelta [-0.24648282992526882] * numCount[1000]
04/05/2022 16:10:40 PM - INFO - [in this interval] signal is [Signal.NORMAL]
04/05/2022 16:10:40 PM - INFO - [in this interval] adaptiveThresholdGamma is [59.14129949729594]
04/05/2022 16:10:40 PM - INFO - [in this interval] state is [State.INCREASE]
04/05/2022 16:10:40 PM - INFO - [in this interval] now real rate is [0.6240481927710844]mbps
04/05/2022 16:10:40 PM - INFO - [in this interval] now real rtt is [3698]
04/05/2022 16:10:40 PM - INFO - [in this interval] aimd control rate is [0.45686836119784313] mbps
04/05/2022 16:10:40 PM - INFO - [in this interval] delay-rate is [0.45686836119784313] mbps
04/05/2022 16:10:40 PM - INFO - average delay [1657.75]
04/05/2022 16:10:40 PM - INFO - average delay [1645.0]
04/05/2022 16:10:40 PM - INFO - average delay [1606.75]
04/05/2022 16:10:40 PM - INFO - average delay [1592.0]
04/05/2022 16:10:40 PM - INFO - nowTs is [216336], lastTs is [216114]
04/05/2022 16:10:40 PM - INFO - [in this interval] loss-ratio is [0.2222222222222222]
04/05/2022 16:10:40 PM - INFO - [in this interval] group num is [10]
04/05/2022 16:10:40 PM - INFO - [in this interval] delayDelta from group is [[-15, -15, -10, -14, -5, -4, -14, -3, -9]]
04/05/2022 16:10:40 PM - INFO - sample List of accDelay : [[-6601.513091379754, -6602.361782241778, -6603.8256040176, -6605.34304361584, -6607.308739254256, -6609.57786532883, -6611.720078795946, -6614.148070916352, -6616.733263824716, -6619.0599374422445, -6622.65394369802, -6627.388549328219, -6633.149694395397, -6639.334724955857, -6646.301252460272, -6653.071127214244, -6659.56401449282, -6666.807613043538, -6673.6268517391845, -6680.664166565266]]
04/05/2022 16:10:40 PM - INFO - sample List of time: [[215496, 215530, 215563, 215619, 215647, 215676, 215706, 215735, 215765, 215796, 215826, 215857, 215872, 215887, 215917, 215933, 215963, 215994, 216010, 216042]]
04/05/2022 16:10:40 PM - INFO - update trend: [-0.1440977766935074]
04/05/2022 16:10:40 PM - INFO - estimateQueueDelayDuration [-34.58346640644178] = queueDelayDelta [-0.5763911067740296] * numCount[1001]
04/05/2022 16:10:40 PM - INFO - [in this interval] signal is [Signal.NORMAL]
04/05/2022 16:10:40 PM - INFO - [in this interval] adaptiveThresholdGamma is [58.699258501660566]
04/05/2022 16:10:40 PM - INFO - [in this interval] state is [State.INCREASE]
04/05/2022 16:10:40 PM - INFO - [in this interval] now real rate is [0.638384]mbps
04/05/2022 16:10:40 PM - INFO - [in this interval] now real rtt is [3542]
04/05/2022 16:10:40 PM - INFO - [in this interval] aimd control rate is [0.4606755975411585] mbps
04/05/2022 16:10:40 PM - INFO - [in this interval] delay-rate is [0.4606755975411585] mbps
04/05/2022 16:10:40 PM - INFO - average delay [1576.0]
04/05/2022 16:10:40 PM - INFO - average delay [1576.0]
04/05/2022 16:10:40 PM - INFO - average delay [1580.3333333333333]
04/05/2022 16:10:40 PM - INFO - average delay [1581.5]
04/05/2022 16:10:40 PM - INFO - nowTs is [216592], lastTs is [216336]
04/05/2022 16:10:40 PM - INFO - [in this interval] loss-ratio is [0.2222222222222222]
04/05/2022 16:10:40 PM - INFO - [in this interval] group num is [10]
04/05/2022 16:10:40 PM - INFO - [in this interval] delayDelta from group is [[-10, 6, 5, 6, -5, -20, -11, -10, -20]]
04/05/2022 16:10:40 PM - INFO - sample List of accDelay : [[-6619.0599374422445, -6622.65394369802, -6627.388549328219, -6633.149694395397, -6639.334724955857, -6646.301252460272, -6653.071127214244, -6659.56401449282, -6666.807613043538, -6673.6268517391845, -6680.664166565266, -6687.997749908739, -6693.997974917866, -6698.898177426079, -6702.708359683471, -6706.637523715124, -6712.173771343611, -6718.25639420925, -6724.730754788326, -6732.557679309493]]
04/05/2022 16:10:40 PM - INFO - sample List of time: [[215796, 215826, 215857, 215872, 215887, 215917, 215933, 215963, 215994, 216010, 216042, 216083, 216103, 216144, 216184, 216225, 216245, 216260, 216289, 216304]]
04/05/2022 16:10:40 PM - INFO - update trend: [-0.21655427888151274]
04/05/2022 16:10:40 PM - INFO - estimateQueueDelayDuration [-51.973026931563055] = queueDelayDelta [-0.866217115526051] * numCount[1000]
04/05/2022 16:10:40 PM - INFO - [in this interval] signal is [Signal.NORMAL]
04/05/2022 16:10:40 PM - INFO - [in this interval] adaptiveThresholdGamma is [58.57818633339881]
04/05/2022 16:10:40 PM - INFO - [in this interval] state is [State.INCREASE]
04/05/2022 16:10:40 PM - INFO - [in this interval] now real rate is [0.5930060851926978]mbps
04/05/2022 16:10:40 PM - INFO - [in this interval] now real rtt is [3454]
04/05/2022 16:10:40 PM - INFO - [in this interval] aimd control rate is [0.4645145608540015] mbps
04/05/2022 16:10:40 PM - INFO - [in this interval] delay-rate is [0.4645145608540015] mbps
04/05/2022 16:10:40 PM - INFO - average delay [1549.4]
04/05/2022 16:10:40 PM - INFO - average delay [1512.0]
04/05/2022 16:10:40 PM - INFO - average delay [1481.5]
04/05/2022 16:10:40 PM - INFO - average delay [1475.0]
04/05/2022 16:10:40 PM - INFO - nowTs is [216828], lastTs is [216592]
04/05/2022 16:10:40 PM - INFO - [in this interval] loss-ratio is [0.25]
04/05/2022 16:10:40 PM - INFO - [in this interval] group num is [9]
04/05/2022 16:10:40 PM - INFO - [in this interval] delayDelta from group is [[-20, -10, -10, -14, -5, -1, 17, 4]]
04/05/2022 16:10:40 PM - INFO - sample List of accDelay : [[-6666.807613043538, -6673.6268517391845, -6680.664166565266, -6687.997749908739, -6693.997974917866, -6698.898177426079, -6702.708359683471, -6706.637523715124, -6712.173771343611, -6718.25639420925, -6724.730754788326, -6732.557679309493, -6741.601911378544, -6750.7417202406905, -6759.967548216622, -6769.67079339496, -6778.903714055464, -6787.313342649918, -6793.182008384926, -6798.063807546433]]
04/05/2022 16:10:40 PM - INFO - sample List of time: [[215994, 216010, 216042, 216083, 216103, 216144, 216184, 216225, 216245, 216260, 216289, 216304, 216334, 216349, 216364, 216394, 216410, 216440, 216469, 216526]]
04/05/2022 16:10:40 PM - INFO - update trend: [-0.25767086200839023]
04/05/2022 16:10:40 PM - INFO - estimateQueueDelayDuration [-61.84100688201366] = queueDelayDelta [-1.030683448033561] * numCount[1000]
04/05/2022 16:10:40 PM - INFO - [in this interval] signal is [Signal.UNDER_USE]
04/05/2022 16:10:40 PM - INFO - [in this interval] adaptiveThresholdGamma is [61.84100688201366]
04/05/2022 16:10:40 PM - INFO - [in this interval] state is [State.HOLD]
04/05/2022 16:10:40 PM - INFO - [in this interval] now real rate is [0.5478373983739838]mbps
04/05/2022 16:10:40 PM - INFO - [in this interval] now real rtt is [3396]
04/05/2022 16:10:40 PM - INFO - [in this interval] aimd control rate is [0.4645145608540015] mbps
04/05/2022 16:10:40 PM - INFO - [in this interval] delay-rate is [0.4645145608540015] mbps
04/05/2022 16:10:40 PM - INFO - average delay [1487.3333333333333]
04/05/2022 16:10:40 PM - INFO - average delay [1506.0]
04/05/2022 16:10:40 PM - INFO - average delay [1521.0]
04/05/2022 16:10:40 PM - INFO - average delay [1577.0]
04/05/2022 16:10:40 PM - INFO - nowTs is [217064], lastTs is [216828]
04/05/2022 16:10:40 PM - INFO - [in this interval] loss-ratio is [0.1111111111111111]
04/05/2022 16:10:40 PM - INFO - [in this interval] group num is [5]
04/05/2022 16:10:40 PM - INFO - [in this interval] delayDelta from group is [[47, 24, 19, -4]]
04/05/2022 16:10:40 PM - INFO - sample List of accDelay : [[-6693.997974917866, -6698.898177426079, -6702.708359683471, -6706.637523715124, -6712.173771343611, -6718.25639420925, -6724.730754788326, -6732.557679309493, -6741.601911378544, -6750.7417202406905, -6759.967548216622, -6769.67079339496, -6778.903714055464, -6787.313342649918, -6793.182008384926, -6798.063807546433, -6797.75742679179, -6795.081684112611, -6790.773515701349, -6787.296164131214]]
04/05/2022 16:10:40 PM - INFO - sample List of time: [[216103, 216144, 216184, 216225, 216245, 216260, 216289, 216304, 216334, 216349, 216364, 216394, 216410, 216440, 216469, 216526, 216615, 216697, 216731, 216765]]
04/05/2022 16:10:40 PM - INFO - update trend: [-0.17675024876864726]
04/05/2022 16:10:40 PM - INFO - estimateQueueDelayDuration [-42.42005970447534] = queueDelayDelta [-0.707000995074589] * numCount[1000]
04/05/2022 16:10:40 PM - INFO - [in this interval] signal is [Signal.NORMAL]
04/05/2022 16:10:40 PM - INFO - [in this interval] adaptiveThresholdGamma is [61.49142983281797]
04/05/2022 16:10:40 PM - INFO - [in this interval] state is [State.INCREASE]
04/05/2022 16:10:40 PM - INFO - [in this interval] now real rate is [0.44251334702258727]mbps
04/05/2022 16:10:40 PM - INFO - [in this interval] now real rtt is [3608]
04/05/2022 16:10:40 PM - INFO - [in this interval] aimd control rate is [0.46838551552778485] mbps
04/05/2022 16:10:40 PM - INFO - [in this interval] delay-rate is [0.46838551552778485] mbps
04/05/2022 16:10:40 PM - INFO - average delay [1606.0]
04/05/2022 16:10:40 PM - INFO - average delay [1632.5]
04/05/2022 16:10:40 PM - INFO - average delay [1650.3333333333333]
04/05/2022 16:10:40 PM - INFO - average delay [1669.6666666666667]
04/05/2022 16:10:40 PM - INFO - nowTs is [217315], lastTs is [217064]
04/05/2022 16:10:40 PM - INFO - [in this interval] loss-ratio is [0.4444444444444444]
04/05/2022 16:10:40 PM - INFO - [in this interval] group num is [7]
04/05/2022 16:10:40 PM - INFO - [in this interval] delayDelta from group is [[21, 11, 4, 10, -8, 9]]
04/05/2022 16:10:40 PM - INFO - sample List of accDelay : [[-6724.730754788326, -6732.557679309493, -6741.601911378544, -6750.7417202406905, -6759.967548216622, -6769.67079339496, -6778.903714055464, -6787.313342649918, -6793.182008384926, -6798.063807546433, -6797.75742679179, -6795.081684112611, -6790.773515701349, -6787.296164131214, -6782.066547718093, -6776.259892946283, -6770.633903651655, -6764.57051328649, -6759.913461957841, -6754.8221157620565]]
04/05/2022 16:10:40 PM - INFO - sample List of time: [[216289, 216304, 216334, 216349, 216364, 216394, 216410, 216440, 216469, 216526, 216615, 216697, 216731, 216765, 216825, 216886, 216912, 216931, 216976, 216998]]
04/05/2022 16:10:40 PM - INFO - update trend: [-0.026637648716877085]
04/05/2022 16:10:40 PM - INFO - estimateQueueDelayDuration [-6.393035692050501] = queueDelayDelta [-0.10655059486750834] * numCount[1000]
04/05/2022 16:10:40 PM - INFO - [in this interval] signal is [Signal.NORMAL]
04/05/2022 16:10:40 PM - INFO - [in this interval] adaptiveThresholdGamma is [60.499658738284154]
04/05/2022 16:10:40 PM - INFO - [in this interval] state is [State.INCREASE]
04/05/2022 16:10:40 PM - INFO - [in this interval] now real rate is [0.37333880903490757]mbps
04/05/2022 16:10:40 PM - INFO - [in this interval] now real rtt is [3760]
04/05/2022 16:10:40 PM - INFO - [in this interval] aimd control rate is [0.47228872815718304] mbps
04/05/2022 16:10:40 PM - INFO - [in this interval] delay-rate is [0.47228872815718304] mbps
04/05/2022 16:10:40 PM - INFO - average delay [1671.3333333333333]
04/05/2022 16:10:40 PM - INFO - average delay [1676.3333333333333]
04/05/2022 16:10:40 PM - INFO - average delay [1671.0]
04/05/2022 16:10:40 PM - INFO - average delay [1677.0]
04/05/2022 16:10:40 PM - INFO - nowTs is [217555], lastTs is [217315]
04/05/2022 16:10:40 PM - INFO - [in this interval] loss-ratio is [0.07692307692307693]
04/05/2022 16:10:40 PM - INFO - [in this interval] group num is [7]
04/05/2022 16:10:40 PM - INFO - [in this interval] delayDelta from group is [[-11, 4, 4, 4, 12, -8]]
04/05/2022 16:10:40 PM - INFO - sample List of accDelay : [[-6778.903714055464, -6787.313342649918, -6793.182008384926, -6798.063807546433, -6797.75742679179, -6795.081684112611, -6790.773515701349, -6787.296164131214, -6782.066547718093, -6776.259892946283, -6770.633903651655, -6764.57051328649, -6759.913461957841, -6754.8221157620565, -6751.339904185851, -6747.805913767265, -6744.225322390539, -6740.602790151485, -6736.142511136336, -6732.9282600227025]]
04/05/2022 16:10:40 PM - INFO - sample List of time: [[216410, 216440, 216469, 216526, 216615, 216697, 216731, 216765, 216825, 216886, 216912, 216931, 216976, 216998, 217082, 217101, 217140, 217179, 217218, 217260]]
04/05/2022 16:10:40 PM - INFO - update trend: [0.07416860973822953]
04/05/2022 16:10:40 PM - INFO - estimateQueueDelayDuration [17.800466337175088] = queueDelayDelta [0.2966744389529181] * numCount[1000]
04/05/2022 16:10:40 PM - INFO - [in this interval] signal is [Signal.NORMAL]
04/05/2022 16:10:40 PM - INFO - [in this interval] adaptiveThresholdGamma is [59.73107327506419]
04/05/2022 16:10:40 PM - INFO - [in this interval] state is [State.INCREASE]
04/05/2022 16:10:40 PM - INFO - [in this interval] now real rate is [0.44540936863543784]mbps
04/05/2022 16:10:40 PM - INFO - [in this interval] now real rtt is [3780]
04/05/2022 16:10:40 PM - INFO - [in this interval] aimd control rate is [0.4762244675584929] mbps
04/05/2022 16:10:40 PM - INFO - [in this interval] delay-rate is [0.4762244675584929] mbps
04/05/2022 16:10:40 PM - INFO - average delay [1689.6666666666667]
04/05/2022 16:10:40 PM - INFO - average delay [1703.0]
04/05/2022 16:10:40 PM - INFO - average delay [1720.3333333333333]
04/05/2022 16:10:40 PM - INFO - average delay [1731.6666666666667]
04/05/2022 16:10:40 PM - INFO - nowTs is [217796], lastTs is [217555]
04/05/2022 16:10:40 PM - INFO - [in this interval] loss-ratio is [0.0]
04/05/2022 16:10:40 PM - INFO - [in this interval] group num is [6]
04/05/2022 16:10:40 PM - INFO - [in this interval] delayDelta from group is [[9, 15, 10, 22, 3]]
04/05/2022 16:10:40 PM - INFO - sample List of accDelay : [[-6795.081684112611, -6790.773515701349, -6787.296164131214, -6782.066547718093, -6776.259892946283, -6770.633903651655, -6764.57051328649, -6759.913461957841, -6754.8221157620565, -6751.339904185851, -6747.805913767265, -6744.225322390539, -6740.602790151485, -6736.142511136336, -6732.9282600227025, -6729.1354340204325, -6724.22189061839, -6718.799701556551, -6711.719731400896, -6705.047758260806]]
04/05/2022 16:10:40 PM - INFO - sample List of time: [[216697, 216731, 216765, 216825, 216886, 216912, 216931, 216976, 216998, 217082, 217101, 217140, 217179, 217218, 217260, 217304, 217348, 217393, 217438, 217495]]
04/05/2022 16:10:40 PM - INFO - update trend: [0.11007173389237494]
04/05/2022 16:10:40 PM - INFO - estimateQueueDelayDuration [26.417216134169987] = queueDelayDelta [0.44028693556949977] * numCount[1001]
04/05/2022 16:10:40 PM - INFO - [in this interval] signal is [Signal.NORMAL]
04/05/2022 16:10:40 PM - INFO - [in this interval] adaptiveThresholdGamma is [59.131423846528094]
04/05/2022 16:10:40 PM - INFO - [in this interval] state is [State.INCREASE]
04/05/2022 16:10:40 PM - INFO - [in this interval] now real rate is [0.45535135135135135]mbps
04/05/2022 16:10:40 PM - INFO - [in this interval] now real rtt is [3932]
04/05/2022 16:10:40 PM - INFO - [in this interval] aimd control rate is [0.48019300478814697] mbps
04/05/2022 16:10:40 PM - INFO - [in this interval] delay-rate is [0.48019300478814697] mbps
04/05/2022 16:10:40 PM - INFO - average delay [1756.0]
04/05/2022 16:10:40 PM - INFO - average delay [1789.0]
04/05/2022 16:10:40 PM - INFO - average delay [1803.3333333333333]
04/05/2022 16:10:40 PM - INFO - average delay [1817.5]
04/05/2022 16:10:40 PM - INFO - nowTs is [218027], lastTs is [217796]
04/05/2022 16:10:40 PM - INFO - [in this interval] loss-ratio is [0.0]
04/05/2022 16:10:40 PM - INFO - [in this interval] group num is [6]
04/05/2022 16:10:40 PM - INFO - [in this interval] delayDelta from group is [[22, 10, 3, -2, -1]]
04/05/2022 16:10:40 PM - INFO - sample List of accDelay : [[-6770.633903651655, -6764.57051328649, -6759.913461957841, -6754.8221157620565, -6751.339904185851, -6747.805913767265, -6744.225322390539, -6740.602790151485, -6736.142511136336, -6732.9282600227025, -6729.1354340204325, -6724.22189061839, -6718.799701556551, -6711.719731400896, -6705.047758260806, -6696.842982434726, -6688.458684191253, -6680.612815772128, -6673.751534194915, -6667.676380775423]]
04/05/2022 16:10:40 PM - INFO - sample List of time: [[216912, 216931, 216976, 216998, 217082, 217101, 217140, 217179, 217218, 217260, 217304, 217348, 217393, 217438, 217495, 217552, 217609, 217654, 217687, 217720]]
04/05/2022 16:10:40 PM - INFO - update trend: [0.11828921945940658]
04/05/2022 16:10:40 PM - INFO - estimateQueueDelayDuration [28.38941267025758] = queueDelayDelta [0.47315687783762633] * numCount[1000]
04/05/2022 16:10:40 PM - INFO - [in this interval] signal is [Signal.NORMAL]
04/05/2022 16:10:40 PM - INFO - [in this interval] adaptiveThresholdGamma is [58.578067645355226]
04/05/2022 16:10:40 PM - INFO - [in this interval] state is [State.INCREASE]
04/05/2022 16:10:40 PM - INFO - [in this interval] now real rate is [0.4503643724696356]mbps
04/05/2022 16:10:40 PM - INFO - [in this interval] now real rtt is [4044]
04/05/2022 16:10:40 PM - INFO - [in this interval] aimd control rate is [0.48419461316138157] mbps
04/05/2022 16:10:40 PM - INFO - [in this interval] delay-rate is [0.48419461316138157] mbps
04/05/2022 16:10:40 PM - INFO - average delay [1816.25]
04/05/2022 16:10:40 PM - INFO - average delay [1818.0]
04/05/2022 16:10:40 PM - INFO - average delay [1814.8]
04/05/2022 16:10:40 PM - INFO - average delay [1805.6]
04/05/2022 16:10:40 PM - INFO - nowTs is [218274], lastTs is [218027]
04/05/2022 16:10:40 PM - INFO - [in this interval] loss-ratio is [0.0]
04/05/2022 16:10:40 PM - INFO - [in this interval] group num is [9]
04/05/2022 16:10:40 PM - INFO - [in this interval] delayDelta from group is [[-2, -5, -2, -7, 6, 3, 8, -12]]
04/05/2022 16:10:40 PM - INFO - sample List of accDelay : [[-6736.142511136336, -6732.9282600227025, -6729.1354340204325, -6724.22189061839, -6718.799701556551, -6711.719731400896, -6705.047758260806, -6696.842982434726, -6688.458684191253, -6680.612815772128, -6673.751534194915, -6667.676380775423, -6662.408742697881, -6658.167868428093, -6654.551081585284, -6651.995973426755, -6649.09637608408, -6646.1867384756715, -6642.768064628104, -6640.891258165294]]
04/05/2022 16:10:40 PM - INFO - sample List of time: [[217218, 217260, 217304, 217348, 217393, 217438, 217495, 217552, 217609, 217654, 217687, 217720, 217787, 217820, 217850, 217878, 217906, 217947, 217960, 217988]]
04/05/2022 16:10:40 PM - INFO - update trend: [0.13167214102050098]
04/05/2022 16:10:40 PM - INFO - estimateQueueDelayDuration [31.601313844920234] = queueDelayDelta [0.5266885640820039] * numCount[1000]
04/05/2022 16:10:40 PM - INFO - [in this interval] signal is [Signal.NORMAL]
04/05/2022 16:10:40 PM - INFO - [in this interval] adaptiveThresholdGamma is [58.092486076947395]
04/05/2022 16:10:40 PM - INFO - [in this interval] state is [State.INCREASE]
04/05/2022 16:10:40 PM - INFO - [in this interval] now real rate is [0.5954811715481171]mbps
04/05/2022 16:10:40 PM - INFO - [in this interval] now real rtt is [4028]
04/05/2022 16:10:40 PM - INFO - [in this interval] aimd control rate is [0.4882295682710598] mbps
04/05/2022 16:10:40 PM - INFO - [in this interval] delay-rate is [0.4882295682710598] mbps
04/05/2022 16:10:40 PM - INFO - average delay [1818.0]
04/05/2022 16:10:40 PM - INFO - average delay [1816.0]
04/05/2022 16:10:40 PM - INFO - average delay [1782.75]
04/05/2022 16:10:40 PM - INFO - average delay [1728.2]
04/05/2022 16:10:40 PM - INFO - nowTs is [218511], lastTs is [218274]
04/05/2022 16:10:40 PM - INFO - [in this interval] loss-ratio is [0.3333333333333333]
04/05/2022 16:10:40 PM - INFO - [in this interval] group num is [13]
04/05/2022 16:10:40 PM - INFO - [in this interval] delayDelta from group is [[-5, -2, -4, -18, -18, -7, -17, -22, -18, -9, 1, 5]]
04/05/2022 16:10:40 PM - INFO - sample List of accDelay : [[-6662.408742697881, -6658.167868428093, -6654.551081585284, -6651.995973426755, -6649.09637608408, -6646.1867384756715, -6642.768064628104, -6640.891258165294, -6639.702132348764, -6638.831919113887, -6638.448727202499, -6639.90385448225, -6643.013469034025, -6646.512122130623, -6651.36090991756, -6657.924818925804, -6665.632337033224, -6673.469103329901, -6680.422192996912, -6686.179973697221]]
04/05/2022 16:10:40 PM - INFO - sample List of time: [[217787, 217820, 217850, 217878, 217906, 217947, 217960, 217988, 218017, 218032, 218050, 218066, 218083, 218100, 218128, 218141, 218154, 218166, 218197, 218213]]
04/05/2022 16:10:40 PM - INFO - update trend: [-0.04019174910405035]
04/05/2022 16:10:40 PM - INFO - estimateQueueDelayDuration [-9.646019784972085] = queueDelayDelta [-0.1607669964162014] * numCount[1000]
04/05/2022 16:10:40 PM - INFO - [in this interval] signal is [Signal.NORMAL]
04/05/2022 16:10:40 PM - INFO - [in this interval] adaptiveThresholdGamma is [57.22044968369184]
04/05/2022 16:10:40 PM - INFO - [in this interval] state is [State.INCREASE]
04/05/2022 16:10:40 PM - INFO - [in this interval] now real rate is [0.6808429752066115]mbps
04/05/2022 16:10:40 PM - INFO - [in this interval] now real rtt is [3812]
04/05/2022 16:10:40 PM - INFO - [in this interval] aimd control rate is [0.49229814800665195] mbps
04/05/2022 16:10:40 PM - INFO - [in this interval] delay-rate is [0.49229814800665195] mbps
04/05/2022 16:10:40 PM - INFO - average delay [1699.2]
04/05/2022 16:10:40 PM - INFO - average delay [1712.0]
04/05/2022 16:10:40 PM - INFO - average delay [1736.75]
04/05/2022 16:10:40 PM - INFO - average delay [1754.5]
04/05/2022 16:10:40 PM - INFO - nowTs is [218749], lastTs is [218511]
04/05/2022 16:10:40 PM - INFO - [in this interval] loss-ratio is [0.15]
04/05/2022 16:10:40 PM - INFO - [in this interval] group num is [8]
04/05/2022 16:10:40 PM - INFO - [in this interval] delayDelta from group is [[22, 21, 0, -26, -14, -28, -19]]
04/05/2022 16:10:40 PM - INFO - sample List of accDelay : [[-6640.891258165294, -6639.702132348764, -6638.831919113887, -6638.448727202499, -6639.90385448225, -6643.013469034025, -6646.512122130623, -6651.36090991756, -6657.924818925804, -6665.632337033224, -6673.469103329901, -6680.422192996912, -6686.179973697221, -6689.161976327498, -6689.745778694749, -6690.271200825274, -6693.344080742746, -6697.5096726684715, -6704.058705401625, -6711.852834861463]]
04/05/2022 16:10:40 PM - INFO - sample List of time: [[217988, 218017, 218032, 218050, 218066, 218083, 218100, 218128, 218141, 218154, 218166, 218197, 218213, 218290, 218342, 218393, 218428, 218437, 218453, 218460]]
04/05/2022 16:10:40 PM - INFO - update trend: [-0.15079205351423777]
04/05/2022 16:10:40 PM - INFO - estimateQueueDelayDuration [-36.19009284341706] = queueDelayDelta [-0.6031682140569511] * numCount[1001]
04/05/2022 16:10:40 PM - INFO - [in this interval] signal is [Signal.NORMAL]
04/05/2022 16:10:40 PM - INFO - [in this interval] adaptiveThresholdGamma is [56.841903260566895]
04/05/2022 16:10:40 PM - INFO - [in this interval] state is [State.INCREASE]
04/05/2022 16:10:40 PM - INFO - [in this interval] now real rate is [0.626]mbps
04/05/2022 16:10:40 PM - INFO - [in this interval] now real rtt is [3758]
04/05/2022 16:10:40 PM - INFO - [in this interval] aimd control rate is [0.4964006325733741] mbps
04/05/2022 16:10:40 PM - INFO - [in this interval] delay-rate is [0.4964006325733741] mbps
04/05/2022 16:10:40 PM - INFO - average delay [1715.4285714285713]
04/05/2022 16:10:40 PM - INFO - average delay [1615.2857142857142]
04/05/2022 16:10:40 PM - INFO - average delay [1545.25]
04/05/2022 16:10:40 PM - INFO - average delay [1487.6666666666667]
04/05/2022 16:10:40 PM - INFO - nowTs is [218996], lastTs is [218749]
04/05/2022 16:10:40 PM - INFO - [in this interval] loss-ratio is [0.2857142857142857]
04/05/2022 16:10:40 PM - INFO - [in this interval] group num is [14]
04/05/2022 16:10:40 PM - INFO - [in this interval] delayDelta from group is [[-27, -24, -15, -20, -19, -17, -21, -12, -13, -22, -2, 12, -25]]
04/05/2022 16:10:40 PM - INFO - sample List of accDelay : [[-6689.161976327498, -6689.745778694749, -6690.271200825274, -6693.344080742746, -6697.5096726684715, -6704.058705401625, -6711.852834861463, -6721.567551375316, -6732.710796237785, -6744.239716614007, -6756.615744952607, -6769.6541704573465, -6783.088753411612, -6797.279878070451, -6811.251890263406, -6825.126701237065, -6839.814031113358, -6853.2326280020225, -6864.10936520182, -6876.398428681638]]
04/05/2022 16:10:40 PM - INFO - sample List of time: [[218290, 218342, 218393, 218428, 218437, 218453, 218460, 218488, 218496, 218512, 218527, 218542, 218558, 218566, 218585, 218613, 218620, 218638, 218671, 218698]]
04/05/2022 16:10:40 PM - INFO - update trend: [-0.5679113666352746]
04/05/2022 16:10:40 PM - INFO - estimateQueueDelayDuration [-136.2987279924659] = queueDelayDelta [-2.2716454665410986] * numCount[1000]
04/05/2022 16:10:40 PM - INFO - [in this interval] signal is [Signal.UNDER_USE]
04/05/2022 16:10:40 PM - INFO - [in this interval] adaptiveThresholdGamma is [56.841903260566895]
04/05/2022 16:10:40 PM - INFO - [in this interval] state is [State.HOLD]
04/05/2022 16:10:40 PM - INFO - [in this interval] now real rate is [0.6746237424547283]mbps
04/05/2022 16:10:40 PM - INFO - [in this interval] now real rtt is [3322]
04/05/2022 16:10:40 PM - INFO - [in this interval] aimd control rate is [0.4964006325733741] mbps
04/05/2022 16:10:40 PM - INFO - [in this interval] delay-rate is [0.4964006325733741] mbps
04/05/2022 16:10:40 PM - INFO - average delay [1471.4]
04/05/2022 16:10:40 PM - INFO - average delay [1453.4]
04/05/2022 16:10:40 PM - INFO - average delay [1432.6666666666667]
04/05/2022 16:10:40 PM - INFO - average delay [1421.3333333333333]
04/05/2022 16:10:40 PM - INFO - nowTs is [219234], lastTs is [218996]
04/05/2022 16:10:40 PM - INFO - [in this interval] loss-ratio is [0.0625]
04/05/2022 16:10:40 PM - INFO - [in this interval] group num is [8]
04/05/2022 16:10:40 PM - INFO - [in this interval] delayDelta from group is [[-5, -9, -9, -15, 6, 17, 19]]
04/05/2022 16:10:40 PM - INFO - sample List of accDelay : [[-6721.567551375316, -6732.710796237785, -6744.239716614007, -6756.615744952607, -6769.6541704573465, -6783.088753411612, -6797.279878070451, -6811.251890263406, -6825.126701237065, -6839.814031113358, -6853.2326280020225, -6864.10936520182, -6876.398428681638, -6887.958585813474, -6899.262727232126, -6910.336454508913, -6921.802809058022, -6931.52252815222, -6938.570275336998, -6943.013247803298]]
04/05/2022 16:10:40 PM - INFO - sample List of time: [[218488, 218496, 218512, 218527, 218542, 218558, 218566, 218585, 218613, 218620, 218638, 218671, 218698, 218732, 218752, 218773, 218809, 218819, 218855, 218907]]
04/05/2022 16:10:40 PM - INFO - update trend: [-0.5543896708008438]
04/05/2022 16:10:40 PM - INFO - estimateQueueDelayDuration [-133.0535209922025] = queueDelayDelta [-2.217558683203375] * numCount[1001]
04/05/2022 16:10:40 PM - INFO - [in this interval] signal is [Signal.UNDER_USE]
04/05/2022 16:10:40 PM - INFO - [in this interval] adaptiveThresholdGamma is [56.841903260566895]
04/05/2022 16:10:40 PM - INFO - [in this interval] state is [State.HOLD]
04/05/2022 16:10:40 PM - INFO - [in this interval] now real rate is [0.5977281947261663]mbps
04/05/2022 16:10:40 PM - INFO - [in this interval] now real rtt is [3338]
04/05/2022 16:10:40 PM - INFO - [in this interval] aimd control rate is [0.4964006325733741] mbps
04/05/2022 16:10:40 PM - INFO - [in this interval] delay-rate is [0.4964006325733741] mbps
04/05/2022 16:10:40 PM - INFO - average delay [1453.6666666666667]
04/05/2022 16:10:40 PM - INFO - average delay [1478.5]
04/05/2022 16:10:40 PM - INFO - average delay [1488.0]
04/05/2022 16:10:40 PM - INFO - average delay [1485.0]
04/05/2022 16:10:40 PM - INFO - nowTs is [219473], lastTs is [219234]
04/05/2022 16:10:40 PM - INFO - [in this interval] loss-ratio is [0.07142857142857142]
04/05/2022 16:10:40 PM - INFO - [in this interval] group num is [7]
04/05/2022 16:10:40 PM - INFO - [in this interval] delayDelta from group is [[3, -4, 0, -14, -7, 3]]
04/05/2022 16:10:40 PM - INFO - sample List of accDelay : [[-6797.279878070451, -6811.251890263406, -6825.126701237065, -6839.814031113358, -6853.2326280020225, -6864.10936520182, -6876.398428681638, -6887.958585813474, -6899.262727232126, -6910.336454508913, -6921.802809058022, -6931.52252815222, -6938.570275336998, -6943.013247803298, -6946.711923022968, -6950.440730720671, -6953.796657648604, -6958.216991883744, -6962.89529269537, -6966.805763425833]]
04/05/2022 16:10:40 PM - INFO - sample List of time: [[218566, 218585, 218613, 218620, 218638, 218671, 218698, 218732, 218752, 218773, 218809, 218819, 218855, 218907, 219014, 219057, 219088, 219118, 219134, 219167]]
04/05/2022 16:10:40 PM - INFO - update trend: [-0.2501485736961163]
04/05/2022 16:10:40 PM - INFO - estimateQueueDelayDuration [-60.03565768706792] = queueDelayDelta [-1.0005942947844653] * numCount[1001]
04/05/2022 16:10:40 PM - INFO - [in this interval] signal is [Signal.UNDER_USE]
04/05/2022 16:10:40 PM - INFO - [in this interval] adaptiveThresholdGamma is [60.03565768706792]
04/05/2022 16:10:40 PM - INFO - [in this interval] state is [State.HOLD]
04/05/2022 16:10:40 PM - INFO - [in this interval] now real rate is [0.40857494866529775]mbps
04/05/2022 16:10:40 PM - INFO - [in this interval] now real rtt is [3346]
04/05/2022 16:10:40 PM - INFO - [in this interval] aimd control rate is [0.4964006325733741] mbps
04/05/2022 16:10:40 PM - INFO - [in this interval] delay-rate is [0.4964006325733741] mbps
04/05/2022 16:10:40 PM - INFO - average delay [1466.0]
04/05/2022 16:10:40 PM - INFO - average delay [1463.3333333333333]
04/05/2022 16:10:40 PM - INFO - average delay [1468.25]
04/05/2022 16:10:40 PM - INFO - average delay [1469.25]
04/05/2022 16:10:40 PM - INFO - nowTs is [219700], lastTs is [219473]
04/05/2022 16:10:40 PM - INFO - [in this interval] loss-ratio is [0.0]
04/05/2022 16:10:40 PM - INFO - [in this interval] group num is [7]
04/05/2022 16:10:40 PM - INFO - [in this interval] delayDelta from group is [[0, 5, -1, 1, 6, -12]]
04/05/2022 16:10:40 PM - INFO - sample List of accDelay : [[-6876.398428681638, -6887.958585813474, -6899.262727232126, -6910.336454508913, -6921.802809058022, -6931.52252815222, -6938.570275336998, -6943.013247803298, -6946.711923022968, -6950.440730720671, -6953.796657648604, -6958.216991883744, -6962.89529269537, -6966.805763425833, -6970.32518708325, -6972.992668374925, -6975.493401537433, -6977.644061383689, -6978.97965524532, -6981.381689720788]]
04/05/2022 16:10:40 PM - INFO - sample List of time: [[218698, 218732, 218752, 218773, 218809, 218819, 218855, 218907, 219014, 219057, 219088, 219118, 219134, 219167, 219233, 219268, 219303, 219337, 219373, 219409]]
04/05/2022 16:10:40 PM - INFO - update trend: [-0.12682234747304225]
04/05/2022 16:10:40 PM - INFO - estimateQueueDelayDuration [-30.437363393530138] = queueDelayDelta [-0.507289389892169] * numCount[1001]
04/05/2022 16:10:40 PM - INFO - [in this interval] signal is [Signal.NORMAL]
04/05/2022 16:10:40 PM - INFO - [in this interval] adaptiveThresholdGamma is [59.50288838978424]
04/05/2022 16:10:40 PM - INFO - [in this interval] state is [State.INCREASE]
04/05/2022 16:10:40 PM - INFO - [in this interval] now real rate is [0.4031643002028397]mbps
04/05/2022 16:10:40 PM - INFO - [in this interval] now real rtt is [3340]
04/05/2022 16:10:40 PM - INFO - [in this interval] aimd control rate is [0.5005373045114855] mbps
04/05/2022 16:10:40 PM - INFO - [in this interval] delay-rate is [0.5005373045114855] mbps
04/05/2022 16:10:40 PM - INFO - average delay [1474.25]
04/05/2022 16:10:40 PM - INFO - average delay [1476.25]
04/05/2022 16:10:40 PM - INFO - average delay [1478.75]
04/05/2022 16:10:40 PM - INFO - average delay [1481.0]
04/05/2022 16:10:40 PM - INFO - nowTs is [219953], lastTs is [219700]
04/05/2022 16:10:40 PM - INFO - [in this interval] loss-ratio is [0.0]
04/05/2022 16:10:40 PM - INFO - [in this interval] group num is [8]
04/05/2022 16:10:40 PM - INFO - [in this interval] delayDelta from group is [[-1, 3, 1, 0, 5, -3, -4]]
04/05/2022 16:10:40 PM - INFO - sample List of accDelay : [[-6943.013247803298, -6946.711923022968, -6950.440730720671, -6953.796657648604, -6958.216991883744, -6962.89529269537, -6966.805763425833, -6970.32518708325, -6972.992668374925, -6975.493401537433, -6977.644061383689, -6978.97965524532, -6981.381689720788, -6983.643520748709, -6985.379168673838, -6986.841251806454, -6988.157126625809, -6988.841413963228, -6989.757272566905, -6990.981545310215]]
04/05/2022 16:10:40 PM - INFO - sample List of time: [[218907, 219014, 219057, 219088, 219118, 219134, 219167, 219233, 219268, 219303, 219337, 219373, 219409, 219444, 219478, 219511, 219547, 219582, 219617, 219649]]
04/05/2022 16:10:40 PM - INFO - update trend: [-0.06924966511378647]
04/05/2022 16:10:40 PM - INFO - estimateQueueDelayDuration [-16.619919627308754] = queueDelayDelta [-0.2769986604551459] * numCount[1000]
04/05/2022 16:10:40 PM - INFO - [in this interval] signal is [Signal.NORMAL]
04/05/2022 16:10:40 PM - INFO - [in this interval] adaptiveThresholdGamma is [58.73099495205968]
04/05/2022 16:10:40 PM - INFO - [in this interval] state is [State.INCREASE]
04/05/2022 16:10:40 PM - INFO - [in this interval] now real rate is [0.47141935483870967]mbps
04/05/2022 16:10:40 PM - INFO - [in this interval] now real rtt is [3366]
04/05/2022 16:10:40 PM - INFO - [in this interval] aimd control rate is [0.5047084487157478] mbps
04/05/2022 16:10:40 PM - INFO - [in this interval] delay-rate is [0.5047084487157478] mbps
04/05/2022 16:10:40 PM - INFO - average delay [1480.0]
04/05/2022 16:10:40 PM - INFO - average delay [1481.3333333333333]
04/05/2022 16:10:40 PM - INFO - average delay [1499.0]
04/05/2022 16:10:40 PM - INFO - average delay [1542.3333333333333]
04/05/2022 16:10:40 PM - INFO - nowTs is [220189], lastTs is [219953]
04/05/2022 16:10:40 PM - INFO - [in this interval] loss-ratio is [0.0]
04/05/2022 16:10:40 PM - INFO - [in this interval] group num is [6]
04/05/2022 16:10:40 PM - INFO - [in this interval] delayDelta from group is [[18, 26, 24, 22, 17]]
04/05/2022 16:10:40 PM - INFO - sample List of accDelay : [[-6962.89529269537, -6966.805763425833, -6970.32518708325, -6972.992668374925, -6975.493401537433, -6977.644061383689, -6978.97965524532, -6981.381689720788, -6983.643520748709, -6985.379168673838, -6986.841251806454, -6988.157126625809, -6988.841413963228, -6989.757272566905, -6990.981545310215, -6990.283390779193, -6987.055051701273, -6981.749546531146, -6974.774591878031, -6966.797132690228]]
04/05/2022 16:10:40 PM - INFO - sample List of time: [[219134, 219167, 219233, 219268, 219303, 219337, 219373, 219409, 219444, 219478, 219511, 219547, 219582, 219617, 219649, 219714, 219767, 219808, 219847, 219884]]
04/05/2022 16:10:40 PM - INFO - update trend: [-0.0177300964097717]
04/05/2022 16:10:40 PM - INFO - estimateQueueDelayDuration [-4.255223138345208] = queueDelayDelta [-0.0709203856390868] * numCount[1001]
04/05/2022 16:10:40 PM - INFO - [in this interval] signal is [Signal.NORMAL]
04/05/2022 16:10:40 PM - INFO - [in this interval] adaptiveThresholdGamma is [57.75043105941282]
04/05/2022 16:10:40 PM - INFO - [in this interval] state is [State.INCREASE]
04/05/2022 16:10:40 PM - INFO - [in this interval] now real rate is [0.532597137014315]mbps
04/05/2022 16:10:40 PM - INFO - [in this interval] now real rtt is [3588]
04/05/2022 16:10:40 PM - INFO - [in this interval] aimd control rate is [0.5089143524550457] mbps
04/05/2022 16:10:40 PM - INFO - [in this interval] delay-rate is [0.5089143524550457] mbps
04/05/2022 16:10:40 PM - INFO - average delay [1579.5]
04/05/2022 16:10:40 PM - INFO - average delay [1608.25]
04/05/2022 16:10:40 PM - INFO - average delay [1605.2]
04/05/2022 16:10:40 PM - INFO - average delay [1595.0]
04/05/2022 16:10:40 PM - INFO - nowTs is [220431], lastTs is [220189]
04/05/2022 16:10:40 PM - INFO - [in this interval] loss-ratio is [0.0]
04/05/2022 16:10:40 PM - INFO - [in this interval] group num is [10]
04/05/2022 16:10:40 PM - INFO - [in this interval] delayDelta from group is [[6, 4, -6, 0, -8, -8, -3, -7, -16]]
04/05/2022 16:10:40 PM - INFO - sample List of accDelay : [[-6985.379168673838, -6986.841251806454, -6988.157126625809, -6988.841413963228, -6989.757272566905, -6990.981545310215, -6990.283390779193, -6987.055051701273, -6981.749546531146, -6974.774591878031, -6966.797132690228, -6959.017419421205, -6951.615677479084, -6945.554109731175, -6940.098698758057, -6935.988828882251, -6933.0899459940265, -6930.780951394624, -6929.402856255161, -6929.762570629646]]
04/05/2022 16:10:40 PM - INFO - sample List of time: [[219478, 219511, 219547, 219582, 219617, 219649, 219714, 219767, 219808, 219847, 219884, 219931, 219947, 219976, 220005, 220035, 220062, 220089, 220116, 220144]]
04/05/2022 16:10:40 PM - INFO - update trend: [0.10593550437780856]
04/05/2022 16:10:40 PM - INFO - estimateQueueDelayDuration [25.424521050674056] = queueDelayDelta [0.42374201751123425] * numCount[1000]
04/05/2022 16:10:40 PM - INFO - [in this interval] signal is [Signal.NORMAL]
04/05/2022 16:10:40 PM - INFO - [in this interval] adaptiveThresholdGamma is [57.16856467925552]
04/05/2022 16:10:40 PM - INFO - [in this interval] state is [State.INCREASE]
04/05/2022 16:10:40 PM - INFO - [in this interval] now real rate is [0.5923245436105476]mbps
04/05/2022 16:10:40 PM - INFO - [in this interval] now real rtt is [3532]
04/05/2022 16:10:40 PM - INFO - [in this interval] aimd control rate is [0.5131553053921711] mbps
04/05/2022 16:10:40 PM - INFO - [in this interval] delay-rate is [0.5131553053921711] mbps
04/05/2022 16:10:40 PM - INFO - average delay [1578.2]
04/05/2022 16:10:40 PM - INFO - average delay [1566.25]
04/05/2022 16:10:40 PM - INFO - average delay [1567.8333333333333]
04/05/2022 16:10:40 PM - INFO - average delay [1582.6666666666667]
04/05/2022 16:10:40 PM - INFO - nowTs is [220674], lastTs is [220431]
04/05/2022 16:10:40 PM - INFO - [in this interval] loss-ratio is [0.0]
04/05/2022 16:10:40 PM - INFO - [in this interval] group num is [10]
04/05/2022 16:10:40 PM - INFO - [in this interval] delayDelta from group is [[-2, -7, 12, 3, 13, 3, -13, -5, 1]]
04/05/2022 16:10:40 PM - INFO - sample List of accDelay : [[-6974.774591878031, -6966.797132690228, -6959.017419421205, -6951.615677479084, -6945.554109731175, -6940.098698758057, -6935.988828882251, -6933.0899459940265, -6930.780951394624, -6929.402856255161, -6929.762570629646, -6930.286313566681, -6931.457682210013, -6931.311913989012, -6930.880722590111, -6929.1926503311, -6927.373385297989, -6927.03604676819, -6927.232442091371, -6927.309197882234]]
04/05/2022 16:10:40 PM - INFO - sample List of time: [[219847, 219884, 219931, 219947, 219976, 220005, 220035, 220062, 220089, 220116, 220144, 220171, 220199, 220227, 220249, 220282, 220335, 220358, 220380, 220390]]
04/05/2022 16:10:40 PM - INFO - update trend: [0.070548701329626]
04/05/2022 16:10:40 PM - INFO - estimateQueueDelayDuration [16.93168831911024] = queueDelayDelta [0.282194805318504] * numCount[1001]
04/05/2022 16:10:40 PM - INFO - [in this interval] signal is [Signal.NORMAL]
04/05/2022 16:10:40 PM - INFO - [in this interval] adaptiveThresholdGamma is [56.4443009047729]
04/05/2022 16:10:40 PM - INFO - [in this interval] state is [State.INCREASE]
04/05/2022 16:10:40 PM - INFO - [in this interval] now real rate is [0.6518268041237113]mbps
04/05/2022 16:10:40 PM - INFO - [in this interval] now real rtt is [3558]
04/05/2022 16:10:40 PM - INFO - [in this interval] aimd control rate is [0.5174315996037726] mbps
04/05/2022 16:10:40 PM - INFO - [in this interval] delay-rate is [0.5174315996037726] mbps
04/05/2022 16:10:40 PM - INFO - average delay [1583.8333333333333]
04/05/2022 16:10:40 PM - INFO - average delay [1587.0]
04/05/2022 16:10:40 PM - INFO - average delay [1609.3333333333333]
04/05/2022 16:10:40 PM - INFO - average delay [1630.3333333333333]
04/05/2022 16:10:40 PM - INFO - nowTs is [220904], lastTs is [220674]
04/05/2022 16:10:40 PM - INFO - [in this interval] loss-ratio is [0.0]
04/05/2022 16:10:40 PM - INFO - [in this interval] group num is [5]
04/05/2022 16:10:40 PM - INFO - [in this interval] delayDelta from group is [[25, 23, 22, 15]]
04/05/2022 16:10:40 PM - INFO - sample List of accDelay : [[-6945.554109731175, -6940.098698758057, -6935.988828882251, -6933.0899459940265, -6930.780951394624, -6929.402856255161, -6929.762570629646, -6930.286313566681, -6931.457682210013, -6931.311913989012, -6930.880722590111, -6929.1926503311, -6927.373385297989, -6927.03604676819, -6927.232442091371, -6927.309197882234, -6924.878278094011, -6920.39045028461, -6914.151405256149, -6907.036264730535]]
04/05/2022 16:10:40 PM - INFO - sample List of time: [[219976, 220005, 220035, 220062, 220089, 220116, 220144, 220171, 220199, 220227, 220249, 220282, 220335, 220358, 220380, 220390, 220421, 220481, 220534, 220586]]
04/05/2022 16:10:40 PM - INFO - update trend: [0.0412580039454256]
04/05/2022 16:10:40 PM - INFO - estimateQueueDelayDuration [9.901920946902145] = queueDelayDelta [0.1650320157817024] * numCount[1001]
04/05/2022 16:10:40 PM - INFO - [in this interval] signal is [Signal.NORMAL]
04/05/2022 16:10:40 PM - INFO - [in this interval] adaptiveThresholdGamma is [55.606538065531225]
04/05/2022 16:10:40 PM - INFO - [in this interval] state is [State.INCREASE]
04/05/2022 16:10:40 PM - INFO - [in this interval] now real rate is [0.5360328542094456]mbps
04/05/2022 16:10:40 PM - INFO - [in this interval] now real rtt is [3748]
04/05/2022 16:10:40 PM - INFO - [in this interval] aimd control rate is [0.5217435296004707] mbps
04/05/2022 16:10:40 PM - INFO - [in this interval] delay-rate is [0.5217435296004707] mbps
04/05/2022 16:10:40 PM - INFO - average delay [1661.3333333333333]
04/05/2022 16:10:40 PM - INFO - average delay [1699.0]
04/05/2022 16:10:40 PM - INFO - average delay [1700.0]
04/05/2022 16:10:40 PM - INFO - average delay [1658.5]
04/05/2022 16:10:40 PM - INFO - nowTs is [221146], lastTs is [220904]
04/05/2022 16:10:40 PM - INFO - [in this interval] loss-ratio is [0.16666666666666666]
04/05/2022 16:10:40 PM - INFO - [in this interval] group num is [9]
04/05/2022 16:10:40 PM - INFO - [in this interval] delayDelta from group is [[4, 0, -14, -21, -5, -5, -10, 20]]
04/05/2022 16:10:40 PM - INFO - sample List of accDelay : [[-6931.457682210013, -6931.311913989012, -6930.880722590111, -6929.1926503311, -6927.373385297989, -6927.03604676819, -6927.232442091371, -6927.309197882234, -6924.878278094011, -6920.39045028461, -6914.151405256149, -6907.036264730535, -6900.232638257481, -6894.109374431733, -6889.998436988561, -6888.398593289704, -6887.458733960733, -6887.11286056466, -6887.801574508194, -6886.421417057374]]
04/05/2022 16:10:40 PM - INFO - sample List of time: [[220199, 220227, 220249, 220282, 220335, 220358, 220380, 220390, 220421, 220481, 220534, 220586, 220674, 220703, 220733, 220749, 220763, 220793, 220823, 220843]]
04/05/2022 16:10:40 PM - INFO - update trend: [0.08279141166269566]
04/05/2022 16:10:40 PM - INFO - estimateQueueDelayDuration [19.869938799046956] = queueDelayDelta [0.33116564665078263] * numCount[1001]
04/05/2022 16:10:40 PM - INFO - [in this interval] signal is [Signal.NORMAL]
04/05/2022 16:10:40 PM - INFO - [in this interval] adaptiveThresholdGamma is [54.96327927873451]
04/05/2022 16:10:40 PM - INFO - [in this interval] state is [State.INCREASE]
04/05/2022 16:10:40 PM - INFO - [in this interval] now real rate is [0.4506288032454361]mbps
04/05/2022 16:10:40 PM - INFO - [in this interval] now real rtt is [3742]
04/05/2022 16:10:40 PM - INFO - [in this interval] aimd control rate is [0.5260913923471413] mbps
04/05/2022 16:10:40 PM - INFO - [in this interval] delay-rate is [0.5260913923471413] mbps
04/05/2022 16:10:40 PM - INFO - average delay [1661.0]
04/05/2022 16:10:40 PM - INFO - average delay [1675.5]
04/05/2022 16:10:40 PM - INFO - average delay [1645.6666666666667]
04/05/2022 16:10:40 PM - INFO - average delay [1635.3333333333333]
04/05/2022 16:10:40 PM - INFO - nowTs is [221390], lastTs is [221146]
04/05/2022 16:10:40 PM - INFO - [in this interval] loss-ratio is [0.3333333333333333]
04/05/2022 16:10:40 PM - INFO - [in this interval] group num is [8]
04/05/2022 16:10:40 PM - INFO - [in this interval] delayDelta from group is [[-19, -12, -8, -9, 7, 0, 16]]
04/05/2022 16:10:40 PM - INFO - sample List of accDelay : [[-6927.309197882234, -6924.878278094011, -6920.39045028461, -6914.151405256149, -6907.036264730535, -6900.232638257481, -6894.109374431733, -6889.998436988561, -6888.398593289704, -6887.458733960733, -6887.11286056466, -6887.801574508194, -6886.421417057374, -6887.079275351637, -6888.871347816474, -6891.284213034826, -6894.355791731344, -6896.42021255821, -6898.278191302389, -6898.35037217215]]
04/05/2022 16:10:40 PM - INFO - sample List of time: [[220390, 220421, 220481, 220534, 220586, 220674, 220703, 220733, 220749, 220763, 220793, 220823, 220843, 220902, 220923, 220946, 220968, 220994, 221036, 221066]]
04/05/2022 16:10:40 PM - INFO - update trend: [0.049007924591374215]
04/05/2022 16:10:40 PM - INFO - estimateQueueDelayDuration [11.76190190192981] = queueDelayDelta [0.19603169836549686] * numCount[1000]
04/05/2022 16:10:40 PM - INFO - [in this interval] signal is [Signal.NORMAL]
04/05/2022 16:10:40 PM - INFO - [in this interval] adaptiveThresholdGamma is [54.18565448595203]
04/05/2022 16:10:40 PM - INFO - [in this interval] state is [State.INCREASE]
04/05/2022 16:10:40 PM - INFO - [in this interval] now real rate is [0.4274074074074074]mbps
04/05/2022 16:10:40 PM - INFO - [in this interval] now real rtt is [3720]
04/05/2022 16:10:40 PM - INFO - [in this interval] aimd control rate is [0.5304754872833675] mbps
04/05/2022 16:10:40 PM - INFO - [in this interval] delay-rate is [0.5304754872833675] mbps
04/05/2022 16:10:40 PM - INFO - average delay [1646.3333333333333]
04/05/2022 16:10:40 PM - INFO - average delay [1668.5]
04/05/2022 16:10:40 PM - INFO - average delay [1698.5]
04/05/2022 16:10:40 PM - INFO - average delay [1709.6666666666667]
04/05/2022 16:10:40 PM - INFO - nowTs is [221617], lastTs is [221390]
04/05/2022 16:10:40 PM - INFO - [in this interval] loss-ratio is [0.0]
04/05/2022 16:10:40 PM - INFO - [in this interval] group num is [5]
04/05/2022 16:10:40 PM - INFO - [in this interval] delayDelta from group is [[30, 7, 6, -2]]
04/05/2022 16:10:40 PM - INFO - sample List of accDelay : [[-6907.036264730535, -6900.232638257481, -6894.109374431733, -6889.998436988561, -6888.398593289704, -6887.458733960733, -6887.11286056466, -6887.801574508194, -6886.421417057374, -6887.079275351637, -6888.871347816474, -6891.284213034826, -6894.355791731344, -6896.42021255821, -6898.278191302389, -6898.35037217215, -6895.415334954935, -6892.073801459442, -6888.466421313497, -6885.419779182148]]
04/05/2022 16:10:40 PM - INFO - sample List of time: [[220586, 220674, 220703, 220733, 220749, 220763, 220793, 220823, 220843, 220902, 220923, 220946, 220968, 220994, 221036, 221066, 221178, 221238, 221280, 221321]]
04/05/2022 16:10:40 PM - INFO - update trend: [0.006213177805123206]
04/05/2022 16:10:40 PM - INFO - estimateQueueDelayDuration [1.4911626732295695] = queueDelayDelta [0.024852711220492825] * numCount[1000]
04/05/2022 16:10:40 PM - INFO - [in this interval] signal is [Signal.NORMAL]
04/05/2022 16:10:40 PM - INFO - [in this interval] adaptiveThresholdGamma is [53.237153633323025]
04/05/2022 16:10:40 PM - INFO - [in this interval] state is [State.INCREASE]
04/05/2022 16:10:40 PM - INFO - [in this interval] now real rate is [0.3628874734607219]mbps
04/05/2022 16:10:40 PM - INFO - [in this interval] now real rtt is [3844]
04/05/2022 16:10:40 PM - INFO - [in this interval] aimd control rate is [0.5348961163440622] mbps
04/05/2022 16:10:40 PM - INFO - [in this interval] delay-rate is [0.5348961163440622] mbps
04/05/2022 16:10:40 PM - INFO - average delay [1718.3333333333333]
04/05/2022 16:10:40 PM - INFO - average delay [1737.3333333333333]
04/05/2022 16:10:40 PM - INFO - average delay [1747.6666666666667]
04/05/2022 16:10:40 PM - INFO - average delay [1763.6666666666667]
04/05/2022 16:10:40 PM - INFO - nowTs is [221871], lastTs is [221617]
04/05/2022 16:10:40 PM - INFO - [in this interval] loss-ratio is [0.0]
04/05/2022 16:10:40 PM - INFO - [in this interval] group num is [6]
04/05/2022 16:10:40 PM - INFO - [in this interval] delayDelta from group is [[7, 9, 18, 14, 15]]
04/05/2022 16:10:40 PM - INFO - sample List of accDelay : [[-6887.458733960733, -6887.11286056466, -6887.801574508194, -6886.421417057374, -6887.079275351637, -6888.871347816474, -6891.284213034826, -6894.355791731344, -6896.42021255821, -6898.278191302389, -6898.35037217215, -6895.415334954935, -6892.073801459442, -6888.466421313497, -6885.419779182148, -6881.977801263933, -6877.98002113754, -6872.5820190237855, -6866.323817121407, -6859.191435409267]]
04/05/2022 16:10:40 PM - INFO - sample List of time: [[220763, 220793, 220823, 220843, 220902, 220923, 220946, 220968, 220994, 221036, 221066, 221178, 221238, 221280, 221321, 221365, 221407, 221451, 221499, 221548]]
04/05/2022 16:10:40 PM - INFO - update trend: [0.026613554609105323]
04/05/2022 16:10:40 PM - INFO - estimateQueueDelayDuration [6.387253106185278] = queueDelayDelta [0.10645421843642129] * numCount[1001]
04/05/2022 16:10:40 PM - INFO - [in this interval] signal is [Signal.NORMAL]
04/05/2022 16:10:40 PM - INFO - [in this interval] adaptiveThresholdGamma is [52.393855423834545]
04/05/2022 16:10:40 PM - INFO - [in this interval] state is [State.INCREASE]
04/05/2022 16:10:40 PM - INFO - [in this interval] now real rate is [0.38494802494802494]mbps
04/05/2022 16:10:40 PM - INFO - [in this interval] now real rtt is [4002]
04/05/2022 16:10:40 PM - INFO - [in this interval] aimd control rate is [0.5393535839802627] mbps
04/05/2022 16:10:40 PM - INFO - [in this interval] delay-rate is [0.5393535839802627] mbps
04/05/2022 16:10:40 PM - INFO - average delay [1789.3333333333333]
04/05/2022 16:10:40 PM - INFO - average delay [1811.0]
04/05/2022 16:10:40 PM - INFO - average delay [1824.0]
04/05/2022 16:10:40 PM - INFO - average delay [1838.3333333333333]
04/05/2022 16:10:40 PM - INFO - nowTs is [222111], lastTs is [221871]
04/05/2022 16:10:40 PM - INFO - [in this interval] loss-ratio is [0.0]
04/05/2022 16:10:40 PM - INFO - [in this interval] group num is [5]
04/05/2022 16:10:40 PM - INFO - [in this interval] delayDelta from group is [[11, 13, 17, 14]]
04/05/2022 16:10:40 PM - INFO - sample List of accDelay : [[-6887.079275351637, -6888.871347816474, -6891.284213034826, -6894.355791731344, -6896.42021255821, -6898.278191302389, -6898.35037217215, -6895.415334954935, -6892.073801459442, -6888.466421313497, -6885.419779182148, -6881.977801263933, -6877.98002113754, -6872.5820190237855, -6866.323817121407, -6859.191435409267, -6851.67229186834, -6843.605062681506, -6834.644556413355, -6825.18010077202]]
04/05/2022 16:10:40 PM - INFO - sample List of time: [[220902, 220923, 220946, 220968, 220994, 221036, 221066, 221178, 221238, 221280, 221321, 221365, 221407, 221451, 221499, 221548, 221648, 221694, 221742, 221789]]
04/05/2022 16:10:40 PM - INFO - update trend: [0.06890487313226198]
04/05/2022 16:10:40 PM - INFO - estimateQueueDelayDuration [16.537169551742878] = queueDelayDelta [0.27561949252904794] * numCount[1001]
04/05/2022 16:10:40 PM - INFO - [in this interval] signal is [Signal.NORMAL]
04/05/2022 16:10:40 PM - INFO - [in this interval] adaptiveThresholdGamma is [51.74843507813689]
04/05/2022 16:10:40 PM - INFO - [in this interval] state is [State.INCREASE]
04/05/2022 16:10:40 PM - INFO - [in this interval] now real rate is [0.41956275303643725]mbps
04/05/2022 16:10:40 PM - INFO - [in this interval] now real rtt is [4152]
04/05/2022 16:10:40 PM - INFO - [in this interval] aimd control rate is [0.5438481971800981] mbps
04/05/2022 16:10:40 PM - INFO - [in this interval] delay-rate is [0.5438481971800981] mbps
04/05/2022 16:10:40 PM - INFO - average delay [1865.0]
04/05/2022 16:10:40 PM - INFO - average delay [1871.6666666666665]
04/05/2022 16:10:40 PM - INFO - average delay [1880.5]
04/05/2022 16:10:40 PM - INFO - average delay [1886.25]
04/05/2022 16:10:40 PM - INFO - nowTs is [222331], lastTs is [222111]
04/05/2022 16:10:40 PM - INFO - [in this interval] loss-ratio is [0.0]
04/05/2022 16:10:40 PM - INFO - [in this interval] group num is [6]
04/05/2022 16:10:40 PM - INFO - [in this interval] delayDelta from group is [[8, 3, 3, 8, 1]]
04/05/2022 16:10:40 PM - INFO - sample List of accDelay : [[-6898.278191302389, -6898.35037217215, -6895.415334954935, -6892.073801459442, -6888.466421313497, -6885.419779182148, -6881.977801263933, -6877.98002113754, -6872.5820190237855, -6866.323817121407, -6859.191435409267, -6851.67229186834, -6843.605062681506, -6834.644556413355, -6825.18010077202, -6815.862090694817, -6807.175881625335, -6799.058293462801, -6790.952464116521, -6783.557217704869]]
04/05/2022 16:10:40 PM - INFO - sample List of time: [[221036, 221066, 221178, 221238, 221280, 221321, 221365, 221407, 221451, 221499, 221548, 221648, 221694, 221742, 221789, 221875, 221913, 221951, 221989, 222027]]
04/05/2022 16:10:40 PM - INFO - update trend: [0.11988947885800269]
04/05/2022 16:10:40 PM - INFO - estimateQueueDelayDuration [28.773474925920645] = queueDelayDelta [0.47955791543201076] * numCount[1000]
04/05/2022 16:10:40 PM - INFO - [in this interval] signal is [Signal.NORMAL]
04/05/2022 16:10:40 PM - INFO - [in this interval] adaptiveThresholdGamma is [51.334885795397]
04/05/2022 16:10:40 PM - INFO - [in this interval] state is [State.INCREASE]
04/05/2022 16:10:40 PM - INFO - [in this interval] now real rate is [0.48225979381443296]mbps
04/05/2022 16:10:40 PM - INFO - [in this interval] now real rtt is [4202]
04/05/2022 16:10:40 PM - INFO - [in this interval] aimd control rate is [0.5483802654899322] mbps
04/05/2022 16:10:40 PM - INFO - [in this interval] delay-rate is [0.5483802654899322] mbps
04/05/2022 16:10:40 PM - INFO - average delay [1895.6666666666665]
04/05/2022 16:10:40 PM - INFO - average delay [1927.5]
04/05/2022 16:10:40 PM - INFO - average delay [1958.0]
04/05/2022 16:10:40 PM - INFO - average delay [1987.5]
04/05/2022 16:10:40 PM - INFO - nowTs is [222575], lastTs is [222331]
04/05/2022 16:10:40 PM - INFO - [in this interval] loss-ratio is [0.0]
04/05/2022 16:10:40 PM - INFO - [in this interval] group num is [5]
04/05/2022 16:10:40 PM - INFO - [in this interval] delayDelta from group is [[28, 32, 25, -2]]
04/05/2022 16:10:40 PM - INFO - sample List of accDelay : [[-6888.466421313497, -6885.419779182148, -6881.977801263933, -6877.98002113754, -6872.5820190237855, -6866.323817121407, -6859.191435409267, -6851.67229186834, -6843.605062681506, -6834.644556413355, -6825.18010077202, -6815.862090694817, -6807.175881625335, -6799.058293462801, -6790.952464116521, -6783.557217704869, -6774.101495934382, -6762.3913463409435, -6749.352211706849, -6737.816990536164]]
04/05/2022 16:10:40 PM - INFO - sample List of time: [[221280, 221321, 221365, 221407, 221451, 221499, 221548, 221648, 221694, 221742, 221789, 221875, 221913, 221951, 221989, 222027, 222089, 222152, 222214, 222274]]
04/05/2022 16:10:40 PM - INFO - update trend: [0.15239761661711054]
04/05/2022 16:10:40 PM - INFO - estimateQueueDelayDuration [36.57542798810653] = queueDelayDelta [0.6095904664684422] * numCount[1000]
04/05/2022 16:10:40 PM - INFO - [in this interval] signal is [Signal.NORMAL]
04/05/2022 16:10:40 PM - INFO - [in this interval] adaptiveThresholdGamma is [51.06921555486577]
04/05/2022 16:10:40 PM - INFO - [in this interval] state is [State.INCREASE]
04/05/2022 16:10:40 PM - INFO - [in this interval] now real rate is [0.456327868852459]mbps
04/05/2022 16:10:40 PM - INFO - [in this interval] now real rtt is [4420]
04/05/2022 16:10:40 PM - INFO - [in this interval] aimd control rate is [0.5529501010356817] mbps
04/05/2022 16:10:40 PM - INFO - [in this interval] delay-rate is [0.5529501010356817] mbps
04/05/2022 16:10:40 PM - INFO - average delay [2003.3333333333335]
04/05/2022 16:10:40 PM - INFO - average delay [2036.0]
04/05/2022 16:10:40 PM - INFO - average delay [2053.0]
04/05/2022 16:10:40 PM - INFO - average delay [2077.5]
04/05/2022 16:10:40 PM - INFO - nowTs is [222819], lastTs is [222575]
04/05/2022 16:10:40 PM - INFO - [in this interval] loss-ratio is [0.0]
04/05/2022 16:10:40 PM - INFO - [in this interval] group num is [6]
04/05/2022 16:10:40 PM - INFO - [in this interval] delayDelta from group is [[27, 23, -2, 3, -1]]
04/05/2022 16:10:40 PM - INFO - sample List of accDelay : [[-6866.323817121407, -6859.191435409267, -6851.67229186834, -6843.605062681506, -6834.644556413355, -6825.18010077202, -6815.862090694817, -6807.175881625335, -6799.058293462801, -6790.952464116521, -6783.557217704869, -6774.101495934382, -6762.3913463409435, -6749.352211706849, -6737.816990536164, -6724.735291482547, -6710.661762334292, -6698.195586100863, -6686.6760274907765, -6676.408424741699]]
04/05/2022 16:10:40 PM - INFO - sample List of time: [[221499, 221548, 221648, 221694, 221742, 221789, 221875, 221913, 221951, 221989, 222027, 222089, 222152, 222214, 222274, 222331, 222388, 222446, 222479, 222512]]
04/05/2022 16:10:40 PM - INFO - update trend: [0.18756234063361754]
04/05/2022 16:10:40 PM - INFO - estimateQueueDelayDuration [45.01496175206821] = queueDelayDelta [0.7502493625344702] * numCount[1001]
04/05/2022 16:10:40 PM - INFO - [in this interval] signal is [Signal.NORMAL]
04/05/2022 16:10:40 PM - INFO - [in this interval] adaptiveThresholdGamma is [50.96023898641541]
04/05/2022 16:10:40 PM - INFO - [in this interval] state is [State.INCREASE]
04/05/2022 16:10:40 PM - INFO - [in this interval] now real rate is [0.44781967213114754]mbps
04/05/2022 16:10:40 PM - INFO - [in this interval] now real rtt is [4568]
04/05/2022 16:10:40 PM - INFO - [in this interval] aimd control rate is [0.5575580185443123] mbps
04/05/2022 16:10:40 PM - INFO - [in this interval] delay-rate is [0.5575580185443123] mbps
04/05/2022 16:10:40 PM - INFO - average delay [2078.75]
04/05/2022 16:10:40 PM - INFO - average delay [2062.75]
04/05/2022 16:10:40 PM - INFO - average delay [2014.0]
04/05/2022 16:10:40 PM - INFO - average delay [1993.0]
04/05/2022 16:10:40 PM - INFO - nowTs is [223054], lastTs is [222819]
04/05/2022 16:10:40 PM - INFO - [in this interval] loss-ratio is [0.3684210526315789]
04/05/2022 16:10:40 PM - INFO - [in this interval] group num is [8]
04/05/2022 16:10:40 PM - INFO - [in this interval] delayDelta from group is [[-8, -41, -22, -9, -8, 3, -9]]
04/05/2022 16:10:40 PM - INFO - sample List of accDelay : [[-6807.175881625335, -6799.058293462801, -6790.952464116521, -6783.557217704869, -6774.101495934382, -6762.3913463409435, -6749.352211706849, -6737.816990536164, -6724.735291482547, -6710.661762334292, -6698.195586100863, -6686.6760274907765, -6676.408424741699, -6667.967582267529, -6664.470824040776, -6663.523741636699, -6663.571367473029, -6664.414230725726, -6664.872807653153, -6666.185526887838]]
04/05/2022 16:10:40 PM - INFO - sample List of time: [[221913, 221951, 221989, 222027, 222089, 222152, 222214, 222274, 222331, 222388, 222446, 222479, 222512, 222580, 222597, 222631, 222674, 222695, 222717, 222760]]
04/05/2022 16:10:40 PM - INFO - update trend: [0.18763792439066257]
04/05/2022 16:10:40 PM - INFO - estimateQueueDelayDuration [45.033101853759014] = queueDelayDelta [0.7505516975626503] * numCount[1000]
04/05/2022 16:10:40 PM - INFO - [in this interval] signal is [Signal.NORMAL]
04/05/2022 16:10:40 PM - INFO - [in this interval] adaptiveThresholdGamma is [50.853550518027596]
04/05/2022 16:10:40 PM - INFO - [in this interval] state is [State.INCREASE]
04/05/2022 16:10:40 PM - INFO - [in this interval] now real rate is [0.561035490605428]mbps
04/05/2022 16:10:40 PM - INFO - [in this interval] now real rtt is [4378]
04/05/2022 16:10:40 PM - INFO - [in this interval] aimd control rate is [0.562204335365515] mbps
04/05/2022 16:10:40 PM - INFO - [in this interval] delay-rate is [0.562204335365515] mbps
04/05/2022 16:10:40 PM - INFO - average delay [1989.3333333333335]
04/05/2022 16:10:40 PM - INFO - average delay [1998.0]
04/05/2022 16:10:40 PM - INFO - average delay [1949.0]
04/05/2022 16:10:40 PM - INFO - average delay [1904.6]
04/05/2022 16:10:40 PM - INFO - nowTs is [223308], lastTs is [223054]
04/05/2022 16:10:40 PM - INFO - [in this interval] loss-ratio is [0.5]
04/05/2022 16:10:40 PM - INFO - [in this interval] group num is [15]
04/05/2022 16:10:40 PM - INFO - [in this interval] delayDelta from group is [[-9, 3, -15, -43, -24, 0, -4, 1, -15, -24, -9, -55, -14, -20]]
04/05/2022 16:10:40 PM - INFO - sample List of accDelay : [[-6664.470824040776, -6663.523741636699, -6663.571367473029, -6664.414230725726, -6664.872807653153, -6666.185526887838, -6668.266974199054, -6669.840276779149, -6672.756249101233, -6679.68062419111, -6688.312561771999, -6696.081305594798, -6703.4731750353185, -6710.025857531787, -6717.423271778608, -6726.4809446007475, -6735.532850140673, -6749.179565126606, -6762.861608613945, -6777.17544775255]]
04/05/2022 16:10:40 PM - INFO - sample List of time: [[222597, 222631, 222674, 222695, 222717, 222760, 222803, 222824, 222862, 222877, 222899, 222910, 222920, 222931, 222942, 222957, 222973, 222989, 223004, 223020]]
04/05/2022 16:10:40 PM - INFO - update trend: [-0.2388819214524024]
04/05/2022 16:10:40 PM - INFO - estimateQueueDelayDuration [-57.33166114857657] = queueDelayDelta [-0.9555276858096096] * numCount[1000]
04/05/2022 16:10:40 PM - INFO - [in this interval] signal is [Signal.UNDER_USE]
04/05/2022 16:10:40 PM - INFO - [in this interval] adaptiveThresholdGamma is [57.33166114857657]
04/05/2022 16:10:40 PM - INFO - [in this interval] state is [State.HOLD]
04/05/2022 16:10:40 PM - INFO - [in this interval] now real rate is [0.6575869120654397]mbps
04/05/2022 16:10:40 PM - INFO - [in this interval] now real rtt is [3956]
04/05/2022 16:10:40 PM - INFO - [in this interval] aimd control rate is [0.562204335365515] mbps
04/05/2022 16:10:40 PM - INFO - [in this interval] delay-rate is [0.562204335365515] mbps
04/05/2022 16:10:40 PM - INFO - average delay [1813.75]
04/05/2022 16:10:40 PM - INFO - average delay [1753.3333333333333]
04/05/2022 16:10:40 PM - INFO - average delay [1746.0]
04/05/2022 16:10:40 PM - INFO - average delay [1722.6666666666667]
04/05/2022 16:10:40 PM - INFO - nowTs is [223539], lastTs is [223308]
04/05/2022 16:10:40 PM - INFO - [in this interval] loss-ratio is [0.42105263157894735]
04/05/2022 16:10:40 PM - INFO - [in this interval] group num is [8]
04/05/2022 16:10:40 PM - INFO - [in this interval] delayDelta from group is [[-9, 2, -15, -3, 2, -39, 2]]
04/05/2022 16:10:40 PM - INFO - sample List of accDelay : [[-6669.840276779149, -6672.756249101233, -6679.68062419111, -6688.312561771999, -6696.081305594798, -6703.4731750353185, -6710.025857531787, -6717.423271778608, -6726.4809446007475, -6735.532850140673, -6749.179565126606, -6762.861608613945, -6777.17544775255, -6790.957902977295, -6803.162112679565, -6815.645901411609, -6827.181311270448, -6837.363180143403, -6850.426862129063, -6861.984175916156]]
04/05/2022 16:10:40 PM - INFO - sample List of time: [[222824, 222862, 222877, 222899, 222910, 222920, 222931, 222942, 222957, 222973, 222989, 223004, 223020, 223056, 223077, 223119, 223139, 223161, 223203, 223224]]
04/05/2022 16:10:40 PM - INFO - update trend: [-0.5334993543981914]
04/05/2022 16:10:40 PM - INFO - estimateQueueDelayDuration [-128.03984505556593] = queueDelayDelta [-2.1339974175927656] * numCount[1001]
04/05/2022 16:10:40 PM - INFO - [in this interval] signal is [Signal.UNDER_USE]
04/05/2022 16:10:40 PM - INFO - [in this interval] adaptiveThresholdGamma is [57.33166114857657]
04/05/2022 16:10:40 PM - INFO - [in this interval] state is [State.HOLD]
04/05/2022 16:10:40 PM - INFO - [in this interval] now real rate is [0.6319175257731959]mbps
04/05/2022 16:10:40 PM - INFO - [in this interval] now real rtt is [3808]
04/05/2022 16:10:40 PM - INFO - [in this interval] aimd control rate is [0.562204335365515] mbps
04/05/2022 16:10:40 PM - INFO - [in this interval] delay-rate is [0.562204335365515] mbps
04/05/2022 16:10:40 PM - INFO - average delay [1698.0]
04/05/2022 16:10:40 PM - INFO - average delay [1682.3333333333333]
04/05/2022 16:10:40 PM - INFO - average delay [1653.6666666666667]
04/05/2022 16:10:40 PM - INFO - average delay [1647.0]
04/05/2022 16:10:40 PM - INFO - nowTs is [223787], lastTs is [223539]
04/05/2022 16:10:40 PM - INFO - [in this interval] loss-ratio is [0.3684210526315789]
04/05/2022 16:10:40 PM - INFO - [in this interval] group num is [10]
04/05/2022 16:10:40 PM - INFO - [in this interval] delayDelta from group is [[-10, -15, -14, 6, -10, 2, -4, -13, -14]]
04/05/2022 16:10:40 PM - INFO - sample List of accDelay : [[-6735.532850140673, -6749.179565126606, -6762.861608613945, -6777.17544775255, -6790.957902977295, -6803.162112679565, -6815.645901411609, -6827.181311270448, -6837.363180143403, -6850.426862129063, -6861.984175916156, -6873.38575832454, -6885.147182492085, -6897.132464242877, -6907.319217818589, -6917.48729603673, -6926.4385664330575, -6934.894709789752, -6943.805238810776, -6953.224714929699]]
04/05/2022 16:10:40 PM - INFO - sample List of time: [[222973, 222989, 223004, 223020, 223056, 223077, 223119, 223139, 223161, 223203, 223224, 223286, 223306, 223326, 223347, 223388, 223408, 223450, 223471, 223493]]
04/05/2022 16:10:40 PM - INFO - update trend: [-0.3935115872417843]
04/05/2022 16:10:40 PM - INFO - estimateQueueDelayDuration [-94.44278093802824] = queueDelayDelta [-1.5740463489671372] * numCount[1000]
04/05/2022 16:10:40 PM - INFO - [in this interval] signal is [Signal.UNDER_USE]
04/05/2022 16:10:40 PM - INFO - [in this interval] adaptiveThresholdGamma is [57.33166114857657]
04/05/2022 16:10:40 PM - INFO - [in this interval] state is [State.HOLD]
04/05/2022 16:10:40 PM - INFO - [in this interval] now real rate is [0.5657651821862348]mbps
04/05/2022 16:10:40 PM - INFO - [in this interval] now real rtt is [3644]
04/05/2022 16:10:40 PM - INFO - [in this interval] aimd control rate is [0.562204335365515] mbps
04/05/2022 16:10:40 PM - INFO - [in this interval] delay-rate is [0.562204335365515] mbps
04/05/2022 16:10:40 PM - INFO - average delay [1635.6666666666667]
04/05/2022 16:10:40 PM - INFO - average delay [1622.3333333333333]
04/05/2022 16:10:40 PM - INFO - average delay [1618.6666666666667]
04/05/2022 16:10:40 PM - INFO - average delay [1636.0]
04/05/2022 16:10:40 PM - INFO - nowTs is [224033], lastTs is [223787]
04/05/2022 16:10:40 PM - INFO - [in this interval] loss-ratio is [0.3125]
04/05/2022 16:10:40 PM - INFO - [in this interval] group num is [7]
04/05/2022 16:10:40 PM - INFO - [in this interval] delayDelta from group is [[-9, 3, 22, 8, -9, -8]]
04/05/2022 16:10:40 PM - INFO - sample List of accDelay : [[-6815.645901411609, -6827.181311270448, -6837.363180143403, -6850.426862129063, -6861.984175916156, -6873.38575832454, -6885.147182492085, -6897.132464242877, -6907.319217818589, -6917.48729603673, -6926.4385664330575, -6934.894709789752, -6943.805238810776, -6953.224714929699, -6962.602243436729, -6970.742019093055, -6975.86781718375, -6979.681035465374, -6984.012931918837, -6988.711638726953]]
04/05/2022 16:10:40 PM - INFO - sample List of time: [[223119, 223139, 223161, 223203, 223224, 223286, 223306, 223326, 223347, 223388, 223408, 223450, 223471, 223493, 223558, 223579, 223622, 223674, 223717, 223738]]
04/05/2022 16:10:40 PM - INFO - update trend: [-0.28412044012035176]
04/05/2022 16:10:40 PM - INFO - estimateQueueDelayDuration [-68.18890562888443] = queueDelayDelta [-1.136481760481407] * numCount[1000]
04/05/2022 16:10:40 PM - INFO - [in this interval] signal is [Signal.UNDER_USE]
04/05/2022 16:10:40 PM - INFO - [in this interval] adaptiveThresholdGamma is [68.18890562888443]
04/05/2022 16:10:40 PM - INFO - [in this interval] state is [State.HOLD]
04/05/2022 16:10:40 PM - INFO - [in this interval] now real rate is [0.5240161943319838]mbps
04/05/2022 16:10:40 PM - INFO - [in this interval] now real rtt is [3676]
04/05/2022 16:10:40 PM - INFO - [in this interval] aimd control rate is [0.562204335365515] mbps
04/05/2022 16:10:40 PM - INFO - [in this interval] delay-rate is [0.562204335365515] mbps
04/05/2022 16:10:40 PM - INFO - average delay [1646.3333333333333]
04/05/2022 16:10:40 PM - INFO - average delay [1653.0]
04/05/2022 16:10:40 PM - INFO - average delay [1636.3333333333333]
04/05/2022 16:10:40 PM - INFO - average delay [1661.0]
04/05/2022 16:10:40 PM - INFO - nowTs is [224261], lastTs is [224033]
04/05/2022 16:10:40 PM - INFO - [in this interval] loss-ratio is [0.5555555555555556]
04/05/2022 16:10:40 PM - INFO - [in this interval] group num is [7]
04/05/2022 16:10:40 PM - INFO - [in this interval] delayDelta from group is [[-12, -12, 26, 0, 0, 5]]
04/05/2022 16:10:40 PM - INFO - sample List of accDelay : [[-6885.147182492085, -6897.132464242877, -6907.319217818589, -6917.48729603673, -6926.4385664330575, -6934.894709789752, -6943.805238810776, -6953.224714929699, -6962.602243436729, -6970.742019093055, -6975.86781718375, -6979.681035465374, -6984.012931918837, -6988.711638726953, -6994.140474854258, -7000.226427368832, -7003.103784631949, -7005.693406168753, -7008.024065551878, -7009.62165899669]]
04/05/2022 16:10:40 PM - INFO - sample List of time: [[223306, 223326, 223347, 223388, 223408, 223450, 223471, 223493, 223558, 223579, 223622, 223674, 223717, 223738, 223781, 223804, 223827, 223883, 223918, 223953]]
04/05/2022 16:10:40 PM - INFO - update trend: [-0.18384308595349094]
04/05/2022 16:10:40 PM - INFO - estimateQueueDelayDuration [-44.122340628837826] = queueDelayDelta [-0.7353723438139638] * numCount[1000]
04/05/2022 16:10:40 PM - INFO - [in this interval] signal is [Signal.NORMAL]
04/05/2022 16:10:40 PM - INFO - [in this interval] adaptiveThresholdGamma is [67.75570745888359]
04/05/2022 16:10:40 PM - INFO - [in this interval] state is [State.INCREASE]
04/05/2022 16:10:40 PM - INFO - [in this interval] now real rate is [0.40874343434343435]mbps
04/05/2022 16:10:40 PM - INFO - [in this interval] now real rtt is [3732]
04/05/2022 16:10:40 PM - INFO - [in this interval] aimd control rate is [0.566889371493561] mbps
04/05/2022 16:10:40 PM - INFO - [in this interval] delay-rate is [0.566889371493561] mbps
04/05/2022 16:10:40 PM - INFO - average delay [1663.5]
04/05/2022 16:10:40 PM - INFO - average delay [1684.0]
04/05/2022 16:10:40 PM - INFO - average delay [1716.6666666666667]
04/05/2022 16:10:40 PM - INFO - average delay [1720.3333333333333]
04/05/2022 16:10:40 PM - INFO - nowTs is [224503], lastTs is [224261]
04/05/2022 16:10:40 PM - INFO - [in this interval] loss-ratio is [0.4666666666666667]
04/05/2022 16:10:40 PM - INFO - [in this interval] group num is [5]
04/05/2022 16:10:40 PM - INFO - [in this interval] delayDelta from group is [[-2, -1, 22, -6]]
04/05/2022 16:10:40 PM - INFO - sample List of accDelay : [[-6926.4385664330575, -6934.894709789752, -6943.805238810776, -6953.224714929699, -6962.602243436729, -6970.742019093055, -6975.86781718375, -6979.681035465374, -6984.012931918837, -6988.711638726953, -6994.140474854258, -7000.226427368832, -7003.103784631949, -7005.693406168753, -7008.024065551878, -7009.62165899669, -7011.259493097021, -7012.833543787318, -7012.050189408586, -7011.945170467728]]
04/05/2022 16:10:40 PM - INFO - sample List of time: [[223408, 223450, 223471, 223493, 223558, 223579, 223622, 223674, 223717, 223738, 223781, 223804, 223827, 223883, 223918, 223953, 224087, 224115, 224144, 224201]]
04/05/2022 16:10:40 PM - INFO - update trend: [-0.10512839182228341]
04/05/2022 16:10:40 PM - INFO - estimateQueueDelayDuration [-25.23081403734802] = queueDelayDelta [-0.42051356728913364] * numCount[1000]
04/05/2022 16:10:40 PM - INFO - [in this interval] signal is [Signal.NORMAL]
04/05/2022 16:10:40 PM - INFO - [in this interval] adaptiveThresholdGamma is [66.99025937729596]
04/05/2022 16:10:40 PM - INFO - [in this interval] state is [State.INCREASE]
04/05/2022 16:10:40 PM - INFO - [in this interval] now real rate is [0.3119349593495935]mbps
04/05/2022 16:10:40 PM - INFO - [in this interval] now real rtt is [3876]
04/05/2022 16:10:40 PM - INFO - [in this interval] aimd control rate is [0.5716134495893406] mbps
04/05/2022 16:10:40 PM - INFO - [in this interval] delay-rate is [0.5716134495893406] mbps
04/05/2022 16:10:40 PM - INFO - average delay [1732.6666666666667]
04/05/2022 16:10:40 PM - INFO - average delay [1742.5]
04/05/2022 16:10:40 PM - INFO - average delay [1752.75]
04/05/2022 16:10:40 PM - INFO - average delay [1752.0]
04/05/2022 16:10:40 PM - INFO - nowTs is [224749], lastTs is [224503]
04/05/2022 16:10:40 PM - INFO - [in this interval] loss-ratio is [0.23809523809523808]
04/05/2022 16:10:40 PM - INFO - [in this interval] group num is [8]
04/05/2022 16:10:40 PM - INFO - [in this interval] delayDelta from group is [[1, 11, -4, 6, 6, 1, -15]]
04/05/2022 16:10:40 PM - INFO - sample List of accDelay : [[-6979.681035465374, -6984.012931918837, -6988.711638726953, -6994.140474854258, -7000.226427368832, -7003.103784631949, -7005.693406168753, -7008.024065551878, -7009.62165899669, -7011.259493097021, -7012.833543787318, -7012.050189408586, -7011.945170467728, -7011.750653420955, -7010.47558807886, -7009.728029270974, -7008.455226343876, -7006.709703709488, -7005.03873333854, -7005.0348600046855]]
04/05/2022 16:10:40 PM - INFO - sample List of time: [[223674, 223717, 223738, 223781, 223804, 223827, 223883, 223918, 223953, 224087, 224115, 224144, 224201, 224245, 224276, 224322, 224353, 224384, 224430, 224461]]
04/05/2022 16:10:40 PM - INFO - update trend: [-0.025727708776721363]
04/05/2022 16:10:40 PM - INFO - estimateQueueDelayDuration [-6.174650106413127] = queueDelayDelta [-0.10291083510688545] * numCount[1001]
04/05/2022 16:10:40 PM - INFO - [in this interval] signal is [Signal.NORMAL]
04/05/2022 16:10:40 PM - INFO - [in this interval] adaptiveThresholdGamma is [65.89557841042007]
04/05/2022 16:10:40 PM - INFO - [in this interval] state is [State.INCREASE]
04/05/2022 16:10:40 PM - INFO - [in this interval] now real rate is [0.4549344262295082]mbps
04/05/2022 16:10:40 PM - INFO - [in this interval] now real rtt is [3908]
04/05/2022 16:10:40 PM - INFO - [in this interval] aimd control rate is [0.5763768950025852] mbps
04/05/2022 16:10:40 PM - INFO - [in this interval] delay-rate is [0.5763768950025852] mbps
04/05/2022 16:10:40 PM - INFO - average delay [1761.25]
04/05/2022 16:10:40 PM - INFO - average delay [1755.25]
04/05/2022 16:10:40 PM - INFO - average delay [1745.0]
04/05/2022 16:10:40 PM - INFO - average delay [1742.0]
04/05/2022 16:10:40 PM - INFO - nowTs is [224974], lastTs is [224749]
04/05/2022 16:10:40 PM - INFO - [in this interval] loss-ratio is [0.5714285714285714]
04/05/2022 16:10:40 PM - INFO - [in this interval] group num is [8]
04/05/2022 16:10:40 PM - INFO - [in this interval] delayDelta from group is [[0, -5, -15, 3, -5, 34, 3]]
04/05/2022 16:10:40 PM - INFO - sample List of accDelay : [[-7008.024065551878, -7009.62165899669, -7011.259493097021, -7012.833543787318, -7012.050189408586, -7011.945170467728, -7011.750653420955, -7010.47558807886, -7009.728029270974, -7008.455226343876, -7006.709703709488, -7005.03873333854, -7005.0348600046855, -7005.0313740042175, -7005.528236603795, -7007.475412943416, -7008.927871649074, -7010.735084484167, -7008.96157603575, -7007.065418432176]]
04/05/2022 16:10:40 PM - INFO - sample List of time: [[223918, 223953, 224087, 224115, 224144, 224201, 224245, 224276, 224322, 224353, 224384, 224430, 224461, 224491, 224521, 224551, 224566, 224604, 224619, 224673]]
04/05/2022 16:10:40 PM - INFO - update trend: [0.005622024126540608]
04/05/2022 16:10:40 PM - INFO - estimateQueueDelayDuration [1.3492857903697457] = queueDelayDelta [0.02248809650616243] * numCount[1000]
04/05/2022 16:10:40 PM - INFO - [in this interval] signal is [Signal.NORMAL]
04/05/2022 16:10:40 PM - INFO - [in this interval] adaptiveThresholdGamma is [64.73374514325917]
04/05/2022 16:10:40 PM - INFO - [in this interval] state is [State.INCREASE]
04/05/2022 16:10:40 PM - INFO - [in this interval] now real rate is [0.55712]mbps
04/05/2022 16:10:40 PM - INFO - [in this interval] now real rtt is [3958]
04/05/2022 16:10:40 PM - INFO - [in this interval] aimd control rate is [0.5795789888637106] mbps
04/05/2022 16:10:40 PM - INFO - [in this interval] delay-rate is [0.5795789888637106] mbps
04/05/2022 16:10:40 PM - INFO - average delay [1777.5]
04/05/2022 16:10:40 PM - INFO - average delay [1796.0]
04/05/2022 16:10:40 PM - INFO - average delay [1832.3333333333333]
04/05/2022 16:10:40 PM - INFO - average delay [1877.6666666666665]
04/05/2022 16:10:40 PM - INFO - nowTs is [225208], lastTs is [224974]
04/05/2022 16:10:40 PM - INFO - [in this interval] loss-ratio is [0.3076923076923077]
04/05/2022 16:10:40 PM - INFO - [in this interval] group num is [4]
04/05/2022 16:10:40 PM - INFO - [in this interval] delayDelta from group is [[21, 6, 25]]
04/05/2022 16:10:40 PM - INFO - sample List of accDelay : [[-7012.833543787318, -7012.050189408586, -7011.945170467728, -7011.750653420955, -7010.47558807886, -7009.728029270974, -7008.455226343876, -7006.709703709488, -7005.03873333854, -7005.0348600046855, -7005.0313740042175, -7005.528236603795, -7007.475412943416, -7008.927871649074, -7010.735084484167, -7008.96157603575, -7007.065418432176, -7003.258876588958, -6999.232988930063, -6993.109690037057]]
04/05/2022 16:10:40 PM - INFO - sample List of time: [[224115, 224144, 224201, 224245, 224276, 224322, 224353, 224384, 224430, 224461, 224491, 224521, 224551, 224566, 224604, 224619, 224673, 224818, 224854, 224875]]
04/05/2022 16:10:40 PM - INFO - update trend: [0.016763318705523316]
04/05/2022 16:10:40 PM - INFO - estimateQueueDelayDuration [4.023196489325596] = queueDelayDelta [0.06705327482209326] * numCount[1001]
04/05/2022 16:10:40 PM - INFO - [in this interval] signal is [Signal.NORMAL]
04/05/2022 16:10:40 PM - INFO - [in this interval] adaptiveThresholdGamma is [63.640955267488366]
04/05/2022 16:10:40 PM - INFO - [in this interval] state is [State.INCREASE]
04/05/2022 16:10:40 PM - INFO - [in this interval] now real rate is [0.4647852760736196]mbps
04/05/2022 16:10:40 PM - INFO - [in this interval] now real rtt is [4216]
04/05/2022 16:10:40 PM - INFO - [in this interval] aimd control rate is [0.5827988721351758] mbps
04/05/2022 16:10:40 PM - INFO - [in this interval] delay-rate is [0.5827988721351758] mbps
04/05/2022 16:10:40 PM - INFO - average delay [1891.3333333333335]
04/05/2022 16:10:40 PM - INFO - average delay [1929.3333333333335]
04/05/2022 16:10:40 PM - INFO - average delay [1921.5]
04/05/2022 16:10:40 PM - INFO - nowTs is [225409], lastTs is [225208]
04/05/2022 16:10:40 PM - INFO - [in this interval] loss-ratio is [0.5]
04/05/2022 16:10:40 PM - INFO - [in this interval] group num is [10]
04/05/2022 16:10:40 PM - INFO - [in this interval] delayDelta from group is [[-5, 0, -2, -15, -2, -7, -12, -12, -2]]
04/05/2022 16:10:40 PM - INFO - sample List of accDelay : [[-7005.0348600046855, -7005.0313740042175, -7005.528236603795, -7007.475412943416, -7008.927871649074, -7010.735084484167, -7008.96157603575, -7007.065418432176, -7003.258876588958, -6999.232988930063, -6993.109690037057, -6988.0987210333515, -6983.588848930017, -6979.729964037016, -6977.756967633314, -6976.181270869983, -6975.463143782984, -6976.016829404685, -6977.7151464642175, -6979.443631817796]]
04/05/2022 16:10:40 PM - INFO - sample List of time: [[224461, 224491, 224521, 224551, 224566, 224604, 224619, 224673, 224818, 224854, 224875, 225003, 225023, 225053, 225061, 225071, 225089, 225097, 225110, 225123]]
04/05/2022 16:10:40 PM - INFO - update trend: [0.052915650397942895]
04/05/2022 16:10:40 PM - INFO - estimateQueueDelayDuration [12.699756095506295] = queueDelayDelta [0.21166260159177158] * numCount[1000]
04/05/2022 16:10:40 PM - INFO - [in this interval] signal is [Signal.NORMAL]
04/05/2022 16:10:40 PM - INFO - [in this interval] adaptiveThresholdGamma is [62.72401368239269]
04/05/2022 16:10:40 PM - INFO - [in this interval] state is [State.INCREASE]
04/05/2022 16:10:40 PM - INFO - [in this interval] now real rate is [0.48753413654618477]mbps
04/05/2022 16:10:40 PM - INFO - [in this interval] now real rtt is [4158]
04/05/2022 16:10:40 PM - INFO - [in this interval] aimd control rate is [0.5860366436470378] mbps
04/05/2022 16:10:40 PM - INFO - [in this interval] delay-rate is [0.5860366436470378] mbps
04/05/2022 16:10:40 PM - INFO - average delay [1895.5]
04/05/2022 16:10:40 PM - INFO - average delay [1847.7142857142858]
04/05/2022 16:10:40 PM - INFO - average delay [1813.8]
04/05/2022 16:10:40 PM - INFO - average delay [1834.3333333333333]
04/05/2022 16:10:40 PM - INFO - nowTs is [225635], lastTs is [225409]
04/05/2022 16:10:40 PM - INFO - [in this interval] loss-ratio is [0.45161290322580644]
04/05/2022 16:10:40 PM - INFO - [in this interval] group num is [12]
04/05/2022 16:10:40 PM - INFO - [in this interval] delayDelta from group is [[-9, 1, -19, -8, -8, -15, 8, 26, 4, -26, 3]]
04/05/2022 16:10:40 PM - INFO - sample List of accDelay : [[-6988.0987210333515, -6983.588848930017, -6979.729964037016, -6977.756967633314, -6976.181270869983, -6975.463143782984, -6976.016829404685, -6977.7151464642175, -6979.443631817796, -6981.899268636016, -6984.009341772415, -6987.808407595173, -6992.027566835655, -6996.6248101520905, -7002.262329136882, -7006.536096223193, -7007.782486600874, -7008.504237940787, -7011.753814146708, -7014.378432732037]]
04/05/2022 16:10:40 PM - INFO - sample List of time: [[225003, 225023, 225053, 225061, 225071, 225089, 225097, 225110, 225123, 225145, 225161, 225177, 225193, 225205, 225212, 225232, 225255, 225301, 225325, 225339]]
04/05/2022 16:10:40 PM - INFO - update trend: [-0.11974613439418023]
04/05/2022 16:10:40 PM - INFO - estimateQueueDelayDuration [-28.739072254603258] = queueDelayDelta [-0.47898453757672094] * numCount[1001]
04/05/2022 16:10:40 PM - INFO - [in this interval] signal is [Signal.NORMAL]
04/05/2022 16:10:40 PM - INFO - [in this interval] adaptiveThresholdGamma is [62.11228473669248]
04/05/2022 16:10:40 PM - INFO - [in this interval] state is [State.INCREASE]
04/05/2022 16:10:40 PM - INFO - [in this interval] now real rate is [0.6349240246406571]mbps
04/05/2022 16:10:40 PM - INFO - [in this interval] now real rtt is [4040]
04/05/2022 16:10:40 PM - INFO - [in this interval] aimd control rate is [0.5892924027784102] mbps
04/05/2022 16:10:40 PM - INFO - [in this interval] delay-rate is [0.5892924027784102] mbps
04/05/2022 16:10:40 PM - INFO - average delay [1826.6666666666667]
04/05/2022 16:10:40 PM - INFO - average delay [1819.6666666666667]
04/05/2022 16:10:40 PM - INFO - average delay [1822.0]
04/05/2022 16:10:40 PM - INFO - average delay [1868.0]
04/05/2022 16:10:40 PM - INFO - nowTs is [225898], lastTs is [225635]
04/05/2022 16:10:40 PM - INFO - [in this interval] loss-ratio is [0.18181818181818182]
04/05/2022 16:10:40 PM - INFO - [in this interval] group num is [7]
04/05/2022 16:10:40 PM - INFO - [in this interval] delayDelta from group is [[-11, -6, 23, 22, 22, 19]]
04/05/2022 16:10:40 PM - INFO - sample List of accDelay : [[-6976.016829404685, -6977.7151464642175, -6979.443631817796, -6981.899268636016, -6984.009341772415, -6987.808407595173, -6992.027566835655, -6996.6248101520905, -7002.262329136882, -7006.536096223193, -7007.782486600874, -7008.504237940787, -7011.753814146708, -7014.378432732037, -7017.840589458833, -7021.55653051295, -7022.600877461655, -7021.340789715489, -7018.006710743941, -7013.106039669547]]
04/05/2022 16:10:40 PM - INFO - sample List of time: [[225097, 225110, 225123, 225145, 225161, 225177, 225193, 225205, 225212, 225232, 225255, 225301, 225325, 225339, 225386, 225410, 225434, 225497, 225529, 225561]]
04/05/2022 16:10:40 PM - INFO - update trend: [-0.10002146376011065]
04/05/2022 16:10:40 PM - INFO - estimateQueueDelayDuration [-24.005151302426555] = queueDelayDelta [-0.4000858550404426] * numCount[1001]
04/05/2022 16:10:40 PM - INFO - [in this interval] signal is [Signal.NORMAL]
04/05/2022 16:10:40 PM - INFO - [in this interval] adaptiveThresholdGamma is [61.42635633487569]
04/05/2022 16:10:40 PM - INFO - [in this interval] state is [State.INCREASE]
04/05/2022 16:10:40 PM - INFO - [in this interval] now real rate is [0.5313701431492842]mbps
04/05/2022 16:10:40 PM - INFO - [in this interval] now real rtt is [4196]
04/05/2022 16:10:40 PM - INFO - [in this interval] aimd control rate is [0.5925662494605125] mbps
04/05/2022 16:10:40 PM - INFO - [in this interval] delay-rate is [0.5925662494605125] mbps
04/05/2022 16:10:40 PM - INFO - average delay [1884.5]
04/05/2022 16:10:40 PM - INFO - average delay [1882.5]
04/05/2022 16:10:40 PM - INFO - average delay [1823.8]
04/05/2022 16:10:40 PM - INFO - average delay [1737.4]
04/05/2022 16:10:40 PM - INFO - nowTs is [226104], lastTs is [225898]
04/05/2022 16:10:40 PM - INFO - [in this interval] loss-ratio is [0.5172413793103449]
04/05/2022 16:10:40 PM - INFO - [in this interval] group num is [14]
04/05/2022 16:10:40 PM - INFO - [in this interval] delayDelta from group is [[-5, -16, -21, -21, -15, -24, -21, -16, -22, -52, -23, -23, -17]]
04/05/2022 16:10:40 PM - INFO - sample List of accDelay : [[-7014.378432732037, -7017.840589458833, -7021.55653051295, -7022.600877461655, -7021.340789715489, -7018.006710743941, -7013.106039669547, -7009.195435702592, -7007.275892132333, -7007.6483029190995, -7010.08347262719, -7013.775125364471, -7019.497612828023, -7026.747851545221, -7034.873066390699, -7044.385759751629, -7058.147183776466, -7072.832465398819, -7088.349218858938, -7104.014296973044]]
04/05/2022 16:10:40 PM - INFO - sample List of time: [[225339, 225386, 225410, 225434, 225497, 225529, 225561, 225657, 225672, 225686, 225700, 225714, 225729, 225740, 225754, 225768, 225781, 225794, 225806, 225818]]
04/05/2022 16:10:40 PM - INFO - update trend: [-0.10009561821256753]
04/05/2022 16:10:40 PM - INFO - estimateQueueDelayDuration [-24.022948371016206] = queueDelayDelta [-0.4003824728502701] * numCount[1000]
04/05/2022 16:10:40 PM - INFO - [in this interval] signal is [Signal.NORMAL]
04/05/2022 16:10:40 PM - INFO - [in this interval] adaptiveThresholdGamma is [60.75309499152622]
04/05/2022 16:10:40 PM - INFO - [in this interval] state is [State.INCREASE]
04/05/2022 16:10:40 PM - INFO - [in this interval] now real rate is [0.5179837398373984]mbps
04/05/2022 16:10:40 PM - INFO - [in this interval] now real rtt is [3618]
04/05/2022 16:10:40 PM - INFO - [in this interval] aimd control rate is [0.5958582841797375] mbps
04/05/2022 16:10:40 PM - INFO - [in this interval] delay-rate is [0.5958582841797375] mbps
04/05/2022 16:10:40 PM - INFO - average delay [1656.0]
04/05/2022 16:10:40 PM - INFO - average delay [1631.5]
04/05/2022 16:10:40 PM - INFO - average delay [1639.5]
04/05/2022 16:10:40 PM - INFO - nowTs is [226305], lastTs is [226104]
04/05/2022 16:10:40 PM - INFO - [in this interval] loss-ratio is [0.4]
04/05/2022 16:10:40 PM - INFO - [in this interval] group num is [6]
04/05/2022 16:10:40 PM - INFO - [in this interval] delayDelta from group is [[1, 4, 7, 0, 7]]
04/05/2022 16:10:40 PM - INFO - sample List of accDelay : [[-7018.006710743941, -7013.106039669547, -7009.195435702592, -7007.275892132333, -7007.6483029190995, -7010.08347262719, -7013.775125364471, -7019.497612828023, -7026.747851545221, -7034.873066390699, -7044.385759751629, -7058.147183776466, -7072.832465398819, -7088.349218858938, -7104.014296973044, -7118.012867275739, -7130.211580548165, -7140.490422493349, -7149.741380244014, -7157.367242219612]]
04/05/2022 16:10:40 PM - INFO - sample List of time: [[225529, 225561, 225657, 225672, 225686, 225700, 225714, 225729, 225740, 225754, 225768, 225781, 225794, 225806, 225818, 225863, 225894, 225928, 225965, 226000]]
04/05/2022 16:10:40 PM - INFO - update trend: [-0.4003681248936575]
04/05/2022 16:10:40 PM - INFO - estimateQueueDelayDuration [-96.0883499744778] = queueDelayDelta [-1.60147249957463] * numCount[1001]
04/05/2022 16:10:40 PM - INFO - [in this interval] signal is [Signal.UNDER_USE]
04/05/2022 16:10:40 PM - INFO - [in this interval] adaptiveThresholdGamma is [60.75309499152622]
04/05/2022 16:10:40 PM - INFO - [in this interval] state is [State.HOLD]
04/05/2022 16:10:40 PM - INFO - [in this interval] now real rate is [0.4770276008492569]mbps
04/05/2022 16:10:40 PM - INFO - [in this interval] now real rtt is [3700]
04/05/2022 16:10:40 PM - INFO - [in this interval] aimd control rate is [0.5958582841797375] mbps
04/05/2022 16:10:40 PM - INFO - [in this interval] delay-rate is [0.5958582841797375] mbps
04/05/2022 16:10:40 PM - INFO - average delay [1646.5]
04/05/2022 16:10:40 PM - INFO - average delay [1670.0]
04/05/2022 16:10:40 PM - INFO - average delay [1681.0]
04/05/2022 16:10:40 PM - INFO - average delay [1685.25]
04/05/2022 16:10:40 PM - INFO - nowTs is [226550], lastTs is [226305]
04/05/2022 16:10:40 PM - INFO - [in this interval] loss-ratio is [0.0]
04/05/2022 16:10:40 PM - INFO - [in this interval] group num is [11]
04/05/2022 16:10:40 PM - INFO - [in this interval] delayDelta from group is [[18, -17, 5, 1, 7, -4, 8, -17, -11, -8]]
04/05/2022 16:10:40 PM - INFO - sample List of accDelay : [[-7044.385759751629, -7058.147183776466, -7072.832465398819, -7088.349218858938, -7104.014296973044, -7118.012867275739, -7130.211580548165, -7140.490422493349, -7149.741380244014, -7157.367242219612, -7162.430517997652, -7168.687466197886, -7173.818719578097, -7178.336847620288, -7181.703162858259, -7185.132846572433, -7187.41956191519, -7191.177605723671, -7195.659845151304, -7200.493860636173]]
04/05/2022 16:10:40 PM - INFO - sample List of time: [[225768, 225781, 225794, 225806, 225818, 225863, 225894, 225928, 225965, 226000, 226065, 226113, 226131, 226146, 226162, 226179, 226195, 226213, 226231, 226260]]
04/05/2022 16:10:40 PM - INFO - update trend: [-0.26761180141141083]
04/05/2022 16:10:40 PM - INFO - estimateQueueDelayDuration [-64.2268323387386] = queueDelayDelta [-1.0704472056456433] * numCount[1001]
04/05/2022 16:10:40 PM - INFO - [in this interval] signal is [Signal.UNDER_USE]
04/05/2022 16:10:40 PM - INFO - [in this interval] adaptiveThresholdGamma is [64.2268323387386]
04/05/2022 16:10:40 PM - INFO - [in this interval] state is [State.HOLD]
04/05/2022 16:10:40 PM - INFO - [in this interval] now real rate is [0.49282258064516127]mbps
04/05/2022 16:10:40 PM - INFO - [in this interval] now real rtt is [3710]
04/05/2022 16:10:40 PM - INFO - [in this interval] aimd control rate is [0.5958582841797375] mbps
04/05/2022 16:10:40 PM - INFO - [in this interval] delay-rate is [0.5958582841797375] mbps
04/05/2022 16:10:40 PM - INFO - average delay [1661.0]
04/05/2022 16:10:40 PM - INFO - average delay [1639.0]
04/05/2022 16:10:40 PM - INFO - average delay [1629.5]
04/05/2022 16:10:40 PM - INFO - average delay [1622.75]
04/05/2022 16:10:40 PM - INFO - nowTs is [226779], lastTs is [226550]
04/05/2022 16:10:40 PM - INFO - [in this interval] loss-ratio is [0.07142857142857142]
04/05/2022 16:10:40 PM - INFO - [in this interval] group num is [12]
04/05/2022 16:10:40 PM - INFO - [in this interval] delayDelta from group is [[-4, -19, -6, 15, -14, -1, -3, 4, -4, -6, -1]]
04/05/2022 16:10:40 PM - INFO - sample List of accDelay : [[-7168.687466197886, -7173.818719578097, -7178.336847620288, -7181.703162858259, -7185.132846572433, -7187.41956191519, -7191.177605723671, -7195.659845151304, -7200.493860636173, -7205.244474572556, -7211.4200271153, -7217.5780244037705, -7221.620221963394, -7226.658199767055, -7231.2923797903495, -7235.763141811314, -7239.386827630183, -7243.048144867164, -7246.943330380448, -7250.548997342404]]
04/05/2022 16:10:40 PM - INFO - sample List of time: [[226113, 226131, 226146, 226162, 226179, 226195, 226213, 226231, 226260, 226290, 226306, 226322, 226336, 226366, 226382, 226396, 226413, 226427, 226443, 226472]]
04/05/2022 16:10:40 PM - INFO - update trend: [-0.23155548222977052]
04/05/2022 16:10:40 PM - INFO - estimateQueueDelayDuration [-55.573315735144924] = queueDelayDelta [-0.9262219289190821] * numCount[1000]
04/05/2022 16:10:40 PM - INFO - [in this interval] signal is [Signal.NORMAL]
04/05/2022 16:10:40 PM - INFO - [in this interval] adaptiveThresholdGamma is [64.07106903987392]
04/05/2022 16:10:40 PM - INFO - [in this interval] state is [State.INCREASE]
04/05/2022 16:10:40 PM - INFO - [in this interval] now real rate is [0.594042194092827]mbps
04/05/2022 16:10:40 PM - INFO - [in this interval] now real rtt is [3628]
04/05/2022 16:10:40 PM - INFO - [in this interval] aimd control rate is [0.599168607980736] mbps
04/05/2022 16:10:40 PM - INFO - [in this interval] delay-rate is [0.599168607980736] mbps
04/05/2022 16:10:40 PM - INFO - average delay [1614.5]
04/05/2022 16:10:40 PM - INFO - average delay [1626.5]
04/05/2022 16:10:40 PM - INFO - average delay [1644.5]
04/05/2022 16:10:40 PM - INFO - average delay [1650.3333333333333]
04/05/2022 16:10:40 PM - INFO - nowTs is [227034], lastTs is [226779]
04/05/2022 16:10:40 PM - INFO - [in this interval] loss-ratio is [0.35714285714285715]
04/05/2022 16:10:40 PM - INFO - [in this interval] group num is [9]
04/05/2022 16:10:40 PM - INFO - [in this interval] delayDelta from group is [[13, 17, -11, 13, 8, -9, -8, -4]]
04/05/2022 16:10:40 PM - INFO - sample List of accDelay : [[-7200.493860636173, -7205.244474572556, -7211.4200271153, -7217.5780244037705, -7221.620221963394, -7226.658199767055, -7231.2923797903495, -7235.763141811314, -7239.386827630183, -7243.048144867164, -7246.943330380448, -7250.548997342404, -7252.494097608163, -7252.544687847348, -7253.690219062612, -7253.421197156351, -7252.379077440716, -7252.341169696644, -7253.107052726979, -7254.196347454281]]
04/05/2022 16:10:40 PM - INFO - sample List of time: [[226260, 226290, 226306, 226322, 226336, 226366, 226382, 226396, 226413, 226427, 226443, 226472, 226542, 226570, 226597, 226631, 226654, 226682, 226708, 226735]]
04/05/2022 16:10:40 PM - INFO - update trend: [-0.1042322582263909]
04/05/2022 16:10:40 PM - INFO - estimateQueueDelayDuration [-25.015741974333817] = queueDelayDelta [-0.4169290329055636] * numCount[1000]
04/05/2022 16:10:40 PM - INFO - [in this interval] signal is [Signal.NORMAL]
04/05/2022 16:10:40 PM - INFO - [in this interval] adaptiveThresholdGamma is [63.368073152694194]
04/05/2022 16:10:40 PM - INFO - [in this interval] state is [State.INCREASE]
04/05/2022 16:10:40 PM - INFO - [in this interval] now real rate is [0.47550413223140503]mbps
04/05/2022 16:10:40 PM - INFO - [in this interval] now real rtt is [3678]
04/05/2022 16:10:40 PM - INFO - [in this interval] aimd control rate is [0.6024973224695179] mbps
04/05/2022 16:10:40 PM - INFO - [in this interval] delay-rate is [0.6024973224695179] mbps
04/05/2022 16:10:40 PM - INFO - average delay [1644.3333333333333]
04/05/2022 16:10:40 PM - INFO - average delay [1659.5]
04/05/2022 16:10:40 PM - INFO - average delay [1676.5]
04/05/2022 16:10:40 PM - INFO - average delay [1685.0]
04/05/2022 16:10:40 PM - INFO - nowTs is [227258], lastTs is [227034]
04/05/2022 16:10:40 PM - INFO - [in this interval] loss-ratio is [0.125]
04/05/2022 16:10:40 PM - INFO - [in this interval] group num is [6]
04/05/2022 16:10:40 PM - INFO - [in this interval] delayDelta from group is [[6, 5, 12, 11, 26]]
04/05/2022 16:10:40 PM - INFO - sample List of accDelay : [[-7226.658199767055, -7231.2923797903495, -7235.763141811314, -7239.386827630183, -7243.048144867164, -7246.943330380448, -7250.548997342404, -7252.494097608163, -7252.544687847348, -7253.690219062612, -7253.421197156351, -7252.379077440716, -7252.341169696644, -7253.107052726979, -7254.196347454281, -7254.576712708853, -7254.419041437968, -7253.077137294171, -7250.769423564754, -7246.0924812082785]]
04/05/2022 16:10:40 PM - INFO - sample List of time: [[226366, 226382, 226396, 226413, 226427, 226443, 226472, 226542, 226570, 226597, 226631, 226654, 226682, 226708, 226735, 226805, 226831, 226871, 226913, 226944]]
04/05/2022 16:10:40 PM - INFO - update trend: [-0.029228023951238847]
04/05/2022 16:10:40 PM - INFO - estimateQueueDelayDuration [-7.014725748297323] = queueDelayDelta [-0.11691209580495539] * numCount[1001]
04/05/2022 16:10:40 PM - INFO - [in this interval] signal is [Signal.NORMAL]
04/05/2022 16:10:40 PM - INFO - [in this interval] adaptiveThresholdGamma is [62.35371289941505]
04/05/2022 16:10:40 PM - INFO - [in this interval] state is [State.INCREASE]
04/05/2022 16:10:40 PM - INFO - [in this interval] now real rate is [0.35670981210855945]mbps
04/05/2022 16:10:40 PM - INFO - [in this interval] now real rtt is [3856]
04/05/2022 16:10:40 PM - INFO - [in this interval] aimd control rate is [0.6058445298165708] mbps
04/05/2022 16:10:40 PM - INFO - [in this interval] delay-rate is [0.6058445298165708] mbps
04/05/2022 16:10:40 PM - INFO - average delay [1715.0]
04/05/2022 16:10:40 PM - INFO - average delay [1754.0]
04/05/2022 16:10:40 PM - INFO - average delay [1785.75]
04/05/2022 16:10:40 PM - INFO - average delay [1820.3333333333333]
04/05/2022 16:10:40 PM - INFO - nowTs is [227500], lastTs is [227258]
04/05/2022 16:10:40 PM - INFO - [in this interval] loss-ratio is [0.0]
04/05/2022 16:10:40 PM - INFO - [in this interval] group num is [6]
04/05/2022 16:10:40 PM - INFO - [in this interval] delayDelta from group is [[7, 17, 24, 15, -4]]
04/05/2022 16:10:40 PM - INFO - sample List of accDelay : [[-7246.943330380448, -7250.548997342404, -7252.494097608163, -7252.544687847348, -7253.690219062612, -7253.421197156351, -7252.379077440716, -7252.341169696644, -7253.107052726979, -7254.196347454281, -7254.576712708853, -7254.419041437968, -7253.077137294171, -7250.769423564754, -7246.0924812082785, -7241.18323308745, -7235.064909778705, -7227.158418800835, -7218.54257692075, -7211.188319228676]]
04/05/2022 16:10:40 PM - INFO - sample List of time: [[226443, 226472, 226542, 226570, 226597, 226631, 226654, 226682, 226708, 226735, 226805, 226831, 226871, 226913, 226944, 227078, 227100, 227132, 227176, 227206]]
04/05/2022 16:10:40 PM - INFO - update trend: [0.04076264027961873]
04/05/2022 16:10:40 PM - INFO - estimateQueueDelayDuration [9.783033667108494] = queueDelayDelta [0.1630505611184749] * numCount[1000]
04/05/2022 16:10:40 PM - INFO - [in this interval] signal is [Signal.NORMAL]
04/05/2022 16:10:40 PM - INFO - [in this interval] adaptiveThresholdGamma is [61.40744067323353]
04/05/2022 16:10:40 PM - INFO - [in this interval] state is [State.INCREASE]
04/05/2022 16:10:40 PM - INFO - [in this interval] now real rate is [0.3580813008130081]mbps
04/05/2022 16:10:40 PM - INFO - [in this interval] now real rtt is [4090]
04/05/2022 16:10:40 PM - INFO - [in this interval] aimd control rate is [0.6092103327599961] mbps
04/05/2022 16:10:40 PM - INFO - [in this interval] delay-rate is [0.6092103327599961] mbps
04/05/2022 16:10:40 PM - INFO - average delay [1842.6666666666667]
04/05/2022 16:10:40 PM - INFO - average delay [1881.3333333333335]
04/05/2022 16:10:40 PM - INFO - average delay [1921.0]
04/05/2022 16:10:40 PM - INFO - average delay [1954.5]
04/05/2022 16:10:40 PM - INFO - nowTs is [227745], lastTs is [227500]
04/05/2022 16:10:40 PM - INFO - [in this interval] loss-ratio is [0.0]
04/05/2022 16:10:40 PM - INFO - [in this interval] group num is [5]
04/05/2022 16:10:40 PM - INFO - [in this interval] delayDelta from group is [[13, 3, 8, 16]]
04/05/2022 16:10:40 PM - INFO - sample List of accDelay : [[-7253.690219062612, -7253.421197156351, -7252.379077440716, -7252.341169696644, -7253.107052726979, -7254.196347454281, -7254.576712708853, -7254.419041437968, -7253.077137294171, -7250.769423564754, -7246.0924812082785, -7241.18323308745, -7235.064909778705, -7227.158418800835, -7218.54257692075, -7211.188319228676, -7203.269487305808, -7195.842538575227, -7188.358284717704, -7180.022456245933]]
04/05/2022 16:10:40 PM - INFO - sample List of time: [[226597, 226631, 226654, 226682, 226708, 226735, 226805, 226831, 226871, 226913, 226944, 227078, 227100, 227132, 227176, 227206, 227337, 227375, 227413, 227436]]
04/05/2022 16:10:40 PM - INFO - update trend: [0.0842678287105686]
04/05/2022 16:10:40 PM - INFO - estimateQueueDelayDuration [20.224278890536464] = queueDelayDelta [0.3370713148422744] * numCount[1000]
04/05/2022 16:10:40 PM - INFO - [in this interval] signal is [Signal.NORMAL]
04/05/2022 16:10:40 PM - INFO - [in this interval] adaptiveThresholdGamma is [60.66614376114498]
04/05/2022 16:10:40 PM - INFO - [in this interval] state is [State.INCREASE]
04/05/2022 16:10:40 PM - INFO - [in this interval] now real rate is [0.3552854209445585]mbps
04/05/2022 16:10:40 PM - INFO - [in this interval] now real rtt is [4360]
04/05/2022 16:10:40 PM - INFO - [in this interval] aimd control rate is [0.6125948346086628] mbps
04/05/2022 16:10:40 PM - INFO - [in this interval] delay-rate is [0.6125948346086628] mbps
04/05/2022 16:10:40 PM - INFO - average delay [1965.5]
04/05/2022 16:10:40 PM - INFO - average delay [1976.0]
04/05/2022 16:10:40 PM - INFO - average delay [1998.3333333333335]
04/05/2022 16:10:40 PM - INFO - average delay [2044.5]
04/05/2022 16:10:40 PM - INFO - nowTs is [227993], lastTs is [227745]
04/05/2022 16:10:40 PM - INFO - [in this interval] loss-ratio is [0.0625]
04/05/2022 16:10:40 PM - INFO - [in this interval] group num is [6]
04/05/2022 16:10:40 PM - INFO - [in this interval] delayDelta from group is [[4, 80, -17, -4, -22]]
04/05/2022 16:10:40 PM - INFO - sample List of accDelay : [[-7254.196347454281, -7254.576712708853, -7254.419041437968, -7253.077137294171, -7250.769423564754, -7246.0924812082785, -7241.18323308745, -7235.064909778705, -7227.158418800835, -7218.54257692075, -7211.188319228676, -7203.269487305808, -7195.842538575227, -7188.358284717704, -7180.022456245933, -7172.1202106213395, -7157.008189559205, -7145.107370603285, -7134.796633542956, -7127.7169701886605]]
04/05/2022 16:10:40 PM - INFO - sample List of time: [[226735, 226805, 226831, 226871, 226913, 226944, 227078, 227100, 227132, 227176, 227206, 227337, 227375, 227413, 227436, 227509, 227548, 227668, 227681, 227707]]
04/05/2022 16:10:40 PM - INFO - update trend: [0.13435489771614073]
04/05/2022 16:10:40 PM - INFO - estimateQueueDelayDuration [32.24517545187378] = queueDelayDelta [0.5374195908645629] * numCount[1001]
04/05/2022 16:10:40 PM - INFO - [in this interval] signal is [Signal.NORMAL]
04/05/2022 16:10:40 PM - INFO - [in this interval] adaptiveThresholdGamma is [60.154566331578096]
04/05/2022 16:10:40 PM - INFO - [in this interval] state is [State.INCREASE]
04/05/2022 16:10:40 PM - INFO - [in this interval] now real rate is [0.35870182555780933]mbps
04/05/2022 16:10:40 PM - INFO - [in this interval] now real rtt is [4456]
04/05/2022 16:10:40 PM - INFO - [in this interval] aimd control rate is [0.6159981392453776] mbps
04/05/2022 16:10:40 PM - INFO - [in this interval] delay-rate is [0.6159981392453776] mbps
04/05/2022 16:10:40 PM - INFO - average delay [2048.0]
04/05/2022 16:10:40 PM - INFO - average delay [2029.25]
04/05/2022 16:10:40 PM - INFO - average delay [2014.0]
04/05/2022 16:10:40 PM - INFO - average delay [2002.0]
04/05/2022 16:10:40 PM - INFO - nowTs is [228225], lastTs is [227993]
04/05/2022 16:10:40 PM - INFO - [in this interval] loss-ratio is [0.05]
04/05/2022 16:10:40 PM - INFO - [in this interval] group num is [10]
04/05/2022 16:10:40 PM - INFO - [in this interval] delayDelta from group is [[-4, -9, -9, -4, -9, -4, 1, 5, -13]]
04/05/2022 16:10:40 PM - INFO - sample List of accDelay : [[-7218.54257692075, -7211.188319228676, -7203.269487305808, -7195.842538575227, -7188.358284717704, -7180.022456245933, -7172.1202106213395, -7157.008189559205, -7145.107370603285, -7134.796633542956, -7127.7169701886605, -7121.745273169795, -7117.270745852816, -7114.143671267534, -7111.729304140781, -7110.456373726703, -7109.710736354033, -7108.93966271863, -7107.7456964467665, -7107.97112680209]]
04/05/2022 16:10:40 PM - INFO - sample List of time: [[227176, 227206, 227337, 227375, 227413, 227436, 227509, 227548, 227668, 227681, 227707, 227733, 227759, 227785, 227811, 227837, 227873, 227894, 227910, 227930]]
04/05/2022 16:10:40 PM - INFO - update trend: [0.1646862361276021]
04/05/2022 16:10:40 PM - INFO - estimateQueueDelayDuration [39.52469667062451] = queueDelayDelta [0.6587449445104084] * numCount[1000]
04/05/2022 16:10:40 PM - INFO - [in this interval] signal is [Signal.NORMAL]
04/05/2022 16:10:40 PM - INFO - [in this interval] adaptiveThresholdGamma is [59.78322867768093]
04/05/2022 16:10:40 PM - INFO - [in this interval] state is [State.INCREASE]
04/05/2022 16:10:40 PM - INFO - [in this interval] now real rate is [0.4754698795180723]mbps
04/05/2022 16:10:40 PM - INFO - [in this interval] now real rtt is [4390]
04/05/2022 16:10:40 PM - INFO - [in this interval] aimd control rate is [0.6194203511300741] mbps
04/05/2022 16:10:40 PM - INFO - [in this interval] delay-rate is [0.6194203511300741] mbps
04/05/2022 16:10:40 PM - INFO - average delay [1998.3333333333335]
04/05/2022 16:10:40 PM - INFO - average delay [1982.3333333333335]
04/05/2022 16:10:40 PM - INFO - average delay [1970.8000000000002]
04/05/2022 16:10:40 PM - INFO - average delay [1955.5]
04/05/2022 16:10:40 PM - INFO - nowTs is [228467], lastTs is [228225]
04/05/2022 16:10:40 PM - INFO - [in this interval] loss-ratio is [0.19047619047619047]
04/05/2022 16:10:40 PM - INFO - [in this interval] group num is [10]
04/05/2022 16:10:40 PM - INFO - [in this interval] delayDelta from group is [[1, 4, -21, -10, 1, -6, 10, 6, 1]]
04/05/2022 16:10:40 PM - INFO - sample List of accDelay : [[-7134.796633542956, -7127.7169701886605, -7121.745273169795, -7117.270745852816, -7114.143671267534, -7111.729304140781, -7110.456373726703, -7109.710736354033, -7108.93966271863, -7107.7456964467665, -7107.97112680209, -7108.074014121881, -7107.766612709694, -7109.589951438724, -7112.230956294851, -7114.507860665366, -7117.157074598829, -7118.541367138946, -7119.187230425052, -7119.6685073825465]]
04/05/2022 16:10:40 PM - INFO - sample List of time: [[227681, 227707, 227733, 227759, 227785, 227811, 227837, 227873, 227894, 227910, 227930, 227988, 228009, 228023, 228037, 228052, 228083, 228112, 228132, 228163]]
04/05/2022 16:10:40 PM - INFO - update trend: [0.016045416270600812]
04/05/2022 16:10:40 PM - INFO - estimateQueueDelayDuration [3.850899904944195] = queueDelayDelta [0.06418166508240325] * numCount[1001]
04/05/2022 16:10:40 PM - INFO - [in this interval] signal is [Signal.NORMAL]
04/05/2022 16:10:40 PM - INFO - [in this interval] adaptiveThresholdGamma is [58.77644675977167]
04/05/2022 16:10:40 PM - INFO - [in this interval] state is [State.INCREASE]
04/05/2022 16:10:40 PM - INFO - [in this interval] now real rate is [0.566832]mbps
04/05/2022 16:10:40 PM - INFO - [in this interval] now real rtt is [4344]
04/05/2022 16:10:40 PM - INFO - [in this interval] aimd control rate is [0.622861575303019] mbps
04/05/2022 16:10:40 PM - INFO - [in this interval] delay-rate is [0.622861575303019] mbps
04/05/2022 16:10:40 PM - INFO - average delay [1964.0]
04/05/2022 16:10:40 PM - INFO - average delay [1957.75]
04/05/2022 16:10:40 PM - INFO - average delay [1950.4]
04/05/2022 16:10:40 PM - INFO - average delay [1912.25]
04/05/2022 16:10:40 PM - INFO - nowTs is [228706], lastTs is [228467]
04/05/2022 16:10:40 PM - INFO - [in this interval] loss-ratio is [0.0]
04/05/2022 16:10:40 PM - INFO - [in this interval] group num is [11]
04/05/2022 16:10:40 PM - INFO - [in this interval] delayDelta from group is [[-6, -4, -8, -17, -12, -16, -15, -10, -19, -20]]
04/05/2022 16:10:40 PM - INFO - sample List of accDelay : [[-7107.97112680209, -7108.074014121881, -7107.766612709694, -7109.589951438724, -7112.230956294851, -7114.507860665366, -7117.157074598829, -7118.541367138946, -7119.187230425052, -7119.6685073825465, -7120.701656644292, -7122.031490979863, -7124.028341881876, -7127.525507693688, -7131.872956924319, -7137.385661231887, -7143.847095108698, -7150.662385597829, -7158.696147038046, -7167.926532334241]]
04/05/2022 16:10:40 PM - INFO - sample List of time: [[227930, 227988, 228009, 228023, 228037, 228052, 228083, 228112, 228132, 228163, 228225, 228254, 228280, 228307, 228325, 228343, 228362, 228382, 228402, 228423]]
04/05/2022 16:10:40 PM - INFO - update trend: [-0.09997442857418172]
04/05/2022 16:10:40 PM - INFO - estimateQueueDelayDuration [-23.993862857803613] = queueDelayDelta [-0.3998977142967269] * numCount[1001]
04/05/2022 16:10:40 PM - INFO - [in this interval] signal is [Signal.NORMAL]
04/05/2022 16:10:40 PM - INFO - [in this interval] adaptiveThresholdGamma is [58.15036024953625]
04/05/2022 16:10:40 PM - INFO - [in this interval] state is [State.INCREASE]
04/05/2022 16:10:40 PM - INFO - [in this interval] now real rate is [0.5760650406504065]mbps
04/05/2022 16:10:40 PM - INFO - [in this interval] now real rtt is [4082]
04/05/2022 16:10:40 PM - INFO - [in this interval] aimd control rate is [0.6263219173880358] mbps
04/05/2022 16:10:40 PM - INFO - [in this interval] delay-rate is [0.6263219173880358] mbps
04/05/2022 16:10:40 PM - INFO - average delay [1865.4]
04/05/2022 16:10:40 PM - INFO - average delay [1824.1666666666667]
04/05/2022 16:10:40 PM - INFO - average delay [1796.8333333333333]
04/05/2022 16:10:40 PM - INFO - average delay [1769.8333333333333]
04/05/2022 16:10:40 PM - INFO - nowTs is [228954], lastTs is [228706]
04/05/2022 16:10:40 PM - INFO - [in this interval] loss-ratio is [0.0]
04/05/2022 16:10:40 PM - INFO - [in this interval] group num is [12]
04/05/2022 16:10:40 PM - INFO - [in this interval] delayDelta from group is [[-10, -15, -15, -9, 2, 0, -15, -9, -2, -7, -6]]
04/05/2022 16:10:40 PM - INFO - sample List of accDelay : [[-7122.031490979863, -7124.028341881876, -7127.525507693688, -7131.872956924319, -7137.385661231887, -7143.847095108698, -7150.662385597829, -7158.696147038046, -7167.926532334241, -7177.233879100816, -7187.110491190734, -7197.49944207166, -7207.7494978644945, -7216.774548078045, -7224.8970932702405, -7233.707383943217, -7242.536645548895, -7250.682980994005, -7258.714682894604, -7266.5432146051435]]
04/05/2022 16:10:40 PM - INFO - sample List of time: [[228254, 228280, 228307, 228325, 228343, 228362, 228382, 228402, 228423, 228442, 228462, 228482, 228502, 228523, 228540, 228560, 228580, 228601, 228639, 228662]]
04/05/2022 16:10:40 PM - INFO - update trend: [-0.3995430995133936]
04/05/2022 16:10:40 PM - INFO - estimateQueueDelayDuration [-95.89034388321447] = queueDelayDelta [-1.5981723980535745] * numCount[1000]
04/05/2022 16:10:40 PM - INFO - [in this interval] signal is [Signal.UNDER_USE]
04/05/2022 16:10:40 PM - INFO - [in this interval] adaptiveThresholdGamma is [58.15036024953625]
04/05/2022 16:10:40 PM - INFO - [in this interval] state is [State.HOLD]
04/05/2022 16:10:40 PM - INFO - [in this interval] now real rate is [0.6143080082135524]mbps
04/05/2022 16:10:40 PM - INFO - [in this interval] now real rtt is [3918]
04/05/2022 16:10:40 PM - INFO - [in this interval] aimd control rate is [0.6263219173880358] mbps
04/05/2022 16:10:40 PM - INFO - [in this interval] delay-rate is [0.6263219173880358] mbps
04/05/2022 16:10:40 PM - INFO - average delay [1762.8]
04/05/2022 16:10:40 PM - INFO - average delay [1782.0]
04/05/2022 16:10:40 PM - INFO - average delay [1775.6]
04/05/2022 16:10:40 PM - INFO - average delay [1675.0]
04/05/2022 16:10:40 PM - INFO - nowTs is [229193], lastTs is [228954]
04/05/2022 16:10:40 PM - INFO - [in this interval] loss-ratio is [0.10526315789473684]
04/05/2022 16:10:40 PM - INFO - [in this interval] group num is [14]
04/05/2022 16:10:40 PM - INFO - [in this interval] delayDelta from group is [[9, 9, 9, -8, -33, -23, -23, -17, -22, -19, -11, -10, -11]]
04/05/2022 16:10:40 PM - INFO - sample List of accDelay : [[-7216.774548078045, -7224.8970932702405, -7233.707383943217, -7242.536645548895, -7250.682980994005, -7258.714682894604, -7266.5432146051435, -7272.688893144629, -7277.320003830166, -7280.588003447149, -7284.329203102435, -7290.996282792191, -7299.296654512971, -7309.066989061674, -7319.560290155506, -7331.204261139955, -7343.583835025959, -7355.825451523363, -7367.842906371026, -7379.758615733924]]
04/05/2022 16:10:40 PM - INFO - sample List of time: [[228523, 228540, 228560, 228580, 228601, 228639, 228662, 228700, 228719, 228738, 228757, 228769, 228781, 228793, 228805, 228818, 228831, 228847, 228871, 228896]]
04/05/2022 16:10:40 PM - INFO - update trend: [-0.3981712154262018]
04/05/2022 16:10:40 PM - INFO - estimateQueueDelayDuration [-95.56109170228844] = queueDelayDelta [-1.5926848617048073] * numCount[1001]
04/05/2022 16:10:40 PM - INFO - [in this interval] signal is [Signal.UNDER_USE]
04/05/2022 16:10:40 PM - INFO - [in this interval] adaptiveThresholdGamma is [58.15036024953625]
04/05/2022 16:10:40 PM - INFO - [in this interval] state is [State.HOLD]
04/05/2022 16:10:40 PM - INFO - [in this interval] now real rate is [0.6213923541247485]mbps
04/05/2022 16:10:40 PM - INFO - [in this interval] now real rtt is [3646]
04/05/2022 16:10:40 PM - INFO - [in this interval] aimd control rate is [0.6263219173880358] mbps
04/05/2022 16:10:40 PM - INFO - [in this interval] delay-rate is [0.6263219173880358] mbps
04/05/2022 16:10:40 PM - INFO - average delay [1628.8]
04/05/2022 16:10:40 PM - INFO - average delay [1604.6]
04/05/2022 16:10:40 PM - INFO - average delay [1560.0]
04/05/2022 16:10:40 PM - INFO - average delay [1533.5]
04/05/2022 16:10:40 PM - INFO - nowTs is [229423], lastTs is [229193]
04/05/2022 16:10:40 PM - INFO - [in this interval] loss-ratio is [0.25]
04/05/2022 16:10:40 PM - INFO - [in this interval] group num is [9]
04/05/2022 16:10:40 PM - INFO - [in this interval] delayDelta from group is [[-10, -18, -10, -45, 9, -15, -10, 5]]
04/05/2022 16:10:40 PM - INFO - sample List of accDelay : [[-7277.320003830166, -7280.588003447149, -7284.329203102435, -7290.996282792191, -7299.296654512971, -7309.066989061674, -7319.560290155506, -7331.204261139955, -7343.583835025959, -7355.825451523363, -7367.842906371026, -7379.758615733924, -7391.482754160531, -7403.834478744478, -7415.95103087003, -7431.355927783027, -7444.320335004724, -7457.4883015042515, -7470.3394713538255, -7481.405524218442]]
04/05/2022 16:10:40 PM - INFO - sample List of time: [[228719, 228738, 228757, 228769, 228781, 228793, 228805, 228818, 228831, 228847, 228871, 228896, 228944, 228969, 228981, 229006, 229031, 229070, 229090, 229110]]
04/05/2022 16:10:40 PM - INFO - update trend: [-0.5390900869430234]
04/05/2022 16:10:40 PM - INFO - estimateQueueDelayDuration [-129.38162086632562] = queueDelayDelta [-2.1563603477720936] * numCount[1001]
04/05/2022 16:10:40 PM - INFO - [in this interval] signal is [Signal.UNDER_USE]
04/05/2022 16:10:40 PM - INFO - [in this interval] adaptiveThresholdGamma is [58.15036024953625]
04/05/2022 16:10:40 PM - INFO - [in this interval] state is [State.HOLD]
04/05/2022 16:10:40 PM - INFO - [in this interval] now real rate is [0.564032]mbps
04/05/2022 16:10:40 PM - INFO - [in this interval] now real rtt is [3446]
04/05/2022 16:10:40 PM - INFO - [in this interval] aimd control rate is [0.6263219173880358] mbps
04/05/2022 16:10:40 PM - INFO - [in this interval] delay-rate is [0.6263219173880358] mbps
04/05/2022 16:10:40 PM - INFO - average delay [1516.3333333333333]
04/05/2022 16:10:40 PM - INFO - average delay [1508.3333333333333]
04/05/2022 16:10:40 PM - INFO - average delay [1519.0]
04/05/2022 16:10:40 PM - INFO - average delay [1531.0]
04/05/2022 16:10:40 PM - INFO - nowTs is [229671], lastTs is [229423]
04/05/2022 16:10:40 PM - INFO - [in this interval] loss-ratio is [0.15384615384615385]
04/05/2022 16:10:40 PM - INFO - [in this interval] group num is [7]
04/05/2022 16:10:40 PM - INFO - [in this interval] delayDelta from group is [[1, 13, 12, 14, -1, -11]]
04/05/2022 16:10:40 PM - INFO - sample List of accDelay : [[-7319.560290155506, -7331.204261139955, -7343.583835025959, -7355.825451523363, -7367.842906371026, -7379.758615733924, -7391.482754160531, -7403.834478744478, -7415.95103087003, -7431.355927783027, -7444.320335004724, -7457.4883015042515, -7470.3394713538255, -7481.405524218442, -7491.264971796598, -7498.838474616938, -7504.454627155244, -7508.109164439719, -7511.498247995747, -7515.648423196173]]
04/05/2022 16:10:40 PM - INFO - sample List of time: [[228805, 228818, 228831, 228847, 228871, 228896, 228944, 228969, 228981, 229006, 229031, 229070, 229090, 229110, 229170, 229211, 229254, 229301, 229350, 229374]]
04/05/2022 16:10:40 PM - INFO - update trend: [-0.3504962521382397]
04/05/2022 16:10:40 PM - INFO - estimateQueueDelayDuration [-84.11910051317753] = queueDelayDelta [-1.4019850085529588] * numCount[1001]
04/05/2022 16:10:40 PM - INFO - [in this interval] signal is [Signal.UNDER_USE]
04/05/2022 16:10:40 PM - INFO - [in this interval] adaptiveThresholdGamma is [58.15036024953625]
04/05/2022 16:10:40 PM - INFO - [in this interval] state is [State.HOLD]
04/05/2022 16:10:40 PM - INFO - [in this interval] now real rate is [0.4526204081632653]mbps
04/05/2022 16:10:40 PM - INFO - [in this interval] now real rtt is [3482]
04/05/2022 16:10:40 PM - INFO - [in this interval] aimd control rate is [0.6263219173880358] mbps
04/05/2022 16:10:40 PM - INFO - [in this interval] delay-rate is [0.6263219173880358] mbps
04/05/2022 16:10:40 PM - INFO - average delay [1548.6666666666667]
04/05/2022 16:10:40 PM - INFO - average delay [1559.0]
04/05/2022 16:10:40 PM - INFO - average delay [1561.4]
04/05/2022 16:10:40 PM - INFO - average delay [1555.2]
04/05/2022 16:10:40 PM - INFO - nowTs is [229901], lastTs is [229671]
04/05/2022 16:10:40 PM - INFO - [in this interval] loss-ratio is [0.0]
04/05/2022 16:10:40 PM - INFO - [in this interval] group num is [8]
04/05/2022 16:10:40 PM - INFO - [in this interval] delayDelta from group is [[3, 8, -6, -7, -1, -7, -14]]
04/05/2022 16:10:40 PM - INFO - sample List of accDelay : [[-7403.834478744478, -7415.95103087003, -7431.355927783027, -7444.320335004724, -7457.4883015042515, -7470.3394713538255, -7481.405524218442, -7491.264971796598, -7498.838474616938, -7504.454627155244, -7508.109164439719, -7511.498247995747, -7515.648423196173, -7519.083580876556, -7521.3752227889, -7524.03770051001, -7527.133930459009, -7530.020537413108, -7533.318483671797, -7537.686635304618]]
04/05/2022 16:10:40 PM - INFO - sample List of time: [[228969, 228981, 229006, 229031, 229070, 229090, 229110, 229170, 229211, 229254, 229301, 229350, 229374, 229422, 229460, 229498, 229527, 229555, 229584, 229612]]
04/05/2022 16:10:40 PM - INFO - update trend: [-0.1748905033179423]
04/05/2022 16:10:40 PM - INFO - estimateQueueDelayDuration [-41.97372079630615] = queueDelayDelta [-0.6995620132717691] * numCount[1000]
04/05/2022 16:10:40 PM - INFO - [in this interval] signal is [Signal.NORMAL]
04/05/2022 16:10:40 PM - INFO - [in this interval] adaptiveThresholdGamma is [57.859180739378104]
04/05/2022 16:10:40 PM - INFO - [in this interval] state is [State.INCREASE]
04/05/2022 16:10:40 PM - INFO - [in this interval] now real rate is [0.462136546184739]mbps
04/05/2022 16:10:40 PM - INFO - [in this interval] now real rtt is [3472]
04/05/2022 16:10:40 PM - INFO - [in this interval] aimd control rate is [0.6298014835957472] mbps
04/05/2022 16:10:40 PM - INFO - [in this interval] delay-rate is [0.6298014835957472] mbps
04/05/2022 16:10:40 PM - INFO - average delay [1546.4]
04/05/2022 16:10:40 PM - INFO - average delay [1561.6666666666667]
04/05/2022 16:10:40 PM - INFO - average delay [1578.3333333333333]
04/05/2022 16:10:40 PM - INFO - average delay [1593.3333333333333]
04/05/2022 16:10:40 PM - INFO - nowTs is [230152], lastTs is [229901]
04/05/2022 16:10:40 PM - INFO - [in this interval] loss-ratio is [0.0]
04/05/2022 16:10:40 PM - INFO - [in this interval] group num is [6]
04/05/2022 16:10:40 PM - INFO - [in this interval] delayDelta from group is [[20, 15, 15, 20, -3]]
04/05/2022 16:10:40 PM - INFO - sample List of accDelay : [[-7470.3394713538255, -7481.405524218442, -7491.264971796598, -7498.838474616938, -7504.454627155244, -7508.109164439719, -7511.498247995747, -7515.648423196173, -7519.083580876556, -7521.3752227889, -7524.03770051001, -7527.133930459009, -7530.020537413108, -7533.318483671797, -7537.686635304618, -7539.617971774156, -7539.856174596741, -7538.570557137066, -7535.41350142336, -7532.872151281024]]
04/05/2022 16:10:40 PM - INFO - sample List of time: [[229090, 229110, 229170, 229211, 229254, 229301, 229350, 229374, 229422, 229460, 229498, 229527, 229555, 229584, 229612, 229652, 229702, 229752, 229802, 229852]]
04/05/2022 16:10:40 PM - INFO - update trend: [-0.08242534388594555]
04/05/2022 16:10:40 PM - INFO - estimateQueueDelayDuration [-19.782082532626934] = queueDelayDelta [-0.3297013755437822] * numCount[1001]
04/05/2022 16:10:40 PM - INFO - [in this interval] signal is [Signal.NORMAL]
04/05/2022 16:10:40 PM - INFO - [in this interval] adaptiveThresholdGamma is [57.17379297165658]
04/05/2022 16:10:40 PM - INFO - [in this interval] state is [State.INCREASE]
04/05/2022 16:10:40 PM - INFO - [in this interval] now real rate is [0.4596590436590437]mbps
04/05/2022 16:10:40 PM - INFO - [in this interval] now real rtt is [3644]
04/05/2022 16:10:40 PM - INFO - [in this interval] aimd control rate is [0.6333003807268346] mbps
04/05/2022 16:10:40 PM - INFO - [in this interval] delay-rate is [0.6333003807268346] mbps
04/05/2022 16:10:40 PM - INFO - average delay [1617.3333333333333]
04/05/2022 16:10:40 PM - INFO - average delay [1640.5]
04/05/2022 16:10:40 PM - INFO - average delay [1656.3333333333333]
04/05/2022 16:10:40 PM - INFO - average delay [1716.5]
04/05/2022 16:10:40 PM - INFO - nowTs is [230397], lastTs is [230152]
04/05/2022 16:10:40 PM - INFO - [in this interval] loss-ratio is [0.0]
04/05/2022 16:10:40 PM - INFO - [in this interval] group num is [7]
04/05/2022 16:10:40 PM - INFO - [in this interval] delayDelta from group is [[74, 6, -14, -14, -10, -19]]
04/05/2022 16:10:40 PM - INFO - sample List of accDelay : [[-7511.498247995747, -7515.648423196173, -7519.083580876556, -7521.3752227889, -7524.03770051001, -7527.133930459009, -7530.020537413108, -7533.318483671797, -7537.686635304618, -7539.617971774156, -7539.856174596741, -7538.570557137066, -7535.41350142336, -7532.872151281024, -7523.184936152921, -7513.866442537629, -7506.879798283866, -7501.99181845548, -7498.592636609932, -7497.433372948939]]
04/05/2022 16:10:40 PM - INFO - sample List of time: [[229350, 229374, 229422, 229460, 229498, 229527, 229555, 229584, 229612, 229652, 229702, 229752, 229802, 229852, 229906, 230030, 230051, 230072, 230093, 230113]]
04/05/2022 16:10:40 PM - INFO - update trend: [0.024161837595140075]
04/05/2022 16:10:40 PM - INFO - estimateQueueDelayDuration [5.798841022833618] = queueDelayDelta [0.0966473503805603] * numCount[1001]
04/05/2022 16:10:40 PM - INFO - [in this interval] signal is [Signal.NORMAL]
04/05/2022 16:10:40 PM - INFO - [in this interval] adaptiveThresholdGamma is [56.24904383657777]
04/05/2022 16:10:40 PM - INFO - [in this interval] state is [State.INCREASE]
04/05/2022 16:10:40 PM - INFO - [in this interval] now real rate is [0.4530806451612903]mbps
04/05/2022 16:10:40 PM - INFO - [in this interval] now real rtt is [3734]
04/05/2022 16:10:40 PM - INFO - [in this interval] aimd control rate is [0.636818716175317] mbps
04/05/2022 16:10:40 PM - INFO - [in this interval] delay-rate is [0.636818716175317] mbps
04/05/2022 16:10:40 PM - INFO - average delay [1688.5]
04/05/2022 16:10:40 PM - INFO - average delay [1655.4]
04/05/2022 16:10:40 PM - INFO - average delay [1626.3333333333333]
04/05/2022 16:10:40 PM - INFO - average delay [1614.25]
04/05/2022 16:10:40 PM - INFO - nowTs is [230631], lastTs is [230397]
04/05/2022 16:10:40 PM - INFO - [in this interval] loss-ratio is [0.0]
04/05/2022 16:10:40 PM - INFO - [in this interval] group num is [9]
04/05/2022 16:10:40 PM - INFO - [in this interval] delayDelta from group is [[-13, -10, -14, -14, -1, 2, 2, 7]]
04/05/2022 16:10:40 PM - INFO - sample List of accDelay : [[-7537.686635304618, -7539.617971774156, -7539.856174596741, -7538.570557137066, -7535.41350142336, -7532.872151281024, -7523.184936152921, -7513.866442537629, -7506.879798283866, -7501.99181845548, -7498.592636609932, -7497.433372948939, -7497.6900356540455, -7498.921032088641, -7501.428928879777, -7505.0860359918, -7508.477432392619, -7511.329689153357, -7513.696720238022, -7515.12704821422]]
04/05/2022 16:10:40 PM - INFO - sample List of time: [[229612, 229652, 229702, 229752, 229802, 229852, 229906, 230030, 230051, 230072, 230093, 230113, 230134, 230156, 230176, 230197, 230218, 230247, 230284, 230321]]
04/05/2022 16:10:40 PM - INFO - update trend: [0.05995791620128526]
04/05/2022 16:10:40 PM - INFO - estimateQueueDelayDuration [14.389899888308463] = queueDelayDelta [0.23983166480514104] * numCount[1001]
04/05/2022 16:10:40 PM - INFO - [in this interval] signal is [Signal.NORMAL]
04/05/2022 16:10:40 PM - INFO - [in this interval] adaptiveThresholdGamma is [55.49557924550892]
04/05/2022 16:10:40 PM - INFO - [in this interval] state is [State.INCREASE]
04/05/2022 16:10:40 PM - INFO - [in this interval] now real rate is [0.6034070981210855]mbps
04/05/2022 16:10:40 PM - INFO - [in this interval] now real rtt is [3662]
04/05/2022 16:10:40 PM - INFO - [in this interval] aimd control rate is [0.6403565979318466] mbps
04/05/2022 16:10:40 PM - INFO - [in this interval] delay-rate is [0.6403565979318466] mbps
04/05/2022 16:10:40 PM - INFO - average delay [1620.5]
04/05/2022 16:10:40 PM - INFO - average delay [1624.6666666666667]
04/05/2022 16:10:40 PM - INFO - average delay [1638.3333333333333]
04/05/2022 16:10:40 PM - INFO - average delay [1646.3333333333333]
04/05/2022 16:10:40 PM - INFO - nowTs is [230868], lastTs is [230631]
04/05/2022 16:10:40 PM - INFO - [in this interval] loss-ratio is [0.0]
04/05/2022 16:10:40 PM - INFO - [in this interval] group num is [6]
04/05/2022 16:10:40 PM - INFO - [in this interval] delayDelta from group is [[2, 13, 7, 4, 9]]
04/05/2022 16:10:40 PM - INFO - sample List of accDelay : [[-7532.872151281024, -7523.184936152921, -7513.866442537629, -7506.879798283866, -7501.99181845548, -7498.592636609932, -7497.433372948939, -7497.6900356540455, -7498.921032088641, -7501.428928879777, -7505.0860359918, -7508.477432392619, -7511.329689153357, -7513.696720238022, -7515.12704821422, -7516.214343392798, -7515.892909053518, -7514.903618148166, -7513.613256333349, -7511.551930700015]]
04/05/2022 16:10:40 PM - INFO - sample List of time: [[229852, 229906, 230030, 230051, 230072, 230093, 230113, 230134, 230156, 230176, 230197, 230218, 230247, 230284, 230321, 230395, 230432, 230475, 230517, 230556]]
04/05/2022 16:10:40 PM - INFO - update trend: [0.0007857251986895076]
04/05/2022 16:10:40 PM - INFO - estimateQueueDelayDuration [0.18857404768548183] = queueDelayDelta [0.0031429007947580303] * numCount[1000]
04/05/2022 16:10:40 PM - INFO - [in this interval] signal is [Signal.NORMAL]
04/05/2022 16:10:40 PM - INFO - [in this interval] adaptiveThresholdGamma is [54.5000531519481]
04/05/2022 16:10:40 PM - INFO - [in this interval] state is [State.INCREASE]
04/05/2022 16:10:40 PM - INFO - [in this interval] now real rate is [0.5810569105691057]mbps
04/05/2022 16:10:40 PM - INFO - [in this interval] now real rtt is [3736]
04/05/2022 16:10:40 PM - INFO - [in this interval] aimd control rate is [0.6439141345870235] mbps
04/05/2022 16:10:40 PM - INFO - [in this interval] delay-rate is [0.6439141345870235] mbps
04/05/2022 16:10:40 PM - INFO - average delay [1656.5]
04/05/2022 16:10:40 PM - INFO - average delay [1662.0]
04/05/2022 16:10:40 PM - INFO - average delay [1677.8]
04/05/2022 16:10:40 PM - INFO - average delay [1681.8]
04/05/2022 16:10:40 PM - INFO - nowTs is [231106], lastTs is [230868]
04/05/2022 16:10:40 PM - INFO - [in this interval] loss-ratio is [0.0]
04/05/2022 16:10:40 PM - INFO - [in this interval] group num is [8]
04/05/2022 16:10:40 PM - INFO - [in this interval] delayDelta from group is [[-7, 8, 20, -6, -7, -3, -6]]
04/05/2022 16:10:40 PM - INFO - sample List of accDelay : [[-7497.6900356540455, -7498.921032088641, -7501.428928879777, -7505.0860359918, -7508.477432392619, -7511.329689153357, -7513.696720238022, -7515.12704821422, -7516.214343392798, -7515.892909053518, -7514.903618148166, -7513.613256333349, -7511.551930700015, -7510.396737630013, -7508.557063867012, -7504.901357480311, -7502.21122173228, -7500.490099559052, -7499.241089603148, -7498.716980642833]]
04/05/2022 16:10:40 PM - INFO - sample List of time: [[230134, 230156, 230176, 230197, 230218, 230247, 230284, 230321, 230395, 230432, 230475, 230517, 230556, 230634, 230662, 230680, 230720, 230749, 230777, 230804]]
04/05/2022 16:10:40 PM - INFO - update trend: [0.003853313508336568]
04/05/2022 16:10:40 PM - INFO - estimateQueueDelayDuration [0.9247952420007763] = queueDelayDelta [0.015413254033346271] * numCount[1001]
04/05/2022 16:10:40 PM - INFO - [in this interval] signal is [Signal.NORMAL]
04/05/2022 16:10:40 PM - INFO - [in this interval] adaptiveThresholdGamma is [53.53569850956905]
04/05/2022 16:10:40 PM - INFO - [in this interval] state is [State.INCREASE]
04/05/2022 16:10:40 PM - INFO - [in this interval] now real rate is [0.53234008097166]mbps
04/05/2022 16:10:40 PM - INFO - [in this interval] now real rtt is [3742]
04/05/2022 16:10:40 PM - INFO - [in this interval] aimd control rate is [0.6474914353347293] mbps
04/05/2022 16:10:40 PM - INFO - [in this interval] delay-rate is [0.6474914353347293] mbps
04/05/2022 16:10:40 PM - INFO - average delay [1671.6]
04/05/2022 16:10:40 PM - INFO - average delay [1669.3333333333333]
04/05/2022 16:10:40 PM - INFO - average delay [1687.25]
04/05/2022 16:10:40 PM - INFO - average delay [1714.0]
04/05/2022 16:10:40 PM - INFO - nowTs is [231344], lastTs is [231106]
04/05/2022 16:10:40 PM - INFO - [in this interval] loss-ratio is [0.0]
04/05/2022 16:10:40 PM - INFO - [in this interval] group num is [5]
04/05/2022 16:10:40 PM - INFO - [in this interval] delayDelta from group is [[23, 37, 12, 1]]
04/05/2022 16:10:40 PM - INFO - sample List of accDelay : [[-7508.477432392619, -7511.329689153357, -7513.696720238022, -7515.12704821422, -7516.214343392798, -7515.892909053518, -7514.903618148166, -7513.613256333349, -7511.551930700015, -7510.396737630013, -7508.557063867012, -7504.901357480311, -7502.21122173228, -7500.490099559052, -7499.241089603148, -7498.716980642833, -7495.945282578549, -7489.750754320694, -7482.975678888624, -7476.778110999761]]
04/05/2022 16:10:40 PM - INFO - sample List of time: [[230218, 230247, 230284, 230321, 230395, 230432, 230475, 230517, 230556, 230634, 230662, 230680, 230720, 230749, 230777, 230804, 230873, 230931, 231008, 231045]]
04/05/2022 16:10:40 PM - INFO - update trend: [0.039211127294027835]
04/05/2022 16:10:40 PM - INFO - estimateQueueDelayDuration [9.41067055056668] = queueDelayDelta [0.15684450917611134] * numCount[1001]
04/05/2022 16:10:40 PM - INFO - [in this interval] signal is [Signal.NORMAL]
04/05/2022 16:10:40 PM - INFO - [in this interval] adaptiveThresholdGamma is [52.74144800630701]
04/05/2022 16:10:40 PM - INFO - [in this interval] state is [State.INCREASE]
04/05/2022 16:10:40 PM - INFO - [in this interval] now real rate is [0.5086060606060606]mbps
04/05/2022 16:10:40 PM - INFO - [in this interval] now real rtt is [3898]
04/05/2022 16:10:40 PM - INFO - [in this interval] aimd control rate is [0.6510886099754778] mbps
04/05/2022 16:10:40 PM - INFO - [in this interval] delay-rate is [0.6510886099754778] mbps
04/05/2022 16:10:40 PM - INFO - average delay [1744.0]
04/05/2022 16:10:40 PM - INFO - average delay [1764.0]
04/05/2022 16:10:40 PM - INFO - average delay [1755.6666666666667]
04/05/2022 16:10:40 PM - INFO - average delay [1760.6666666666667]
04/05/2022 16:10:40 PM - INFO - nowTs is [231575], lastTs is [231344]
04/05/2022 16:10:40 PM - INFO - [in this interval] loss-ratio is [0.25]
04/05/2022 16:10:40 PM - INFO - [in this interval] group num is [8]
04/05/2022 16:10:40 PM - INFO - [in this interval] delayDelta from group is [[0, -10, -5, 15, 0, 13, 3]]
04/05/2022 16:10:40 PM - INFO - sample List of accDelay : [[-7513.613256333349, -7511.551930700015, -7510.396737630013, -7508.557063867012, -7504.901357480311, -7502.21122173228, -7500.490099559052, -7499.241089603148, -7498.716980642833, -7495.945282578549, -7489.750754320694, -7482.975678888624, -7476.778110999761, -7471.200299899785, -7467.180269909806, -7464.062242918825, -7459.756018626942, -7455.8804167642475, -7451.092375087823, -7446.483137579041]]
04/05/2022 16:10:40 PM - INFO - sample List of time: [[230517, 230556, 230634, 230662, 230680, 230720, 230749, 230777, 230804, 230873, 230931, 231008, 231045, 231096, 231121, 231146, 231171, 231196, 231221, 231274]]
04/05/2022 16:10:40 PM - INFO - update trend: [0.09009210634260244]
04/05/2022 16:10:40 PM - INFO - estimateQueueDelayDuration [21.622105522224587] = queueDelayDelta [0.36036842537040975] * numCount[1000]
04/05/2022 16:10:40 PM - INFO - [in this interval] signal is [Signal.NORMAL]
04/05/2022 16:10:40 PM - INFO - [in this interval] adaptiveThresholdGamma is [52.18129984159353]
04/05/2022 16:10:40 PM - INFO - [in this interval] state is [State.INCREASE]
04/05/2022 16:10:40 PM - INFO - [in this interval] now real rate is [0.382425702811245]mbps
04/05/2022 16:10:40 PM - INFO - [in this interval] now real rtt is [3960]
04/05/2022 16:10:40 PM - INFO - [in this interval] aimd control rate is [0.6547057689197859] mbps
04/05/2022 16:10:40 PM - INFO - [in this interval] delay-rate is [0.6547057689197859] mbps
04/05/2022 16:10:40 PM - INFO - average delay [1770.3333333333333]
04/05/2022 16:10:40 PM - INFO - average delay [1802.5]
04/05/2022 16:10:40 PM - INFO - average delay [1816.6666666666667]
04/05/2022 16:10:40 PM - INFO - average delay [1837.0]
04/05/2022 16:10:40 PM - INFO - nowTs is [231834], lastTs is [231575]
04/05/2022 16:10:40 PM - INFO - [in this interval] loss-ratio is [0.15789473684210525]
04/05/2022 16:10:40 PM - INFO - [in this interval] group num is [9]
04/05/2022 16:10:40 PM - INFO - [in this interval] delayDelta from group is [[22, 22, -9, 1, -3, -14, -9, -14]]
04/05/2022 16:10:40 PM - INFO - sample List of accDelay : [[-7498.716980642833, -7495.945282578549, -7489.750754320694, -7482.975678888624, -7476.778110999761, -7471.200299899785, -7467.180269909806, -7464.062242918825, -7459.756018626942, -7455.8804167642475, -7451.092375087823, -7446.483137579041, -7440.134823821137, -7432.221341439023, -7425.999207295121, -7420.299286565609, -7415.469357909048, -7412.5224221181425, -7410.770179906328, -7410.5931619156945]]
04/05/2022 16:10:40 PM - INFO - sample List of time: [[230804, 230873, 230931, 231008, 231045, 231096, 231121, 231146, 231171, 231196, 231221, 231274, 231330, 231387, 231444, 231465, 231476, 231498, 231519, 231540]]
04/05/2022 16:10:40 PM - INFO - update trend: [0.1295763676239242]
04/05/2022 16:10:40 PM - INFO - estimateQueueDelayDuration [31.098328229741806] = queueDelayDelta [0.5183054704956968] * numCount[1000]
04/05/2022 16:10:40 PM - INFO - [in this interval] signal is [Signal.NORMAL]
04/05/2022 16:10:40 PM - INFO - [in this interval] adaptiveThresholdGamma is [51.8018063525802]
04/05/2022 16:10:40 PM - INFO - [in this interval] state is [State.INCREASE]
04/05/2022 16:10:40 PM - INFO - [in this interval] now real rate is [0.40065306122448985]mbps
04/05/2022 16:10:40 PM - INFO - [in this interval] now real rtt is [3998]
04/05/2022 16:10:40 PM - INFO - [in this interval] aimd control rate is [0.6583430231915625] mbps
04/05/2022 16:10:40 PM - INFO - [in this interval] delay-rate is [0.6583430231915625] mbps
04/05/2022 16:10:40 PM - INFO - average delay [1808.3333333333333]
04/05/2022 16:10:40 PM - INFO - average delay [1774.4]
04/05/2022 16:10:40 PM - INFO - average delay [1751.75]
04/05/2022 16:10:40 PM - INFO - average delay [1727.6666666666667]
04/05/2022 16:10:40 PM - INFO - nowTs is [232068], lastTs is [231834]
04/05/2022 16:10:40 PM - INFO - [in this interval] loss-ratio is [0.3333333333333333]
04/05/2022 16:10:40 PM - INFO - [in this interval] group num is [11]
04/05/2022 16:10:40 PM - INFO - [in this interval] delayDelta from group is [[-9, -14, -19, -2, 13, -36, -10, -14, -13, -9]]
04/05/2022 16:10:40 PM - INFO - sample List of accDelay : [[-7451.092375087823, -7446.483137579041, -7440.134823821137, -7432.221341439023, -7425.999207295121, -7420.299286565609, -7415.469357909048, -7412.5224221181425, -7410.770179906328, -7410.5931619156945, -7411.333845724125, -7413.400461151713, -7417.160415036541, -7420.744373532887, -7422.669936179598, -7428.002942561638, -7433.802648305474, -7440.422383474926, -7447.680145127434, -7455.112130614691]]
04/05/2022 16:10:40 PM - INFO - sample List of time: [[231221, 231274, 231330, 231387, 231444, 231465, 231476, 231498, 231519, 231540, 231583, 231604, 231625, 231636, 231664, 231692, 231711, 231731, 231752, 231774]]
04/05/2022 16:10:40 PM - INFO - update trend: [0.005991815914006995]
04/05/2022 16:10:40 PM - INFO - estimateQueueDelayDuration [1.438035819361679] = queueDelayDelta [0.02396726365602798] * numCount[1000]
04/05/2022 16:10:40 PM - INFO - [in this interval] signal is [Signal.NORMAL]
04/05/2022 16:10:40 PM - INFO - [in this interval] adaptiveThresholdGamma is [50.895258482982264]
04/05/2022 16:10:40 PM - INFO - [in this interval] state is [State.INCREASE]
04/05/2022 16:10:40 PM - INFO - [in this interval] now real rate is [0.4927383367139959]mbps
04/05/2022 16:10:40 PM - INFO - [in this interval] now real rtt is [3746]
04/05/2022 16:10:40 PM - INFO - [in this interval] aimd control rate is [0.6620004844315157] mbps
04/05/2022 16:10:40 PM - INFO - [in this interval] delay-rate is [0.6620004844315157] mbps
04/05/2022 16:10:40 PM - INFO - average delay [1683.3333333333333]
04/05/2022 16:10:40 PM - INFO - average delay [1646.0]
04/05/2022 16:10:40 PM - INFO - average delay [1614.0]
04/05/2022 16:10:40 PM - INFO - average delay [1597.0]
04/05/2022 16:10:40 PM - INFO - nowTs is [232313], lastTs is [232068]
04/05/2022 16:10:40 PM - INFO - [in this interval] loss-ratio is [0.0]
04/05/2022 16:10:40 PM - INFO - [in this interval] group num is [10]
04/05/2022 16:10:40 PM - INFO - [in this interval] delayDelta from group is [[-9, -12, -11, -11, -5, -11, -9, -3, -9]]
04/05/2022 16:10:40 PM - INFO - sample List of accDelay : [[-7410.5931619156945, -7411.333845724125, -7413.400461151713, -7417.160415036541, -7420.744373532887, -7422.669936179598, -7428.002942561638, -7433.802648305474, -7440.422383474926, -7447.680145127434, -7455.112130614691, -7462.700917553221, -7470.730825797899, -7479.057743218109, -7487.651968896298, -7495.886772006668, -7504.398094806001, -7512.9582853254005, -7520.96245679286, -7529.066211113574]]
04/05/2022 16:10:40 PM - INFO - sample List of time: [[231540, 231583, 231604, 231625, 231636, 231664, 231692, 231711, 231731, 231752, 231774, 231815, 231841, 231864, 231888, 231912, 231937, 231961, 231987, 232014]]
04/05/2022 16:10:40 PM - INFO - update trend: [-0.27068226954498253]
04/05/2022 16:10:40 PM - INFO - estimateQueueDelayDuration [-64.9637446907958] = queueDelayDelta [-1.0827290781799301] * numCount[1001]
04/05/2022 16:10:40 PM - INFO - [in this interval] signal is [Signal.UNDER_USE]
04/05/2022 16:10:40 PM - INFO - [in this interval] adaptiveThresholdGamma is [64.9637446907958]
04/05/2022 16:10:40 PM - INFO - [in this interval] state is [State.HOLD]
04/05/2022 16:10:40 PM - INFO - [in this interval] now real rate is [0.58488]mbps
04/05/2022 16:10:40 PM - INFO - [in this interval] now real rtt is [3556]
04/05/2022 16:10:40 PM - INFO - [in this interval] aimd control rate is [0.6620004844315157] mbps
04/05/2022 16:10:40 PM - INFO - [in this interval] delay-rate is [0.6620004844315157] mbps
04/05/2022 16:10:40 PM - INFO - average delay [1580.8]
04/05/2022 16:10:40 PM - INFO - average delay [1549.5]
04/05/2022 16:10:40 PM - INFO - average delay [1517.8333333333333]
04/05/2022 16:10:40 PM - INFO - average delay [1481.3333333333333]
04/05/2022 16:10:40 PM - INFO - nowTs is [232553], lastTs is [232313]
04/05/2022 16:10:40 PM - INFO - [in this interval] loss-ratio is [0.0]
04/05/2022 16:10:40 PM - INFO - [in this interval] group num is [11]
04/05/2022 16:10:40 PM - INFO - [in this interval] delayDelta from group is [[-9, -15, -14, -9, -14, -14, -8, -14, 0, -8]]
04/05/2022 16:10:40 PM - INFO - sample List of accDelay : [[-7455.112130614691, -7462.700917553221, -7470.730825797899, -7479.057743218109, -7487.651968896298, -7495.886772006668, -7504.398094806001, -7512.9582853254005, -7520.96245679286, -7529.066211113574, -7537.259590002216, -7546.133631001994, -7555.520267901795, -7564.868241111615, -7574.681417000454, -7584.913275300408, -7594.921947770367, -7605.329752993331, -7614.696777693997, -7623.927099924597]]
04/05/2022 16:10:40 PM - INFO - sample List of time: [[231774, 231815, 231841, 231864, 231888, 231912, 231937, 231961, 231987, 232014, 232060, 232081, 232101, 232122, 232143, 232164, 232185, 232207, 232228, 232263]]
04/05/2022 16:10:40 PM - INFO - update trend: [-0.35180414986285174]
04/05/2022 16:10:40 PM - INFO - estimateQueueDelayDuration [-84.43299596708442] = queueDelayDelta [-1.407216599451407] * numCount[1001]
04/05/2022 16:10:40 PM - INFO - [in this interval] signal is [Signal.UNDER_USE]
04/05/2022 16:10:40 PM - INFO - [in this interval] adaptiveThresholdGamma is [64.9637446907958]
04/05/2022 16:10:40 PM - INFO - [in this interval] state is [State.HOLD]
04/05/2022 16:10:40 PM - INFO - [in this interval] now real rate is [0.7455505154639176]mbps
04/05/2022 16:10:40 PM - INFO - [in this interval] now real rtt is [3316]
04/05/2022 16:10:40 PM - INFO - [in this interval] aimd control rate is [0.6620004844315157] mbps
04/05/2022 16:10:40 PM - INFO - [in this interval] delay-rate is [0.6620004844315157] mbps
04/05/2022 16:10:40 PM - INFO - average delay [1461.0]
04/05/2022 16:10:40 PM - INFO - average delay [1465.3333333333333]
04/05/2022 16:10:40 PM - INFO - average delay [1465.0]
04/05/2022 16:10:40 PM - INFO - average delay [1466.75]
04/05/2022 16:10:40 PM - INFO - nowTs is [232788], lastTs is [232553]
04/05/2022 16:10:40 PM - INFO - [in this interval] loss-ratio is [0.0]
04/05/2022 16:10:40 PM - INFO - [in this interval] group num is [6]
04/05/2022 16:10:40 PM - INFO - [in this interval] delayDelta from group is [[-1, 0, 4, 0, 45]]
04/05/2022 16:10:40 PM - INFO - sample List of accDelay : [[-7495.886772006668, -7504.398094806001, -7512.9582853254005, -7520.96245679286, -7529.066211113574, -7537.259590002216, -7546.133631001994, -7555.520267901795, -7564.868241111615, -7574.681417000454, -7584.913275300408, -7594.921947770367, -7605.329752993331, -7614.696777693997, -7623.927099924597, -7632.334389932138, -7639.900950938924, -7646.310855845031, -7652.079770260528, -7652.771793234475]]
04/05/2022 16:10:40 PM - INFO - sample List of time: [[231912, 231937, 231961, 231987, 232014, 232060, 232081, 232101, 232122, 232143, 232164, 232185, 232207, 232228, 232263, 232297, 232331, 232366, 232400, 232435]]
04/05/2022 16:10:40 PM - INFO - update trend: [-0.3323066384506459]
04/05/2022 16:10:40 PM - INFO - estimateQueueDelayDuration [-79.75359322815501] = queueDelayDelta [-1.3292265538025836] * numCount[1000]
04/05/2022 16:10:40 PM - INFO - [in this interval] signal is [Signal.UNDER_USE]
04/05/2022 16:10:40 PM - INFO - [in this interval] adaptiveThresholdGamma is [79.75359322815501]
04/05/2022 16:10:40 PM - INFO - [in this interval] state is [State.HOLD]
04/05/2022 16:10:40 PM - INFO - [in this interval] now real rate is [0.665672131147541]mbps
04/05/2022 16:10:40 PM - INFO - [in this interval] now real rtt is [3436]
04/05/2022 16:10:40 PM - INFO - [in this interval] aimd control rate is [0.6620004844315157] mbps
04/05/2022 16:10:40 PM - INFO - [in this interval] delay-rate is [0.6620004844315157] mbps
04/05/2022 16:10:40 PM - INFO - average delay [1500.5]
04/05/2022 16:10:40 PM - INFO - average delay [1534.0]
04/05/2022 16:10:40 PM - INFO - average delay [1574.5]
04/05/2022 16:10:40 PM - INFO - average delay [1588.75]
04/05/2022 16:10:40 PM - INFO - nowTs is [233027], lastTs is [232788]
04/05/2022 16:10:40 PM - INFO - [in this interval] loss-ratio is [0.0]
04/05/2022 16:10:40 PM - INFO - [in this interval] group num is [5]
04/05/2022 16:10:40 PM - INFO - [in this interval] delayDelta from group is [[25, 4, 9, -10]]
04/05/2022 16:10:40 PM - INFO - sample List of accDelay : [[-7529.066211113574, -7537.259590002216, -7546.133631001994, -7555.520267901795, -7564.868241111615, -7574.681417000454, -7584.913275300408, -7594.921947770367, -7605.329752993331, -7614.696777693997, -7623.927099924597, -7632.334389932138, -7639.900950938924, -7646.310855845031, -7652.079770260528, -7652.771793234475, -7650.894613911028, -7648.805152519925, -7646.024637267932, -7644.522173541139]]
04/05/2022 16:10:40 PM - INFO - sample List of time: [[232014, 232060, 232081, 232101, 232122, 232143, 232164, 232185, 232207, 232228, 232263, 232297, 232331, 232366, 232400, 232435, 232596, 232656, 232695, 232734]]
04/05/2022 16:10:40 PM - INFO - update trend: [-0.16517473875474628]
04/05/2022 16:10:40 PM - INFO - estimateQueueDelayDuration [-39.64193730113911] = queueDelayDelta [-0.6606989550189851] * numCount[1000]
04/05/2022 16:10:40 PM - INFO - [in this interval] signal is [Signal.NORMAL]
04/05/2022 16:10:40 PM - INFO - [in this interval] adaptiveThresholdGamma is [79.03158342146872]
04/05/2022 16:10:40 PM - INFO - [in this interval] state is [State.INCREASE]
04/05/2022 16:10:40 PM - INFO - [in this interval] now real rate is [0.44431771894093686]mbps
04/05/2022 16:10:40 PM - INFO - [in this interval] now real rtt is [3594]
04/05/2022 16:10:40 PM - INFO - [in this interval] aimd control rate is [0.6656782649005797] mbps
04/05/2022 16:10:40 PM - INFO - [in this interval] delay-rate is [0.6656782649005797] mbps
04/05/2022 16:10:40 PM - INFO - average delay [1598.5]
04/05/2022 16:10:40 PM - INFO - average delay [1609.6666666666667]
04/05/2022 16:10:40 PM - INFO - average delay [1604.0]
04/05/2022 16:10:40 PM - INFO - average delay [1547.0]
04/05/2022 16:10:40 PM - INFO - nowTs is [233263], lastTs is [233027]
04/05/2022 16:10:40 PM - INFO - [in this interval] loss-ratio is [0.3181818181818182]
04/05/2022 16:10:40 PM - INFO - [in this interval] group num is [12]
04/05/2022 16:10:40 PM - INFO - [in this interval] delayDelta from group is [[4, 3, -15, -21, -15, -21, -21, -15, -21, -12, -10]]
04/05/2022 16:10:40 PM - INFO - sample List of accDelay : [[-7632.334389932138, -7639.900950938924, -7646.310855845031, -7652.079770260528, -7652.771793234475, -7650.894613911028, -7648.805152519925, -7646.024637267932, -7644.522173541139, -7642.769956187025, -7640.892960568322, -7640.70366451149, -7642.633298060341, -7645.869968254307, -7650.882971428876, -7657.494674285988, -7664.945206857389, -7673.75068617165, -7682.875617554485, -7692.088055799037]]
04/05/2022 16:10:40 PM - INFO - sample List of time: [[232297, 232331, 232366, 232400, 232435, 232596, 232656, 232695, 232734, 232774, 232813, 232846, 232861, 232875, 232890, 232904, 232918, 232933, 232947, 232975]]
04/05/2022 16:10:40 PM - INFO - update trend: [-0.03549818467907565]
04/05/2022 16:10:40 PM - INFO - estimateQueueDelayDuration [-8.519564322978157] = queueDelayDelta [-0.1419927387163026] * numCount[1001]
04/05/2022 16:10:40 PM - INFO - [in this interval] signal is [Signal.NORMAL]
04/05/2022 16:10:40 PM - INFO - [in this interval] adaptiveThresholdGamma is [77.7623670776959]
04/05/2022 16:10:40 PM - INFO - [in this interval] state is [State.INCREASE]
04/05/2022 16:10:40 PM - INFO - [in this interval] now real rate is [0.5299368421052632]mbps
04/05/2022 16:10:40 PM - INFO - [in this interval] now real rtt is [3336]
04/05/2022 16:10:40 PM - INFO - [in this interval] aimd control rate is [0.6693764774833607] mbps
04/05/2022 16:10:40 PM - INFO - [in this interval] delay-rate is [0.6693764774833607] mbps
04/05/2022 16:10:40 PM - INFO - average delay [1483.2]
04/05/2022 16:10:40 PM - INFO - average delay [1449.5]
04/05/2022 16:10:40 PM - INFO - average delay [1455.0]
04/05/2022 16:10:40 PM - INFO - average delay [1461.75]
04/05/2022 16:10:40 PM - INFO - nowTs is [233500], lastTs is [233263]
04/05/2022 16:10:40 PM - INFO - [in this interval] loss-ratio is [0.07142857142857142]
04/05/2022 16:10:40 PM - INFO - [in this interval] group num is [7]
04/05/2022 16:10:40 PM - INFO - [in this interval] delayDelta from group is [[-1, 8, 4, 4, 9, -10]]
04/05/2022 16:10:40 PM - INFO - sample List of accDelay : [[-7648.805152519925, -7646.024637267932, -7644.522173541139, -7642.769956187025, -7640.892960568322, -7640.70366451149, -7642.633298060341, -7645.869968254307, -7650.882971428876, -7657.494674285988, -7664.945206857389, -7673.75068617165, -7682.875617554485, -7692.088055799037, -7700.479250219133, -7707.23132519722, -7712.908192677498, -7717.617373409748, -7720.955636068773, -7724.960072461895]]
04/05/2022 16:10:40 PM - INFO - sample List of time: [[232656, 232695, 232734, 232774, 232813, 232846, 232861, 232875, 232890, 232904, 232918, 232933, 232947, 232975, 233018, 233052, 233090, 233129, 233168, 233207]]
04/05/2022 16:10:40 PM - INFO - update trend: [-0.1866153783761212]
04/05/2022 16:10:40 PM - INFO - estimateQueueDelayDuration [-44.78769081026908] = queueDelayDelta [-0.7464615135044848] * numCount[1001]
04/05/2022 16:10:40 PM - INFO - [in this interval] signal is [Signal.NORMAL]
04/05/2022 16:10:40 PM - INFO - [in this interval] adaptiveThresholdGamma is [77.16882290488222]
04/05/2022 16:10:40 PM - INFO - [in this interval] state is [State.INCREASE]
04/05/2022 16:10:40 PM - INFO - [in this interval] now real rate is [0.614815415821501]mbps
04/05/2022 16:10:40 PM - INFO - [in this interval] now real rtt is [3340]
04/05/2022 16:10:40 PM - INFO - [in this interval] aimd control rate is [0.6730952356916016] mbps
04/05/2022 16:10:40 PM - INFO - [in this interval] delay-rate is [0.6730952356916016] mbps
04/05/2022 16:10:40 PM - INFO - average delay [1471.5]
04/05/2022 16:10:40 PM - INFO - average delay [1487.6666666666667]
04/05/2022 16:10:40 PM - INFO - average delay [1493.6666666666667]
04/05/2022 16:10:40 PM - INFO - average delay [1490.6666666666667]
04/05/2022 16:10:40 PM - INFO - nowTs is [233745], lastTs is [233500]
04/05/2022 16:10:40 PM - INFO - [in this interval] loss-ratio is [0.375]
04/05/2022 16:10:40 PM - INFO - [in this interval] group num is [6]
04/05/2022 16:10:40 PM - INFO - [in this interval] delayDelta from group is [[15, -5, -6, 9, 43]]
04/05/2022 16:10:40 PM - INFO - sample List of accDelay : [[-7640.70366451149, -7642.633298060341, -7645.869968254307, -7650.882971428876, -7657.494674285988, -7664.945206857389, -7673.75068617165, -7682.875617554485, -7692.088055799037, -7700.479250219133, -7707.23132519722, -7712.908192677498, -7717.617373409748, -7720.955636068773, -7724.960072461895, -7727.064065215705, -7729.457658694135, -7732.211892824721, -7733.7907035422495, -7730.911633188025]]
04/05/2022 16:10:40 PM - INFO - sample List of time: [[232846, 232861, 232875, 232890, 232904, 232918, 232933, 232947, 232975, 233018, 233052, 233090, 233129, 233168, 233207, 233246, 233296, 233321, 233345, 233394]]
04/05/2022 16:10:40 PM - INFO - update trend: [-0.1761818290291148]
04/05/2022 16:10:40 PM - INFO - estimateQueueDelayDuration [-42.28363896698755] = queueDelayDelta [-0.7047273161164592] * numCount[1000]
04/05/2022 16:10:40 PM - INFO - [in this interval] signal is [Signal.NORMAL]
04/05/2022 16:10:40 PM - INFO - [in this interval] adaptiveThresholdGamma is [76.54088959400012]
04/05/2022 16:10:40 PM - INFO - [in this interval] state is [State.INCREASE]
04/05/2022 16:10:40 PM - INFO - [in this interval] now real rate is [0.5134004024144869]mbps
04/05/2022 16:10:40 PM - INFO - [in this interval] now real rtt is [3480]
04/05/2022 16:10:40 PM - INFO - [in this interval] aimd control rate is [0.676834653667666] mbps
04/05/2022 16:10:40 PM - INFO - [in this interval] delay-rate is [0.676834653667666] mbps
04/05/2022 16:10:40 PM - INFO - average delay [1518.3333333333333]
04/05/2022 16:10:40 PM - INFO - average delay [1558.0]
04/05/2022 16:10:40 PM - INFO - average delay [1574.6666666666667]
04/05/2022 16:10:40 PM - INFO - average delay [1592.3333333333333]
04/05/2022 16:10:40 PM - INFO - nowTs is [233980], lastTs is [233745]
04/05/2022 16:10:40 PM - INFO - [in this interval] loss-ratio is [0.3333333333333333]
04/05/2022 16:10:40 PM - INFO - [in this interval] group num is [6]
04/05/2022 16:10:40 PM - INFO - [in this interval] delayDelta from group is [[8, 11, 16, 15, 41]]
04/05/2022 16:10:40 PM - INFO - sample List of accDelay : [[-7664.945206857389, -7673.75068617165, -7682.875617554485, -7692.088055799037, -7700.479250219133, -7707.23132519722, -7712.908192677498, -7717.617373409748, -7720.955636068773, -7724.960072461895, -7727.064065215705, -7729.457658694135, -7732.211892824721, -7733.7907035422495, -7730.911633188025, -7727.520469869222, -7723.3684228822995, -7718.03158059407, -7711.728422534663, -7701.9555802811965]]
04/05/2022 16:10:40 PM - INFO - sample List of time: [[232918, 232933, 232947, 232975, 233018, 233052, 233090, 233129, 233168, 233207, 233246, 233296, 233321, 233345, 233394, 233501, 233529, 233555, 233581, 233631]]
04/05/2022 16:10:40 PM - INFO - update trend: [-0.053113247715714046]
04/05/2022 16:10:40 PM - INFO - estimateQueueDelayDuration [-12.747179451771371] = queueDelayDelta [-0.21245299086285618] * numCount[1001]
04/05/2022 16:10:40 PM - INFO - [in this interval] signal is [Signal.NORMAL]
04/05/2022 16:10:40 PM - INFO - [in this interval] adaptiveThresholdGamma is [75.39260281144]
04/05/2022 16:10:40 PM - INFO - [in this interval] state is [State.INCREASE]
04/05/2022 16:10:40 PM - INFO - [in this interval] now real rate is [0.406928]mbps
04/05/2022 16:10:40 PM - INFO - [in this interval] now real rtt is [3690]
04/05/2022 16:10:40 PM - INFO - [in this interval] aimd control rate is [0.680594846188042] mbps
04/05/2022 16:10:40 PM - INFO - [in this interval] delay-rate is [0.680594846188042] mbps
04/05/2022 16:10:40 PM - INFO - average delay [1628.5]
04/05/2022 16:10:40 PM - INFO - average delay [1655.0]
04/05/2022 16:10:40 PM - INFO - average delay [1694.5]
04/05/2022 16:10:40 PM - INFO - average delay [1726.0]
04/05/2022 16:10:40 PM - INFO - nowTs is [234232], lastTs is [233980]
04/05/2022 16:10:40 PM - INFO - [in this interval] loss-ratio is [0.0]
04/05/2022 16:10:40 PM - INFO - [in this interval] group num is [6]
04/05/2022 16:10:40 PM - INFO - [in this interval] delayDelta from group is [[45, -6, -6, -1, -18]]
04/05/2022 16:10:40 PM - INFO - sample List of accDelay : [[-7707.23132519722, -7712.908192677498, -7717.617373409748, -7720.955636068773, -7724.960072461895, -7727.064065215705, -7729.457658694135, -7732.211892824721, -7733.7907035422495, -7730.911633188025, -7727.520469869222, -7723.3684228822995, -7718.03158059407, -7711.728422534663, -7701.9555802811965, -7688.660022253077, -7677.294020027769, -7667.664618024992, -7659.098156222492, -7653.1883406002435]]
04/05/2022 16:10:40 PM - INFO - sample List of time: [[233052, 233090, 233129, 233168, 233207, 233246, 233296, 233321, 233345, 233394, 233501, 233529, 233555, 233581, 233631, 233785, 233860, 233889, 233918, 233947]]
04/05/2022 16:10:40 PM - INFO - update trend: [0.06831847775739501]
04/05/2022 16:10:40 PM - INFO - estimateQueueDelayDuration [16.3964346617748] = queueDelayDelta [0.27327391102958004] * numCount[1000]
04/05/2022 16:10:40 PM - INFO - [in this interval] signal is [Signal.NORMAL]
04/05/2022 16:10:40 PM - INFO - [in this interval] adaptiveThresholdGamma is [74.33067178474603]
04/05/2022 16:10:40 PM - INFO - [in this interval] state is [State.INCREASE]
04/05/2022 16:10:40 PM - INFO - [in this interval] now real rate is [0.3962217659137577]mbps
04/05/2022 16:10:40 PM - INFO - [in this interval] now real rtt is [3804]
04/05/2022 16:10:40 PM - INFO - [in this interval] aimd control rate is [0.6843759286668644] mbps
04/05/2022 16:10:40 PM - INFO - [in this interval] delay-rate is [0.6843759286668644] mbps
04/05/2022 16:10:40 PM - INFO - average delay [1713.2]
04/05/2022 16:10:40 PM - INFO - average delay [1693.8]
04/05/2022 16:10:40 PM - INFO - average delay [1679.6]
04/05/2022 16:10:40 PM - INFO - average delay [1674.0]
04/05/2022 16:10:40 PM - INFO - nowTs is [234465], lastTs is [234232]
04/05/2022 16:10:40 PM - INFO - [in this interval] loss-ratio is [0.0]
04/05/2022 16:10:40 PM - INFO - [in this interval] group num is [9]
04/05/2022 16:10:40 PM - INFO - [in this interval] delayDelta from group is [[-12, -5, -7, -4, 0, -1, -1, -8]]
04/05/2022 16:10:40 PM - INFO - sample List of accDelay : [[-7733.7907035422495, -7730.911633188025, -7727.520469869222, -7723.3684228822995, -7718.03158059407, -7711.728422534663, -7701.9555802811965, -7688.660022253077, -7677.294020027769, -7667.664618024992, -7659.098156222492, -7653.1883406002435, -7649.069506540219, -7645.862555886197, -7643.676300297577, -7642.108670267819, -7640.697803241038, -7639.528022916934, -7638.575220625241, -7638.517698562717]]
04/05/2022 16:10:40 PM - INFO - sample List of time: [[233345, 233394, 233501, 233529, 233555, 233581, 233631, 233785, 233860, 233889, 233918, 233947, 233970, 233993, 234018, 234046, 234077, 234107, 234141, 234175]]
04/05/2022 16:10:40 PM - INFO - update trend: [0.1369330144734388]
04/05/2022 16:10:40 PM - INFO - estimateQueueDelayDuration [32.86392347362531] = queueDelayDelta [0.5477320578937552] * numCount[1000]
04/05/2022 16:10:40 PM - INFO - [in this interval] signal is [Signal.NORMAL]
04/05/2022 16:10:40 PM - INFO - [in this interval] adaptiveThresholdGamma is [73.58427031514586]
04/05/2022 16:10:40 PM - INFO - [in this interval] state is [State.INCREASE]
04/05/2022 16:10:40 PM - INFO - [in this interval] now real rate is [0.5200164948453608]mbps
04/05/2022 16:10:40 PM - INFO - [in this interval] now real rtt is [3740]
04/05/2022 16:10:40 PM - INFO - [in this interval] aimd control rate is [0.6881780171594581] mbps
04/05/2022 16:10:40 PM - INFO - [in this interval] delay-rate is [0.6881780171594581] mbps
04/05/2022 16:10:40 PM - INFO - average delay [1673.25]
04/05/2022 16:10:40 PM - INFO - average delay [1677.6666666666667]
04/05/2022 16:10:40 PM - INFO - average delay [1687.0]
04/05/2022 16:10:40 PM - INFO - average delay [1703.0]
04/05/2022 16:10:40 PM - INFO - nowTs is [234705], lastTs is [234465]
04/05/2022 16:10:40 PM - INFO - [in this interval] loss-ratio is [0.0]
04/05/2022 16:10:40 PM - INFO - [in this interval] group num is [6]
04/05/2022 16:10:40 PM - INFO - [in this interval] delayDelta from group is [[0, 11, 18, 12, 12]]
04/05/2022 16:10:40 PM - INFO - sample List of accDelay : [[-7711.728422534663, -7701.9555802811965, -7688.660022253077, -7677.294020027769, -7667.664618024992, -7659.098156222492, -7653.1883406002435, -7649.069506540219, -7645.862555886197, -7643.676300297577, -7642.108670267819, -7640.697803241038, -7639.528022916934, -7638.575220625241, -7638.517698562717, -7638.465928706445, -7637.3193358358, -7634.48740225222, -7630.738662026998, -7626.164795824298]]
04/05/2022 16:10:40 PM - INFO - sample List of time: [[233581, 233631, 233785, 233860, 233889, 233918, 233947, 233970, 233993, 234018, 234046, 234077, 234107, 234141, 234175, 234209, 234244, 234290, 234338, 234385]]
04/05/2022 16:10:40 PM - INFO - update trend: [0.10370976549220058]
04/05/2022 16:10:40 PM - INFO - estimateQueueDelayDuration [24.89034371812814] = queueDelayDelta [0.4148390619688023] * numCount[1001]
04/05/2022 16:10:40 PM - INFO - [in this interval] signal is [Signal.NORMAL]
04/05/2022 16:10:40 PM - INFO - [in this interval] adaptiveThresholdGamma is [72.70777963639954]
04/05/2022 16:10:40 PM - INFO - [in this interval] state is [State.INCREASE]
04/05/2022 16:10:40 PM - INFO - [in this interval] now real rate is [0.5518236472945891]mbps
04/05/2022 16:10:40 PM - INFO - [in this interval] now real rtt is [3870]
04/05/2022 16:10:40 PM - INFO - [in this interval] aimd control rate is [0.6920012283658995] mbps
04/05/2022 16:10:40 PM - INFO - [in this interval] delay-rate is [0.6920012283658995] mbps
04/05/2022 16:10:40 PM - INFO - average delay [1724.6666666666667]
04/05/2022 16:10:40 PM - INFO - average delay [1733.0]
04/05/2022 16:10:40 PM - INFO - average delay [1739.75]
04/05/2022 16:10:40 PM - INFO - average delay [1739.25]
04/05/2022 16:10:40 PM - INFO - nowTs is [234949], lastTs is [234705]
04/05/2022 16:10:40 PM - INFO - [in this interval] loss-ratio is [0.07142857142857142]
04/05/2022 16:10:40 PM - INFO - [in this interval] group num is [7]
04/05/2022 16:10:40 PM - INFO - [in this interval] delayDelta from group is [[2, 2, 7, -11, -2, 10]]
04/05/2022 16:10:40 PM - INFO - sample List of accDelay : [[-7653.1883406002435, -7649.069506540219, -7645.862555886197, -7643.676300297577, -7642.108670267819, -7640.697803241038, -7639.528022916934, -7638.575220625241, -7638.517698562717, -7638.465928706445, -7637.3193358358, -7634.48740225222, -7630.738662026998, -7626.164795824298, -7621.848316241869, -7617.763484617682, -7613.387136155913, -7610.548422540322, -7608.193580286289, -7605.07422225766]]
04/05/2022 16:10:40 PM - INFO - sample List of time: [[233947, 233970, 233993, 234018, 234046, 234077, 234107, 234141, 234175, 234209, 234244, 234290, 234338, 234385, 234468, 234505, 234542, 234579, 234598, 234636]]
04/05/2022 16:10:40 PM - INFO - update trend: [0.061278400562989964]
04/05/2022 16:10:40 PM - INFO - estimateQueueDelayDuration [14.706816135117592] = queueDelayDelta [0.24511360225195986] * numCount[1001]
04/05/2022 16:10:40 PM - INFO - [in this interval] signal is [Signal.NORMAL]
04/05/2022 16:10:40 PM - INFO - [in this interval] adaptiveThresholdGamma is [71.66376229337646]
04/05/2022 16:10:40 PM - INFO - [in this interval] state is [State.INCREASE]
04/05/2022 16:10:40 PM - INFO - [in this interval] now real rate is [0.5133223140495867]mbps
04/05/2022 16:10:40 PM - INFO - [in this interval] now real rtt is [3898]
04/05/2022 16:10:40 PM - INFO - [in this interval] aimd control rate is [0.695845679634599] mbps
04/05/2022 16:10:40 PM - INFO - [in this interval] delay-rate is [0.695845679634599] mbps
04/05/2022 16:10:40 PM - INFO - average delay [1736.75]
04/05/2022 16:10:40 PM - INFO - average delay [1746.0]
04/05/2022 16:10:40 PM - INFO - average delay [1764.3333333333333]
04/05/2022 16:10:40 PM - INFO - average delay [1775.0]
04/05/2022 16:10:40 PM - INFO - nowTs is [235188], lastTs is [234949]
04/05/2022 16:10:40 PM - INFO - [in this interval] loss-ratio is [0.08333333333333333]
04/05/2022 16:10:40 PM - INFO - [in this interval] group num is [6]
04/05/2022 16:10:40 PM - INFO - [in this interval] delayDelta from group is [[7, 13, 10, 13, 6]]
04/05/2022 16:10:40 PM - INFO - sample List of accDelay : [[-7640.697803241038, -7639.528022916934, -7638.575220625241, -7638.517698562717, -7638.465928706445, -7637.3193358358, -7634.48740225222, -7630.738662026998, -7626.164795824298, -7621.848316241869, -7617.763484617682, -7613.387136155913, -7610.548422540322, -7608.193580286289, -7605.07422225766, -7601.566800031894, -7597.110120028704, -7592.099108025834, -7586.28919722325, -7580.460277500925]]
04/05/2022 16:10:40 PM - INFO - sample List of time: [[234077, 234107, 234141, 234175, 234209, 234244, 234290, 234338, 234385, 234468, 234505, 234542, 234579, 234598, 234636, 234716, 234758, 234801, 234846, 234894]]
04/05/2022 16:10:40 PM - INFO - update trend: [0.07393126356002865]
04/05/2022 16:10:40 PM - INFO - estimateQueueDelayDuration [17.743503254406875] = queueDelayDelta [0.2957250542401146] * numCount[1000]
04/05/2022 16:10:40 PM - INFO - [in this interval] signal is [Signal.NORMAL]
04/05/2022 16:10:40 PM - INFO - [in this interval] adaptiveThresholdGamma is [70.69319763067502]
04/05/2022 16:10:40 PM - INFO - [in this interval] state is [State.INCREASE]
04/05/2022 16:10:40 PM - INFO - [in this interval] now real rate is [0.5376397515527951]mbps
04/05/2022 16:10:40 PM - INFO - [in this interval] now real rtt is [4006]
04/05/2022 16:10:40 PM - INFO - [in this interval] aimd control rate is [0.6997114889659024] mbps
04/05/2022 16:10:40 PM - INFO - [in this interval] delay-rate is [0.6997114889659024] mbps
04/05/2022 16:10:40 PM - INFO - average delay [1792.6666666666667]
04/05/2022 16:10:40 PM - INFO - average delay [1830.0]
04/05/2022 16:10:40 PM - INFO - average delay [1841.6666666666667]
04/05/2022 16:10:40 PM - INFO - average delay [1848.0]
04/05/2022 16:10:40 PM - INFO - nowTs is [235408], lastTs is [235188]
04/05/2022 16:10:40 PM - INFO - [in this interval] loss-ratio is [0.4375]
04/05/2022 16:10:40 PM - INFO - [in this interval] group num is [8]
04/05/2022 16:10:40 PM - INFO - [in this interval] delayDelta from group is [[7, 2, 1, 3, 9, 9, 14]]
04/05/2022 16:10:40 PM - INFO - sample List of accDelay : [[-7630.738662026998, -7626.164795824298, -7621.848316241869, -7617.763484617682, -7613.387136155913, -7610.548422540322, -7608.193580286289, -7605.07422225766, -7601.566800031894, -7597.110120028704, -7592.099108025834, -7586.28919722325, -7580.460277500925, -7574.514249750832, -7568.962824775749, -7563.866542298175, -7558.9798880683575, -7553.681899261522, -7548.01370933537, -7541.512338401833]]
04/05/2022 16:10:40 PM - INFO - sample List of time: [[234338, 234385, 234468, 234505, 234542, 234579, 234598, 234636, 234716, 234758, 234801, 234846, 234894, 234960, 234982, 235004, 235025, 235048, 235077, 235106]]
04/05/2022 16:10:40 PM - INFO - update trend: [0.11009839010089553]
04/05/2022 16:10:40 PM - INFO - estimateQueueDelayDuration [26.423613624214926] = queueDelayDelta [0.44039356040358213] * numCount[1001]
04/05/2022 16:10:40 PM - INFO - [in this interval] signal is [Signal.NORMAL]
04/05/2022 16:10:40 PM - INFO - [in this interval] adaptiveThresholdGamma is [69.89634511855873]
04/05/2022 16:10:40 PM - INFO - [in this interval] state is [State.INCREASE]
04/05/2022 16:10:40 PM - INFO - [in this interval] now real rate is [0.4909498997995992]mbps
04/05/2022 16:10:40 PM - INFO - [in this interval] now real rtt is [4156]
04/05/2022 16:10:40 PM - INFO - [in this interval] aimd control rate is [0.703598775015713] mbps
04/05/2022 16:10:40 PM - INFO - [in this interval] delay-rate is [0.703598775015713] mbps
04/05/2022 16:10:40 PM - INFO - average delay [1865.6666666666665]
04/05/2022 16:10:40 PM - INFO - average delay [1878.6666666666665]
04/05/2022 16:10:40 PM - INFO - average delay [1891.0]
04/05/2022 16:10:40 PM - INFO - nowTs is [235608], lastTs is [235408]
04/05/2022 16:10:40 PM - INFO - [in this interval] loss-ratio is [0.36363636363636365]
04/05/2022 16:10:40 PM - INFO - [in this interval] group num is [5]
04/05/2022 16:10:40 PM - INFO - [in this interval] delayDelta from group is [[22, -1, -7, 22]]
04/05/2022 16:10:40 PM - INFO - sample List of accDelay : [[-7613.387136155913, -7610.548422540322, -7608.193580286289, -7605.07422225766, -7601.566800031894, -7597.110120028704, -7592.099108025834, -7586.28919722325, -7580.460277500925, -7574.514249750832, -7568.962824775749, -7563.866542298175, -7558.9798880683575, -7553.681899261522, -7548.01370933537, -7541.512338401833, -7533.461104561649, -7526.314994105484, -7520.583494694935, -7513.225145225441]]
04/05/2022 16:10:40 PM - INFO - sample List of time: [[234542, 234579, 234598, 234636, 234716, 234758, 234801, 234846, 234894, 234960, 234982, 235004, 235025, 235048, 235077, 235106, 235164, 235221, 235250, 235278]]
04/05/2022 16:10:40 PM - INFO - update trend: [0.13610388615486368]
04/05/2022 16:10:40 PM - INFO - estimateQueueDelayDuration [32.664932677167286] = queueDelayDelta [0.5444155446194547] * numCount[1001]
04/05/2022 16:10:40 PM - INFO - [in this interval] signal is [Signal.NORMAL]
04/05/2022 16:10:40 PM - INFO - [in this interval] adaptiveThresholdGamma is [69.22617969461368]
04/05/2022 16:10:40 PM - INFO - [in this interval] state is [State.INCREASE]
04/05/2022 16:10:40 PM - INFO - [in this interval] now real rate is [0.4322453987730061]mbps
04/05/2022 16:10:40 PM - INFO - [in this interval] now real rtt is [4216]
04/05/2022 16:10:40 PM - INFO - [in this interval] aimd control rate is [0.7075076570991335] mbps
04/05/2022 16:10:40 PM - INFO - [in this interval] delay-rate is [0.7075076570991335] mbps
04/05/2022 16:10:40 PM - INFO - average delay [1893.0]
04/05/2022 16:10:40 PM - INFO - average delay [1904.0]
04/05/2022 16:10:40 PM - INFO - average delay [1898.0]
04/05/2022 16:10:40 PM - INFO - average delay [1885.5]
04/05/2022 16:10:40 PM - INFO - nowTs is [235846], lastTs is [235608]
04/05/2022 16:10:40 PM - INFO - [in this interval] loss-ratio is [0.45]
04/05/2022 16:10:40 PM - INFO - [in this interval] group num is [9]
04/05/2022 16:10:40 PM - INFO - [in this interval] delayDelta from group is [[-6, -1, 5, -12, -12, -5, -42, -18]]
04/05/2022 16:10:40 PM - INFO - sample List of accDelay : [[-7580.460277500925, -7574.514249750832, -7568.962824775749, -7563.866542298175, -7558.9798880683575, -7553.681899261522, -7548.01370933537, -7541.512338401833, -7533.461104561649, -7526.314994105484, -7520.583494694935, -7513.225145225441, -7507.202630702897, -7501.882367632607, -7496.594130869346, -7493.0347177824115, -7491.0312460041705, -7489.728121403754, -7492.755309263379, -7497.2797783370415]]
04/05/2022 16:10:40 PM - INFO - sample List of time: [[234894, 234960, 234982, 235004, 235025, 235048, 235077, 235106, 235164, 235221, 235250, 235278, 235364, 235393, 235422, 235467, 235485, 235503, 235538, 235556]]
04/05/2022 16:10:40 PM - INFO - update trend: [0.142149111602658]
04/05/2022 16:10:40 PM - INFO - estimateQueueDelayDuration [34.11578678463792] = queueDelayDelta [0.568596446410632] * numCount[1001]
04/05/2022 16:10:40 PM - INFO - [in this interval] signal is [Signal.NORMAL]
04/05/2022 16:10:40 PM - INFO - [in this interval] adaptiveThresholdGamma is [68.59419262223412]
04/05/2022 16:10:40 PM - INFO - [in this interval] state is [State.INCREASE]
04/05/2022 16:10:40 PM - INFO - [in this interval] now real rate is [0.4395322580645162]mbps
04/05/2022 16:10:40 PM - INFO - [in this interval] now real rtt is [4032]
04/05/2022 16:10:40 PM - INFO - [in this interval] aimd control rate is [0.7114382551941287] mbps
04/05/2022 16:10:40 PM - INFO - [in this interval] delay-rate is [0.7114382551941287] mbps
04/05/2022 16:10:40 PM - INFO - average delay [1847.25]
04/05/2022 16:10:40 PM - INFO - average delay [1772.3333333333333]
04/05/2022 16:10:40 PM - INFO - average delay [1729.0]
04/05/2022 16:10:40 PM - INFO - average delay [1734.0]
04/05/2022 16:10:40 PM - INFO - nowTs is [236083], lastTs is [235846]
04/05/2022 16:10:40 PM - INFO - [in this interval] loss-ratio is [0.38095238095238093]
04/05/2022 16:10:40 PM - INFO - [in this interval] group num is [8]
04/05/2022 16:10:40 PM - INFO - [in this interval] delayDelta from group is [[-12, -53, 2, 2, 3, 6, 2]]
04/05/2022 16:10:40 PM - INFO - sample List of accDelay : [[-7541.512338401833, -7533.461104561649, -7526.314994105484, -7520.583494694935, -7513.225145225441, -7507.202630702897, -7501.882367632607, -7496.594130869346, -7493.0347177824115, -7491.0312460041705, -7489.728121403754, -7492.755309263379, -7497.2797783370415, -7502.551800503337, -7512.596620453004, -7521.436958407703, -7529.193262566932, -7535.873936310239, -7541.286542679215, -7545.957888411293]]
04/05/2022 16:10:40 PM - INFO - sample List of time: [[235106, 235164, 235221, 235250, 235278, 235364, 235393, 235422, 235467, 235485, 235503, 235538, 235556, 235590, 235608, 235625, 235662, 235699, 235737, 235773]]
04/05/2022 16:10:40 PM - INFO - update trend: [-0.0036883381910323247]
04/05/2022 16:10:40 PM - INFO - estimateQueueDelayDuration [-0.8852011658477579] = queueDelayDelta [-0.014753352764129299] * numCount[1000]
04/05/2022 16:10:40 PM - INFO - [in this interval] signal is [Signal.NORMAL]
04/05/2022 16:10:40 PM - INFO - [in this interval] adaptiveThresholdGamma is [67.37543077601916]
04/05/2022 16:10:40 PM - INFO - [in this interval] state is [State.INCREASE]
04/05/2022 16:10:40 PM - INFO - [in this interval] now real rate is [0.5459705263157895]mbps
04/05/2022 16:10:40 PM - INFO - [in this interval] now real rtt is [3896]
04/05/2022 16:10:40 PM - INFO - [in this interval] aimd control rate is [0.7153906899452072] mbps
04/05/2022 16:10:40 PM - INFO - [in this interval] delay-rate is [0.7153906899452072] mbps
04/05/2022 16:10:40 PM - INFO - average delay [1740.5]
04/05/2022 16:10:40 PM - INFO - average delay [1744.6666666666667]
04/05/2022 16:10:40 PM - INFO - average delay [1760.3333333333333]
04/05/2022 16:10:40 PM - INFO - average delay [1768.3333333333333]
04/05/2022 16:10:40 PM - INFO - nowTs is [236311], lastTs is [236083]
04/05/2022 16:10:40 PM - INFO - [in this interval] loss-ratio is [0.0]
04/05/2022 16:10:40 PM - INFO - [in this interval] group num is [6]
04/05/2022 16:10:40 PM - INFO - [in this interval] delayDelta from group is [[11, 5, 8, 13, -7]]
04/05/2022 16:10:40 PM - INFO - sample List of accDelay : [[-7507.202630702897, -7501.882367632607, -7496.594130869346, -7493.0347177824115, -7491.0312460041705, -7489.728121403754, -7492.755309263379, -7497.2797783370415, -7502.551800503337, -7512.596620453004, -7521.436958407703, -7529.193262566932, -7535.873936310239, -7541.286542679215, -7545.957888411293, -7549.062099570164, -7551.355889613147, -7552.620300651833, -7552.458270586649, -7553.012443527984]]
04/05/2022 16:10:40 PM - INFO - sample List of time: [[235364, 235393, 235422, 235467, 235485, 235503, 235538, 235556, 235590, 235608, 235625, 235662, 235699, 235737, 235773, 235848, 235889, 235929, 235972, 236015]]
04/05/2022 16:10:40 PM - INFO - update trend: [-0.11407067490568935]
04/05/2022 16:10:40 PM - INFO - estimateQueueDelayDuration [-27.376961977365443] = queueDelayDelta [-0.4562826996227574] * numCount[1001]
04/05/2022 16:10:40 PM - INFO - [in this interval] signal is [Signal.NORMAL]
04/05/2022 16:10:40 PM - INFO - [in this interval] adaptiveThresholdGamma is [66.6554583376434]
04/05/2022 16:10:40 PM - INFO - [in this interval] state is [State.INCREASE]
04/05/2022 16:10:40 PM - INFO - [in this interval] now real rate is [0.564912]mbps
04/05/2022 16:10:40 PM - INFO - [in this interval] now real rtt is [3962]
04/05/2022 16:10:40 PM - INFO - [in this interval] aimd control rate is [0.7193650826671251] mbps
04/05/2022 16:10:40 PM - INFO - [in this interval] delay-rate is [0.7193650826671251] mbps
04/05/2022 16:10:40 PM - INFO - average delay [1780.3333333333333]
04/05/2022 16:10:40 PM - INFO - average delay [1796.75]
04/05/2022 16:10:40 PM - INFO - average delay [1786.25]
04/05/2022 16:10:40 PM - INFO - nowTs is [236515], lastTs is [236311]
04/05/2022 16:10:40 PM - INFO - [in this interval] loss-ratio is [0.3888888888888889]
04/05/2022 16:10:40 PM - INFO - [in this interval] group num is [7]
04/05/2022 16:10:40 PM - INFO - [in this interval] delayDelta from group is [[1, -7, 0, 1, -12, 1]]
04/05/2022 16:10:40 PM - INFO - sample List of accDelay : [[-7492.755309263379, -7497.2797783370415, -7502.551800503337, -7512.596620453004, -7521.436958407703, -7529.193262566932, -7535.873936310239, -7541.286542679215, -7545.957888411293, -7549.062099570164, -7551.355889613147, -7552.620300651833, -7552.458270586649, -7553.012443527984, -7553.411199175185, -7554.470079257667, -7555.4230713319, -7556.180764198711, -7558.06268777884, -7559.656419000956]]
04/05/2022 16:10:40 PM - INFO - sample List of time: [[235538, 235556, 235590, 235608, 235625, 235662, 235699, 235737, 235773, 235848, 235889, 235929, 235972, 236015, 236063, 236099, 236117, 236152, 236188, 236206]]
04/05/2022 16:10:40 PM - INFO - update trend: [-0.08434460532737735]
04/05/2022 16:10:40 PM - INFO - estimateQueueDelayDuration [-20.242705278570565] = queueDelayDelta [-0.3373784213095094] * numCount[1001]
04/05/2022 16:10:40 PM - INFO - [in this interval] signal is [Signal.NORMAL]
04/05/2022 16:10:40 PM - INFO - [in this interval] adaptiveThresholdGamma is [65.82002878258008]
04/05/2022 16:10:40 PM - INFO - [in this interval] state is [State.INCREASE]
04/05/2022 16:10:40 PM - INFO - [in this interval] now real rate is [0.5114743326488707]mbps
04/05/2022 16:10:40 PM - INFO - [in this interval] now real rtt is [3970]
04/05/2022 16:10:40 PM - INFO - [in this interval] aimd control rate is [0.7233615553486091] mbps
04/05/2022 16:10:40 PM - INFO - [in this interval] delay-rate is [0.7233615553486091] mbps
04/05/2022 16:10:40 PM - INFO - average delay [1783.0]
04/05/2022 16:10:40 PM - INFO - average delay [1808.0]
04/05/2022 16:10:40 PM - INFO - average delay [1816.6666666666667]
04/05/2022 16:10:40 PM - INFO - average delay [1840.0]
04/05/2022 16:10:40 PM - INFO - nowTs is [236742], lastTs is [236515]
04/05/2022 16:10:40 PM - INFO - [in this interval] loss-ratio is [0.25]
04/05/2022 16:10:40 PM - INFO - [in this interval] group num is [5]
04/05/2022 16:10:40 PM - INFO - [in this interval] delayDelta from group is [[0, 27, 45, -3]]
04/05/2022 16:10:40 PM - INFO - sample List of accDelay : [[-7521.436958407703, -7529.193262566932, -7535.873936310239, -7541.286542679215, -7545.957888411293, -7549.062099570164, -7551.355889613147, -7552.620300651833, -7552.458270586649, -7553.012443527984, -7553.411199175185, -7554.470079257667, -7555.4230713319, -7556.180764198711, -7558.06268777884, -7559.656419000956, -7561.09077710086, -7559.681699390773, -7553.9135294516955, -7549.022176506526]]
04/05/2022 16:10:40 PM - INFO - sample List of time: [[235625, 235662, 235699, 235737, 235773, 235848, 235889, 235929, 235972, 236015, 236063, 236099, 236117, 236152, 236188, 236206, 236270, 236300, 236357, 236442]]
04/05/2022 16:10:40 PM - INFO - update trend: [-0.033791258277415664]
04/05/2022 16:10:40 PM - INFO - estimateQueueDelayDuration [-8.109901986579759] = queueDelayDelta [-0.13516503310966266] * numCount[1001]
04/05/2022 16:10:40 PM - INFO - [in this interval] signal is [Signal.NORMAL]
04/05/2022 16:10:40 PM - INFO - [in this interval] adaptiveThresholdGamma is [64.78124650025208]
04/05/2022 16:10:40 PM - INFO - [in this interval] state is [State.INCREASE]
04/05/2022 16:10:40 PM - INFO - [in this interval] now real rate is [0.4187042253521127]mbps
04/05/2022 16:10:40 PM - INFO - [in this interval] now real rtt is [4154]
04/05/2022 16:10:40 PM - INFO - [in this interval] aimd control rate is [0.7273802306561014] mbps
04/05/2022 16:10:40 PM - INFO - [in this interval] delay-rate is [0.7273802306561014] mbps
04/05/2022 16:10:40 PM - INFO - average delay [1869.5]
04/05/2022 16:10:40 PM - INFO - average delay [1852.1999999999998]
04/05/2022 16:10:40 PM - INFO - average delay [1847.2]
04/05/2022 16:10:40 PM - INFO - average delay [1839.0]
04/05/2022 16:10:40 PM - INFO - nowTs is [236995], lastTs is [236742]
04/05/2022 16:10:40 PM - INFO - [in this interval] loss-ratio is [0.36]
04/05/2022 16:10:40 PM - INFO - [in this interval] group num is [8]
04/05/2022 16:10:40 PM - INFO - [in this interval] delayDelta from group is [[1, -3, -7, -2, -7, 12, 5]]
04/05/2022 16:10:40 PM - INFO - sample List of accDelay : [[-7552.620300651833, -7552.458270586649, -7553.012443527984, -7553.411199175185, -7554.470079257667, -7555.4230713319, -7556.180764198711, -7558.06268777884, -7559.656419000956, -7561.09077710086, -7559.681699390773, -7553.9135294516955, -7549.022176506526, -7544.5199588558735, -7540.767962970286, -7538.091166673257, -7535.882050005931, -7534.593845005338, -7532.234460504804, -7529.611014454323]]
04/05/2022 16:10:40 PM - INFO - sample List of time: [[235929, 235972, 236015, 236063, 236099, 236117, 236152, 236188, 236206, 236270, 236300, 236357, 236442, 236483, 236524, 236551, 236579, 236607, 236635, 236677]]
04/05/2022 16:10:40 PM - INFO - update trend: [0.03327773895323259]
04/05/2022 16:10:40 PM - INFO - estimateQueueDelayDuration [7.986657348775822] = queueDelayDelta [0.13311095581293036] * numCount[1000]
04/05/2022 16:10:40 PM - INFO - [in this interval] signal is [Signal.NORMAL]
04/05/2022 16:10:40 PM - INFO - [in this interval] adaptiveThresholdGamma is [63.758943895525505]
04/05/2022 16:10:40 PM - INFO - [in this interval] state is [State.INCREASE]
04/05/2022 16:10:40 PM - INFO - [in this interval] now real rate is [0.4534618473895582]mbps
04/05/2022 16:10:40 PM - INFO - [in this interval] now real rtt is [4120]
04/05/2022 16:10:40 PM - INFO - [in this interval] aimd control rate is [0.7314212319375242] mbps
04/05/2022 16:10:40 PM - INFO - [in this interval] delay-rate is [0.7314212319375242] mbps
04/05/2022 16:10:40 PM - INFO - average delay [1853.0]
04/05/2022 16:10:40 PM - INFO - average delay [1861.5]
04/05/2022 16:10:40 PM - INFO - average delay [1871.6666666666665]
04/05/2022 16:10:40 PM - INFO - average delay [1875.0]
04/05/2022 16:10:40 PM - INFO - nowTs is [237223], lastTs is [236995]
04/05/2022 16:10:40 PM - INFO - [in this interval] loss-ratio is [0.42105263157894735]
04/05/2022 16:10:40 PM - INFO - [in this interval] group num is [6]
04/05/2022 16:10:40 PM - INFO - [in this interval] delayDelta from group is [[8, -9, 21, -5, 6]]
04/05/2022 16:10:40 PM - INFO - sample List of accDelay : [[-7555.4230713319, -7556.180764198711, -7558.06268777884, -7559.656419000956, -7561.09077710086, -7559.681699390773, -7553.9135294516955, -7549.022176506526, -7544.5199588558735, -7540.767962970286, -7538.091166673257, -7535.882050005931, -7534.593845005338, -7532.234460504804, -7529.611014454323, -7526.449913008891, -7524.504921708001, -7520.6544295372005, -7517.68898658348, -7514.420087925132]]
04/05/2022 16:10:40 PM - INFO - sample List of time: [[236117, 236152, 236188, 236206, 236270, 236300, 236357, 236442, 236483, 236524, 236551, 236579, 236607, 236635, 236677, 236764, 236807, 236828, 236889, 236909]]
04/05/2022 16:10:40 PM - INFO - update trend: [0.05893357148408895]
04/05/2022 16:10:40 PM - INFO - estimateQueueDelayDuration [14.144057156181347] = queueDelayDelta [0.2357342859363558] * numCount[1001]
04/05/2022 16:10:40 PM - INFO - [in this interval] signal is [Signal.NORMAL]
04/05/2022 16:10:40 PM - INFO - [in this interval] adaptiveThresholdGamma is [62.86587593421731]
04/05/2022 16:10:40 PM - INFO - [in this interval] state is [State.INCREASE]
04/05/2022 16:10:40 PM - INFO - [in this interval] now real rate is [0.5058947368421053]mbps
04/05/2022 16:10:40 PM - INFO - [in this interval] now real rtt is [4186]
04/05/2022 16:10:40 PM - INFO - [in this interval] aimd control rate is [0.735484683226066] mbps
04/05/2022 16:10:40 PM - INFO - [in this interval] delay-rate is [0.735484683226066] mbps
04/05/2022 16:10:40 PM - INFO - average delay [1884.0]
04/05/2022 16:10:40 PM - INFO - average delay [1878.3333333333335]
04/05/2022 16:10:40 PM - INFO - average delay [1869.3333333333335]
04/05/2022 16:10:40 PM - INFO - average delay [1857.3333333333335]
04/05/2022 16:10:40 PM - INFO - nowTs is [237470], lastTs is [237223]
04/05/2022 16:10:40 PM - INFO - [in this interval] loss-ratio is [0.5862068965517241]
04/05/2022 16:10:40 PM - INFO - [in this interval] group num is [9]
04/05/2022 16:10:40 PM - INFO - [in this interval] delayDelta from group is [[11, -15, 1, -10, -9, -5, -14, 4]]
04/05/2022 16:10:40 PM - INFO - sample List of accDelay : [[-7544.5199588558735, -7540.767962970286, -7538.091166673257, -7535.882050005931, -7534.593845005338, -7532.234460504804, -7529.611014454323, -7526.449913008891, -7524.504921708001, -7520.6544295372005, -7517.68898658348, -7514.420087925132, -7510.378079132619, -7508.240271219357, -7506.216244097422, -7505.39461968768, -7505.555157718912, -7506.199641947021, -7508.179677752318, -7509.561709977086]]
04/05/2022 16:10:40 PM - INFO - sample List of time: [[236483, 236524, 236551, 236579, 236607, 236635, 236677, 236764, 236807, 236828, 236889, 236909, 236970, 237011, 237031, 237072, 237092, 237113, 237138, 237158]]
04/05/2022 16:10:40 PM - INFO - update trend: [0.05801947170374526]
04/05/2022 16:10:40 PM - INFO - estimateQueueDelayDuration [13.924673208898863] = queueDelayDelta [0.23207788681498104] * numCount[1001]
04/05/2022 16:10:40 PM - INFO - [in this interval] signal is [Signal.NORMAL]
04/05/2022 16:10:40 PM - INFO - [in this interval] adaptiveThresholdGamma is [61.98493428516157]
04/05/2022 16:10:40 PM - INFO - [in this interval] state is [State.INCREASE]
04/05/2022 16:10:40 PM - INFO - [in this interval] now real rate is [0.4497741935483871]mbps
04/05/2022 16:10:40 PM - INFO - [in this interval] now real rtt is [4082]
04/05/2022 16:10:40 PM - INFO - [in this interval] aimd control rate is [0.7395707092439885] mbps
04/05/2022 16:10:40 PM - INFO - [in this interval] delay-rate is [0.7395707092439885] mbps
04/05/2022 16:10:40 PM - INFO - average delay [1837.5]
04/05/2022 16:10:40 PM - INFO - average delay [1842.3333333333333]
04/05/2022 16:10:40 PM - INFO - average delay [1812.3333333333333]
04/05/2022 16:10:40 PM - INFO - average delay [1821.6666666666667]
04/05/2022 16:10:40 PM - INFO - nowTs is [237712], lastTs is [237470]
04/05/2022 16:10:40 PM - INFO - [in this interval] loss-ratio is [0.5555555555555556]
04/05/2022 16:10:40 PM - INFO - [in this interval] group num is [9]
04/05/2022 16:10:40 PM - INFO - [in this interval] delayDelta from group is [[-5, -10, -11, -15, 31, 3, 4, 2]]
04/05/2022 16:10:40 PM - INFO - sample List of accDelay : [[-7524.504921708001, -7520.6544295372005, -7517.68898658348, -7514.420087925132, -7510.378079132619, -7508.240271219357, -7506.216244097422, -7505.39461968768, -7505.555157718912, -7506.199641947021, -7508.179677752318, -7509.561709977086, -7511.305538979377, -7513.874985081439, -7517.287486573296, -7521.858737915966, -7522.87286412437, -7523.485577711933, -7523.637019940739, -7523.573317946666]]
04/05/2022 16:10:40 PM - INFO - sample List of time: [[236807, 236828, 236889, 236909, 236970, 237011, 237031, 237072, 237092, 237113, 237138, 237158, 237220, 237240, 237260, 237279, 237299, 237360, 237383, 237402]]
04/05/2022 16:10:40 PM - INFO - update trend: [-0.010383846458474661]
04/05/2022 16:10:40 PM - INFO - estimateQueueDelayDuration [-2.492123150033919] = queueDelayDelta [-0.041535385833898646] * numCount[1001]
04/05/2022 16:10:40 PM - INFO - [in this interval] signal is [Signal.NORMAL]
04/05/2022 16:10:40 PM - INFO - [in this interval] adaptiveThresholdGamma is [60.91406368472927]
04/05/2022 16:10:40 PM - INFO - [in this interval] state is [State.INCREASE]
04/05/2022 16:10:40 PM - INFO - [in this interval] now real rate is [0.4590756646216769]mbps
04/05/2022 16:10:40 PM - INFO - [in this interval] now real rtt is [4096]
04/05/2022 16:10:40 PM - INFO - [in this interval] aimd control rate is [0.7436794354064551] mbps
04/05/2022 16:10:40 PM - INFO - [in this interval] delay-rate is [0.7436794354064551] mbps
04/05/2022 16:10:40 PM - INFO - average delay [1841.5]
04/05/2022 16:10:40 PM - INFO - average delay [1854.3333333333335]
04/05/2022 16:10:40 PM - INFO - average delay [1870.0]
04/05/2022 16:10:40 PM - INFO - average delay [1882.6666666666665]
04/05/2022 16:10:40 PM - INFO - nowTs is [237944], lastTs is [237712]
04/05/2022 16:10:40 PM - INFO - [in this interval] loss-ratio is [0.42105263157894735]
04/05/2022 16:10:40 PM - INFO - [in this interval] group num is [7]
04/05/2022 16:10:40 PM - INFO - [in this interval] delayDelta from group is [[12, 2, -6, 8, 13, 16]]
04/05/2022 16:10:40 PM - INFO - sample List of accDelay : [[-7506.216244097422, -7505.39461968768, -7505.555157718912, -7506.199641947021, -7508.179677752318, -7509.561709977086, -7511.305538979377, -7513.874985081439, -7517.287486573296, -7521.858737915966, -7522.87286412437, -7523.485577711933, -7523.637019940739, -7523.573317946666, -7522.315986151999, -7520.984387536799, -7520.385948783119, -7519.047353904807, -7516.542618514326, -7512.688356662894]]
04/05/2022 16:10:40 PM - INFO - sample List of time: [[237031, 237072, 237092, 237113, 237138, 237158, 237220, 237240, 237260, 237279, 237299, 237360, 237383, 237402, 237496, 237538, 237575, 237599, 237617, 237640]]
04/05/2022 16:10:40 PM - INFO - update trend: [-0.02313071117531537]
04/05/2022 16:10:40 PM - INFO - estimateQueueDelayDuration [-5.551370682075689] = queueDelayDelta [-0.09252284470126149] * numCount[1001]
04/05/2022 16:10:40 PM - INFO - [in this interval] signal is [Signal.NORMAL]
04/05/2022 16:10:40 PM - INFO - [in this interval] adaptiveThresholdGamma is [59.91753521068151]
04/05/2022 16:10:40 PM - INFO - [in this interval] state is [State.INCREASE]
04/05/2022 16:10:40 PM - INFO - [in this interval] now real rate is [0.4555465587044535]mbps
04/05/2022 16:10:40 PM - INFO - [in this interval] now real rtt is [4230]
04/05/2022 16:10:40 PM - INFO - [in this interval] aimd control rate is [0.7478109878253798] mbps
04/05/2022 16:10:40 PM - INFO - [in this interval] delay-rate is [0.7478109878253798] mbps
04/05/2022 16:10:40 PM - INFO - average delay [1900.0]
04/05/2022 16:10:40 PM - INFO - average delay [1931.0]
04/05/2022 16:10:40 PM - INFO - average delay [1949.0]
04/05/2022 16:10:40 PM - INFO - average delay [1963.3333333333335]
04/05/2022 16:10:40 PM - INFO - nowTs is [238197], lastTs is [237944]
04/05/2022 16:10:40 PM - INFO - [in this interval] loss-ratio is [0.5714285714285714]
04/05/2022 16:10:40 PM - INFO - [in this interval] group num is [10]
04/05/2022 16:10:40 PM - INFO - [in this interval] delayDelta from group is [[6, 8, 8, 5, 15, -5, -13, -4, -15]]
04/05/2022 16:10:40 PM - INFO - sample List of accDelay : [[-7521.858737915966, -7522.87286412437, -7523.485577711933, -7523.637019940739, -7523.573317946666, -7522.315986151999, -7520.984387536799, -7520.385948783119, -7519.047353904807, -7516.542618514326, -7512.688356662894, -7508.6195209966045, -7504.157568896944, -7499.341812007249, -7494.507630806524, -7488.656867725871, -7483.891180953284, -7480.902062857956, -7478.61185657216, -7478.050670914944]]
04/05/2022 16:10:40 PM - INFO - sample List of time: [[237279, 237299, 237360, 237383, 237402, 237496, 237538, 237575, 237599, 237617, 237640, 237694, 237725, 237748, 237771, 237801, 237831, 237846, 237878, 237909]]
04/05/2022 16:10:40 PM - INFO - update trend: [0.07822759470325771]
04/05/2022 16:10:40 PM - INFO - estimateQueueDelayDuration [18.77462272878185] = queueDelayDelta [0.31291037881303085] * numCount[1000]
04/05/2022 16:10:40 PM - INFO - [in this interval] signal is [Signal.NORMAL]
04/05/2022 16:10:40 PM - INFO - [in this interval] adaptiveThresholdGamma is [59.176962786007316]
04/05/2022 16:10:40 PM - INFO - [in this interval] state is [State.INCREASE]
04/05/2022 16:10:40 PM - INFO - [in this interval] now real rate is [0.4704164948453608]mbps
04/05/2022 16:10:40 PM - INFO - [in this interval] now real rtt is [4266]
04/05/2022 16:10:40 PM - INFO - [in this interval] aimd control rate is [0.7519654933132985] mbps
04/05/2022 16:10:40 PM - INFO - [in this interval] delay-rate is [0.7519654933132985] mbps
04/05/2022 16:10:40 PM - INFO - average delay [1942.5]
04/05/2022 16:10:40 PM - INFO - average delay [1910.6666666666665]
04/05/2022 16:10:40 PM - INFO - average delay [1887.75]
04/05/2022 16:10:40 PM - INFO - average delay [1869.5]
04/05/2022 16:10:40 PM - INFO - nowTs is [238423], lastTs is [238197]
04/05/2022 16:10:40 PM - INFO - [in this interval] loss-ratio is [0.3333333333333333]
04/05/2022 16:10:40 PM - INFO - [in this interval] group num is [10]
04/05/2022 16:10:40 PM - INFO - [in this interval] delayDelta from group is [[-5, -18, 1, -20, 0, -13, 0, -47, -3]]
04/05/2022 16:10:40 PM - INFO - sample List of accDelay : [[-7516.542618514326, -7512.688356662894, -7508.6195209966045, -7504.157568896944, -7499.341812007249, -7494.507630806524, -7488.656867725871, -7483.891180953284, -7480.902062857956, -7478.61185657216, -7478.050670914944, -7478.04560382345, -7479.841043441104, -7481.356939096994, -7484.721245187295, -7487.749120668565, -7491.774208601709, -7495.396787741538, -7503.357108967384, -7510.821398070646]]
04/05/2022 16:10:40 PM - INFO - sample List of time: [[237617, 237640, 237694, 237725, 237748, 237771, 237801, 237831, 237846, 237878, 237909, 237940, 237970, 237987, 238018, 238033, 238068, 238085, 238120, 238138]]
04/05/2022 16:10:40 PM - INFO - update trend: [0.027904165627646034]
04/05/2022 16:10:40 PM - INFO - estimateQueueDelayDuration [6.696999750635048] = queueDelayDelta [0.11161666251058414] * numCount[1001]
04/05/2022 16:10:40 PM - INFO - [in this interval] signal is [Signal.NORMAL]
04/05/2022 16:10:40 PM - INFO - [in this interval] adaptiveThresholdGamma is [58.23232345137062]
04/05/2022 16:10:40 PM - INFO - [in this interval] state is [State.INCREASE]
04/05/2022 16:10:40 PM - INFO - [in this interval] now real rate is [0.5846680584551148]mbps
04/05/2022 16:10:40 PM - INFO - [in this interval] now real rtt is [4028]
04/05/2022 16:10:40 PM - INFO - [in this interval] aimd control rate is [0.7561430793872613] mbps
04/05/2022 16:10:40 PM - INFO - [in this interval] delay-rate is [0.7561430793872613] mbps
04/05/2022 16:10:40 PM - INFO - average delay [1835.5]
04/05/2022 16:10:40 PM - INFO - average delay [1770.75]
04/05/2022 16:10:40 PM - INFO - average delay [1723.25]
04/05/2022 16:10:40 PM - INFO - average delay [1711.8]
04/05/2022 16:10:40 PM - INFO - nowTs is [238675], lastTs is [238423]
04/05/2022 16:10:40 PM - INFO - [in this interval] loss-ratio is [0.48484848484848486]
04/05/2022 16:10:40 PM - INFO - [in this interval] group num is [12]
04/05/2022 16:10:40 PM - INFO - [in this interval] delayDelta from group is [[-12, -46, -17, -3, -6, -7, -5, -1, -21, -19, 1]]
04/05/2022 16:10:40 PM - INFO - sample List of accDelay : [[-7478.04560382345, -7479.841043441104, -7481.356939096994, -7484.721245187295, -7487.749120668565, -7491.774208601709, -7495.396787741538, -7503.357108967384, -7510.821398070646, -7518.739258263581, -7530.465332437223, -7542.718799193501, -7554.04691927415, -7564.842227346735, -7575.258004612061, -7585.132204150855, -7594.11898373577, -7604.307085362192, -7615.376376825973, -7625.238739143376]]
04/05/2022 16:10:40 PM - INFO - sample List of time: [[237940, 237970, 237987, 238018, 238033, 238068, 238085, 238120, 238138, 238168, 238186, 238205, 238223, 238255, 238284, 238312, 238337, 238366, 238380, 238391]]
04/05/2022 16:10:40 PM - INFO - update trend: [-0.34055878507081616]
04/05/2022 16:10:40 PM - INFO - estimateQueueDelayDuration [-81.73410841699588] = queueDelayDelta [-1.3622351402832646] * numCount[1000]
04/05/2022 16:10:40 PM - INFO - [in this interval] signal is [Signal.UNDER_USE]
04/05/2022 16:10:40 PM - INFO - [in this interval] adaptiveThresholdGamma is [58.23232345137062]
04/05/2022 16:10:40 PM - INFO - [in this interval] state is [State.HOLD]
04/05/2022 16:10:40 PM - INFO - [in this interval] now real rate is [0.717371196754564]mbps
04/05/2022 16:10:40 PM - INFO - [in this interval] now real rtt is [3742]
04/05/2022 16:10:40 PM - INFO - [in this interval] aimd control rate is [0.7561430793872613] mbps
04/05/2022 16:10:40 PM - INFO - [in this interval] delay-rate is [0.7561430793872613] mbps
04/05/2022 16:10:40 PM - INFO - average delay [1687.2]
04/05/2022 16:10:40 PM - INFO - average delay [1647.0]
04/05/2022 16:10:40 PM - INFO - average delay [1591.8333333333333]
04/05/2022 16:10:40 PM - INFO - average delay [1538.6666666666667]
04/05/2022 16:10:40 PM - INFO - nowTs is [238904], lastTs is [238675]
04/05/2022 16:10:40 PM - INFO - [in this interval] loss-ratio is [0.58]
04/05/2022 16:10:40 PM - INFO - [in this interval] group num is [15]
04/05/2022 16:10:40 PM - INFO - [in this interval] delayDelta from group is [[-11, -10, -29, -15, 0, -10, -19, -9, -19, -14, -5, -14, -20, -10]]
04/05/2022 16:10:40 PM - INFO - sample List of accDelay : [[-7575.258004612061, -7585.132204150855, -7594.11898373577, -7604.307085362192, -7615.376376825973, -7625.238739143376, -7635.214865229038, -7645.193378706134, -7657.0740408355205, -7669.266636751968, -7680.239973076771, -7691.115975769094, -7702.804378192185, -7714.223940372966, -7726.401546335669, -7738.761391702103, -7750.385252531893, -7762.2467272787035, -7774.922054550833, -7787.3298490957495]]
04/05/2022 16:10:40 PM - INFO - sample List of time: [[238284, 238312, 238337, 238366, 238380, 238391, 238416, 238445, 238455, 238476, 238486, 238496, 238506, 238527, 238538, 238559, 238570, 238580, 238591, 238611]]
04/05/2022 16:10:40 PM - INFO - update trend: [-0.672219181626357]
04/05/2022 16:10:40 PM - INFO - estimateQueueDelayDuration [-161.33260359032568] = queueDelayDelta [-2.688876726505428] * numCount[1000]
04/05/2022 16:10:40 PM - INFO - [in this interval] signal is [Signal.UNDER_USE]
04/05/2022 16:10:40 PM - INFO - [in this interval] adaptiveThresholdGamma is [58.23232345137062]
04/05/2022 16:10:40 PM - INFO - [in this interval] state is [State.HOLD]
04/05/2022 16:10:40 PM - INFO - [in this interval] now real rate is [0.782182555780933]mbps
04/05/2022 16:10:40 PM - INFO - [in this interval] now real rtt is [3350]
04/05/2022 16:10:40 PM - INFO - [in this interval] aimd control rate is [0.7561430793872613] mbps
04/05/2022 16:10:40 PM - INFO - [in this interval] delay-rate is [0.7561430793872613] mbps
04/05/2022 16:10:40 PM - INFO - average delay [1488.1666666666667]
04/05/2022 16:10:40 PM - INFO - average delay [1468.0]
04/05/2022 16:10:40 PM - INFO - average delay [1464.0]
04/05/2022 16:10:40 PM - INFO - average delay [1458.25]
04/05/2022 16:10:40 PM - INFO - nowTs is [239148], lastTs is [238904]
04/05/2022 16:10:40 PM - INFO - [in this interval] loss-ratio is [0.6410256410256411]
04/05/2022 16:10:40 PM - INFO - [in this interval] group num is [9]
04/05/2022 16:10:40 PM - INFO - [in this interval] delayDelta from group is [[4, 4, -3, -2, -4, -10, 11, -5]]
04/05/2022 16:10:40 PM - INFO - sample List of accDelay : [[-7657.0740408355205, -7669.266636751968, -7680.239973076771, -7691.115975769094, -7702.804378192185, -7714.223940372966, -7726.401546335669, -7738.761391702103, -7750.385252531893, -7762.2467272787035, -7774.922054550833, -7787.3298490957495, -7798.096864186175, -7807.387177767557, -7816.0484599908, -7824.04361399172, -7831.6392525925485, -7839.4753273332935, -7845.427794599964, -7851.285015139967]]
04/05/2022 16:10:40 PM - INFO - sample List of time: [[238455, 238476, 238486, 238496, 238506, 238527, 238538, 238559, 238570, 238580, 238591, 238611, 238655, 238679, 238698, 238725, 238758, 238784, 238809, 238860]]
04/05/2022 16:10:40 PM - INFO - update trend: [-0.501567512513961]
04/05/2022 16:10:40 PM - INFO - estimateQueueDelayDuration [-120.37620300335065] = queueDelayDelta [-2.006270050055844] * numCount[1000]
04/05/2022 16:10:40 PM - INFO - [in this interval] signal is [Signal.UNDER_USE]
04/05/2022 16:10:40 PM - INFO - [in this interval] adaptiveThresholdGamma is [58.23232345137062]
04/05/2022 16:10:40 PM - INFO - [in this interval] state is [State.HOLD]
04/05/2022 16:10:40 PM - INFO - [in this interval] now real rate is [0.6642262626262626]mbps
04/05/2022 16:10:40 PM - INFO - [in this interval] now real rtt is [3318]
04/05/2022 16:10:40 PM - INFO - [in this interval] aimd control rate is [0.7561430793872613] mbps
04/05/2022 16:10:40 PM - INFO - [in this interval] delay-rate is [0.7561430793872613] mbps
04/05/2022 16:10:40 PM - INFO - average delay [1453.75]
04/05/2022 16:10:40 PM - INFO - average delay [1434.0]
04/05/2022 16:10:40 PM - INFO - average delay [1419.5]
04/05/2022 16:10:40 PM - INFO - average delay [1406.0]
04/05/2022 16:10:40 PM - INFO - nowTs is [239384], lastTs is [239148]
04/05/2022 16:10:40 PM - INFO - [in this interval] loss-ratio is [0.5862068965517241]
04/05/2022 16:10:40 PM - INFO - [in this interval] group num is [11]
04/05/2022 16:10:40 PM - INFO - [in this interval] delayDelta from group is [[-5, 1, -11, -1, -1, -5, 3, -12, 10, 4]]
04/05/2022 16:10:40 PM - INFO - sample List of accDelay : [[-7774.922054550833, -7787.3298490957495, -7798.096864186175, -7807.387177767557, -7816.0484599908, -7824.04361399172, -7831.6392525925485, -7839.4753273332935, -7845.427794599964, -7851.285015139967, -7857.05651362597, -7862.150862263374, -7867.835776037036, -7873.052198433333, -7877.846978589999, -7882.662280730999, -7886.696052657899, -7891.526447392109, -7894.873802652898, -7897.4864223876075]]
04/05/2022 16:10:40 PM - INFO - sample List of time: [[238591, 238611, 238655, 238679, 238698, 238725, 238758, 238784, 238809, 238860, 238893, 238908, 238924, 238943, 238957, 238976, 238991, 239009, 239027, 239072]]
04/05/2022 16:10:40 PM - INFO - update trend: [-0.25080633198348407]
04/05/2022 16:10:40 PM - INFO - estimateQueueDelayDuration [-60.193519676036175] = queueDelayDelta [-1.0032253279339363] * numCount[1000]
04/05/2022 16:10:40 PM - INFO - [in this interval] signal is [Signal.UNDER_USE]
04/05/2022 16:10:40 PM - INFO - [in this interval] adaptiveThresholdGamma is [60.193519676036175]
04/05/2022 16:10:40 PM - INFO - [in this interval] state is [State.HOLD]
04/05/2022 16:10:40 PM - INFO - [in this interval] now real rate is [0.513824]mbps
04/05/2022 16:10:40 PM - INFO - [in this interval] now real rtt is [3240]
04/05/2022 16:10:40 PM - INFO - [in this interval] aimd control rate is [0.7561430793872613] mbps
04/05/2022 16:10:40 PM - INFO - [in this interval] delay-rate is [0.7561430793872613] mbps
04/05/2022 16:10:40 PM - INFO - average delay [1418.0]
04/05/2022 16:10:40 PM - INFO - average delay [1428.0]
04/05/2022 16:10:40 PM - INFO - average delay [1430.0]
04/05/2022 16:10:40 PM - INFO - average delay [1425.0]
04/05/2022 16:10:40 PM - INFO - nowTs is [239631], lastTs is [239384]
04/05/2022 16:10:40 PM - INFO - [in this interval] loss-ratio is [0.4583333333333333]
04/05/2022 16:10:40 PM - INFO - [in this interval] group num is [9]
04/05/2022 16:10:40 PM - INFO - [in this interval] delayDelta from group is [[4, -4, 29, -31, -18, -5, 0, -1]]
04/05/2022 16:10:40 PM - INFO - sample List of accDelay : [[-7845.427794599964, -7851.285015139967, -7857.05651362597, -7862.150862263374, -7867.835776037036, -7873.052198433333, -7877.846978589999, -7882.662280730999, -7886.696052657899, -7891.526447392109, -7894.873802652898, -7897.4864223876075, -7899.437780148846, -7901.594002133961, -7900.634601920565, -7902.8711417285085, -7906.684027555657, -7910.615624800091, -7914.154062320081, -7917.438656088073]]
04/05/2022 16:10:40 PM - INFO - sample List of time: [[238809, 238860, 238893, 238908, 238924, 238943, 238957, 238976, 238991, 239009, 239027, 239072, 239149, 239188, 239219, 239258, 239287, 239299, 239324, 239334]]
04/05/2022 16:10:40 PM - INFO - update trend: [-0.1185497375199555]
04/05/2022 16:10:40 PM - INFO - estimateQueueDelayDuration [-28.45193700478932] = queueDelayDelta [-0.474198950079822] * numCount[1000]
04/05/2022 16:10:40 PM - INFO - [in this interval] signal is [Signal.NORMAL]
04/05/2022 16:10:40 PM - INFO - [in this interval] adaptiveThresholdGamma is [59.62217118795373]
04/05/2022 16:10:40 PM - INFO - [in this interval] state is [State.INCREASE]
04/05/2022 16:10:40 PM - INFO - [in this interval] now real rate is [0.5177510040160643]mbps
04/05/2022 16:10:40 PM - INFO - [in this interval] now real rtt is [3204]
04/05/2022 16:10:40 PM - INFO - [in this interval] aimd control rate is [0.7603438742727461] mbps
04/05/2022 16:10:40 PM - INFO - [in this interval] delay-rate is [0.7603438742727461] mbps
04/05/2022 16:10:40 PM - INFO - average delay [1399.5]
04/05/2022 16:10:40 PM - INFO - average delay [1384.5]
04/05/2022 16:10:40 PM - INFO - average delay [1374.0]
04/05/2022 16:10:40 PM - INFO - average delay [1392.0]
04/05/2022 16:10:40 PM - INFO - nowTs is [239863], lastTs is [239631]
04/05/2022 16:10:40 PM - INFO - [in this interval] loss-ratio is [0.30434782608695654]
04/05/2022 16:10:40 PM - INFO - [in this interval] group num is [9]
04/05/2022 16:10:40 PM - INFO - [in this interval] delayDelta from group is [[-6, -10, 1, 17, 4, -6, -1, 3]]
04/05/2022 16:10:40 PM - INFO - sample List of accDelay : [[-7886.696052657899, -7891.526447392109, -7894.873802652898, -7897.4864223876075, -7899.437780148846, -7901.594002133961, -7900.634601920565, -7902.8711417285085, -7906.684027555657, -7910.615624800091, -7914.154062320081, -7917.438656088073, -7920.994790479266, -7925.19531143134, -7928.875780288206, -7930.488202259386, -7931.539382033447, -7933.085443830102, -7934.576899447092, -7935.619209502383]]
04/05/2022 16:10:40 PM - INFO - sample List of time: [[238991, 239009, 239027, 239072, 239149, 239188, 239219, 239258, 239287, 239299, 239324, 239334, 239388, 239412, 239437, 239473, 239500, 239519, 239553, 239572]]
04/05/2022 16:10:40 PM - INFO - update trend: [-0.0847725268481806]
04/05/2022 16:10:40 PM - INFO - estimateQueueDelayDuration [-20.34540644356334] = queueDelayDelta [-0.3390901073927224] * numCount[1000]
04/05/2022 16:10:40 PM - INFO - [in this interval] signal is [Signal.NORMAL]
04/05/2022 16:10:40 PM - INFO - [in this interval] adaptiveThresholdGamma is [58.915189422554704]
04/05/2022 16:10:40 PM - INFO - [in this interval] state is [State.INCREASE]
04/05/2022 16:10:40 PM - INFO - [in this interval] now real rate is [0.6117745302713987]mbps
04/05/2022 16:10:40 PM - INFO - [in this interval] now real rtt is [3198]
04/05/2022 16:10:40 PM - INFO - [in this interval] aimd control rate is [0.7645680069075946] mbps
04/05/2022 16:10:40 PM - INFO - [in this interval] delay-rate is [0.7645680069075946] mbps
04/05/2022 16:10:40 PM - INFO - average delay [1393.0]
04/05/2022 16:10:40 PM - INFO - average delay [1399.0]
04/05/2022 16:10:40 PM - INFO - average delay [1403.0]
04/05/2022 16:10:40 PM - INFO - average delay [1414.6666666666667]
04/05/2022 16:10:40 PM - INFO - nowTs is [240097], lastTs is [239863]
04/05/2022 16:10:40 PM - INFO - [in this interval] loss-ratio is [0.25]
04/05/2022 16:10:40 PM - INFO - [in this interval] group num is [8]
04/05/2022 16:10:40 PM - INFO - [in this interval] delayDelta from group is [[-2, 5, 5, 10, 1, 25, 1]]
04/05/2022 16:10:40 PM - INFO - sample List of accDelay : [[-7902.8711417285085, -7906.684027555657, -7910.615624800091, -7914.154062320081, -7917.438656088073, -7920.994790479266, -7925.19531143134, -7928.875780288206, -7930.488202259386, -7931.539382033447, -7933.085443830102, -7934.576899447092, -7935.619209502383, -7936.757288552144, -7937.281559696929, -7937.253403727236, -7936.228063354512, -7935.205257019061, -7931.784731317154, -7928.6062581854385]]
04/05/2022 16:10:40 PM - INFO - sample List of time: [[239258, 239287, 239299, 239324, 239334, 239388, 239412, 239437, 239473, 239500, 239519, 239553, 239572, 239624, 239642, 239662, 239702, 239742, 239763, 239803]]
04/05/2022 16:10:40 PM - INFO - update trend: [-0.05245378971391997]
04/05/2022 16:10:40 PM - INFO - estimateQueueDelayDuration [-12.588909531340793] = queueDelayDelta [-0.2098151588556799] * numCount[1001]
04/05/2022 16:10:40 PM - INFO - [in this interval] signal is [Signal.NORMAL]
04/05/2022 16:10:40 PM - INFO - [in this interval] adaptiveThresholdGamma is [58.08131638451285]
04/05/2022 16:10:40 PM - INFO - [in this interval] state is [State.INCREASE]
04/05/2022 16:10:40 PM - INFO - [in this interval] now real rate is [0.643648]mbps
04/05/2022 16:10:40 PM - INFO - [in this interval] now real rtt is [3296]
04/05/2022 16:10:40 PM - INFO - [in this interval] aimd control rate is [0.7688156069459701] mbps
04/05/2022 16:10:40 PM - INFO - [in this interval] delay-rate is [0.7688156069459701] mbps
04/05/2022 16:10:40 PM - INFO - average delay [1440.6666666666667]
04/05/2022 16:10:40 PM - INFO - average delay [1472.6666666666667]
04/05/2022 16:10:40 PM - INFO - average delay [1494.0]
04/05/2022 16:10:40 PM - INFO - average delay [1529.6666666666667]
04/05/2022 16:10:40 PM - INFO - nowTs is [240341], lastTs is [240097]
04/05/2022 16:10:40 PM - INFO - [in this interval] loss-ratio is [0.4117647058823529]
04/05/2022 16:10:40 PM - INFO - [in this interval] group num is [8]
04/05/2022 16:10:40 PM - INFO - [in this interval] delayDelta from group is [[10, 8, 25, 9, 11, 8, -1]]
04/05/2022 16:10:40 PM - INFO - sample List of accDelay : [[-7928.875780288206, -7930.488202259386, -7931.539382033447, -7933.085443830102, -7934.576899447092, -7935.619209502383, -7936.757288552144, -7937.281559696929, -7937.253403727236, -7936.228063354512, -7935.205257019061, -7931.784731317154, -7928.6062581854385, -7924.745632366895, -7920.471069130205, -7914.123962217184, -7907.511565995466, -7900.46040939592, -7893.314368456327, -7886.982931610695]]
04/05/2022 16:10:40 PM - INFO - sample List of time: [[239437, 239473, 239500, 239519, 239553, 239572, 239624, 239642, 239662, 239702, 239742, 239763, 239803, 239868, 239893, 239916, 239966, 239990, 240016, 240039]]
04/05/2022 16:10:40 PM - INFO - update trend: [0.06421959561838164]
04/05/2022 16:10:40 PM - INFO - estimateQueueDelayDuration [15.412702948411594] = queueDelayDelta [0.25687838247352657] * numCount[1000]
04/05/2022 16:10:40 PM - INFO - [in this interval] signal is [Signal.NORMAL]
04/05/2022 16:10:40 PM - INFO - [in this interval] adaptiveThresholdGamma is [57.31328134266303]
04/05/2022 16:10:40 PM - INFO - [in this interval] state is [State.INCREASE]
04/05/2022 16:10:40 PM - INFO - [in this interval] now real rate is [0.5112258064516129]mbps
04/05/2022 16:10:40 PM - INFO - [in this interval] now real rtt is [3494]
04/05/2022 16:10:40 PM - INFO - [in this interval] aimd control rate is [0.7730868047623365] mbps
04/05/2022 16:10:40 PM - INFO - [in this interval] delay-rate is [0.7730868047623365] mbps
04/05/2022 16:10:40 PM - INFO - average delay [1545.0]
04/05/2022 16:10:40 PM - INFO - average delay [1574.0]
04/05/2022 16:10:40 PM - INFO - average delay [1607.5]
04/05/2022 16:10:40 PM - INFO - average delay [1643.5]
04/05/2022 16:10:40 PM - INFO - nowTs is [240583], lastTs is [240341]
04/05/2022 16:10:40 PM - INFO - [in this interval] loss-ratio is [0.0]
04/05/2022 16:10:40 PM - INFO - [in this interval] group num is [6]
04/05/2022 16:10:40 PM - INFO - [in this interval] delayDelta from group is [[26, 11, 46, 2, -2]]
04/05/2022 16:10:40 PM - INFO - sample List of accDelay : [[-7935.619209502383, -7936.757288552144, -7937.281559696929, -7937.253403727236, -7936.228063354512, -7935.205257019061, -7931.784731317154, -7928.6062581854385, -7924.745632366895, -7920.471069130205, -7914.123962217184, -7907.511565995466, -7900.46040939592, -7893.314368456327, -7886.982931610695, -7878.684638449626, -7870.116174604664, -7857.804557144197, -7846.524101429777, -7836.571691286799]]
04/05/2022 16:10:40 PM - INFO - sample List of time: [[239572, 239624, 239642, 239662, 239702, 239742, 239763, 239803, 239868, 239893, 239916, 239966, 239990, 240016, 240039, 240097, 240158, 240189, 240250, 240282]]
04/05/2022 16:10:40 PM - INFO - update trend: [0.1452779705170945]
04/05/2022 16:10:40 PM - INFO - estimateQueueDelayDuration [34.866712924102686] = queueDelayDelta [0.581111882068378] * numCount[1001]
04/05/2022 16:10:40 PM - INFO - [in this interval] signal is [Signal.NORMAL]
04/05/2022 16:10:40 PM - INFO - [in this interval] adaptiveThresholdGamma is [56.909243111128944]
04/05/2022 16:10:40 PM - INFO - [in this interval] state is [State.INCREASE]
04/05/2022 16:10:40 PM - INFO - [in this interval] now real rate is [0.4309958847736626]mbps
04/05/2022 16:10:40 PM - INFO - [in this interval] now real rtt is [3718]
04/05/2022 16:10:40 PM - INFO - [in this interval] aimd control rate is [0.7773817314554606] mbps
04/05/2022 16:10:40 PM - INFO - [in this interval] delay-rate is [0.7773817314554606] mbps
04/05/2022 16:10:40 PM - INFO - average delay [1655.0]
04/05/2022 16:10:40 PM - INFO - average delay [1691.0]
04/05/2022 16:10:40 PM - INFO - average delay [1731.75]
04/05/2022 16:10:40 PM - INFO - average delay [1746.25]
04/05/2022 16:10:40 PM - INFO - nowTs is [240826], lastTs is [240583]
04/05/2022 16:10:40 PM - INFO - [in this interval] loss-ratio is [0.4782608695652174]
04/05/2022 16:10:40 PM - INFO - [in this interval] group num is [8]
04/05/2022 16:10:40 PM - INFO - [in this interval] delayDelta from group is [[28, 17, 1, 1, 9, -18, 12]]
04/05/2022 16:10:40 PM - INFO - sample List of accDelay : [[-7928.6062581854385, -7924.745632366895, -7920.471069130205, -7914.123962217184, -7907.511565995466, -7900.46040939592, -7893.314368456327, -7886.982931610695, -7878.684638449626, -7870.116174604664, -7857.804557144197, -7846.524101429777, -7836.571691286799, -7824.814522158119, -7812.533069942307, -7801.379762948076, -7791.241786653269, -7781.217607987942, -7773.995847189148, -7766.296262470233]]
04/05/2022 16:10:40 PM - INFO - sample List of time: [[239803, 239868, 239893, 239916, 239966, 239990, 240016, 240039, 240097, 240158, 240189, 240250, 240282, 240363, 240406, 240438, 240459, 240480, 240514, 240531]]
04/05/2022 16:10:40 PM - INFO - update trend: [0.22474848268580644]
04/05/2022 16:10:40 PM - INFO - estimateQueueDelayDuration [53.939635844593546] = queueDelayDelta [0.8989939307432258] * numCount[1000]
04/05/2022 16:10:40 PM - INFO - [in this interval] signal is [Signal.NORMAL]
04/05/2022 16:10:40 PM - INFO - [in this interval] adaptiveThresholdGamma is [56.855790180331304]
04/05/2022 16:10:40 PM - INFO - [in this interval] state is [State.INCREASE]
04/05/2022 16:10:40 PM - INFO - [in this interval] now real rate is [0.41355876288659793]mbps
04/05/2022 16:10:40 PM - INFO - [in this interval] now real rtt is [3904]
04/05/2022 16:10:40 PM - INFO - [in this interval] aimd control rate is [0.7817005188524354] mbps
04/05/2022 16:10:40 PM - INFO - [in this interval] delay-rate is [0.7817005188524354] mbps
04/05/2022 16:10:40 PM - INFO - average delay [1747.75]
04/05/2022 16:10:40 PM - INFO - average delay [1760.6666666666667]
04/05/2022 16:10:40 PM - INFO - average delay [1775.3333333333333]
04/05/2022 16:10:40 PM - INFO - average delay [1785.3333333333333]
04/05/2022 16:10:40 PM - INFO - nowTs is [241074], lastTs is [240826]
04/05/2022 16:10:40 PM - INFO - [in this interval] loss-ratio is [0.5833333333333334]
04/05/2022 16:10:40 PM - INFO - [in this interval] group num is [8]
04/05/2022 16:10:40 PM - INFO - [in this interval] delayDelta from group is [[12, 0, 18, 12, 27, 13, 0]]
04/05/2022 16:10:40 PM - INFO - sample List of accDelay : [[-7886.982931610695, -7878.684638449626, -7870.116174604664, -7857.804557144197, -7846.524101429777, -7836.571691286799, -7824.814522158119, -7812.533069942307, -7801.379762948076, -7791.241786653269, -7781.217607987942, -7773.995847189148, -7766.296262470233, -7758.16663622321, -7750.8499726008895, -7742.4649753408, -7733.71847780672, -7723.146630026049, -7712.331967023444, -7702.598770321099]]
04/05/2022 16:10:40 PM - INFO - sample List of time: [[240039, 240097, 240158, 240189, 240250, 240282, 240363, 240406, 240438, 240459, 240480, 240514, 240531, 240574, 240616, 240631, 240679, 240716, 240753, 240781]]
04/05/2022 16:10:40 PM - INFO - update trend: [0.25711430073578434]
04/05/2022 16:10:40 PM - INFO - estimateQueueDelayDuration [61.70743217658824] = queueDelayDelta [1.0284572029431374] * numCount[1001]
04/05/2022 16:10:40 PM - INFO - [in this interval] signal is [Signal.NORMAL]
04/05/2022 16:10:40 PM - INFO - [in this interval] adaptiveThresholdGamma is [61.70743217658824]
04/05/2022 16:10:40 PM - INFO - [in this interval] state is [State.INCREASE]
04/05/2022 16:10:40 PM - INFO - [in this interval] now real rate is [0.390745417515275]mbps
04/05/2022 16:10:40 PM - INFO - [in this interval] now real rtt is [4080]
04/05/2022 16:10:40 PM - INFO - [in this interval] aimd control rate is [0.7860432995127267] mbps
04/05/2022 16:10:40 PM - INFO - [in this interval] delay-rate is [0.7860432995127267] mbps
04/05/2022 16:10:40 PM - INFO - average delay [1835.6666666666667]
04/05/2022 16:10:40 PM - INFO - average delay [1857.6666666666665]
04/05/2022 16:10:40 PM - INFO - average delay [1865.8000000000002]
04/05/2022 16:10:40 PM - INFO - average delay [1819.75]
04/05/2022 16:10:40 PM - INFO - nowTs is [241311], lastTs is [241074]
04/05/2022 16:10:40 PM - INFO - [in this interval] loss-ratio is [0.34782608695652173]
04/05/2022 16:10:40 PM - INFO - [in this interval] group num is [12]
04/05/2022 16:10:40 PM - INFO - [in this interval] delayDelta from group is [[11, -1, 1, -7, -44, -19, -11, -24, -18, -19, -13]]
04/05/2022 16:10:40 PM - INFO - sample List of accDelay : [[-7773.995847189148, -7766.296262470233, -7758.16663622321, -7750.8499726008895, -7742.4649753408, -7733.71847780672, -7723.146630026049, -7712.331967023444, -7702.598770321099, -7692.738893288989, -7683.96500396009, -7675.9685035640805, -7669.471653207672, -7668.024487886904, -7668.6220390982135, -7670.259835188393, -7674.133851669553, -7679.420466502598, -7686.078419852338, -7693.370577867104]]
04/05/2022 16:10:40 PM - INFO - sample List of time: [[240514, 240531, 240574, 240616, 240631, 240679, 240716, 240753, 240781, 240822, 240868, 240877, 240893, 240926, 240942, 240958, 240972, 240988, 241005, 241021]]
04/05/2022 16:10:40 PM - INFO - update trend: [0.20354819777870856]
04/05/2022 16:10:40 PM - INFO - estimateQueueDelayDuration [48.85156746689005] = queueDelayDelta [0.8141927911148342] * numCount[1000]
04/05/2022 16:10:40 PM - INFO - [in this interval] signal is [Signal.NORMAL]
04/05/2022 16:10:40 PM - INFO - [in this interval] adaptiveThresholdGamma is [61.47602661181367]
04/05/2022 16:10:40 PM - INFO - [in this interval] state is [State.INCREASE]
04/05/2022 16:10:40 PM - INFO - [in this interval] now real rate is [0.484420618556701]mbps
04/05/2022 16:10:40 PM - INFO - [in this interval] now real rtt is [3834]
04/05/2022 16:10:40 PM - INFO - [in this interval] aimd control rate is [0.7904102067322419] mbps
04/05/2022 16:10:40 PM - INFO - [in this interval] delay-rate is [0.7904102067322419] mbps
04/05/2022 16:10:40 PM - INFO - average delay [1740.75]
04/05/2022 16:10:40 PM - INFO - average delay [1721.0]
04/05/2022 16:10:40 PM - INFO - average delay [1728.0]
04/05/2022 16:10:40 PM - INFO - average delay [1713.0]
04/05/2022 16:10:40 PM - INFO - nowTs is [241534], lastTs is [241311]
04/05/2022 16:10:40 PM - INFO - [in this interval] loss-ratio is [0.2222222222222222]
04/05/2022 16:10:40 PM - INFO - [in this interval] group num is [7]
04/05/2022 16:10:40 PM - INFO - [in this interval] delayDelta from group is [[0, -5, -15, -1, -4, 14]]
04/05/2022 16:10:40 PM - INFO - sample List of accDelay : [[-7723.146630026049, -7712.331967023444, -7702.598770321099, -7692.738893288989, -7683.96500396009, -7675.9685035640805, -7669.471653207672, -7668.024487886904, -7668.6220390982135, -7670.259835188393, -7674.133851669553, -7679.420466502598, -7686.078419852338, -7693.370577867104, -7699.9335200803935, -7706.340168072354, -7713.606151265118, -7720.245536138606, -7726.620982524745, -7730.958884272271]]
04/05/2022 16:10:40 PM - INFO - sample List of time: [[240716, 240753, 240781, 240822, 240868, 240877, 240893, 240926, 240942, 240958, 240972, 240988, 241005, 241021, 241097, 241127, 241157, 241172, 241216, 241232]]
04/05/2022 16:10:40 PM - INFO - update trend: [-0.05054736293378988]
04/05/2022 16:10:40 PM - INFO - estimateQueueDelayDuration [-12.13136710410957] = queueDelayDelta [-0.2021894517351595] * numCount[1000]
04/05/2022 16:10:40 PM - INFO - [in this interval] signal is [Signal.NORMAL]
04/05/2022 16:10:40 PM - INFO - [in this interval] adaptiveThresholdGamma is [60.587822740675]
04/05/2022 16:10:40 PM - INFO - [in this interval] state is [State.INCREASE]
04/05/2022 16:10:40 PM - INFO - [in this interval] now real rate is [0.65045]mbps
04/05/2022 16:10:40 PM - INFO - [in this interval] now real rtt is [3850]
04/05/2022 16:10:40 PM - INFO - [in this interval] aimd control rate is [0.794801374547421] mbps
04/05/2022 16:10:40 PM - INFO - [in this interval] delay-rate is [0.794801374547421] mbps
04/05/2022 16:10:40 PM - INFO - average delay [1714.25]
04/05/2022 16:10:40 PM - INFO - average delay [1761.5]
04/05/2022 16:10:40 PM - INFO - average delay [1797.3333333333333]
04/05/2022 16:10:40 PM - INFO - average delay [1845.5]
04/05/2022 16:10:40 PM - INFO - nowTs is [241790], lastTs is [241534]
04/05/2022 16:10:40 PM - INFO - [in this interval] loss-ratio is [0.0]
04/05/2022 16:10:40 PM - INFO - [in this interval] group num is [7]
04/05/2022 16:10:40 PM - INFO - [in this interval] delayDelta from group is [[21, 7, -8, 5, 3, -23]]
04/05/2022 16:10:40 PM - INFO - sample List of accDelay : [[-7669.471653207672, -7668.024487886904, -7668.6220390982135, -7670.259835188393, -7674.133851669553, -7679.420466502598, -7686.078419852338, -7693.370577867104, -7699.9335200803935, -7706.340168072354, -7713.606151265118, -7720.245536138606, -7726.620982524745, -7730.958884272271, -7732.762995845043, -7733.686696260539, -7735.318026634485, -7736.286223971037, -7736.857601573933, -7739.67184141654]]
04/05/2022 16:10:40 PM - INFO - sample List of time: [[240893, 240926, 240942, 240958, 240972, 240988, 241005, 241021, 241097, 241127, 241157, 241172, 241216, 241232, 241377, 241408, 241440, 241462, 241482, 241505]]
04/05/2022 16:10:40 PM - INFO - update trend: [-0.1250218609424837]
04/05/2022 16:10:40 PM - INFO - estimateQueueDelayDuration [-30.005246626196083] = queueDelayDelta [-0.5000874437699347] * numCount[1000]
04/05/2022 16:10:40 PM - INFO - [in this interval] signal is [Signal.NORMAL]
04/05/2022 16:10:40 PM - INFO - [in this interval] adaptiveThresholdGamma is [60.03733637061438]
04/05/2022 16:10:40 PM - INFO - [in this interval] state is [State.INCREASE]
04/05/2022 16:10:40 PM - INFO - [in this interval] now real rate is [0.5643709677419355]mbps
04/05/2022 16:10:40 PM - INFO - [in this interval] now real rtt is [4052]
04/05/2022 16:10:40 PM - INFO - [in this interval] aimd control rate is [0.7992169377393511] mbps
04/05/2022 16:10:40 PM - INFO - [in this interval] delay-rate is [0.7992169377393511] mbps
04/05/2022 16:10:40 PM - INFO - average delay [1840.0]
04/05/2022 16:10:40 PM - INFO - average delay [1823.2]
04/05/2022 16:10:40 PM - INFO - average delay [1822.5]
04/05/2022 16:10:40 PM - INFO - average delay [1820.6]
04/05/2022 16:10:40 PM - INFO - nowTs is [242032], lastTs is [241790]
04/05/2022 16:10:40 PM - INFO - [in this interval] loss-ratio is [0.13636363636363635]
04/05/2022 16:10:40 PM - INFO - [in this interval] group num is [11]
04/05/2022 16:10:40 PM - INFO - [in this interval] delayDelta from group is [[-7, -11, 21, -24, 7, 10, -16, -20, -5, 5]]
04/05/2022 16:10:40 PM - INFO - sample List of accDelay : [[-7713.606151265118, -7720.245536138606, -7726.620982524745, -7730.958884272271, -7732.762995845043, -7733.686696260539, -7735.318026634485, -7736.286223971037, -7736.857601573933, -7739.67184141654, -7742.904657274886, -7746.914191547397, -7748.422772392658, -7752.180495153391, -7754.862445638052, -7756.276201074246, -7759.148580966822, -7763.73372287014, -7768.360350583126, -7772.024315524814]]
04/05/2022 16:10:40 PM - INFO - sample List of time: [[241157, 241172, 241216, 241232, 241377, 241408, 241440, 241462, 241482, 241505, 241529, 241552, 241576, 241617, 241638, 241670, 241690, 241709, 241719, 241734]]
04/05/2022 16:10:40 PM - INFO - update trend: [-0.08148826838594354]
04/05/2022 16:10:40 PM - INFO - estimateQueueDelayDuration [-19.55718441262645] = queueDelayDelta [-0.3259530735437742] * numCount[1000]
04/05/2022 16:10:40 PM - INFO - [in this interval] signal is [Signal.NORMAL]
04/05/2022 16:10:40 PM - INFO - [in this interval] adaptiveThresholdGamma is [59.3086936353706]
04/05/2022 16:10:40 PM - INFO - [in this interval] state is [State.INCREASE]
04/05/2022 16:10:40 PM - INFO - [in this interval] now real rate is [0.512144578313253]mbps
04/05/2022 16:10:40 PM - INFO - [in this interval] now real rtt is [3996]
04/05/2022 16:10:40 PM - INFO - [in this interval] aimd control rate is [0.8036570318379029] mbps
04/05/2022 16:10:40 PM - INFO - [in this interval] delay-rate is [0.8036570318379029] mbps
04/05/2022 16:10:40 PM - INFO - average delay [1800.0]
04/05/2022 16:10:40 PM - INFO - average delay [1756.3333333333333]
04/05/2022 16:10:40 PM - INFO - average delay [1727.6666666666667]
04/05/2022 16:10:40 PM - INFO - average delay [1718.6666666666667]
04/05/2022 16:10:40 PM - INFO - nowTs is [242261], lastTs is [242032]
04/05/2022 16:10:40 PM - INFO - [in this interval] loss-ratio is [0.32]
04/05/2022 16:10:40 PM - INFO - [in this interval] group num is [11]
04/05/2022 16:10:40 PM - INFO - [in this interval] delayDelta from group is [[-10, -14, -14, -6, -11, 1, -4, -21, -21, 3]]
04/05/2022 16:10:40 PM - INFO - sample List of accDelay : [[-7742.904657274886, -7746.914191547397, -7748.422772392658, -7752.180495153391, -7754.862445638052, -7756.276201074246, -7759.148580966822, -7763.73372287014, -7768.360350583126, -7772.024315524814, -7776.321883972332, -7781.589695575099, -7787.730726017589, -7793.85765341583, -7800.4718880742475, -7806.324699266823, -7811.9922293401405, -7819.193006406126, -7827.773705765514, -7835.196335188963]]
04/05/2022 16:10:40 PM - INFO - sample List of time: [[241529, 241552, 241576, 241617, 241638, 241670, 241690, 241709, 241719, 241734, 241770, 241790, 241811, 241832, 241856, 241880, 241921, 241942, 241956, 241970]]
04/05/2022 16:10:40 PM - INFO - update trend: [-0.20463729908303838]
04/05/2022 16:10:40 PM - INFO - estimateQueueDelayDuration [-49.11295177992921] = queueDelayDelta [-0.8185491963321535] * numCount[1000]
04/05/2022 16:10:40 PM - INFO - [in this interval] signal is [Signal.NORMAL]
04/05/2022 16:10:40 PM - INFO - [in this interval] adaptiveThresholdGamma is [59.12517028197266]
04/05/2022 16:10:40 PM - INFO - [in this interval] state is [State.INCREASE]
04/05/2022 16:10:40 PM - INFO - [in this interval] now real rate is [0.5902672064777328]mbps
04/05/2022 16:10:40 PM - INFO - [in this interval] now real rtt is [3764]
04/05/2022 16:10:40 PM - INFO - [in this interval] aimd control rate is [0.8081217931258914] mbps
04/05/2022 16:10:40 PM - INFO - [in this interval] delay-rate is [0.8081217931258914] mbps
04/05/2022 16:10:40 PM - INFO - average delay [1695.5]
04/05/2022 16:10:40 PM - INFO - average delay [1654.25]
04/05/2022 16:10:40 PM - INFO - average delay [1633.0]
04/05/2022 16:10:40 PM - INFO - average delay [1652.0]
04/05/2022 16:10:40 PM - INFO - nowTs is [242503], lastTs is [242261]
04/05/2022 16:10:40 PM - INFO - [in this interval] loss-ratio is [0.0]
04/05/2022 16:10:40 PM - INFO - [in this interval] group num is [8]
04/05/2022 16:10:40 PM - INFO - [in this interval] delayDelta from group is [[-21, -21, -6, 10, 18, 22, -10]]
04/05/2022 16:10:40 PM - INFO - sample List of accDelay : [[-7763.73372287014, -7768.360350583126, -7772.024315524814, -7776.321883972332, -7781.589695575099, -7787.730726017589, -7793.85765341583, -7800.4718880742475, -7806.324699266823, -7811.9922293401405, -7819.193006406126, -7827.773705765514, -7835.196335188963, -7843.976701670067, -7853.9790315030605, -7863.581128352755, -7871.223015517479, -7876.300713965731, -7878.670642569158, -7881.803578312242]]
04/05/2022 16:10:40 PM - INFO - sample List of time: [[241709, 241719, 241734, 241770, 241790, 241811, 241832, 241856, 241880, 241921, 241942, 241956, 241970, 242003, 242017, 242031, 242055, 242100, 242153, 242205]]
04/05/2022 16:10:40 PM - INFO - update trend: [-0.2722874891057245]
04/05/2022 16:10:40 PM - INFO - estimateQueueDelayDuration [-65.34899738537388] = queueDelayDelta [-1.089149956422898] * numCount[1001]
04/05/2022 16:10:40 PM - INFO - [in this interval] signal is [Signal.UNDER_USE]
04/05/2022 16:10:40 PM - INFO - [in this interval] adaptiveThresholdGamma is [65.34899738537388]
04/05/2022 16:10:40 PM - INFO - [in this interval] state is [State.HOLD]
04/05/2022 16:10:40 PM - INFO - [in this interval] now real rate is [0.5062903225806452]mbps
04/05/2022 16:10:40 PM - INFO - [in this interval] now real rtt is [3748]
04/05/2022 16:10:40 PM - INFO - [in this interval] aimd control rate is [0.8081217931258914] mbps
04/05/2022 16:10:40 PM - INFO - [in this interval] delay-rate is [0.8081217931258914] mbps
04/05/2022 16:10:40 PM - INFO - average delay [1672.0]
04/05/2022 16:10:40 PM - INFO - average delay [1695.6666666666667]
04/05/2022 16:10:40 PM - INFO - average delay [1700.3333333333333]
04/05/2022 16:10:40 PM - INFO - average delay [1703.3333333333333]
04/05/2022 16:10:40 PM - INFO - nowTs is [242751], lastTs is [242503]
04/05/2022 16:10:40 PM - INFO - [in this interval] loss-ratio is [0.52]
04/05/2022 16:10:40 PM - INFO - [in this interval] group num is [10]
04/05/2022 16:10:40 PM - INFO - [in this interval] delayDelta from group is [[9, -5, 8, -5, -4, -9, -53, -22, -13]]
04/05/2022 16:10:40 PM - INFO - sample List of accDelay : [[-7811.9922293401405, -7819.193006406126, -7827.773705765514, -7835.196335188963, -7843.976701670067, -7853.9790315030605, -7863.581128352755, -7871.223015517479, -7876.300713965731, -7878.670642569158, -7881.803578312242, -7883.723220481018, -7885.950898432916, -7887.155808589625, -7888.740227730663, -7890.566204957597, -7893.109584461837, -7900.698626015653, -7909.728763414087, -7919.155887072678]]
04/05/2022 16:10:40 PM - INFO - sample List of time: [[241921, 241942, 241956, 241970, 242003, 242017, 242031, 242055, 242100, 242153, 242205, 242252, 242301, 242326, 242369, 242394, 242420, 242446, 242458, 242471]]
04/05/2022 16:10:40 PM - INFO - update trend: [-0.14150579940055538]
04/05/2022 16:10:40 PM - INFO - estimateQueueDelayDuration [-33.96139185613329] = queueDelayDelta [-0.5660231976022215] * numCount[1000]
04/05/2022 16:10:40 PM - INFO - [in this interval] signal is [Signal.NORMAL]
04/05/2022 16:10:40 PM - INFO - [in this interval] adaptiveThresholdGamma is [64.78402048584755]
04/05/2022 16:10:40 PM - INFO - [in this interval] state is [State.INCREASE]
04/05/2022 16:10:40 PM - INFO - [in this interval] now real rate is [0.443134693877551]mbps
04/05/2022 16:10:40 PM - INFO - [in this interval] now real rtt is [3604]
04/05/2022 16:10:40 PM - INFO - [in this interval] aimd control rate is [0.8126113586432574] mbps
04/05/2022 16:10:40 PM - INFO - [in this interval] delay-rate is [0.8126113586432574] mbps
04/05/2022 16:10:40 PM - INFO - average delay [1648.6]
04/05/2022 16:10:40 PM - INFO - average delay [1586.75]
04/05/2022 16:10:40 PM - INFO - average delay [1570.4]
04/05/2022 16:10:40 PM - INFO - average delay [1571.5]
04/05/2022 16:10:40 PM - INFO - nowTs is [242996], lastTs is [242751]
04/05/2022 16:10:40 PM - INFO - [in this interval] loss-ratio is [0.15]
04/05/2022 16:10:40 PM - INFO - [in this interval] group num is [9]
04/05/2022 16:10:40 PM - INFO - [in this interval] delayDelta from group is [[-10, -8, -9, -3, 7, -1, 5, 16]]
04/05/2022 16:10:40 PM - INFO - sample List of accDelay : [[-7876.300713965731, -7878.670642569158, -7881.803578312242, -7883.723220481018, -7885.950898432916, -7887.155808589625, -7888.740227730663, -7890.566204957597, -7893.109584461837, -7900.698626015653, -7909.728763414087, -7919.155887072678, -7928.64029836541, -7937.976268528869, -7947.278641675982, -7955.950777508383, -7963.055699757545, -7969.550129781791, -7974.895116803612, -7978.105605123251]]
04/05/2022 16:10:40 PM - INFO - sample List of time: [[242100, 242153, 242205, 242252, 242301, 242326, 242369, 242394, 242420, 242446, 242458, 242471, 242491, 242516, 242543, 242569, 242596, 242618, 242632, 242677]]
04/05/2022 16:10:40 PM - INFO - update trend: [-0.20204338873148966]
04/05/2022 16:10:40 PM - INFO - estimateQueueDelayDuration [-48.49041329555752] = queueDelayDelta [-0.8081735549259587] * numCount[1000]
04/05/2022 16:10:40 PM - INFO - [in this interval] signal is [Signal.NORMAL]
04/05/2022 16:10:40 PM - INFO - [in this interval] adaptiveThresholdGamma is [64.49073555642232]
04/05/2022 16:10:40 PM - INFO - [in this interval] state is [State.INCREASE]
04/05/2022 16:10:40 PM - INFO - [in this interval] now real rate is [0.6040243407707911]mbps
04/05/2022 16:10:40 PM - INFO - [in this interval] now real rtt is [3594]
04/05/2022 16:10:40 PM - INFO - [in this interval] aimd control rate is [0.8171258661912756] mbps
04/05/2022 16:10:40 PM - INFO - [in this interval] delay-rate is [0.8171258661912756] mbps
04/05/2022 16:10:40 PM - INFO - average delay [1586.0]
04/05/2022 16:10:40 PM - INFO - average delay [1599.0]
04/05/2022 16:10:40 PM - INFO - average delay [1626.3333333333333]
04/05/2022 16:10:40 PM - INFO - average delay [1652.3333333333333]
04/05/2022 16:10:40 PM - INFO - nowTs is [243234], lastTs is [242996]
04/05/2022 16:10:40 PM - INFO - [in this interval] loss-ratio is [0.0]
04/05/2022 16:10:40 PM - INFO - [in this interval] group num is [6]
04/05/2022 16:10:40 PM - INFO - [in this interval] delayDelta from group is [[7, 26, 27, 11, -9]]
04/05/2022 16:10:40 PM - INFO - sample List of accDelay : [[-7887.155808589625, -7888.740227730663, -7890.566204957597, -7893.109584461837, -7900.698626015653, -7909.728763414087, -7919.155887072678, -7928.64029836541, -7937.976268528869, -7947.278641675982, -7955.950777508383, -7963.055699757545, -7969.550129781791, -7974.895116803612, -7978.105605123251, -7980.295044610926, -7979.665540149834, -7976.39898613485, -7972.359087521365, -7969.623178769229]]
04/05/2022 16:10:40 PM - INFO - sample List of time: [[242326, 242369, 242394, 242420, 242446, 242458, 242471, 242491, 242516, 242543, 242569, 242596, 242618, 242632, 242677, 242769, 242791, 242837, 242899, 242940]]
04/05/2022 16:10:40 PM - INFO - update trend: [-0.17163793366277003]
04/05/2022 16:10:40 PM - INFO - estimateQueueDelayDuration [-41.19310407906481] = queueDelayDelta [-0.6865517346510801] * numCount[1001]
04/05/2022 16:10:40 PM - INFO - [in this interval] signal is [Signal.NORMAL]
04/05/2022 16:10:40 PM - INFO - [in this interval] adaptiveThresholdGamma is [64.07137818982989]
04/05/2022 16:10:40 PM - INFO - [in this interval] state is [State.INCREASE]
04/05/2022 16:10:40 PM - INFO - [in this interval] now real rate is [0.6410122448979592]mbps
04/05/2022 16:10:40 PM - INFO - [in this interval] now real rtt is [3740]
04/05/2022 16:10:40 PM - INFO - [in this interval] aimd control rate is [0.8216654543367826] mbps
04/05/2022 16:10:40 PM - INFO - [in this interval] delay-rate is [0.8216654543367826] mbps
04/05/2022 16:10:40 PM - INFO - average delay [1671.0]
04/05/2022 16:10:40 PM - INFO - average delay [1629.3333333333333]
04/05/2022 16:10:40 PM - INFO - average delay [1589.2]
04/05/2022 16:10:40 PM - INFO - average delay [1565.0]
04/05/2022 16:10:40 PM - INFO - nowTs is [243464], lastTs is [243234]
04/05/2022 16:10:40 PM - INFO - [in this interval] loss-ratio is [0.41379310344827586]
04/05/2022 16:10:40 PM - INFO - [in this interval] group num is [9]
04/05/2022 16:10:40 PM - INFO - [in this interval] delayDelta from group is [[-40, -16, -7, -15, -5, -11, -5, 3]]
04/05/2022 16:10:40 PM - INFO - sample List of accDelay : [[-7937.976268528869, -7947.278641675982, -7955.950777508383, -7963.055699757545, -7969.550129781791, -7974.895116803612, -7978.105605123251, -7980.295044610926, -7979.665540149834, -7976.39898613485, -7972.359087521365, -7969.623178769229, -7971.160860892306, -7974.144774803075, -7977.530297322768, -7982.077267590492, -7986.669540831443, -7991.902586748298, -7997.112328073468, -8001.501095266121]]
04/05/2022 16:10:40 PM - INFO - sample List of time: [[242516, 242543, 242569, 242596, 242618, 242632, 242677, 242769, 242791, 242837, 242899, 242940, 242982, 243012, 243026, 243054, 243079, 243104, 243128, 243153]]
04/05/2022 16:10:40 PM - INFO - update trend: [-0.05647735654488041]
04/05/2022 16:10:40 PM - INFO - estimateQueueDelayDuration [-13.554565570771299] = queueDelayDelta [-0.22590942617952164] * numCount[1001]
04/05/2022 16:10:40 PM - INFO - [in this interval] signal is [Signal.NORMAL]
04/05/2022 16:10:40 PM - INFO - [in this interval] adaptiveThresholdGamma is [63.16207556268683]
04/05/2022 16:10:40 PM - INFO - [in this interval] state is [State.INCREASE]
04/05/2022 16:10:40 PM - INFO - [in this interval] now real rate is [0.5821061224489796]mbps
04/05/2022 16:10:40 PM - INFO - [in this interval] now real rtt is [3530]
04/05/2022 16:10:40 PM - INFO - [in this interval] aimd control rate is [0.8262302624164314] mbps
04/05/2022 16:10:40 PM - INFO - [in this interval] delay-rate is [0.8262302624164314] mbps
04/05/2022 16:10:40 PM - INFO - average delay [1555.8]
04/05/2022 16:10:40 PM - INFO - average delay [1550.0]
04/05/2022 16:10:40 PM - INFO - average delay [1553.25]
04/05/2022 16:10:40 PM - INFO - average delay [1570.75]
04/05/2022 16:10:40 PM - INFO - nowTs is [243700], lastTs is [243464]
04/05/2022 16:10:40 PM - INFO - [in this interval] loss-ratio is [0.17647058823529413]
04/05/2022 16:10:40 PM - INFO - [in this interval] group num is [6]
04/05/2022 16:10:40 PM - INFO - [in this interval] delayDelta from group is [[1, 5, 13, 20, 11]]
04/05/2022 16:10:40 PM - INFO - sample List of accDelay : [[-7974.895116803612, -7978.105605123251, -7980.295044610926, -7979.665540149834, -7976.39898613485, -7972.359087521365, -7969.623178769229, -7971.160860892306, -7974.144774803075, -7977.530297322768, -7982.077267590492, -7986.669540831443, -7991.902586748298, -7997.112328073468, -8001.501095266121, -8005.350985739509, -8008.315887165559, -8009.684298449003, -8008.915868604103, -8007.124281743692]]
04/05/2022 16:10:40 PM - INFO - sample List of time: [[242632, 242677, 242769, 242791, 242837, 242899, 242940, 242982, 243012, 243026, 243054, 243079, 243104, 243128, 243153, 243217, 243248, 243283, 243336, 243391]]
04/05/2022 16:10:40 PM - INFO - update trend: [-0.05568815375891058]
04/05/2022 16:10:40 PM - INFO - estimateQueueDelayDuration [-13.365156902138539] = queueDelayDelta [-0.2227526150356423] * numCount[1000]
04/05/2022 16:10:40 PM - INFO - [in this interval] signal is [Signal.NORMAL]
04/05/2022 16:10:40 PM - INFO - [in this interval] adaptiveThresholdGamma is [62.26573102679696]
04/05/2022 16:10:40 PM - INFO - [in this interval] state is [State.INCREASE]
04/05/2022 16:10:40 PM - INFO - [in this interval] now real rate is [0.5704476386036962]mbps
04/05/2022 16:10:40 PM - INFO - [in this interval] now real rtt is [3612]
04/05/2022 16:10:40 PM - INFO - [in this interval] aimd control rate is [0.830820430540967] mbps
04/05/2022 16:10:40 PM - INFO - [in this interval] delay-rate is [0.830820430540967] mbps
04/05/2022 16:10:40 PM - INFO - average delay [1592.75]
04/05/2022 16:10:40 PM - INFO - average delay [1612.0]
04/05/2022 16:10:40 PM - INFO - average delay [1635.3333333333333]
04/05/2022 16:10:40 PM - INFO - average delay [1651.0]
04/05/2022 16:10:40 PM - INFO - nowTs is [243948], lastTs is [243700]
04/05/2022 16:10:40 PM - INFO - [in this interval] loss-ratio is [0.26666666666666666]
04/05/2022 16:10:40 PM - INFO - [in this interval] group num is [6]
04/05/2022 16:10:40 PM - INFO - [in this interval] delayDelta from group is [[6, 21, 18, 29, -8]]
04/05/2022 16:10:40 PM - INFO - sample List of accDelay : [[-7972.359087521365, -7969.623178769229, -7971.160860892306, -7974.144774803075, -7977.530297322768, -7982.077267590492, -7986.669540831443, -7991.902586748298, -7997.112328073468, -8001.501095266121, -8005.350985739509, -8008.315887165559, -8009.684298449003, -8008.915868604103, -8007.124281743692, -8004.911853569323, -8000.820668212391, -7995.338601391151, -7987.504741252036, -7981.254267126833]]
04/05/2022 16:10:40 PM - INFO - sample List of time: [[242899, 242940, 242982, 243012, 243026, 243054, 243079, 243104, 243128, 243153, 243217, 243248, 243283, 243336, 243391, 243474, 243490, 243536, 243584, 243653]]
04/05/2022 16:10:40 PM - INFO - update trend: [-0.032059730629246434]
04/05/2022 16:10:40 PM - INFO - estimateQueueDelayDuration [-7.694335351019144] = queueDelayDelta [-0.12823892251698574] * numCount[1001]
04/05/2022 16:10:40 PM - INFO - [in this interval] signal is [Signal.NORMAL]
04/05/2022 16:10:40 PM - INFO - [in this interval] adaptiveThresholdGamma is [61.28344590463296]
04/05/2022 16:10:40 PM - INFO - [in this interval] state is [State.INCREASE]
04/05/2022 16:10:40 PM - INFO - [in this interval] now real rate is [0.4518309859154929]mbps
04/05/2022 16:10:40 PM - INFO - [in this interval] now real rtt is [3768]
04/05/2022 16:10:40 PM - INFO - [in this interval] aimd control rate is [0.835436099599528] mbps
04/05/2022 16:10:40 PM - INFO - [in this interval] delay-rate is [0.835436099599528] mbps
04/05/2022 16:10:40 PM - INFO - average delay [1683.6666666666667]
04/05/2022 16:10:40 PM - INFO - average delay [1713.0]
04/05/2022 16:10:40 PM - INFO - average delay [1719.6666666666667]
04/05/2022 16:10:40 PM - INFO - average delay [1718.0]
04/05/2022 16:10:40 PM - INFO - nowTs is [244193], lastTs is [243948]
04/05/2022 16:10:40 PM - INFO - [in this interval] loss-ratio is [0.6071428571428571]
04/05/2022 16:10:40 PM - INFO - [in this interval] group num is [8]
04/05/2022 16:10:40 PM - INFO - [in this interval] delayDelta from group is [[12, 2, 26, -37, 3, 3, -17]]
04/05/2022 16:10:40 PM - INFO - sample List of accDelay : [[-7991.902586748298, -7997.112328073468, -8001.501095266121, -8005.350985739509, -8008.315887165559, -8009.684298449003, -8008.915868604103, -8007.124281743692, -8004.911853569323, -8000.820668212391, -7995.338601391151, -7987.504741252036, -7981.254267126833, -7974.42884041415, -7968.0859563727345, -7959.777360735461, -7955.999624661915, -7952.299662195723, -7948.66969597615, -7947.102726378535]]
04/05/2022 16:10:40 PM - INFO - sample List of time: [[243104, 243128, 243153, 243217, 243248, 243283, 243336, 243391, 243474, 243490, 243536, 243584, 243653, 243698, 243720, 243742, 243808, 243831, 243874, 243902]]
04/05/2022 16:10:40 PM - INFO - update trend: [0.0734117388538555]
04/05/2022 16:10:40 PM - INFO - estimateQueueDelayDuration [17.61881732492532] = queueDelayDelta [0.293646955415422] * numCount[1000]
04/05/2022 16:10:40 PM - INFO - [in this interval] signal is [Signal.NORMAL]
04/05/2022 16:10:40 PM - INFO - [in this interval] adaptiveThresholdGamma is [60.497482590198224]
04/05/2022 16:10:40 PM - INFO - [in this interval] state is [State.INCREASE]
04/05/2022 16:10:40 PM - INFO - [in this interval] now real rate is [0.4038296146044625]mbps
04/05/2022 16:10:40 PM - INFO - [in this interval] now real rtt is [3798]
04/05/2022 16:10:40 PM - INFO - [in this interval] aimd control rate is [0.8400774112639698] mbps
04/05/2022 16:10:40 PM - INFO - [in this interval] delay-rate is [0.8400774112639698] mbps
04/05/2022 16:10:40 PM - INFO - average delay [1709.3333333333333]
04/05/2022 16:10:40 PM - INFO - average delay [1687.3333333333333]
04/05/2022 16:10:40 PM - INFO - average delay [1685.25]
04/05/2022 16:10:40 PM - INFO - average delay [1648.8333333333333]
04/05/2022 16:10:40 PM - INFO - nowTs is [244422], lastTs is [244193]
04/05/2022 16:10:40 PM - INFO - [in this interval] loss-ratio is [0.15]
04/05/2022 16:10:40 PM - INFO - [in this interval] group num is [10]
04/05/2022 16:10:40 PM - INFO - [in this interval] delayDelta from group is [[1, -7, -10, -19, -13, -14, -13, -9, -19]]
04/05/2022 16:10:40 PM - INFO - sample List of accDelay : [[-8000.820668212391, -7995.338601391151, -7987.504741252036, -7981.254267126833, -7974.42884041415, -7968.0859563727345, -7959.777360735461, -7955.999624661915, -7952.299662195723, -7948.66969597615, -7947.102726378535, -7945.592453740682, -7944.933208366613, -7945.339887529952, -7947.605898776957, -7950.94530889926, -7955.350778009334, -7960.615700208401, -7966.254130187561, -7973.228717168804]]
04/05/2022 16:10:40 PM - INFO - sample List of time: [[243490, 243536, 243584, 243653, 243698, 243720, 243742, 243808, 243831, 243874, 243902, 243957, 243993, 244011, 244041, 244052, 244074, 244095, 244117, 244138]]
04/05/2022 16:10:40 PM - INFO - update trend: [0.06052027356030352]
04/05/2022 16:10:40 PM - INFO - estimateQueueDelayDuration [14.524865654472844] = queueDelayDelta [0.24208109424121407] * numCount[1001]
04/05/2022 16:10:40 PM - INFO - [in this interval] signal is [Signal.NORMAL]
04/05/2022 16:10:40 PM - INFO - [in this interval] adaptiveThresholdGamma is [59.66997548535517]
04/05/2022 16:10:40 PM - INFO - [in this interval] state is [State.INCREASE]
04/05/2022 16:10:40 PM - INFO - [in this interval] now real rate is [0.5005322580645162]mbps
04/05/2022 16:10:40 PM - INFO - [in this interval] now real rtt is [3586]
04/05/2022 16:10:40 PM - INFO - [in this interval] aimd control rate is [0.8447445079932141] mbps
04/05/2022 16:10:40 PM - INFO - [in this interval] delay-rate is [0.8447445079932141] mbps
04/05/2022 16:10:40 PM - INFO - average delay [1613.5]
04/05/2022 16:10:40 PM - INFO - average delay [1596.8333333333333]
04/05/2022 16:10:40 PM - INFO - average delay [1601.0]
04/05/2022 16:10:40 PM - INFO - average delay [1635.3333333333333]
04/05/2022 16:10:40 PM - INFO - nowTs is [244658], lastTs is [244422]
04/05/2022 16:10:40 PM - INFO - [in this interval] loss-ratio is [0.06666666666666667]
04/05/2022 16:10:40 PM - INFO - [in this interval] group num is [7]
04/05/2022 16:10:40 PM - INFO - [in this interval] delayDelta from group is [[-9, 2, 24, 9, 31, 14]]
04/05/2022 16:10:40 PM - INFO - sample List of accDelay : [[-7959.777360735461, -7955.999624661915, -7952.299662195723, -7948.66969597615, -7947.102726378535, -7945.592453740682, -7944.933208366613, -7945.339887529952, -7947.605898776957, -7950.94530889926, -7955.350778009334, -7960.615700208401, -7966.254130187561, -7973.228717168804, -7980.405845451924, -7986.665260906731, -7989.898734816058, -7991.908861334452, -7990.617975201007, -7988.056177680906]]
04/05/2022 16:10:40 PM - INFO - sample List of time: [[243742, 243808, 243831, 243874, 243902, 243957, 243993, 244011, 244041, 244052, 244074, 244095, 244117, 244138, 244174, 244195, 244232, 244291, 244315, 244361]]
04/05/2022 16:10:40 PM - INFO - update trend: [-0.08091116723065456]
04/05/2022 16:10:40 PM - INFO - estimateQueueDelayDuration [-19.418680135357093] = queueDelayDelta [-0.32364466892261823] * numCount[1001]
04/05/2022 16:10:40 PM - INFO - [in this interval] signal is [Signal.NORMAL]
04/05/2022 16:10:40 PM - INFO - [in this interval] adaptiveThresholdGamma is [58.9454521690552]
04/05/2022 16:10:40 PM - INFO - [in this interval] state is [State.INCREASE]
04/05/2022 16:10:40 PM - INFO - [in this interval] now real rate is [0.5797763975155279]mbps
04/05/2022 16:10:40 PM - INFO - [in this interval] now real rtt is [3758]
04/05/2022 16:10:40 PM - INFO - [in this interval] aimd control rate is [0.8494375330376208] mbps
04/05/2022 16:10:40 PM - INFO - [in this interval] delay-rate is [0.8494375330376208] mbps
04/05/2022 16:10:40 PM - INFO - average delay [1663.6666666666667]
04/05/2022 16:10:40 PM - INFO - average delay [1709.0]
04/05/2022 16:10:40 PM - INFO - average delay [1729.5]
04/05/2022 16:10:40 PM - INFO - average delay [1722.5]
04/05/2022 16:10:40 PM - INFO - nowTs is [244915], lastTs is [244658]
04/05/2022 16:10:40 PM - INFO - [in this interval] loss-ratio is [0.2222222222222222]
04/05/2022 16:10:40 PM - INFO - [in this interval] group num is [9]
04/05/2022 16:10:40 PM - INFO - [in this interval] delayDelta from group is [[14, 8, 16, 3, -11, 2, -2, 14]]
04/05/2022 16:10:40 PM - INFO - sample List of accDelay : [[-7947.605898776957, -7950.94530889926, -7955.350778009334, -7960.615700208401, -7966.254130187561, -7973.228717168804, -7980.405845451924, -7986.665260906731, -7989.898734816058, -7991.908861334452, -7990.617975201007, -7988.056177680906, -7984.350559912816, -7980.215503921534, -7974.89395352938, -7969.804558176442, -7966.324102358798, -7962.991692122919, -7960.192522910627, -7956.273270619564]]
04/05/2022 16:10:40 PM - INFO - sample List of time: [[244041, 244052, 244074, 244095, 244117, 244138, 244174, 244195, 244232, 244291, 244315, 244361, 244408, 244432, 244450, 244476, 244494, 244523, 244555, 244588]]
04/05/2022 16:10:40 PM - INFO - update trend: [-0.011923341944576012]
04/05/2022 16:10:40 PM - INFO - estimateQueueDelayDuration [-2.861602066698243] = queueDelayDelta [-0.04769336777830405] * numCount[1001]
04/05/2022 16:10:40 PM - INFO - [in this interval] signal is [Signal.NORMAL]
04/05/2022 16:10:40 PM - INFO - [in this interval] adaptiveThresholdGamma is [57.93594286721277]
04/05/2022 16:10:40 PM - INFO - [in this interval] state is [State.INCREASE]
04/05/2022 16:10:40 PM - INFO - [in this interval] now real rate is [0.5006734279918864]mbps
04/05/2022 16:10:40 PM - INFO - [in this interval] now real rtt is [3882]
04/05/2022 16:10:40 PM - INFO - [in this interval] aimd control rate is [0.8541566304433853] mbps
04/05/2022 16:10:40 PM - INFO - [in this interval] delay-rate is [0.8541566304433853] mbps
04/05/2022 16:10:40 PM - INFO - average delay [1731.75]
04/05/2022 16:10:40 PM - INFO - average delay [1722.2]
04/05/2022 16:10:40 PM - INFO - average delay [1691.6666666666667]
04/05/2022 16:10:40 PM - INFO - average delay [1661.5]
04/05/2022 16:10:40 PM - INFO - nowTs is [245149], lastTs is [244915]
04/05/2022 16:10:40 PM - INFO - [in this interval] loss-ratio is [0.0]
04/05/2022 16:10:40 PM - INFO - [in this interval] group num is [10]
04/05/2022 16:10:40 PM - INFO - [in this interval] delayDelta from group is [[-14, -9, -9, -14, -14, -8, -14, 1, 14]]
04/05/2022 16:10:40 PM - INFO - sample List of accDelay : [[-7991.908861334452, -7990.617975201007, -7988.056177680906, -7984.350559912816, -7980.215503921534, -7974.89395352938, -7969.804558176442, -7966.324102358798, -7962.991692122919, -7960.192522910627, -7956.273270619564, -7954.145943557608, -7953.131349201847, -7953.118214281662, -7954.506392853496, -7957.155753568147, -7960.3401782113315, -7964.606160390199, -7968.345544351179, -7970.310989916062]]
04/05/2022 16:10:40 PM - INFO - sample List of time: [[244291, 244315, 244361, 244408, 244432, 244450, 244476, 244494, 244523, 244555, 244588, 244663, 244684, 244705, 244726, 244747, 244768, 244790, 244811, 244852]]
04/05/2022 16:10:40 PM - INFO - update trend: [0.05546618482190372]
04/05/2022 16:10:40 PM - INFO - estimateQueueDelayDuration [13.311884357256893] = queueDelayDelta [0.22186473928761488] * numCount[1000]
04/05/2022 16:10:40 PM - INFO - [in this interval] signal is [Signal.NORMAL]
04/05/2022 16:10:40 PM - INFO - [in this interval] adaptiveThresholdGamma is [57.13270981403357]
04/05/2022 16:10:40 PM - INFO - [in this interval] state is [State.INCREASE]
04/05/2022 16:10:40 PM - INFO - [in this interval] now real rate is [0.5308187372708757]mbps
04/05/2022 16:10:40 PM - INFO - [in this interval] now real rtt is [3740]
04/05/2022 16:10:40 PM - INFO - [in this interval] aimd control rate is [0.8589019450569597] mbps
04/05/2022 16:10:40 PM - INFO - [in this interval] delay-rate is [0.8589019450569597] mbps
04/05/2022 16:10:40 PM - INFO - average delay [1654.3333333333333]
04/05/2022 16:10:40 PM - INFO - average delay [1696.5]
04/05/2022 16:10:40 PM - INFO - average delay [1736.6666666666667]
04/05/2022 16:10:40 PM - INFO - average delay [1768.0]
04/05/2022 16:10:40 PM - INFO - nowTs is [245395], lastTs is [245149]
04/05/2022 16:10:40 PM - INFO - [in this interval] loss-ratio is [0.2631578947368421]
04/05/2022 16:10:40 PM - INFO - [in this interval] group num is [12]
04/05/2022 16:10:40 PM - INFO - [in this interval] delayDelta from group is [[15, 34, 16, 15, 7, -3, 3, -3, -13, -6, 2]]
04/05/2022 16:10:40 PM - INFO - sample List of accDelay : [[-7954.145943557608, -7953.131349201847, -7953.118214281662, -7954.506392853496, -7957.155753568147, -7960.3401782113315, -7964.606160390199, -7968.345544351179, -7970.310989916062, -7970.579890924456, -7967.42190183201, -7962.979711648809, -7957.481740483929, -7951.833566435535, -7947.050209791982, -7942.445188812783, -7938.600669931505, -7936.4406029383545, -7935.096542644519, -7933.686888380067]]
04/05/2022 16:10:40 PM - INFO - sample List of time: [[244663, 244684, 244705, 244726, 244747, 244768, 244790, 244811, 244852, 244900, 244925, 244974, 245000, 245025, 245042, 245054, 245077, 245089, 245101, 245110]]
04/05/2022 16:10:40 PM - INFO - update trend: [0.043581613124446215]
04/05/2022 16:10:40 PM - INFO - estimateQueueDelayDuration [10.459587149867092] = queueDelayDelta [0.17432645249778486] * numCount[1001]
04/05/2022 16:10:40 PM - INFO - [in this interval] signal is [Signal.NORMAL]
04/05/2022 16:10:40 PM - INFO - [in this interval] adaptiveThresholdGamma is [56.29259360607857]
04/05/2022 16:10:40 PM - INFO - [in this interval] state is [State.INCREASE]
04/05/2022 16:10:40 PM - INFO - [in this interval] now real rate is [0.5751527494908351]mbps
04/05/2022 16:10:40 PM - INFO - [in this interval] now real rtt is [3912]
04/05/2022 16:10:40 PM - INFO - [in this interval] aimd control rate is [0.8636736225294984] mbps
04/05/2022 16:10:40 PM - INFO - [in this interval] delay-rate is [0.8636736225294984] mbps
04/05/2022 16:10:40 PM - INFO - average delay [1764.6666666666667]
04/05/2022 16:10:40 PM - INFO - average delay [1709.0]
04/05/2022 16:10:40 PM - INFO - average delay [1683.8]
04/05/2022 16:10:40 PM - INFO - average delay [1634.75]
04/05/2022 16:10:40 PM - INFO - nowTs is [245635], lastTs is [245395]
04/05/2022 16:10:40 PM - INFO - [in this interval] loss-ratio is [0.1724137931034483]
04/05/2022 16:10:40 PM - INFO - [in this interval] group num is [16]
04/05/2022 16:10:40 PM - INFO - [in this interval] delayDelta from group is [[-21, -19, -15, 3, -2, -3, -3, -19, -22, -19, -16, -13, -15, -20, -16]]
04/05/2022 16:10:40 PM - INFO - sample List of accDelay : [[-7942.445188812783, -7938.600669931505, -7936.4406029383545, -7935.096542644519, -7933.686888380067, -7934.518199542061, -7937.166379587854, -7941.049741629068, -7944.244767466162, -7947.3202907195455, -7950.388261647591, -7953.449435482832, -7958.104491934549, -7964.494042741094, -7972.144638466984, -7980.630174620286, -7989.567157158258, -7999.110441442433, -8009.699397298189, -8020.829457568369]]
04/05/2022 16:10:40 PM - INFO - sample List of time: [[245054, 245077, 245089, 245101, 245110, 245132, 245141, 245162, 245177, 245190, 245208, 245220, 245237, 245253, 245261, 245277, 245296, 245313, 245333, 245353]]
04/05/2022 16:10:40 PM - INFO - update trend: [-0.274880768349218]
04/05/2022 16:10:40 PM - INFO - estimateQueueDelayDuration [-65.97138440381232] = queueDelayDelta [-1.099523073396872] * numCount[1000]
04/05/2022 16:10:40 PM - INFO - [in this interval] signal is [Signal.UNDER_USE]
04/05/2022 16:10:40 PM - INFO - [in this interval] adaptiveThresholdGamma is [65.97138440381232]
04/05/2022 16:10:40 PM - INFO - [in this interval] state is [State.HOLD]
04/05/2022 16:10:40 PM - INFO - [in this interval] now real rate is [0.6432427983539095]mbps
04/05/2022 16:10:40 PM - INFO - [in this interval] now real rtt is [3482]
04/05/2022 16:10:40 PM - INFO - [in this interval] aimd control rate is [0.8636736225294984] mbps
04/05/2022 16:10:40 PM - INFO - [in this interval] delay-rate is [0.8636736225294984] mbps
04/05/2022 16:10:40 PM - INFO - average delay [1567.857142857143]
04/05/2022 16:10:40 PM - INFO - average delay [1513.1666666666667]
04/05/2022 16:10:40 PM - INFO - average delay [1481.0]
04/05/2022 16:10:40 PM - INFO - average delay [1485.5]
04/05/2022 16:10:40 PM - INFO - nowTs is [245860], lastTs is [245635]
04/05/2022 16:10:40 PM - INFO - [in this interval] loss-ratio is [0.25]
04/05/2022 16:10:40 PM - INFO - [in this interval] group num is [9]
04/05/2022 16:10:40 PM - INFO - [in this interval] delayDelta from group is [[-14, -27, -13, -7, 2, 8, -14, 31]]
04/05/2022 16:10:40 PM - INFO - sample List of accDelay : [[-7944.244767466162, -7947.3202907195455, -7950.388261647591, -7953.449435482832, -7958.104491934549, -7964.494042741094, -7972.144638466984, -7980.630174620286, -7989.567157158258, -7999.110441442433, -8009.699397298189, -8020.829457568369, -8032.246511811532, -8045.2218606303795, -8058.199674567341, -8070.579707110607, -8081.521736399546, -8090.5695627595915, -8100.112606483632, -8105.601345835269]]
04/05/2022 16:10:40 PM - INFO - sample List of time: [[245177, 245190, 245208, 245220, 245237, 245253, 245261, 245277, 245296, 245313, 245333, 245353, 245371, 245382, 245400, 245417, 245445, 245482, 245505, 245541]]
04/05/2022 16:10:40 PM - INFO - update trend: [-0.5107875503440632]
04/05/2022 16:10:40 PM - INFO - estimateQueueDelayDuration [-122.58901208257517] = queueDelayDelta [-2.043150201376253] * numCount[1000]
04/05/2022 16:10:40 PM - INFO - [in this interval] signal is [Signal.UNDER_USE]
04/05/2022 16:10:40 PM - INFO - [in this interval] adaptiveThresholdGamma is [65.97138440381232]
04/05/2022 16:10:40 PM - INFO - [in this interval] state is [State.HOLD]
04/05/2022 16:10:40 PM - INFO - [in this interval] now real rate is [0.6291244979919679]mbps
04/05/2022 16:10:40 PM - INFO - [in this interval] now real rtt is [3432]
04/05/2022 16:10:40 PM - INFO - [in this interval] aimd control rate is [0.8636736225294984] mbps
04/05/2022 16:10:40 PM - INFO - [in this interval] delay-rate is [0.8636736225294984] mbps
04/05/2022 16:10:40 PM - INFO - average delay [1499.6666666666667]
04/05/2022 16:10:40 PM - INFO - average delay [1534.25]
04/05/2022 16:10:40 PM - INFO - average delay [1536.25]
04/05/2022 16:10:40 PM - INFO - average delay [1559.0]
04/05/2022 16:10:40 PM - INFO - nowTs is [246113], lastTs is [245860]
04/05/2022 16:10:40 PM - INFO - [in this interval] loss-ratio is [0.2857142857142857]
04/05/2022 16:10:40 PM - INFO - [in this interval] group num is [8]
04/05/2022 16:10:40 PM - INFO - [in this interval] delayDelta from group is [[4, -1, 33, -16, -12, 5, -1]]
04/05/2022 16:10:40 PM - INFO - sample List of accDelay : [[-7980.630174620286, -7989.567157158258, -7999.110441442433, -8009.699397298189, -8020.829457568369, -8032.246511811532, -8045.2218606303795, -8058.199674567341, -8070.579707110607, -8081.521736399546, -8090.5695627595915, -8100.112606483632, -8105.601345835269, -8110.141211251742, -8114.327090126568, -8114.794381113911, -8116.8149430025205, -8119.8334487022685, -8122.050103832042, -8124.1450934488375]]
04/05/2022 16:10:40 PM - INFO - sample List of time: [[245277, 245296, 245313, 245333, 245353, 245371, 245382, 245400, 245417, 245445, 245482, 245505, 245541, 245633, 245647, 245661, 245754, 245778, 245801, 245816]]
04/05/2022 16:10:40 PM - INFO - update trend: [-0.2468375364350152]
04/05/2022 16:10:40 PM - INFO - estimateQueueDelayDuration [-59.24100874440364] = queueDelayDelta [-0.9873501457400607] * numCount[1001]
04/05/2022 16:10:40 PM - INFO - [in this interval] signal is [Signal.NORMAL]
04/05/2022 16:10:40 PM - INFO - [in this interval] adaptiveThresholdGamma is [65.85023764194297]
04/05/2022 16:10:40 PM - INFO - [in this interval] state is [State.INCREASE]
04/05/2022 16:10:40 PM - INFO - [in this interval] now real rate is [0.5111004016064257]mbps
04/05/2022 16:10:40 PM - INFO - [in this interval] now real rtt is [3498]
04/05/2022 16:10:40 PM - INFO - [in this interval] aimd control rate is [0.868471809321329] mbps
04/05/2022 16:10:40 PM - INFO - [in this interval] delay-rate is [0.868471809321329] mbps
04/05/2022 16:10:40 PM - INFO - average delay [1548.0]
04/05/2022 16:10:40 PM - INFO - average delay [1545.2]
04/05/2022 16:10:40 PM - INFO - average delay [1522.1666666666667]
04/05/2022 16:10:40 PM - INFO - average delay [1499.2]
04/05/2022 16:10:40 PM - INFO - nowTs is [246346], lastTs is [246113]
04/05/2022 16:10:40 PM - INFO - [in this interval] loss-ratio is [0.0]
04/05/2022 16:10:40 PM - INFO - [in this interval] group num is [10]
04/05/2022 16:10:40 PM - INFO - [in this interval] delayDelta from group is [[2, -12, -12, -6, -11, -10, -5, -3, -14]]
04/05/2022 16:10:40 PM - INFO - sample List of accDelay : [[-8081.521736399546, -8090.5695627595915, -8100.112606483632, -8105.601345835269, -8110.141211251742, -8114.327090126568, -8114.794381113911, -8116.8149430025205, -8119.8334487022685, -8122.050103832042, -8124.1450934488375, -8125.830584103954, -8128.547525693559, -8132.192773124203, -8136.073495811783, -8140.666146230605, -8145.799531607544, -8150.919578446789, -8155.82762060211, -8161.644858541898]]
04/05/2022 16:10:40 PM - INFO - sample List of time: [[245445, 245482, 245505, 245541, 245633, 245647, 245661, 245754, 245778, 245801, 245816, 245854, 245876, 245899, 245922, 245946, 245970, 245995, 246020, 246052]]
04/05/2022 16:10:40 PM - INFO - update trend: [-0.10817402160579322]
04/05/2022 16:10:40 PM - INFO - estimateQueueDelayDuration [-25.961765185390373] = queueDelayDelta [-0.43269608642317287] * numCount[1000]
04/05/2022 16:10:40 PM - INFO - [in this interval] signal is [Signal.NORMAL]
04/05/2022 16:10:40 PM - INFO - [in this interval] adaptiveThresholdGamma is [65.13224513772502]
04/05/2022 16:10:40 PM - INFO - [in this interval] state is [State.INCREASE]
04/05/2022 16:10:40 PM - INFO - [in this interval] now real rate is [0.5265349794238684]mbps
04/05/2022 16:10:40 PM - INFO - [in this interval] now real rtt is [3364]
04/05/2022 16:10:40 PM - INFO - [in this interval] aimd control rate is [0.8720904418601679] mbps
04/05/2022 16:10:40 PM - INFO - [in this interval] delay-rate is [0.8720904418601679] mbps
04/05/2022 16:10:40 PM - INFO - average delay [1488.5]
04/05/2022 16:10:40 PM - INFO - average delay [1502.0]
04/05/2022 16:10:40 PM - INFO - average delay [1507.75]
04/05/2022 16:10:40 PM - INFO - average delay [1530.25]
04/05/2022 16:10:40 PM - INFO - nowTs is [246596], lastTs is [246346]
04/05/2022 16:10:40 PM - INFO - [in this interval] loss-ratio is [0.0]
04/05/2022 16:10:40 PM - INFO - [in this interval] group num is [9]
04/05/2022 16:10:40 PM - INFO - [in this interval] delayDelta from group is [[10, 4, 26, -7, 2, 5, 14, -24]]
04/05/2022 16:10:40 PM - INFO - sample List of accDelay : [[-8119.8334487022685, -8122.050103832042, -8124.1450934488375, -8125.830584103954, -8128.547525693559, -8132.192773124203, -8136.073495811783, -8140.666146230605, -8145.799531607544, -8150.919578446789, -8155.82762060211, -8161.644858541898, -8165.880372687709, -8169.292335418938, -8169.7631018770435, -8170.886791689339, -8171.698112520405, -8171.928301268364, -8170.735471141527, -8172.0619240273745]]
04/05/2022 16:10:40 PM - INFO - sample List of time: [[245778, 245801, 245816, 245854, 245876, 245899, 245922, 245946, 245970, 245995, 246020, 246052, 246093, 246133, 246172, 246233, 246256, 246268, 246288, 246312]]
04/05/2022 16:10:40 PM - INFO - update trend: [-0.10872421976839089]
04/05/2022 16:10:40 PM - INFO - estimateQueueDelayDuration [-26.093812744413814] = queueDelayDelta [-0.43489687907356356] * numCount[1000]
04/05/2022 16:10:40 PM - INFO - [in this interval] signal is [Signal.NORMAL]
04/05/2022 16:10:40 PM - INFO - [in this interval] adaptiveThresholdGamma is [64.42955335464542]
04/05/2022 16:10:40 PM - INFO - [in this interval] state is [State.INCREASE]
04/05/2022 16:10:40 PM - INFO - [in this interval] now real rate is [0.5313457556935818]mbps
04/05/2022 16:10:40 PM - INFO - [in this interval] now real rtt is [3464]
04/05/2022 16:10:40 PM - INFO - [in this interval] aimd control rate is [0.8757241520345852] mbps
04/05/2022 16:10:40 PM - INFO - [in this interval] delay-rate is [0.8757241520345852] mbps
04/05/2022 16:10:40 PM - INFO - average delay [1540.5]
04/05/2022 16:10:40 PM - INFO - average delay [1531.0]
04/05/2022 16:10:40 PM - INFO - average delay [1512.8]
04/05/2022 16:10:40 PM - INFO - average delay [1509.0]
04/05/2022 16:10:40 PM - INFO - nowTs is [246814], lastTs is [246596]
04/05/2022 16:10:40 PM - INFO - [in this interval] loss-ratio is [0.0]
04/05/2022 16:10:40 PM - INFO - [in this interval] group num is [8]
04/05/2022 16:10:40 PM - INFO - [in this interval] delayDelta from group is [[-6, -10, -11, -4, 8, 7, -8]]
04/05/2022 16:10:40 PM - INFO - sample List of accDelay : [[-8140.666146230605, -8145.799531607544, -8150.919578446789, -8155.82762060211, -8161.644858541898, -8165.880372687709, -8169.292335418938, -8169.7631018770435, -8170.886791689339, -8171.698112520405, -8171.928301268364, -8170.735471141527, -8172.0619240273745, -8173.855731624637, -8176.4701584621735, -8179.923142615956, -8183.4308283543605, -8185.787745518925, -8187.208970967033, -8189.28807387033]]
04/05/2022 16:10:40 PM - INFO - sample List of time: [[245946, 245970, 245995, 246020, 246052, 246093, 246133, 246172, 246233, 246256, 246268, 246288, 246312, 246335, 246359, 246384, 246408, 246434, 246477, 246519]]
04/05/2022 16:10:40 PM - INFO - update trend: [-0.07223811793437006]
04/05/2022 16:10:40 PM - INFO - estimateQueueDelayDuration [-17.337148304248814] = queueDelayDelta [-0.28895247173748023] * numCount[1001]
04/05/2022 16:10:40 PM - INFO - [in this interval] signal is [Signal.NORMAL]
04/05/2022 16:10:40 PM - INFO - [in this interval] adaptiveThresholdGamma is [63.581890063738285]
04/05/2022 16:10:40 PM - INFO - [in this interval] state is [State.INCREASE]
04/05/2022 16:10:40 PM - INFO - [in this interval] now real rate is [0.5009897750511247]mbps
04/05/2022 16:10:40 PM - INFO - [in this interval] now real rtt is [3440]
04/05/2022 16:10:40 PM - INFO - [in this interval] aimd control rate is [0.8793730026680627] mbps
04/05/2022 16:10:40 PM - INFO - [in this interval] delay-rate is [0.8793730026680627] mbps
04/05/2022 16:10:40 PM - INFO - average delay [1518.3333333333333]
04/05/2022 16:10:40 PM - INFO - average delay [1538.0]
04/05/2022 16:10:40 PM - INFO - average delay [1548.3333333333333]
04/05/2022 16:10:40 PM - INFO - average delay [1567.3333333333333]
04/05/2022 16:10:40 PM - INFO - nowTs is [247054], lastTs is [246814]
04/05/2022 16:10:40 PM - INFO - [in this interval] loss-ratio is [0.0]
04/05/2022 16:10:40 PM - INFO - [in this interval] group num is [6]
04/05/2022 16:10:40 PM - INFO - [in this interval] delayDelta from group is [[4, 10, 12, 9, 9]]
04/05/2022 16:10:40 PM - INFO - sample List of accDelay : [[-8165.880372687709, -8169.292335418938, -8169.7631018770435, -8170.886791689339, -8171.698112520405, -8171.928301268364, -8170.735471141527, -8172.0619240273745, -8173.855731624637, -8176.4701584621735, -8179.923142615956, -8183.4308283543605, -8185.787745518925, -8187.208970967033, -8189.28807387033, -8190.759266483296, -8191.083339834967, -8190.17500585147, -8188.457505266323, -8186.01175473969]]
04/05/2022 16:10:40 PM - INFO - sample List of time: [[246093, 246133, 246172, 246233, 246256, 246268, 246288, 246312, 246335, 246359, 246384, 246408, 246434, 246477, 246519, 246562, 246606, 246651, 246693, 246737]]
04/05/2022 16:10:40 PM - INFO - update trend: [-0.04304350410447874]
04/05/2022 16:10:40 PM - INFO - estimateQueueDelayDuration [-10.330440985074897] = queueDelayDelta [-0.17217401641791497] * numCount[1000]
04/05/2022 16:10:40 PM - INFO - [in this interval] signal is [Signal.NORMAL]
04/05/2022 16:10:40 PM - INFO - [in this interval] adaptiveThresholdGamma is [62.623363980322345]
04/05/2022 16:10:40 PM - INFO - [in this interval] state is [State.INCREASE]
04/05/2022 16:10:40 PM - INFO - [in this interval] now real rate is [0.48272616632860044]mbps
04/05/2022 16:10:40 PM - INFO - [in this interval] now real rtt is [3570]
04/05/2022 16:10:40 PM - INFO - [in this interval] aimd control rate is [0.8830370568458462] mbps
04/05/2022 16:10:40 PM - INFO - [in this interval] delay-rate is [0.8830370568458462] mbps
04/05/2022 16:10:40 PM - INFO - average delay [1576.3333333333333]
04/05/2022 16:10:40 PM - INFO - average delay [1594.6666666666667]
04/05/2022 16:10:40 PM - INFO - average delay [1617.0]
04/05/2022 16:10:40 PM - INFO - average delay [1643.6666666666667]
04/05/2022 16:10:40 PM - INFO - nowTs is [247313], lastTs is [247054]
04/05/2022 16:10:40 PM - INFO - [in this interval] loss-ratio is [0.0]
04/05/2022 16:10:40 PM - INFO - [in this interval] group num is [5]
04/05/2022 16:10:40 PM - INFO - [in this interval] delayDelta from group is [[12, 42, 27, 10]]
04/05/2022 16:10:40 PM - INFO - sample List of accDelay : [[-8171.698112520405, -8171.928301268364, -8170.735471141527, -8172.0619240273745, -8173.855731624637, -8176.4701584621735, -8179.923142615956, -8183.4308283543605, -8185.787745518925, -8187.208970967033, -8189.28807387033, -8190.759266483296, -8191.083339834967, -8190.17500585147, -8188.457505266323, -8186.01175473969, -8182.610579265721, -8175.349521339149, -8166.114569205234, -8156.8031122847115]]
04/05/2022 16:10:40 PM - INFO - sample List of time: [[246256, 246268, 246288, 246312, 246335, 246359, 246384, 246408, 246434, 246477, 246519, 246562, 246606, 246651, 246693, 246737, 246829, 246876, 246963, 247010]]
04/05/2022 16:10:40 PM - INFO - update trend: [0.0037434477745915753]
04/05/2022 16:10:40 PM - INFO - estimateQueueDelayDuration [0.8984274659019781] = queueDelayDelta [0.014973791098366301] * numCount[1000]
04/05/2022 16:10:40 PM - INFO - [in this interval] signal is [Signal.NORMAL]
04/05/2022 16:10:40 PM - INFO - [in this interval] adaptiveThresholdGamma is [61.51231512306278]
04/05/2022 16:10:40 PM - INFO - [in this interval] state is [State.INCREASE]
04/05/2022 16:10:40 PM - INFO - [in this interval] now real rate is [0.43783567134268536]mbps
04/05/2022 16:10:40 PM - INFO - [in this interval] now real rtt is [3788]
04/05/2022 16:10:40 PM - INFO - [in this interval] aimd control rate is [0.8867163779160372] mbps
04/05/2022 16:10:40 PM - INFO - [in this interval] delay-rate is [0.8867163779160372] mbps
04/05/2022 16:10:40 PM - INFO - average delay [1680.75]
04/05/2022 16:10:40 PM - INFO - average delay [1708.6666666666667]
04/05/2022 16:10:40 PM - INFO - average delay [1716.5]
04/05/2022 16:10:40 PM - INFO - average delay [1723.0]
04/05/2022 16:10:40 PM - INFO - nowTs is [247548], lastTs is [247313]
04/05/2022 16:10:40 PM - INFO - [in this interval] loss-ratio is [0.0]
04/05/2022 16:10:40 PM - INFO - [in this interval] group num is [7]
04/05/2022 16:10:40 PM - INFO - [in this interval] delayDelta from group is [[3, 7, 3, 3, 0, 16]]
04/05/2022 16:10:40 PM - INFO - sample List of accDelay : [[-8179.923142615956, -8183.4308283543605, -8185.787745518925, -8187.208970967033, -8189.28807387033, -8190.759266483296, -8191.083339834967, -8190.17500585147, -8188.457505266323, -8186.01175473969, -8182.610579265721, -8175.349521339149, -8166.114569205234, -8156.8031122847115, -8148.122801056241, -8139.610520950617, -8131.649468855555, -8124.184521969999, -8117.466069772999, -8109.819462795698]]
04/05/2022 16:10:40 PM - INFO - sample List of time: [[246384, 246408, 246434, 246477, 246519, 246562, 246606, 246651, 246693, 246737, 246829, 246876, 246963, 247010, 247078, 247116, 247153, 247191, 247229, 247239]]
04/05/2022 16:10:40 PM - INFO - update trend: [0.08275529395604683]
04/05/2022 16:10:40 PM - INFO - estimateQueueDelayDuration [19.86127054945124] = queueDelayDelta [0.33102117582418733] * numCount[1000]
04/05/2022 16:10:40 PM - INFO - [in this interval] signal is [Signal.NORMAL]
04/05/2022 16:10:40 PM - INFO - [in this interval] adaptiveThresholdGamma is [60.76259632073777]
04/05/2022 16:10:40 PM - INFO - [in this interval] state is [State.INCREASE]
04/05/2022 16:10:40 PM - INFO - [in this interval] now real rate is [0.5065748987854252]mbps
04/05/2022 16:10:40 PM - INFO - [in this interval] now real rtt is [3898]
04/05/2022 16:10:40 PM - INFO - [in this interval] aimd control rate is [0.8904110294906874] mbps
04/05/2022 16:10:40 PM - INFO - [in this interval] delay-rate is [0.8904110294906874] mbps
04/05/2022 16:10:40 PM - INFO - average delay [1737.75]
04/05/2022 16:10:40 PM - INFO - average delay [1752.5]
04/05/2022 16:10:40 PM - INFO - average delay [1754.0]
04/05/2022 16:10:40 PM - INFO - average delay [1721.6]
04/05/2022 16:10:40 PM - INFO - nowTs is [247785], lastTs is [247548]
04/05/2022 16:10:40 PM - INFO - [in this interval] loss-ratio is [0.23809523809523808]
04/05/2022 16:10:40 PM - INFO - [in this interval] group num is [9]
04/05/2022 16:10:40 PM - INFO - [in this interval] delayDelta from group is [[15, -3, 8, -10, -20, -12, 1, 17]]
04/05/2022 16:10:40 PM - INFO - sample List of accDelay : [[-8188.457505266323, -8186.01175473969, -8182.610579265721, -8175.349521339149, -8166.114569205234, -8156.8031122847115, -8148.122801056241, -8139.610520950617, -8131.649468855555, -8124.184521969999, -8117.466069772999, -8109.819462795698, -8101.437516516128, -8094.193764864515, -8086.8743883780635, -8081.2869495402565, -8078.258254586231, -8076.732429127608, -8075.259186214847, -8072.233267593363]]
04/05/2022 16:10:40 PM - INFO - sample List of time: [[246693, 246737, 246829, 246876, 246963, 247010, 247078, 247116, 247153, 247191, 247229, 247239, 247286, 247321, 247333, 247361, 247376, 247391, 247419, 247450]]
04/05/2022 16:10:40 PM - INFO - update trend: [0.17336005725791598]
04/05/2022 16:10:40 PM - INFO - estimateQueueDelayDuration [41.606413741899836] = queueDelayDelta [0.6934402290316639] * numCount[1000]
04/05/2022 16:10:40 PM - INFO - [in this interval] signal is [Signal.NORMAL]
04/05/2022 16:10:40 PM - INFO - [in this interval] adaptiveThresholdGamma is [60.41778503431869]
04/05/2022 16:10:40 PM - INFO - [in this interval] state is [State.INCREASE]
04/05/2022 16:10:40 PM - INFO - [in this interval] now real rate is [0.5532320328542094]mbps
04/05/2022 16:10:40 PM - INFO - [in this interval] now real rtt is [3882]
04/05/2022 16:10:40 PM - INFO - [in this interval] aimd control rate is [0.8941210754468986] mbps
04/05/2022 16:10:40 PM - INFO - [in this interval] delay-rate is [0.8941210754468986] mbps
04/05/2022 16:10:40 PM - INFO - average delay [1725.0]
04/05/2022 16:10:40 PM - INFO - average delay [1731.25]
04/05/2022 16:10:40 PM - INFO - average delay [1733.25]
04/05/2022 16:10:40 PM - INFO - average delay [1728.4]
04/05/2022 16:10:40 PM - INFO - nowTs is [248023], lastTs is [247785]
04/05/2022 16:10:40 PM - INFO - [in this interval] loss-ratio is [0.10526315789473684]
04/05/2022 16:10:40 PM - INFO - [in this interval] group num is [9]
04/05/2022 16:10:40 PM - INFO - [in this interval] delayDelta from group is [[-1, 0, -6, 17, -13, -8, 4, -2]]
04/05/2022 16:10:40 PM - INFO - sample List of accDelay : [[-8131.649468855555, -8124.184521969999, -8117.466069772999, -8109.819462795698, -8101.437516516128, -8094.193764864515, -8086.8743883780635, -8081.2869495402565, -8078.258254586231, -8076.732429127608, -8075.259186214847, -8072.233267593363, -8069.609940834026, -8067.248946750623, -8065.72405207556, -8062.651646868005, -8061.186482181204, -8060.6678339630835, -8059.801050566775, -8059.220945510097]]
04/05/2022 16:10:40 PM - INFO - sample List of time: [[247153, 247191, 247229, 247239, 247286, 247321, 247333, 247361, 247376, 247391, 247419, 247450, 247529, 247563, 247598, 247612, 247644, 247656, 247693, 247737]]
04/05/2022 16:10:40 PM - INFO - update trend: [0.1184226248803553]
04/05/2022 16:10:40 PM - INFO - estimateQueueDelayDuration [28.421429971285274] = queueDelayDelta [0.4736904995214212] * numCount[1000]
04/05/2022 16:10:40 PM - INFO - [in this interval] signal is [Signal.NORMAL]
04/05/2022 16:10:40 PM - INFO - [in this interval] adaptiveThresholdGamma is [59.84185064318409]
04/05/2022 16:10:40 PM - INFO - [in this interval] state is [State.INCREASE]
04/05/2022 16:10:40 PM - INFO - [in this interval] now real rate is [0.5707423935091278]mbps
04/05/2022 16:10:40 PM - INFO - [in this interval] now real rtt is [3858]
04/05/2022 16:10:40 PM - INFO - [in this interval] aimd control rate is [0.8978465799279274] mbps
04/05/2022 16:10:40 PM - INFO - [in this interval] delay-rate is [0.8978465799279274] mbps
04/05/2022 16:10:40 PM - INFO - average delay [1725.0]
04/05/2022 16:10:40 PM - INFO - average delay [1709.8]
04/05/2022 16:10:40 PM - INFO - average delay [1686.5]
04/05/2022 16:10:40 PM - INFO - average delay [1672.5]
04/05/2022 16:10:40 PM - INFO - nowTs is [248270], lastTs is [248023]
04/05/2022 16:10:40 PM - INFO - [in this interval] loss-ratio is [0.34782608695652173]
04/05/2022 16:10:40 PM - INFO - [in this interval] group num is [12]
04/05/2022 16:10:40 PM - INFO - [in this interval] delayDelta from group is [[-18, -15, -4, -17, 5, -13, 2, -27, -12, -16, -16]]
04/05/2022 16:10:40 PM - INFO - sample List of accDelay : [[-8072.233267593363, -8069.609940834026, -8067.248946750623, -8065.72405207556, -8062.651646868005, -8061.186482181204, -8060.6678339630835, -8059.801050566775, -8059.220945510097, -8060.498850959088, -8063.148965863179, -8065.934069276861, -8070.140662349175, -8073.426596114257, -8077.683936502831, -8081.315542852548, -8087.283988567293, -8093.855589710564, -8101.3700307395075, -8109.733027665557]]
04/05/2022 16:10:40 PM - INFO - sample List of time: [[247450, 247529, 247563, 247598, 247612, 247644, 247656, 247693, 247737, 247763, 247775, 247800, 247826, 247839, 247884, 247906, 247923, 247941, 247959, 247978]]
04/05/2022 16:10:40 PM - INFO - update trend: [-0.06441382190092243]
04/05/2022 16:10:40 PM - INFO - estimateQueueDelayDuration [-15.459317256221382] = queueDelayDelta [-0.2576552876036897] * numCount[1001]
04/05/2022 16:10:40 PM - INFO - [in this interval] signal is [Signal.NORMAL]
04/05/2022 16:10:40 PM - INFO - [in this interval] adaptiveThresholdGamma is [59.04296504221876]
04/05/2022 16:10:40 PM - INFO - [in this interval] state is [State.INCREASE]
04/05/2022 16:10:40 PM - INFO - [in this interval] now real rate is [0.5603298969072166]mbps
04/05/2022 16:10:40 PM - INFO - [in this interval] now real rtt is [3612]
04/05/2022 16:10:40 PM - INFO - [in this interval] aimd control rate is [0.9015876073442938] mbps
04/05/2022 16:10:40 PM - INFO - [in this interval] delay-rate is [0.9015876073442938] mbps
04/05/2022 16:10:40 PM - INFO - average delay [1629.0]
04/05/2022 16:10:40 PM - INFO - average delay [1590.0]
04/05/2022 16:10:40 PM - INFO - average delay [1583.0]
04/05/2022 16:10:40 PM - INFO - average delay [1605.3333333333333]
04/05/2022 16:10:40 PM - INFO - nowTs is [248495], lastTs is [248270]
04/05/2022 16:10:40 PM - INFO - [in this interval] loss-ratio is [0.0]
04/05/2022 16:10:40 PM - INFO - [in this interval] group num is [6]
04/05/2022 16:10:40 PM - INFO - [in this interval] delayDelta from group is [[-10, 5, 14, 11, 11]]
04/05/2022 16:10:40 PM - INFO - sample List of accDelay : [[-8061.186482181204, -8060.6678339630835, -8059.801050566775, -8059.220945510097, -8060.498850959088, -8063.148965863179, -8065.934069276861, -8070.140662349175, -8073.426596114257, -8077.683936502831, -8081.315542852548, -8087.283988567293, -8093.855589710564, -8101.3700307395075, -8109.733027665557, -8118.259724899001, -8125.4337524091015, -8130.490377168191, -8133.941339451372, -8135.947205506235]]
04/05/2022 16:10:40 PM - INFO - sample List of time: [[247644, 247656, 247693, 247737, 247763, 247775, 247800, 247826, 247839, 247884, 247906, 247923, 247941, 247959, 247978, 248016, 248041, 248086, 248130, 248176]]
04/05/2022 16:10:40 PM - INFO - update trend: [-0.17330853209634986]
04/05/2022 16:10:40 PM - INFO - estimateQueueDelayDuration [-41.59404770312397] = queueDelayDelta [-0.6932341283853994] * numCount[1000]
04/05/2022 16:10:40 PM - INFO - [in this interval] signal is [Signal.NORMAL]
04/05/2022 16:10:40 PM - INFO - [in this interval] adaptiveThresholdGamma is [58.72888453011505]
04/05/2022 16:10:40 PM - INFO - [in this interval] state is [State.INCREASE]
04/05/2022 16:10:40 PM - INFO - [in this interval] now real rate is [0.49193522267206474]mbps
04/05/2022 16:10:40 PM - INFO - [in this interval] now real rtt is [3652]
04/05/2022 16:10:40 PM - INFO - [in this interval] aimd control rate is [0.905344222374895] mbps
04/05/2022 16:10:40 PM - INFO - [in this interval] delay-rate is [0.905344222374895] mbps
04/05/2022 16:10:40 PM - INFO - average delay [1616.3333333333333]
04/05/2022 16:10:40 PM - INFO - average delay [1636.6666666666667]
04/05/2022 16:10:40 PM - INFO - average delay [1652.6666666666667]
04/05/2022 16:10:40 PM - INFO - average delay [1671.6666666666667]
04/05/2022 16:10:40 PM - INFO - nowTs is [248749], lastTs is [248495]
04/05/2022 16:10:40 PM - INFO - [in this interval] loss-ratio is [0.0]
04/05/2022 16:10:40 PM - INFO - [in this interval] group num is [5]
04/05/2022 16:10:40 PM - INFO - [in this interval] delayDelta from group is [[16, 17, 24, 13]]
04/05/2022 16:10:40 PM - INFO - sample List of accDelay : [[-8060.498850959088, -8063.148965863179, -8065.934069276861, -8070.140662349175, -8073.426596114257, -8077.683936502831, -8081.315542852548, -8087.283988567293, -8093.855589710564, -8101.3700307395075, -8109.733027665557, -8118.259724899001, -8125.4337524091015, -8130.490377168191, -8133.941339451372, -8135.947205506235, -8136.152484955612, -8134.63723646005, -8130.873512814045, -8126.186161532641]]
04/05/2022 16:10:40 PM - INFO - sample List of time: [[247763, 247775, 247800, 247826, 247839, 247884, 247906, 247923, 247941, 247959, 247978, 248016, 248041, 248086, 248130, 248176, 248271, 248322, 248374, 248428]]
04/05/2022 16:10:40 PM - INFO - update trend: [-0.12301441240126344]
04/05/2022 16:10:40 PM - INFO - estimateQueueDelayDuration [-29.523458976303225] = queueDelayDelta [-0.49205764960505377] * numCount[1000]
04/05/2022 16:10:40 PM - INFO - [in this interval] signal is [Signal.NORMAL]
04/05/2022 16:10:40 PM - INFO - [in this interval] adaptiveThresholdGamma is [58.20318687014644]
04/05/2022 16:10:40 PM - INFO - [in this interval] state is [State.INCREASE]
04/05/2022 16:10:40 PM - INFO - [in this interval] now real rate is [0.4096706827309237]mbps
04/05/2022 16:10:40 PM - INFO - [in this interval] now real rtt is [3830]
04/05/2022 16:10:40 PM - INFO - [in this interval] aimd control rate is [0.9091164899681238] mbps
04/05/2022 16:10:40 PM - INFO - [in this interval] delay-rate is [0.9091164899681238] mbps
04/05/2022 16:10:40 PM - INFO - average delay [1704.6666666666667]
04/05/2022 16:10:40 PM - INFO - average delay [1719.5]
04/05/2022 16:10:40 PM - INFO - average delay [1739.0]
04/05/2022 16:10:40 PM - INFO - average delay [1753.3333333333333]
04/05/2022 16:10:40 PM - INFO - nowTs is [248983], lastTs is [248749]
04/05/2022 16:10:40 PM - INFO - [in this interval] loss-ratio is [0.0]
04/05/2022 16:10:40 PM - INFO - [in this interval] group num is [6]
04/05/2022 16:10:40 PM - INFO - [in this interval] delayDelta from group is [[18, 14, 6, 2, -15]]
04/05/2022 16:10:40 PM - INFO - sample List of accDelay : [[-8077.683936502831, -8081.315542852548, -8087.283988567293, -8093.855589710564, -8101.3700307395075, -8109.733027665557, -8118.259724899001, -8125.4337524091015, -8130.490377168191, -8133.941339451372, -8135.947205506235, -8136.152484955612, -8134.63723646005, -8130.873512814045, -8126.186161532641, -8120.167545379376, -8113.3507908414385, -8106.615711757294, -8100.354140581564, -8096.218726523407]]
04/05/2022 16:10:40 PM - INFO - sample List of time: [[247884, 247906, 247923, 247941, 247959, 247978, 248016, 248041, 248086, 248130, 248176, 248271, 248322, 248374, 248428, 248525, 248573, 248622, 248663, 248695]]
04/05/2022 16:10:40 PM - INFO - update trend: [-0.016912297166891528]
04/05/2022 16:10:40 PM - INFO - estimateQueueDelayDuration [-4.058951320053967] = queueDelayDelta [-0.06764918866756611] * numCount[1001]
04/05/2022 16:10:40 PM - INFO - [in this interval] signal is [Signal.NORMAL]
04/05/2022 16:10:40 PM - INFO - [in this interval] adaptiveThresholdGamma is [57.228590630244774]
04/05/2022 16:10:40 PM - INFO - [in this interval] state is [State.INCREASE]
04/05/2022 16:10:40 PM - INFO - [in this interval] now real rate is [0.43955737704918035]mbps
04/05/2022 16:10:40 PM - INFO - [in this interval] now real rtt is [3908]
04/05/2022 16:10:40 PM - INFO - [in this interval] aimd control rate is [0.9129044753429909] mbps
04/05/2022 16:10:40 PM - INFO - [in this interval] delay-rate is [0.9129044753429909] mbps
04/05/2022 16:10:40 PM - INFO - average delay [1762.0]
04/05/2022 16:10:40 PM - INFO - average delay [1757.5]
04/05/2022 16:10:40 PM - INFO - average delay [1724.25]
04/05/2022 16:10:40 PM - INFO - average delay [1729.6666666666667]
04/05/2022 16:10:40 PM - INFO - nowTs is [249234], lastTs is [248983]
04/05/2022 16:10:40 PM - INFO - [in this interval] loss-ratio is [0.23529411764705882]
04/05/2022 16:10:40 PM - INFO - [in this interval] group num is [9]
04/05/2022 16:10:40 PM - INFO - [in this interval] delayDelta from group is [[-4, -8, -19, -6, 10, -6, -10, 13]]
04/05/2022 16:10:40 PM - INFO - sample List of accDelay : [[-8130.490377168191, -8133.941339451372, -8135.947205506235, -8136.152484955612, -8134.63723646005, -8130.873512814045, -8126.186161532641, -8120.167545379376, -8113.3507908414385, -8106.615711757294, -8100.354140581564, -8096.218726523407, -8092.896853871067, -8090.70716848396, -8090.636451635564, -8091.172806472007, -8090.655525824806, -8090.789973242326, -8091.910975918093, -8091.6198783262835]]
04/05/2022 16:10:40 PM - INFO - sample List of time: [[248086, 248130, 248176, 248271, 248322, 248374, 248428, 248525, 248573, 248622, 248663, 248695, 248726, 248757, 248774, 248790, 248824, 248864, 248888, 248913]]
04/05/2022 16:10:40 PM - INFO - update trend: [0.0680445447986943]
04/05/2022 16:10:40 PM - INFO - estimateQueueDelayDuration [16.33069075168663] = queueDelayDelta [0.2721781791947772] * numCount[1001]
04/05/2022 16:10:40 PM - INFO - [in this interval] signal is [Signal.NORMAL]
04/05/2022 16:10:40 PM - INFO - [in this interval] adaptiveThresholdGamma is [56.49242843243073]
04/05/2022 16:10:40 PM - INFO - [in this interval] state is [State.INCREASE]
04/05/2022 16:10:40 PM - INFO - [in this interval] now real rate is [0.5314474226804125]mbps
04/05/2022 16:10:40 PM - INFO - [in this interval] now real rtt is [3870]
04/05/2022 16:10:40 PM - INFO - [in this interval] aimd control rate is [0.9167082439902534] mbps
04/05/2022 16:10:40 PM - INFO - [in this interval] delay-rate is [0.9167082439902534] mbps
04/05/2022 16:10:40 PM - INFO - average delay [1724.3333333333333]
04/05/2022 16:10:40 PM - INFO - average delay [1739.5]
04/05/2022 16:10:40 PM - INFO - average delay [1752.0]
04/05/2022 16:10:40 PM - INFO - average delay [1767.0]
04/05/2022 16:10:40 PM - INFO - nowTs is [249465], lastTs is [249234]
04/05/2022 16:10:40 PM - INFO - [in this interval] loss-ratio is [0.1]
04/05/2022 16:10:40 PM - INFO - [in this interval] group num is [5]
04/05/2022 16:10:40 PM - INFO - [in this interval] delayDelta from group is [[15, 2, 12, 18]]
04/05/2022 16:10:40 PM - INFO - sample List of accDelay : [[-8134.63723646005, -8130.873512814045, -8126.186161532641, -8120.167545379376, -8113.3507908414385, -8106.615711757294, -8100.354140581564, -8096.218726523407, -8092.896853871067, -8090.70716848396, -8090.636451635564, -8091.172806472007, -8090.655525824806, -8090.789973242326, -8091.910975918093, -8091.6198783262835, -8089.857890493655, -8088.07210144429, -8085.264891299861, -8080.938402169875]]
04/05/2022 16:10:40 PM - INFO - sample List of time: [[248322, 248374, 248428, 248525, 248573, 248622, 248663, 248695, 248726, 248757, 248774, 248790, 248824, 248864, 248888, 248913, 249010, 249060, 249087, 249139]]
04/05/2022 16:10:40 PM - INFO - update trend: [0.0637732549818247]
04/05/2022 16:10:40 PM - INFO - estimateQueueDelayDuration [15.305581195637929] = queueDelayDelta [0.2550930199272988] * numCount[1001]
04/05/2022 16:10:40 PM - INFO - [in this interval] signal is [Signal.NORMAL]
04/05/2022 16:10:40 PM - INFO - [in this interval] adaptiveThresholdGamma is [55.75106518216846]
04/05/2022 16:10:40 PM - INFO - [in this interval] state is [State.INCREASE]
04/05/2022 16:10:40 PM - INFO - [in this interval] now real rate is [0.5140925553319919]mbps
04/05/2022 16:10:40 PM - INFO - [in this interval] now real rtt is [3992]
04/05/2022 16:10:40 PM - INFO - [in this interval] aimd control rate is [0.9205278616735462] mbps
04/05/2022 16:10:40 PM - INFO - [in this interval] delay-rate is [0.9205278616735462] mbps
04/05/2022 16:10:40 PM - INFO - average delay [1783.0]
04/05/2022 16:10:40 PM - INFO - average delay [1809.5]
04/05/2022 16:10:40 PM - INFO - average delay [1815.0]
04/05/2022 16:10:40 PM - INFO - average delay [1838.3333333333333]
04/05/2022 16:10:40 PM - INFO - nowTs is [249706], lastTs is [249465]
04/05/2022 16:10:40 PM - INFO - [in this interval] loss-ratio is [0.18181818181818182]
04/05/2022 16:10:40 PM - INFO - [in this interval] group num is [6]
04/05/2022 16:10:40 PM - INFO - [in this interval] delayDelta from group is [[-3, 13, 23, -8, -3]]
04/05/2022 16:10:40 PM - INFO - sample List of accDelay : [[-8106.615711757294, -8100.354140581564, -8096.218726523407, -8092.896853871067, -8090.70716848396, -8090.636451635564, -8091.172806472007, -8090.655525824806, -8090.789973242326, -8091.910975918093, -8091.6198783262835, -8089.857890493655, -8088.07210144429, -8085.264891299861, -8080.938402169875, -8077.3445619528875, -8072.810105757599, -8066.429095181838, -8061.486185663654, -8057.337567097289]]
04/05/2022 16:10:40 PM - INFO - sample List of time: [[248622, 248663, 248695, 248726, 248757, 248774, 248790, 248824, 248864, 248888, 248913, 249010, 249060, 249087, 249139, 249246, 249273, 249326, 249379, 249406]]
04/05/2022 16:10:40 PM - INFO - update trend: [0.047289404372415834]
04/05/2022 16:10:40 PM - INFO - estimateQueueDelayDuration [11.3494570493798] = queueDelayDelta [0.18915761748966334] * numCount[1000]
04/05/2022 16:10:40 PM - INFO - [in this interval] signal is [Signal.NORMAL]
04/05/2022 16:10:40 PM - INFO - [in this interval] adaptiveThresholdGamma is [54.951836235778266]
04/05/2022 16:10:40 PM - INFO - [in this interval] state is [State.INCREASE]
04/05/2022 16:10:40 PM - INFO - [in this interval] now real rate is [0.43983870967741934]mbps
04/05/2022 16:10:40 PM - INFO - [in this interval] now real rtt is [4084]
04/05/2022 16:10:40 PM - INFO - [in this interval] aimd control rate is [0.9243633944305192] mbps
04/05/2022 16:10:40 PM - INFO - [in this interval] delay-rate is [0.9243633944305192] mbps
04/05/2022 16:10:40 PM - INFO - average delay [1846.6666666666667]
04/05/2022 16:10:40 PM - INFO - average delay [1826.0]
04/05/2022 16:10:40 PM - INFO - average delay [1803.8]
04/05/2022 16:10:40 PM - INFO - average delay [1795.0]
04/05/2022 16:10:40 PM - INFO - nowTs is [249943], lastTs is [249706]
04/05/2022 16:10:40 PM - INFO - [in this interval] loss-ratio is [0.2857142857142857]
04/05/2022 16:10:40 PM - INFO - [in this interval] group num is [10]
04/05/2022 16:10:40 PM - INFO - [in this interval] delayDelta from group is [[-20, -10, -10, 0, -7, -9, 4, -6, 16]]
04/05/2022 16:10:40 PM - INFO - sample List of accDelay : [[-8091.910975918093, -8091.6198783262835, -8089.857890493655, -8088.07210144429, -8085.264891299861, -8080.938402169875, -8077.3445619528875, -8072.810105757599, -8066.429095181838, -8061.486185663654, -8057.337567097289, -8055.603810387561, -8055.043429348805, -8055.539086413924, -8055.985177772533, -8057.08665999528, -8058.977993995752, -8060.280194596176, -8062.0521751365595, -8062.046957622903]]
04/05/2022 16:10:40 PM - INFO - sample List of time: [[248888, 248913, 249010, 249060, 249087, 249139, 249246, 249273, 249326, 249379, 249406, 249447, 249462, 249477, 249507, 249537, 249565, 249576, 249590, 249619]]
04/05/2022 16:10:40 PM - INFO - update trend: [0.05535244090220789]
04/05/2022 16:10:40 PM - INFO - estimateQueueDelayDuration [13.284585816529892] = queueDelayDelta [0.22140976360883155] * numCount[1001]
04/05/2022 16:10:40 PM - INFO - [in this interval] signal is [Signal.NORMAL]
04/05/2022 16:10:40 PM - INFO - [in this interval] adaptiveThresholdGamma is [54.201825728231796]
04/05/2022 16:10:40 PM - INFO - [in this interval] state is [State.INCREASE]
04/05/2022 16:10:40 PM - INFO - [in this interval] now real rate is [0.5681004184100419]mbps
04/05/2022 16:10:40 PM - INFO - [in this interval] now real rtt is [4018]
04/05/2022 16:10:40 PM - INFO - [in this interval] aimd control rate is [0.9282149085739797] mbps
04/05/2022 16:10:40 PM - INFO - [in this interval] delay-rate is [0.9282149085739797] mbps
04/05/2022 16:10:40 PM - INFO - average delay [1793.0]
04/05/2022 16:10:40 PM - INFO - average delay [1817.0]
04/05/2022 16:10:40 PM - INFO - average delay [1855.0]
04/05/2022 16:10:40 PM - INFO - average delay [1879.0]
04/05/2022 16:10:40 PM - INFO - nowTs is [250189], lastTs is [249943]
04/05/2022 16:10:40 PM - INFO - [in this interval] loss-ratio is [0.2222222222222222]
04/05/2022 16:10:40 PM - INFO - [in this interval] group num is [5]
04/05/2022 16:10:40 PM - INFO - [in this interval] delayDelta from group is [[12, 34, 1, -1]]
04/05/2022 16:10:40 PM - INFO - sample List of accDelay : [[-8085.264891299861, -8080.938402169875, -8077.3445619528875, -8072.810105757599, -8066.429095181838, -8061.486185663654, -8057.337567097289, -8055.603810387561, -8055.043429348805, -8055.539086413924, -8055.985177772533, -8057.08665999528, -8058.977993995752, -8060.280194596176, -8062.0521751365595, -8062.046957622903, -8060.842261860613, -8056.3580356745515, -8052.222232107097, -8048.6000088963865]]
04/05/2022 16:10:40 PM - INFO - sample List of time: [[249087, 249139, 249246, 249273, 249326, 249379, 249406, 249447, 249462, 249477, 249507, 249537, 249565, 249576, 249590, 249619, 249745, 249782, 249856, 249887]]
04/05/2022 16:10:40 PM - INFO - update trend: [0.03610267702769261]
04/05/2022 16:10:40 PM - INFO - estimateQueueDelayDuration [8.664642486646226] = queueDelayDelta [0.14441070811077045] * numCount[1001]
04/05/2022 16:10:40 PM - INFO - [in this interval] signal is [Signal.NORMAL]
04/05/2022 16:10:40 PM - INFO - [in this interval] adaptiveThresholdGamma is [53.38215642988325]
04/05/2022 16:10:40 PM - INFO - [in this interval] state is [State.INCREASE]
04/05/2022 16:10:40 PM - INFO - [in this interval] now real rate is [0.5133084886128364]mbps
04/05/2022 16:10:40 PM - INFO - [in this interval] now real rtt is [4190]
04/05/2022 16:10:40 PM - INFO - [in this interval] aimd control rate is [0.932082470693038] mbps
04/05/2022 16:10:40 PM - INFO - [in this interval] delay-rate is [0.932082470693038] mbps
04/05/2022 16:10:40 PM - INFO - average delay [1895.5]
04/05/2022 16:10:40 PM - INFO - average delay [1911.5]
04/05/2022 16:10:40 PM - INFO - average delay [1913.3333333333335]
04/05/2022 16:10:40 PM - INFO - average delay [1915.5]
04/05/2022 16:10:40 PM - INFO - nowTs is [250430], lastTs is [250189]
04/05/2022 16:10:40 PM - INFO - [in this interval] loss-ratio is [0.5185185185185185]
04/05/2022 16:10:40 PM - INFO - [in this interval] group num is [10]
04/05/2022 16:10:40 PM - INFO - [in this interval] delayDelta from group is [[-1, 12, 4, -6, -6, -16, -43, -17, -8]]
04/05/2022 16:10:40 PM - INFO - sample List of accDelay : [[-8055.539086413924, -8055.985177772533, -8057.08665999528, -8058.977993995752, -8060.280194596176, -8062.0521751365595, -8062.046957622903, -8060.842261860613, -8056.3580356745515, -8052.222232107097, -8048.6000088963865, -8045.440008006748, -8041.396007206074, -8037.356406485465, -8034.320765836919, -8032.1886892532275, -8031.869820327905, -8035.882838295114, -8041.194554465603, -8046.7750990190425]]
04/05/2022 16:10:40 PM - INFO - sample List of time: [[249477, 249507, 249537, 249565, 249576, 249590, 249619, 249745, 249782, 249856, 249887, 249938, 249967, 250019, 250048, 250062, 250076, 250090, 250117, 250130]]
04/05/2022 16:10:40 PM - INFO - update trend: [0.039579500833810705]
04/05/2022 16:10:40 PM - INFO - estimateQueueDelayDuration [9.49908020011457] = queueDelayDelta [0.15831800333524282] * numCount[1000]
04/05/2022 16:10:40 PM - INFO - [in this interval] signal is [Signal.NORMAL]
04/05/2022 16:10:40 PM - INFO - [in this interval] adaptiveThresholdGamma is [52.592261057747415]
04/05/2022 16:10:40 PM - INFO - [in this interval] state is [State.INCREASE]
04/05/2022 16:10:40 PM - INFO - [in this interval] now real rate is [0.44353182751540043]mbps
04/05/2022 16:10:40 PM - INFO - [in this interval] now real rtt is [4062]
04/05/2022 16:10:40 PM - INFO - [in this interval] aimd control rate is [0.935966147654259] mbps
04/05/2022 16:10:40 PM - INFO - [in this interval] delay-rate is [0.935966147654259] mbps
04/05/2022 16:10:40 PM - INFO - average delay [1839.2]
04/05/2022 16:10:40 PM - INFO - average delay [1779.6]
04/05/2022 16:10:40 PM - INFO - average delay [1751.25]
04/05/2022 16:10:40 PM - INFO - average delay [1744.3333333333333]
04/05/2022 16:10:40 PM - INFO - nowTs is [250670], lastTs is [250430]
04/05/2022 16:10:40 PM - INFO - [in this interval] loss-ratio is [0.3684210526315789]
04/05/2022 16:10:40 PM - INFO - [in this interval] group num is [10]
04/05/2022 16:10:40 PM - INFO - [in this interval] delayDelta from group is [[-22, -16, -14, -16, -3, 13, -4, -3, -8]]
04/05/2022 16:10:40 PM - INFO - sample List of accDelay : [[-8052.222232107097, -8048.6000088963865, -8045.440008006748, -8041.396007206074, -8037.356406485465, -8034.320765836919, -8032.1886892532275, -8031.869820327905, -8035.882838295114, -8041.194554465603, -8046.7750990190425, -8053.997589117138, -8062.0978302054245, -8070.788047184882, -8080.209242466394, -8088.9883182197555, -8095.58948639778, -8101.930537758002, -8107.937483982202, -8114.143735583982]]
04/05/2022 16:10:40 PM - INFO - sample List of time: [[249856, 249887, 249938, 249967, 250019, 250048, 250062, 250076, 250090, 250117, 250130, 250170, 250183, 250197, 250223, 250237, 250264, 250317, 250343, 250370]]
04/05/2022 16:10:40 PM - INFO - update trend: [-0.14986237211817044]
04/05/2022 16:10:40 PM - INFO - estimateQueueDelayDuration [-35.9669693083609] = queueDelayDelta [-0.5994494884726818] * numCount[1001]
04/05/2022 16:10:40 PM - INFO - [in this interval] signal is [Signal.NORMAL]
04/05/2022 16:10:40 PM - INFO - [in this interval] adaptiveThresholdGamma is [52.293005806258456]
04/05/2022 16:10:40 PM - INFO - [in this interval] state is [State.INCREASE]
04/05/2022 16:10:40 PM - INFO - [in this interval] now real rate is [0.5445155925155925]mbps
04/05/2022 16:10:40 PM - INFO - [in this interval] now real rtt is [3882]
04/05/2022 16:10:40 PM - INFO - [in this interval] aimd control rate is [0.9398660066028184] mbps
04/05/2022 16:10:40 PM - INFO - [in this interval] delay-rate is [0.9398660066028184] mbps
04/05/2022 16:10:40 PM - INFO - average delay [1747.3333333333333]
04/05/2022 16:10:40 PM - INFO - average delay [1761.5]
04/05/2022 16:10:40 PM - INFO - average delay [1766.5]
04/05/2022 16:10:40 PM - INFO - average delay [1765.0]
04/05/2022 16:10:40 PM - INFO - nowTs is [250907], lastTs is [250670]
04/05/2022 16:10:40 PM - INFO - [in this interval] loss-ratio is [0.0]
04/05/2022 16:10:40 PM - INFO - [in this interval] group num is [7]
04/05/2022 16:10:40 PM - INFO - [in this interval] delayDelta from group is [[8, 2, -1, -2, 4, -1]]
04/05/2022 16:10:40 PM - INFO - sample List of accDelay : [[-8032.1886892532275, -8031.869820327905, -8035.882838295114, -8041.194554465603, -8046.7750990190425, -8053.997589117138, -8062.0978302054245, -8070.788047184882, -8080.209242466394, -8088.9883182197555, -8095.58948639778, -8101.930537758002, -8107.937483982202, -8114.143735583982, -8118.929362025583, -8123.036425823025, -8126.832783240722, -8130.44950491665, -8133.304554424984, -8135.974098982486]]
04/05/2022 16:10:40 PM - INFO - sample List of time: [[250062, 250076, 250090, 250117, 250130, 250170, 250183, 250197, 250223, 250237, 250264, 250317, 250343, 250370, 250424, 250467, 250499, 250533, 250566, 250600]]
04/05/2022 16:10:40 PM - INFO - update trend: [-0.207713581473244]
04/05/2022 16:10:40 PM - INFO - estimateQueueDelayDuration [-49.851259553578565] = queueDelayDelta [-0.830854325892976] * numCount[1001]
04/05/2022 16:10:40 PM - INFO - [in this interval] signal is [Signal.NORMAL]
04/05/2022 16:10:40 PM - INFO - [in this interval] adaptiveThresholdGamma is [52.249054373710216]
04/05/2022 16:10:40 PM - INFO - [in this interval] state is [State.INCREASE]
04/05/2022 16:10:40 PM - INFO - [in this interval] now real rate is [0.567234215885947]mbps
04/05/2022 16:10:40 PM - INFO - [in this interval] now real rtt is [3946]
04/05/2022 16:10:40 PM - INFO - [in this interval] aimd control rate is [0.9437821149636635] mbps
04/05/2022 16:10:40 PM - INFO - [in this interval] delay-rate is [0.9437821149636635] mbps
04/05/2022 16:10:40 PM - INFO - average delay [1767.5]
04/05/2022 16:10:40 PM - INFO - average delay [1753.0]
04/05/2022 16:10:40 PM - INFO - average delay [1684.6]
04/05/2022 16:10:40 PM - INFO - average delay [1642.0]
04/05/2022 16:10:40 PM - INFO - nowTs is [251138], lastTs is [250907]
04/05/2022 16:10:40 PM - INFO - [in this interval] loss-ratio is [0.4642857142857143]
04/05/2022 16:10:40 PM - INFO - [in this interval] group num is [13]
04/05/2022 16:10:40 PM - INFO - [in this interval] delayDelta from group is [[-11, -21, -20, -15, -12, -21, -11, -16, -11, -6, -15, 2]]
04/05/2022 16:10:40 PM - INFO - sample List of accDelay : [[-8107.937483982202, -8114.143735583982, -8118.929362025583, -8123.036425823025, -8126.832783240722, -8130.44950491665, -8133.304554424984, -8135.974098982486, -8139.476689084237, -8144.729020175813, -8151.456118158232, -8159.010506342409, -8167.0094557081675, -8176.308510137351, -8185.777659123615, -8195.899893211254, -8206.109903890128, -8215.898913501116, -8226.209022151004, -8235.288119935904]]
04/05/2022 16:10:40 PM - INFO - sample List of time: [[250343, 250370, 250424, 250467, 250499, 250533, 250566, 250600, 250662, 250676, 250690, 250705, 250720, 250733, 250762, 250776, 250790, 250804, 250818, 250833]]
04/05/2022 16:10:40 PM - INFO - update trend: [-0.23240074911503245]
04/05/2022 16:10:40 PM - INFO - estimateQueueDelayDuration [-55.77617978760779] = queueDelayDelta [-0.9296029964601298] * numCount[1001]
04/05/2022 16:10:40 PM - INFO - [in this interval] signal is [Signal.UNDER_USE]
04/05/2022 16:10:40 PM - INFO - [in this interval] adaptiveThresholdGamma is [55.77617978760779]
04/05/2022 16:10:40 PM - INFO - [in this interval] state is [State.HOLD]
04/05/2022 16:10:40 PM - INFO - [in this interval] now real rate is [0.6517171717171717]mbps
04/05/2022 16:10:40 PM - INFO - [in this interval] now real rtt is [3618]
04/05/2022 16:10:40 PM - INFO - [in this interval] aimd control rate is [0.9437821149636635] mbps
04/05/2022 16:10:40 PM - INFO - [in this interval] delay-rate is [0.9437821149636635] mbps
04/05/2022 16:10:40 PM - INFO - average delay [1612.6666666666667]
04/05/2022 16:10:40 PM - INFO - average delay [1611.0]
04/05/2022 16:10:40 PM - INFO - average delay [1621.6666666666667]
04/05/2022 16:10:40 PM - INFO - average delay [1633.6666666666667]
04/05/2022 16:10:40 PM - INFO - nowTs is [251389], lastTs is [251138]
04/05/2022 16:10:40 PM - INFO - [in this interval] loss-ratio is [0.45454545454545453]
04/05/2022 16:10:40 PM - INFO - [in this interval] group num is [7]
04/05/2022 16:10:40 PM - INFO - [in this interval] delayDelta from group is [[-7, 21, 11, -14, -4, -3]]
04/05/2022 16:10:40 PM - INFO - sample List of accDelay : [[-8133.304554424984, -8135.974098982486, -8139.476689084237, -8144.729020175813, -8151.456118158232, -8159.010506342409, -8167.0094557081675, -8176.308510137351, -8185.777659123615, -8195.899893211254, -8206.109903890128, -8215.898913501116, -8226.209022151004, -8235.288119935904, -8244.159307942313, -8250.043377148082, -8254.239039433274, -8259.415135489948, -8264.473621940953, -8269.326259746858]]
04/05/2022 16:10:40 PM - INFO - sample List of time: [[250566, 250600, 250662, 250676, 250690, 250705, 250720, 250733, 250762, 250776, 250790, 250804, 250818, 250833, 250912, 250935, 250991, 251037, 251053, 251084]]
04/05/2022 16:10:40 PM - INFO - update trend: [-0.3043371034969095]
04/05/2022 16:10:40 PM - INFO - estimateQueueDelayDuration [-73.04090483925829] = queueDelayDelta [-1.217348413987638] * numCount[1001]
04/05/2022 16:10:40 PM - INFO - [in this interval] signal is [Signal.UNDER_USE]
04/05/2022 16:10:40 PM - INFO - [in this interval] adaptiveThresholdGamma is [55.77617978760779]
04/05/2022 16:10:40 PM - INFO - [in this interval] state is [State.HOLD]
04/05/2022 16:10:40 PM - INFO - [in this interval] now real rate is [0.5711422845691383]mbps
04/05/2022 16:10:40 PM - INFO - [in this interval] now real rtt is [3650]
04/05/2022 16:10:40 PM - INFO - [in this interval] aimd control rate is [0.9437821149636635] mbps
04/05/2022 16:10:40 PM - INFO - [in this interval] delay-rate is [0.9437821149636635] mbps
04/05/2022 16:10:40 PM - INFO - average delay [1618.75]
04/05/2022 16:10:40 PM - INFO - average delay [1639.5]
04/05/2022 16:10:40 PM - INFO - average delay [1663.5]
04/05/2022 16:10:40 PM - INFO - average delay [1662.5]
04/05/2022 16:10:40 PM - INFO - nowTs is [251633], lastTs is [251389]
04/05/2022 16:10:40 PM - INFO - [in this interval] loss-ratio is [0.10526315789473684]
04/05/2022 16:10:40 PM - INFO - [in this interval] group num is [10]
04/05/2022 16:10:40 PM - INFO - [in this interval] delayDelta from group is [[18, 12, 11, -7, 2, 0, 1, -19, 6]]
04/05/2022 16:10:40 PM - INFO - sample List of accDelay : [[-8195.899893211254, -8206.109903890128, -8215.898913501116, -8226.209022151004, -8235.288119935904, -8244.159307942313, -8250.043377148082, -8254.239039433274, -8259.415135489948, -8264.473621940953, -8269.326259746858, -8271.893633772172, -8273.004270394955, -8272.90384335546, -8273.513459019914, -8273.862113117922, -8274.175901806131, -8274.358311625518, -8276.422480462965, -8277.68023241667]]
04/05/2022 16:10:40 PM - INFO - sample List of time: [[250776, 250790, 250804, 250818, 250833, 250912, 250935, 250991, 251037, 251053, 251084, 251131, 251179, 251201, 251232, 251265, 251297, 251312, 251328, 251344]]
04/05/2022 16:10:40 PM - INFO - update trend: [-0.11723376059884576]
04/05/2022 16:10:40 PM - INFO - estimateQueueDelayDuration [-28.13610254372298] = queueDelayDelta [-0.46893504239538303] * numCount[1000]
04/05/2022 16:10:40 PM - INFO - [in this interval] signal is [Signal.NORMAL]
04/05/2022 16:10:40 PM - INFO - [in this interval] adaptiveThresholdGamma is [55.27865839721786]
04/05/2022 16:10:40 PM - INFO - [in this interval] state is [State.INCREASE]
04/05/2022 16:10:40 PM - INFO - [in this interval] now real rate is [0.5276767676767676]mbps
04/05/2022 16:10:40 PM - INFO - [in this interval] now real rtt is [3718]
04/05/2022 16:10:40 PM - INFO - [in this interval] aimd control rate is [0.9477145404426788] mbps
04/05/2022 16:10:40 PM - INFO - [in this interval] delay-rate is [0.9477145404426788] mbps
04/05/2022 16:10:40 PM - INFO - average delay [1663.75]
04/05/2022 16:10:40 PM - INFO - average delay [1592.75]
04/05/2022 16:10:40 PM - INFO - average delay [1537.3333333333333]
04/05/2022 16:10:40 PM - INFO - average delay [1513.0]
04/05/2022 16:10:40 PM - INFO - nowTs is [251864], lastTs is [251633]
04/05/2022 16:10:40 PM - INFO - [in this interval] loss-ratio is [0.5714285714285714]
04/05/2022 16:10:40 PM - INFO - [in this interval] group num is [11]
04/05/2022 16:10:40 PM - INFO - [in this interval] delayDelta from group is [[-19, -14, -20, -19, -8, -13, -13, -13, -10, 5]]
04/05/2022 16:10:40 PM - INFO - sample List of accDelay : [[-8269.326259746858, -8271.893633772172, -8273.004270394955, -8272.90384335546, -8273.513459019914, -8273.862113117922, -8274.175901806131, -8274.358311625518, -8276.422480462965, -8277.68023241667, -8280.712209175002, -8284.840988257503, -8290.556889431753, -8297.601200488578, -8304.74108043972, -8312.466972395749, -8320.720275156173, -8329.448247640556, -8338.3034228765, -8345.77308058885]]
04/05/2022 16:10:40 PM - INFO - sample List of time: [[251084, 251131, 251179, 251201, 251232, 251265, 251297, 251312, 251328, 251344, 251375, 251391, 251407, 251422, 251438, 251460, 251482, 251504, 251526, 251546]]
04/05/2022 16:10:40 PM - INFO - update trend: [-0.15929790740092487]
04/05/2022 16:10:40 PM - INFO - estimateQueueDelayDuration [-38.23149777622197] = queueDelayDelta [-0.6371916296036995] * numCount[1000]
04/05/2022 16:10:40 PM - INFO - [in this interval] signal is [Signal.NORMAL]
04/05/2022 16:10:40 PM - INFO - [in this interval] adaptiveThresholdGamma is [54.97180950603993]
04/05/2022 16:10:40 PM - INFO - [in this interval] state is [State.INCREASE]
04/05/2022 16:10:40 PM - INFO - [in this interval] now real rate is [0.6198126272912423]mbps
04/05/2022 16:10:40 PM - INFO - [in this interval] now real rtt is [3390]
04/05/2022 16:10:40 PM - INFO - [in this interval] aimd control rate is [0.9516633510278566] mbps
04/05/2022 16:10:40 PM - INFO - [in this interval] delay-rate is [0.9516633510278566] mbps
04/05/2022 16:10:40 PM - INFO - average delay [1487.3333333333333]
04/05/2022 16:10:40 PM - INFO - average delay [1500.0]
04/05/2022 16:10:40 PM - INFO - average delay [1502.5]
04/05/2022 16:10:40 PM - INFO - average delay [1512.0]
04/05/2022 16:10:40 PM - INFO - nowTs is [252108], lastTs is [251864]
04/05/2022 16:10:40 PM - INFO - [in this interval] loss-ratio is [0.375]
04/05/2022 16:10:40 PM - INFO - [in this interval] group num is [10]
04/05/2022 16:10:40 PM - INFO - [in this interval] delayDelta from group is [[1, -8, 5, 12, -3, -10, -19, -11, -22]]
04/05/2022 16:10:40 PM - INFO - sample List of accDelay : [[-8277.68023241667, -8280.712209175002, -8284.840988257503, -8290.556889431753, -8297.601200488578, -8304.74108043972, -8312.466972395749, -8320.720275156173, -8329.448247640556, -8338.3034228765, -8345.77308058885, -8352.395772529964, -8359.156195276968, -8364.74057574927, -8368.566518174344, -8372.30986635691, -8376.67887972122, -8382.510991749097, -8388.859892574188, -8396.773903316769]]
04/05/2022 16:10:40 PM - INFO - sample List of time: [[251344, 251375, 251391, 251407, 251422, 251438, 251460, 251482, 251504, 251526, 251546, 251635, 251666, 251698, 251713, 251745, 251777, 251792, 251808, 251822]]
04/05/2022 16:10:40 PM - INFO - update trend: [-0.23487552386407756]
04/05/2022 16:10:40 PM - INFO - estimateQueueDelayDuration [-56.370125727378614] = queueDelayDelta [-0.9395020954563102] * numCount[1001]
04/05/2022 16:10:40 PM - INFO - [in this interval] signal is [Signal.UNDER_USE]
04/05/2022 16:10:40 PM - INFO - [in this interval] adaptiveThresholdGamma is [56.370125727378614]
04/05/2022 16:10:40 PM - INFO - [in this interval] state is [State.HOLD]
04/05/2022 16:10:40 PM - INFO - [in this interval] now real rate is [0.6686924643584522]mbps
04/05/2022 16:10:40 PM - INFO - [in this interval] now real rtt is [3308]
04/05/2022 16:10:40 PM - INFO - [in this interval] aimd control rate is [0.9516633510278566] mbps
04/05/2022 16:10:40 PM - INFO - [in this interval] delay-rate is [0.9516633510278566] mbps
04/05/2022 16:10:40 PM - INFO - average delay [1487.8]
04/05/2022 16:10:40 PM - INFO - average delay [1455.5]
04/05/2022 16:10:40 PM - INFO - average delay [1470.0]
04/05/2022 16:10:40 PM - INFO - average delay [1485.0]
04/05/2022 16:10:40 PM - INFO - nowTs is [252330], lastTs is [252108]
04/05/2022 16:10:40 PM - INFO - [in this interval] loss-ratio is [0.5333333333333333]
04/05/2022 16:10:40 PM - INFO - [in this interval] group num is [6]
04/05/2022 16:10:40 PM - INFO - [in this interval] delayDelta from group is [[21, 8, 25, 8, 19]]
04/05/2022 16:10:40 PM - INFO - sample List of accDelay : [[-8304.74108043972, -8312.466972395749, -8320.720275156173, -8329.448247640556, -8338.3034228765, -8345.77308058885, -8352.395772529964, -8359.156195276968, -8364.74057574927, -8368.566518174344, -8372.30986635691, -8376.67887972122, -8382.510991749097, -8388.859892574188, -8396.773903316769, -8401.796512985093, -8405.516861686583, -8406.365175517925, -8406.328657966133, -8404.395792169518]]
04/05/2022 16:10:40 PM - INFO - sample List of time: [[251438, 251460, 251482, 251504, 251526, 251546, 251635, 251666, 251698, 251713, 251745, 251777, 251792, 251808, 251822, 251866, 251897, 251930, 251995, 252028]]
04/05/2022 16:10:40 PM - INFO - update trend: [-0.17823993434550342]
04/05/2022 16:10:40 PM - INFO - estimateQueueDelayDuration [-42.777584242920824] = queueDelayDelta [-0.7129597373820137] * numCount[1000]
04/05/2022 16:10:40 PM - INFO - [in this interval] signal is [Signal.NORMAL]
04/05/2022 16:10:40 PM - INFO - [in this interval] adaptiveThresholdGamma is [56.12545998065838]
04/05/2022 16:10:40 PM - INFO - [in this interval] state is [State.INCREASE]
04/05/2022 16:10:40 PM - INFO - [in this interval] now real rate is [0.5428220858895705]mbps
04/05/2022 16:10:40 PM - INFO - [in this interval] now real rtt is [3452]
04/05/2022 16:10:40 PM - INFO - [in this interval] aimd control rate is [0.9556286149904727] mbps
04/05/2022 16:10:40 PM - INFO - [in this interval] delay-rate is [0.9556286149904727] mbps
04/05/2022 16:10:40 PM - INFO - average delay [1516.5]
04/05/2022 16:10:40 PM - INFO - average delay [1531.3333333333333]
04/05/2022 16:10:40 PM - INFO - average delay [1560.0]
04/05/2022 16:10:40 PM - INFO - average delay [1587.0]
04/05/2022 16:10:40 PM - INFO - nowTs is [252589], lastTs is [252330]
04/05/2022 16:10:40 PM - INFO - [in this interval] loss-ratio is [0.35294117647058826]
04/05/2022 16:10:40 PM - INFO - [in this interval] group num is [8]
04/05/2022 16:10:40 PM - INFO - [in this interval] delayDelta from group is [[15, 18, 12, 18, 3, -3, 3]]
04/05/2022 16:10:40 PM - INFO - sample List of accDelay : [[-8359.156195276968, -8364.74057574927, -8368.566518174344, -8372.30986635691, -8376.67887972122, -8382.510991749097, -8388.859892574188, -8396.773903316769, -8401.796512985093, -8405.516861686583, -8406.365175517925, -8406.328657966133, -8404.395792169518, -8401.156212952566, -8396.44059165731, -8390.99653249158, -8384.296879242422, -8377.96719131818, -8372.570472186362, -8367.413424967726]]
04/05/2022 16:10:40 PM - INFO - sample List of time: [[251666, 251698, 251713, 251745, 251777, 251792, 251808, 251822, 251866, 251897, 251930, 251995, 252028, 252085, 252140, 252168, 252195, 252223, 252251, 252283]]
04/05/2022 16:10:40 PM - INFO - update trend: [-0.015367733736493716]
04/05/2022 16:10:40 PM - INFO - estimateQueueDelayDuration [-3.688256096758492] = queueDelayDelta [-0.061470934945974866] * numCount[1001]
04/05/2022 16:10:40 PM - INFO - [in this interval] signal is [Signal.NORMAL]
04/05/2022 16:10:40 PM - INFO - [in this interval] adaptiveThresholdGamma is [55.18159031074818]
04/05/2022 16:10:40 PM - INFO - [in this interval] state is [State.INCREASE]
04/05/2022 16:10:40 PM - INFO - [in this interval] now real rate is [0.4198866396761134]mbps
04/05/2022 16:10:40 PM - INFO - [in this interval] now real rtt is [3590]
04/05/2022 16:10:40 PM - INFO - [in this interval] aimd control rate is [0.9596104008862663] mbps
04/05/2022 16:10:40 PM - INFO - [in this interval] delay-rate is [0.9596104008862663] mbps
04/05/2022 16:10:40 PM - INFO - average delay [1585.5]
04/05/2022 16:10:40 PM - INFO - average delay [1581.6666666666667]
04/05/2022 16:10:40 PM - INFO - average delay [1583.75]
04/05/2022 16:10:40 PM - INFO - average delay [1587.5]
04/05/2022 16:10:40 PM - INFO - nowTs is [252825], lastTs is [252589]
04/05/2022 16:10:40 PM - INFO - [in this interval] loss-ratio is [0.0]
04/05/2022 16:10:40 PM - INFO - [in this interval] group num is [6]
04/05/2022 16:10:40 PM - INFO - [in this interval] delayDelta from group is [[-6, 4, 1, 5, 24]]
04/05/2022 16:10:40 PM - INFO - sample List of accDelay : [[-8382.510991749097, -8388.859892574188, -8396.773903316769, -8401.796512985093, -8405.516861686583, -8406.365175517925, -8406.328657966133, -8404.395792169518, -8401.156212952566, -8396.44059165731, -8390.99653249158, -8384.296879242422, -8377.96719131818, -8372.570472186362, -8367.413424967726, -8363.372082470953, -8359.334874223858, -8355.60138680147, -8351.741248121323, -8345.86712330919]]
04/05/2022 16:10:40 PM - INFO - sample List of time: [[251792, 251808, 251822, 251866, 251897, 251930, 251995, 252028, 252085, 252140, 252168, 252195, 252223, 252251, 252283, 252349, 252383, 252417, 252453, 252493]]
04/05/2022 16:10:40 PM - INFO - update trend: [0.07301987269256377]
04/05/2022 16:10:40 PM - INFO - estimateQueueDelayDuration [17.524769446215306] = queueDelayDelta [0.2920794907702551] * numCount[1000]
04/05/2022 16:10:40 PM - INFO - [in this interval] signal is [Signal.NORMAL]
04/05/2022 16:10:40 PM - INFO - [in this interval] adaptiveThresholdGamma is [54.50376753518658]
04/05/2022 16:10:40 PM - INFO - [in this interval] state is [State.INCREASE]
04/05/2022 16:10:40 PM - INFO - [in this interval] now real rate is [0.5339959595959595]mbps
04/05/2022 16:10:40 PM - INFO - [in this interval] now real rtt is [3642]
04/05/2022 16:10:40 PM - INFO - [in this interval] aimd control rate is [0.9636087775566257] mbps
04/05/2022 16:10:40 PM - INFO - [in this interval] delay-rate is [0.9636087775566257] mbps
04/05/2022 16:10:40 PM - INFO - average delay [1604.25]
04/05/2022 16:10:40 PM - INFO - average delay [1617.3333333333333]
04/05/2022 16:10:40 PM - INFO - average delay [1604.5]
04/05/2022 16:10:40 PM - INFO - average delay [1630.5]
04/05/2022 16:10:40 PM - INFO - nowTs is [253058], lastTs is [252825]
04/05/2022 16:10:40 PM - INFO - [in this interval] loss-ratio is [0.6086956521739131]
04/05/2022 16:10:40 PM - INFO - [in this interval] group num is [9]
04/05/2022 16:10:40 PM - INFO - [in this interval] delayDelta from group is [[10, -16, -1, -9, 26, 9, 4, -10]]
04/05/2022 16:10:40 PM - INFO - sample List of accDelay : [[-8401.156212952566, -8396.44059165731, -8390.99653249158, -8384.296879242422, -8377.96719131818, -8372.570472186362, -8367.413424967726, -8363.372082470953, -8359.334874223858, -8355.60138680147, -8351.741248121323, -8345.86712330919, -8339.580410978271, -8335.522369880444, -8331.970132892398, -8329.67311960316, -8325.005807642843, -8319.90522687856, -8314.914704190704, -8311.423233771633]]
04/05/2022 16:10:40 PM - INFO - sample List of time: [[252085, 252140, 252168, 252195, 252223, 252251, 252283, 252349, 252383, 252417, 252453, 252493, 252572, 252592, 252611, 252630, 252671, 252712, 252736, 252760]]
04/05/2022 16:10:40 PM - INFO - update trend: [0.1269896858285787]
04/05/2022 16:10:40 PM - INFO - estimateQueueDelayDuration [30.47752459885889] = queueDelayDelta [0.5079587433143148] * numCount[1000]
04/05/2022 16:10:40 PM - INFO - [in this interval] signal is [Signal.NORMAL]
04/05/2022 16:10:40 PM - INFO - [in this interval] adaptiveThresholdGamma is [54.07129516233268]
04/05/2022 16:10:40 PM - INFO - [in this interval] state is [State.INCREASE]
04/05/2022 16:10:40 PM - INFO - [in this interval] now real rate is [0.5063917525773196]mbps
04/05/2022 16:10:40 PM - INFO - [in this interval] now real rtt is [3658]
04/05/2022 16:10:40 PM - INFO - [in this interval] aimd control rate is [0.9676238141297783] mbps
04/05/2022 16:10:40 PM - INFO - [in this interval] delay-rate is [0.9676238141297783] mbps
04/05/2022 16:10:40 PM - INFO - average delay [1634.3333333333333]
04/05/2022 16:10:40 PM - INFO - average delay [1661.5]
04/05/2022 16:10:40 PM - INFO - average delay [1663.4]
04/05/2022 16:10:40 PM - INFO - average delay [1664.6]
04/05/2022 16:10:40 PM - INFO - nowTs is [253308], lastTs is [253058]
04/05/2022 16:10:40 PM - INFO - [in this interval] loss-ratio is [0.15789473684210525]
04/05/2022 16:10:40 PM - INFO - [in this interval] group num is [13]
04/05/2022 16:10:40 PM - INFO - [in this interval] delayDelta from group is [[14, 1, -5, 3, -2, 7, -5, 2, 2, -2, -5, -19]]
04/05/2022 16:10:40 PM - INFO - sample List of accDelay : [[-8339.580410978271, -8335.522369880444, -8331.970132892398, -8329.67311960316, -8325.005807642843, -8319.90522687856, -8314.914704190704, -8311.423233771633, -8306.88091039447, -8302.692819355023, -8299.42353741952, -8296.181183677567, -8293.46306530981, -8290.31675877883, -8287.985082900948, -8285.686574610852, -8283.417917149767, -8281.57612543479, -8280.418512891312, -8281.276661602182]]
04/05/2022 16:10:40 PM - INFO - sample List of time: [[252572, 252592, 252611, 252630, 252671, 252712, 252736, 252760, 252809, 252838, 252859, 252889, 252902, 252915, 252932, 252962, 252974, 252991, 253004, 253019]]
04/05/2022 16:10:40 PM - INFO - update trend: [0.13382624059610207]
04/05/2022 16:10:40 PM - INFO - estimateQueueDelayDuration [32.118297743064495] = queueDelayDelta [0.5353049623844083] * numCount[1000]
04/05/2022 16:10:40 PM - INFO - [in this interval] signal is [Signal.NORMAL]
04/05/2022 16:10:40 PM - INFO - [in this interval] adaptiveThresholdGamma is [53.67614120878586]
04/05/2022 16:10:40 PM - INFO - [in this interval] state is [State.INCREASE]
04/05/2022 16:10:40 PM - INFO - [in this interval] now real rate is [0.48556521739130437]mbps
04/05/2022 16:10:40 PM - INFO - [in this interval] now real rtt is [3688]
04/05/2022 16:10:40 PM - INFO - [in this interval] aimd control rate is [0.9716555800219857] mbps
04/05/2022 16:10:40 PM - INFO - [in this interval] delay-rate is [0.9716555800219857] mbps
04/05/2022 16:10:40 PM - INFO - average delay [1661.25]
04/05/2022 16:10:40 PM - INFO - average delay [1638.5]
04/05/2022 16:10:40 PM - INFO - average delay [1639.0]
04/05/2022 16:10:40 PM - INFO - average delay [1647.0]
04/05/2022 16:10:40 PM - INFO - nowTs is [253544], lastTs is [253308]
04/05/2022 16:10:40 PM - INFO - [in this interval] loss-ratio is [0.0]
04/05/2022 16:10:40 PM - INFO - [in this interval] group num is [9]
04/05/2022 16:10:40 PM - INFO - [in this interval] delayDelta from group is [[-7, -3, 18, -1, -7, 6, 10, 2]]
04/05/2022 16:10:40 PM - INFO - sample List of accDelay : [[-8306.88091039447, -8302.692819355023, -8299.42353741952, -8296.181183677567, -8293.46306530981, -8290.31675877883, -8287.985082900948, -8285.686574610852, -8283.417917149767, -8281.57612543479, -8280.418512891312, -8281.276661602182, -8282.748995441963, -8284.374095897767, -8284.03668630799, -8283.833017677192, -8284.349715909473, -8284.214744318526, -8283.093269886673, -8281.883942898006]]
04/05/2022 16:10:40 PM - INFO - sample List of time: [[252809, 252838, 252859, 252889, 252902, 252915, 252932, 252962, 252974, 252991, 253004, 253019, 253063, 253091, 253113, 253141, 253170, 253198, 253229, 253249]]
04/05/2022 16:10:40 PM - INFO - update trend: [0.04350011608006664]
04/05/2022 16:10:40 PM - INFO - estimateQueueDelayDuration [10.440027859215993] = queueDelayDelta [0.17400046432026656] * numCount[1000]
04/05/2022 16:10:40 PM - INFO - [in this interval] signal is [Signal.NORMAL]
04/05/2022 16:10:40 PM - INFO - [in this interval] adaptiveThresholdGamma is [52.8978911684936]
04/05/2022 16:10:40 PM - INFO - [in this interval] state is [State.INCREASE]
04/05/2022 16:10:40 PM - INFO - [in this interval] now real rate is [0.4932839506172839]mbps
04/05/2022 16:10:40 PM - INFO - [in this interval] now real rtt is [3720]
04/05/2022 16:10:40 PM - INFO - [in this interval] aimd control rate is [0.9757041449387439] mbps
04/05/2022 16:10:40 PM - INFO - [in this interval] delay-rate is [0.9757041449387439] mbps
04/05/2022 16:10:40 PM - INFO - average delay [1655.3333333333333]
04/05/2022 16:10:40 PM - INFO - average delay [1687.6666666666667]
04/05/2022 16:10:40 PM - INFO - average delay [1721.6666666666667]
04/05/2022 16:10:40 PM - INFO - average delay [1748.5]
04/05/2022 16:10:40 PM - INFO - nowTs is [253788], lastTs is [253544]
04/05/2022 16:10:40 PM - INFO - [in this interval] loss-ratio is [0.0]
04/05/2022 16:10:40 PM - INFO - [in this interval] group num is [11]
04/05/2022 16:10:40 PM - INFO - [in this interval] delayDelta from group is [[12, 11, 12, 11, 10, 12, 21, 10, 5, -6]]
04/05/2022 16:10:40 PM - INFO - sample List of accDelay : [[-8280.418512891312, -8281.276661602182, -8282.748995441963, -8284.374095897767, -8284.03668630799, -8283.833017677192, -8284.349715909473, -8284.214744318526, -8283.093269886673, -8281.883942898006, -8279.595548608206, -8276.435993747386, -8272.392394372648, -8267.653154935382, -8262.387839441844, -8256.44905549766, -8249.004149947894, -8241.303734953104, -8233.873361457794, -8227.786025312014]]
04/05/2022 16:10:40 PM - INFO - sample List of time: [[253004, 253019, 253063, 253091, 253113, 253141, 253170, 253198, 253229, 253249, 253292, 253314, 253335, 253357, 253378, 253398, 253420, 253456, 253476, 253496]]
04/05/2022 16:10:40 PM - INFO - update trend: [0.09966578440151815]
04/05/2022 16:10:40 PM - INFO - estimateQueueDelayDuration [23.919788256364356] = queueDelayDelta [0.3986631376060726] * numCount[1000]
04/05/2022 16:10:40 PM - INFO - [in this interval] signal is [Signal.NORMAL]
04/05/2022 16:10:40 PM - INFO - [in this interval] adaptiveThresholdGamma is [52.376285316075275]
04/05/2022 16:10:40 PM - INFO - [in this interval] state is [State.INCREASE]
04/05/2022 16:10:40 PM - INFO - [in this interval] now real rate is [0.5012741935483871]mbps
04/05/2022 16:10:40 PM - INFO - [in this interval] now real rtt is [3948]
04/05/2022 16:10:40 PM - INFO - [in this interval] aimd control rate is [0.9797695788759887] mbps
04/05/2022 16:10:40 PM - INFO - [in this interval] delay-rate is [0.9797695788759887] mbps
04/05/2022 16:10:40 PM - INFO - average delay [1773.5]
04/05/2022 16:10:40 PM - INFO - average delay [1788.3333333333333]
04/05/2022 16:10:40 PM - INFO - average delay [1803.25]
04/05/2022 16:10:40 PM - INFO - average delay [1787.8]
04/05/2022 16:10:40 PM - INFO - nowTs is [254031], lastTs is [253788]
04/05/2022 16:10:40 PM - INFO - [in this interval] loss-ratio is [0.0625]
04/05/2022 16:10:40 PM - INFO - [in this interval] group num is [12]
04/05/2022 16:10:40 PM - INFO - [in this interval] delayDelta from group is [[10, -4, 20, 5, -21, -22, -4, -17, -21, -17, -7]]
04/05/2022 16:10:40 PM - INFO - sample List of accDelay : [[-8276.435993747386, -8272.392394372648, -8267.653154935382, -8262.387839441844, -8256.44905549766, -8249.004149947894, -8241.303734953104, -8233.873361457794, -8227.786025312014, -8221.307422780812, -8215.87668050273, -8208.989012452457, -8202.29011120721, -8198.36110008649, -8197.02499007784, -8196.222491070057, -8197.200241963052, -8200.180217766747, -8204.562195990073, -8209.205976391066]]
04/05/2022 16:10:40 PM - INFO - sample List of time: [[253314, 253335, 253357, 253378, 253398, 253420, 253456, 253476, 253496, 253551, 253571, 253587, 253627, 253642, 253656, 253669, 253700, 253713, 253727, 253740]]
04/05/2022 16:10:40 PM - INFO - update trend: [0.19114668190258519]
04/05/2022 16:10:40 PM - INFO - estimateQueueDelayDuration [45.87520365662044] = queueDelayDelta [0.7645867276103407] * numCount[1001]
04/05/2022 16:10:40 PM - INFO - [in this interval] signal is [Signal.NORMAL]
04/05/2022 16:10:40 PM - INFO - [in this interval] adaptiveThresholdGamma is [52.25926584620509]
04/05/2022 16:10:40 PM - INFO - [in this interval] state is [State.INCREASE]
04/05/2022 16:10:40 PM - INFO - [in this interval] now real rate is [0.6004106776180698]mbps
04/05/2022 16:10:40 PM - INFO - [in this interval] now real rtt is [3824]
04/05/2022 16:10:40 PM - INFO - [in this interval] aimd control rate is [0.9838519521213054] mbps
04/05/2022 16:10:40 PM - INFO - [in this interval] delay-rate is [0.9838519521213054] mbps
04/05/2022 16:10:40 PM - INFO - average delay [1739.6]
04/05/2022 16:10:40 PM - INFO - average delay [1714.25]
04/05/2022 16:10:40 PM - INFO - average delay [1686.0]
04/05/2022 16:10:40 PM - INFO - average delay [1695.0]
04/05/2022 16:10:40 PM - INFO - nowTs is [254273], lastTs is [254031]
04/05/2022 16:10:40 PM - INFO - [in this interval] loss-ratio is [0.3888888888888889]
04/05/2022 16:10:40 PM - INFO - [in this interval] group num is [11]
04/05/2022 16:10:40 PM - INFO - [in this interval] delayDelta from group is [[4, -17, -17, -21, 18, 1, 6, -5, -10, -4]]
04/05/2022 16:10:40 PM - INFO - sample List of accDelay : [[-8215.87668050273, -8208.989012452457, -8202.29011120721, -8198.36110008649, -8197.02499007784, -8196.222491070057, -8197.200241963052, -8200.180217766747, -8204.562195990073, -8209.205976391066, -8212.985378751959, -8218.086840876764, -8224.378156789087, -8232.140341110178, -8237.32630699916, -8241.893676299245, -8245.40430866932, -8249.063877802388, -8253.35749002215, -8257.621741019935]]
04/05/2022 16:10:40 PM - INFO - sample List of time: [[253571, 253587, 253627, 253642, 253656, 253669, 253700, 253713, 253727, 253740, 253775, 253789, 253802, 253815, 253829, 253862, 253893, 253924, 253949, 253974]]
04/05/2022 16:10:40 PM - INFO - update trend: [-0.15437482825210475]
04/05/2022 16:10:40 PM - INFO - estimateQueueDelayDuration [-37.049958780505136] = queueDelayDelta [-0.617499313008419] * numCount[1001]
04/05/2022 16:10:40 PM - INFO - [in this interval] signal is [Signal.NORMAL]
04/05/2022 16:10:40 PM - INFO - [in this interval] adaptiveThresholdGamma is [51.98549831902249]
04/05/2022 16:10:40 PM - INFO - [in this interval] state is [State.INCREASE]
04/05/2022 16:10:40 PM - INFO - [in this interval] now real rate is [0.5425484536082474]mbps
04/05/2022 16:10:40 PM - INFO - [in this interval] now real rtt is [3758]
04/05/2022 16:10:40 PM - INFO - [in this interval] aimd control rate is [0.9879513352551441] mbps
04/05/2022 16:10:40 PM - INFO - [in this interval] delay-rate is [0.9879513352551441] mbps
04/05/2022 16:10:40 PM - INFO - average delay [1685.0]
04/05/2022 16:10:40 PM - INFO - average delay [1691.5]
04/05/2022 16:10:40 PM - INFO - average delay [1700.5]
04/05/2022 16:10:40 PM - INFO - average delay [1699.0]
04/05/2022 16:10:40 PM - INFO - nowTs is [254493], lastTs is [254273]
04/05/2022 16:10:40 PM - INFO - [in this interval] loss-ratio is [0.0]
04/05/2022 16:10:40 PM - INFO - [in this interval] group num is [5]
04/05/2022 16:10:40 PM - INFO - [in this interval] delayDelta from group is [[-4, 1, -4, 32]]
04/05/2022 16:10:40 PM - INFO - sample List of accDelay : [[-8197.02499007784, -8196.222491070057, -8197.200241963052, -8200.180217766747, -8204.562195990073, -8209.205976391066, -8212.985378751959, -8218.086840876764, -8224.378156789087, -8232.140341110178, -8237.32630699916, -8241.893676299245, -8245.40430866932, -8249.063877802388, -8253.35749002215, -8257.621741019935, -8261.859566917941, -8265.573610226147, -8269.316249203532, -8269.484624283179]]
04/05/2022 16:10:40 PM - INFO - sample List of time: [[253656, 253669, 253700, 253713, 253727, 253740, 253775, 253789, 253802, 253815, 253829, 253862, 253893, 253924, 253949, 253974, 254060, 254091, 254122, 254153]]
04/05/2022 16:10:40 PM - INFO - update trend: [-0.16522252942506396]
04/05/2022 16:10:40 PM - INFO - estimateQueueDelayDuration [-39.653407062015354] = queueDelayDelta [-0.6608901177002559] * numCount[1001]
04/05/2022 16:10:40 PM - INFO - [in this interval] signal is [Signal.NORMAL]
04/05/2022 16:10:40 PM - INFO - [in this interval] adaptiveThresholdGamma is [51.76352067639636]
04/05/2022 16:10:40 PM - INFO - [in this interval] state is [State.INCREASE]
04/05/2022 16:10:40 PM - INFO - [in this interval] now real rate is [0.4031643002028397]mbps
04/05/2022 16:10:40 PM - INFO - [in this interval] now real rtt is [3858]
04/05/2022 16:10:40 PM - INFO - [in this interval] aimd control rate is [0.9920677991520406] mbps
04/05/2022 16:10:40 PM - INFO - [in this interval] delay-rate is [0.9920677991520406] mbps
04/05/2022 16:10:40 PM - INFO - average delay [1716.0]
04/05/2022 16:10:40 PM - INFO - average delay [1748.3333333333333]
04/05/2022 16:10:40 PM - INFO - average delay [1713.0]
04/05/2022 16:10:40 PM - INFO - average delay [1650.5]
04/05/2022 16:10:40 PM - INFO - nowTs is [254743], lastTs is [254493]
04/05/2022 16:10:40 PM - INFO - [in this interval] loss-ratio is [0.0]
04/05/2022 16:10:40 PM - INFO - [in this interval] group num is [13]
04/05/2022 16:10:40 PM - INFO - [in this interval] delayDelta from group is [[2, -18, -18, -12, -18, -17, -12, -18, -14, -9, 5, -10]]
04/05/2022 16:10:40 PM - INFO - sample List of accDelay : [[-8245.40430866932, -8249.063877802388, -8253.35749002215, -8257.621741019935, -8261.859566917941, -8265.573610226147, -8269.316249203532, -8269.484624283179, -8269.436161854861, -8271.192545669375, -8274.573291102437, -8278.815961992193, -8284.434365792973, -8291.190929213677, -8298.47183629231, -8306.82465266308, -8315.74218739677, -8324.667968657093, -8332.201171791383, -8339.981054612244]]
04/05/2022 16:10:40 PM - INFO - sample List of time: [[253893, 253924, 253949, 253974, 254060, 254091, 254122, 254153, 254259, 254276, 254293, 254310, 254328, 254345, 254363, 254381, 254398, 254419, 254440, 254455]]
04/05/2022 16:10:40 PM - INFO - update trend: [-0.13489157741391603]
04/05/2022 16:10:40 PM - INFO - estimateQueueDelayDuration [-32.37397857933985] = queueDelayDelta [-0.5395663096556641] * numCount[1001]
04/05/2022 16:10:40 PM - INFO - [in this interval] signal is [Signal.NORMAL]
04/05/2022 16:10:40 PM - INFO - [in this interval] adaptiveThresholdGamma is [51.41450891864935]
04/05/2022 16:10:40 PM - INFO - [in this interval] state is [State.INCREASE]
04/05/2022 16:10:40 PM - INFO - [in this interval] now real rate is [0.4224193548387097]mbps
04/05/2022 16:10:40 PM - INFO - [in this interval] now real rtt is [3628]
04/05/2022 16:10:40 PM - INFO - [in this interval] aimd control rate is [0.9962014149818408] mbps
04/05/2022 16:10:40 PM - INFO - [in this interval] delay-rate is [0.9962014149818408] mbps
04/05/2022 16:10:40 PM - INFO - average delay [1621.25]
04/05/2022 16:10:40 PM - INFO - average delay [1591.8]
04/05/2022 16:10:40 PM - INFO - average delay [1580.4285714285713]
04/05/2022 16:10:40 PM - INFO - average delay [1567.8]
04/05/2022 16:10:40 PM - INFO - nowTs is [254997], lastTs is [254743]
04/05/2022 16:10:40 PM - INFO - [in this interval] loss-ratio is [0.0]
04/05/2022 16:10:40 PM - INFO - [in this interval] group num is [11]
04/05/2022 16:10:40 PM - INFO - [in this interval] delayDelta from group is [[-10, -15, -19, 7, 10, -1, -20, -9, 6, 1]]
04/05/2022 16:10:40 PM - INFO - sample List of accDelay : [[-8274.573291102437, -8278.815961992193, -8284.434365792973, -8291.190929213677, -8298.47183629231, -8306.82465266308, -8315.74218739677, -8324.667968657093, -8332.201171791383, -8339.981054612244, -8347.982949151019, -8356.684654235916, -8366.416188812325, -8374.474569931092, -8380.727112937982, -8386.454401644183, -8393.608961479766, -8400.948065331788, -8406.953258798609, -8412.257932918748]]
04/05/2022 16:10:40 PM - INFO - sample List of time: [[254293, 254310, 254328, 254345, 254363, 254381, 254398, 254419, 254440, 254455, 254484, 254499, 254514, 254530, 254562, 254587, 254611, 254626, 254652, 254688]]
04/05/2022 16:10:40 PM - INFO - update trend: [-0.3764069809567639]
04/05/2022 16:10:40 PM - INFO - estimateQueueDelayDuration [-90.33767542962333] = queueDelayDelta [-1.5056279238270556] * numCount[1001]
04/05/2022 16:10:40 PM - INFO - [in this interval] signal is [Signal.UNDER_USE]
04/05/2022 16:10:40 PM - INFO - [in this interval] adaptiveThresholdGamma is [51.41450891864935]
04/05/2022 16:10:40 PM - INFO - [in this interval] state is [State.HOLD]
04/05/2022 16:10:40 PM - INFO - [in this interval] now real rate is [0.6016516129032258]mbps
04/05/2022 16:10:40 PM - INFO - [in this interval] now real rtt is [3536]
04/05/2022 16:10:40 PM - INFO - [in this interval] aimd control rate is [0.9962014149818408] mbps
04/05/2022 16:10:40 PM - INFO - [in this interval] delay-rate is [0.9962014149818408] mbps
04/05/2022 16:10:40 PM - INFO - average delay [1558.5]
04/05/2022 16:10:40 PM - INFO - average delay [1562.0]
04/05/2022 16:10:40 PM - INFO - average delay [1571.6666666666667]
04/05/2022 16:10:40 PM - INFO - average delay [1591.6666666666667]
04/05/2022 16:10:40 PM - INFO - nowTs is [255218], lastTs is [254997]
04/05/2022 16:10:40 PM - INFO - [in this interval] loss-ratio is [0.0]
04/05/2022 16:10:40 PM - INFO - [in this interval] group num is [5]
04/05/2022 16:10:40 PM - INFO - [in this interval] delayDelta from group is [[10, 8, 12, 17]]
04/05/2022 16:10:40 PM - INFO - sample List of accDelay : [[-8298.47183629231, -8306.82465266308, -8315.74218739677, -8324.667968657093, -8332.201171791383, -8339.981054612244, -8347.982949151019, -8356.684654235916, -8366.416188812325, -8374.474569931092, -8380.727112937982, -8386.454401644183, -8393.608961479766, -8400.948065331788, -8406.953258798609, -8412.257932918748, -8416.032139626874, -8418.628925664187, -8419.766033097767, -8419.08942978799]]
04/05/2022 16:10:40 PM - INFO - sample List of time: [[254363, 254381, 254398, 254419, 254440, 254455, 254484, 254499, 254514, 254530, 254562, 254587, 254611, 254626, 254652, 254688, 254763, 254803, 254851, 254898]]
04/05/2022 16:10:40 PM - INFO - update trend: [-0.23941612977146548]
04/05/2022 16:10:40 PM - INFO - estimateQueueDelayDuration [-57.459871145151716] = queueDelayDelta [-0.9576645190858619] * numCount[1001]
04/05/2022 16:10:40 PM - INFO - [in this interval] signal is [Signal.UNDER_USE]
04/05/2022 16:10:40 PM - INFO - [in this interval] adaptiveThresholdGamma is [57.459871145151716]
04/05/2022 16:10:40 PM - INFO - [in this interval] state is [State.HOLD]
04/05/2022 16:10:40 PM - INFO - [in this interval] now real rate is [0.5062367346938775]mbps
04/05/2022 16:10:40 PM - INFO - [in this interval] now real rtt is [3638]
04/05/2022 16:10:40 PM - INFO - [in this interval] aimd control rate is [0.9962014149818408] mbps
04/05/2022 16:10:40 PM - INFO - [in this interval] delay-rate is [0.9962014149818408] mbps
04/05/2022 16:10:40 PM - INFO - average delay [1607.0]
04/05/2022 16:10:40 PM - INFO - average delay [1623.6666666666667]
04/05/2022 16:10:40 PM - INFO - average delay [1639.0]
04/05/2022 16:10:40 PM - INFO - average delay [1637.0]
04/05/2022 16:10:40 PM - INFO - nowTs is [255459], lastTs is [255218]
04/05/2022 16:10:40 PM - INFO - [in this interval] loss-ratio is [0.0]
04/05/2022 16:10:40 PM - INFO - [in this interval] group num is [7]
04/05/2022 16:10:40 PM - INFO - [in this interval] delayDelta from group is [[14, 1, -3, -3, 2, -13]]
04/05/2022 16:10:40 PM - INFO - sample List of accDelay : [[-8347.982949151019, -8356.684654235916, -8366.416188812325, -8374.474569931092, -8380.727112937982, -8386.454401644183, -8393.608961479766, -8400.948065331788, -8406.953258798609, -8412.257932918748, -8416.032139626874, -8418.628925664187, -8419.766033097767, -8419.08942978799, -8417.080486809191, -8415.172438128271, -8413.755194315445, -8412.779674883901, -8411.70170739551, -8412.031536655959]]
04/05/2022 16:10:40 PM - INFO - sample List of time: [[254484, 254499, 254514, 254530, 254562, 254587, 254611, 254626, 254652, 254688, 254763, 254803, 254851, 254898, 254993, 255042, 255073, 255105, 255137, 255169]]
04/05/2022 16:10:40 PM - INFO - update trend: [-0.07231509267522626]
04/05/2022 16:10:40 PM - INFO - estimateQueueDelayDuration [-17.355622242054302] = queueDelayDelta [-0.28926037070090505] * numCount[1001]
04/05/2022 16:10:40 PM - INFO - [in this interval] signal is [Signal.NORMAL]
04/05/2022 16:10:40 PM - INFO - [in this interval] adaptiveThresholdGamma is [56.737994664895965]
04/05/2022 16:10:40 PM - INFO - [in this interval] state is [State.INCREASE]
04/05/2022 16:10:40 PM - INFO - [in this interval] now real rate is [0.3952128514056225]mbps
04/05/2022 16:10:40 PM - INFO - [in this interval] now real rtt is [3660]
04/05/2022 16:10:40 PM - INFO - [in this interval] aimd control rate is [1.0003522542109318] mbps
04/05/2022 16:10:40 PM - INFO - [in this interval] delay-rate is [1.0003522542109318] mbps
04/05/2022 16:10:40 PM - INFO - average delay [1636.5]
04/05/2022 16:10:40 PM - INFO - average delay [1641.3333333333333]
04/05/2022 16:10:40 PM - INFO - average delay [1677.3333333333333]
04/05/2022 16:10:40 PM - INFO - average delay [1716.3333333333333]
04/05/2022 16:10:40 PM - INFO - nowTs is [255713], lastTs is [255459]
04/05/2022 16:10:40 PM - INFO - [in this interval] loss-ratio is [0.0]
04/05/2022 16:10:40 PM - INFO - [in this interval] group num is [8]
04/05/2022 16:10:40 PM - INFO - [in this interval] delayDelta from group is [[23, 26, 27, 23, 7, -18, -11]]
04/05/2022 16:10:40 PM - INFO - sample List of accDelay : [[-8400.948065331788, -8406.953258798609, -8412.257932918748, -8416.032139626874, -8418.628925664187, -8419.766033097767, -8419.08942978799, -8417.080486809191, -8415.172438128271, -8413.755194315445, -8412.779674883901, -8411.70170739551, -8412.031536655959, -8410.028382990364, -8405.625544691327, -8398.962990222195, -8390.666691199976, -8382.50002207998, -8376.950019871982, -8373.055017884783]]
04/05/2022 16:10:40 PM - INFO - sample List of time: [[254626, 254652, 254688, 254763, 254803, 254851, 254898, 254993, 255042, 255073, 255105, 255137, 255169, 255203, 255266, 255307, 255349, 255387, 255404, 255421]]
04/05/2022 16:10:40 PM - INFO - update trend: [0.035564994221762534]
04/05/2022 16:10:40 PM - INFO - estimateQueueDelayDuration [8.535598613223009] = queueDelayDelta [0.14225997688705014] * numCount[1000]
04/05/2022 16:10:40 PM - INFO - [in this interval] signal is [Signal.NORMAL]
04/05/2022 16:10:40 PM - INFO - [in this interval] adaptiveThresholdGamma is [55.87035153596585]
04/05/2022 16:10:40 PM - INFO - [in this interval] state is [State.INCREASE]
04/05/2022 16:10:40 PM - INFO - [in this interval] now real rate is [0.4975353535353535]mbps
04/05/2022 16:10:40 PM - INFO - [in this interval] now real rtt is [3838]
04/05/2022 16:10:40 PM - INFO - [in this interval] aimd control rate is [1.0045203886034773] mbps
04/05/2022 16:10:40 PM - INFO - [in this interval] delay-rate is [1.0045203886034773] mbps
04/05/2022 16:10:40 PM - INFO - average delay [1734.5]
04/05/2022 16:10:40 PM - INFO - average delay [1717.0]
04/05/2022 16:10:40 PM - INFO - average delay [1747.0]
04/05/2022 16:10:40 PM - INFO - average delay [1757.0]
04/05/2022 16:10:40 PM - INFO - nowTs is [255939], lastTs is [255713]
04/05/2022 16:10:40 PM - INFO - [in this interval] loss-ratio is [0.0]
04/05/2022 16:10:40 PM - INFO - [in this interval] group num is [6]
04/05/2022 16:10:40 PM - INFO - [in this interval] delayDelta from group is [[26, 8, 3, 6, 10]]
04/05/2022 16:10:40 PM - INFO - sample List of accDelay : [[-8419.766033097767, -8419.08942978799, -8417.080486809191, -8415.172438128271, -8413.755194315445, -8412.779674883901, -8411.70170739551, -8412.031536655959, -8410.028382990364, -8405.625544691327, -8398.962990222195, -8390.666691199976, -8382.50002207998, -8376.950019871982, -8373.055017884783, -8366.949516096305, -8360.654564486675, -8354.689108038006, -8348.720197234206, -8342.348177510785]]
04/05/2022 16:10:40 PM - INFO - sample List of time: [[254851, 254898, 254993, 255042, 255073, 255105, 255137, 255169, 255203, 255266, 255307, 255349, 255387, 255404, 255421, 255473, 255509, 255542, 255575, 255616]]
04/05/2022 16:10:40 PM - INFO - update trend: [0.10784115395295198]
04/05/2022 16:10:40 PM - INFO - estimateQueueDelayDuration [25.881876948708474] = queueDelayDelta [0.4313646158118079] * numCount[1001]
04/05/2022 16:10:40 PM - INFO - [in this interval] signal is [Signal.NORMAL]
04/05/2022 16:10:40 PM - INFO - [in this interval] adaptiveThresholdGamma is [55.33055899339522]
04/05/2022 16:10:40 PM - INFO - [in this interval] state is [State.INCREASE]
04/05/2022 16:10:40 PM - INFO - [in this interval] now real rate is [0.43515492957746477]mbps
04/05/2022 16:10:40 PM - INFO - [in this interval] now real rtt is [3940]
04/05/2022 16:10:40 PM - INFO - [in this interval] aimd control rate is [1.0087058902226584] mbps
04/05/2022 16:10:40 PM - INFO - [in this interval] delay-rate is [1.0087058902226584] mbps
04/05/2022 16:10:40 PM - INFO - average delay [1763.0]
04/05/2022 16:10:40 PM - INFO - average delay [1766.5]
04/05/2022 16:10:40 PM - INFO - average delay [1765.75]
04/05/2022 16:10:40 PM - INFO - average delay [1768.0]
04/05/2022 16:10:40 PM - INFO - nowTs is [256185], lastTs is [255939]
04/05/2022 16:10:40 PM - INFO - [in this interval] loss-ratio is [0.0]
04/05/2022 16:10:40 PM - INFO - [in this interval] group num is [6]
04/05/2022 16:10:40 PM - INFO - [in this interval] delayDelta from group is [[-2, -1, 3, 2, 41]]
04/05/2022 16:10:40 PM - INFO - sample List of accDelay : [[-8412.779674883901, -8411.70170739551, -8412.031536655959, -8410.028382990364, -8405.625544691327, -8398.962990222195, -8390.666691199976, -8382.50002207998, -8376.950019871982, -8373.055017884783, -8366.949516096305, -8360.654564486675, -8354.689108038006, -8348.720197234206, -8342.348177510785, -8336.813359759706, -8331.932023783735, -8327.23882140536, -8322.814939264825, -8314.733445338341]]
04/05/2022 16:10:40 PM - INFO - sample List of time: [[255105, 255137, 255169, 255203, 255266, 255307, 255349, 255387, 255404, 255421, 255473, 255509, 255542, 255575, 255616, 255699, 255732, 255766, 255799, 255836]]
04/05/2022 16:10:40 PM - INFO - update trend: [0.1439734347247839]
04/05/2022 16:10:40 PM - INFO - estimateQueueDelayDuration [34.553624333948136] = queueDelayDelta [0.5758937388991356] * numCount[1000]
04/05/2022 16:10:40 PM - INFO - [in this interval] signal is [Signal.NORMAL]
04/05/2022 16:10:40 PM - INFO - [in this interval] adaptiveThresholdGamma is [54.956574169525176]
04/05/2022 16:10:40 PM - INFO - [in this interval] state is [State.INCREASE]
04/05/2022 16:10:40 PM - INFO - [in this interval] now real rate is [0.41345824847250506]mbps
04/05/2022 16:10:40 PM - INFO - [in this interval] now real rtt is [4032]
04/05/2022 16:10:40 PM - INFO - [in this interval] aimd control rate is [1.0129088314319195] mbps
04/05/2022 16:10:40 PM - INFO - [in this interval] delay-rate is [1.0129088314319195] mbps
04/05/2022 16:10:40 PM - INFO - average delay [1799.5]
04/05/2022 16:10:40 PM - INFO - average delay [1829.0]
04/05/2022 16:10:40 PM - INFO - average delay [1866.0]
04/05/2022 16:10:40 PM - INFO - average delay [1898.3333333333335]
04/05/2022 16:10:40 PM - INFO - nowTs is [256430], lastTs is [256185]
04/05/2022 16:10:40 PM - INFO - [in this interval] loss-ratio is [0.09090909090909091]
04/05/2022 16:10:40 PM - INFO - [in this interval] group num is [5]
04/05/2022 16:10:40 PM - INFO - [in this interval] delayDelta from group is [[41, 20, -3, -19]]
04/05/2022 16:10:40 PM - INFO - sample List of accDelay : [[-8405.625544691327, -8398.962990222195, -8390.666691199976, -8382.50002207998, -8376.950019871982, -8373.055017884783, -8366.949516096305, -8360.654564486675, -8354.689108038006, -8348.720197234206, -8342.348177510785, -8336.813359759706, -8331.932023783735, -8327.23882140536, -8322.814939264825, -8314.733445338341, -8303.360100804506, -8291.124090724055, -8280.41168165165, -8272.670513486486]]
04/05/2022 16:10:40 PM - INFO - sample List of time: [[255266, 255307, 255349, 255387, 255404, 255421, 255473, 255509, 255542, 255575, 255616, 255699, 255732, 255766, 255799, 255836, 255988, 256064, 256124, 256141]]
04/05/2022 16:10:40 PM - INFO - update trend: [0.1404383635189714]
04/05/2022 16:10:40 PM - INFO - estimateQueueDelayDuration [33.70520724455314] = queueDelayDelta [0.5617534540758856] * numCount[1000]
04/05/2022 16:10:40 PM - INFO - [in this interval] signal is [Signal.NORMAL]
04/05/2022 16:10:40 PM - INFO - [in this interval] adaptiveThresholdGamma is [54.57404956487568]
04/05/2022 16:10:40 PM - INFO - [in this interval] state is [State.INCREASE]
04/05/2022 16:10:40 PM - INFO - [in this interval] now real rate is [0.46481466395112014]mbps
04/05/2022 16:10:40 PM - INFO - [in this interval] now real rtt is [4202]
04/05/2022 16:10:40 PM - INFO - [in this interval] aimd control rate is [1.0171292848962192] mbps
04/05/2022 16:10:40 PM - INFO - [in this interval] delay-rate is [1.0171292848962192] mbps
04/05/2022 16:10:40 PM - INFO - average delay [1914.0]
04/05/2022 16:10:40 PM - INFO - average delay [1873.5]
04/05/2022 16:10:40 PM - INFO - average delay [1865.75]
04/05/2022 16:10:40 PM - INFO - average delay [1855.6666666666665]
04/05/2022 16:10:40 PM - INFO - nowTs is [256661], lastTs is [256430]
04/05/2022 16:10:40 PM - INFO - [in this interval] loss-ratio is [0.25]
04/05/2022 16:10:40 PM - INFO - [in this interval] group num is [8]
04/05/2022 16:10:40 PM - INFO - [in this interval] delayDelta from group is [[-3, -3, -13, -4, 3, 8, -3]]
04/05/2022 16:10:40 PM - INFO - sample List of accDelay : [[-8360.654564486675, -8354.689108038006, -8348.720197234206, -8342.348177510785, -8336.813359759706, -8331.932023783735, -8327.23882140536, -8322.814939264825, -8314.733445338341, -8303.360100804506, -8291.124090724055, -8280.41168165165, -8272.670513486486, -8266.003462137838, -8260.303115924055, -8256.47280433165, -8253.425523898484, -8250.382971508636, -8246.844674357772, -8243.960206921995]]
04/05/2022 16:10:40 PM - INFO - sample List of time: [[255509, 255542, 255575, 255616, 255699, 255732, 255766, 255799, 255836, 255988, 256064, 256124, 256141, 256173, 256205, 256237, 256259, 256280, 256323, 256366]]
04/05/2022 16:10:40 PM - INFO - update trend: [0.1394030266770865]
04/05/2022 16:10:40 PM - INFO - estimateQueueDelayDuration [33.45672640250076] = queueDelayDelta [0.557612106708346] * numCount[1001]
04/05/2022 16:10:40 PM - INFO - [in this interval] signal is [Signal.NORMAL]
04/05/2022 16:10:40 PM - INFO - [in this interval] adaptiveThresholdGamma is [54.19393774795293]
04/05/2022 16:10:40 PM - INFO - [in this interval] state is [State.INCREASE]
04/05/2022 16:10:40 PM - INFO - [in this interval] now real rate is [0.4931596638655462]mbps
04/05/2022 16:10:40 PM - INFO - [in this interval] now real rtt is [4134]
04/05/2022 16:10:40 PM - INFO - [in this interval] aimd control rate is [1.0213673235832867] mbps
04/05/2022 16:10:40 PM - INFO - [in this interval] delay-rate is [1.0213673235832867] mbps
04/05/2022 16:10:40 PM - INFO - average delay [1863.6666666666665]
04/05/2022 16:10:40 PM - INFO - average delay [1886.6666666666665]
04/05/2022 16:10:40 PM - INFO - average delay [1914.0]
04/05/2022 16:10:40 PM - INFO - average delay [1929.5]
04/05/2022 16:10:40 PM - INFO - nowTs is [256887], lastTs is [256661]
04/05/2022 16:10:40 PM - INFO - [in this interval] loss-ratio is [0.0]
04/05/2022 16:10:40 PM - INFO - [in this interval] group num is [5]
04/05/2022 16:10:40 PM - INFO - [in this interval] delayDelta from group is [[17, 26, 31, 0]]
04/05/2022 16:10:40 PM - INFO - sample List of accDelay : [[-8336.813359759706, -8331.932023783735, -8327.23882140536, -8322.814939264825, -8314.733445338341, -8303.360100804506, -8291.124090724055, -8280.41168165165, -8272.670513486486, -8266.003462137838, -8260.303115924055, -8256.47280433165, -8253.425523898484, -8250.382971508636, -8246.844674357772, -8243.960206921995, -8239.664186229795, -8233.197767606815, -8224.277990846133, -8216.25019176152]]
04/05/2022 16:10:40 PM - INFO - sample List of time: [[255699, 255732, 255766, 255799, 255836, 255988, 256064, 256124, 256141, 256173, 256205, 256237, 256259, 256280, 256323, 256366, 256410, 256462, 256523, 256584]]
04/05/2022 16:10:40 PM - INFO - update trend: [0.1391698825854488]
04/05/2022 16:10:40 PM - INFO - estimateQueueDelayDuration [33.400771820507714] = queueDelayDelta [0.5566795303417952] * numCount[1001]
04/05/2022 16:10:40 PM - INFO - [in this interval] signal is [Signal.NORMAL]
04/05/2022 16:10:40 PM - INFO - [in this interval] adaptiveThresholdGamma is [53.819660761258916]
04/05/2022 16:10:40 PM - INFO - [in this interval] state is [State.INCREASE]
04/05/2022 16:10:40 PM - INFO - [in this interval] now real rate is [0.48667755102040816]mbps
04/05/2022 16:10:40 PM - INFO - [in this interval] now real rtt is [4316]
04/05/2022 16:10:40 PM - INFO - [in this interval] aimd control rate is [1.0256230207648838] mbps
04/05/2022 16:10:40 PM - INFO - [in this interval] delay-rate is [1.0256230207648838] mbps
04/05/2022 16:10:40 PM - INFO - average delay [1958.0]
04/05/2022 16:10:40 PM - INFO - average delay [1988.5]
04/05/2022 16:10:40 PM - INFO - average delay [2010.0]
04/05/2022 16:10:40 PM - INFO - average delay [2060.5]
04/05/2022 16:10:40 PM - INFO - nowTs is [257141], lastTs is [256887]
04/05/2022 16:10:40 PM - INFO - [in this interval] loss-ratio is [0.0]
04/05/2022 16:10:40 PM - INFO - [in this interval] group num is [4]
04/05/2022 16:10:40 PM - INFO - [in this interval] delayDelta from group is [[43, 51, 29]]
04/05/2022 16:10:40 PM - INFO - sample List of accDelay : [[-8322.814939264825, -8314.733445338341, -8303.360100804506, -8291.124090724055, -8280.41168165165, -8272.670513486486, -8266.003462137838, -8260.303115924055, -8256.47280433165, -8253.425523898484, -8250.382971508636, -8246.844674357772, -8243.960206921995, -8239.664186229795, -8233.197767606815, -8224.277990846133, -8216.25019176152, -8204.725172585368, -8189.252655326831, -8172.4273897941475]]
04/05/2022 16:10:40 PM - INFO - sample List of time: [[255799, 255836, 255988, 256064, 256124, 256141, 256173, 256205, 256237, 256259, 256280, 256323, 256366, 256410, 256462, 256523, 256584, 256645, 256723, 256804]]
04/05/2022 16:10:40 PM - INFO - update trend: [0.14337286654223835]
04/05/2022 16:10:40 PM - INFO - estimateQueueDelayDuration [34.40948797013721] = queueDelayDelta [0.5734914661689534] * numCount[1000]
04/05/2022 16:10:40 PM - INFO - [in this interval] signal is [Signal.NORMAL]
04/05/2022 16:10:40 PM - INFO - [in this interval] adaptiveThresholdGamma is [53.470277651018726]
04/05/2022 16:10:40 PM - INFO - [in this interval] state is [State.INCREASE]
04/05/2022 16:10:40 PM - INFO - [in this interval] now real rate is [0.3493833333333333]mbps
04/05/2022 16:10:40 PM - INFO - [in this interval] now real rtt is [4614]
04/05/2022 16:10:40 PM - INFO - [in this interval] aimd control rate is [1.0298964500180707] mbps
04/05/2022 16:10:40 PM - INFO - [in this interval] delay-rate is [1.0298964500180707] mbps
04/05/2022 16:10:40 PM - INFO - average delay [2097.0]
04/05/2022 16:10:40 PM - INFO - average delay [2098.5]
04/05/2022 16:10:40 PM - INFO - average delay [2078.0]
04/05/2022 16:10:40 PM - INFO - average delay [2053.0]
04/05/2022 16:10:40 PM - INFO - nowTs is [257391], lastTs is [257141]
04/05/2022 16:10:40 PM - INFO - [in this interval] loss-ratio is [0.35]
04/05/2022 16:10:40 PM - INFO - [in this interval] group num is [10]
04/05/2022 16:10:40 PM - INFO - [in this interval] delayDelta from group is [[1, -8, -15, -9, 1, -15, -4, -15, -12]]
04/05/2022 16:10:40 PM - INFO - sample List of accDelay : [[-8253.425523898484, -8250.382971508636, -8246.844674357772, -8243.960206921995, -8239.664186229795, -8233.197767606815, -8224.277990846133, -8216.25019176152, -8204.725172585368, -8189.252655326831, -8172.4273897941475, -8157.184650814733, -8144.26618573326, -8134.139567159934, -8125.92561044394, -8118.433049399546, -8113.189744459591, -8108.870770013632, -8106.483693012269, -8105.535323711042]]
04/05/2022 16:10:40 PM - INFO - sample List of time: [[256259, 256280, 256323, 256366, 256410, 256462, 256523, 256584, 256645, 256723, 256804, 256894, 256920, 256947, 256967, 256988, 257029, 257044, 257075, 257090]]
04/05/2022 16:10:40 PM - INFO - update trend: [0.18975036435861561]
04/05/2022 16:10:40 PM - INFO - estimateQueueDelayDuration [45.540087446067744] = queueDelayDelta [0.7590014574344625] * numCount[1001]
04/05/2022 16:10:40 PM - INFO - [in this interval] signal is [Signal.NORMAL]
04/05/2022 16:10:40 PM - INFO - [in this interval] adaptiveThresholdGamma is [53.32753422732961]
04/05/2022 16:10:40 PM - INFO - [in this interval] state is [State.INCREASE]
04/05/2022 16:10:40 PM - INFO - [in this interval] now real rate is [0.3936067653276955]mbps
04/05/2022 16:10:40 PM - INFO - [in this interval] now real rtt is [4444]
04/05/2022 16:10:40 PM - INFO - [in this interval] aimd control rate is [1.0341876852264795] mbps
04/05/2022 16:10:40 PM - INFO - [in this interval] delay-rate is [1.0341876852264795] mbps
04/05/2022 16:10:40 PM - INFO - average delay [2031.4]
04/05/2022 16:10:40 PM - INFO - average delay [2013.0]
04/05/2022 16:10:40 PM - INFO - average delay [1999.4]
04/05/2022 16:10:40 PM - INFO - average delay [1968.0]
04/05/2022 16:10:40 PM - INFO - nowTs is [257634], lastTs is [257391]
04/05/2022 16:10:40 PM - INFO - [in this interval] loss-ratio is [0.0]
04/05/2022 16:10:40 PM - INFO - [in this interval] group num is [11]
04/05/2022 16:10:40 PM - INFO - [in this interval] delayDelta from group is [[-7, -6, -1, -17, -17, -12, -16, -17, -12, -16]]
04/05/2022 16:10:40 PM - INFO - sample List of accDelay : [[-8172.4273897941475, -8157.184650814733, -8144.26618573326, -8134.139567159934, -8125.92561044394, -8118.433049399546, -8113.189744459591, -8108.870770013632, -8106.483693012269, -8105.535323711042, -8105.381791339938, -8105.843612205945, -8106.35925098535, -8108.523325886815, -8112.170993298133, -8116.65389396832, -8122.288504571488, -8129.0596541143395, -8136.353688702906, -8144.518319832616]]
04/05/2022 16:10:40 PM - INFO - sample List of time: [[256804, 256894, 256920, 256947, 256967, 256988, 257029, 257044, 257075, 257090, 257147, 257175, 257204, 257233, 257251, 257269, 257287, 257306, 257324, 257342]]
04/05/2022 16:10:40 PM - INFO - update trend: [0.049292255913947224]
04/05/2022 16:10:40 PM - INFO - estimateQueueDelayDuration [11.830141419347333] = queueDelayDelta [0.1971690236557889] * numCount[1001]
04/05/2022 16:10:40 PM - INFO - [in this interval] signal is [Signal.NORMAL]
04/05/2022 16:10:40 PM - INFO - [in this interval] adaptiveThresholdGamma is [52.580581156785925]
04/05/2022 16:10:40 PM - INFO - [in this interval] state is [State.INCREASE]
04/05/2022 16:10:40 PM - INFO - [in this interval] now real rate is [0.5934766734279918]mbps
04/05/2022 16:10:40 PM - INFO - [in this interval] now real rtt is [4200]
04/05/2022 16:10:40 PM - INFO - [in this interval] aimd control rate is [1.0384968005815898] mbps
04/05/2022 16:10:40 PM - INFO - [in this interval] delay-rate is [1.0384968005815898] mbps
04/05/2022 16:10:40 PM - INFO - average delay [1917.1428571428573]
04/05/2022 16:10:40 PM - INFO - average delay [1868.1666666666665]
04/05/2022 16:10:40 PM - INFO - average delay [1810.0]
04/05/2022 16:10:40 PM - INFO - average delay [1799.3333333333333]
04/05/2022 16:10:40 PM - INFO - nowTs is [257864], lastTs is [257634]
04/05/2022 16:10:40 PM - INFO - [in this interval] loss-ratio is [0.16666666666666666]
04/05/2022 16:10:40 PM - INFO - [in this interval] group num is [9]
04/05/2022 16:10:40 PM - INFO - [in this interval] delayDelta from group is [[-11, -16, -21, -21, -12, 4, 14, 10]]
04/05/2022 16:10:40 PM - INFO - sample List of accDelay : [[-8106.483693012269, -8105.535323711042, -8105.381791339938, -8105.843612205945, -8106.35925098535, -8108.523325886815, -8112.170993298133, -8116.65389396832, -8122.288504571488, -8129.0596541143395, -8136.353688702906, -8144.518319832616, -8152.966487849354, -8162.169839064419, -8172.552855157976, -8183.997569642179, -8195.49781267796, -8205.448031410164, -8213.003228269148, -8218.802905442233]]
04/05/2022 16:10:40 PM - INFO - sample List of time: [[257075, 257090, 257147, 257175, 257204, 257233, 257251, 257269, 257287, 257306, 257324, 257342, 257379, 257398, 257417, 257426, 257435, 257458, 257502, 257546]]
04/05/2022 16:10:40 PM - INFO - update trend: [-0.2801146754518237]
04/05/2022 16:10:40 PM - INFO - estimateQueueDelayDuration [-67.2275221084377] = queueDelayDelta [-1.120458701807295] * numCount[1001]
04/05/2022 16:10:40 PM - INFO - [in this interval] signal is [Signal.UNDER_USE]
04/05/2022 16:10:40 PM - INFO - [in this interval] adaptiveThresholdGamma is [67.2275221084377]
04/05/2022 16:10:40 PM - INFO - [in this interval] state is [State.HOLD]
04/05/2022 16:10:40 PM - INFO - [in this interval] now real rate is [0.6289609856262833]mbps
04/05/2022 16:10:40 PM - INFO - [in this interval] now real rtt is [4060]
04/05/2022 16:10:40 PM - INFO - [in this interval] aimd control rate is [1.0384968005815898] mbps
04/05/2022 16:10:40 PM - INFO - [in this interval] delay-rate is [1.0384968005815898] mbps
04/05/2022 16:10:40 PM - INFO - average delay [1821.0]
04/05/2022 16:10:40 PM - INFO - average delay [1832.0]
04/05/2022 16:10:40 PM - INFO - average delay [1842.0]
04/05/2022 16:10:40 PM - INFO - average delay [1847.25]
04/05/2022 16:10:40 PM - INFO - nowTs is [258099], lastTs is [257864]
04/05/2022 16:10:40 PM - INFO - [in this interval] loss-ratio is [0.07692307692307693]
04/05/2022 16:10:40 PM - INFO - [in this interval] group num is [7]
04/05/2022 16:10:40 PM - INFO - [in this interval] delayDelta from group is [[8, 2, 3, 8, -11, -15]]
04/05/2022 16:10:40 PM - INFO - sample List of accDelay : [[-8112.170993298133, -8116.65389396832, -8122.288504571488, -8129.0596541143395, -8136.353688702906, -8144.518319832616, -8152.966487849354, -8162.169839064419, -8172.552855157976, -8183.997569642179, -8195.49781267796, -8205.448031410164, -8213.003228269148, -8218.802905442233, -8223.22261489801, -8227.00035340821, -8230.100318067389, -8232.090286260649, -8234.981257634585, -8239.083131871126]]
04/05/2022 16:10:40 PM - INFO - sample List of time: [[257251, 257269, 257287, 257306, 257324, 257342, 257379, 257398, 257417, 257426, 257435, 257458, 257502, 257546, 257636, 257674, 257711, 257749, 257787, 257806]]
04/05/2022 16:10:40 PM - INFO - update trend: [-0.2304089972008566]
04/05/2022 16:10:40 PM - INFO - estimateQueueDelayDuration [-55.298159328205585] = queueDelayDelta [-0.9216359888034265] * numCount[1001]
04/05/2022 16:10:40 PM - INFO - [in this interval] signal is [Signal.NORMAL]
04/05/2022 16:10:40 PM - INFO - [in this interval] adaptiveThresholdGamma is [67.01279357839351]
04/05/2022 16:10:40 PM - INFO - [in this interval] state is [State.INCREASE]
04/05/2022 16:10:40 PM - INFO - [in this interval] now real rate is [0.514077079107505]mbps
04/05/2022 16:10:40 PM - INFO - [in this interval] now real rtt is [4070]
04/05/2022 16:10:40 PM - INFO - [in this interval] aimd control rate is [1.0428238705840132] mbps
04/05/2022 16:10:40 PM - INFO - [in this interval] delay-rate is [1.0428238705840132] mbps
04/05/2022 16:10:40 PM - INFO - average delay [1848.25]
04/05/2022 16:10:40 PM - INFO - average delay [1830.6666666666667]
04/05/2022 16:10:40 PM - INFO - average delay [1810.6666666666667]
04/05/2022 16:10:40 PM - INFO - average delay [1815.6666666666667]
04/05/2022 16:10:40 PM - INFO - nowTs is [258339], lastTs is [258099]
04/05/2022 16:10:40 PM - INFO - [in this interval] loss-ratio is [0.2]
04/05/2022 16:10:40 PM - INFO - [in this interval] group num is [7]
04/05/2022 16:10:40 PM - INFO - [in this interval] delayDelta from group is [[-10, -20, 10, 5, 5, 11]]
04/05/2022 16:10:40 PM - INFO - sample List of accDelay : [[-8152.966487849354, -8162.169839064419, -8172.552855157976, -8183.997569642179, -8195.49781267796, -8205.448031410164, -8213.003228269148, -8218.802905442233, -8223.22261489801, -8227.00035340821, -8230.100318067389, -8232.090286260649, -8234.981257634585, -8239.083131871126, -8243.774818684014, -8249.997336815613, -8254.597603134052, -8258.237842820647, -8261.014058538582, -8262.412652684723]]
04/05/2022 16:10:40 PM - INFO - sample List of time: [[257379, 257398, 257417, 257426, 257435, 257458, 257502, 257546, 257636, 257674, 257711, 257749, 257787, 257806, 257865, 257885, 257905, 257945, 257985, 258025]]
04/05/2022 16:10:40 PM - INFO - update trend: [-0.1427081171306259]
04/05/2022 16:10:40 PM - INFO - estimateQueueDelayDuration [-34.249948111350214] = queueDelayDelta [-0.5708324685225036] * numCount[1001]
04/05/2022 16:10:40 PM - INFO - [in this interval] signal is [Signal.NORMAL]
04/05/2022 16:10:40 PM - INFO - [in this interval] adaptiveThresholdGamma is [66.42306235998673]
04/05/2022 16:10:40 PM - INFO - [in this interval] state is [State.INCREASE]
04/05/2022 16:10:40 PM - INFO - [in this interval] now real rate is [0.4376498993963783]mbps
04/05/2022 16:10:40 PM - INFO - [in this interval] now real rtt is [4080]
04/05/2022 16:10:40 PM - INFO - [in this interval] aimd control rate is [1.04716897004478] mbps
04/05/2022 16:10:40 PM - INFO - [in this interval] delay-rate is [1.04716897004478] mbps
04/05/2022 16:10:40 PM - INFO - average delay [1831.0]
04/05/2022 16:10:40 PM - INFO - average delay [1838.0]
04/05/2022 16:10:40 PM - INFO - average delay [1855.6666666666665]
04/05/2022 16:10:40 PM - INFO - average delay [1863.6666666666665]
04/05/2022 16:10:40 PM - INFO - nowTs is [258585], lastTs is [258339]
04/05/2022 16:10:40 PM - INFO - [in this interval] loss-ratio is [0.0]
04/05/2022 16:10:40 PM - INFO - [in this interval] group num is [6]
04/05/2022 16:10:40 PM - INFO - [in this interval] delayDelta from group is [[7, 12, 6, 19, 11]]
04/05/2022 16:10:40 PM - INFO - sample List of accDelay : [[-8205.448031410164, -8213.003228269148, -8218.802905442233, -8223.22261489801, -8227.00035340821, -8230.100318067389, -8232.090286260649, -8234.981257634585, -8239.083131871126, -8243.774818684014, -8249.997336815613, -8254.597603134052, -8258.237842820647, -8261.014058538582, -8262.412652684723, -8262.97138741625, -8262.274248674625, -8261.046823807163, -8258.042141426446, -8254.2379272838]]
04/05/2022 16:10:40 PM - INFO - sample List of time: [[257458, 257502, 257546, 257636, 257674, 257711, 257749, 257787, 257806, 257865, 257885, 257905, 257945, 257985, 258025, 258107, 258149, 258191, 258232, 258291]]
04/05/2022 16:10:40 PM - INFO - update trend: [-0.06927034522659913]
04/05/2022 16:10:40 PM - INFO - estimateQueueDelayDuration [-16.62488285438379] = queueDelayDelta [-0.2770813809063965] * numCount[1000]
04/05/2022 16:10:40 PM - INFO - [in this interval] signal is [Signal.NORMAL]
04/05/2022 16:10:40 PM - INFO - [in this interval] adaptiveThresholdGamma is [65.52669512888588]
04/05/2022 16:10:40 PM - INFO - [in this interval] state is [State.INCREASE]
04/05/2022 16:10:40 PM - INFO - [in this interval] now real rate is [0.44572839506172846]mbps
04/05/2022 16:10:40 PM - INFO - [in this interval] now real rtt is [4202]
04/05/2022 16:10:40 PM - INFO - [in this interval] aimd control rate is [1.0515321740866332] mbps
04/05/2022 16:10:40 PM - INFO - [in this interval] delay-rate is [1.0515321740866332] mbps
04/05/2022 16:10:40 PM - INFO - average delay [1883.0]
04/05/2022 16:10:40 PM - INFO - average delay [1898.75]
04/05/2022 16:10:40 PM - INFO - average delay [1882.25]
04/05/2022 16:10:40 PM - INFO - average delay [1870.6666666666665]
04/05/2022 16:10:40 PM - INFO - nowTs is [258825], lastTs is [258585]
04/05/2022 16:10:40 PM - INFO - [in this interval] loss-ratio is [0.4]
04/05/2022 16:10:40 PM - INFO - [in this interval] group num is [10]
04/05/2022 16:10:40 PM - INFO - [in this interval] delayDelta from group is [[-5, -13, -18, 11, -3, -12, -7, 6, -7]]
04/05/2022 16:10:40 PM - INFO - sample List of accDelay : [[-8243.774818684014, -8249.997336815613, -8254.597603134052, -8258.237842820647, -8261.014058538582, -8262.412652684723, -8262.97138741625, -8262.274248674625, -8261.046823807163, -8258.042141426446, -8254.2379272838, -8251.31413455542, -8249.982721099877, -8250.58444898989, -8250.026004090902, -8249.823403681812, -8250.84106331363, -8252.456956982267, -8253.31126128404, -8254.780135155635]]
04/05/2022 16:10:40 PM - INFO - sample List of time: [[257865, 257885, 257905, 257945, 257985, 258025, 258107, 258149, 258191, 258232, 258291, 258330, 258365, 258382, 258399, 258420, 258437, 258460, 258483, 258529]]
04/05/2022 16:10:40 PM - INFO - update trend: [0.005775794591257646]
04/05/2022 16:10:40 PM - INFO - estimateQueueDelayDuration [1.3861907019018351] = queueDelayDelta [0.023103178365030584] * numCount[1001]
04/05/2022 16:10:40 PM - INFO - [in this interval] signal is [Signal.NORMAL]
04/05/2022 16:10:40 PM - INFO - [in this interval] adaptiveThresholdGamma is [64.37216604920016]
04/05/2022 16:10:40 PM - INFO - [in this interval] state is [State.INCREASE]
04/05/2022 16:10:40 PM - INFO - [in this interval] now real rate is [0.44554732510288064]mbps
04/05/2022 16:10:40 PM - INFO - [in this interval] now real rtt is [4122]
04/05/2022 16:10:40 PM - INFO - [in this interval] aimd control rate is [1.0559135581453274] mbps
04/05/2022 16:10:40 PM - INFO - [in this interval] delay-rate is [1.0559135581453274] mbps
04/05/2022 16:10:40 PM - INFO - average delay [1859.6666666666665]
04/05/2022 16:10:40 PM - INFO - average delay [1852.0]
04/05/2022 16:10:40 PM - INFO - average delay [1808.8]
04/05/2022 16:10:40 PM - INFO - average delay [1745.3333333333333]
04/05/2022 16:10:40 PM - INFO - nowTs is [259067], lastTs is [258825]
04/05/2022 16:10:40 PM - INFO - [in this interval] loss-ratio is [0.32]
04/05/2022 16:10:40 PM - INFO - [in this interval] group num is [11]
04/05/2022 16:10:40 PM - INFO - [in this interval] delayDelta from group is [[6, -11, -49, -23, -12, -12, -19, -12, -12, -12]]
04/05/2022 16:10:40 PM - INFO - sample List of accDelay : [[-8254.2379272838, -8251.31413455542, -8249.982721099877, -8250.58444898989, -8250.026004090902, -8249.823403681812, -8250.84106331363, -8252.456956982267, -8253.31126128404, -8254.780135155635, -8255.502121640071, -8257.251909476065, -8263.726718528458, -8271.854046675611, -8280.36864200805, -8289.231777807245, -8299.10860002652, -8309.197740023868, -8319.47796602148, -8329.930169419333]]
04/05/2022 16:10:40 PM - INFO - sample List of time: [[258291, 258330, 258365, 258382, 258399, 258420, 258437, 258460, 258483, 258529, 258575, 258621, 258645, 258656, 258668, 258691, 258714, 258725, 258748, 258771]]
04/05/2022 16:10:40 PM - INFO - update trend: [-0.14027887128733443]
04/05/2022 16:10:40 PM - INFO - estimateQueueDelayDuration [-33.66692910896026] = queueDelayDelta [-0.5611154851493377] * numCount[1001]
04/05/2022 16:10:40 PM - INFO - [in this interval] signal is [Signal.NORMAL]
04/05/2022 16:10:40 PM - INFO - [in this interval] adaptiveThresholdGamma is [63.81947178427584]
04/05/2022 16:10:40 PM - INFO - [in this interval] state is [State.INCREASE]
04/05/2022 16:10:40 PM - INFO - [in this interval] now real rate is [0.5207468879668049]mbps
04/05/2022 16:10:40 PM - INFO - [in this interval] now real rtt is [3796]
04/05/2022 16:10:40 PM - INFO - [in this interval] aimd control rate is [1.060313197970933] mbps
04/05/2022 16:10:40 PM - INFO - [in this interval] delay-rate is [1.060313197970933] mbps
04/05/2022 16:10:40 PM - INFO - average delay [1707.0]
04/05/2022 16:10:40 PM - INFO - average delay [1683.25]
04/05/2022 16:10:40 PM - INFO - average delay [1691.25]
04/05/2022 16:10:40 PM - INFO - average delay [1683.25]
04/05/2022 16:10:40 PM - INFO - nowTs is [259310], lastTs is [259067]
04/05/2022 16:10:40 PM - INFO - [in this interval] loss-ratio is [0.23809523809523808]
04/05/2022 16:10:40 PM - INFO - [in this interval] group num is [11]
04/05/2022 16:10:40 PM - INFO - [in this interval] delayDelta from group is [[-7, 0, 6, 5, 1, -9, 5, 0, 4, 0]]
04/05/2022 16:10:40 PM - INFO - sample List of accDelay : [[-8255.502121640071, -8257.251909476065, -8263.726718528458, -8271.854046675611, -8280.36864200805, -8289.231777807245, -8299.10860002652, -8309.197740023868, -8319.47796602148, -8329.930169419333, -8340.0371524774, -8349.13343722966, -8356.720093506694, -8363.048084156024, -8368.643275740422, -8374.57894816638, -8379.42105334974, -8383.778948014766, -8387.30105321329, -8390.470947891961]]
04/05/2022 16:10:40 PM - INFO - sample List of time: [[258575, 258621, 258645, 258656, 258668, 258691, 258714, 258725, 258748, 258771, 258817, 258845, 258865, 258881, 258901, 258917, 258933, 258948, 258993, 259022]]
04/05/2022 16:10:40 PM - INFO - update trend: [-0.3499918223817675]
04/05/2022 16:10:40 PM - INFO - estimateQueueDelayDuration [-83.9980373716242] = queueDelayDelta [-1.39996728952707] * numCount[1001]
04/05/2022 16:10:40 PM - INFO - [in this interval] signal is [Signal.UNDER_USE]
04/05/2022 16:10:40 PM - INFO - [in this interval] adaptiveThresholdGamma is [63.81947178427584]
04/05/2022 16:10:40 PM - INFO - [in this interval] state is [State.HOLD]
04/05/2022 16:10:40 PM - INFO - [in this interval] now real rate is [0.5814103092783505]mbps
04/05/2022 16:10:40 PM - INFO - [in this interval] now real rtt is [3792]
04/05/2022 16:10:40 PM - INFO - [in this interval] aimd control rate is [1.060313197970933] mbps
04/05/2022 16:10:40 PM - INFO - [in this interval] delay-rate is [1.060313197970933] mbps
04/05/2022 16:10:40 PM - INFO - average delay [1690.4]
04/05/2022 16:10:40 PM - INFO - average delay [1699.6666666666667]
04/05/2022 16:10:40 PM - INFO - average delay [1701.5]
04/05/2022 16:10:40 PM - INFO - average delay [1701.25]
04/05/2022 16:10:40 PM - INFO - nowTs is [259554], lastTs is [259310]
04/05/2022 16:10:40 PM - INFO - [in this interval] loss-ratio is [0.0]
04/05/2022 16:10:40 PM - INFO - [in this interval] group num is [8]
04/05/2022 16:10:40 PM - INFO - [in this interval] delayDelta from group is [[-2, 2, -1, -1, 5, -6, -15]]
04/05/2022 16:10:40 PM - INFO - sample List of accDelay : [[-8309.197740023868, -8319.47796602148, -8329.930169419333, -8340.0371524774, -8349.13343722966, -8356.720093506694, -8363.048084156024, -8368.643275740422, -8374.57894816638, -8379.42105334974, -8383.778948014766, -8387.30105321329, -8390.470947891961, -8393.523853102764, -8396.071467792488, -8398.464321013238, -8400.717888911915, -8402.246100020724, -8404.221490018652, -8407.499341016786]]
04/05/2022 16:10:40 PM - INFO - sample List of time: [[258725, 258748, 258771, 258817, 258845, 258865, 258881, 258901, 258917, 258933, 258948, 258993, 259022, 259069, 259102, 259134, 259168, 259202, 259237, 259266]]
04/05/2022 16:10:40 PM - INFO - update trend: [-0.1673774666058372]
04/05/2022 16:10:40 PM - INFO - estimateQueueDelayDuration [-40.170591985400925] = queueDelayDelta [-0.6695098664233488] * numCount[1000]
04/05/2022 16:10:40 PM - INFO - [in this interval] signal is [Signal.NORMAL]
04/05/2022 16:10:40 PM - INFO - [in this interval] adaptiveThresholdGamma is [63.39379194789609]
04/05/2022 16:10:40 PM - INFO - [in this interval] state is [State.INCREASE]
04/05/2022 16:10:40 PM - INFO - [in this interval] now real rate is [0.5467791164658634]mbps
04/05/2022 16:10:40 PM - INFO - [in this interval] now real rtt is [3780]
04/05/2022 16:10:40 PM - INFO - [in this interval] aimd control rate is [1.0647311696291453] mbps
04/05/2022 16:10:40 PM - INFO - [in this interval] delay-rate is [1.0647311696291453] mbps
04/05/2022 16:10:40 PM - INFO - average delay [1700.25]
04/05/2022 16:10:40 PM - INFO - average delay [1692.75]
04/05/2022 16:10:40 PM - INFO - average delay [1693.8]
04/05/2022 16:10:40 PM - INFO - average delay [1714.2]
04/05/2022 16:10:40 PM - INFO - nowTs is [259788], lastTs is [259554]
04/05/2022 16:10:40 PM - INFO - [in this interval] loss-ratio is [0.0]
04/05/2022 16:10:40 PM - INFO - [in this interval] group num is [8]
04/05/2022 16:10:40 PM - INFO - [in this interval] delayDelta from group is [[0, -5, 4, 13, 19, -5, -6]]
04/05/2022 16:10:40 PM - INFO - sample List of accDelay : [[-8368.643275740422, -8374.57894816638, -8379.42105334974, -8383.778948014766, -8387.30105321329, -8390.470947891961, -8393.523853102764, -8396.071467792488, -8398.464321013238, -8400.717888911915, -8402.246100020724, -8404.221490018652, -8407.499341016786, -8410.449406915108, -8413.604466223598, -8416.044019601239, -8416.939617641114, -8415.845655877003, -8415.361090289303, -8415.524981260372]]
04/05/2022 16:10:40 PM - INFO - sample List of time: [[258901, 258917, 258933, 258948, 258993, 259022, 259069, 259102, 259134, 259168, 259202, 259237, 259266, 259295, 259325, 259355, 259369, 259412, 259456, 259486]]
04/05/2022 16:10:40 PM - INFO - update trend: [-0.07676132910486587]
04/05/2022 16:10:40 PM - INFO - estimateQueueDelayDuration [-18.42271898516781] = queueDelayDelta [-0.3070453164194635] * numCount[1001]
04/05/2022 16:10:40 PM - INFO - [in this interval] signal is [Signal.NORMAL]
04/05/2022 16:10:40 PM - INFO - [in this interval] adaptiveThresholdGamma is [62.584312634566984]
04/05/2022 16:10:40 PM - INFO - [in this interval] state is [State.INCREASE]
04/05/2022 16:10:40 PM - INFO - [in this interval] now real rate is [0.5438052738336715]mbps
04/05/2022 16:10:40 PM - INFO - [in this interval] now real rtt is [3838]
04/05/2022 16:10:40 PM - INFO - [in this interval] aimd control rate is [1.0691675495026] mbps
04/05/2022 16:10:40 PM - INFO - [in this interval] delay-rate is [1.0691675495026] mbps
04/05/2022 16:10:40 PM - INFO - average delay [1719.6]
04/05/2022 16:10:40 PM - INFO - average delay [1711.5]
04/05/2022 16:10:40 PM - INFO - average delay [1704.0]
04/05/2022 16:10:40 PM - INFO - average delay [1696.4]
04/05/2022 16:10:40 PM - INFO - nowTs is [260021], lastTs is [259788]
04/05/2022 16:10:40 PM - INFO - [in this interval] loss-ratio is [0.058823529411764705]
04/05/2022 16:10:40 PM - INFO - [in this interval] group num is [9]
04/05/2022 16:10:40 PM - INFO - [in this interval] delayDelta from group is [[-5, -5, 0, -8, -7, -10, -11, -6]]
04/05/2022 16:10:40 PM - INFO - sample List of accDelay : [[-8398.464321013238, -8400.717888911915, -8402.246100020724, -8404.221490018652, -8407.499341016786, -8410.449406915108, -8413.604466223598, -8416.044019601239, -8416.939617641114, -8415.845655877003, -8415.361090289303, -8415.524981260372, -8416.172483134334, -8417.255234820901, -8418.229711338812, -8419.906740204931, -8422.116066184437, -8425.104459565993, -8428.894013609393, -8432.904612248454]]
04/05/2022 16:10:40 PM - INFO - sample List of time: [[259134, 259168, 259202, 259237, 259266, 259295, 259325, 259355, 259369, 259412, 259456, 259486, 259545, 259575, 259605, 259635, 259662, 259690, 259705, 259734]]
04/05/2022 16:10:40 PM - INFO - update trend: [-0.04384210064533295]
04/05/2022 16:10:40 PM - INFO - estimateQueueDelayDuration [-10.522104154879909] = queueDelayDelta [-0.1753684025813318] * numCount[1001]
04/05/2022 16:10:40 PM - INFO - [in this interval] signal is [Signal.NORMAL]
04/05/2022 16:10:40 PM - INFO - [in this interval] adaptiveThresholdGamma is [61.64719288193262]
04/05/2022 16:10:40 PM - INFO - [in this interval] state is [State.INCREASE]
04/05/2022 16:10:40 PM - INFO - [in this interval] now real rate is [0.5704144869215292]mbps
04/05/2022 16:10:40 PM - INFO - [in this interval] now real rtt is [3734]
04/05/2022 16:10:40 PM - INFO - [in this interval] aimd control rate is [1.0736224142921942] mbps
04/05/2022 16:10:40 PM - INFO - [in this interval] delay-rate is [1.0736224142921942] mbps
04/05/2022 16:10:40 PM - INFO - average delay [1676.2]
04/05/2022 16:10:40 PM - INFO - average delay [1661.2]
04/05/2022 16:10:40 PM - INFO - average delay [1644.0]
04/05/2022 16:10:40 PM - INFO - average delay [1649.0]
04/05/2022 16:10:40 PM - INFO - nowTs is [260259], lastTs is [260021]
04/05/2022 16:10:40 PM - INFO - [in this interval] loss-ratio is [0.29411764705882354]
04/05/2022 16:10:40 PM - INFO - [in this interval] group num is [9]
04/05/2022 16:10:40 PM - INFO - [in this interval] delayDelta from group is [[-2, 0, -7, -16, 14, -5, 13, 2]]
04/05/2022 16:10:40 PM - INFO - sample List of accDelay : [[-8416.939617641114, -8415.845655877003, -8415.361090289303, -8415.524981260372, -8416.172483134334, -8417.255234820901, -8418.229711338812, -8419.906740204931, -8422.116066184437, -8425.104459565993, -8428.894013609393, -8432.904612248454, -8436.714151023609, -8440.142735921248, -8443.928462329124, -8448.935616096212, -8452.04205448659, -8455.337849037931, -8457.004064134137, -8458.303657720722]]
04/05/2022 16:10:40 PM - INFO - sample List of time: [[259369, 259412, 259456, 259486, 259545, 259575, 259605, 259635, 259662, 259690, 259705, 259734, 259762, 259790, 259805, 259818, 259832, 259881, 259906, 259959]]
04/05/2022 16:10:40 PM - INFO - update trend: [-0.08676170278986918]
04/05/2022 16:10:40 PM - INFO - estimateQueueDelayDuration [-20.8228086695686] = queueDelayDelta [-0.3470468111594767] * numCount[1001]
04/05/2022 16:10:40 PM - INFO - [in this interval] signal is [Signal.NORMAL]
04/05/2022 16:10:40 PM - INFO - [in this interval] adaptiveThresholdGamma is [60.91235396611007]
04/05/2022 16:10:40 PM - INFO - [in this interval] state is [State.INCREASE]
04/05/2022 16:10:40 PM - INFO - [in this interval] now real rate is [0.494352]mbps
04/05/2022 16:10:40 PM - INFO - [in this interval] now real rtt is [3730]
04/05/2022 16:10:40 PM - INFO - [in this interval] aimd control rate is [1.0780958410184116] mbps
04/05/2022 16:10:40 PM - INFO - [in this interval] delay-rate is [1.0780958410184116] mbps
04/05/2022 16:10:40 PM - INFO - average delay [1656.6666666666667]
04/05/2022 16:10:40 PM - INFO - average delay [1690.3333333333333]
04/05/2022 16:10:40 PM - INFO - average delay [1696.25]
04/05/2022 16:10:40 PM - INFO - average delay [1688.75]
04/05/2022 16:10:40 PM - INFO - nowTs is [260505], lastTs is [260259]
04/05/2022 16:10:40 PM - INFO - [in this interval] loss-ratio is [0.14285714285714285]
04/05/2022 16:10:40 PM - INFO - [in this interval] group num is [8]
04/05/2022 16:10:40 PM - INFO - [in this interval] delayDelta from group is [[13, 3, -6, -1, 3, -6, -16]]
04/05/2022 16:10:40 PM - INFO - sample List of accDelay : [[-8419.906740204931, -8422.116066184437, -8425.104459565993, -8428.894013609393, -8432.904612248454, -8436.714151023609, -8440.142735921248, -8443.928462329124, -8448.935616096212, -8452.04205448659, -8455.337849037931, -8457.004064134137, -8458.303657720722, -8458.17329194865, -8457.755962753785, -8457.980366478407, -8458.282329830567, -8458.25409684751, -8458.828687162759, -8460.945818446482]]
04/05/2022 16:10:40 PM - INFO - sample List of time: [[259635, 259662, 259690, 259705, 259734, 259762, 259790, 259805, 259818, 259832, 259881, 259906, 259959, 260012, 260060, 260098, 260117, 260156, 260194, 260213]]
04/05/2022 16:10:40 PM - INFO - update trend: [-0.06668935751916649]
04/05/2022 16:10:40 PM - INFO - estimateQueueDelayDuration [-16.005445804599958] = queueDelayDelta [-0.26675743007666597] * numCount[1000]
04/05/2022 16:10:40 PM - INFO - [in this interval] signal is [Signal.NORMAL]
04/05/2022 16:10:40 PM - INFO - [in this interval] adaptiveThresholdGamma is [60.10402961920288]
04/05/2022 16:10:40 PM - INFO - [in this interval] state is [State.INCREASE]
04/05/2022 16:10:40 PM - INFO - [in this interval] now real rate is [0.44155823293172697]mbps
04/05/2022 16:10:40 PM - INFO - [in this interval] now real rtt is [3752]
04/05/2022 16:10:40 PM - INFO - [in this interval] aimd control rate is [1.082587907022655] mbps
04/05/2022 16:10:40 PM - INFO - [in this interval] delay-rate is [1.082587907022655] mbps
04/05/2022 16:10:40 PM - INFO - average delay [1687.5]
04/05/2022 16:10:40 PM - INFO - average delay [1686.0]
04/05/2022 16:10:40 PM - INFO - average delay [1677.0]
04/05/2022 16:10:40 PM - INFO - average delay [1693.3333333333333]
04/05/2022 16:10:40 PM - INFO - nowTs is [260748], lastTs is [260505]
04/05/2022 16:10:40 PM - INFO - [in this interval] loss-ratio is [0.3684210526315789]
04/05/2022 16:10:40 PM - INFO - [in this interval] group num is [9]
04/05/2022 16:10:40 PM - INFO - [in this interval] delayDelta from group is [[-4, -13, 5, 1, 17, 16, 1, 3]]
04/05/2022 16:10:40 PM - INFO - sample List of accDelay : [[-8448.935616096212, -8452.04205448659, -8455.337849037931, -8457.004064134137, -8458.303657720722, -8458.17329194865, -8457.755962753785, -8457.980366478407, -8458.282329830567, -8458.25409684751, -8458.828687162759, -8460.945818446482, -8463.251236601835, -8466.62611294165, -8469.163501647487, -8471.347151482738, -8471.612436334464, -8470.251192701018, -8468.926073430917, -8467.433466087827]]
04/05/2022 16:10:40 PM - INFO - sample List of time: [[259818, 259832, 259881, 259906, 259959, 260012, 260060, 260098, 260117, 260156, 260194, 260213, 260254, 260275, 260297, 260317, 260338, 260400, 260441, 260457]]
04/05/2022 16:10:40 PM - INFO - update trend: [-0.03005682567880618]
04/05/2022 16:10:40 PM - INFO - estimateQueueDelayDuration [-7.213638162913483] = queueDelayDelta [-0.12022730271522472] * numCount[1000]
04/05/2022 16:10:40 PM - INFO - [in this interval] signal is [Signal.NORMAL]
04/05/2022 16:10:40 PM - INFO - [in this interval] adaptiveThresholdGamma is [59.15200257298967]
04/05/2022 16:10:40 PM - INFO - [in this interval] state is [State.INCREASE]
04/05/2022 16:10:40 PM - INFO - [in this interval] now real rate is [0.4447280163599182]mbps
04/05/2022 16:10:40 PM - INFO - [in this interval] now real rtt is [3838]
04/05/2022 16:10:40 PM - INFO - [in this interval] aimd control rate is [1.0870986899685826] mbps
04/05/2022 16:10:40 PM - INFO - [in this interval] delay-rate is [1.0870986899685826] mbps
04/05/2022 16:10:40 PM - INFO - average delay [1712.0]
04/05/2022 16:10:40 PM - INFO - average delay [1710.0]
04/05/2022 16:10:40 PM - INFO - average delay [1734.5]
04/05/2022 16:10:40 PM - INFO - average delay [1748.0]
04/05/2022 16:10:40 PM - INFO - nowTs is [260986], lastTs is [260748]
04/05/2022 16:10:40 PM - INFO - [in this interval] loss-ratio is [0.2631578947368421]
04/05/2022 16:10:40 PM - INFO - [in this interval] group num is [9]
04/05/2022 16:10:40 PM - INFO - [in this interval] delayDelta from group is [[1, 20, 6, 10, -3, 18, 14, -23]]
04/05/2022 16:10:40 PM - INFO - sample List of accDelay : [[-8458.282329830567, -8458.25409684751, -8458.828687162759, -8460.945818446482, -8463.251236601835, -8466.62611294165, -8469.163501647487, -8471.347151482738, -8471.612436334464, -8470.251192701018, -8468.926073430917, -8467.433466087827, -8465.990119479044, -8462.69110753114, -8459.121996778027, -8454.909797100225, -8451.418817390202, -8446.476935651182, -8440.629242086065, -8437.666317877458]]
04/05/2022 16:10:40 PM - INFO - sample List of time: [[260117, 260156, 260194, 260213, 260254, 260275, 260297, 260317, 260338, 260400, 260441, 260457, 260510, 260526, 260561, 260577, 260612, 260629, 260662, 260696]]
04/05/2022 16:10:40 PM - INFO - update trend: [0.030552064755647878]
04/05/2022 16:10:40 PM - INFO - estimateQueueDelayDuration [7.332495541355491] = queueDelayDelta [0.12220825902259151] * numCount[1000]
04/05/2022 16:10:40 PM - INFO - [in this interval] signal is [Signal.NORMAL]
04/05/2022 16:10:40 PM - INFO - [in this interval] adaptiveThresholdGamma is [58.21925144642026]
04/05/2022 16:10:40 PM - INFO - [in this interval] state is [State.INCREASE]
04/05/2022 16:10:40 PM - INFO - [in this interval] now real rate is [0.478128]mbps
04/05/2022 16:10:40 PM - INFO - [in this interval] now real rtt is [3914]
04/05/2022 16:10:40 PM - INFO - [in this interval] aimd control rate is [1.091628267843452] mbps
04/05/2022 16:10:40 PM - INFO - [in this interval] delay-rate is [1.091628267843452] mbps
04/05/2022 16:10:40 PM - INFO - average delay [1768.0]
04/05/2022 16:10:40 PM - INFO - average delay [1775.25]
04/05/2022 16:10:40 PM - INFO - average delay [1780.25]
04/05/2022 16:10:40 PM - INFO - average delay [1776.25]
04/05/2022 16:10:40 PM - INFO - nowTs is [261231], lastTs is [260986]
04/05/2022 16:10:40 PM - INFO - [in this interval] loss-ratio is [0.06666666666666667]
04/05/2022 16:10:40 PM - INFO - [in this interval] group num is [9]
04/05/2022 16:10:40 PM - INFO - [in this interval] delayDelta from group is [[7, 8, 3, 1, -11, 2, 4, -11]]
04/05/2022 16:10:40 PM - INFO - sample List of accDelay : [[-8471.612436334464, -8470.251192701018, -8468.926073430917, -8467.433466087827, -8465.990119479044, -8462.69110753114, -8459.121996778027, -8454.909797100225, -8451.418817390202, -8446.476935651182, -8440.629242086065, -8437.666317877458, -8434.299686089713, -8430.469717480742, -8426.722745732668, -8423.250471159401, -8421.225424043461, -8419.202881639116, -8416.982593475204, -8416.084334127683]]
04/05/2022 16:10:40 PM - INFO - sample List of time: [[260338, 260400, 260441, 260457, 260510, 260526, 260561, 260577, 260612, 260629, 260662, 260696, 260730, 260747, 260780, 260813, 260849, 260868, 260905, 260939]]
04/05/2022 16:10:40 PM - INFO - update trend: [0.11179460142532985]
04/05/2022 16:10:40 PM - INFO - estimateQueueDelayDuration [26.830704342079162] = queueDelayDelta [0.4471784057013194] * numCount[1000]
04/05/2022 16:10:40 PM - INFO - [in this interval] signal is [Signal.NORMAL]
04/05/2022 16:10:40 PM - INFO - [in this interval] adaptiveThresholdGamma is [57.65425759854212]
04/05/2022 16:10:40 PM - INFO - [in this interval] state is [State.INCREASE]
04/05/2022 16:10:40 PM - INFO - [in this interval] now real rate is [0.496712215320911]mbps
04/05/2022 16:10:40 PM - INFO - [in this interval] now real rtt is [3944]
04/05/2022 16:10:40 PM - INFO - [in this interval] aimd control rate is [1.096176718959466] mbps
04/05/2022 16:10:40 PM - INFO - [in this interval] delay-rate is [1.096176718959466] mbps
04/05/2022 16:10:40 PM - INFO - average delay [1776.75]
04/05/2022 16:10:40 PM - INFO - average delay [1796.0]
04/05/2022 16:10:40 PM - INFO - average delay [1789.5]
04/05/2022 16:10:40 PM - INFO - average delay [1780.6]
04/05/2022 16:10:40 PM - INFO - nowTs is [261475], lastTs is [261231]
04/05/2022 16:10:40 PM - INFO - [in this interval] loss-ratio is [0.1111111111111111]
04/05/2022 16:10:40 PM - INFO - [in this interval] group num is [8]
04/05/2022 16:10:40 PM - INFO - [in this interval] delayDelta from group is [[-5, -8, -6, -1, -5, -6, 0]]
04/05/2022 16:10:40 PM - INFO - sample List of accDelay : [[-8454.909797100225, -8451.418817390202, -8446.476935651182, -8440.629242086065, -8437.666317877458, -8434.299686089713, -8430.469717480742, -8426.722745732668, -8423.250471159401, -8421.225424043461, -8419.202881639116, -8416.982593475204, -8416.084334127683, -8415.775900714914, -8416.298310643422, -8417.36847957908, -8418.431631621172, -8419.888468459054, -8421.799621613149, -8423.519659451835]]
04/05/2022 16:10:40 PM - INFO - sample List of time: [[260577, 260612, 260629, 260662, 260696, 260730, 260747, 260780, 260813, 260849, 260868, 260905, 260939, 261008, 261023, 261055, 261084, 261113, 261143, 261172]]
04/05/2022 16:10:40 PM - INFO - update trend: [0.054172587672957004]
04/05/2022 16:10:40 PM - INFO - estimateQueueDelayDuration [13.001421041509682] = queueDelayDelta [0.21669035069182802] * numCount[1001]
04/05/2022 16:10:40 PM - INFO - [in this interval] signal is [Signal.NORMAL]
04/05/2022 16:10:40 PM - INFO - [in this interval] adaptiveThresholdGamma is [56.85050654051553]
04/05/2022 16:10:40 PM - INFO - [in this interval] state is [State.INCREASE]
04/05/2022 16:10:40 PM - INFO - [in this interval] now real rate is [0.4728834355828221]mbps
04/05/2022 16:10:40 PM - INFO - [in this interval] now real rtt is [3952]
04/05/2022 16:10:40 PM - INFO - [in this interval] aimd control rate is [1.1007441219551304] mbps
04/05/2022 16:10:40 PM - INFO - [in this interval] delay-rate is [1.1007441219551304] mbps
04/05/2022 16:10:40 PM - INFO - average delay [1773.4]
04/05/2022 16:10:40 PM - INFO - average delay [1763.0]
04/05/2022 16:10:40 PM - INFO - average delay [1769.75]
04/05/2022 16:10:40 PM - INFO - average delay [1774.0]
04/05/2022 16:10:40 PM - INFO - nowTs is [261704], lastTs is [261475]
04/05/2022 16:10:40 PM - INFO - [in this interval] loss-ratio is [0.0]
04/05/2022 16:10:40 PM - INFO - [in this interval] group num is [7]
04/05/2022 16:10:40 PM - INFO - [in this interval] delayDelta from group is [[1, 6, 3, 1, 6, -12]]
04/05/2022 16:10:40 PM - INFO - sample List of accDelay : [[-8430.469717480742, -8426.722745732668, -8423.250471159401, -8421.225424043461, -8419.202881639116, -8416.982593475204, -8416.084334127683, -8415.775900714914, -8416.298310643422, -8417.36847957908, -8418.431631621172, -8419.888468459054, -8421.799621613149, -8423.519659451835, -8424.96769350665, -8425.670924155986, -8426.003831740387, -8426.203448566348, -8425.783103709713, -8426.604793338742]]
04/05/2022 16:10:40 PM - INFO - sample List of time: [[260747, 260780, 260813, 260849, 260868, 260905, 260939, 261008, 261023, 261055, 261084, 261113, 261143, 261172, 261231, 261267, 261303, 261341, 261377, 261413]]
04/05/2022 16:10:40 PM - INFO - update trend: [-0.005687124651030784]
04/05/2022 16:10:40 PM - INFO - estimateQueueDelayDuration [-1.364909916247388] = queueDelayDelta [-0.022748498604123136] * numCount[1001]
04/05/2022 16:10:40 PM - INFO - [in this interval] signal is [Signal.NORMAL]
04/05/2022 16:10:40 PM - INFO - [in this interval] adaptiveThresholdGamma is [55.8517658012787]
04/05/2022 16:10:40 PM - INFO - [in this interval] state is [State.INCREASE]
04/05/2022 16:10:40 PM - INFO - [in this interval] now real rate is [0.4370243902439024]mbps
04/05/2022 16:10:40 PM - INFO - [in this interval] now real rtt is [3950]
04/05/2022 16:10:40 PM - INFO - [in this interval] aimd control rate is [1.1053305557966102] mbps
04/05/2022 16:10:40 PM - INFO - [in this interval] delay-rate is [1.1053305557966102] mbps
04/05/2022 16:10:40 PM - INFO - average delay [1779.25]
04/05/2022 16:10:40 PM - INFO - average delay [1775.5]
04/05/2022 16:10:40 PM - INFO - average delay [1768.75]
04/05/2022 16:10:40 PM - INFO - average delay [1764.5]
04/05/2022 16:10:40 PM - INFO - nowTs is [261929], lastTs is [261704]
04/05/2022 16:10:40 PM - INFO - [in this interval] loss-ratio is [0.0]
04/05/2022 16:10:40 PM - INFO - [in this interval] group num is [8]
04/05/2022 16:10:40 PM - INFO - [in this interval] delayDelta from group is [[-6, 0, -6, -3, 1, -3, -3]]
04/05/2022 16:10:40 PM - INFO - sample List of accDelay : [[-8415.775900714914, -8416.298310643422, -8417.36847957908, -8418.431631621172, -8419.888468459054, -8421.799621613149, -8423.519659451835, -8424.96769350665, -8425.670924155986, -8426.003831740387, -8426.203448566348, -8425.783103709713, -8426.604793338742, -8427.944314004868, -8429.14988260438, -8430.834894343943, -8432.65140490955, -8434.186264418595, -8435.867637976735, -8437.680874179061]]
04/05/2022 16:10:40 PM - INFO - sample List of time: [[261008, 261023, 261055, 261084, 261113, 261143, 261172, 261231, 261267, 261303, 261341, 261377, 261413, 261446, 261475, 261505, 261534, 261566, 261597, 261629]]
04/05/2022 16:10:40 PM - INFO - update trend: [-0.03074039167757216]
04/05/2022 16:10:40 PM - INFO - estimateQueueDelayDuration [-7.377694002617319] = queueDelayDelta [-0.12296156671028864] * numCount[1000]
04/05/2022 16:10:40 PM - INFO - [in this interval] signal is [Signal.NORMAL]
04/05/2022 16:10:40 PM - INFO - [in this interval] adaptiveThresholdGamma is [54.9792325089028]
04/05/2022 16:10:40 PM - INFO - [in this interval] state is [State.INCREASE]
04/05/2022 16:10:40 PM - INFO - [in this interval] now real rate is [0.4482088353413654]mbps
04/05/2022 16:10:40 PM - INFO - [in this interval] now real rtt is [3930]
04/05/2022 16:10:40 PM - INFO - [in this interval] aimd control rate is [1.109936099779096] mbps
04/05/2022 16:10:40 PM - INFO - [in this interval] delay-rate is [1.109936099779096] mbps
04/05/2022 16:10:40 PM - INFO - average delay [1765.25]
04/05/2022 16:10:40 PM - INFO - average delay [1790.0]
04/05/2022 16:10:40 PM - INFO - average delay [1822.6666666666667]
04/05/2022 16:10:40 PM - INFO - nowTs is [262134], lastTs is [261929]
04/05/2022 16:10:40 PM - INFO - [in this interval] loss-ratio is [0.0]
04/05/2022 16:10:40 PM - INFO - [in this interval] group num is [4]
04/05/2022 16:10:40 PM - INFO - [in this interval] delayDelta from group is [[28, 46, 3]]
04/05/2022 16:10:40 PM - INFO - sample List of accDelay : [[-8418.431631621172, -8419.888468459054, -8421.799621613149, -8423.519659451835, -8424.96769350665, -8425.670924155986, -8426.003831740387, -8426.203448566348, -8425.783103709713, -8426.604793338742, -8427.944314004868, -8429.14988260438, -8430.834894343943, -8432.65140490955, -8434.186264418595, -8435.867637976735, -8437.680874179061, -8436.512786761155, -8430.86150808504, -8425.475357276537]]
04/05/2022 16:10:40 PM - INFO - sample List of time: [[261084, 261113, 261143, 261172, 261231, 261267, 261303, 261341, 261377, 261413, 261446, 261475, 261505, 261534, 261566, 261597, 261629, 261684, 261742, 261828]]
04/05/2022 16:10:40 PM - INFO - update trend: [-0.019445484148920417]
04/05/2022 16:10:40 PM - INFO - estimateQueueDelayDuration [-4.6669161957408996] = queueDelayDelta [-0.07778193659568167] * numCount[1001]
04/05/2022 16:10:40 PM - INFO - [in this interval] signal is [Signal.NORMAL]
04/05/2022 16:10:40 PM - INFO - [in this interval] adaptiveThresholdGamma is [54.07361081526588]
04/05/2022 16:10:40 PM - INFO - [in this interval] state is [State.INCREASE]
04/05/2022 16:10:40 PM - INFO - [in this interval] now real rate is [0.4151404958677686]mbps
04/05/2022 16:10:40 PM - INFO - [in this interval] now real rtt is [4130]
04/05/2022 16:10:40 PM - INFO - [in this interval] aimd control rate is [1.1145608335281756] mbps
04/05/2022 16:10:40 PM - INFO - [in this interval] delay-rate is [1.1145608335281756] mbps
04/05/2022 16:10:40 PM - INFO - average delay [1860.0]
04/05/2022 16:10:40 PM - INFO - average delay [1882.6666666666665]
04/05/2022 16:10:40 PM - INFO - average delay [1896.25]
04/05/2022 16:10:40 PM - INFO - average delay [1909.75]
04/05/2022 16:10:40 PM - INFO - nowTs is [262359], lastTs is [262134]
04/05/2022 16:10:40 PM - INFO - [in this interval] loss-ratio is [0.06666666666666667]
04/05/2022 16:10:40 PM - INFO - [in this interval] group num is [7]
04/05/2022 16:10:40 PM - INFO - [in this interval] delayDelta from group is [[13, 8, 12, -4, -6, 6]]
04/05/2022 16:10:40 PM - INFO - sample List of accDelay : [[-8426.003831740387, -8426.203448566348, -8425.783103709713, -8426.604793338742, -8427.944314004868, -8429.14988260438, -8430.834894343943, -8432.65140490955, -8434.186264418595, -8435.867637976735, -8437.680874179061, -8436.512786761155, -8430.86150808504, -8425.475357276537, -8419.327821548883, -8412.995039393994, -8406.095535454595, -8400.285981909135, -8395.657383718222, -8390.8916453464]]
04/05/2022 16:10:40 PM - INFO - sample List of time: [[261303, 261341, 261377, 261413, 261446, 261475, 261505, 261534, 261566, 261597, 261629, 261684, 261742, 261828, 261892, 261925, 261973, 262020, 262036, 262070]]
04/05/2022 16:10:40 PM - INFO - update trend: [0.04141879971708502]
04/05/2022 16:10:40 PM - INFO - estimateQueueDelayDuration [9.940511932100405] = queueDelayDelta [0.1656751988683401] * numCount[1001]
04/05/2022 16:10:40 PM - INFO - [in this interval] signal is [Signal.NORMAL]
04/05/2022 16:10:40 PM - INFO - [in this interval] adaptiveThresholdGamma is [53.2792150353689]
04/05/2022 16:10:40 PM - INFO - [in this interval] state is [State.INCREASE]
04/05/2022 16:10:40 PM - INFO - [in this interval] now real rate is [0.44130879345603274]mbps
04/05/2022 16:10:40 PM - INFO - [in this interval] now real rtt is [4230]
04/05/2022 16:10:40 PM - INFO - [in this interval] aimd control rate is [1.1192048370012095] mbps
04/05/2022 16:10:40 PM - INFO - [in this interval] delay-rate is [1.1192048370012095] mbps
04/05/2022 16:10:40 PM - INFO - average delay [1909.0]
04/05/2022 16:10:40 PM - INFO - average delay [1919.25]
04/05/2022 16:10:40 PM - INFO - average delay [1906.0]
04/05/2022 16:10:40 PM - INFO - average delay [1880.0]
04/05/2022 16:10:40 PM - INFO - nowTs is [262614], lastTs is [262359]
04/05/2022 16:10:40 PM - INFO - [in this interval] loss-ratio is [0.2608695652173913]
04/05/2022 16:10:40 PM - INFO - [in this interval] group num is [13]
04/05/2022 16:10:40 PM - INFO - [in this interval] delayDelta from group is [[5, -13, -5, -8, -18, -2, -7, -18, -15, 3, -7, -18]]
04/05/2022 16:10:40 PM - INFO - sample List of accDelay : [[-8430.86150808504, -8425.475357276537, -8419.327821548883, -8412.995039393994, -8406.095535454595, -8400.285981909135, -8395.657383718222, -8390.8916453464, -8386.10248081176, -8383.092232730583, -8380.883009457526, -8379.694708511774, -8380.425237660596, -8381.282713894538, -8382.754442505084, -8385.878998254575, -8390.191098429117, -8393.771988586206, -8397.694789727586, -8403.025310754827]]
04/05/2022 16:10:40 PM - INFO - sample List of time: [[261742, 261828, 261892, 261925, 261973, 262020, 262036, 262070, 262119, 262154, 262171, 262206, 262223, 262240, 262253, 262266, 262278, 262303, 262316, 262329]]
04/05/2022 16:10:40 PM - INFO - update trend: [0.07090943446312503]
04/05/2022 16:10:40 PM - INFO - estimateQueueDelayDuration [17.01826427115001] = queueDelayDelta [0.2836377378525001] * numCount[1001]
04/05/2022 16:10:40 PM - INFO - [in this interval] signal is [Signal.NORMAL]
04/05/2022 16:10:40 PM - INFO - [in this interval] adaptiveThresholdGamma is [52.62651792161296]
04/05/2022 16:10:40 PM - INFO - [in this interval] state is [State.INCREASE]
04/05/2022 16:10:40 PM - INFO - [in this interval] now real rate is [0.5751307847082495]mbps
04/05/2022 16:10:40 PM - INFO - [in this interval] now real rtt is [4040]
04/05/2022 16:10:40 PM - INFO - [in this interval] aimd control rate is [1.1238681904887147] mbps
04/05/2022 16:10:40 PM - INFO - [in this interval] delay-rate is [1.1238681904887147] mbps
04/05/2022 16:10:40 PM - INFO - average delay [1836.0]
04/05/2022 16:10:40 PM - INFO - average delay [1818.25]
04/05/2022 16:10:40 PM - INFO - average delay [1804.0]
04/05/2022 16:10:40 PM - INFO - average delay [1830.5]
04/05/2022 16:10:40 PM - INFO - average delay [1844.0]
04/05/2022 16:10:40 PM - INFO - nowTs is [262889], lastTs is [262614]
04/05/2022 16:10:40 PM - INFO - [in this interval] loss-ratio is [0.2777777777777778]
04/05/2022 16:10:40 PM - INFO - [in this interval] group num is [9]
04/05/2022 16:10:40 PM - INFO - [in this interval] delayDelta from group is [[-10, -2, -3, -10, 27, 27, 17, 16]]
04/05/2022 16:10:40 PM - INFO - sample List of accDelay : [[-8386.10248081176, -8383.092232730583, -8380.883009457526, -8379.694708511774, -8380.425237660596, -8381.282713894538, -8382.754442505084, -8385.878998254575, -8390.191098429117, -8393.771988586206, -8397.694789727586, -8403.025310754827, -8408.822779679344, -8414.240501711409, -8419.416451540268, -8425.074806386241, -8427.467325747617, -8426.920593172856, -8424.72853385557, -8421.155680470014]]
04/05/2022 16:10:40 PM - INFO - sample List of time: [[262119, 262154, 262171, 262206, 262223, 262240, 262253, 262266, 262278, 262303, 262316, 262329, 262354, 262379, 262392, 262404, 262429, 262491, 262553, 262585]]
04/05/2022 16:10:40 PM - INFO - update trend: [-0.12933190936000705]
04/05/2022 16:10:40 PM - INFO - estimateQueueDelayDuration [-31.039658246401693] = queueDelayDelta [-0.5173276374400282] * numCount[1001]
04/05/2022 16:10:40 PM - INFO - [in this interval] signal is [Signal.NORMAL]
04/05/2022 16:10:40 PM - INFO - [in this interval] adaptiveThresholdGamma is [52.23795444745915]
04/05/2022 16:10:40 PM - INFO - [in this interval] state is [State.INCREASE]
04/05/2022 16:10:40 PM - INFO - [in this interval] now real rate is [0.5149617706237425]mbps
04/05/2022 16:10:40 PM - INFO - [in this interval] now real rtt is [4180]
04/05/2022 16:10:40 PM - INFO - [in this interval] aimd control rate is [1.1285509746157512] mbps
04/05/2022 16:10:40 PM - INFO - [in this interval] delay-rate is [1.1285509746157512] mbps
04/05/2022 16:10:40 PM - INFO - average delay [1882.0]
04/05/2022 16:10:40 PM - INFO - average delay [1896.6666666666665]
04/05/2022 16:10:40 PM - INFO - average delay [1892.0]
04/05/2022 16:10:40 PM - INFO - average delay [1897.6666666666665]
04/05/2022 16:10:40 PM - INFO - nowTs is [263129], lastTs is [262889]
04/05/2022 16:10:40 PM - INFO - [in this interval] loss-ratio is [0.21428571428571427]
04/05/2022 16:10:40 PM - INFO - [in this interval] group num is [7]
04/05/2022 16:10:40 PM - INFO - [in this interval] delayDelta from group is [[-10, 5, 6, -10, 10, -1]]
04/05/2022 16:10:40 PM - INFO - sample List of accDelay : [[-8382.754442505084, -8385.878998254575, -8390.191098429117, -8393.771988586206, -8397.694789727586, -8403.025310754827, -8408.822779679344, -8414.240501711409, -8419.416451540268, -8425.074806386241, -8427.467325747617, -8426.920593172856, -8424.72853385557, -8421.155680470014, -8418.940112423013, -8416.446101180713, -8413.601491062642, -8412.041341956377, -8409.63720776074, -8407.573486984666]]
04/05/2022 16:10:40 PM - INFO - sample List of time: [[262253, 262266, 262278, 262303, 262316, 262329, 262354, 262379, 262392, 262404, 262429, 262491, 262553, 262585, 262666, 262686, 262726, 262767, 262787, 262827]]
04/05/2022 16:10:40 PM - INFO - update trend: [-0.0339079245627487]
04/05/2022 16:10:40 PM - INFO - estimateQueueDelayDuration [-8.137901895059688] = queueDelayDelta [-0.1356316982509948] * numCount[1001]
04/05/2022 16:10:40 PM - INFO - [in this interval] signal is [Signal.NORMAL]
04/05/2022 16:10:40 PM - INFO - [in this interval] adaptiveThresholdGamma is [51.44415350151596]
04/05/2022 16:10:40 PM - INFO - [in this interval] state is [State.INCREASE]
04/05/2022 16:10:40 PM - INFO - [in this interval] now real rate is [0.40420449897750516]mbps
04/05/2022 16:10:40 PM - INFO - [in this interval] now real rtt is [4210]
04/05/2022 16:10:40 PM - INFO - [in this interval] aimd control rate is [1.1332532703433167] mbps
04/05/2022 16:10:40 PM - INFO - [in this interval] delay-rate is [1.1332532703433167] mbps
04/05/2022 16:10:40 PM - INFO - average delay [1900.6666666666665]
04/05/2022 16:10:40 PM - INFO - average delay [1932.0]
04/05/2022 16:10:40 PM - INFO - average delay [1945.0]
04/05/2022 16:10:40 PM - INFO - average delay [1957.3333333333335]
04/05/2022 16:10:40 PM - INFO - nowTs is [263387], lastTs is [263129]
04/05/2022 16:10:40 PM - INFO - [in this interval] loss-ratio is [0.3125]
04/05/2022 16:10:40 PM - INFO - [in this interval] group num is [8]
04/05/2022 16:10:40 PM - INFO - [in this interval] delayDelta from group is [[16, 3, 18, 8, -11, 5, -10]]
04/05/2022 16:10:40 PM - INFO - sample List of accDelay : [[-8414.240501711409, -8419.416451540268, -8425.074806386241, -8427.467325747617, -8426.920593172856, -8424.72853385557, -8421.155680470014, -8418.940112423013, -8416.446101180713, -8413.601491062642, -8412.041341956377, -8409.63720776074, -8407.573486984666, -8404.1161382862, -8400.704524457578, -8395.834072011821, -8390.650664810639, -8387.085598329575, -8383.377038496617, -8381.039334646955]]
04/05/2022 16:10:40 PM - INFO - sample List of time: [[262379, 262392, 262404, 262429, 262491, 262553, 262585, 262666, 262686, 262726, 262767, 262787, 262827, 262885, 262941, 262969, 263027, 263070, 263084, 263099]]
04/05/2022 16:10:40 PM - INFO - update trend: [0.055403064411881205]
04/05/2022 16:10:40 PM - INFO - estimateQueueDelayDuration [13.296735458851488] = queueDelayDelta [0.22161225764752482] * numCount[1000]
04/05/2022 16:10:40 PM - INFO - [in this interval] signal is [Signal.NORMAL]
04/05/2022 16:10:40 PM - INFO - [in this interval] adaptiveThresholdGamma is [50.757499976748]
04/05/2022 16:10:40 PM - INFO - [in this interval] state is [State.INCREASE]
04/05/2022 16:10:40 PM - INFO - [in this interval] now real rate is [0.3933654618473896]mbps
04/05/2022 16:10:40 PM - INFO - [in this interval] now real rtt is [4316]
04/05/2022 16:10:40 PM - INFO - [in this interval] aimd control rate is [1.137975158969747] mbps
04/05/2022 16:10:40 PM - INFO - [in this interval] delay-rate is [1.137975158969747] mbps
04/05/2022 16:10:40 PM - INFO - average delay [1965.4]
04/05/2022 16:10:40 PM - INFO - average delay [1952.5]
04/05/2022 16:10:40 PM - INFO - average delay [1928.4]
04/05/2022 16:10:40 PM - INFO - average delay [1899.5]
04/05/2022 16:10:40 PM - INFO - nowTs is [263627], lastTs is [263387]
04/05/2022 16:10:40 PM - INFO - [in this interval] loss-ratio is [0.23809523809523808]
04/05/2022 16:10:40 PM - INFO - [in this interval] group num is [12]
04/05/2022 16:10:40 PM - INFO - [in this interval] delayDelta from group is [[-15, -9, 5, -11, -15, -4, -15, -9, -8, -9, -14]]
04/05/2022 16:10:40 PM - INFO - sample List of accDelay : [[-8409.63720776074, -8407.573486984666, -8404.1161382862, -8400.704524457578, -8395.834072011821, -8390.650664810639, -8387.085598329575, -8383.377038496617, -8381.039334646955, -8380.43540118226, -8380.791861064034, -8380.61267495763, -8381.551407461868, -8383.896266715681, -8386.406640044113, -8390.165976039701, -8394.449378435731, -8399.104440592158, -8404.193996532942, -8410.174596879648]]
04/05/2022 16:10:40 PM - INFO - sample List of time: [[262787, 262827, 262885, 262941, 262969, 263027, 263070, 263084, 263099, 263128, 263143, 263154, 263169, 263198, 263213, 263244, 263259, 263290, 263307, 263338]]
04/05/2022 16:10:40 PM - INFO - update trend: [0.01910151553202176]
04/05/2022 16:10:40 PM - INFO - estimateQueueDelayDuration [4.584363727685222] = queueDelayDelta [0.07640606212808704] * numCount[1001]
04/05/2022 16:10:40 PM - INFO - [in this interval] signal is [Signal.NORMAL]
04/05/2022 16:10:40 PM - INFO - [in this interval] adaptiveThresholdGamma is [49.92638352426487]
04/05/2022 16:10:40 PM - INFO - [in this interval] state is [State.INCREASE]
04/05/2022 16:10:40 PM - INFO - [in this interval] now real rate is [0.4877911646586346]mbps
04/05/2022 16:10:40 PM - INFO - [in this interval] now real rtt is [4126]
04/05/2022 16:10:40 PM - INFO - [in this interval] aimd control rate is [1.142716722132121] mbps
04/05/2022 16:10:40 PM - INFO - [in this interval] delay-rate is [1.142716722132121] mbps
04/05/2022 16:10:40 PM - INFO - average delay [1873.0]
04/05/2022 16:10:40 PM - INFO - average delay [1862.6666666666665]
04/05/2022 16:10:40 PM - INFO - average delay [1860.5]
04/05/2022 16:10:40 PM - INFO - average delay [1880.5]
04/05/2022 16:10:40 PM - INFO - average delay [1870.0]
04/05/2022 16:10:40 PM - INFO - nowTs is [263912], lastTs is [263627]
04/05/2022 16:10:40 PM - INFO - [in this interval] loss-ratio is [0.4117647058823529]
04/05/2022 16:10:40 PM - INFO - [in this interval] group num is [9]
04/05/2022 16:10:40 PM - INFO - [in this interval] delayDelta from group is [[-9, -1, 0, 28, -23, 2, 10, 2]]
04/05/2022 16:10:40 PM - INFO - sample List of accDelay : [[-8381.039334646955, -8380.43540118226, -8380.791861064034, -8380.61267495763, -8381.551407461868, -8383.896266715681, -8386.406640044113, -8390.165976039701, -8394.449378435731, -8399.104440592158, -8404.193996532942, -8410.174596879648, -8416.457137191683, -8422.211423472514, -8427.390281125263, -8429.251253012737, -8433.226127711463, -8436.603514940318, -8438.643163446286, -8440.278847101657]]
04/05/2022 16:10:40 PM - INFO - sample List of time: [[263099, 263128, 263143, 263154, 263169, 263198, 263213, 263244, 263259, 263290, 263307, 263338, 263370, 263386, 263425, 263445, 263488, 263525, 263562, 263602]]
04/05/2022 16:10:40 PM - INFO - update trend: [-0.14552760740142037]
04/05/2022 16:10:40 PM - INFO - estimateQueueDelayDuration [-34.92662577634089] = queueDelayDelta [-0.5821104296056815] * numCount[1001]
04/05/2022 16:10:40 PM - INFO - [in this interval] signal is [Signal.NORMAL]
04/05/2022 16:10:40 PM - INFO - [in this interval] adaptiveThresholdGamma is [49.65638788480224]
04/05/2022 16:10:40 PM - INFO - [in this interval] state is [State.INCREASE]
04/05/2022 16:10:40 PM - INFO - [in this interval] now real rate is [0.4755645161290322]mbps
04/05/2022 16:10:40 PM - INFO - [in this interval] now real rtt is [4166]
04/05/2022 16:10:40 PM - INFO - [in this interval] aimd control rate is [1.1474780418076715] mbps
04/05/2022 16:10:40 PM - INFO - [in this interval] delay-rate is [1.1474780418076715] mbps
04/05/2022 16:10:40 PM - INFO - average delay [1882.0]
04/05/2022 16:10:40 PM - INFO - average delay [1874.0]
04/05/2022 16:10:40 PM - INFO - average delay [1886.0]
04/05/2022 16:10:40 PM - INFO - average delay [1898.0]
04/05/2022 16:10:40 PM - INFO - nowTs is [264163], lastTs is [263912]
04/05/2022 16:10:40 PM - INFO - [in this interval] loss-ratio is [0.14285714285714285]
04/05/2022 16:10:40 PM - INFO - [in this interval] group num is [8]
04/05/2022 16:10:40 PM - INFO - [in this interval] delayDelta from group is [[8, 16, -4, 16, -17, -13, -11]]
04/05/2022 16:10:40 PM - INFO - sample List of accDelay : [[-8390.165976039701, -8394.449378435731, -8399.104440592158, -8404.193996532942, -8410.174596879648, -8416.457137191683, -8422.211423472514, -8427.390281125263, -8429.251253012737, -8433.226127711463, -8436.603514940318, -8438.643163446286, -8440.278847101657, -8440.950962391493, -8439.955866152344, -8439.46027953711, -8437.4142515834, -8437.27282642506, -8438.445543782555, -8440.600989404298]]
04/05/2022 16:10:40 PM - INFO - sample List of time: [[263244, 263259, 263290, 263307, 263338, 263370, 263386, 263425, 263445, 263488, 263525, 263562, 263602, 263665, 263708, 263759, 263785, 263836, 263849, 263876]]
04/05/2022 16:10:40 PM - INFO - update trend: [-0.06895178206301514]
04/05/2022 16:10:40 PM - INFO - estimateQueueDelayDuration [-16.54842769512363] = queueDelayDelta [-0.27580712825206055] * numCount[1000]
04/05/2022 16:10:40 PM - INFO - [in this interval] signal is [Signal.NORMAL]
04/05/2022 16:10:40 PM - INFO - [in this interval] adaptiveThresholdGamma is [49.06044460138803]
04/05/2022 16:10:40 PM - INFO - [in this interval] state is [State.INCREASE]
04/05/2022 16:10:40 PM - INFO - [in this interval] now real rate is [0.434540206185567]mbps
04/05/2022 16:10:40 PM - INFO - [in this interval] now real rtt is [4138]
04/05/2022 16:10:40 PM - INFO - [in this interval] aimd control rate is [1.1522592003152035] mbps
04/05/2022 16:10:40 PM - INFO - [in this interval] delay-rate is [1.1522592003152035] mbps
04/05/2022 16:10:40 PM - INFO - average delay [1884.6]
04/05/2022 16:10:40 PM - INFO - average delay [1845.0]
04/05/2022 16:10:40 PM - INFO - average delay [1814.2]
04/05/2022 16:10:40 PM - INFO - average delay [1778.8]
04/05/2022 16:10:40 PM - INFO - nowTs is [264406], lastTs is [264163]
04/05/2022 16:10:40 PM - INFO - [in this interval] loss-ratio is [0.24]
04/05/2022 16:10:40 PM - INFO - [in this interval] group num is [10]
04/05/2022 16:10:40 PM - INFO - [in this interval] delayDelta from group is [[-9, -11, -13, -16, -8, -16, 3, 3, -12]]
04/05/2022 16:10:40 PM - INFO - sample List of accDelay : [[-8433.226127711463, -8436.603514940318, -8438.643163446286, -8440.278847101657, -8440.950962391493, -8439.955866152344, -8439.46027953711, -8437.4142515834, -8437.27282642506, -8438.445543782555, -8440.600989404298, -8443.44089046387, -8447.096801417481, -8451.687121275732, -8457.41840914816, -8463.376568233343, -8470.338911410008, -8476.305020269006, -8481.374518242106, -8487.137066417896]]
04/05/2022 16:10:40 PM - INFO - sample List of time: [[263488, 263525, 263562, 263602, 263665, 263708, 263759, 263785, 263836, 263849, 263876, 263917, 263943, 263957, 263984, 263998, 264025, 264039, 264087, 264110]]
04/05/2022 16:10:40 PM - INFO - update trend: [-0.07007916015909388]
04/05/2022 16:10:40 PM - INFO - estimateQueueDelayDuration [-16.818998438182533] = queueDelayDelta [-0.2803166406363755] * numCount[1001]
04/05/2022 16:10:40 PM - INFO - [in this interval] signal is [Signal.NORMAL]
04/05/2022 16:10:40 PM - INFO - [in this interval] adaptiveThresholdGamma is [48.48009857045033]
04/05/2022 16:10:40 PM - INFO - [in this interval] state is [State.INCREASE]
04/05/2022 16:10:40 PM - INFO - [in this interval] now real rate is [0.6525182186234817]mbps
04/05/2022 16:10:40 PM - INFO - [in this interval] now real rtt is [3954]
04/05/2022 16:10:40 PM - INFO - [in this interval] aimd control rate is [1.156100064316254] mbps
04/05/2022 16:10:40 PM - INFO - [in this interval] delay-rate is [1.156100064316254] mbps
04/05/2022 16:10:40 PM - INFO - average delay [1779.0]
04/05/2022 16:10:40 PM - INFO - average delay [1776.4]
04/05/2022 16:10:40 PM - INFO - average delay [1784.4]
04/05/2022 16:10:40 PM - INFO - average delay [1743.25]
04/05/2022 16:10:40 PM - INFO - average delay [1743.25]
